[UTIL]: Setting the config -c file to /usr/local/etc/flexric/flexric.conf
[UTIL]: Setting path -p for the shared libraries to /usr/local/lib/flexric/
[xAapp]: Initializing ... 
[xApp]: nearRT-RIC IP Address = 192.168.70.150, PORT = 36422
[E2 AGENT]: Opening plugin from path = /usr/local/lib/flexric/libkpm_sm.so 
[E2 AGENT]: Opening plugin from path = /usr/local/lib/flexric/libmac_sm.so 
[E2 AGENT]: Opening plugin from path = /usr/local/lib/flexric/libpdcp_sm.so 
[E2 AGENT]: Opening plugin from path = /usr/local/lib/flexric/libgtp_sm.so 
[E2 AGENT]: Opening plugin from path = /usr/local/lib/flexric/librc_sm.so 
[E2 AGENT]: Opening plugin from path = /usr/local/lib/flexric/libtc_sm.so 
[E2 AGENT]: Opening plugin from path = /usr/local/lib/flexric/librlc_sm.so 
[E2 AGENT]: Opening plugin from path = /usr/local/lib/flexric/libslice_sm.so 
[NEAR-RIC]: Loading SM ID = 2 with def = ORAN-E2SM-KPM 
[NEAR-RIC]: Loading SM ID = 142 with def = MAC_STATS_V0 
[NEAR-RIC]: Loading SM ID = 144 with def = PDCP_STATS_V0 
[NEAR-RIC]: Loading SM ID = 148 with def = GTP_STATS_V0 
[NEAR-RIC]: Loading SM ID = 3 with def = ORAN-E2SM-RC 
[NEAR-RIC]: Loading SM ID = 146 with def = TC_STATS_V0 
[NEAR-RIC]: Loading SM ID = 143 with def = RLC_STATS_V0 
[NEAR-RIC]: Loading SM ID = 145 with def = SLICE_STATS_V0 
[xApp]: DB filename = /tmp/flexric/xapp_db 
 [xApp]: E42 SETUP-REQUEST tx
[xApp]: E42 SETUP-RESPONSE rx 
[xApp]: xApp ID = 35 
[xApp]: Registered E2 Nodes = 4 
Connected E2 nodes = 4
[xAPP] Registered node 0 ran func id = 2 
[xAPP] Registered node 0 ran func id = 3 
[xAPP] Registered node 0 ran func id = 142 
[xAPP] Registered node 0 ran func id = 143 
[xAPP] Registered node 0 ran func id = 144 
[xAPP] Registered node 0 ran func id = 145 
[xAPP] Registered node 0 ran func id = 146 
[xAPP] Registered node 0 ran func id = 148 
[xAPP] CU or CUUP, don't do anything
[xAPP] Registered node 1 ran func id = 2 
[xAPP] Registered node 1 ran func id = 3 
[xAPP] Registered node 1 ran func id = 142 
[xAPP] Registered node 1 ran func id = 143 
[xAPP] Registered node 1 ran func id = 144 
[xAPP] Registered node 1 ran func id = 145 
[xAPP] Registered node 1 ran func id = 146 
[xAPP] Registered node 1 ran func id = 148 
[xAPP] Registered node 2 ran func id = 2 
[xAPP] Registered node 2 ran func id = 3 
[xAPP] Registered node 2 ran func id = 142 
[xAPP] Registered node 2 ran func id = 143 
[xAPP] Registered node 2 ran func id = 144 
[xAPP] Registered node 2 ran func id = 145 
[xAPP] Registered node 2 ran func id = 146 
[xAPP] Registered node 2 ran func id = 148 
[xApp] DU detected
[xApp]: E42 RIC SUBSCRIPTION REQUEST tx RAN_FUNC_ID 142 RIC_REQ_ID 1 
[xApp]: SUBSCRIPTION RESPONSE rx
[xApp]: Successfully subscribed to RAN_FUNC_ID 142 
[xAPP] Registered node 3 ran func id = 2 
[xAPP] Registered node 3 ran func id = 3 
[xAPP] Registered node 3 ran func id = 142 
[xAPP] Registered node 3 ran func id = 143 
[xAPP] Registered node 3 ran func id = 144 
[xAPP] Registered node 3 ran func id = 145 
[xAPP] Registered node 3 ran func id = 146 
[xAPP] Registered node 3 ran func id = 148 
[xApp] DU detected
[xApp]: E42 RIC SUBSCRIPTION REQUEST tx RAN_FUNC_ID 142 RIC_REQ_ID 2 
[xApp]: SUBSCRIPTION RESPONSE rx
[xApp]: Successfully subscribed to RAN_FUNC_ID 142 
[   12 ms] [UE 54141] UL: SNR = 63.50 dB | SE = 20.778 bit/s/Hz
[   12 ms] [UE 14002] UL: SNR = 53.50 dB | SE = 17.506 bit/s/Hz
[   12 ms] [UE 55839] UL: SNR = 56.50 dB | SE = 18.487 bit/s/Hz
[   12 ms] [UE 47098] UL: SNR = 51.50 dB | SE = 16.851 bit/s/Hz
[   12 ms] [UE 59499] UL: SNR = 53.50 dB | SE = 17.506 bit/s/Hz
[   12 ms] [UE 12524] UL: SNR = 56.50 dB | SE = 18.487 bit/s/Hz
[   15 ms] [UE 14608] UL: SNR = 63.50 dB | SE = 20.778 bit/s/Hz
[   15 ms] [UE 54487] UL: SNR = 63.50 dB | SE = 20.778 bit/s/Hz
[   15 ms] [UE 2959] UL: SNR = 34.00 dB | SE = 11.126 bit/s/Hz
[   15 ms] [UE 14350] UL: SNR = 63.50 dB | SE = 20.778 bit/s/Hz
[   15 ms] [UE 37624] UL: SNR = 63.50 dB | SE = 20.778 bit/s/Hz
[   15 ms] [UE 18432] UL: SNR = 63.50 dB | SE = 20.778 bit/s/Hz
[   15 ms] [UE 55143] UL: SNR = 63.50 dB | SE = 20.778 bit/s/Hz
[   15 ms] [UE 55862] UL: SNR = 63.50 dB | SE = 20.778 bit/s/Hz
[   15 ms] [UE 62817] UL: SNR = 52.00 dB | SE = 17.015 bit/s/Hz
[   15 ms] [UE 5257] UL: SNR = 63.50 dB | SE = 20.778 bit/s/Hz
[ 1013 ms] [UE 54141] UL: SNR = 63.50 dB | SE = 20.778 bit/s/Hz
[ 1013 ms] [UE 14002] UL: SNR = 53.50 dB | SE = 17.506 bit/s/Hz
[ 1013 ms] [UE 55839] UL: SNR = 56.50 dB | SE = 18.487 bit/s/Hz
[ 1013 ms] [UE 47098] UL: SNR = 51.50 dB | SE = 16.851 bit/s/Hz
[ 1013 ms] [UE 59499] UL: SNR = 53.50 dB | SE = 17.506 bit/s/Hz
[ 1013 ms] [UE 12524] UL: SNR = 56.50 dB | SE = 18.487 bit/s/Hz
[ 1015 ms] [UE 14608] UL: SNR = 63.50 dB | SE = 20.778 bit/s/Hz
[ 1015 ms] [UE 54487] UL: SNR = 63.50 dB | SE = 20.778 bit/s/Hz
[ 1015 ms] [UE 2959] UL: SNR = 34.00 dB | SE = 11.126 bit/s/Hz
[ 1015 ms] [UE 14350] UL: SNR = 63.50 dB | SE = 20.778 bit/s/Hz
[ 1015 ms] [UE 37624] UL: SNR = 63.50 dB | SE = 20.778 bit/s/Hz
[ 1015 ms] [UE 18432] UL: SNR = 63.50 dB | SE = 20.778 bit/s/Hz
[ 1015 ms] [UE 55143] UL: SNR = 63.50 dB | SE = 20.778 bit/s/Hz
[ 1015 ms] [UE 55862] UL: SNR = 63.50 dB | SE = 20.778 bit/s/Hz
[ 1015 ms] [UE 62817] UL: SNR = 52.00 dB | SE = 17.015 bit/s/Hz
[ 1015 ms] [UE 5257] UL: SNR = 63.50 dB | SE = 20.778 bit/s/Hz
[ 2014 ms] [UE 54141] UL: SNR = 63.50 dB | SE = 20.778 bit/s/Hz
[ 2014 ms] [UE 14002] UL: SNR = 53.50 dB | SE = 17.506 bit/s/Hz
[ 2014 ms] [UE 55839] UL: SNR = 56.50 dB | SE = 18.487 bit/s/Hz
[ 2014 ms] [UE 47098] UL: SNR = 51.50 dB | SE = 16.851 bit/s/Hz
[ 2014 ms] [UE 59499] UL: SNR = 53.50 dB | SE = 17.506 bit/s/Hz
[ 2014 ms] [UE 12524] UL: SNR = 56.50 dB | SE = 18.487 bit/s/Hz
[ 2025 ms] [UE 14608] UL: SNR = 63.50 dB | SE = 20.778 bit/s/Hz
[ 2025 ms] [UE 54487] UL: SNR = 63.50 dB | SE = 20.778 bit/s/Hz
[ 2025 ms] [UE 2959] UL: SNR = 34.00 dB | SE = 11.126 bit/s/Hz
[ 2025 ms] [UE 14350] UL: SNR = 63.50 dB | SE = 20.778 bit/s/Hz
[ 2025 ms] [UE 37624] UL: SNR = 63.50 dB | SE = 20.778 bit/s/Hz
[ 2025 ms] [UE 18432] UL: SNR = 63.50 dB | SE = 20.778 bit/s/Hz
[ 2025 ms] [UE 55143] UL: SNR = 63.50 dB | SE = 20.778 bit/s/Hz
[ 2025 ms] [UE 55862] UL: SNR = 63.50 dB | SE = 20.778 bit/s/Hz
[ 2025 ms] [UE 62817] UL: SNR = 52.00 dB | SE = 17.015 bit/s/Hz
[ 2025 ms] [UE 5257] UL: SNR = 63.50 dB | SE = 20.778 bit/s/Hz
[ 3014 ms] [UE 54141] UL: SNR = 63.50 dB | SE = 20.778 bit/s/Hz
[ 3014 ms] [UE 14002] UL: SNR = 63.50 dB | SE = 20.778 bit/s/Hz
[ 3014 ms] [UE 55839] UL: SNR = 59.50 dB | SE = 19.469 bit/s/Hz
[ 3014 ms] [UE 47098] UL: SNR = 51.50 dB | SE = 16.851 bit/s/Hz
[ 3014 ms] [UE 59499] UL: SNR = 53.50 dB | SE = 17.506 bit/s/Hz
[ 3014 ms] [UE 12524] UL: SNR = 56.50 dB | SE = 18.487 bit/s/Hz
[ 3035 ms] [UE 14608] UL: SNR = 63.50 dB | SE = 20.778 bit/s/Hz
[ 3035 ms] [UE 54487] UL: SNR = 63.50 dB | SE = 20.778 bit/s/Hz
[ 3035 ms] [UE 2959] UL: SNR = 34.00 dB | SE = 11.126 bit/s/Hz
[ 3035 ms] [UE 14350] UL: SNR = 63.50 dB | SE = 20.778 bit/s/Hz
[ 3035 ms] [UE 37624] UL: SNR = 63.50 dB | SE = 20.778 bit/s/Hz
[ 3035 ms] [UE 18432] UL: SNR = 63.50 dB | SE = 20.778 bit/s/Hz
[ 3035 ms] [UE 55143] UL: SNR = 63.50 dB | SE = 20.778 bit/s/Hz
[ 3035 ms] [UE 55862] UL: SNR = 63.50 dB | SE = 20.778 bit/s/Hz
[ 3035 ms] [UE 62817] UL: SNR = 52.00 dB | SE = 17.015 bit/s/Hz
[ 3035 ms] [UE 5257] UL: SNR = 63.50 dB | SE = 20.778 bit/s/Hz
[ 4025 ms] [UE 54141] UL: SNR = 63.50 dB | SE = 20.778 bit/s/Hz
[ 4025 ms] [UE 14002] UL: SNR = 63.50 dB | SE = 20.778 bit/s/Hz
[ 4025 ms] [UE 55839] UL: SNR = 59.50 dB | SE = 19.469 bit/s/Hz
[ 4025 ms] [UE 47098] UL: SNR = 55.50 dB | SE = 18.160 bit/s/Hz
[ 4025 ms] [UE 59499] UL: SNR = 53.50 dB | SE = 17.506 bit/s/Hz
[ 4025 ms] [UE 12524] UL: SNR = 56.50 dB | SE = 18.487 bit/s/Hz
[ 4035 ms] [UE 14608] UL: SNR = 63.50 dB | SE = 20.778 bit/s/Hz
[ 4035 ms] [UE 54487] UL: SNR = 63.50 dB | SE = 20.778 bit/s/Hz
[ 4035 ms] [UE 2959] UL: SNR = 34.00 dB | SE = 11.126 bit/s/Hz
[ 4035 ms] [UE 14350] UL: SNR = 63.50 dB | SE = 20.778 bit/s/Hz
[ 4035 ms] [UE 37624] UL: SNR = 63.50 dB | SE = 20.778 bit/s/Hz
[ 4035 ms] [UE 18432] UL: SNR = 63.50 dB | SE = 20.778 bit/s/Hz
[ 4035 ms] [UE 55143] UL: SNR = 63.50 dB | SE = 20.778 bit/s/Hz
[ 4035 ms] [UE 55862] UL: SNR = 63.50 dB | SE = 20.778 bit/s/Hz
[ 4035 ms] [UE 62817] UL: SNR = 52.00 dB | SE = 17.015 bit/s/Hz
[ 4035 ms] [UE 5257] UL: SNR = 63.50 dB | SE = 20.778 bit/s/Hz
[ 5035 ms] [UE 54141] UL: SNR = 63.50 dB | SE = 20.778 bit/s/Hz
[ 5035 ms] [UE 14002] UL: SNR = 53.00 dB | SE = 17.342 bit/s/Hz
[ 5035 ms] [UE 55839] UL: SNR = 56.00 dB | SE = 18.324 bit/s/Hz
[ 5035 ms] [UE 47098] UL: SNR = 51.00 dB | SE = 16.688 bit/s/Hz
[ 5035 ms] [UE 59499] UL: SNR = 53.50 dB | SE = 17.506 bit/s/Hz
[ 5035 ms] [UE 12524] UL: SNR = 56.50 dB | SE = 18.487 bit/s/Hz
[ 5035 ms] [UE 14608] UL: SNR = 63.50 dB | SE = 20.778 bit/s/Hz
[ 5035 ms] [UE 54487] UL: SNR = 63.50 dB | SE = 20.778 bit/s/Hz
[ 5035 ms] [UE 2959] UL: SNR = 34.00 dB | SE = 11.126 bit/s/Hz
[ 5035 ms] [UE 14350] UL: SNR = 63.50 dB | SE = 20.778 bit/s/Hz
[ 5035 ms] [UE 37624] UL: SNR = 63.50 dB | SE = 20.778 bit/s/Hz
[ 5035 ms] [UE 18432] UL: SNR = 63.50 dB | SE = 20.778 bit/s/Hz
[ 5035 ms] [UE 55143] UL: SNR = 63.50 dB | SE = 20.778 bit/s/Hz
[ 5035 ms] [UE 55862] UL: SNR = 63.50 dB | SE = 20.778 bit/s/Hz
[ 5035 ms] [UE 62817] UL: SNR = 52.00 dB | SE = 17.015 bit/s/Hz
[ 5035 ms] [UE 5257] UL: SNR = 63.50 dB | SE = 20.778 bit/s/Hz
[ 6042 ms] [UE 54141] UL: SNR = 63.50 dB | SE = 20.778 bit/s/Hz
[ 6042 ms] [UE 14002] UL: SNR = 53.00 dB | SE = 17.342 bit/s/Hz
[ 6042 ms] [UE 55839] UL: SNR = 56.00 dB | SE = 18.324 bit/s/Hz
[ 6042 ms] [UE 47098] UL: SNR = 51.00 dB | SE = 16.688 bit/s/Hz
[ 6042 ms] [UE 59499] UL: SNR = 53.50 dB | SE = 17.506 bit/s/Hz
[ 6042 ms] [UE 12524] UL: SNR = 56.50 dB | SE = 18.487 bit/s/Hz
[ 6044 ms] [UE 14608] UL: SNR = 63.50 dB | SE = 20.778 bit/s/Hz
[ 6044 ms] [UE 54487] UL: SNR = 63.50 dB | SE = 20.778 bit/s/Hz
[ 6044 ms] [UE 2959] UL: SNR = 34.00 dB | SE = 11.126 bit/s/Hz
[ 6044 ms] [UE 14350] UL: SNR = 63.50 dB | SE = 20.778 bit/s/Hz
[ 6044 ms] [UE 37624] UL: SNR = 63.50 dB | SE = 20.778 bit/s/Hz
[ 6044 ms] [UE 18432] UL: SNR = 63.50 dB | SE = 20.778 bit/s/Hz
[ 6044 ms] [UE 55143] UL: SNR = 63.50 dB | SE = 20.778 bit/s/Hz
[ 6044 ms] [UE 55862] UL: SNR = 63.50 dB | SE = 20.778 bit/s/Hz
[ 6044 ms] [UE 62817] UL: SNR = 52.00 dB | SE = 17.015 bit/s/Hz
[ 6044 ms] [UE 5257] UL: SNR = 63.50 dB | SE = 20.778 bit/s/Hz
[ 7043 ms] [UE 54141] UL: SNR = 63.50 dB | SE = 20.778 bit/s/Hz
[ 7043 ms] [UE 14002] UL: SNR = 53.00 dB | SE = 17.342 bit/s/Hz
[ 7043 ms] [UE 55839] UL: SNR = 56.00 dB | SE = 18.324 bit/s/Hz
[ 7043 ms] [UE 47098] UL: SNR = 51.00 dB | SE = 16.688 bit/s/Hz
[ 7043 ms] [UE 59499] UL: SNR = 53.50 dB | SE = 17.506 bit/s/Hz
[ 7043 ms] [UE 12524] UL: SNR = 56.50 dB | SE = 18.487 bit/s/Hz
[ 7045 ms] [UE 14608] UL: SNR = 63.50 dB | SE = 20.778 bit/s/Hz
[ 7045 ms] [UE 54487] UL: SNR = 63.50 dB | SE = 20.778 bit/s/Hz
[ 7045 ms] [UE 2959] UL: SNR = 34.00 dB | SE = 11.126 bit/s/Hz
[ 7045 ms] [UE 14350] UL: SNR = 63.50 dB | SE = 20.778 bit/s/Hz
[ 7045 ms] [UE 37624] UL: SNR = 63.50 dB | SE = 20.778 bit/s/Hz
[ 7045 ms] [UE 18432] UL: SNR = 63.50 dB | SE = 20.778 bit/s/Hz
[ 7045 ms] [UE 55143] UL: SNR = 63.50 dB | SE = 20.778 bit/s/Hz
[ 7045 ms] [UE 55862] UL: SNR = 63.50 dB | SE = 20.778 bit/s/Hz
[ 7045 ms] [UE 62817] UL: SNR = 52.00 dB | SE = 17.015 bit/s/Hz
[ 7045 ms] [UE 5257] UL: SNR = 63.50 dB | SE = 20.778 bit/s/Hz
[ 8043 ms] [UE 54141] UL: SNR = 63.50 dB | SE = 20.778 bit/s/Hz
[ 8043 ms] [UE 14002] UL: SNR = 53.00 dB | SE = 17.342 bit/s/Hz
[ 8043 ms] [UE 55839] UL: SNR = 56.00 dB | SE = 18.324 bit/s/Hz
[ 8043 ms] [UE 47098] UL: SNR = 51.00 dB | SE = 16.688 bit/s/Hz
[ 8043 ms] [UE 59499] UL: SNR = 53.50 dB | SE = 17.506 bit/s/Hz
[ 8043 ms] [UE 12524] UL: SNR = 56.50 dB | SE = 18.487 bit/s/Hz
[ 8055 ms] [UE 14608] UL: SNR = 63.50 dB | SE = 20.778 bit/s/Hz
[ 8055 ms] [UE 54487] UL: SNR = 63.50 dB | SE = 20.778 bit/s/Hz
[ 8055 ms] [UE 2959] UL: SNR = 34.00 dB | SE = 11.126 bit/s/Hz
[ 8055 ms] [UE 14350] UL: SNR = 63.50 dB | SE = 20.778 bit/s/Hz
[ 8055 ms] [UE 37624] UL: SNR = 63.50 dB | SE = 20.778 bit/s/Hz
[ 8055 ms] [UE 18432] UL: SNR = 63.50 dB | SE = 20.778 bit/s/Hz
[ 8055 ms] [UE 55143] UL: SNR = 63.50 dB | SE = 20.778 bit/s/Hz
[ 8055 ms] [UE 55862] UL: SNR = 63.50 dB | SE = 20.778 bit/s/Hz
[ 8055 ms] [UE 62817] UL: SNR = 52.00 dB | SE = 17.015 bit/s/Hz
[ 8055 ms] [UE 5257] UL: SNR = 63.50 dB | SE = 20.778 bit/s/Hz
[ 9053 ms] [UE 54141] UL: SNR = 63.50 dB | SE = 20.778 bit/s/Hz
[ 9053 ms] [UE 14002] UL: SNR = 53.00 dB | SE = 17.342 bit/s/Hz
[ 9053 ms] [UE 55839] UL: SNR = 56.00 dB | SE = 18.324 bit/s/Hz
[ 9053 ms] [UE 47098] UL: SNR = 51.00 dB | SE = 16.688 bit/s/Hz
[ 9053 ms] [UE 59499] UL: SNR = 53.50 dB | SE = 17.506 bit/s/Hz
[ 9053 ms] [UE 12524] UL: SNR = 56.50 dB | SE = 18.487 bit/s/Hz
[ 9065 ms] [UE 14608] UL: SNR = 63.50 dB | SE = 20.778 bit/s/Hz
[ 9065 ms] [UE 54487] UL: SNR = 63.50 dB | SE = 20.778 bit/s/Hz
[ 9065 ms] [UE 2959] UL: SNR = 34.00 dB | SE = 11.126 bit/s/Hz
[ 9065 ms] [UE 14350] UL: SNR = 63.50 dB | SE = 20.778 bit/s/Hz
[ 9065 ms] [UE 37624] UL: SNR = 63.50 dB | SE = 20.778 bit/s/Hz
[ 9065 ms] [UE 18432] UL: SNR = 63.50 dB | SE = 20.778 bit/s/Hz
[ 9065 ms] [UE 55143] UL: SNR = 63.50 dB | SE = 20.778 bit/s/Hz
[ 9065 ms] [UE 55862] UL: SNR = 63.50 dB | SE = 20.778 bit/s/Hz
[ 9065 ms] [UE 62817] UL: SNR = 52.00 dB | SE = 17.015 bit/s/Hz
[ 9065 ms] [UE 5257] UL: SNR = 63.50 dB | SE = 20.778 bit/s/Hz
[10053 ms] [UE 54141] UL: SNR = 63.50 dB | SE = 20.778 bit/s/Hz
[10053 ms] [UE 14002] UL: SNR = 59.00 dB | SE = 19.305 bit/s/Hz
[10053 ms] [UE 55839] UL: SNR = 60.00 dB | SE = 19.633 bit/s/Hz
[10053 ms] [UE 47098] UL: SNR = 51.00 dB | SE = 16.688 bit/s/Hz
[10053 ms] [UE 59499] UL: SNR = 53.50 dB | SE = 17.506 bit/s/Hz
[10053 ms] [UE 12524] UL: SNR = 56.50 dB | SE = 18.487 bit/s/Hz
[10075 ms] [UE 14608] UL: SNR = 63.50 dB | SE = 20.778 bit/s/Hz
[10075 ms] [UE 54487] UL: SNR = 63.50 dB | SE = 20.778 bit/s/Hz
[10075 ms] [UE 2959] UL: SNR = 34.00 dB | SE = 11.126 bit/s/Hz
[10075 ms] [UE 14350] UL: SNR = 63.50 dB | SE = 20.778 bit/s/Hz
[10075 ms] [UE 37624] UL: SNR = 63.50 dB | SE = 20.778 bit/s/Hz
[10075 ms] [UE 18432] UL: SNR = 63.50 dB | SE = 20.778 bit/s/Hz
[10075 ms] [UE 55143] UL: SNR = 63.50 dB | SE = 20.778 bit/s/Hz
[10075 ms] [UE 55862] UL: SNR = 63.50 dB | SE = 20.778 bit/s/Hz
[10075 ms] [UE 62817] UL: SNR = 52.00 dB | SE = 17.015 bit/s/Hz
[10075 ms] [UE 5257] UL: SNR = 63.50 dB | SE = 20.778 bit/s/Hz
[11053 ms] [UE 54141] UL: SNR = 63.50 dB | SE = 20.778 bit/s/Hz
[11053 ms] [UE 14002] UL: SNR = 59.00 dB | SE = 19.305 bit/s/Hz
[11053 ms] [UE 55839] UL: SNR = 60.00 dB | SE = 19.633 bit/s/Hz
[11053 ms] [UE 47098] UL: SNR = 55.50 dB | SE = 18.160 bit/s/Hz
[11053 ms] [UE 59499] UL: SNR = 53.50 dB | SE = 17.506 bit/s/Hz
[11053 ms] [UE 12524] UL: SNR = 56.50 dB | SE = 18.487 bit/s/Hz
[11085 ms] [UE 14608] UL: SNR = 63.50 dB | SE = 20.778 bit/s/Hz
[11085 ms] [UE 54487] UL: SNR = 63.50 dB | SE = 20.778 bit/s/Hz
[11085 ms] [UE 2959] UL: SNR = 34.00 dB | SE = 11.126 bit/s/Hz
[11085 ms] [UE 14350] UL: SNR = 63.50 dB | SE = 20.778 bit/s/Hz
[11085 ms] [UE 37624] UL: SNR = 63.50 dB | SE = 20.778 bit/s/Hz
[11085 ms] [UE 18432] UL: SNR = 63.50 dB | SE = 20.778 bit/s/Hz
[11085 ms] [UE 55143] UL: SNR = 63.50 dB | SE = 20.778 bit/s/Hz
[11085 ms] [UE 55862] UL: SNR = 63.50 dB | SE = 20.778 bit/s/Hz
[11085 ms] [UE 62817] UL: SNR = 52.00 dB | SE = 17.015 bit/s/Hz
[11085 ms] [UE 5257] UL: SNR = 63.50 dB | SE = 20.778 bit/s/Hz
[12063 ms] [UE 54141] UL: SNR = 63.50 dB | SE = 20.778 bit/s/Hz
[12063 ms] [UE 14002] UL: SNR = 53.50 dB | SE = 17.506 bit/s/Hz
[12063 ms] [UE 55839] UL: SNR = 56.50 dB | SE = 18.487 bit/s/Hz
[12063 ms] [UE 47098] UL: SNR = 51.50 dB | SE = 16.851 bit/s/Hz
[12063 ms] [UE 59499] UL: SNR = 53.50 dB | SE = 17.506 bit/s/Hz
[12063 ms] [UE 12524] UL: SNR = 56.50 dB | SE = 18.487 bit/s/Hz
[12095 ms] [UE 14608] UL: SNR = 63.50 dB | SE = 20.778 bit/s/Hz
[12095 ms] [UE 54487] UL: SNR = 63.50 dB | SE = 20.778 bit/s/Hz
[12095 ms] [UE 2959] UL: SNR = 34.00 dB | SE = 11.126 bit/s/Hz
[12095 ms] [UE 14350] UL: SNR = 63.50 dB | SE = 20.778 bit/s/Hz
[12095 ms] [UE 37624] UL: SNR = 63.50 dB | SE = 20.778 bit/s/Hz
[12095 ms] [UE 18432] UL: SNR = 63.50 dB | SE = 20.778 bit/s/Hz
[12095 ms] [UE 55143] UL: SNR = 63.50 dB | SE = 20.778 bit/s/Hz
[12095 ms] [UE 55862] UL: SNR = 63.50 dB | SE = 20.778 bit/s/Hz
[12095 ms] [UE 62817] UL: SNR = 52.00 dB | SE = 17.015 bit/s/Hz
[12095 ms] [UE 5257] UL: SNR = 63.50 dB | SE = 20.778 bit/s/Hz
[13073 ms] [UE 54141] UL: SNR = 63.50 dB | SE = 20.778 bit/s/Hz
[13073 ms] [UE 14002] UL: SNR = 53.50 dB | SE = 17.506 bit/s/Hz
[13073 ms] [UE 55839] UL: SNR = 56.50 dB | SE = 18.487 bit/s/Hz
[13073 ms] [UE 47098] UL: SNR = 51.50 dB | SE = 16.851 bit/s/Hz
[13073 ms] [UE 59499] UL: SNR = 53.50 dB | SE = 17.506 bit/s/Hz
[13073 ms] [UE 12524] UL: SNR = 56.50 dB | SE = 18.487 bit/s/Hz
[13095 ms] [UE 14608] UL: SNR = 63.50 dB | SE = 20.778 bit/s/Hz
[13095 ms] [UE 54487] UL: SNR = 63.50 dB | SE = 20.778 bit/s/Hz
[13095 ms] [UE 2959] UL: SNR = 34.00 dB | SE = 11.126 bit/s/Hz
[13095 ms] [UE 14350] UL: SNR = 63.50 dB | SE = 20.778 bit/s/Hz
[13095 ms] [UE 37624] UL: SNR = 63.50 dB | SE = 20.778 bit/s/Hz
[13095 ms] [UE 18432] UL: SNR = 63.50 dB | SE = 20.778 bit/s/Hz
[13095 ms] [UE 55143] UL: SNR = 63.50 dB | SE = 20.778 bit/s/Hz
[13095 ms] [UE 55862] UL: SNR = 63.50 dB | SE = 20.778 bit/s/Hz
[13095 ms] [UE 62817] UL: SNR = 52.00 dB | SE = 17.015 bit/s/Hz
[13095 ms] [UE 5257] UL: SNR = 63.50 dB | SE = 20.778 bit/s/Hz
[14073 ms] [UE 54141] UL: SNR = 63.50 dB | SE = 20.778 bit/s/Hz
[14073 ms] [UE 14002] UL: SNR = 53.50 dB | SE = 17.506 bit/s/Hz
[14073 ms] [UE 55839] UL: SNR = 56.50 dB | SE = 18.487 bit/s/Hz
[14073 ms] [UE 47098] UL: SNR = 51.50 dB | SE = 16.851 bit/s/Hz
[14073 ms] [UE 59499] UL: SNR = 53.50 dB | SE = 17.506 bit/s/Hz
[14073 ms] [UE 12524] UL: SNR = 56.50 dB | SE = 18.487 bit/s/Hz
[14106 ms] [UE 14608] UL: SNR = 63.50 dB | SE = 20.778 bit/s/Hz
[14106 ms] [UE 54487] UL: SNR = 63.50 dB | SE = 20.778 bit/s/Hz
[14106 ms] [UE 2959] UL: SNR = 34.00 dB | SE = 11.126 bit/s/Hz
[14106 ms] [UE 14350] UL: SNR = 63.50 dB | SE = 20.778 bit/s/Hz
[14106 ms] [UE 37624] UL: SNR = 63.50 dB | SE = 20.778 bit/s/Hz
[14106 ms] [UE 18432] UL: SNR = 63.50 dB | SE = 20.778 bit/s/Hz
[14106 ms] [UE 55143] UL: SNR = 63.50 dB | SE = 20.778 bit/s/Hz
[14106 ms] [UE 55862] UL: SNR = 63.50 dB | SE = 20.778 bit/s/Hz
[14106 ms] [UE 62817] UL: SNR = 52.00 dB | SE = 17.015 bit/s/Hz
[14106 ms] [UE 5257] UL: SNR = 63.50 dB | SE = 20.778 bit/s/Hz
[15074 ms] [UE 54141] UL: SNR = 63.50 dB | SE = 20.778 bit/s/Hz
[15074 ms] [UE 14002] UL: SNR = 53.50 dB | SE = 17.506 bit/s/Hz
[15074 ms] [UE 55839] UL: SNR = 56.50 dB | SE = 18.487 bit/s/Hz
[15074 ms] [UE 47098] UL: SNR = 51.50 dB | SE = 16.851 bit/s/Hz
[15074 ms] [UE 59499] UL: SNR = 53.50 dB | SE = 17.506 bit/s/Hz
[15074 ms] [UE 12524] UL: SNR = 56.50 dB | SE = 18.487 bit/s/Hz
[15115 ms] [UE 14608] UL: SNR = 63.50 dB | SE = 20.778 bit/s/Hz
[15115 ms] [UE 54487] UL: SNR = 63.50 dB | SE = 20.778 bit/s/Hz
[15115 ms] [UE 2959] UL: SNR = 34.00 dB | SE = 11.126 bit/s/Hz
[15115 ms] [UE 14350] UL: SNR = 63.50 dB | SE = 20.778 bit/s/Hz
[15115 ms] [UE 37624] UL: SNR = 63.50 dB | SE = 20.778 bit/s/Hz
[15115 ms] [UE 18432] UL: SNR = 63.50 dB | SE = 20.778 bit/s/Hz
[15115 ms] [UE 55143] UL: SNR = 63.50 dB | SE = 20.778 bit/s/Hz
[15115 ms] [UE 55862] UL: SNR = 63.50 dB | SE = 20.778 bit/s/Hz
[15115 ms] [UE 62817] UL: SNR = 52.00 dB | SE = 17.015 bit/s/Hz
[15115 ms] [UE 5257] UL: SNR = 63.50 dB | SE = 20.778 bit/s/Hz
[16084 ms] [UE 54141] UL: SNR = 63.50 dB | SE = 20.778 bit/s/Hz
[16084 ms] [UE 14002] UL: SNR = 53.50 dB | SE = 17.506 bit/s/Hz
[16084 ms] [UE 55839] UL: SNR = 56.50 dB | SE = 18.487 bit/s/Hz
[16084 ms] [UE 47098] UL: SNR = 51.50 dB | SE = 16.851 bit/s/Hz
[16084 ms] [UE 59499] UL: SNR = 53.50 dB | SE = 17.506 bit/s/Hz
[16084 ms] [UE 12524] UL: SNR = 56.50 dB | SE = 18.487 bit/s/Hz
[16125 ms] [UE 14608] UL: SNR = 63.50 dB | SE = 20.778 bit/s/Hz
[16125 ms] [UE 54487] UL: SNR = 63.50 dB | SE = 20.778 bit/s/Hz
[16125 ms] [UE 2959] UL: SNR = 34.00 dB | SE = 11.126 bit/s/Hz
[16125 ms] [UE 14350] UL: SNR = 63.50 dB | SE = 20.778 bit/s/Hz
[16125 ms] [UE 37624] UL: SNR = 63.50 dB | SE = 20.778 bit/s/Hz
[16125 ms] [UE 18432] UL: SNR = 63.50 dB | SE = 20.778 bit/s/Hz
[16125 ms] [UE 55143] UL: SNR = 63.50 dB | SE = 20.778 bit/s/Hz
[16125 ms] [UE 55862] UL: SNR = 63.50 dB | SE = 20.778 bit/s/Hz
[16125 ms] [UE 62817] UL: SNR = 52.00 dB | SE = 17.015 bit/s/Hz
[16125 ms] [UE 5257] UL: SNR = 63.50 dB | SE = 20.778 bit/s/Hz
[17093 ms] [UE 54141] UL: SNR = 63.50 dB | SE = 20.778 bit/s/Hz
[17093 ms] [UE 14002] UL: SNR = 53.00 dB | SE = 17.342 bit/s/Hz
[17093 ms] [UE 55839] UL: SNR = 53.50 dB | SE = 17.506 bit/s/Hz
[17093 ms] [UE 47098] UL: SNR = 51.50 dB | SE = 16.851 bit/s/Hz
[17093 ms] [UE 59499] UL: SNR = 53.50 dB | SE = 17.506 bit/s/Hz
[17093 ms] [UE 12524] UL: SNR = 56.50 dB | SE = 18.487 bit/s/Hz
[17134 ms] [UE 14608] UL: SNR = 63.50 dB | SE = 20.778 bit/s/Hz
[17134 ms] [UE 54487] UL: SNR = 63.50 dB | SE = 20.778 bit/s/Hz
[17134 ms] [UE 2959] UL: SNR = 34.00 dB | SE = 11.126 bit/s/Hz
[17134 ms] [UE 14350] UL: SNR = 63.50 dB | SE = 20.778 bit/s/Hz
[17134 ms] [UE 37624] UL: SNR = 63.50 dB | SE = 20.778 bit/s/Hz
[17134 ms] [UE 18432] UL: SNR = 63.50 dB | SE = 20.778 bit/s/Hz
[17134 ms] [UE 55143] UL: SNR = 63.50 dB | SE = 20.778 bit/s/Hz
[17134 ms] [UE 55862] UL: SNR = 63.50 dB | SE = 20.778 bit/s/Hz
[17134 ms] [UE 62817] UL: SNR = 52.00 dB | SE = 17.015 bit/s/Hz
[17134 ms] [UE 5257] UL: SNR = 63.50 dB | SE = 20.778 bit/s/Hz
[18094 ms] [UE 54141] UL: SNR = 63.50 dB | SE = 20.778 bit/s/Hz
[18094 ms] [UE 14002] UL: SNR = 53.00 dB | SE = 17.342 bit/s/Hz
[18094 ms] [UE 55839] UL: SNR = 53.50 dB | SE = 17.506 bit/s/Hz
[18094 ms] [UE 47098] UL: SNR = 51.50 dB | SE = 16.851 bit/s/Hz
[18094 ms] [UE 59499] UL: SNR = 53.50 dB | SE = 17.506 bit/s/Hz
[18094 ms] [UE 12524] UL: SNR = 56.50 dB | SE = 18.487 bit/s/Hz
[18136 ms] [UE 14608] UL: SNR = 63.50 dB | SE = 20.778 bit/s/Hz
[18136 ms] [UE 54487] UL: SNR = 63.50 dB | SE = 20.778 bit/s/Hz
[18136 ms] [UE 2959] UL: SNR = 34.00 dB | SE = 11.126 bit/s/Hz
[18136 ms] [UE 14350] UL: SNR = 63.50 dB | SE = 20.778 bit/s/Hz
[18136 ms] [UE 37624] UL: SNR = 63.50 dB | SE = 20.778 bit/s/Hz
[18136 ms] [UE 18432] UL: SNR = 63.50 dB | SE = 20.778 bit/s/Hz
[18136 ms] [UE 55143] UL: SNR = 63.50 dB | SE = 20.778 bit/s/Hz
[18136 ms] [UE 55862] UL: SNR = 63.50 dB | SE = 20.778 bit/s/Hz
[18136 ms] [UE 62817] UL: SNR = 52.00 dB | SE = 17.015 bit/s/Hz
[18136 ms] [UE 5257] UL: SNR = 63.50 dB | SE = 20.778 bit/s/Hz
[19103 ms] [UE 54141] UL: SNR = 63.50 dB | SE = 20.778 bit/s/Hz
[19103 ms] [UE 14002] UL: SNR = 53.50 dB | SE = 17.506 bit/s/Hz
[19103 ms] [UE 55839] UL: SNR = 56.50 dB | SE = 18.487 bit/s/Hz
[19103 ms] [UE 47098] UL: SNR = 51.50 dB | SE = 16.851 bit/s/Hz
[19103 ms] [UE 59499] UL: SNR = 53.50 dB | SE = 17.506 bit/s/Hz
[19103 ms] [UE 12524] UL: SNR = 56.50 dB | SE = 18.487 bit/s/Hz
[19136 ms] [UE 14608] UL: SNR = 63.50 dB | SE = 20.778 bit/s/Hz
[19136 ms] [UE 54487] UL: SNR = 63.50 dB | SE = 20.778 bit/s/Hz
[19136 ms] [UE 2959] UL: SNR = 34.00 dB | SE = 11.126 bit/s/Hz
[19136 ms] [UE 14350] UL: SNR = 63.50 dB | SE = 20.778 bit/s/Hz
[19136 ms] [UE 37624] UL: SNR = 63.50 dB | SE = 20.778 bit/s/Hz
[19136 ms] [UE 18432] UL: SNR = 63.50 dB | SE = 20.778 bit/s/Hz
[19136 ms] [UE 55143] UL: SNR = 63.50 dB | SE = 20.778 bit/s/Hz
[19136 ms] [UE 55862] UL: SNR = 63.50 dB | SE = 20.778 bit/s/Hz
[19136 ms] [UE 62817] UL: SNR = 52.00 dB | SE = 17.015 bit/s/Hz
[19136 ms] [UE 5257] UL: SNR = 63.50 dB | SE = 20.778 bit/s/Hz
[20103 ms] [UE 54141] UL: SNR = 63.50 dB | SE = 20.778 bit/s/Hz
[20103 ms] [UE 14002] UL: SNR = 53.50 dB | SE = 17.506 bit/s/Hz
[20103 ms] [UE 55839] UL: SNR = 56.50 dB | SE = 18.487 bit/s/Hz
[20103 ms] [UE 47098] UL: SNR = 51.50 dB | SE = 16.851 bit/s/Hz
[20103 ms] [UE 59499] UL: SNR = 53.50 dB | SE = 17.506 bit/s/Hz
[20103 ms] [UE 12524] UL: SNR = 56.50 dB | SE = 18.487 bit/s/Hz
[20145 ms] [UE 14608] UL: SNR = 63.50 dB | SE = 20.778 bit/s/Hz
[20145 ms] [UE 54487] UL: SNR = 63.50 dB | SE = 20.778 bit/s/Hz
[20145 ms] [UE 2959] UL: SNR = 34.00 dB | SE = 11.126 bit/s/Hz
[20145 ms] [UE 14350] UL: SNR = 63.50 dB | SE = 20.778 bit/s/Hz
[20145 ms] [UE 37624] UL: SNR = 63.50 dB | SE = 20.778 bit/s/Hz
[20145 ms] [UE 18432] UL: SNR = 63.50 dB | SE = 20.778 bit/s/Hz
[20145 ms] [UE 55143] UL: SNR = 63.50 dB | SE = 20.778 bit/s/Hz
[20145 ms] [UE 55862] UL: SNR = 63.50 dB | SE = 20.778 bit/s/Hz
[20145 ms] [UE 62817] UL: SNR = 52.00 dB | SE = 17.015 bit/s/Hz
[20145 ms] [UE 5257] UL: SNR = 63.50 dB | SE = 20.778 bit/s/Hz
[21105 ms] [UE 54141] UL: SNR = 63.50 dB | SE = 20.778 bit/s/Hz
[21105 ms] [UE 14002] UL: SNR = 53.50 dB | SE = 17.506 bit/s/Hz
[21105 ms] [UE 55839] UL: SNR = 56.50 dB | SE = 18.487 bit/s/Hz
[21105 ms] [UE 47098] UL: SNR = 51.50 dB | SE = 16.851 bit/s/Hz
[21105 ms] [UE 59499] UL: SNR = 53.50 dB | SE = 17.506 bit/s/Hz
[21105 ms] [UE 12524] UL: SNR = 56.50 dB | SE = 18.487 bit/s/Hz
[21155 ms] [UE 14608] UL: SNR = 63.50 dB | SE = 20.778 bit/s/Hz
[21155 ms] [UE 54487] UL: SNR = 63.50 dB | SE = 20.778 bit/s/Hz
[21155 ms] [UE 2959] UL: SNR = 34.00 dB | SE = 11.126 bit/s/Hz
[21155 ms] [UE 14350] UL: SNR = 63.50 dB | SE = 20.778 bit/s/Hz
[21155 ms] [UE 37624] UL: SNR = 63.50 dB | SE = 20.778 bit/s/Hz
[21155 ms] [UE 18432] UL: SNR = 63.50 dB | SE = 20.778 bit/s/Hz
[21155 ms] [UE 55143] UL: SNR = 63.50 dB | SE = 20.778 bit/s/Hz
[21155 ms] [UE 55862] UL: SNR = 63.50 dB | SE = 20.778 bit/s/Hz
[21155 ms] [UE 62817] UL: SNR = 52.00 dB | SE = 17.015 bit/s/Hz
[21155 ms] [UE 5257] UL: SNR = 63.50 dB | SE = 20.778 bit/s/Hz
[22113 ms] [UE 54141] UL: SNR = 63.50 dB | SE = 20.778 bit/s/Hz
[22113 ms] [UE 14002] UL: SNR = 53.50 dB | SE = 17.506 bit/s/Hz
[22113 ms] [UE 55839] UL: SNR = 56.50 dB | SE = 18.487 bit/s/Hz
[22113 ms] [UE 47098] UL: SNR = 51.50 dB | SE = 16.851 bit/s/Hz
[22113 ms] [UE 59499] UL: SNR = 53.50 dB | SE = 17.506 bit/s/Hz
[22113 ms] [UE 12524] UL: SNR = 56.50 dB | SE = 18.487 bit/s/Hz
[22155 ms] [UE 14608] UL: SNR = 63.50 dB | SE = 20.778 bit/s/Hz
[22155 ms] [UE 54487] UL: SNR = 63.50 dB | SE = 20.778 bit/s/Hz
[22155 ms] [UE 2959] UL: SNR = 34.00 dB | SE = 11.126 bit/s/Hz
[22155 ms] [UE 14350] UL: SNR = 63.50 dB | SE = 20.778 bit/s/Hz
[22155 ms] [UE 37624] UL: SNR = 63.50 dB | SE = 20.778 bit/s/Hz
[22155 ms] [UE 18432] UL: SNR = 63.50 dB | SE = 20.778 bit/s/Hz
[22155 ms] [UE 55143] UL: SNR = 63.50 dB | SE = 20.778 bit/s/Hz
[22155 ms] [UE 55862] UL: SNR = 63.50 dB | SE = 20.778 bit/s/Hz
[22155 ms] [UE 62817] UL: SNR = 52.00 dB | SE = 17.015 bit/s/Hz
[22155 ms] [UE 5257] UL: SNR = 63.50 dB | SE = 20.778 bit/s/Hz
[23113 ms] [UE 54141] UL: SNR = 63.50 dB | SE = 20.778 bit/s/Hz
[23113 ms] [UE 14002] UL: SNR = 53.50 dB | SE = 17.506 bit/s/Hz
[23113 ms] [UE 55839] UL: SNR = 56.50 dB | SE = 18.487 bit/s/Hz
[23113 ms] [UE 47098] UL: SNR = 51.50 dB | SE = 16.851 bit/s/Hz
[23113 ms] [UE 59499] UL: SNR = 53.50 dB | SE = 17.506 bit/s/Hz
[23113 ms] [UE 12524] UL: SNR = 56.50 dB | SE = 18.487 bit/s/Hz
[23165 ms] [UE 14608] UL: SNR = 63.50 dB | SE = 20.778 bit/s/Hz
[23165 ms] [UE 54487] UL: SNR = 63.50 dB | SE = 20.778 bit/s/Hz
[23165 ms] [UE 2959] UL: SNR = 34.00 dB | SE = 11.126 bit/s/Hz
[23165 ms] [UE 14350] UL: SNR = 63.50 dB | SE = 20.778 bit/s/Hz
[23165 ms] [UE 37624] UL: SNR = 63.50 dB | SE = 20.778 bit/s/Hz
[23165 ms] [UE 18432] UL: SNR = 63.50 dB | SE = 20.778 bit/s/Hz
[23165 ms] [UE 55143] UL: SNR = 63.50 dB | SE = 20.778 bit/s/Hz
[23165 ms] [UE 55862] UL: SNR = 63.50 dB | SE = 20.778 bit/s/Hz
[23165 ms] [UE 62817] UL: SNR = 52.00 dB | SE = 17.015 bit/s/Hz
[23165 ms] [UE 5257] UL: SNR = 63.50 dB | SE = 20.778 bit/s/Hz
[24123 ms] [UE 54141] UL: SNR = 63.50 dB | SE = 20.778 bit/s/Hz
[24123 ms] [UE 14002] UL: SNR = 53.50 dB | SE = 17.506 bit/s/Hz
[24123 ms] [UE 55839] UL: SNR = 56.50 dB | SE = 18.487 bit/s/Hz
[24123 ms] [UE 47098] UL: SNR = 51.50 dB | SE = 16.851 bit/s/Hz
[24123 ms] [UE 59499] UL: SNR = 53.50 dB | SE = 17.506 bit/s/Hz
[24123 ms] [UE 12524] UL: SNR = 56.50 dB | SE = 18.487 bit/s/Hz
[24165 ms] [UE 14608] UL: SNR = 63.50 dB | SE = 20.778 bit/s/Hz
[24165 ms] [UE 54487] UL: SNR = 63.50 dB | SE = 20.778 bit/s/Hz
[24165 ms] [UE 2959] UL: SNR = 34.00 dB | SE = 11.126 bit/s/Hz
[24165 ms] [UE 14350] UL: SNR = 63.50 dB | SE = 20.778 bit/s/Hz
[24165 ms] [UE 37624] UL: SNR = 63.50 dB | SE = 20.778 bit/s/Hz
[24165 ms] [UE 18432] UL: SNR = 63.50 dB | SE = 20.778 bit/s/Hz
[24165 ms] [UE 55143] UL: SNR = 63.50 dB | SE = 20.778 bit/s/Hz
[24165 ms] [UE 55862] UL: SNR = 63.50 dB | SE = 20.778 bit/s/Hz
[24165 ms] [UE 62817] UL: SNR = 52.00 dB | SE = 17.015 bit/s/Hz
[24165 ms] [UE 5257] UL: SNR = 63.50 dB | SE = 20.778 bit/s/Hz
[25123 ms] [UE 54141] UL: SNR = 63.50 dB | SE = 20.778 bit/s/Hz
[25123 ms] [UE 14002] UL: SNR = 59.00 dB | SE = 19.305 bit/s/Hz
[25123 ms] [UE 55839] UL: SNR = 60.00 dB | SE = 19.633 bit/s/Hz
[25123 ms] [UE 47098] UL: SNR = 51.50 dB | SE = 16.851 bit/s/Hz
[25123 ms] [UE 59499] UL: SNR = 53.50 dB | SE = 17.506 bit/s/Hz
[25123 ms] [UE 12524] UL: SNR = 56.50 dB | SE = 18.487 bit/s/Hz
[25165 ms] [UE 14608] UL: SNR = 63.50 dB | SE = 20.778 bit/s/Hz
[25165 ms] [UE 54487] UL: SNR = 63.50 dB | SE = 20.778 bit/s/Hz
[25165 ms] [UE 2959] UL: SNR = 34.00 dB | SE = 11.126 bit/s/Hz
[25165 ms] [UE 14350] UL: SNR = 63.50 dB | SE = 20.778 bit/s/Hz
[25165 ms] [UE 37624] UL: SNR = 63.50 dB | SE = 20.778 bit/s/Hz
[25165 ms] [UE 18432] UL: SNR = 63.50 dB | SE = 20.778 bit/s/Hz
[25165 ms] [UE 55143] UL: SNR = 63.50 dB | SE = 20.778 bit/s/Hz
[25165 ms] [UE 55862] UL: SNR = 63.50 dB | SE = 20.778 bit/s/Hz
[25165 ms] [UE 62817] UL: SNR = 52.00 dB | SE = 17.015 bit/s/Hz
[25165 ms] [UE 5257] UL: SNR = 63.50 dB | SE = 20.778 bit/s/Hz
[26124 ms] [UE 54141] UL: SNR = 63.50 dB | SE = 20.778 bit/s/Hz
[26124 ms] [UE 14002] UL: SNR = 59.00 dB | SE = 19.305 bit/s/Hz
[26124 ms] [UE 55839] UL: SNR = 60.00 dB | SE = 19.633 bit/s/Hz
[26124 ms] [UE 47098] UL: SNR = 55.50 dB | SE = 18.160 bit/s/Hz
[26124 ms] [UE 59499] UL: SNR = 53.50 dB | SE = 17.506 bit/s/Hz
[26124 ms] [UE 12524] UL: SNR = 56.50 dB | SE = 18.487 bit/s/Hz
[26176 ms] [UE 14608] UL: SNR = 63.50 dB | SE = 20.778 bit/s/Hz
[26176 ms] [UE 54487] UL: SNR = 63.50 dB | SE = 20.778 bit/s/Hz
[26176 ms] [UE 2959] UL: SNR = 34.00 dB | SE = 11.126 bit/s/Hz
[26176 ms] [UE 14350] UL: SNR = 63.50 dB | SE = 20.778 bit/s/Hz
[26176 ms] [UE 37624] UL: SNR = 63.50 dB | SE = 20.778 bit/s/Hz
[26176 ms] [UE 18432] UL: SNR = 63.50 dB | SE = 20.778 bit/s/Hz
[26176 ms] [UE 55143] UL: SNR = 63.50 dB | SE = 20.778 bit/s/Hz
[26176 ms] [UE 55862] UL: SNR = 63.50 dB | SE = 20.778 bit/s/Hz
[26176 ms] [UE 62817] UL: SNR = 52.00 dB | SE = 17.015 bit/s/Hz
[26176 ms] [UE 5257] UL: SNR = 63.50 dB | SE = 20.778 bit/s/Hz
[27133 ms] [UE 54141] UL: SNR = 63.50 dB | SE = 20.778 bit/s/Hz
[27133 ms] [UE 14002] UL: SNR = 53.00 dB | SE = 17.342 bit/s/Hz
[27133 ms] [UE 55839] UL: SNR = 56.00 dB | SE = 18.324 bit/s/Hz
[27133 ms] [UE 47098] UL: SNR = 51.00 dB | SE = 16.688 bit/s/Hz
[27133 ms] [UE 59499] UL: SNR = 53.50 dB | SE = 17.506 bit/s/Hz
[27133 ms] [UE 12524] UL: SNR = 56.50 dB | SE = 18.487 bit/s/Hz
[27185 ms] [UE 14608] UL: SNR = 63.50 dB | SE = 20.778 bit/s/Hz
[27185 ms] [UE 54487] UL: SNR = 63.50 dB | SE = 20.778 bit/s/Hz
[27185 ms] [UE 2959] UL: SNR = 34.00 dB | SE = 11.126 bit/s/Hz
[27185 ms] [UE 14350] UL: SNR = 63.50 dB | SE = 20.778 bit/s/Hz
[27185 ms] [UE 37624] UL: SNR = 63.50 dB | SE = 20.778 bit/s/Hz
[27185 ms] [UE 18432] UL: SNR = 63.50 dB | SE = 20.778 bit/s/Hz
[27185 ms] [UE 55143] UL: SNR = 63.50 dB | SE = 20.778 bit/s/Hz
[27185 ms] [UE 55862] UL: SNR = 63.50 dB | SE = 20.778 bit/s/Hz
[27185 ms] [UE 62817] UL: SNR = 52.00 dB | SE = 17.015 bit/s/Hz
[27185 ms] [UE 5257] UL: SNR = 63.50 dB | SE = 20.778 bit/s/Hz
[28134 ms] [UE 54141] UL: SNR = 63.50 dB | SE = 20.778 bit/s/Hz
[28134 ms] [UE 14002] UL: SNR = 53.00 dB | SE = 17.342 bit/s/Hz
[28134 ms] [UE 55839] UL: SNR = 56.00 dB | SE = 18.324 bit/s/Hz
[28134 ms] [UE 47098] UL: SNR = 51.00 dB | SE = 16.688 bit/s/Hz
[28134 ms] [UE 59499] UL: SNR = 53.50 dB | SE = 17.506 bit/s/Hz
[28134 ms] [UE 12524] UL: SNR = 56.50 dB | SE = 18.487 bit/s/Hz
[28195 ms] [UE 14608] UL: SNR = 63.50 dB | SE = 20.778 bit/s/Hz
[28195 ms] [UE 54487] UL: SNR = 63.50 dB | SE = 20.778 bit/s/Hz
[28195 ms] [UE 2959] UL: SNR = 34.00 dB | SE = 11.126 bit/s/Hz
[28195 ms] [UE 14350] UL: SNR = 63.50 dB | SE = 20.778 bit/s/Hz
[28195 ms] [UE 37624] UL: SNR = 63.50 dB | SE = 20.778 bit/s/Hz
[28195 ms] [UE 18432] UL: SNR = 63.50 dB | SE = 20.778 bit/s/Hz
[28195 ms] [UE 55143] UL: SNR = 63.50 dB | SE = 20.778 bit/s/Hz
[28195 ms] [UE 55862] UL: SNR = 63.50 dB | SE = 20.778 bit/s/Hz
[28195 ms] [UE 62817] UL: SNR = 52.00 dB | SE = 17.015 bit/s/Hz
[28195 ms] [UE 5257] UL: SNR = 63.50 dB | SE = 20.778 bit/s/Hz
[29143 ms] [UE 54141] UL: SNR = 63.50 dB | SE = 20.778 bit/s/Hz
[29143 ms] [UE 14002] UL: SNR = 53.00 dB | SE = 17.342 bit/s/Hz
[29143 ms] [UE 55839] UL: SNR = 63.50 dB | SE = 20.778 bit/s/Hz
[29143 ms] [UE 47098] UL: SNR = 63.50 dB | SE = 20.778 bit/s/Hz
[29143 ms] [UE 59499] UL: SNR = 63.50 dB | SE = 20.778 bit/s/Hz
[29143 ms] [UE 12524] UL: SNR = 56.50 dB | SE = 18.487 bit/s/Hz
[29205 ms] [UE 14608] UL: SNR = 63.50 dB | SE = 20.778 bit/s/Hz
[29205 ms] [UE 54487] UL: SNR = 63.50 dB | SE = 20.778 bit/s/Hz
[29205 ms] [UE 2959] UL: SNR = 34.00 dB | SE = 11.126 bit/s/Hz
[29205 ms] [UE 14350] UL: SNR = 63.50 dB | SE = 20.778 bit/s/Hz
[29205 ms] [UE 37624] UL: SNR = 63.50 dB | SE = 20.778 bit/s/Hz
[29205 ms] [UE 18432] UL: SNR = 63.50 dB | SE = 20.778 bit/s/Hz
[29205 ms] [UE 55143] UL: SNR = 63.50 dB | SE = 20.778 bit/s/Hz
[29205 ms] [UE 55862] UL: SNR = 63.50 dB | SE = 20.778 bit/s/Hz
[29205 ms] [UE 62817] UL: SNR = 52.00 dB | SE = 17.015 bit/s/Hz
[29205 ms] [UE 5257] UL: SNR = 63.50 dB | SE = 20.778 bit/s/Hz
[30143 ms] [UE 54141] UL: SNR = 63.50 dB | SE = 20.778 bit/s/Hz
[30143 ms] [UE 14002] UL: SNR = 53.00 dB | SE = 17.342 bit/s/Hz
[30143 ms] [UE 55839] UL: SNR = 63.50 dB | SE = 20.778 bit/s/Hz
[30143 ms] [UE 47098] UL: SNR = 63.50 dB | SE = 20.778 bit/s/Hz
[30143 ms] [UE 59499] UL: SNR = 63.50 dB | SE = 20.778 bit/s/Hz
[30143 ms] [UE 12524] UL: SNR = 56.50 dB | SE = 18.487 bit/s/Hz
[30206 ms] [UE 14608] UL: SNR = 63.50 dB | SE = 20.778 bit/s/Hz
[30206 ms] [UE 54487] UL: SNR = 63.50 dB | SE = 20.778 bit/s/Hz
[30206 ms] [UE 2959] UL: SNR = 34.00 dB | SE = 11.126 bit/s/Hz
[30206 ms] [UE 14350] UL: SNR = 63.50 dB | SE = 20.778 bit/s/Hz
[30206 ms] [UE 37624] UL: SNR = 63.50 dB | SE = 20.778 bit/s/Hz
[30206 ms] [UE 18432] UL: SNR = 63.50 dB | SE = 20.778 bit/s/Hz
[30206 ms] [UE 55143] UL: SNR = 63.50 dB | SE = 20.778 bit/s/Hz
[30206 ms] [UE 55862] UL: SNR = 63.50 dB | SE = 20.778 bit/s/Hz
[30206 ms] [UE 62817] UL: SNR = 52.00 dB | SE = 17.015 bit/s/Hz
[30206 ms] [UE 5257] UL: SNR = 63.50 dB | SE = 20.778 bit/s/Hz
[31143 ms] [UE 54141] UL: SNR = 63.50 dB | SE = 20.778 bit/s/Hz
[31143 ms] [UE 14002] UL: SNR = 53.00 dB | SE = 17.342 bit/s/Hz
[31143 ms] [UE 55839] UL: SNR = 63.50 dB | SE = 20.778 bit/s/Hz
[31143 ms] [UE 47098] UL: SNR = 63.50 dB | SE = 20.778 bit/s/Hz
[31143 ms] [UE 59499] UL: SNR = 63.50 dB | SE = 20.778 bit/s/Hz
[31143 ms] [UE 12524] UL: SNR = 56.50 dB | SE = 18.487 bit/s/Hz
[31206 ms] [UE 14608] UL: SNR = 63.50 dB | SE = 20.778 bit/s/Hz
[31206 ms] [UE 54487] UL: SNR = 63.50 dB | SE = 20.778 bit/s/Hz
[31206 ms] [UE 2959] UL: SNR = 34.00 dB | SE = 11.126 bit/s/Hz
[31206 ms] [UE 14350] UL: SNR = 63.50 dB | SE = 20.778 bit/s/Hz
[31206 ms] [UE 37624] UL: SNR = 63.50 dB | SE = 20.778 bit/s/Hz
[31206 ms] [UE 18432] UL: SNR = 63.50 dB | SE = 20.778 bit/s/Hz
[31206 ms] [UE 55143] UL: SNR = 63.50 dB | SE = 20.778 bit/s/Hz
[31206 ms] [UE 55862] UL: SNR = 63.50 dB | SE = 20.778 bit/s/Hz
[31206 ms] [UE 62817] UL: SNR = 52.00 dB | SE = 17.015 bit/s/Hz
[31206 ms] [UE 5257] UL: SNR = 63.50 dB | SE = 20.778 bit/s/Hz
[32153 ms] [UE 54141] UL: SNR = 63.50 dB | SE = 20.778 bit/s/Hz
[32153 ms] [UE 14002] UL: SNR = 59.00 dB | SE = 19.305 bit/s/Hz
[32153 ms] [UE 55839] UL: SNR = 60.00 dB | SE = 19.633 bit/s/Hz
[32153 ms] [UE 47098] UL: SNR = 63.50 dB | SE = 20.778 bit/s/Hz
[32153 ms] [UE 59499] UL: SNR = 53.50 dB | SE = 17.506 bit/s/Hz
[32153 ms] [UE 12524] UL: SNR = 56.50 dB | SE = 18.487 bit/s/Hz
[32215 ms] [UE 14608] UL: SNR = 63.50 dB | SE = 20.778 bit/s/Hz
[32215 ms] [UE 54487] UL: SNR = 63.50 dB | SE = 20.778 bit/s/Hz
[32215 ms] [UE 2959] UL: SNR = 34.00 dB | SE = 11.126 bit/s/Hz
[32215 ms] [UE 14350] UL: SNR = 63.50 dB | SE = 20.778 bit/s/Hz
[32215 ms] [UE 37624] UL: SNR = 63.50 dB | SE = 20.778 bit/s/Hz
[32215 ms] [UE 18432] UL: SNR = 63.50 dB | SE = 20.778 bit/s/Hz
[32215 ms] [UE 55143] UL: SNR = 63.50 dB | SE = 20.778 bit/s/Hz
[32215 ms] [UE 55862] UL: SNR = 63.50 dB | SE = 20.778 bit/s/Hz
[32215 ms] [UE 62817] UL: SNR = 52.00 dB | SE = 17.015 bit/s/Hz
[32215 ms] [UE 5257] UL: SNR = 63.50 dB | SE = 20.778 bit/s/Hz
[33163 ms] [UE 54141] UL: SNR = 63.50 dB | SE = 20.778 bit/s/Hz
[33163 ms] [UE 14002] UL: SNR = 59.00 dB | SE = 19.305 bit/s/Hz
[33163 ms] [UE 55839] UL: SNR = 60.00 dB | SE = 19.633 bit/s/Hz
[33163 ms] [UE 47098] UL: SNR = 55.50 dB | SE = 18.160 bit/s/Hz
[33163 ms] [UE 59499] UL: SNR = 53.50 dB | SE = 17.506 bit/s/Hz
[33163 ms] [UE 12524] UL: SNR = 56.50 dB | SE = 18.487 bit/s/Hz
[33225 ms] [UE 14608] UL: SNR = 63.50 dB | SE = 20.778 bit/s/Hz
[33225 ms] [UE 54487] UL: SNR = 63.50 dB | SE = 20.778 bit/s/Hz
[33225 ms] [UE 2959] UL: SNR = 34.00 dB | SE = 11.126 bit/s/Hz
[33225 ms] [UE 14350] UL: SNR = 63.50 dB | SE = 20.778 bit/s/Hz
[33225 ms] [UE 37624] UL: SNR = 63.50 dB | SE = 20.778 bit/s/Hz
[33225 ms] [UE 18432] UL: SNR = 63.50 dB | SE = 20.778 bit/s/Hz
[33225 ms] [UE 55143] UL: SNR = 63.50 dB | SE = 20.778 bit/s/Hz
[33225 ms] [UE 55862] UL: SNR = 63.50 dB | SE = 20.778 bit/s/Hz
[33225 ms] [UE 62817] UL: SNR = 52.00 dB | SE = 17.015 bit/s/Hz
[33225 ms] [UE 5257] UL: SNR = 63.50 dB | SE = 20.778 bit/s/Hz
[34173 ms] [UE 54141] UL: SNR = 63.50 dB | SE = 20.778 bit/s/Hz
[34173 ms] [UE 14002] UL: SNR = 53.50 dB | SE = 17.506 bit/s/Hz
[34173 ms] [UE 55839] UL: SNR = 56.00 dB | SE = 18.324 bit/s/Hz
[34173 ms] [UE 47098] UL: SNR = 51.50 dB | SE = 16.851 bit/s/Hz
[34173 ms] [UE 59499] UL: SNR = 53.50 dB | SE = 17.506 bit/s/Hz
[34173 ms] [UE 12524] UL: SNR = 56.50 dB | SE = 18.487 bit/s/Hz
[34225 ms] [UE 14608] UL: SNR = 63.50 dB | SE = 20.778 bit/s/Hz
[34225 ms] [UE 54487] UL: SNR = 63.50 dB | SE = 20.778 bit/s/Hz
[34225 ms] [UE 2959] UL: SNR = 34.00 dB | SE = 11.126 bit/s/Hz
[34225 ms] [UE 14350] UL: SNR = 63.50 dB | SE = 20.778 bit/s/Hz
[34225 ms] [UE 37624] UL: SNR = 63.50 dB | SE = 20.778 bit/s/Hz
[34225 ms] [UE 18432] UL: SNR = 63.50 dB | SE = 20.778 bit/s/Hz
[34225 ms] [UE 55143] UL: SNR = 63.50 dB | SE = 20.778 bit/s/Hz
[34225 ms] [UE 55862] UL: SNR = 63.50 dB | SE = 20.778 bit/s/Hz
[34225 ms] [UE 62817] UL: SNR = 52.00 dB | SE = 17.015 bit/s/Hz
[34225 ms] [UE 5257] UL: SNR = 63.50 dB | SE = 20.778 bit/s/Hz
[35173 ms] [UE 54141] UL: SNR = 63.50 dB | SE = 20.778 bit/s/Hz
[35173 ms] [UE 14002] UL: SNR = 53.50 dB | SE = 17.506 bit/s/Hz
[35173 ms] [UE 55839] UL: SNR = 56.00 dB | SE = 18.324 bit/s/Hz
[35173 ms] [UE 47098] UL: SNR = 51.50 dB | SE = 16.851 bit/s/Hz
[35173 ms] [UE 59499] UL: SNR = 53.50 dB | SE = 17.506 bit/s/Hz
[35173 ms] [UE 12524] UL: SNR = 56.50 dB | SE = 18.487 bit/s/Hz
[35236 ms] [UE 14608] UL: SNR = 63.50 dB | SE = 20.778 bit/s/Hz
[35236 ms] [UE 54487] UL: SNR = 63.50 dB | SE = 20.778 bit/s/Hz
[35236 ms] [UE 2959] UL: SNR = 34.00 dB | SE = 11.126 bit/s/Hz
[35236 ms] [UE 14350] UL: SNR = 63.50 dB | SE = 20.778 bit/s/Hz
[35236 ms] [UE 37624] UL: SNR = 63.50 dB | SE = 20.778 bit/s/Hz
[35236 ms] [UE 18432] UL: SNR = 63.50 dB | SE = 20.778 bit/s/Hz
[35236 ms] [UE 55143] UL: SNR = 63.50 dB | SE = 20.778 bit/s/Hz
[35236 ms] [UE 55862] UL: SNR = 63.50 dB | SE = 20.778 bit/s/Hz
[35236 ms] [UE 62817] UL: SNR = 52.00 dB | SE = 17.015 bit/s/Hz
[35236 ms] [UE 5257] UL: SNR = 63.50 dB | SE = 20.778 bit/s/Hz
[36173 ms] [UE 54141] UL: SNR = 63.50 dB | SE = 20.778 bit/s/Hz
[36173 ms] [UE 14002] UL: SNR = 53.50 dB | SE = 17.506 bit/s/Hz
[36173 ms] [UE 55839] UL: SNR = 56.00 dB | SE = 18.324 bit/s/Hz
[36173 ms] [UE 47098] UL: SNR = 51.50 dB | SE = 16.851 bit/s/Hz
[36173 ms] [UE 59499] UL: SNR = 53.50 dB | SE = 17.506 bit/s/Hz
[36173 ms] [UE 12524] UL: SNR = 56.50 dB | SE = 18.487 bit/s/Hz
[36245 ms] [UE 14608] UL: SNR = 63.50 dB | SE = 20.778 bit/s/Hz
[36245 ms] [UE 54487] UL: SNR = 63.50 dB | SE = 20.778 bit/s/Hz
[36245 ms] [UE 2959] UL: SNR = 34.00 dB | SE = 11.126 bit/s/Hz
[36245 ms] [UE 14350] UL: SNR = 63.50 dB | SE = 20.778 bit/s/Hz
[36245 ms] [UE 37624] UL: SNR = 63.50 dB | SE = 20.778 bit/s/Hz
[36245 ms] [UE 18432] UL: SNR = 63.50 dB | SE = 20.778 bit/s/Hz
[36245 ms] [UE 55143] UL: SNR = 63.50 dB | SE = 20.778 bit/s/Hz
[36245 ms] [UE 55862] UL: SNR = 63.50 dB | SE = 20.778 bit/s/Hz
[36245 ms] [UE 62817] UL: SNR = 52.00 dB | SE = 17.015 bit/s/Hz
[36245 ms] [UE 5257] UL: SNR = 63.50 dB | SE = 20.778 bit/s/Hz
[37183 ms] [UE 54141] UL: SNR = 63.50 dB | SE = 20.778 bit/s/Hz
[37183 ms] [UE 14002] UL: SNR = 53.50 dB | SE = 17.506 bit/s/Hz
[37183 ms] [UE 55839] UL: SNR = 56.00 dB | SE = 18.324 bit/s/Hz
[37183 ms] [UE 47098] UL: SNR = 51.50 dB | SE = 16.851 bit/s/Hz
[37183 ms] [UE 59499] UL: SNR = 53.50 dB | SE = 17.506 bit/s/Hz
[37183 ms] [UE 12524] UL: SNR = 56.50 dB | SE = 18.487 bit/s/Hz
[37245 ms] [UE 14608] UL: SNR = 63.50 dB | SE = 20.778 bit/s/Hz
[37245 ms] [UE 54487] UL: SNR = 63.50 dB | SE = 20.778 bit/s/Hz
[37245 ms] [UE 2959] UL: SNR = 34.00 dB | SE = 11.126 bit/s/Hz
[37245 ms] [UE 14350] UL: SNR = 63.50 dB | SE = 20.778 bit/s/Hz
[37245 ms] [UE 37624] UL: SNR = 63.50 dB | SE = 20.778 bit/s/Hz
[37245 ms] [UE 18432] UL: SNR = 63.50 dB | SE = 20.778 bit/s/Hz
[37245 ms] [UE 55143] UL: SNR = 63.50 dB | SE = 20.778 bit/s/Hz
[37245 ms] [UE 55862] UL: SNR = 63.50 dB | SE = 20.778 bit/s/Hz
[37245 ms] [UE 62817] UL: SNR = 52.00 dB | SE = 17.015 bit/s/Hz
[37245 ms] [UE 5257] UL: SNR = 63.50 dB | SE = 20.778 bit/s/Hz
[38193 ms] [UE 54141] UL: SNR = 63.50 dB | SE = 20.778 bit/s/Hz
[38193 ms] [UE 14002] UL: SNR = 53.50 dB | SE = 17.506 bit/s/Hz
[38193 ms] [UE 55839] UL: SNR = 56.00 dB | SE = 18.324 bit/s/Hz
[38193 ms] [UE 47098] UL: SNR = 51.50 dB | SE = 16.851 bit/s/Hz
[38193 ms] [UE 59499] UL: SNR = 53.50 dB | SE = 17.506 bit/s/Hz
[38193 ms] [UE 12524] UL: SNR = 56.50 dB | SE = 18.487 bit/s/Hz
[38245 ms] [UE 14608] UL: SNR = 63.50 dB | SE = 20.778 bit/s/Hz
[38245 ms] [UE 54487] UL: SNR = 63.50 dB | SE = 20.778 bit/s/Hz
[38245 ms] [UE 2959] UL: SNR = 34.00 dB | SE = 11.126 bit/s/Hz
[38245 ms] [UE 14350] UL: SNR = 63.50 dB | SE = 20.778 bit/s/Hz
[38245 ms] [UE 37624] UL: SNR = 63.50 dB | SE = 20.778 bit/s/Hz
[38245 ms] [UE 18432] UL: SNR = 63.50 dB | SE = 20.778 bit/s/Hz
[38245 ms] [UE 55143] UL: SNR = 63.50 dB | SE = 20.778 bit/s/Hz
[38245 ms] [UE 55862] UL: SNR = 63.50 dB | SE = 20.778 bit/s/Hz
[38245 ms] [UE 62817] UL: SNR = 52.00 dB | SE = 17.015 bit/s/Hz
[38245 ms] [UE 5257] UL: SNR = 63.50 dB | SE = 20.778 bit/s/Hz
[39193 ms] [UE 54141] UL: SNR = 63.50 dB | SE = 20.778 bit/s/Hz
[39193 ms] [UE 14002] UL: SNR = 59.00 dB | SE = 19.305 bit/s/Hz
[39193 ms] [UE 55839] UL: SNR = 60.00 dB | SE = 19.633 bit/s/Hz
[39193 ms] [UE 47098] UL: SNR = 51.50 dB | SE = 16.851 bit/s/Hz
[39193 ms] [UE 59499] UL: SNR = 53.50 dB | SE = 17.506 bit/s/Hz
[39193 ms] [UE 12524] UL: SNR = 56.50 dB | SE = 18.487 bit/s/Hz
[39255 ms] [UE 14608] UL: SNR = 63.50 dB | SE = 20.778 bit/s/Hz
[39255 ms] [UE 54487] UL: SNR = 63.50 dB | SE = 20.778 bit/s/Hz
[39255 ms] [UE 2959] UL: SNR = 34.00 dB | SE = 11.126 bit/s/Hz
[39255 ms] [UE 14350] UL: SNR = 63.50 dB | SE = 20.778 bit/s/Hz
[39255 ms] [UE 37624] UL: SNR = 63.50 dB | SE = 20.778 bit/s/Hz
[39255 ms] [UE 18432] UL: SNR = 63.50 dB | SE = 20.778 bit/s/Hz
[39255 ms] [UE 55143] UL: SNR = 63.50 dB | SE = 20.778 bit/s/Hz
[39255 ms] [UE 55862] UL: SNR = 63.50 dB | SE = 20.778 bit/s/Hz
[39255 ms] [UE 62817] UL: SNR = 52.00 dB | SE = 17.015 bit/s/Hz
[39255 ms] [UE 5257] UL: SNR = 63.50 dB | SE = 20.778 bit/s/Hz
[40203 ms] [UE 54141] UL: SNR = 63.50 dB | SE = 20.778 bit/s/Hz
[40203 ms] [UE 14002] UL: SNR = 59.00 dB | SE = 19.305 bit/s/Hz
[40203 ms] [UE 55839] UL: SNR = 60.00 dB | SE = 19.633 bit/s/Hz
[40203 ms] [UE 47098] UL: SNR = 55.50 dB | SE = 18.160 bit/s/Hz
[40203 ms] [UE 59499] UL: SNR = 53.50 dB | SE = 17.506 bit/s/Hz
[40203 ms] [UE 12524] UL: SNR = 56.50 dB | SE = 18.487 bit/s/Hz
[40256 ms] [UE 14608] UL: SNR = 63.50 dB | SE = 20.778 bit/s/Hz
[40256 ms] [UE 54487] UL: SNR = 63.50 dB | SE = 20.778 bit/s/Hz
[40256 ms] [UE 2959] UL: SNR = 34.00 dB | SE = 11.126 bit/s/Hz
[40256 ms] [UE 14350] UL: SNR = 63.50 dB | SE = 20.778 bit/s/Hz
[40256 ms] [UE 37624] UL: SNR = 63.50 dB | SE = 20.778 bit/s/Hz
[40256 ms] [UE 18432] UL: SNR = 63.50 dB | SE = 20.778 bit/s/Hz
[40256 ms] [UE 55143] UL: SNR = 63.50 dB | SE = 20.778 bit/s/Hz
[40256 ms] [UE 55862] UL: SNR = 63.50 dB | SE = 20.778 bit/s/Hz
[40256 ms] [UE 62817] UL: SNR = 52.00 dB | SE = 17.015 bit/s/Hz
[40256 ms] [UE 5257] UL: SNR = 63.50 dB | SE = 20.778 bit/s/Hz
[41204 ms] [UE 54141] UL: SNR = 63.50 dB | SE = 20.778 bit/s/Hz
[41204 ms] [UE 14002] UL: SNR = 53.50 dB | SE = 17.506 bit/s/Hz
[41204 ms] [UE 55839] UL: SNR = 56.00 dB | SE = 18.324 bit/s/Hz
[41204 ms] [UE 47098] UL: SNR = 51.50 dB | SE = 16.851 bit/s/Hz
[41204 ms] [UE 59499] UL: SNR = 53.50 dB | SE = 17.506 bit/s/Hz
[41204 ms] [UE 12524] UL: SNR = 56.50 dB | SE = 18.487 bit/s/Hz
[41265 ms] [UE 14608] UL: SNR = 63.50 dB | SE = 20.778 bit/s/Hz
[41265 ms] [UE 54487] UL: SNR = 63.50 dB | SE = 20.778 bit/s/Hz
[41265 ms] [UE 2959] UL: SNR = 34.00 dB | SE = 11.126 bit/s/Hz
[41265 ms] [UE 14350] UL: SNR = 63.50 dB | SE = 20.778 bit/s/Hz
[41265 ms] [UE 37624] UL: SNR = 63.50 dB | SE = 20.778 bit/s/Hz
[41265 ms] [UE 18432] UL: SNR = 63.50 dB | SE = 20.778 bit/s/Hz
[41265 ms] [UE 55143] UL: SNR = 63.50 dB | SE = 20.778 bit/s/Hz
[41265 ms] [UE 55862] UL: SNR = 63.50 dB | SE = 20.778 bit/s/Hz
[41265 ms] [UE 62817] UL: SNR = 52.00 dB | SE = 17.015 bit/s/Hz
[41265 ms] [UE 5257] UL: SNR = 63.50 dB | SE = 20.778 bit/s/Hz
[42213 ms] [UE 54141] UL: SNR = 63.50 dB | SE = 20.778 bit/s/Hz
[42213 ms] [UE 14002] UL: SNR = 53.50 dB | SE = 17.506 bit/s/Hz
[42213 ms] [UE 55839] UL: SNR = 56.00 dB | SE = 18.324 bit/s/Hz
[42213 ms] [UE 47098] UL: SNR = 51.50 dB | SE = 16.851 bit/s/Hz
[42213 ms] [UE 59499] UL: SNR = 53.50 dB | SE = 17.506 bit/s/Hz
[42213 ms] [UE 12524] UL: SNR = 56.50 dB | SE = 18.487 bit/s/Hz
[42265 ms] [UE 14608] UL: SNR = 63.50 dB | SE = 20.778 bit/s/Hz
[42265 ms] [UE 54487] UL: SNR = 63.50 dB | SE = 20.778 bit/s/Hz
[42265 ms] [UE 2959] UL: SNR = 34.00 dB | SE = 11.126 bit/s/Hz
[42265 ms] [UE 14350] UL: SNR = 63.50 dB | SE = 20.778 bit/s/Hz
[42265 ms] [UE 37624] UL: SNR = 63.50 dB | SE = 20.778 bit/s/Hz
[42265 ms] [UE 18432] UL: SNR = 63.50 dB | SE = 20.778 bit/s/Hz
[42265 ms] [UE 55143] UL: SNR = 63.50 dB | SE = 20.778 bit/s/Hz
[42265 ms] [UE 55862] UL: SNR = 63.50 dB | SE = 20.778 bit/s/Hz
[42265 ms] [UE 62817] UL: SNR = 52.00 dB | SE = 17.015 bit/s/Hz
[42265 ms] [UE 5257] UL: SNR = 63.50 dB | SE = 20.778 bit/s/Hz
[43213 ms] [UE 54141] UL: SNR = 63.50 dB | SE = 20.778 bit/s/Hz
[43213 ms] [UE 14002] UL: SNR = 53.50 dB | SE = 17.506 bit/s/Hz
[43213 ms] [UE 55839] UL: SNR = 56.00 dB | SE = 18.324 bit/s/Hz
[43213 ms] [UE 47098] UL: SNR = 51.50 dB | SE = 16.851 bit/s/Hz
[43213 ms] [UE 59499] UL: SNR = 53.50 dB | SE = 17.506 bit/s/Hz
[43213 ms] [UE 12524] UL: SNR = 56.50 dB | SE = 18.487 bit/s/Hz
[43275 ms] [UE 14608] UL: SNR = 63.50 dB | SE = 20.778 bit/s/Hz
[43275 ms] [UE 54487] UL: SNR = 63.50 dB | SE = 20.778 bit/s/Hz
[43275 ms] [UE 2959] UL: SNR = 34.00 dB | SE = 11.126 bit/s/Hz
[43275 ms] [UE 14350] UL: SNR = 63.50 dB | SE = 20.778 bit/s/Hz
[43275 ms] [UE 37624] UL: SNR = 63.50 dB | SE = 20.778 bit/s/Hz
[43275 ms] [UE 18432] UL: SNR = 63.50 dB | SE = 20.778 bit/s/Hz
[43275 ms] [UE 55143] UL: SNR = 63.50 dB | SE = 20.778 bit/s/Hz
[43275 ms] [UE 55862] UL: SNR = 63.50 dB | SE = 20.778 bit/s/Hz
[43275 ms] [UE 62817] UL: SNR = 52.00 dB | SE = 17.015 bit/s/Hz
[43275 ms] [UE 5257] UL: SNR = 63.50 dB | SE = 20.778 bit/s/Hz
[44213 ms] [UE 54141] UL: SNR = 63.50 dB | SE = 20.778 bit/s/Hz
[44213 ms] [UE 14002] UL: SNR = 53.50 dB | SE = 17.506 bit/s/Hz
[44213 ms] [UE 55839] UL: SNR = 56.00 dB | SE = 18.324 bit/s/Hz
[44213 ms] [UE 47098] UL: SNR = 51.50 dB | SE = 16.851 bit/s/Hz
[44213 ms] [UE 59499] UL: SNR = 53.50 dB | SE = 17.506 bit/s/Hz
[44213 ms] [UE 12524] UL: SNR = 56.50 dB | SE = 18.487 bit/s/Hz
[44275 ms] [UE 14608] UL: SNR = 63.50 dB | SE = 20.778 bit/s/Hz
[44275 ms] [UE 54487] UL: SNR = 63.50 dB | SE = 20.778 bit/s/Hz
[44275 ms] [UE 2959] UL: SNR = 34.00 dB | SE = 11.126 bit/s/Hz
[44275 ms] [UE 14350] UL: SNR = 63.50 dB | SE = 20.778 bit/s/Hz
[44275 ms] [UE 37624] UL: SNR = 63.50 dB | SE = 20.778 bit/s/Hz
[44275 ms] [UE 18432] UL: SNR = 63.50 dB | SE = 20.778 bit/s/Hz
[44275 ms] [UE 55143] UL: SNR = 63.50 dB | SE = 20.778 bit/s/Hz
[44275 ms] [UE 55862] UL: SNR = 63.50 dB | SE = 20.778 bit/s/Hz
[44275 ms] [UE 62817] UL: SNR = 52.00 dB | SE = 17.015 bit/s/Hz
[44275 ms] [UE 5257] UL: SNR = 63.50 dB | SE = 20.778 bit/s/Hz
[45223 ms] [UE 54141] UL: SNR = 63.50 dB | SE = 20.778 bit/s/Hz
[45223 ms] [UE 14002] UL: SNR = 53.50 dB | SE = 17.506 bit/s/Hz
[45223 ms] [UE 55839] UL: SNR = 56.00 dB | SE = 18.324 bit/s/Hz
[45223 ms] [UE 47098] UL: SNR = 51.50 dB | SE = 16.851 bit/s/Hz
[45223 ms] [UE 59499] UL: SNR = 53.50 dB | SE = 17.506 bit/s/Hz
[45223 ms] [UE 12524] UL: SNR = 56.50 dB | SE = 18.487 bit/s/Hz
[45286 ms] [UE 14608] UL: SNR = 63.50 dB | SE = 20.778 bit/s/Hz
[45286 ms] [UE 54487] UL: SNR = 63.50 dB | SE = 20.778 bit/s/Hz
[45286 ms] [UE 2959] UL: SNR = 34.00 dB | SE = 11.126 bit/s/Hz
[45286 ms] [UE 14350] UL: SNR = 63.50 dB | SE = 20.778 bit/s/Hz
[45286 ms] [UE 37624] UL: SNR = 63.50 dB | SE = 20.778 bit/s/Hz
[45286 ms] [UE 18432] UL: SNR = 63.50 dB | SE = 20.778 bit/s/Hz
[45286 ms] [UE 55143] UL: SNR = 63.50 dB | SE = 20.778 bit/s/Hz
[45286 ms] [UE 55862] UL: SNR = 63.50 dB | SE = 20.778 bit/s/Hz
[45286 ms] [UE 62817] UL: SNR = 52.00 dB | SE = 17.015 bit/s/Hz
[45286 ms] [UE 5257] UL: SNR = 63.50 dB | SE = 20.778 bit/s/Hz
[46223 ms] [UE 54141] UL: SNR = 63.50 dB | SE = 20.778 bit/s/Hz
[46223 ms] [UE 14002] UL: SNR = 59.00 dB | SE = 19.305 bit/s/Hz
[46223 ms] [UE 55839] UL: SNR = 60.00 dB | SE = 19.633 bit/s/Hz
[46223 ms] [UE 47098] UL: SNR = 51.50 dB | SE = 16.851 bit/s/Hz
[46223 ms] [UE 59499] UL: SNR = 53.50 dB | SE = 17.506 bit/s/Hz
[46223 ms] [UE 12524] UL: SNR = 56.50 dB | SE = 18.487 bit/s/Hz
[46295 ms] [UE 14608] UL: SNR = 63.50 dB | SE = 20.778 bit/s/Hz
[46295 ms] [UE 54487] UL: SNR = 63.50 dB | SE = 20.778 bit/s/Hz
[46295 ms] [UE 2959] UL: SNR = 34.00 dB | SE = 11.126 bit/s/Hz
[46295 ms] [UE 14350] UL: SNR = 63.50 dB | SE = 20.778 bit/s/Hz
[46295 ms] [UE 37624] UL: SNR = 63.50 dB | SE = 20.778 bit/s/Hz
[46295 ms] [UE 18432] UL: SNR = 63.50 dB | SE = 20.778 bit/s/Hz
[46295 ms] [UE 55143] UL: SNR = 63.50 dB | SE = 20.778 bit/s/Hz
[46295 ms] [UE 55862] UL: SNR = 63.50 dB | SE = 20.778 bit/s/Hz
[46295 ms] [UE 62817] UL: SNR = 52.00 dB | SE = 17.015 bit/s/Hz
[46295 ms] [UE 5257] UL: SNR = 63.50 dB | SE = 20.778 bit/s/Hz
[47233 ms] [UE 54141] UL: SNR = 63.50 dB | SE = 20.778 bit/s/Hz
[47233 ms] [UE 14002] UL: SNR = 59.00 dB | SE = 19.305 bit/s/Hz
[47233 ms] [UE 55839] UL: SNR = 60.00 dB | SE = 19.633 bit/s/Hz
[47233 ms] [UE 47098] UL: SNR = 51.50 dB | SE = 16.851 bit/s/Hz
[47233 ms] [UE 59499] UL: SNR = 53.50 dB | SE = 17.506 bit/s/Hz
[47233 ms] [UE 12524] UL: SNR = 56.50 dB | SE = 18.487 bit/s/Hz
[47295 ms] [UE 14608] UL: SNR = 63.50 dB | SE = 20.778 bit/s/Hz
[47295 ms] [UE 54487] UL: SNR = 63.50 dB | SE = 20.778 bit/s/Hz
[47295 ms] [UE 2959] UL: SNR = 34.00 dB | SE = 11.126 bit/s/Hz
[47295 ms] [UE 14350] UL: SNR = 63.50 dB | SE = 20.778 bit/s/Hz
[47295 ms] [UE 37624] UL: SNR = 63.50 dB | SE = 20.778 bit/s/Hz
[47295 ms] [UE 18432] UL: SNR = 63.50 dB | SE = 20.778 bit/s/Hz
[47295 ms] [UE 55143] UL: SNR = 63.50 dB | SE = 20.778 bit/s/Hz
[47295 ms] [UE 55862] UL: SNR = 63.50 dB | SE = 20.778 bit/s/Hz
[47295 ms] [UE 62817] UL: SNR = 52.00 dB | SE = 17.015 bit/s/Hz
[47295 ms] [UE 5257] UL: SNR = 63.50 dB | SE = 20.778 bit/s/Hz
[48233 ms] [UE 54141] UL: SNR = 63.50 dB | SE = 20.778 bit/s/Hz
[48233 ms] [UE 14002] UL: SNR = 53.00 dB | SE = 17.342 bit/s/Hz
[48233 ms] [UE 55839] UL: SNR = 56.00 dB | SE = 18.324 bit/s/Hz
[48233 ms] [UE 47098] UL: SNR = 51.00 dB | SE = 16.688 bit/s/Hz
[48233 ms] [UE 59499] UL: SNR = 53.50 dB | SE = 17.506 bit/s/Hz
[48233 ms] [UE 12524] UL: SNR = 56.50 dB | SE = 18.487 bit/s/Hz
[48305 ms] [UE 14608] UL: SNR = 63.50 dB | SE = 20.778 bit/s/Hz
[48305 ms] [UE 54487] UL: SNR = 63.50 dB | SE = 20.778 bit/s/Hz
[48305 ms] [UE 2959] UL: SNR = 34.00 dB | SE = 11.126 bit/s/Hz
[48305 ms] [UE 14350] UL: SNR = 63.50 dB | SE = 20.778 bit/s/Hz
[48305 ms] [UE 37624] UL: SNR = 63.50 dB | SE = 20.778 bit/s/Hz
[48305 ms] [UE 18432] UL: SNR = 63.50 dB | SE = 20.778 bit/s/Hz
[48305 ms] [UE 55143] UL: SNR = 63.50 dB | SE = 20.778 bit/s/Hz
[48305 ms] [UE 55862] UL: SNR = 63.50 dB | SE = 20.778 bit/s/Hz
[48305 ms] [UE 62817] UL: SNR = 52.00 dB | SE = 17.015 bit/s/Hz
[48305 ms] [UE 5257] UL: SNR = 63.50 dB | SE = 20.778 bit/s/Hz
[49234 ms] [UE 54141] UL: SNR = 63.50 dB | SE = 20.778 bit/s/Hz
[49234 ms] [UE 14002] UL: SNR = 53.00 dB | SE = 17.342 bit/s/Hz
[49234 ms] [UE 55839] UL: SNR = 56.00 dB | SE = 18.324 bit/s/Hz
[49234 ms] [UE 47098] UL: SNR = 51.00 dB | SE = 16.688 bit/s/Hz
[49234 ms] [UE 59499] UL: SNR = 53.50 dB | SE = 17.506 bit/s/Hz
[49234 ms] [UE 12524] UL: SNR = 56.50 dB | SE = 18.487 bit/s/Hz
[49306 ms] [UE 14608] UL: SNR = 63.50 dB | SE = 20.778 bit/s/Hz
[49306 ms] [UE 54487] UL: SNR = 63.50 dB | SE = 20.778 bit/s/Hz
[49306 ms] [UE 2959] UL: SNR = 34.00 dB | SE = 11.126 bit/s/Hz
[49306 ms] [UE 14350] UL: SNR = 63.50 dB | SE = 20.778 bit/s/Hz
[49306 ms] [UE 37624] UL: SNR = 63.50 dB | SE = 20.778 bit/s/Hz
[49306 ms] [UE 18432] UL: SNR = 63.50 dB | SE = 20.778 bit/s/Hz
[49306 ms] [UE 55143] UL: SNR = 63.50 dB | SE = 20.778 bit/s/Hz
[49306 ms] [UE 55862] UL: SNR = 63.50 dB | SE = 20.778 bit/s/Hz
[49306 ms] [UE 62817] UL: SNR = 52.00 dB | SE = 17.015 bit/s/Hz
[49306 ms] [UE 5257] UL: SNR = 63.50 dB | SE = 20.778 bit/s/Hz
[50244 ms] [UE 54141] UL: SNR = 63.50 dB | SE = 20.778 bit/s/Hz
[50244 ms] [UE 14002] UL: SNR = 53.00 dB | SE = 17.342 bit/s/Hz
[50244 ms] [UE 55839] UL: SNR = 56.00 dB | SE = 18.324 bit/s/Hz
[50244 ms] [UE 47098] UL: SNR = 51.00 dB | SE = 16.688 bit/s/Hz
[50244 ms] [UE 59499] UL: SNR = 53.50 dB | SE = 17.506 bit/s/Hz
[50244 ms] [UE 12524] UL: SNR = 56.50 dB | SE = 18.487 bit/s/Hz
[50315 ms] [UE 14608] UL: SNR = 63.50 dB | SE = 20.778 bit/s/Hz
[50315 ms] [UE 54487] UL: SNR = 63.50 dB | SE = 20.778 bit/s/Hz
[50315 ms] [UE 2959] UL: SNR = 34.00 dB | SE = 11.126 bit/s/Hz
[50315 ms] [UE 14350] UL: SNR = 63.50 dB | SE = 20.778 bit/s/Hz
[50315 ms] [UE 37624] UL: SNR = 63.50 dB | SE = 20.778 bit/s/Hz
[50315 ms] [UE 18432] UL: SNR = 63.50 dB | SE = 20.778 bit/s/Hz
[50315 ms] [UE 55143] UL: SNR = 63.50 dB | SE = 20.778 bit/s/Hz
[50315 ms] [UE 55862] UL: SNR = 63.50 dB | SE = 20.778 bit/s/Hz
[50315 ms] [UE 62817] UL: SNR = 52.00 dB | SE = 17.015 bit/s/Hz
[50315 ms] [UE 5257] UL: SNR = 63.50 dB | SE = 20.778 bit/s/Hz
[51256 ms] [UE 54141] UL: SNR = 63.50 dB | SE = 20.778 bit/s/Hz
[51256 ms] [UE 14002] UL: SNR = 53.00 dB | SE = 17.342 bit/s/Hz
[51256 ms] [UE 55839] UL: SNR = 56.00 dB | SE = 18.324 bit/s/Hz
[51256 ms] [UE 47098] UL: SNR = 51.00 dB | SE = 16.688 bit/s/Hz
[51256 ms] [UE 59499] UL: SNR = 53.50 dB | SE = 17.506 bit/s/Hz
[51256 ms] [UE 12524] UL: SNR = 56.50 dB | SE = 18.487 bit/s/Hz
[51315 ms] [UE 14608] UL: SNR = 63.50 dB | SE = 20.778 bit/s/Hz
[51315 ms] [UE 54487] UL: SNR = 63.50 dB | SE = 20.778 bit/s/Hz
[51315 ms] [UE 2959] UL: SNR = 34.00 dB | SE = 11.126 bit/s/Hz
[51315 ms] [UE 14350] UL: SNR = 63.50 dB | SE = 20.778 bit/s/Hz
[51315 ms] [UE 37624] UL: SNR = 63.50 dB | SE = 20.778 bit/s/Hz
[51315 ms] [UE 18432] UL: SNR = 63.50 dB | SE = 20.778 bit/s/Hz
[51315 ms] [UE 55143] UL: SNR = 63.50 dB | SE = 20.778 bit/s/Hz
[51315 ms] [UE 55862] UL: SNR = 63.50 dB | SE = 20.778 bit/s/Hz
[51315 ms] [UE 62817] UL: SNR = 52.00 dB | SE = 17.015 bit/s/Hz
[51315 ms] [UE 5257] UL: SNR = 63.50 dB | SE = 20.778 bit/s/Hz
[52264 ms] [UE 54141] UL: SNR = 63.50 dB | SE = 20.778 bit/s/Hz
[52264 ms] [UE 14002] UL: SNR = 53.00 dB | SE = 17.342 bit/s/Hz
[52264 ms] [UE 55839] UL: SNR = 56.00 dB | SE = 18.324 bit/s/Hz
[52264 ms] [UE 47098] UL: SNR = 51.00 dB | SE = 16.688 bit/s/Hz
[52264 ms] [UE 59499] UL: SNR = 53.50 dB | SE = 17.506 bit/s/Hz
[52264 ms] [UE 12524] UL: SNR = 56.50 dB | SE = 18.487 bit/s/Hz
[52315 ms] [UE 14608] UL: SNR = 63.50 dB | SE = 20.778 bit/s/Hz
[52315 ms] [UE 54487] UL: SNR = 63.50 dB | SE = 20.778 bit/s/Hz
[52315 ms] [UE 2959] UL: SNR = 34.00 dB | SE = 11.126 bit/s/Hz
[52315 ms] [UE 14350] UL: SNR = 63.50 dB | SE = 20.778 bit/s/Hz
[52315 ms] [UE 37624] UL: SNR = 63.50 dB | SE = 20.778 bit/s/Hz
[52315 ms] [UE 18432] UL: SNR = 63.50 dB | SE = 20.778 bit/s/Hz
[52315 ms] [UE 55143] UL: SNR = 63.50 dB | SE = 20.778 bit/s/Hz
[52315 ms] [UE 55862] UL: SNR = 63.50 dB | SE = 20.778 bit/s/Hz
[52315 ms] [UE 62817] UL: SNR = 52.00 dB | SE = 17.015 bit/s/Hz
[52315 ms] [UE 5257] UL: SNR = 63.50 dB | SE = 20.778 bit/s/Hz
[53264 ms] [UE 54141] UL: SNR = 63.50 dB | SE = 20.778 bit/s/Hz
[53264 ms] [UE 14002] UL: SNR = 53.00 dB | SE = 17.342 bit/s/Hz
[53264 ms] [UE 55839] UL: SNR = 56.00 dB | SE = 18.324 bit/s/Hz
[53264 ms] [UE 47098] UL: SNR = 51.00 dB | SE = 16.688 bit/s/Hz
[53264 ms] [UE 59499] UL: SNR = 53.50 dB | SE = 17.506 bit/s/Hz
[53264 ms] [UE 12524] UL: SNR = 56.50 dB | SE = 18.487 bit/s/Hz
[53315 ms] [UE 14608] UL: SNR = 63.50 dB | SE = 20.778 bit/s/Hz
[53315 ms] [UE 54487] UL: SNR = 63.50 dB | SE = 20.778 bit/s/Hz
[53315 ms] [UE 2959] UL: SNR = 34.00 dB | SE = 11.126 bit/s/Hz
[53315 ms] [UE 14350] UL: SNR = 63.50 dB | SE = 20.778 bit/s/Hz
[53315 ms] [UE 37624] UL: SNR = 63.50 dB | SE = 20.778 bit/s/Hz
[53315 ms] [UE 18432] UL: SNR = 63.50 dB | SE = 20.778 bit/s/Hz
[53315 ms] [UE 55143] UL: SNR = 63.50 dB | SE = 20.778 bit/s/Hz
[53315 ms] [UE 55862] UL: SNR = 63.50 dB | SE = 20.778 bit/s/Hz
[53315 ms] [UE 62817] UL: SNR = 52.00 dB | SE = 17.015 bit/s/Hz
[53315 ms] [UE 5257] UL: SNR = 63.50 dB | SE = 20.778 bit/s/Hz
[54273 ms] [UE 54141] UL: SNR = 63.50 dB | SE = 20.778 bit/s/Hz
[54273 ms] [UE 14002] UL: SNR = 59.00 dB | SE = 19.305 bit/s/Hz
[54273 ms] [UE 55839] UL: SNR = 60.00 dB | SE = 19.633 bit/s/Hz
[54273 ms] [UE 47098] UL: SNR = 51.00 dB | SE = 16.688 bit/s/Hz
[54273 ms] [UE 59499] UL: SNR = 53.50 dB | SE = 17.506 bit/s/Hz
[54273 ms] [UE 12524] UL: SNR = 56.50 dB | SE = 18.487 bit/s/Hz
[54327 ms] [UE 14608] UL: SNR = 63.50 dB | SE = 20.778 bit/s/Hz
[54327 ms] [UE 54487] UL: SNR = 63.50 dB | SE = 20.778 bit/s/Hz
[54327 ms] [UE 2959] UL: SNR = 34.00 dB | SE = 11.126 bit/s/Hz
[54327 ms] [UE 14350] UL: SNR = 63.50 dB | SE = 20.778 bit/s/Hz
[54327 ms] [UE 37624] UL: SNR = 63.50 dB | SE = 20.778 bit/s/Hz
[54327 ms] [UE 18432] UL: SNR = 63.50 dB | SE = 20.778 bit/s/Hz
[54327 ms] [UE 55143] UL: SNR = 63.50 dB | SE = 20.778 bit/s/Hz
[54327 ms] [UE 55862] UL: SNR = 63.50 dB | SE = 20.778 bit/s/Hz
[54327 ms] [UE 62817] UL: SNR = 52.00 dB | SE = 17.015 bit/s/Hz
[54327 ms] [UE 5257] UL: SNR = 63.50 dB | SE = 20.778 bit/s/Hz
[55274 ms] [UE 54141] UL: SNR = 63.50 dB | SE = 20.778 bit/s/Hz
[55274 ms] [UE 14002] UL: SNR = 59.00 dB | SE = 19.305 bit/s/Hz
[55274 ms] [UE 55839] UL: SNR = 60.00 dB | SE = 19.633 bit/s/Hz
[55274 ms] [UE 47098] UL: SNR = 55.50 dB | SE = 18.160 bit/s/Hz
[55274 ms] [UE 59499] UL: SNR = 53.50 dB | SE = 17.506 bit/s/Hz
[55274 ms] [UE 12524] UL: SNR = 56.50 dB | SE = 18.487 bit/s/Hz
[55335 ms] [UE 14608] UL: SNR = 63.50 dB | SE = 20.778 bit/s/Hz
[55335 ms] [UE 54487] UL: SNR = 63.50 dB | SE = 20.778 bit/s/Hz
[55335 ms] [UE 2959] UL: SNR = 34.00 dB | SE = 11.126 bit/s/Hz
[55335 ms] [UE 14350] UL: SNR = 63.50 dB | SE = 20.778 bit/s/Hz
[55335 ms] [UE 37624] UL: SNR = 63.50 dB | SE = 20.778 bit/s/Hz
[55335 ms] [UE 18432] UL: SNR = 63.50 dB | SE = 20.778 bit/s/Hz
[55335 ms] [UE 55143] UL: SNR = 63.50 dB | SE = 20.778 bit/s/Hz
[55335 ms] [UE 55862] UL: SNR = 63.50 dB | SE = 20.778 bit/s/Hz
[55335 ms] [UE 62817] UL: SNR = 52.00 dB | SE = 17.015 bit/s/Hz
[55335 ms] [UE 5257] UL: SNR = 63.50 dB | SE = 20.778 bit/s/Hz
[56283 ms] [UE 54141] UL: SNR = 63.50 dB | SE = 20.778 bit/s/Hz
[56283 ms] [UE 14002] UL: SNR = 53.50 dB | SE = 17.506 bit/s/Hz
[56283 ms] [UE 55839] UL: SNR = 56.50 dB | SE = 18.487 bit/s/Hz
[56283 ms] [UE 47098] UL: SNR = 51.50 dB | SE = 16.851 bit/s/Hz
[56283 ms] [UE 59499] UL: SNR = 53.50 dB | SE = 17.506 bit/s/Hz
[56283 ms] [UE 12524] UL: SNR = 56.50 dB | SE = 18.487 bit/s/Hz
[56335 ms] [UE 14608] UL: SNR = 63.50 dB | SE = 20.778 bit/s/Hz
[56335 ms] [UE 54487] UL: SNR = 63.50 dB | SE = 20.778 bit/s/Hz
[56335 ms] [UE 2959] UL: SNR = 34.00 dB | SE = 11.126 bit/s/Hz
[56335 ms] [UE 14350] UL: SNR = 63.50 dB | SE = 20.778 bit/s/Hz
[56335 ms] [UE 37624] UL: SNR = 63.50 dB | SE = 20.778 bit/s/Hz
[56335 ms] [UE 18432] UL: SNR = 63.50 dB | SE = 20.778 bit/s/Hz
[56335 ms] [UE 55143] UL: SNR = 63.50 dB | SE = 20.778 bit/s/Hz
[56335 ms] [UE 55862] UL: SNR = 63.50 dB | SE = 20.778 bit/s/Hz
[56335 ms] [UE 62817] UL: SNR = 52.00 dB | SE = 17.015 bit/s/Hz
[56335 ms] [UE 5257] UL: SNR = 63.50 dB | SE = 20.778 bit/s/Hz
[57284 ms] [UE 54141] UL: SNR = 63.50 dB | SE = 20.778 bit/s/Hz
[57284 ms] [UE 14002] UL: SNR = 53.50 dB | SE = 17.506 bit/s/Hz
[57284 ms] [UE 55839] UL: SNR = 56.50 dB | SE = 18.487 bit/s/Hz
[57284 ms] [UE 47098] UL: SNR = 51.50 dB | SE = 16.851 bit/s/Hz
[57284 ms] [UE 59499] UL: SNR = 53.50 dB | SE = 17.506 bit/s/Hz
[57284 ms] [UE 12524] UL: SNR = 56.50 dB | SE = 18.487 bit/s/Hz
[57336 ms] [UE 14608] UL: SNR = 63.50 dB | SE = 20.778 bit/s/Hz
[57336 ms] [UE 54487] UL: SNR = 63.50 dB | SE = 20.778 bit/s/Hz
[57336 ms] [UE 2959] UL: SNR = 34.00 dB | SE = 11.126 bit/s/Hz
[57336 ms] [UE 14350] UL: SNR = 63.50 dB | SE = 20.778 bit/s/Hz
[57336 ms] [UE 37624] UL: SNR = 63.50 dB | SE = 20.778 bit/s/Hz
[57336 ms] [UE 18432] UL: SNR = 63.50 dB | SE = 20.778 bit/s/Hz
[57336 ms] [UE 55143] UL: SNR = 63.50 dB | SE = 20.778 bit/s/Hz
[57336 ms] [UE 55862] UL: SNR = 63.50 dB | SE = 20.778 bit/s/Hz
[57336 ms] [UE 62817] UL: SNR = 52.00 dB | SE = 17.015 bit/s/Hz
[57336 ms] [UE 5257] UL: SNR = 63.50 dB | SE = 20.778 bit/s/Hz
[58293 ms] [UE 54141] UL: SNR = 63.50 dB | SE = 20.778 bit/s/Hz
[58293 ms] [UE 14002] UL: SNR = 53.50 dB | SE = 17.506 bit/s/Hz
[58293 ms] [UE 55839] UL: SNR = 63.50 dB | SE = 20.778 bit/s/Hz
[58293 ms] [UE 47098] UL: SNR = 63.50 dB | SE = 20.778 bit/s/Hz
[58293 ms] [UE 59499] UL: SNR = 53.50 dB | SE = 17.506 bit/s/Hz
[58293 ms] [UE 12524] UL: SNR = 56.50 dB | SE = 18.487 bit/s/Hz
[58345 ms] [UE 14608] UL: SNR = 63.50 dB | SE = 20.778 bit/s/Hz
[58345 ms] [UE 54487] UL: SNR = 63.50 dB | SE = 20.778 bit/s/Hz
[58345 ms] [UE 2959] UL: SNR = 34.00 dB | SE = 11.126 bit/s/Hz
[58345 ms] [UE 14350] UL: SNR = 63.50 dB | SE = 20.778 bit/s/Hz
[58345 ms] [UE 37624] UL: SNR = 63.50 dB | SE = 20.778 bit/s/Hz
[58345 ms] [UE 18432] UL: SNR = 63.50 dB | SE = 20.778 bit/s/Hz
[58345 ms] [UE 55143] UL: SNR = 63.50 dB | SE = 20.778 bit/s/Hz
[58345 ms] [UE 55862] UL: SNR = 63.50 dB | SE = 20.778 bit/s/Hz
[58345 ms] [UE 62817] UL: SNR = 52.00 dB | SE = 17.015 bit/s/Hz
[58345 ms] [UE 5257] UL: SNR = 63.50 dB | SE = 20.778 bit/s/Hz
[59294 ms] [UE 54141] UL: SNR = 63.50 dB | SE = 20.778 bit/s/Hz
[59294 ms] [UE 14002] UL: SNR = 53.50 dB | SE = 17.506 bit/s/Hz
[59294 ms] [UE 55839] UL: SNR = 63.50 dB | SE = 20.778 bit/s/Hz
[59294 ms] [UE 47098] UL: SNR = 63.50 dB | SE = 20.778 bit/s/Hz
[59294 ms] [UE 59499] UL: SNR = 53.50 dB | SE = 17.506 bit/s/Hz
[59294 ms] [UE 12524] UL: SNR = 56.50 dB | SE = 18.487 bit/s/Hz
[59345 ms] [UE 14608] UL: SNR = 63.50 dB | SE = 20.778 bit/s/Hz
[59345 ms] [UE 54487] UL: SNR = 63.50 dB | SE = 20.778 bit/s/Hz
[59345 ms] [UE 2959] UL: SNR = 34.00 dB | SE = 11.126 bit/s/Hz
[59345 ms] [UE 14350] UL: SNR = 63.50 dB | SE = 20.778 bit/s/Hz
[59345 ms] [UE 37624] UL: SNR = 63.50 dB | SE = 20.778 bit/s/Hz
[59345 ms] [UE 18432] UL: SNR = 63.50 dB | SE = 20.778 bit/s/Hz
[59345 ms] [UE 55143] UL: SNR = 63.50 dB | SE = 20.778 bit/s/Hz
[59345 ms] [UE 55862] UL: SNR = 63.50 dB | SE = 20.778 bit/s/Hz
[59345 ms] [UE 62817] UL: SNR = 52.00 dB | SE = 17.015 bit/s/Hz
[59345 ms] [UE 5257] UL: SNR = 63.50 dB | SE = 20.778 bit/s/Hz
[60303 ms] [UE 54141] UL: SNR = 63.50 dB | SE = 20.778 bit/s/Hz
[60303 ms] [UE 14002] UL: SNR = 53.50 dB | SE = 17.506 bit/s/Hz
[60303 ms] [UE 55839] UL: SNR = 63.50 dB | SE = 20.778 bit/s/Hz
[60303 ms] [UE 47098] UL: SNR = 63.50 dB | SE = 20.778 bit/s/Hz
[60303 ms] [UE 59499] UL: SNR = 53.50 dB | SE = 17.506 bit/s/Hz
[60303 ms] [UE 12524] UL: SNR = 56.50 dB | SE = 18.487 bit/s/Hz
[60345 ms] [UE 14608] UL: SNR = 63.50 dB | SE = 20.778 bit/s/Hz
[60345 ms] [UE 54487] UL: SNR = 63.50 dB | SE = 20.778 bit/s/Hz
[60345 ms] [UE 2959] UL: SNR = 34.00 dB | SE = 11.126 bit/s/Hz
[60345 ms] [UE 14350] UL: SNR = 63.50 dB | SE = 20.778 bit/s/Hz
[60345 ms] [UE 37624] UL: SNR = 63.50 dB | SE = 20.778 bit/s/Hz
[60345 ms] [UE 18432] UL: SNR = 63.50 dB | SE = 20.778 bit/s/Hz
[60345 ms] [UE 55143] UL: SNR = 63.50 dB | SE = 20.778 bit/s/Hz
[60345 ms] [UE 55862] UL: SNR = 63.50 dB | SE = 20.778 bit/s/Hz
[60345 ms] [UE 62817] UL: SNR = 52.00 dB | SE = 17.015 bit/s/Hz
[60345 ms] [UE 5257] UL: SNR = 63.50 dB | SE = 20.778 bit/s/Hz
[61304 ms] [UE 54141] UL: SNR = 63.50 dB | SE = 20.778 bit/s/Hz
[61304 ms] [UE 14002] UL: SNR = 59.00 dB | SE = 19.305 bit/s/Hz
[61304 ms] [UE 55839] UL: SNR = 60.00 dB | SE = 19.633 bit/s/Hz
[61304 ms] [UE 47098] UL: SNR = 63.50 dB | SE = 20.778 bit/s/Hz
[61304 ms] [UE 59499] UL: SNR = 53.50 dB | SE = 17.506 bit/s/Hz
[61304 ms] [UE 12524] UL: SNR = 56.50 dB | SE = 18.487 bit/s/Hz
[61355 ms] [UE 14608] UL: SNR = 63.50 dB | SE = 20.778 bit/s/Hz
[61355 ms] [UE 54487] UL: SNR = 63.50 dB | SE = 20.778 bit/s/Hz
[61355 ms] [UE 2959] UL: SNR = 34.00 dB | SE = 11.126 bit/s/Hz
[61355 ms] [UE 14350] UL: SNR = 63.50 dB | SE = 20.778 bit/s/Hz
[61355 ms] [UE 37624] UL: SNR = 63.50 dB | SE = 20.778 bit/s/Hz
[61355 ms] [UE 18432] UL: SNR = 63.50 dB | SE = 20.778 bit/s/Hz
[61355 ms] [UE 55143] UL: SNR = 63.50 dB | SE = 20.778 bit/s/Hz
[61355 ms] [UE 55862] UL: SNR = 63.50 dB | SE = 20.778 bit/s/Hz
[61355 ms] [UE 62817] UL: SNR = 52.00 dB | SE = 17.015 bit/s/Hz
[61355 ms] [UE 5257] UL: SNR = 63.50 dB | SE = 20.778 bit/s/Hz
[62313 ms] [UE 54141] UL: SNR = 63.50 dB | SE = 20.778 bit/s/Hz
[62313 ms] [UE 14002] UL: SNR = 59.00 dB | SE = 19.305 bit/s/Hz
[62313 ms] [UE 55839] UL: SNR = 60.00 dB | SE = 19.633 bit/s/Hz
[62313 ms] [UE 47098] UL: SNR = 55.50 dB | SE = 18.160 bit/s/Hz
[62313 ms] [UE 59499] UL: SNR = 53.50 dB | SE = 17.506 bit/s/Hz
[62313 ms] [UE 12524] UL: SNR = 56.50 dB | SE = 18.487 bit/s/Hz
[62366 ms] [UE 14608] UL: SNR = 63.50 dB | SE = 20.778 bit/s/Hz
[62366 ms] [UE 54487] UL: SNR = 63.50 dB | SE = 20.778 bit/s/Hz
[62366 ms] [UE 2959] UL: SNR = 34.00 dB | SE = 11.126 bit/s/Hz
[62366 ms] [UE 14350] UL: SNR = 63.50 dB | SE = 20.778 bit/s/Hz
[62366 ms] [UE 37624] UL: SNR = 63.50 dB | SE = 20.778 bit/s/Hz
[62366 ms] [UE 18432] UL: SNR = 63.50 dB | SE = 20.778 bit/s/Hz
[62366 ms] [UE 55143] UL: SNR = 63.50 dB | SE = 20.778 bit/s/Hz
[62366 ms] [UE 55862] UL: SNR = 63.50 dB | SE = 20.778 bit/s/Hz
[62366 ms] [UE 62817] UL: SNR = 52.00 dB | SE = 17.015 bit/s/Hz
[62366 ms] [UE 5257] UL: SNR = 63.50 dB | SE = 20.778 bit/s/Hz
[63313 ms] [UE 54141] UL: SNR = 63.50 dB | SE = 20.778 bit/s/Hz
[63313 ms] [UE 14002] UL: SNR = 53.50 dB | SE = 17.506 bit/s/Hz
[63313 ms] [UE 55839] UL: SNR = 56.50 dB | SE = 18.487 bit/s/Hz
[63313 ms] [UE 47098] UL: SNR = 51.50 dB | SE = 16.851 bit/s/Hz
[63313 ms] [UE 59499] UL: SNR = 53.50 dB | SE = 17.506 bit/s/Hz
[63313 ms] [UE 12524] UL: SNR = 56.50 dB | SE = 18.487 bit/s/Hz
[63367 ms] [UE 14608] UL: SNR = 63.50 dB | SE = 20.778 bit/s/Hz
[63367 ms] [UE 54487] UL: SNR = 63.50 dB | SE = 20.778 bit/s/Hz
[63367 ms] [UE 2959] UL: SNR = 34.00 dB | SE = 11.126 bit/s/Hz
[63367 ms] [UE 14350] UL: SNR = 63.50 dB | SE = 20.778 bit/s/Hz
[63367 ms] [UE 37624] UL: SNR = 63.50 dB | SE = 20.778 bit/s/Hz
[63367 ms] [UE 18432] UL: SNR = 63.50 dB | SE = 20.778 bit/s/Hz
[63367 ms] [UE 55143] UL: SNR = 63.50 dB | SE = 20.778 bit/s/Hz
[63367 ms] [UE 55862] UL: SNR = 63.50 dB | SE = 20.778 bit/s/Hz
[63367 ms] [UE 62817] UL: SNR = 52.00 dB | SE = 17.015 bit/s/Hz
[63367 ms] [UE 5257] UL: SNR = 63.50 dB | SE = 20.778 bit/s/Hz
[64315 ms] [UE 54141] UL: SNR = 63.50 dB | SE = 20.778 bit/s/Hz
[64315 ms] [UE 14002] UL: SNR = 53.50 dB | SE = 17.506 bit/s/Hz
[64315 ms] [UE 55839] UL: SNR = 56.50 dB | SE = 18.487 bit/s/Hz
[64315 ms] [UE 47098] UL: SNR = 51.50 dB | SE = 16.851 bit/s/Hz
[64315 ms] [UE 59499] UL: SNR = 53.50 dB | SE = 17.506 bit/s/Hz
[64315 ms] [UE 12524] UL: SNR = 56.50 dB | SE = 18.487 bit/s/Hz
[64375 ms] [UE 14608] UL: SNR = 63.50 dB | SE = 20.778 bit/s/Hz
[64375 ms] [UE 54487] UL: SNR = 63.50 dB | SE = 20.778 bit/s/Hz
[64375 ms] [UE 2959] UL: SNR = 34.00 dB | SE = 11.126 bit/s/Hz
[64375 ms] [UE 14350] UL: SNR = 63.50 dB | SE = 20.778 bit/s/Hz
[64375 ms] [UE 37624] UL: SNR = 63.50 dB | SE = 20.778 bit/s/Hz
[64375 ms] [UE 18432] UL: SNR = 63.50 dB | SE = 20.778 bit/s/Hz
[64375 ms] [UE 55143] UL: SNR = 63.50 dB | SE = 20.778 bit/s/Hz
[64375 ms] [UE 55862] UL: SNR = 63.50 dB | SE = 20.778 bit/s/Hz
[64375 ms] [UE 62817] UL: SNR = 52.00 dB | SE = 17.015 bit/s/Hz
[64375 ms] [UE 5257] UL: SNR = 63.50 dB | SE = 20.778 bit/s/Hz
[65325 ms] [UE 54141] UL: SNR = 63.50 dB | SE = 20.778 bit/s/Hz
[65325 ms] [UE 14002] UL: SNR = 53.50 dB | SE = 17.506 bit/s/Hz
[65325 ms] [UE 55839] UL: SNR = 56.50 dB | SE = 18.487 bit/s/Hz
[65325 ms] [UE 47098] UL: SNR = 51.50 dB | SE = 16.851 bit/s/Hz
[65325 ms] [UE 59499] UL: SNR = 53.50 dB | SE = 17.506 bit/s/Hz
[65325 ms] [UE 12524] UL: SNR = 56.50 dB | SE = 18.487 bit/s/Hz
[65376 ms] [UE 14608] UL: SNR = 63.50 dB | SE = 20.778 bit/s/Hz
[65376 ms] [UE 54487] UL: SNR = 63.50 dB | SE = 20.778 bit/s/Hz
[65376 ms] [UE 2959] UL: SNR = 34.00 dB | SE = 11.126 bit/s/Hz
[65376 ms] [UE 14350] UL: SNR = 63.50 dB | SE = 20.778 bit/s/Hz
[65376 ms] [UE 37624] UL: SNR = 63.50 dB | SE = 20.778 bit/s/Hz
[65376 ms] [UE 18432] UL: SNR = 63.50 dB | SE = 20.778 bit/s/Hz
[65376 ms] [UE 55143] UL: SNR = 63.50 dB | SE = 20.778 bit/s/Hz
[65376 ms] [UE 55862] UL: SNR = 63.50 dB | SE = 20.778 bit/s/Hz
[65376 ms] [UE 62817] UL: SNR = 52.00 dB | SE = 17.015 bit/s/Hz
[65376 ms] [UE 5257] UL: SNR = 63.50 dB | SE = 20.778 bit/s/Hz
[66334 ms] [UE 54141] UL: SNR = 63.50 dB | SE = 20.778 bit/s/Hz
[66334 ms] [UE 14002] UL: SNR = 53.50 dB | SE = 17.506 bit/s/Hz
[66334 ms] [UE 55839] UL: SNR = 56.50 dB | SE = 18.487 bit/s/Hz
[66334 ms] [UE 47098] UL: SNR = 51.50 dB | SE = 16.851 bit/s/Hz
[66334 ms] [UE 59499] UL: SNR = 53.50 dB | SE = 17.506 bit/s/Hz
[66334 ms] [UE 12524] UL: SNR = 56.50 dB | SE = 18.487 bit/s/Hz
[66377 ms] [UE 14608] UL: SNR = 63.50 dB | SE = 20.778 bit/s/Hz
[66377 ms] [UE 54487] UL: SNR = 63.50 dB | SE = 20.778 bit/s/Hz
[66377 ms] [UE 2959] UL: SNR = 34.00 dB | SE = 11.126 bit/s/Hz
[66377 ms] [UE 14350] UL: SNR = 63.50 dB | SE = 20.778 bit/s/Hz
[66377 ms] [UE 37624] UL: SNR = 63.50 dB | SE = 20.778 bit/s/Hz
[66377 ms] [UE 18432] UL: SNR = 63.50 dB | SE = 20.778 bit/s/Hz
[66377 ms] [UE 55143] UL: SNR = 63.50 dB | SE = 20.778 bit/s/Hz
[66377 ms] [UE 55862] UL: SNR = 63.50 dB | SE = 20.778 bit/s/Hz
[66377 ms] [UE 62817] UL: SNR = 52.00 dB | SE = 17.015 bit/s/Hz
[66377 ms] [UE 5257] UL: SNR = 63.50 dB | SE = 20.778 bit/s/Hz
[67344 ms] [UE 54141] UL: SNR = 63.50 dB | SE = 20.778 bit/s/Hz
[67344 ms] [UE 14002] UL: SNR = 53.50 dB | SE = 17.506 bit/s/Hz
[67344 ms] [UE 55839] UL: SNR = 56.50 dB | SE = 18.487 bit/s/Hz
[67344 ms] [UE 47098] UL: SNR = 51.50 dB | SE = 16.851 bit/s/Hz
[67344 ms] [UE 59499] UL: SNR = 53.50 dB | SE = 17.506 bit/s/Hz
[67344 ms] [UE 12524] UL: SNR = 56.50 dB | SE = 18.487 bit/s/Hz
[67386 ms] [UE 14608] UL: SNR = 63.50 dB | SE = 20.778 bit/s/Hz
[67386 ms] [UE 54487] UL: SNR = 63.50 dB | SE = 20.778 bit/s/Hz
[67386 ms] [UE 2959] UL: SNR = 34.00 dB | SE = 11.126 bit/s/Hz
[67386 ms] [UE 14350] UL: SNR = 63.50 dB | SE = 20.778 bit/s/Hz
[67386 ms] [UE 37624] UL: SNR = 63.50 dB | SE = 20.778 bit/s/Hz
[67386 ms] [UE 18432] UL: SNR = 63.50 dB | SE = 20.778 bit/s/Hz
[67386 ms] [UE 55143] UL: SNR = 63.50 dB | SE = 20.778 bit/s/Hz
[67386 ms] [UE 55862] UL: SNR = 63.50 dB | SE = 20.778 bit/s/Hz
[67386 ms] [UE 62817] UL: SNR = 52.00 dB | SE = 17.015 bit/s/Hz
[67386 ms] [UE 5257] UL: SNR = 63.50 dB | SE = 20.778 bit/s/Hz
[68353 ms] [UE 54141] UL: SNR = 63.50 dB | SE = 20.778 bit/s/Hz
[68353 ms] [UE 14002] UL: SNR = 59.00 dB | SE = 19.305 bit/s/Hz
[68353 ms] [UE 55839] UL: SNR = 60.00 dB | SE = 19.633 bit/s/Hz
[68353 ms] [UE 47098] UL: SNR = 51.50 dB | SE = 16.851 bit/s/Hz
[68353 ms] [UE 59499] UL: SNR = 53.50 dB | SE = 17.506 bit/s/Hz
[68353 ms] [UE 12524] UL: SNR = 56.50 dB | SE = 18.487 bit/s/Hz
[68397 ms] [UE 14608] UL: SNR = 63.50 dB | SE = 20.778 bit/s/Hz
[68397 ms] [UE 54487] UL: SNR = 63.50 dB | SE = 20.778 bit/s/Hz
[68397 ms] [UE 2959] UL: SNR = 34.00 dB | SE = 11.126 bit/s/Hz
[68397 ms] [UE 14350] UL: SNR = 63.50 dB | SE = 20.778 bit/s/Hz
[68397 ms] [UE 37624] UL: SNR = 63.50 dB | SE = 20.778 bit/s/Hz
[68397 ms] [UE 18432] UL: SNR = 63.50 dB | SE = 20.778 bit/s/Hz
[68397 ms] [UE 55143] UL: SNR = 63.50 dB | SE = 20.778 bit/s/Hz
[68397 ms] [UE 55862] UL: SNR = 63.50 dB | SE = 20.778 bit/s/Hz
[68397 ms] [UE 62817] UL: SNR = 52.00 dB | SE = 17.015 bit/s/Hz
[68397 ms] [UE 5257] UL: SNR = 63.50 dB | SE = 20.778 bit/s/Hz
[69354 ms] [UE 54141] UL: SNR = 63.50 dB | SE = 20.778 bit/s/Hz
[69354 ms] [UE 14002] UL: SNR = 59.00 dB | SE = 19.305 bit/s/Hz
[69354 ms] [UE 55839] UL: SNR = 60.00 dB | SE = 19.633 bit/s/Hz
[69354 ms] [UE 47098] UL: SNR = 51.50 dB | SE = 16.851 bit/s/Hz
[69354 ms] [UE 59499] UL: SNR = 53.50 dB | SE = 17.506 bit/s/Hz
[69354 ms] [UE 12524] UL: SNR = 56.50 dB | SE = 18.487 bit/s/Hz
[69406 ms] [UE 14608] UL: SNR = 63.50 dB | SE = 20.778 bit/s/Hz
[69406 ms] [UE 54487] UL: SNR = 63.50 dB | SE = 20.778 bit/s/Hz
[69406 ms] [UE 2959] UL: SNR = 34.00 dB | SE = 11.126 bit/s/Hz
[69406 ms] [UE 14350] UL: SNR = 63.50 dB | SE = 20.778 bit/s/Hz
[69406 ms] [UE 37624] UL: SNR = 63.50 dB | SE = 20.778 bit/s/Hz
[69406 ms] [UE 18432] UL: SNR = 63.50 dB | SE = 20.778 bit/s/Hz
[69406 ms] [UE 55143] UL: SNR = 63.50 dB | SE = 20.778 bit/s/Hz
[69406 ms] [UE 55862] UL: SNR = 63.50 dB | SE = 20.778 bit/s/Hz
[69406 ms] [UE 62817] UL: SNR = 52.00 dB | SE = 17.015 bit/s/Hz
[69406 ms] [UE 5257] UL: SNR = 63.50 dB | SE = 20.778 bit/s/Hz
[70364 ms] [UE 54141] UL: SNR = 63.50 dB | SE = 20.778 bit/s/Hz
[70364 ms] [UE 14002] UL: SNR = 53.00 dB | SE = 17.342 bit/s/Hz
[70364 ms] [UE 55839] UL: SNR = 56.00 dB | SE = 18.324 bit/s/Hz
[70364 ms] [UE 47098] UL: SNR = 51.00 dB | SE = 16.688 bit/s/Hz
[70364 ms] [UE 59499] UL: SNR = 53.50 dB | SE = 17.506 bit/s/Hz
[70364 ms] [UE 12524] UL: SNR = 56.50 dB | SE = 18.487 bit/s/Hz
[70406 ms] [UE 14608] UL: SNR = 63.50 dB | SE = 20.778 bit/s/Hz
[70406 ms] [UE 54487] UL: SNR = 63.50 dB | SE = 20.778 bit/s/Hz
[70406 ms] [UE 2959] UL: SNR = 34.00 dB | SE = 11.126 bit/s/Hz
[70406 ms] [UE 14350] UL: SNR = 63.50 dB | SE = 20.778 bit/s/Hz
[70406 ms] [UE 37624] UL: SNR = 63.50 dB | SE = 20.778 bit/s/Hz
[70406 ms] [UE 18432] UL: SNR = 63.50 dB | SE = 20.778 bit/s/Hz
[70406 ms] [UE 55143] UL: SNR = 63.50 dB | SE = 20.778 bit/s/Hz
[70406 ms] [UE 55862] UL: SNR = 63.50 dB | SE = 20.778 bit/s/Hz
[70406 ms] [UE 62817] UL: SNR = 52.00 dB | SE = 17.015 bit/s/Hz
[70406 ms] [UE 5257] UL: SNR = 63.50 dB | SE = 20.778 bit/s/Hz
[71364 ms] [UE 54141] UL: SNR = 63.50 dB | SE = 20.778 bit/s/Hz
[71364 ms] [UE 14002] UL: SNR = 53.00 dB | SE = 17.342 bit/s/Hz
[71364 ms] [UE 55839] UL: SNR = 56.00 dB | SE = 18.324 bit/s/Hz
[71364 ms] [UE 47098] UL: SNR = 51.00 dB | SE = 16.688 bit/s/Hz
[71364 ms] [UE 59499] UL: SNR = 53.50 dB | SE = 17.506 bit/s/Hz
[71364 ms] [UE 12524] UL: SNR = 56.50 dB | SE = 18.487 bit/s/Hz
[71415 ms] [UE 14608] UL: SNR = 63.50 dB | SE = 20.778 bit/s/Hz
[71415 ms] [UE 54487] UL: SNR = 63.50 dB | SE = 20.778 bit/s/Hz
[71415 ms] [UE 2959] UL: SNR = 34.00 dB | SE = 11.126 bit/s/Hz
[71415 ms] [UE 14350] UL: SNR = 63.50 dB | SE = 20.778 bit/s/Hz
[71415 ms] [UE 37624] UL: SNR = 63.50 dB | SE = 20.778 bit/s/Hz
[71415 ms] [UE 18432] UL: SNR = 63.50 dB | SE = 20.778 bit/s/Hz
[71415 ms] [UE 55143] UL: SNR = 63.50 dB | SE = 20.778 bit/s/Hz
[71415 ms] [UE 55862] UL: SNR = 63.50 dB | SE = 20.778 bit/s/Hz
[71415 ms] [UE 62817] UL: SNR = 52.00 dB | SE = 17.015 bit/s/Hz
[71415 ms] [UE 5257] UL: SNR = 63.50 dB | SE = 20.778 bit/s/Hz
[72366 ms] [UE 54141] UL: SNR = 63.50 dB | SE = 20.778 bit/s/Hz
[72366 ms] [UE 14002] UL: SNR = 53.00 dB | SE = 17.342 bit/s/Hz
[72366 ms] [UE 55839] UL: SNR = 56.00 dB | SE = 18.324 bit/s/Hz
[72366 ms] [UE 47098] UL: SNR = 51.00 dB | SE = 16.688 bit/s/Hz
[72366 ms] [UE 59499] UL: SNR = 53.50 dB | SE = 17.506 bit/s/Hz
[72366 ms] [UE 12524] UL: SNR = 56.50 dB | SE = 18.487 bit/s/Hz
[72416 ms] [UE 14608] UL: SNR = 63.50 dB | SE = 20.778 bit/s/Hz
[72416 ms] [UE 54487] UL: SNR = 63.50 dB | SE = 20.778 bit/s/Hz
[72416 ms] [UE 2959] UL: SNR = 34.00 dB | SE = 11.126 bit/s/Hz
[72416 ms] [UE 14350] UL: SNR = 63.50 dB | SE = 20.778 bit/s/Hz
[72416 ms] [UE 37624] UL: SNR = 63.50 dB | SE = 20.778 bit/s/Hz
[72416 ms] [UE 18432] UL: SNR = 63.50 dB | SE = 20.778 bit/s/Hz
[72416 ms] [UE 55143] UL: SNR = 63.50 dB | SE = 20.778 bit/s/Hz
[72416 ms] [UE 55862] UL: SNR = 63.50 dB | SE = 20.778 bit/s/Hz
[72416 ms] [UE 62817] UL: SNR = 52.00 dB | SE = 17.015 bit/s/Hz
[72416 ms] [UE 5257] UL: SNR = 63.50 dB | SE = 20.778 bit/s/Hz
[73374 ms] [UE 54141] UL: SNR = 63.50 dB | SE = 20.778 bit/s/Hz
[73374 ms] [UE 14002] UL: SNR = 53.00 dB | SE = 17.342 bit/s/Hz
[73374 ms] [UE 55839] UL: SNR = 56.00 dB | SE = 18.324 bit/s/Hz
[73374 ms] [UE 47098] UL: SNR = 51.00 dB | SE = 16.688 bit/s/Hz
[73374 ms] [UE 59499] UL: SNR = 53.50 dB | SE = 17.506 bit/s/Hz
[73374 ms] [UE 12524] UL: SNR = 56.50 dB | SE = 18.487 bit/s/Hz
[73416 ms] [UE 14608] UL: SNR = 63.50 dB | SE = 20.778 bit/s/Hz
[73416 ms] [UE 54487] UL: SNR = 63.50 dB | SE = 20.778 bit/s/Hz
[73416 ms] [UE 2959] UL: SNR = 34.00 dB | SE = 11.126 bit/s/Hz
[73416 ms] [UE 14350] UL: SNR = 63.50 dB | SE = 20.778 bit/s/Hz
[73416 ms] [UE 37624] UL: SNR = 63.50 dB | SE = 20.778 bit/s/Hz
[73416 ms] [UE 18432] UL: SNR = 63.50 dB | SE = 20.778 bit/s/Hz
[73416 ms] [UE 55143] UL: SNR = 63.50 dB | SE = 20.778 bit/s/Hz
[73416 ms] [UE 55862] UL: SNR = 63.50 dB | SE = 20.778 bit/s/Hz
[73416 ms] [UE 62817] UL: SNR = 52.00 dB | SE = 17.015 bit/s/Hz
[73416 ms] [UE 5257] UL: SNR = 63.50 dB | SE = 20.778 bit/s/Hz
[74374 ms] [UE 54141] UL: SNR = 63.50 dB | SE = 20.778 bit/s/Hz
[74374 ms] [UE 14002] UL: SNR = 53.00 dB | SE = 17.342 bit/s/Hz
[74374 ms] [UE 55839] UL: SNR = 56.00 dB | SE = 18.324 bit/s/Hz
[74374 ms] [UE 47098] UL: SNR = 51.00 dB | SE = 16.688 bit/s/Hz
[74374 ms] [UE 59499] UL: SNR = 53.50 dB | SE = 17.506 bit/s/Hz
[74374 ms] [UE 12524] UL: SNR = 56.50 dB | SE = 18.487 bit/s/Hz
[74416 ms] [UE 14608] UL: SNR = 63.50 dB | SE = 20.778 bit/s/Hz
[74416 ms] [UE 54487] UL: SNR = 63.50 dB | SE = 20.778 bit/s/Hz
[74416 ms] [UE 2959] UL: SNR = 34.00 dB | SE = 11.126 bit/s/Hz
[74416 ms] [UE 14350] UL: SNR = 63.50 dB | SE = 20.778 bit/s/Hz
[74416 ms] [UE 37624] UL: SNR = 63.50 dB | SE = 20.778 bit/s/Hz
[74416 ms] [UE 18432] UL: SNR = 63.50 dB | SE = 20.778 bit/s/Hz
[74416 ms] [UE 55143] UL: SNR = 63.50 dB | SE = 20.778 bit/s/Hz
[74416 ms] [UE 55862] UL: SNR = 63.50 dB | SE = 20.778 bit/s/Hz
[74416 ms] [UE 62817] UL: SNR = 52.00 dB | SE = 17.015 bit/s/Hz
[74416 ms] [UE 5257] UL: SNR = 63.50 dB | SE = 20.778 bit/s/Hz
[75375 ms] [UE 54141] UL: SNR = 60.50 dB | SE = 19.796 bit/s/Hz
[75375 ms] [UE 14002] UL: SNR = 57.50 dB | SE = 18.815 bit/s/Hz
[75375 ms] [UE 55839] UL: SNR = 56.00 dB | SE = 18.324 bit/s/Hz
[75375 ms] [UE 47098] UL: SNR = 56.50 dB | SE = 18.487 bit/s/Hz
[75375 ms] [UE 59499] UL: SNR = 60.50 dB | SE = 19.796 bit/s/Hz
[75375 ms] [UE 12524] UL: SNR = 56.50 dB | SE = 18.487 bit/s/Hz
[75417 ms] [UE 14608] UL: SNR = 63.50 dB | SE = 20.778 bit/s/Hz
[75417 ms] [UE 54487] UL: SNR = 63.50 dB | SE = 20.778 bit/s/Hz
[75417 ms] [UE 2959] UL: SNR = 34.00 dB | SE = 11.126 bit/s/Hz
[75417 ms] [UE 14350] UL: SNR = 63.50 dB | SE = 20.778 bit/s/Hz
[75417 ms] [UE 37624] UL: SNR = 63.50 dB | SE = 20.778 bit/s/Hz
[75417 ms] [UE 18432] UL: SNR = 63.50 dB | SE = 20.778 bit/s/Hz
[75417 ms] [UE 55143] UL: SNR = 63.50 dB | SE = 20.778 bit/s/Hz
[75417 ms] [UE 55862] UL: SNR = 63.50 dB | SE = 20.778 bit/s/Hz
[75417 ms] [UE 62817] UL: SNR = 52.00 dB | SE = 17.015 bit/s/Hz
[75417 ms] [UE 5257] UL: SNR = 63.50 dB | SE = 20.778 bit/s/Hz
[76385 ms] [UE 54141] UL: SNR = 60.50 dB | SE = 19.796 bit/s/Hz
[76385 ms] [UE 14002] UL: SNR = 59.00 dB | SE = 19.305 bit/s/Hz
[76385 ms] [UE 55839] UL: SNR = 60.00 dB | SE = 19.633 bit/s/Hz
[76385 ms] [UE 47098] UL: SNR = 56.50 dB | SE = 18.487 bit/s/Hz
[76385 ms] [UE 59499] UL: SNR = 53.50 dB | SE = 17.506 bit/s/Hz
[76385 ms] [UE 12524] UL: SNR = 56.50 dB | SE = 18.487 bit/s/Hz
[76417 ms] [UE 14608] UL: SNR = 63.50 dB | SE = 20.778 bit/s/Hz
[76417 ms] [UE 54487] UL: SNR = 63.50 dB | SE = 20.778 bit/s/Hz
[76417 ms] [UE 2959] UL: SNR = 34.00 dB | SE = 11.126 bit/s/Hz
[76417 ms] [UE 14350] UL: SNR = 63.50 dB | SE = 20.778 bit/s/Hz
[76417 ms] [UE 37624] UL: SNR = 63.50 dB | SE = 20.778 bit/s/Hz
[76417 ms] [UE 18432] UL: SNR = 63.50 dB | SE = 20.778 bit/s/Hz
[76417 ms] [UE 55143] UL: SNR = 63.50 dB | SE = 20.778 bit/s/Hz
[76417 ms] [UE 55862] UL: SNR = 63.50 dB | SE = 20.778 bit/s/Hz
[76417 ms] [UE 62817] UL: SNR = 52.00 dB | SE = 17.015 bit/s/Hz
[76417 ms] [UE 5257] UL: SNR = 63.50 dB | SE = 20.778 bit/s/Hz
[77394 ms] [UE 54141] UL: SNR = 60.50 dB | SE = 19.796 bit/s/Hz
[77394 ms] [UE 14002] UL: SNR = 59.00 dB | SE = 19.305 bit/s/Hz
[77394 ms] [UE 55839] UL: SNR = 60.00 dB | SE = 19.633 bit/s/Hz
[77394 ms] [UE 47098] UL: SNR = 55.50 dB | SE = 18.160 bit/s/Hz
[77394 ms] [UE 59499] UL: SNR = 53.50 dB | SE = 17.506 bit/s/Hz
[77394 ms] [UE 12524] UL: SNR = 56.50 dB | SE = 18.487 bit/s/Hz
[77426 ms] [UE 14608] UL: SNR = 63.50 dB | SE = 20.778 bit/s/Hz
[77426 ms] [UE 54487] UL: SNR = 63.50 dB | SE = 20.778 bit/s/Hz
[77426 ms] [UE 2959] UL: SNR = 34.00 dB | SE = 11.126 bit/s/Hz
[77426 ms] [UE 14350] UL: SNR = 63.50 dB | SE = 20.778 bit/s/Hz
[77426 ms] [UE 37624] UL: SNR = 63.50 dB | SE = 20.778 bit/s/Hz
[77426 ms] [UE 18432] UL: SNR = 63.50 dB | SE = 20.778 bit/s/Hz
[77426 ms] [UE 55143] UL: SNR = 63.50 dB | SE = 20.778 bit/s/Hz
[77426 ms] [UE 55862] UL: SNR = 63.50 dB | SE = 20.778 bit/s/Hz
[77426 ms] [UE 62817] UL: SNR = 52.00 dB | SE = 17.015 bit/s/Hz
[77426 ms] [UE 5257] UL: SNR = 63.50 dB | SE = 20.778 bit/s/Hz
[78404 ms] [UE 54141] UL: SNR = 60.50 dB | SE = 19.796 bit/s/Hz
[78404 ms] [UE 14002] UL: SNR = 53.50 dB | SE = 17.506 bit/s/Hz
[78404 ms] [UE 55839] UL: SNR = 56.50 dB | SE = 18.487 bit/s/Hz
[78404 ms] [UE 47098] UL: SNR = 51.50 dB | SE = 16.851 bit/s/Hz
[78404 ms] [UE 59499] UL: SNR = 53.50 dB | SE = 17.506 bit/s/Hz
[78404 ms] [UE 12524] UL: SNR = 56.50 dB | SE = 18.487 bit/s/Hz
[78436 ms] [UE 14608] UL: SNR = 63.50 dB | SE = 20.778 bit/s/Hz
[78436 ms] [UE 54487] UL: SNR = 63.50 dB | SE = 20.778 bit/s/Hz
[78436 ms] [UE 2959] UL: SNR = 34.00 dB | SE = 11.126 bit/s/Hz
[78436 ms] [UE 14350] UL: SNR = 63.50 dB | SE = 20.778 bit/s/Hz
[78436 ms] [UE 37624] UL: SNR = 63.50 dB | SE = 20.778 bit/s/Hz
[78436 ms] [UE 18432] UL: SNR = 63.50 dB | SE = 20.778 bit/s/Hz
[78436 ms] [UE 55143] UL: SNR = 63.50 dB | SE = 20.778 bit/s/Hz
[78436 ms] [UE 55862] UL: SNR = 63.50 dB | SE = 20.778 bit/s/Hz
[78436 ms] [UE 62817] UL: SNR = 52.00 dB | SE = 17.015 bit/s/Hz
[78436 ms] [UE 5257] UL: SNR = 63.50 dB | SE = 20.778 bit/s/Hz
[79414 ms] [UE 54141] UL: SNR = 63.50 dB | SE = 20.778 bit/s/Hz
[79414 ms] [UE 14002] UL: SNR = 53.50 dB | SE = 17.506 bit/s/Hz
[79414 ms] [UE 55839] UL: SNR = 56.50 dB | SE = 18.487 bit/s/Hz
[79414 ms] [UE 47098] UL: SNR = 51.50 dB | SE = 16.851 bit/s/Hz
[79414 ms] [UE 59499] UL: SNR = 53.50 dB | SE = 17.506 bit/s/Hz
[79414 ms] [UE 12524] UL: SNR = 56.50 dB | SE = 18.487 bit/s/Hz
[79436 ms] [UE 14608] UL: SNR = 63.50 dB | SE = 20.778 bit/s/Hz
[79436 ms] [UE 54487] UL: SNR = 63.50 dB | SE = 20.778 bit/s/Hz
[79436 ms] [UE 2959] UL: SNR = 34.00 dB | SE = 11.126 bit/s/Hz
[79436 ms] [UE 14350] UL: SNR = 63.50 dB | SE = 20.778 bit/s/Hz
[79436 ms] [UE 37624] UL: SNR = 63.50 dB | SE = 20.778 bit/s/Hz
[79436 ms] [UE 18432] UL: SNR = 63.50 dB | SE = 20.778 bit/s/Hz
[79436 ms] [UE 55143] UL: SNR = 63.50 dB | SE = 20.778 bit/s/Hz
[79436 ms] [UE 55862] UL: SNR = 63.50 dB | SE = 20.778 bit/s/Hz
[79436 ms] [UE 62817] UL: SNR = 52.00 dB | SE = 17.015 bit/s/Hz
[79436 ms] [UE 5257] UL: SNR = 63.50 dB | SE = 20.778 bit/s/Hz
[80414 ms] [UE 54141] UL: SNR = 63.50 dB | SE = 20.778 bit/s/Hz
[80414 ms] [UE 14002] UL: SNR = 53.50 dB | SE = 17.506 bit/s/Hz
[80414 ms] [UE 55839] UL: SNR = 56.50 dB | SE = 18.487 bit/s/Hz
[80414 ms] [UE 47098] UL: SNR = 51.50 dB | SE = 16.851 bit/s/Hz
[80414 ms] [UE 59499] UL: SNR = 53.50 dB | SE = 17.506 bit/s/Hz
[80414 ms] [UE 12524] UL: SNR = 56.50 dB | SE = 18.487 bit/s/Hz
[80445 ms] [UE 14608] UL: SNR = 63.50 dB | SE = 20.778 bit/s/Hz
[80445 ms] [UE 54487] UL: SNR = 63.50 dB | SE = 20.778 bit/s/Hz
[80445 ms] [UE 2959] UL: SNR = 34.00 dB | SE = 11.126 bit/s/Hz
[80445 ms] [UE 14350] UL: SNR = 63.50 dB | SE = 20.778 bit/s/Hz
[80445 ms] [UE 37624] UL: SNR = 63.50 dB | SE = 20.778 bit/s/Hz
[80445 ms] [UE 18432] UL: SNR = 63.50 dB | SE = 20.778 bit/s/Hz
[80445 ms] [UE 55143] UL: SNR = 63.50 dB | SE = 20.778 bit/s/Hz
[80445 ms] [UE 55862] UL: SNR = 63.50 dB | SE = 20.778 bit/s/Hz
[80445 ms] [UE 62817] UL: SNR = 52.00 dB | SE = 17.015 bit/s/Hz
[80445 ms] [UE 5257] UL: SNR = 63.50 dB | SE = 20.778 bit/s/Hz
[81426 ms] [UE 54141] UL: SNR = 63.50 dB | SE = 20.778 bit/s/Hz
[81426 ms] [UE 14002] UL: SNR = 53.50 dB | SE = 17.506 bit/s/Hz
[81426 ms] [UE 55839] UL: SNR = 56.50 dB | SE = 18.487 bit/s/Hz
[81426 ms] [UE 47098] UL: SNR = 51.50 dB | SE = 16.851 bit/s/Hz
[81426 ms] [UE 59499] UL: SNR = 53.50 dB | SE = 17.506 bit/s/Hz
[81426 ms] [UE 12524] UL: SNR = 56.50 dB | SE = 18.487 bit/s/Hz
[81446 ms] [UE 14608] UL: SNR = 63.50 dB | SE = 20.778 bit/s/Hz
[81446 ms] [UE 54487] UL: SNR = 63.50 dB | SE = 20.778 bit/s/Hz
[81446 ms] [UE 2959] UL: SNR = 34.00 dB | SE = 11.126 bit/s/Hz
[81446 ms] [UE 14350] UL: SNR = 63.50 dB | SE = 20.778 bit/s/Hz
[81446 ms] [UE 37624] UL: SNR = 63.50 dB | SE = 20.778 bit/s/Hz
[81446 ms] [UE 18432] UL: SNR = 63.50 dB | SE = 20.778 bit/s/Hz
[81446 ms] [UE 55143] UL: SNR = 63.50 dB | SE = 20.778 bit/s/Hz
[81446 ms] [UE 55862] UL: SNR = 63.50 dB | SE = 20.778 bit/s/Hz
[81446 ms] [UE 62817] UL: SNR = 52.00 dB | SE = 17.015 bit/s/Hz
[81446 ms] [UE 5257] UL: SNR = 63.50 dB | SE = 20.778 bit/s/Hz
[82436 ms] [UE 54141] UL: SNR = 63.50 dB | SE = 20.778 bit/s/Hz
[82436 ms] [UE 14002] UL: SNR = 53.50 dB | SE = 17.506 bit/s/Hz
[82436 ms] [UE 55839] UL: SNR = 56.50 dB | SE = 18.487 bit/s/Hz
[82436 ms] [UE 47098] UL: SNR = 51.50 dB | SE = 16.851 bit/s/Hz
[82436 ms] [UE 59499] UL: SNR = 53.50 dB | SE = 17.506 bit/s/Hz
[82436 ms] [UE 12524] UL: SNR = 56.50 dB | SE = 18.487 bit/s/Hz
[82446 ms] [UE 14608] UL: SNR = 63.50 dB | SE = 20.778 bit/s/Hz
[82446 ms] [UE 54487] UL: SNR = 63.50 dB | SE = 20.778 bit/s/Hz
[82446 ms] [UE 2959] UL: SNR = 34.00 dB | SE = 11.126 bit/s/Hz
[82446 ms] [UE 14350] UL: SNR = 63.50 dB | SE = 20.778 bit/s/Hz
[82446 ms] [UE 37624] UL: SNR = 63.50 dB | SE = 20.778 bit/s/Hz
[82446 ms] [UE 18432] UL: SNR = 63.50 dB | SE = 20.778 bit/s/Hz
[82446 ms] [UE 55143] UL: SNR = 63.50 dB | SE = 20.778 bit/s/Hz
[82446 ms] [UE 55862] UL: SNR = 63.50 dB | SE = 20.778 bit/s/Hz
[82446 ms] [UE 62817] UL: SNR = 52.00 dB | SE = 17.015 bit/s/Hz
[82446 ms] [UE 5257] UL: SNR = 63.50 dB | SE = 20.778 bit/s/Hz
[83444 ms] [UE 54141] UL: SNR = 63.50 dB | SE = 20.778 bit/s/Hz
[83444 ms] [UE 14002] UL: SNR = 59.00 dB | SE = 19.305 bit/s/Hz
[83444 ms] [UE 55839] UL: SNR = 60.00 dB | SE = 19.633 bit/s/Hz
[83444 ms] [UE 47098] UL: SNR = 51.50 dB | SE = 16.851 bit/s/Hz
[83444 ms] [UE 59499] UL: SNR = 53.50 dB | SE = 17.506 bit/s/Hz
[83444 ms] [UE 12524] UL: SNR = 56.50 dB | SE = 18.487 bit/s/Hz
[83446 ms] [UE 14608] UL: SNR = 63.50 dB | SE = 20.778 bit/s/Hz
[83446 ms] [UE 54487] UL: SNR = 63.50 dB | SE = 20.778 bit/s/Hz
[83446 ms] [UE 2959] UL: SNR = 34.00 dB | SE = 11.126 bit/s/Hz
[83446 ms] [UE 14350] UL: SNR = 63.50 dB | SE = 20.778 bit/s/Hz
[83446 ms] [UE 37624] UL: SNR = 63.50 dB | SE = 20.778 bit/s/Hz
[83446 ms] [UE 18432] UL: SNR = 63.50 dB | SE = 20.778 bit/s/Hz
[83446 ms] [UE 55143] UL: SNR = 63.50 dB | SE = 20.778 bit/s/Hz
[83446 ms] [UE 55862] UL: SNR = 63.50 dB | SE = 20.778 bit/s/Hz
[83446 ms] [UE 62817] UL: SNR = 52.00 dB | SE = 17.015 bit/s/Hz
[83446 ms] [UE 5257] UL: SNR = 63.50 dB | SE = 20.778 bit/s/Hz
[84444 ms] [UE 54141] UL: SNR = 63.50 dB | SE = 20.778 bit/s/Hz
[84444 ms] [UE 14002] UL: SNR = 59.00 dB | SE = 19.305 bit/s/Hz
[84444 ms] [UE 55839] UL: SNR = 60.00 dB | SE = 19.633 bit/s/Hz
[84444 ms] [UE 47098] UL: SNR = 51.50 dB | SE = 16.851 bit/s/Hz
[84444 ms] [UE 59499] UL: SNR = 53.50 dB | SE = 17.506 bit/s/Hz
[84444 ms] [UE 12524] UL: SNR = 56.50 dB | SE = 18.487 bit/s/Hz
[84456 ms] [UE 14608] UL: SNR = 63.50 dB | SE = 20.778 bit/s/Hz
[84456 ms] [UE 54487] UL: SNR = 63.50 dB | SE = 20.778 bit/s/Hz
[84456 ms] [UE 2959] UL: SNR = 34.00 dB | SE = 11.126 bit/s/Hz
[84456 ms] [UE 14350] UL: SNR = 63.50 dB | SE = 20.778 bit/s/Hz
[84456 ms] [UE 37624] UL: SNR = 63.50 dB | SE = 20.778 bit/s/Hz
[84456 ms] [UE 18432] UL: SNR = 63.50 dB | SE = 20.778 bit/s/Hz
[84456 ms] [UE 55143] UL: SNR = 63.50 dB | SE = 20.778 bit/s/Hz
[84456 ms] [UE 55862] UL: SNR = 63.50 dB | SE = 20.778 bit/s/Hz
[84456 ms] [UE 62817] UL: SNR = 52.00 dB | SE = 17.015 bit/s/Hz
[84456 ms] [UE 5257] UL: SNR = 63.50 dB | SE = 20.778 bit/s/Hz
[85454 ms] [UE 54141] UL: SNR = 63.50 dB | SE = 20.778 bit/s/Hz
[85454 ms] [UE 14002] UL: SNR = 53.50 dB | SE = 17.506 bit/s/Hz
[85454 ms] [UE 55839] UL: SNR = 56.50 dB | SE = 18.487 bit/s/Hz
[85454 ms] [UE 47098] UL: SNR = 51.50 dB | SE = 16.851 bit/s/Hz
[85454 ms] [UE 59499] UL: SNR = 53.50 dB | SE = 17.506 bit/s/Hz
[85454 ms] [UE 12524] UL: SNR = 56.50 dB | SE = 18.487 bit/s/Hz
[85466 ms] [UE 14608] UL: SNR = 63.50 dB | SE = 20.778 bit/s/Hz
[85466 ms] [UE 54487] UL: SNR = 63.50 dB | SE = 20.778 bit/s/Hz
[85466 ms] [UE 2959] UL: SNR = 34.00 dB | SE = 11.126 bit/s/Hz
[85466 ms] [UE 14350] UL: SNR = 63.50 dB | SE = 20.778 bit/s/Hz
[85466 ms] [UE 37624] UL: SNR = 63.50 dB | SE = 20.778 bit/s/Hz
[85466 ms] [UE 18432] UL: SNR = 63.50 dB | SE = 20.778 bit/s/Hz
[85466 ms] [UE 55143] UL: SNR = 63.50 dB | SE = 20.778 bit/s/Hz
[85466 ms] [UE 55862] UL: SNR = 63.50 dB | SE = 20.778 bit/s/Hz
[85466 ms] [UE 62817] UL: SNR = 52.00 dB | SE = 17.015 bit/s/Hz
[85466 ms] [UE 5257] UL: SNR = 63.50 dB | SE = 20.778 bit/s/Hz
[86454 ms] [UE 54141] UL: SNR = 63.50 dB | SE = 20.778 bit/s/Hz
[86454 ms] [UE 14002] UL: SNR = 53.50 dB | SE = 17.506 bit/s/Hz
[86454 ms] [UE 55839] UL: SNR = 56.50 dB | SE = 18.487 bit/s/Hz
[86454 ms] [UE 47098] UL: SNR = 51.50 dB | SE = 16.851 bit/s/Hz
[86454 ms] [UE 59499] UL: SNR = 53.50 dB | SE = 17.506 bit/s/Hz
[86454 ms] [UE 12524] UL: SNR = 56.50 dB | SE = 18.487 bit/s/Hz
[86476 ms] [UE 14608] UL: SNR = 63.50 dB | SE = 20.778 bit/s/Hz
[86476 ms] [UE 54487] UL: SNR = 63.50 dB | SE = 20.778 bit/s/Hz
[86476 ms] [UE 2959] UL: SNR = 34.00 dB | SE = 11.126 bit/s/Hz
[86476 ms] [UE 14350] UL: SNR = 63.50 dB | SE = 20.778 bit/s/Hz
[86476 ms] [UE 37624] UL: SNR = 63.50 dB | SE = 20.778 bit/s/Hz
[86476 ms] [UE 18432] UL: SNR = 63.50 dB | SE = 20.778 bit/s/Hz
[86476 ms] [UE 55143] UL: SNR = 63.50 dB | SE = 20.778 bit/s/Hz
[86476 ms] [UE 55862] UL: SNR = 63.50 dB | SE = 20.778 bit/s/Hz
[86476 ms] [UE 62817] UL: SNR = 52.00 dB | SE = 17.015 bit/s/Hz
[86476 ms] [UE 5257] UL: SNR = 63.50 dB | SE = 20.778 bit/s/Hz
[87454 ms] [UE 54141] UL: SNR = 63.50 dB | SE = 20.778 bit/s/Hz
[87454 ms] [UE 14002] UL: SNR = 53.50 dB | SE = 17.506 bit/s/Hz
[87454 ms] [UE 55839] UL: SNR = 56.50 dB | SE = 18.487 bit/s/Hz
[87454 ms] [UE 47098] UL: SNR = 51.50 dB | SE = 16.851 bit/s/Hz
[87454 ms] [UE 59499] UL: SNR = 53.50 dB | SE = 17.506 bit/s/Hz
[87454 ms] [UE 12524] UL: SNR = 56.50 dB | SE = 18.487 bit/s/Hz
[87476 ms] [UE 14608] UL: SNR = 63.50 dB | SE = 20.778 bit/s/Hz
[87476 ms] [UE 54487] UL: SNR = 63.50 dB | SE = 20.778 bit/s/Hz
[87476 ms] [UE 2959] UL: SNR = 34.00 dB | SE = 11.126 bit/s/Hz
[87476 ms] [UE 14350] UL: SNR = 63.50 dB | SE = 20.778 bit/s/Hz
[87476 ms] [UE 37624] UL: SNR = 63.50 dB | SE = 20.778 bit/s/Hz
[87476 ms] [UE 18432] UL: SNR = 63.50 dB | SE = 20.778 bit/s/Hz
[87476 ms] [UE 55143] UL: SNR = 63.50 dB | SE = 20.778 bit/s/Hz
[87476 ms] [UE 55862] UL: SNR = 63.50 dB | SE = 20.778 bit/s/Hz
[87476 ms] [UE 62817] UL: SNR = 52.00 dB | SE = 17.015 bit/s/Hz
[87476 ms] [UE 5257] UL: SNR = 63.50 dB | SE = 20.778 bit/s/Hz
[88454 ms] [UE 54141] UL: SNR = 63.50 dB | SE = 20.778 bit/s/Hz
[88454 ms] [UE 14002] UL: SNR = 53.50 dB | SE = 17.506 bit/s/Hz
[88454 ms] [UE 55839] UL: SNR = 56.50 dB | SE = 18.487 bit/s/Hz
[88454 ms] [UE 47098] UL: SNR = 51.50 dB | SE = 16.851 bit/s/Hz
[88454 ms] [UE 59499] UL: SNR = 53.50 dB | SE = 17.506 bit/s/Hz
[88454 ms] [UE 12524] UL: SNR = 56.50 dB | SE = 18.487 bit/s/Hz
[88486 ms] [UE 14608] UL: SNR = 63.50 dB | SE = 20.778 bit/s/Hz
[88486 ms] [UE 54487] UL: SNR = 63.50 dB | SE = 20.778 bit/s/Hz
[88486 ms] [UE 2959] UL: SNR = 34.00 dB | SE = 11.126 bit/s/Hz
[88486 ms] [UE 14350] UL: SNR = 63.50 dB | SE = 20.778 bit/s/Hz
[88486 ms] [UE 37624] UL: SNR = 63.50 dB | SE = 20.778 bit/s/Hz
[88486 ms] [UE 18432] UL: SNR = 63.50 dB | SE = 20.778 bit/s/Hz
[88486 ms] [UE 55143] UL: SNR = 63.50 dB | SE = 20.778 bit/s/Hz
[88486 ms] [UE 55862] UL: SNR = 63.50 dB | SE = 20.778 bit/s/Hz
[88486 ms] [UE 62817] UL: SNR = 52.00 dB | SE = 17.015 bit/s/Hz
[88486 ms] [UE 5257] UL: SNR = 63.50 dB | SE = 20.778 bit/s/Hz
[89464 ms] [UE 54141] UL: SNR = 63.50 dB | SE = 20.778 bit/s/Hz
[89464 ms] [UE 14002] UL: SNR = 53.50 dB | SE = 17.506 bit/s/Hz
[89464 ms] [UE 55839] UL: SNR = 56.50 dB | SE = 18.487 bit/s/Hz
[89464 ms] [UE 47098] UL: SNR = 51.50 dB | SE = 16.851 bit/s/Hz
[89464 ms] [UE 59499] UL: SNR = 53.50 dB | SE = 17.506 bit/s/Hz
[89464 ms] [UE 12524] UL: SNR = 56.50 dB | SE = 18.487 bit/s/Hz
[89486 ms] [UE 14608] UL: SNR = 63.50 dB | SE = 20.778 bit/s/Hz
[89486 ms] [UE 54487] UL: SNR = 63.50 dB | SE = 20.778 bit/s/Hz
[89486 ms] [UE 2959] UL: SNR = 34.00 dB | SE = 11.126 bit/s/Hz
[89486 ms] [UE 14350] UL: SNR = 63.50 dB | SE = 20.778 bit/s/Hz
[89486 ms] [UE 37624] UL: SNR = 63.50 dB | SE = 20.778 bit/s/Hz
[89486 ms] [UE 18432] UL: SNR = 63.50 dB | SE = 20.778 bit/s/Hz
[89486 ms] [UE 55143] UL: SNR = 63.50 dB | SE = 20.778 bit/s/Hz
[89486 ms] [UE 55862] UL: SNR = 63.50 dB | SE = 20.778 bit/s/Hz
[89486 ms] [UE 62817] UL: SNR = 52.00 dB | SE = 17.015 bit/s/Hz
[89486 ms] [UE 5257] UL: SNR = 63.50 dB | SE = 20.778 bit/s/Hz
[xApp]: E42 RIC_SUBSCRIPTION_DELETE_REQUEST tx RAN_FUNC_ID 142 RIC_REQ_ID 1 
[xApp]: E42 SUBSCRIPTION DELETE RESPONSE rx
[xApp]: E42 RIC_SUBSCRIPTION_DELETE_REQUEST tx RAN_FUNC_ID 142 RIC_REQ_ID 2 
[xApp]: E42 SUBSCRIPTION DELETE RESPONSE rx
[xApp]: Sucessfully stopped 
Test xApp run SUCCESSFULLY
