[UTIL]: Setting the config -c file to /usr/local/etc/flexric/flexric.conf
[UTIL]: Setting path -p for the shared libraries to /usr/local/lib/flexric/
[xAapp]: Initializing ... 
[xApp]: nearRT-RIC IP Address = 192.168.70.150, PORT = 36422
[E2 AGENT]: Opening plugin from path = /usr/local/lib/flexric/libkpm_sm.so 
[E2 AGENT]: Opening plugin from path = /usr/local/lib/flexric/libmac_sm.so 
[E2 AGENT]: Opening plugin from path = /usr/local/lib/flexric/libpdcp_sm.so 
[E2 AGENT]: Opening plugin from path = /usr/local/lib/flexric/libgtp_sm.so 
[E2 AGENT]: Opening plugin from path = /usr/local/lib/flexric/librc_sm.so 
[E2 AGENT]: Opening plugin from path = /usr/local/lib/flexric/libtc_sm.so 
[E2 AGENT]: Opening plugin from path = /usr/local/lib/flexric/librlc_sm.so 
[E2 AGENT]: Opening plugin from path = /usr/local/lib/flexric/libslice_sm.so 
[NEAR-RIC]: Loading SM ID = 2 with def = ORAN-E2SM-KPM 
[NEAR-RIC]: Loading SM ID = 142 with def = MAC_STATS_V0 
[NEAR-RIC]: Loading SM ID = 144 with def = PDCP_STATS_V0 
[NEAR-RIC]: Loading SM ID = 148 with def = GTP_STATS_V0 
[NEAR-RIC]: Loading SM ID = 3 with def = ORAN-E2SM-RC 
[NEAR-RIC]: Loading SM ID = 146 with def = TC_STATS_V0 
[NEAR-RIC]: Loading SM ID = 143 with def = RLC_STATS_V0 
[NEAR-RIC]: Loading SM ID = 145 with def = SLICE_STATS_V0 
[xApp]: DB filename = /tmp/flexric/xapp_db 
 [xApp]: E42 SETUP-REQUEST tx
[xApp]: E42 SETUP-RESPONSE rx 
[xApp]: xApp ID = 34 
[xApp]: Registered E2 Nodes = 4 
Connected E2 nodes = 4
[xAPP] Registered node 0 ran func id = 2 
[xAPP] Registered node 0 ran func id = 3 
[xAPP] Registered node 0 ran func id = 142 
[xAPP] Registered node 0 ran func id = 143 
[xAPP] Registered node 0 ran func id = 144 
[xAPP] Registered node 0 ran func id = 145 
[xAPP] Registered node 0 ran func id = 146 
[xAPP] Registered node 0 ran func id = 148 
[xAPP] CU or CUUP, don't do anything
[xAPP] Registered node 1 ran func id = 2 
[xAPP] Registered node 1 ran func id = 3 
[xAPP] Registered node 1 ran func id = 142 
[xAPP] Registered node 1 ran func id = 143 
[xAPP] Registered node 1 ran func id = 144 
[xAPP] Registered node 1 ran func id = 145 
[xAPP] Registered node 1 ran func id = 146 
[xAPP] Registered node 1 ran func id = 148 
[xAPP] Registered node 2 ran func id = 2 
[xAPP] Registered node 2 ran func id = 3 
[xAPP] Registered node 2 ran func id = 142 
[xAPP] Registered node 2 ran func id = 143 
[xAPP] Registered node 2 ran func id = 144 
[xAPP] Registered node 2 ran func id = 145 
[xAPP] Registered node 2 ran func id = 146 
[xAPP] Registered node 2 ran func id = 148 
[xApp] DU detected
[xApp]: E42 RIC SUBSCRIPTION REQUEST tx RAN_FUNC_ID 142 RIC_REQ_ID 1 
[xApp]: SUBSCRIPTION RESPONSE rx
[xApp]: Successfully subscribed to RAN_FUNC_ID 142 
[xAPP] Registered node 3 ran func id = 2 
[xAPP] Registered node 3 ran func id = 3 
[xAPP] Registered node 3 ran func id = 142 
[xAPP] Registered node 3 ran func id = 143 
[xAPP] Registered node 3 ran func id = 144 
[xAPP] Registered node 3 ran func id = 145 
[xAPP] Registered node 3 ran func id = 146 
[xAPP] Registered node 3 ran func id = 148 
[xApp] DU detected
[xApp]: E42 RIC SUBSCRIPTION REQUEST tx RAN_FUNC_ID 142 RIC_REQ_ID 2 
[xApp]: SUBSCRIPTION RESPONSE rx
[xApp]: Successfully subscribed to RAN_FUNC_ID 142 
[   16 ms] [UE 54141] UL: SNR = 63.50 dB | SE = 20.778 bit/s/Hz
[   16 ms] [UE 14002] UL: SNR = 53.50 dB | SE = 17.506 bit/s/Hz
[   16 ms] [UE 55839] UL: SNR = 56.50 dB | SE = 18.487 bit/s/Hz
[   16 ms] [UE 47098] UL: SNR = 51.50 dB | SE = 16.851 bit/s/Hz
[   16 ms] [UE 59499] UL: SNR = 53.50 dB | SE = 17.506 bit/s/Hz
[   16 ms] [UE 12524] UL: SNR = 56.50 dB | SE = 18.487 bit/s/Hz
[   16 ms] [UE 14608] UL: SNR = 63.50 dB | SE = 20.778 bit/s/Hz
[   16 ms] [UE 54487] UL: SNR = 63.50 dB | SE = 20.778 bit/s/Hz
[   16 ms] [UE 2959] UL: SNR = 34.00 dB | SE = 11.126 bit/s/Hz
[   16 ms] [UE 14350] UL: SNR = 63.50 dB | SE = 20.778 bit/s/Hz
[   16 ms] [UE 37624] UL: SNR = 63.50 dB | SE = 20.778 bit/s/Hz
[   16 ms] [UE 18432] UL: SNR = 63.50 dB | SE = 20.778 bit/s/Hz
[   16 ms] [UE 55143] UL: SNR = 63.50 dB | SE = 20.778 bit/s/Hz
[   16 ms] [UE 55862] UL: SNR = 63.50 dB | SE = 20.778 bit/s/Hz
[   16 ms] [UE 62817] UL: SNR = 52.00 dB | SE = 17.015 bit/s/Hz
[   16 ms] [UE 5257] UL: SNR = 63.50 dB | SE = 20.778 bit/s/Hz
[ 1023 ms] [UE 54141] UL: SNR = 63.50 dB | SE = 20.778 bit/s/Hz
[ 1023 ms] [UE 14002] UL: SNR = 53.50 dB | SE = 17.506 bit/s/Hz
[ 1023 ms] [UE 55839] UL: SNR = 56.50 dB | SE = 18.487 bit/s/Hz
[ 1023 ms] [UE 47098] UL: SNR = 51.50 dB | SE = 16.851 bit/s/Hz
[ 1023 ms] [UE 59499] UL: SNR = 53.50 dB | SE = 17.506 bit/s/Hz
[ 1023 ms] [UE 12524] UL: SNR = 56.50 dB | SE = 18.487 bit/s/Hz
[ 1025 ms] [UE 14608] UL: SNR = 63.50 dB | SE = 20.778 bit/s/Hz
[ 1025 ms] [UE 54487] UL: SNR = 63.50 dB | SE = 20.778 bit/s/Hz
[ 1025 ms] [UE 2959] UL: SNR = 34.00 dB | SE = 11.126 bit/s/Hz
[ 1025 ms] [UE 14350] UL: SNR = 63.50 dB | SE = 20.778 bit/s/Hz
[ 1025 ms] [UE 37624] UL: SNR = 63.50 dB | SE = 20.778 bit/s/Hz
[ 1025 ms] [UE 18432] UL: SNR = 63.50 dB | SE = 20.778 bit/s/Hz
[ 1025 ms] [UE 55143] UL: SNR = 63.50 dB | SE = 20.778 bit/s/Hz
[ 1025 ms] [UE 55862] UL: SNR = 63.50 dB | SE = 20.778 bit/s/Hz
[ 1025 ms] [UE 62817] UL: SNR = 52.00 dB | SE = 17.015 bit/s/Hz
[ 1025 ms] [UE 5257] UL: SNR = 63.50 dB | SE = 20.778 bit/s/Hz
[ 2032 ms] [UE 54141] UL: SNR = 63.50 dB | SE = 20.778 bit/s/Hz
[ 2032 ms] [UE 14002] UL: SNR = 53.50 dB | SE = 17.506 bit/s/Hz
[ 2032 ms] [UE 55839] UL: SNR = 56.50 dB | SE = 18.487 bit/s/Hz
[ 2032 ms] [UE 47098] UL: SNR = 51.50 dB | SE = 16.851 bit/s/Hz
[ 2032 ms] [UE 59499] UL: SNR = 53.50 dB | SE = 17.506 bit/s/Hz
[ 2032 ms] [UE 12524] UL: SNR = 56.50 dB | SE = 18.487 bit/s/Hz
[ 2035 ms] [UE 14608] UL: SNR = 63.50 dB | SE = 20.778 bit/s/Hz
[ 2035 ms] [UE 54487] UL: SNR = 63.50 dB | SE = 20.778 bit/s/Hz
[ 2035 ms] [UE 2959] UL: SNR = 34.00 dB | SE = 11.126 bit/s/Hz
[ 2035 ms] [UE 14350] UL: SNR = 63.50 dB | SE = 20.778 bit/s/Hz
[ 2035 ms] [UE 37624] UL: SNR = 63.50 dB | SE = 20.778 bit/s/Hz
[ 2035 ms] [UE 18432] UL: SNR = 63.50 dB | SE = 20.778 bit/s/Hz
[ 2035 ms] [UE 55143] UL: SNR = 63.50 dB | SE = 20.778 bit/s/Hz
[ 2035 ms] [UE 55862] UL: SNR = 63.50 dB | SE = 20.778 bit/s/Hz
[ 2035 ms] [UE 62817] UL: SNR = 52.00 dB | SE = 17.015 bit/s/Hz
[ 2035 ms] [UE 5257] UL: SNR = 63.50 dB | SE = 20.778 bit/s/Hz
[ 3035 ms] [UE 14608] UL: SNR = 63.50 dB | SE = 20.778 bit/s/Hz
[ 3035 ms] [UE 54487] UL: SNR = 63.50 dB | SE = 20.778 bit/s/Hz
[ 3035 ms] [UE 2959] UL: SNR = 34.00 dB | SE = 11.126 bit/s/Hz
[ 3035 ms] [UE 14350] UL: SNR = 63.50 dB | SE = 20.778 bit/s/Hz
[ 3035 ms] [UE 37624] UL: SNR = 63.50 dB | SE = 20.778 bit/s/Hz
[ 3035 ms] [UE 18432] UL: SNR = 63.50 dB | SE = 20.778 bit/s/Hz
[ 3035 ms] [UE 55143] UL: SNR = 63.50 dB | SE = 20.778 bit/s/Hz
[ 3035 ms] [UE 55862] UL: SNR = 63.50 dB | SE = 20.778 bit/s/Hz
[ 3035 ms] [UE 62817] UL: SNR = 52.00 dB | SE = 17.015 bit/s/Hz
[ 3035 ms] [UE 5257] UL: SNR = 63.50 dB | SE = 20.778 bit/s/Hz
[ 3044 ms] [UE 54141] UL: SNR = 63.50 dB | SE = 20.778 bit/s/Hz
[ 3044 ms] [UE 14002] UL: SNR = 59.00 dB | SE = 19.305 bit/s/Hz
[ 3044 ms] [UE 55839] UL: SNR = 60.00 dB | SE = 19.633 bit/s/Hz
[ 3044 ms] [UE 47098] UL: SNR = 51.50 dB | SE = 16.851 bit/s/Hz
[ 3044 ms] [UE 59499] UL: SNR = 53.50 dB | SE = 17.506 bit/s/Hz
[ 3044 ms] [UE 12524] UL: SNR = 56.50 dB | SE = 18.487 bit/s/Hz
[ 4035 ms] [UE 14608] UL: SNR = 63.50 dB | SE = 20.778 bit/s/Hz
[ 4035 ms] [UE 54487] UL: SNR = 63.50 dB | SE = 20.778 bit/s/Hz
[ 4035 ms] [UE 2959] UL: SNR = 34.00 dB | SE = 11.126 bit/s/Hz
[ 4035 ms] [UE 14350] UL: SNR = 63.50 dB | SE = 20.778 bit/s/Hz
[ 4035 ms] [UE 37624] UL: SNR = 63.50 dB | SE = 20.778 bit/s/Hz
[ 4035 ms] [UE 18432] UL: SNR = 63.50 dB | SE = 20.778 bit/s/Hz
[ 4035 ms] [UE 55143] UL: SNR = 63.50 dB | SE = 20.778 bit/s/Hz
[ 4035 ms] [UE 55862] UL: SNR = 63.50 dB | SE = 20.778 bit/s/Hz
[ 4035 ms] [UE 62817] UL: SNR = 52.00 dB | SE = 17.015 bit/s/Hz
[ 4035 ms] [UE 5257] UL: SNR = 63.50 dB | SE = 20.778 bit/s/Hz
[ 4053 ms] [UE 54141] UL: SNR = 63.50 dB | SE = 20.778 bit/s/Hz
[ 4053 ms] [UE 14002] UL: SNR = 59.00 dB | SE = 19.305 bit/s/Hz
[ 4053 ms] [UE 55839] UL: SNR = 60.00 dB | SE = 19.633 bit/s/Hz
[ 4053 ms] [UE 47098] UL: SNR = 51.50 dB | SE = 16.851 bit/s/Hz
[ 4053 ms] [UE 59499] UL: SNR = 53.50 dB | SE = 17.506 bit/s/Hz
[ 4053 ms] [UE 12524] UL: SNR = 56.50 dB | SE = 18.487 bit/s/Hz
[ 5045 ms] [UE 14608] UL: SNR = 63.50 dB | SE = 20.778 bit/s/Hz
[ 5045 ms] [UE 54487] UL: SNR = 63.50 dB | SE = 20.778 bit/s/Hz
[ 5045 ms] [UE 2959] UL: SNR = 34.00 dB | SE = 11.126 bit/s/Hz
[ 5045 ms] [UE 14350] UL: SNR = 63.50 dB | SE = 20.778 bit/s/Hz
[ 5045 ms] [UE 37624] UL: SNR = 63.50 dB | SE = 20.778 bit/s/Hz
[ 5045 ms] [UE 18432] UL: SNR = 63.50 dB | SE = 20.778 bit/s/Hz
[ 5045 ms] [UE 55143] UL: SNR = 63.50 dB | SE = 20.778 bit/s/Hz
[ 5045 ms] [UE 55862] UL: SNR = 63.50 dB | SE = 20.778 bit/s/Hz
[ 5045 ms] [UE 62817] UL: SNR = 52.00 dB | SE = 17.015 bit/s/Hz
[ 5045 ms] [UE 5257] UL: SNR = 63.50 dB | SE = 20.778 bit/s/Hz
[ 5062 ms] [UE 54141] UL: SNR = 63.50 dB | SE = 20.778 bit/s/Hz
[ 5062 ms] [UE 14002] UL: SNR = 53.50 dB | SE = 17.506 bit/s/Hz
[ 5062 ms] [UE 55839] UL: SNR = 56.50 dB | SE = 18.487 bit/s/Hz
[ 5062 ms] [UE 47098] UL: SNR = 51.50 dB | SE = 16.851 bit/s/Hz
[ 5062 ms] [UE 59499] UL: SNR = 53.50 dB | SE = 17.506 bit/s/Hz
[ 5062 ms] [UE 12524] UL: SNR = 56.50 dB | SE = 18.487 bit/s/Hz
[ 6045 ms] [UE 14608] UL: SNR = 63.50 dB | SE = 20.778 bit/s/Hz
[ 6045 ms] [UE 54487] UL: SNR = 63.50 dB | SE = 20.778 bit/s/Hz
[ 6045 ms] [UE 2959] UL: SNR = 34.00 dB | SE = 11.126 bit/s/Hz
[ 6045 ms] [UE 14350] UL: SNR = 63.50 dB | SE = 20.778 bit/s/Hz
[ 6045 ms] [UE 37624] UL: SNR = 63.50 dB | SE = 20.778 bit/s/Hz
[ 6045 ms] [UE 18432] UL: SNR = 63.50 dB | SE = 20.778 bit/s/Hz
[ 6045 ms] [UE 55143] UL: SNR = 63.50 dB | SE = 20.778 bit/s/Hz
[ 6045 ms] [UE 55862] UL: SNR = 63.50 dB | SE = 20.778 bit/s/Hz
[ 6045 ms] [UE 62817] UL: SNR = 52.00 dB | SE = 17.015 bit/s/Hz
[ 6045 ms] [UE 5257] UL: SNR = 63.50 dB | SE = 20.778 bit/s/Hz
[ 6063 ms] [UE 54141] UL: SNR = 63.50 dB | SE = 20.778 bit/s/Hz
[ 6063 ms] [UE 14002] UL: SNR = 53.50 dB | SE = 17.506 bit/s/Hz
[ 6063 ms] [UE 55839] UL: SNR = 56.50 dB | SE = 18.487 bit/s/Hz
[ 6063 ms] [UE 47098] UL: SNR = 51.50 dB | SE = 16.851 bit/s/Hz
[ 6063 ms] [UE 59499] UL: SNR = 53.50 dB | SE = 17.506 bit/s/Hz
[ 6063 ms] [UE 12524] UL: SNR = 56.50 dB | SE = 18.487 bit/s/Hz
[ 7046 ms] [UE 14608] UL: SNR = 63.50 dB | SE = 20.778 bit/s/Hz
[ 7046 ms] [UE 54487] UL: SNR = 63.50 dB | SE = 20.778 bit/s/Hz
[ 7046 ms] [UE 2959] UL: SNR = 34.00 dB | SE = 11.126 bit/s/Hz
[ 7046 ms] [UE 14350] UL: SNR = 63.50 dB | SE = 20.778 bit/s/Hz
[ 7046 ms] [UE 37624] UL: SNR = 63.50 dB | SE = 20.778 bit/s/Hz
[ 7046 ms] [UE 18432] UL: SNR = 63.50 dB | SE = 20.778 bit/s/Hz
[ 7046 ms] [UE 55143] UL: SNR = 63.50 dB | SE = 20.778 bit/s/Hz
[ 7046 ms] [UE 55862] UL: SNR = 63.50 dB | SE = 20.778 bit/s/Hz
[ 7046 ms] [UE 62817] UL: SNR = 52.00 dB | SE = 17.015 bit/s/Hz
[ 7046 ms] [UE 5257] UL: SNR = 63.50 dB | SE = 20.778 bit/s/Hz
[ 7072 ms] [UE 54141] UL: SNR = 63.50 dB | SE = 20.778 bit/s/Hz
[ 7072 ms] [UE 14002] UL: SNR = 53.50 dB | SE = 17.506 bit/s/Hz
[ 7072 ms] [UE 55839] UL: SNR = 56.50 dB | SE = 18.487 bit/s/Hz
[ 7072 ms] [UE 47098] UL: SNR = 51.50 dB | SE = 16.851 bit/s/Hz
[ 7072 ms] [UE 59499] UL: SNR = 53.50 dB | SE = 17.506 bit/s/Hz
[ 7072 ms] [UE 12524] UL: SNR = 56.50 dB | SE = 18.487 bit/s/Hz
[ 8055 ms] [UE 14608] UL: SNR = 63.50 dB | SE = 20.778 bit/s/Hz
[ 8055 ms] [UE 54487] UL: SNR = 63.50 dB | SE = 20.778 bit/s/Hz
[ 8055 ms] [UE 2959] UL: SNR = 34.00 dB | SE = 11.126 bit/s/Hz
[ 8055 ms] [UE 14350] UL: SNR = 63.50 dB | SE = 20.778 bit/s/Hz
[ 8055 ms] [UE 37624] UL: SNR = 63.50 dB | SE = 20.778 bit/s/Hz
[ 8055 ms] [UE 18432] UL: SNR = 63.50 dB | SE = 20.778 bit/s/Hz
[ 8055 ms] [UE 55143] UL: SNR = 63.50 dB | SE = 20.778 bit/s/Hz
[ 8055 ms] [UE 55862] UL: SNR = 63.50 dB | SE = 20.778 bit/s/Hz
[ 8055 ms] [UE 62817] UL: SNR = 52.00 dB | SE = 17.015 bit/s/Hz
[ 8055 ms] [UE 5257] UL: SNR = 63.50 dB | SE = 20.778 bit/s/Hz
[ 8073 ms] [UE 54141] UL: SNR = 63.50 dB | SE = 20.778 bit/s/Hz
[ 8073 ms] [UE 14002] UL: SNR = 53.50 dB | SE = 17.506 bit/s/Hz
[ 8073 ms] [UE 55839] UL: SNR = 63.50 dB | SE = 20.778 bit/s/Hz
[ 8073 ms] [UE 47098] UL: SNR = 51.50 dB | SE = 16.851 bit/s/Hz
[ 8073 ms] [UE 59499] UL: SNR = 63.50 dB | SE = 20.778 bit/s/Hz
[ 8073 ms] [UE 12524] UL: SNR = 56.50 dB | SE = 18.487 bit/s/Hz
[ 9065 ms] [UE 14608] UL: SNR = 63.50 dB | SE = 20.778 bit/s/Hz
[ 9065 ms] [UE 54487] UL: SNR = 63.50 dB | SE = 20.778 bit/s/Hz
[ 9065 ms] [UE 2959] UL: SNR = 34.00 dB | SE = 11.126 bit/s/Hz
[ 9065 ms] [UE 14350] UL: SNR = 63.50 dB | SE = 20.778 bit/s/Hz
[ 9065 ms] [UE 37624] UL: SNR = 63.50 dB | SE = 20.778 bit/s/Hz
[ 9065 ms] [UE 18432] UL: SNR = 63.50 dB | SE = 20.778 bit/s/Hz
[ 9065 ms] [UE 55143] UL: SNR = 63.50 dB | SE = 20.778 bit/s/Hz
[ 9065 ms] [UE 55862] UL: SNR = 63.50 dB | SE = 20.778 bit/s/Hz
[ 9065 ms] [UE 62817] UL: SNR = 52.00 dB | SE = 17.015 bit/s/Hz
[ 9065 ms] [UE 5257] UL: SNR = 63.50 dB | SE = 20.778 bit/s/Hz
[ 9084 ms] [UE 54141] UL: SNR = 63.50 dB | SE = 20.778 bit/s/Hz
[ 9084 ms] [UE 14002] UL: SNR = 53.50 dB | SE = 17.506 bit/s/Hz
[ 9084 ms] [UE 55839] UL: SNR = 63.50 dB | SE = 20.778 bit/s/Hz
[ 9084 ms] [UE 47098] UL: SNR = 51.50 dB | SE = 16.851 bit/s/Hz
[ 9084 ms] [UE 59499] UL: SNR = 63.50 dB | SE = 20.778 bit/s/Hz
[ 9084 ms] [UE 12524] UL: SNR = 56.50 dB | SE = 18.487 bit/s/Hz
[10065 ms] [UE 14608] UL: SNR = 63.50 dB | SE = 20.778 bit/s/Hz
[10065 ms] [UE 54487] UL: SNR = 63.50 dB | SE = 20.778 bit/s/Hz
[10065 ms] [UE 2959] UL: SNR = 34.00 dB | SE = 11.126 bit/s/Hz
[10065 ms] [UE 14350] UL: SNR = 63.50 dB | SE = 20.778 bit/s/Hz
[10065 ms] [UE 37624] UL: SNR = 63.50 dB | SE = 20.778 bit/s/Hz
[10065 ms] [UE 18432] UL: SNR = 63.50 dB | SE = 20.778 bit/s/Hz
[10065 ms] [UE 55143] UL: SNR = 63.50 dB | SE = 20.778 bit/s/Hz
[10065 ms] [UE 55862] UL: SNR = 63.50 dB | SE = 20.778 bit/s/Hz
[10065 ms] [UE 62817] UL: SNR = 52.00 dB | SE = 17.015 bit/s/Hz
[10065 ms] [UE 5257] UL: SNR = 63.50 dB | SE = 20.778 bit/s/Hz
[10093 ms] [UE 54141] UL: SNR = 63.50 dB | SE = 20.778 bit/s/Hz
[10093 ms] [UE 14002] UL: SNR = 53.50 dB | SE = 17.506 bit/s/Hz
[10093 ms] [UE 55839] UL: SNR = 63.50 dB | SE = 20.778 bit/s/Hz
[10093 ms] [UE 47098] UL: SNR = 51.50 dB | SE = 16.851 bit/s/Hz
[10093 ms] [UE 59499] UL: SNR = 63.50 dB | SE = 20.778 bit/s/Hz
[10093 ms] [UE 12524] UL: SNR = 56.50 dB | SE = 18.487 bit/s/Hz
[11075 ms] [UE 14608] UL: SNR = 63.50 dB | SE = 20.778 bit/s/Hz
[11075 ms] [UE 54487] UL: SNR = 63.50 dB | SE = 20.778 bit/s/Hz
[11075 ms] [UE 2959] UL: SNR = 34.00 dB | SE = 11.126 bit/s/Hz
[11075 ms] [UE 14350] UL: SNR = 63.50 dB | SE = 20.778 bit/s/Hz
[11075 ms] [UE 37624] UL: SNR = 63.50 dB | SE = 20.778 bit/s/Hz
[11075 ms] [UE 18432] UL: SNR = 63.50 dB | SE = 20.778 bit/s/Hz
[11075 ms] [UE 55143] UL: SNR = 63.50 dB | SE = 20.778 bit/s/Hz
[11075 ms] [UE 55862] UL: SNR = 63.50 dB | SE = 20.778 bit/s/Hz
[11075 ms] [UE 62817] UL: SNR = 52.00 dB | SE = 17.015 bit/s/Hz
[11075 ms] [UE 5257] UL: SNR = 63.50 dB | SE = 20.778 bit/s/Hz
[11102 ms] [UE 54141] UL: SNR = 63.50 dB | SE = 20.778 bit/s/Hz
[11102 ms] [UE 14002] UL: SNR = 59.00 dB | SE = 19.305 bit/s/Hz
[11102 ms] [UE 55839] UL: SNR = 60.00 dB | SE = 19.633 bit/s/Hz
[11102 ms] [UE 47098] UL: SNR = 51.50 dB | SE = 16.851 bit/s/Hz
[11102 ms] [UE 59499] UL: SNR = 53.50 dB | SE = 17.506 bit/s/Hz
[11102 ms] [UE 12524] UL: SNR = 56.50 dB | SE = 18.487 bit/s/Hz
[12085 ms] [UE 14608] UL: SNR = 63.50 dB | SE = 20.778 bit/s/Hz
[12085 ms] [UE 54487] UL: SNR = 63.50 dB | SE = 20.778 bit/s/Hz
[12085 ms] [UE 2959] UL: SNR = 34.00 dB | SE = 11.126 bit/s/Hz
[12085 ms] [UE 14350] UL: SNR = 63.50 dB | SE = 20.778 bit/s/Hz
[12085 ms] [UE 37624] UL: SNR = 63.50 dB | SE = 20.778 bit/s/Hz
[12085 ms] [UE 18432] UL: SNR = 63.50 dB | SE = 20.778 bit/s/Hz
[12085 ms] [UE 55143] UL: SNR = 63.50 dB | SE = 20.778 bit/s/Hz
[12085 ms] [UE 55862] UL: SNR = 63.50 dB | SE = 20.778 bit/s/Hz
[12085 ms] [UE 62817] UL: SNR = 52.00 dB | SE = 17.015 bit/s/Hz
[12085 ms] [UE 5257] UL: SNR = 63.50 dB | SE = 20.778 bit/s/Hz
[12112 ms] [UE 54141] UL: SNR = 63.50 dB | SE = 20.778 bit/s/Hz
[12112 ms] [UE 14002] UL: SNR = 53.00 dB | SE = 17.342 bit/s/Hz
[12112 ms] [UE 55839] UL: SNR = 56.00 dB | SE = 18.324 bit/s/Hz
[12112 ms] [UE 47098] UL: SNR = 51.00 dB | SE = 16.688 bit/s/Hz
[12112 ms] [UE 59499] UL: SNR = 53.50 dB | SE = 17.506 bit/s/Hz
[12112 ms] [UE 12524] UL: SNR = 56.50 dB | SE = 18.487 bit/s/Hz
[13095 ms] [UE 14608] UL: SNR = 63.50 dB | SE = 20.778 bit/s/Hz
[13095 ms] [UE 54487] UL: SNR = 63.50 dB | SE = 20.778 bit/s/Hz
[13095 ms] [UE 2959] UL: SNR = 34.00 dB | SE = 11.126 bit/s/Hz
[13095 ms] [UE 14350] UL: SNR = 63.50 dB | SE = 20.778 bit/s/Hz
[13095 ms] [UE 37624] UL: SNR = 63.50 dB | SE = 20.778 bit/s/Hz
[13095 ms] [UE 18432] UL: SNR = 63.50 dB | SE = 20.778 bit/s/Hz
[13095 ms] [UE 55143] UL: SNR = 63.50 dB | SE = 20.778 bit/s/Hz
[13095 ms] [UE 55862] UL: SNR = 63.50 dB | SE = 20.778 bit/s/Hz
[13095 ms] [UE 62817] UL: SNR = 52.00 dB | SE = 17.015 bit/s/Hz
[13095 ms] [UE 5257] UL: SNR = 63.50 dB | SE = 20.778 bit/s/Hz
[13112 ms] [UE 54141] UL: SNR = 63.50 dB | SE = 20.778 bit/s/Hz
[13112 ms] [UE 14002] UL: SNR = 53.00 dB | SE = 17.342 bit/s/Hz
[13112 ms] [UE 55839] UL: SNR = 56.00 dB | SE = 18.324 bit/s/Hz
[13112 ms] [UE 47098] UL: SNR = 51.00 dB | SE = 16.688 bit/s/Hz
[13112 ms] [UE 59499] UL: SNR = 53.50 dB | SE = 17.506 bit/s/Hz
[13112 ms] [UE 12524] UL: SNR = 56.50 dB | SE = 18.487 bit/s/Hz
[14095 ms] [UE 14608] UL: SNR = 63.50 dB | SE = 20.778 bit/s/Hz
[14095 ms] [UE 54487] UL: SNR = 63.50 dB | SE = 20.778 bit/s/Hz
[14095 ms] [UE 2959] UL: SNR = 34.00 dB | SE = 11.126 bit/s/Hz
[14095 ms] [UE 14350] UL: SNR = 63.50 dB | SE = 20.778 bit/s/Hz
[14095 ms] [UE 37624] UL: SNR = 63.50 dB | SE = 20.778 bit/s/Hz
[14095 ms] [UE 18432] UL: SNR = 63.50 dB | SE = 20.778 bit/s/Hz
[14095 ms] [UE 55143] UL: SNR = 63.50 dB | SE = 20.778 bit/s/Hz
[14095 ms] [UE 55862] UL: SNR = 63.50 dB | SE = 20.778 bit/s/Hz
[14095 ms] [UE 62817] UL: SNR = 52.00 dB | SE = 17.015 bit/s/Hz
[14095 ms] [UE 5257] UL: SNR = 63.50 dB | SE = 20.778 bit/s/Hz
[14113 ms] [UE 54141] UL: SNR = 63.50 dB | SE = 20.778 bit/s/Hz
[14113 ms] [UE 14002] UL: SNR = 53.00 dB | SE = 17.342 bit/s/Hz
[14113 ms] [UE 55839] UL: SNR = 56.00 dB | SE = 18.324 bit/s/Hz
[14113 ms] [UE 47098] UL: SNR = 51.00 dB | SE = 16.688 bit/s/Hz
[14113 ms] [UE 59499] UL: SNR = 53.50 dB | SE = 17.506 bit/s/Hz
[14113 ms] [UE 12524] UL: SNR = 56.50 dB | SE = 18.487 bit/s/Hz
[15105 ms] [UE 14608] UL: SNR = 63.50 dB | SE = 20.778 bit/s/Hz
[15105 ms] [UE 54487] UL: SNR = 63.50 dB | SE = 20.778 bit/s/Hz
[15105 ms] [UE 2959] UL: SNR = 34.00 dB | SE = 11.126 bit/s/Hz
[15105 ms] [UE 14350] UL: SNR = 63.50 dB | SE = 20.778 bit/s/Hz
[15105 ms] [UE 37624] UL: SNR = 63.50 dB | SE = 20.778 bit/s/Hz
[15105 ms] [UE 18432] UL: SNR = 63.50 dB | SE = 20.778 bit/s/Hz
[15105 ms] [UE 55143] UL: SNR = 63.50 dB | SE = 20.778 bit/s/Hz
[15105 ms] [UE 55862] UL: SNR = 63.50 dB | SE = 20.778 bit/s/Hz
[15105 ms] [UE 62817] UL: SNR = 52.00 dB | SE = 17.015 bit/s/Hz
[15105 ms] [UE 5257] UL: SNR = 63.50 dB | SE = 20.778 bit/s/Hz
[15123 ms] [UE 54141] UL: SNR = 63.50 dB | SE = 20.778 bit/s/Hz
[15123 ms] [UE 14002] UL: SNR = 53.00 dB | SE = 17.342 bit/s/Hz
[15123 ms] [UE 55839] UL: SNR = 56.00 dB | SE = 18.324 bit/s/Hz
[15123 ms] [UE 47098] UL: SNR = 51.00 dB | SE = 16.688 bit/s/Hz
[15123 ms] [UE 59499] UL: SNR = 53.50 dB | SE = 17.506 bit/s/Hz
[15123 ms] [UE 12524] UL: SNR = 56.50 dB | SE = 18.487 bit/s/Hz
[16105 ms] [UE 14608] UL: SNR = 63.50 dB | SE = 20.778 bit/s/Hz
[16105 ms] [UE 54487] UL: SNR = 63.50 dB | SE = 20.778 bit/s/Hz
[16105 ms] [UE 2959] UL: SNR = 34.00 dB | SE = 11.126 bit/s/Hz
[16105 ms] [UE 14350] UL: SNR = 63.50 dB | SE = 20.778 bit/s/Hz
[16105 ms] [UE 37624] UL: SNR = 63.50 dB | SE = 20.778 bit/s/Hz
[16105 ms] [UE 18432] UL: SNR = 63.50 dB | SE = 20.778 bit/s/Hz
[16105 ms] [UE 55143] UL: SNR = 63.50 dB | SE = 20.778 bit/s/Hz
[16105 ms] [UE 55862] UL: SNR = 63.50 dB | SE = 20.778 bit/s/Hz
[16105 ms] [UE 62817] UL: SNR = 52.00 dB | SE = 17.015 bit/s/Hz
[16105 ms] [UE 5257] UL: SNR = 63.50 dB | SE = 20.778 bit/s/Hz
[16132 ms] [UE 54141] UL: SNR = 63.50 dB | SE = 20.778 bit/s/Hz
[16132 ms] [UE 14002] UL: SNR = 53.00 dB | SE = 17.342 bit/s/Hz
[16132 ms] [UE 55839] UL: SNR = 56.00 dB | SE = 18.324 bit/s/Hz
[16132 ms] [UE 47098] UL: SNR = 51.00 dB | SE = 16.688 bit/s/Hz
[16132 ms] [UE 59499] UL: SNR = 53.50 dB | SE = 17.506 bit/s/Hz
[16132 ms] [UE 12524] UL: SNR = 56.50 dB | SE = 18.487 bit/s/Hz
[17115 ms] [UE 14608] UL: SNR = 63.50 dB | SE = 20.778 bit/s/Hz
[17115 ms] [UE 54487] UL: SNR = 63.50 dB | SE = 20.778 bit/s/Hz
[17115 ms] [UE 2959] UL: SNR = 34.00 dB | SE = 11.126 bit/s/Hz
[17115 ms] [UE 14350] UL: SNR = 63.50 dB | SE = 20.778 bit/s/Hz
[17115 ms] [UE 37624] UL: SNR = 63.50 dB | SE = 20.778 bit/s/Hz
[17115 ms] [UE 18432] UL: SNR = 63.50 dB | SE = 20.778 bit/s/Hz
[17115 ms] [UE 55143] UL: SNR = 63.50 dB | SE = 20.778 bit/s/Hz
[17115 ms] [UE 55862] UL: SNR = 63.50 dB | SE = 20.778 bit/s/Hz
[17115 ms] [UE 62817] UL: SNR = 52.00 dB | SE = 17.015 bit/s/Hz
[17115 ms] [UE 5257] UL: SNR = 63.50 dB | SE = 20.778 bit/s/Hz
[17132 ms] [UE 54141] UL: SNR = 63.50 dB | SE = 20.778 bit/s/Hz
[17132 ms] [UE 14002] UL: SNR = 53.00 dB | SE = 17.342 bit/s/Hz
[17132 ms] [UE 55839] UL: SNR = 56.00 dB | SE = 18.324 bit/s/Hz
[17132 ms] [UE 47098] UL: SNR = 51.00 dB | SE = 16.688 bit/s/Hz
[17132 ms] [UE 59499] UL: SNR = 53.50 dB | SE = 17.506 bit/s/Hz
[17132 ms] [UE 12524] UL: SNR = 56.50 dB | SE = 18.487 bit/s/Hz
[18125 ms] [UE 14608] UL: SNR = 63.50 dB | SE = 20.778 bit/s/Hz
[18125 ms] [UE 54487] UL: SNR = 63.50 dB | SE = 20.778 bit/s/Hz
[18125 ms] [UE 2959] UL: SNR = 34.00 dB | SE = 11.126 bit/s/Hz
[18125 ms] [UE 14350] UL: SNR = 63.50 dB | SE = 20.778 bit/s/Hz
[18125 ms] [UE 37624] UL: SNR = 63.50 dB | SE = 20.778 bit/s/Hz
[18125 ms] [UE 18432] UL: SNR = 63.50 dB | SE = 20.778 bit/s/Hz
[18125 ms] [UE 55143] UL: SNR = 63.50 dB | SE = 20.778 bit/s/Hz
[18125 ms] [UE 55862] UL: SNR = 63.50 dB | SE = 20.778 bit/s/Hz
[18125 ms] [UE 62817] UL: SNR = 52.00 dB | SE = 17.015 bit/s/Hz
[18125 ms] [UE 5257] UL: SNR = 63.50 dB | SE = 20.778 bit/s/Hz
[18142 ms] [UE 54141] UL: SNR = 63.50 dB | SE = 20.778 bit/s/Hz
[18142 ms] [UE 14002] UL: SNR = 59.00 dB | SE = 19.305 bit/s/Hz
[18142 ms] [UE 55839] UL: SNR = 60.00 dB | SE = 19.633 bit/s/Hz
[18142 ms] [UE 47098] UL: SNR = 51.00 dB | SE = 16.688 bit/s/Hz
[18142 ms] [UE 59499] UL: SNR = 53.50 dB | SE = 17.506 bit/s/Hz
[18142 ms] [UE 12524] UL: SNR = 56.50 dB | SE = 18.487 bit/s/Hz
[19125 ms] [UE 14608] UL: SNR = 63.50 dB | SE = 20.778 bit/s/Hz
[19125 ms] [UE 54487] UL: SNR = 63.50 dB | SE = 20.778 bit/s/Hz
[19125 ms] [UE 2959] UL: SNR = 34.00 dB | SE = 11.126 bit/s/Hz
[19125 ms] [UE 14350] UL: SNR = 63.50 dB | SE = 20.778 bit/s/Hz
[19125 ms] [UE 37624] UL: SNR = 63.50 dB | SE = 20.778 bit/s/Hz
[19125 ms] [UE 18432] UL: SNR = 63.50 dB | SE = 20.778 bit/s/Hz
[19125 ms] [UE 55143] UL: SNR = 63.50 dB | SE = 20.778 bit/s/Hz
[19125 ms] [UE 55862] UL: SNR = 63.50 dB | SE = 20.778 bit/s/Hz
[19125 ms] [UE 62817] UL: SNR = 52.00 dB | SE = 17.015 bit/s/Hz
[19125 ms] [UE 5257] UL: SNR = 63.50 dB | SE = 20.778 bit/s/Hz
[19143 ms] [UE 54141] UL: SNR = 63.50 dB | SE = 20.778 bit/s/Hz
[19143 ms] [UE 14002] UL: SNR = 59.00 dB | SE = 19.305 bit/s/Hz
[19143 ms] [UE 55839] UL: SNR = 60.00 dB | SE = 19.633 bit/s/Hz
[19143 ms] [UE 47098] UL: SNR = 55.50 dB | SE = 18.160 bit/s/Hz
[19143 ms] [UE 59499] UL: SNR = 53.50 dB | SE = 17.506 bit/s/Hz
[19143 ms] [UE 12524] UL: SNR = 56.50 dB | SE = 18.487 bit/s/Hz
[20135 ms] [UE 14608] UL: SNR = 63.50 dB | SE = 20.778 bit/s/Hz
[20135 ms] [UE 54487] UL: SNR = 63.50 dB | SE = 20.778 bit/s/Hz
[20135 ms] [UE 2959] UL: SNR = 34.00 dB | SE = 11.126 bit/s/Hz
[20135 ms] [UE 14350] UL: SNR = 63.50 dB | SE = 20.778 bit/s/Hz
[20135 ms] [UE 37624] UL: SNR = 63.50 dB | SE = 20.778 bit/s/Hz
[20135 ms] [UE 18432] UL: SNR = 63.50 dB | SE = 20.778 bit/s/Hz
[20135 ms] [UE 55143] UL: SNR = 63.50 dB | SE = 20.778 bit/s/Hz
[20135 ms] [UE 55862] UL: SNR = 63.50 dB | SE = 20.778 bit/s/Hz
[20135 ms] [UE 62817] UL: SNR = 52.00 dB | SE = 17.015 bit/s/Hz
[20135 ms] [UE 5257] UL: SNR = 63.50 dB | SE = 20.778 bit/s/Hz
[20152 ms] [UE 54141] UL: SNR = 63.50 dB | SE = 20.778 bit/s/Hz
[20152 ms] [UE 14002] UL: SNR = 53.50 dB | SE = 17.506 bit/s/Hz
[20152 ms] [UE 55839] UL: SNR = 56.00 dB | SE = 18.324 bit/s/Hz
[20152 ms] [UE 47098] UL: SNR = 51.50 dB | SE = 16.851 bit/s/Hz
[20152 ms] [UE 59499] UL: SNR = 53.50 dB | SE = 17.506 bit/s/Hz
[20152 ms] [UE 12524] UL: SNR = 56.50 dB | SE = 18.487 bit/s/Hz
[21136 ms] [UE 14608] UL: SNR = 63.50 dB | SE = 20.778 bit/s/Hz
[21136 ms] [UE 54487] UL: SNR = 63.50 dB | SE = 20.778 bit/s/Hz
[21136 ms] [UE 2959] UL: SNR = 34.00 dB | SE = 11.126 bit/s/Hz
[21136 ms] [UE 14350] UL: SNR = 63.50 dB | SE = 20.778 bit/s/Hz
[21136 ms] [UE 37624] UL: SNR = 63.50 dB | SE = 20.778 bit/s/Hz
[21136 ms] [UE 18432] UL: SNR = 63.50 dB | SE = 20.778 bit/s/Hz
[21136 ms] [UE 55143] UL: SNR = 63.50 dB | SE = 20.778 bit/s/Hz
[21136 ms] [UE 55862] UL: SNR = 63.50 dB | SE = 20.778 bit/s/Hz
[21136 ms] [UE 62817] UL: SNR = 52.00 dB | SE = 17.015 bit/s/Hz
[21136 ms] [UE 5257] UL: SNR = 63.50 dB | SE = 20.778 bit/s/Hz
[21153 ms] [UE 54141] UL: SNR = 63.50 dB | SE = 20.778 bit/s/Hz
[21153 ms] [UE 14002] UL: SNR = 53.50 dB | SE = 17.506 bit/s/Hz
[21153 ms] [UE 55839] UL: SNR = 56.00 dB | SE = 18.324 bit/s/Hz
[21153 ms] [UE 47098] UL: SNR = 51.50 dB | SE = 16.851 bit/s/Hz
[21153 ms] [UE 59499] UL: SNR = 53.50 dB | SE = 17.506 bit/s/Hz
[21153 ms] [UE 12524] UL: SNR = 56.50 dB | SE = 18.487 bit/s/Hz
[22145 ms] [UE 14608] UL: SNR = 63.50 dB | SE = 20.778 bit/s/Hz
[22145 ms] [UE 54487] UL: SNR = 63.50 dB | SE = 20.778 bit/s/Hz
[22145 ms] [UE 2959] UL: SNR = 34.00 dB | SE = 11.126 bit/s/Hz
[22145 ms] [UE 14350] UL: SNR = 63.50 dB | SE = 20.778 bit/s/Hz
[22145 ms] [UE 37624] UL: SNR = 63.50 dB | SE = 20.778 bit/s/Hz
[22145 ms] [UE 18432] UL: SNR = 63.50 dB | SE = 20.778 bit/s/Hz
[22145 ms] [UE 55143] UL: SNR = 63.50 dB | SE = 20.778 bit/s/Hz
[22145 ms] [UE 55862] UL: SNR = 63.50 dB | SE = 20.778 bit/s/Hz
[22145 ms] [UE 62817] UL: SNR = 52.00 dB | SE = 17.015 bit/s/Hz
[22145 ms] [UE 5257] UL: SNR = 63.50 dB | SE = 20.778 bit/s/Hz
[22163 ms] [UE 54141] UL: SNR = 63.50 dB | SE = 20.778 bit/s/Hz
[22163 ms] [UE 14002] UL: SNR = 63.50 dB | SE = 20.778 bit/s/Hz
[22163 ms] [UE 55839] UL: SNR = 63.50 dB | SE = 20.778 bit/s/Hz
[22163 ms] [UE 47098] UL: SNR = 63.50 dB | SE = 20.778 bit/s/Hz
[22163 ms] [UE 59499] UL: SNR = 53.50 dB | SE = 17.506 bit/s/Hz
[22163 ms] [UE 12524] UL: SNR = 56.50 dB | SE = 18.487 bit/s/Hz
[23155 ms] [UE 14608] UL: SNR = 63.50 dB | SE = 20.778 bit/s/Hz
[23155 ms] [UE 54487] UL: SNR = 63.50 dB | SE = 20.778 bit/s/Hz
[23155 ms] [UE 2959] UL: SNR = 34.00 dB | SE = 11.126 bit/s/Hz
[23155 ms] [UE 14350] UL: SNR = 63.50 dB | SE = 20.778 bit/s/Hz
[23155 ms] [UE 37624] UL: SNR = 63.50 dB | SE = 20.778 bit/s/Hz
[23155 ms] [UE 18432] UL: SNR = 63.50 dB | SE = 20.778 bit/s/Hz
[23155 ms] [UE 55143] UL: SNR = 63.50 dB | SE = 20.778 bit/s/Hz
[23155 ms] [UE 55862] UL: SNR = 63.50 dB | SE = 20.778 bit/s/Hz
[23155 ms] [UE 62817] UL: SNR = 52.00 dB | SE = 17.015 bit/s/Hz
[23155 ms] [UE 5257] UL: SNR = 63.50 dB | SE = 20.778 bit/s/Hz
[23163 ms] [UE 54141] UL: SNR = 63.50 dB | SE = 20.778 bit/s/Hz
[23163 ms] [UE 14002] UL: SNR = 63.50 dB | SE = 20.778 bit/s/Hz
[23163 ms] [UE 55839] UL: SNR = 63.50 dB | SE = 20.778 bit/s/Hz
[23163 ms] [UE 47098] UL: SNR = 63.50 dB | SE = 20.778 bit/s/Hz
[23163 ms] [UE 59499] UL: SNR = 53.50 dB | SE = 17.506 bit/s/Hz
[23163 ms] [UE 12524] UL: SNR = 56.50 dB | SE = 18.487 bit/s/Hz
[24155 ms] [UE 14608] UL: SNR = 63.50 dB | SE = 20.778 bit/s/Hz
[24155 ms] [UE 54487] UL: SNR = 63.50 dB | SE = 20.778 bit/s/Hz
[24155 ms] [UE 2959] UL: SNR = 34.00 dB | SE = 11.126 bit/s/Hz
[24155 ms] [UE 14350] UL: SNR = 63.50 dB | SE = 20.778 bit/s/Hz
[24155 ms] [UE 37624] UL: SNR = 63.50 dB | SE = 20.778 bit/s/Hz
[24155 ms] [UE 18432] UL: SNR = 63.50 dB | SE = 20.778 bit/s/Hz
[24155 ms] [UE 55143] UL: SNR = 63.50 dB | SE = 20.778 bit/s/Hz
[24155 ms] [UE 55862] UL: SNR = 63.50 dB | SE = 20.778 bit/s/Hz
[24155 ms] [UE 62817] UL: SNR = 52.00 dB | SE = 17.015 bit/s/Hz
[24155 ms] [UE 5257] UL: SNR = 63.50 dB | SE = 20.778 bit/s/Hz
[24173 ms] [UE 54141] UL: SNR = 63.50 dB | SE = 20.778 bit/s/Hz
[24173 ms] [UE 14002] UL: SNR = 63.50 dB | SE = 20.778 bit/s/Hz
[24173 ms] [UE 55839] UL: SNR = 63.50 dB | SE = 20.778 bit/s/Hz
[24173 ms] [UE 47098] UL: SNR = 63.50 dB | SE = 20.778 bit/s/Hz
[24173 ms] [UE 59499] UL: SNR = 53.50 dB | SE = 17.506 bit/s/Hz
[24173 ms] [UE 12524] UL: SNR = 56.50 dB | SE = 18.487 bit/s/Hz
[25165 ms] [UE 14608] UL: SNR = 63.50 dB | SE = 20.778 bit/s/Hz
[25165 ms] [UE 54487] UL: SNR = 63.50 dB | SE = 20.778 bit/s/Hz
[25165 ms] [UE 2959] UL: SNR = 34.00 dB | SE = 11.126 bit/s/Hz
[25165 ms] [UE 14350] UL: SNR = 63.50 dB | SE = 20.778 bit/s/Hz
[25165 ms] [UE 37624] UL: SNR = 63.50 dB | SE = 20.778 bit/s/Hz
[25165 ms] [UE 18432] UL: SNR = 63.50 dB | SE = 20.778 bit/s/Hz
[25165 ms] [UE 55143] UL: SNR = 63.50 dB | SE = 20.778 bit/s/Hz
[25165 ms] [UE 55862] UL: SNR = 63.50 dB | SE = 20.778 bit/s/Hz
[25165 ms] [UE 62817] UL: SNR = 52.00 dB | SE = 17.015 bit/s/Hz
[25165 ms] [UE 5257] UL: SNR = 63.50 dB | SE = 20.778 bit/s/Hz
[25183 ms] [UE 54141] UL: SNR = 63.50 dB | SE = 20.778 bit/s/Hz
[25183 ms] [UE 14002] UL: SNR = 59.00 dB | SE = 19.305 bit/s/Hz
[25183 ms] [UE 55839] UL: SNR = 60.00 dB | SE = 19.633 bit/s/Hz
[25183 ms] [UE 47098] UL: SNR = 63.50 dB | SE = 20.778 bit/s/Hz
[25183 ms] [UE 59499] UL: SNR = 53.50 dB | SE = 17.506 bit/s/Hz
[25183 ms] [UE 12524] UL: SNR = 56.50 dB | SE = 18.487 bit/s/Hz
[26175 ms] [UE 14608] UL: SNR = 63.50 dB | SE = 20.778 bit/s/Hz
[26175 ms] [UE 54487] UL: SNR = 63.50 dB | SE = 20.778 bit/s/Hz
[26175 ms] [UE 2959] UL: SNR = 34.00 dB | SE = 11.126 bit/s/Hz
[26175 ms] [UE 14350] UL: SNR = 63.50 dB | SE = 20.778 bit/s/Hz
[26175 ms] [UE 37624] UL: SNR = 63.50 dB | SE = 20.778 bit/s/Hz
[26175 ms] [UE 18432] UL: SNR = 63.50 dB | SE = 20.778 bit/s/Hz
[26175 ms] [UE 55143] UL: SNR = 63.50 dB | SE = 20.778 bit/s/Hz
[26175 ms] [UE 55862] UL: SNR = 63.50 dB | SE = 20.778 bit/s/Hz
[26175 ms] [UE 62817] UL: SNR = 52.00 dB | SE = 17.015 bit/s/Hz
[26175 ms] [UE 5257] UL: SNR = 63.50 dB | SE = 20.778 bit/s/Hz
[26183 ms] [UE 54141] UL: SNR = 63.50 dB | SE = 20.778 bit/s/Hz
[26183 ms] [UE 14002] UL: SNR = 59.00 dB | SE = 19.305 bit/s/Hz
[26183 ms] [UE 55839] UL: SNR = 60.00 dB | SE = 19.633 bit/s/Hz
[26183 ms] [UE 47098] UL: SNR = 55.50 dB | SE = 18.160 bit/s/Hz
[26183 ms] [UE 59499] UL: SNR = 53.50 dB | SE = 17.506 bit/s/Hz
[26183 ms] [UE 12524] UL: SNR = 56.50 dB | SE = 18.487 bit/s/Hz
[27175 ms] [UE 14608] UL: SNR = 63.50 dB | SE = 20.778 bit/s/Hz
[27175 ms] [UE 54487] UL: SNR = 63.50 dB | SE = 20.778 bit/s/Hz
[27175 ms] [UE 2959] UL: SNR = 34.00 dB | SE = 11.126 bit/s/Hz
[27175 ms] [UE 14350] UL: SNR = 63.50 dB | SE = 20.778 bit/s/Hz
[27175 ms] [UE 37624] UL: SNR = 63.50 dB | SE = 20.778 bit/s/Hz
[27175 ms] [UE 18432] UL: SNR = 63.50 dB | SE = 20.778 bit/s/Hz
[27175 ms] [UE 55143] UL: SNR = 63.50 dB | SE = 20.778 bit/s/Hz
[27175 ms] [UE 55862] UL: SNR = 63.50 dB | SE = 20.778 bit/s/Hz
[27175 ms] [UE 62817] UL: SNR = 52.00 dB | SE = 17.015 bit/s/Hz
[27175 ms] [UE 5257] UL: SNR = 63.50 dB | SE = 20.778 bit/s/Hz
[27193 ms] [UE 54141] UL: SNR = 63.50 dB | SE = 20.778 bit/s/Hz
[27193 ms] [UE 14002] UL: SNR = 53.50 dB | SE = 17.506 bit/s/Hz
[27193 ms] [UE 55839] UL: SNR = 56.50 dB | SE = 18.487 bit/s/Hz
[27193 ms] [UE 47098] UL: SNR = 51.50 dB | SE = 16.851 bit/s/Hz
[27193 ms] [UE 59499] UL: SNR = 53.50 dB | SE = 17.506 bit/s/Hz
[27193 ms] [UE 12524] UL: SNR = 56.50 dB | SE = 18.487 bit/s/Hz
[28185 ms] [UE 14608] UL: SNR = 63.50 dB | SE = 20.778 bit/s/Hz
[28185 ms] [UE 54487] UL: SNR = 63.50 dB | SE = 20.778 bit/s/Hz
[28185 ms] [UE 2959] UL: SNR = 34.00 dB | SE = 11.126 bit/s/Hz
[28185 ms] [UE 14350] UL: SNR = 63.50 dB | SE = 20.778 bit/s/Hz
[28185 ms] [UE 37624] UL: SNR = 63.50 dB | SE = 20.778 bit/s/Hz
[28185 ms] [UE 18432] UL: SNR = 63.50 dB | SE = 20.778 bit/s/Hz
[28185 ms] [UE 55143] UL: SNR = 63.50 dB | SE = 20.778 bit/s/Hz
[28185 ms] [UE 55862] UL: SNR = 63.50 dB | SE = 20.778 bit/s/Hz
[28185 ms] [UE 62817] UL: SNR = 52.00 dB | SE = 17.015 bit/s/Hz
[28185 ms] [UE 5257] UL: SNR = 63.50 dB | SE = 20.778 bit/s/Hz
[28194 ms] [UE 54141] UL: SNR = 63.50 dB | SE = 20.778 bit/s/Hz
[28194 ms] [UE 14002] UL: SNR = 53.50 dB | SE = 17.506 bit/s/Hz
[28194 ms] [UE 55839] UL: SNR = 56.50 dB | SE = 18.487 bit/s/Hz
[28194 ms] [UE 47098] UL: SNR = 51.50 dB | SE = 16.851 bit/s/Hz
[28194 ms] [UE 59499] UL: SNR = 53.50 dB | SE = 17.506 bit/s/Hz
[28194 ms] [UE 12524] UL: SNR = 56.50 dB | SE = 18.487 bit/s/Hz
[29185 ms] [UE 14608] UL: SNR = 63.50 dB | SE = 20.778 bit/s/Hz
[29185 ms] [UE 54487] UL: SNR = 63.50 dB | SE = 20.778 bit/s/Hz
[29185 ms] [UE 2959] UL: SNR = 34.00 dB | SE = 11.126 bit/s/Hz
[29185 ms] [UE 14350] UL: SNR = 63.50 dB | SE = 20.778 bit/s/Hz
[29185 ms] [UE 37624] UL: SNR = 63.50 dB | SE = 20.778 bit/s/Hz
[29185 ms] [UE 18432] UL: SNR = 63.50 dB | SE = 20.778 bit/s/Hz
[29185 ms] [UE 55143] UL: SNR = 63.50 dB | SE = 20.778 bit/s/Hz
[29185 ms] [UE 55862] UL: SNR = 63.50 dB | SE = 20.778 bit/s/Hz
[29185 ms] [UE 62817] UL: SNR = 52.00 dB | SE = 17.015 bit/s/Hz
[29185 ms] [UE 5257] UL: SNR = 63.50 dB | SE = 20.778 bit/s/Hz
[29202 ms] [UE 54141] UL: SNR = 63.50 dB | SE = 20.778 bit/s/Hz
[29202 ms] [UE 14002] UL: SNR = 53.50 dB | SE = 17.506 bit/s/Hz
[29202 ms] [UE 55839] UL: SNR = 56.50 dB | SE = 18.487 bit/s/Hz
[29202 ms] [UE 47098] UL: SNR = 51.50 dB | SE = 16.851 bit/s/Hz
[29202 ms] [UE 59499] UL: SNR = 53.50 dB | SE = 17.506 bit/s/Hz
[29202 ms] [UE 12524] UL: SNR = 56.50 dB | SE = 18.487 bit/s/Hz
[30186 ms] [UE 14608] UL: SNR = 63.50 dB | SE = 20.778 bit/s/Hz
[30186 ms] [UE 54487] UL: SNR = 63.50 dB | SE = 20.778 bit/s/Hz
[30186 ms] [UE 2959] UL: SNR = 34.00 dB | SE = 11.126 bit/s/Hz
[30186 ms] [UE 14350] UL: SNR = 63.50 dB | SE = 20.778 bit/s/Hz
[30186 ms] [UE 37624] UL: SNR = 63.50 dB | SE = 20.778 bit/s/Hz
[30186 ms] [UE 18432] UL: SNR = 63.50 dB | SE = 20.778 bit/s/Hz
[30186 ms] [UE 55143] UL: SNR = 63.50 dB | SE = 20.778 bit/s/Hz
[30186 ms] [UE 55862] UL: SNR = 63.50 dB | SE = 20.778 bit/s/Hz
[30186 ms] [UE 62817] UL: SNR = 52.00 dB | SE = 17.015 bit/s/Hz
[30186 ms] [UE 5257] UL: SNR = 63.50 dB | SE = 20.778 bit/s/Hz
[30203 ms] [UE 54141] UL: SNR = 63.50 dB | SE = 20.778 bit/s/Hz
[30203 ms] [UE 14002] UL: SNR = 53.50 dB | SE = 17.506 bit/s/Hz
[30203 ms] [UE 55839] UL: SNR = 56.50 dB | SE = 18.487 bit/s/Hz
[30203 ms] [UE 47098] UL: SNR = 51.50 dB | SE = 16.851 bit/s/Hz
[30203 ms] [UE 59499] UL: SNR = 53.50 dB | SE = 17.506 bit/s/Hz
[30203 ms] [UE 12524] UL: SNR = 56.50 dB | SE = 18.487 bit/s/Hz
[31195 ms] [UE 14608] UL: SNR = 63.50 dB | SE = 20.778 bit/s/Hz
[31195 ms] [UE 54487] UL: SNR = 63.50 dB | SE = 20.778 bit/s/Hz
[31195 ms] [UE 2959] UL: SNR = 34.00 dB | SE = 11.126 bit/s/Hz
[31195 ms] [UE 14350] UL: SNR = 63.50 dB | SE = 20.778 bit/s/Hz
[31195 ms] [UE 37624] UL: SNR = 63.50 dB | SE = 20.778 bit/s/Hz
[31195 ms] [UE 18432] UL: SNR = 63.50 dB | SE = 20.778 bit/s/Hz
[31195 ms] [UE 55143] UL: SNR = 63.50 dB | SE = 20.778 bit/s/Hz
[31195 ms] [UE 55862] UL: SNR = 63.50 dB | SE = 20.778 bit/s/Hz
[31195 ms] [UE 62817] UL: SNR = 52.00 dB | SE = 17.015 bit/s/Hz
[31195 ms] [UE 5257] UL: SNR = 63.50 dB | SE = 20.778 bit/s/Hz
[31213 ms] [UE 54141] UL: SNR = 63.50 dB | SE = 20.778 bit/s/Hz
[31213 ms] [UE 14002] UL: SNR = 53.50 dB | SE = 17.506 bit/s/Hz
[31213 ms] [UE 55839] UL: SNR = 56.50 dB | SE = 18.487 bit/s/Hz
[31213 ms] [UE 47098] UL: SNR = 51.50 dB | SE = 16.851 bit/s/Hz
[31213 ms] [UE 59499] UL: SNR = 53.50 dB | SE = 17.506 bit/s/Hz
[31213 ms] [UE 12524] UL: SNR = 56.50 dB | SE = 18.487 bit/s/Hz
[32205 ms] [UE 14608] UL: SNR = 63.50 dB | SE = 20.778 bit/s/Hz
[32205 ms] [UE 54487] UL: SNR = 63.50 dB | SE = 20.778 bit/s/Hz
[32205 ms] [UE 2959] UL: SNR = 34.00 dB | SE = 11.126 bit/s/Hz
[32205 ms] [UE 14350] UL: SNR = 63.50 dB | SE = 20.778 bit/s/Hz
[32205 ms] [UE 37624] UL: SNR = 63.50 dB | SE = 20.778 bit/s/Hz
[32205 ms] [UE 18432] UL: SNR = 63.50 dB | SE = 20.778 bit/s/Hz
[32205 ms] [UE 55143] UL: SNR = 63.50 dB | SE = 20.778 bit/s/Hz
[32205 ms] [UE 55862] UL: SNR = 63.50 dB | SE = 20.778 bit/s/Hz
[32205 ms] [UE 62817] UL: SNR = 52.00 dB | SE = 17.015 bit/s/Hz
[32205 ms] [UE 5257] UL: SNR = 63.50 dB | SE = 20.778 bit/s/Hz
[32213 ms] [UE 54141] UL: SNR = 63.50 dB | SE = 20.778 bit/s/Hz
[32213 ms] [UE 14002] UL: SNR = 56.50 dB | SE = 18.487 bit/s/Hz
[32213 ms] [UE 55839] UL: SNR = 56.00 dB | SE = 18.324 bit/s/Hz
[32213 ms] [UE 47098] UL: SNR = 51.50 dB | SE = 16.851 bit/s/Hz
[32213 ms] [UE 59499] UL: SNR = 53.50 dB | SE = 17.506 bit/s/Hz
[32213 ms] [UE 12524] UL: SNR = 56.50 dB | SE = 18.487 bit/s/Hz
[33213 ms] [UE 54141] UL: SNR = 63.50 dB | SE = 20.778 bit/s/Hz
[33213 ms] [UE 14002] UL: SNR = 56.50 dB | SE = 18.487 bit/s/Hz
[33213 ms] [UE 55839] UL: SNR = 56.00 dB | SE = 18.324 bit/s/Hz
[33213 ms] [UE 47098] UL: SNR = 55.50 dB | SE = 18.160 bit/s/Hz
[33213 ms] [UE 59499] UL: SNR = 53.50 dB | SE = 17.506 bit/s/Hz
[33213 ms] [UE 12524] UL: SNR = 56.50 dB | SE = 18.487 bit/s/Hz
[33215 ms] [UE 14608] UL: SNR = 63.50 dB | SE = 20.778 bit/s/Hz
[33215 ms] [UE 54487] UL: SNR = 63.50 dB | SE = 20.778 bit/s/Hz
[33215 ms] [UE 2959] UL: SNR = 34.00 dB | SE = 11.126 bit/s/Hz
[33215 ms] [UE 14350] UL: SNR = 63.50 dB | SE = 20.778 bit/s/Hz
[33215 ms] [UE 37624] UL: SNR = 63.50 dB | SE = 20.778 bit/s/Hz
[33215 ms] [UE 18432] UL: SNR = 63.50 dB | SE = 20.778 bit/s/Hz
[33215 ms] [UE 55143] UL: SNR = 63.50 dB | SE = 20.778 bit/s/Hz
[33215 ms] [UE 55862] UL: SNR = 63.50 dB | SE = 20.778 bit/s/Hz
[33215 ms] [UE 62817] UL: SNR = 52.00 dB | SE = 17.015 bit/s/Hz
[33215 ms] [UE 5257] UL: SNR = 63.50 dB | SE = 20.778 bit/s/Hz
[34215 ms] [UE 14608] UL: SNR = 63.50 dB | SE = 20.778 bit/s/Hz
[34215 ms] [UE 54487] UL: SNR = 63.50 dB | SE = 20.778 bit/s/Hz
[34215 ms] [UE 2959] UL: SNR = 34.00 dB | SE = 11.126 bit/s/Hz
[34215 ms] [UE 14350] UL: SNR = 63.50 dB | SE = 20.778 bit/s/Hz
[34215 ms] [UE 37624] UL: SNR = 63.50 dB | SE = 20.778 bit/s/Hz
[34215 ms] [UE 18432] UL: SNR = 63.50 dB | SE = 20.778 bit/s/Hz
[34215 ms] [UE 55143] UL: SNR = 63.50 dB | SE = 20.778 bit/s/Hz
[34215 ms] [UE 55862] UL: SNR = 63.50 dB | SE = 20.778 bit/s/Hz
[34215 ms] [UE 62817] UL: SNR = 52.00 dB | SE = 17.015 bit/s/Hz
[34215 ms] [UE 5257] UL: SNR = 63.50 dB | SE = 20.778 bit/s/Hz
[34223 ms] [UE 54141] UL: SNR = 63.50 dB | SE = 20.778 bit/s/Hz
[34223 ms] [UE 14002] UL: SNR = 53.00 dB | SE = 17.342 bit/s/Hz
[34223 ms] [UE 55839] UL: SNR = 56.00 dB | SE = 18.324 bit/s/Hz
[34223 ms] [UE 47098] UL: SNR = 51.00 dB | SE = 16.688 bit/s/Hz
[34223 ms] [UE 59499] UL: SNR = 53.50 dB | SE = 17.506 bit/s/Hz
[34223 ms] [UE 12524] UL: SNR = 56.50 dB | SE = 18.487 bit/s/Hz
[35216 ms] [UE 14608] UL: SNR = 63.50 dB | SE = 20.778 bit/s/Hz
[35216 ms] [UE 54487] UL: SNR = 63.50 dB | SE = 20.778 bit/s/Hz
[35216 ms] [UE 2959] UL: SNR = 34.00 dB | SE = 11.126 bit/s/Hz
[35216 ms] [UE 14350] UL: SNR = 63.50 dB | SE = 20.778 bit/s/Hz
[35216 ms] [UE 37624] UL: SNR = 63.50 dB | SE = 20.778 bit/s/Hz
[35216 ms] [UE 18432] UL: SNR = 63.50 dB | SE = 20.778 bit/s/Hz
[35216 ms] [UE 55143] UL: SNR = 63.50 dB | SE = 20.778 bit/s/Hz
[35216 ms] [UE 55862] UL: SNR = 63.50 dB | SE = 20.778 bit/s/Hz
[35216 ms] [UE 62817] UL: SNR = 52.00 dB | SE = 17.015 bit/s/Hz
[35216 ms] [UE 5257] UL: SNR = 63.50 dB | SE = 20.778 bit/s/Hz
[35223 ms] [UE 54141] UL: SNR = 63.50 dB | SE = 20.778 bit/s/Hz
[35223 ms] [UE 14002] UL: SNR = 53.00 dB | SE = 17.342 bit/s/Hz
[35223 ms] [UE 55839] UL: SNR = 56.00 dB | SE = 18.324 bit/s/Hz
[35223 ms] [UE 47098] UL: SNR = 51.00 dB | SE = 16.688 bit/s/Hz
[35223 ms] [UE 59499] UL: SNR = 53.50 dB | SE = 17.506 bit/s/Hz
[35223 ms] [UE 12524] UL: SNR = 56.50 dB | SE = 18.487 bit/s/Hz
[36225 ms] [UE 14608] UL: SNR = 63.50 dB | SE = 20.778 bit/s/Hz
[36225 ms] [UE 54487] UL: SNR = 63.50 dB | SE = 20.778 bit/s/Hz
[36225 ms] [UE 2959] UL: SNR = 34.00 dB | SE = 11.126 bit/s/Hz
[36225 ms] [UE 14350] UL: SNR = 63.50 dB | SE = 20.778 bit/s/Hz
[36225 ms] [UE 37624] UL: SNR = 63.50 dB | SE = 20.778 bit/s/Hz
[36225 ms] [UE 18432] UL: SNR = 63.50 dB | SE = 20.778 bit/s/Hz
[36225 ms] [UE 55143] UL: SNR = 63.50 dB | SE = 20.778 bit/s/Hz
[36225 ms] [UE 55862] UL: SNR = 63.50 dB | SE = 20.778 bit/s/Hz
[36225 ms] [UE 62817] UL: SNR = 52.00 dB | SE = 17.015 bit/s/Hz
[36225 ms] [UE 5257] UL: SNR = 63.50 dB | SE = 20.778 bit/s/Hz
[36233 ms] [UE 54141] UL: SNR = 63.50 dB | SE = 20.778 bit/s/Hz
[36233 ms] [UE 14002] UL: SNR = 53.00 dB | SE = 17.342 bit/s/Hz
[36233 ms] [UE 55839] UL: SNR = 56.00 dB | SE = 18.324 bit/s/Hz
[36233 ms] [UE 47098] UL: SNR = 51.00 dB | SE = 16.688 bit/s/Hz
[36233 ms] [UE 59499] UL: SNR = 53.50 dB | SE = 17.506 bit/s/Hz
[36233 ms] [UE 12524] UL: SNR = 56.50 dB | SE = 18.487 bit/s/Hz
[37233 ms] [UE 54141] UL: SNR = 63.50 dB | SE = 20.778 bit/s/Hz
[37233 ms] [UE 14002] UL: SNR = 53.00 dB | SE = 17.342 bit/s/Hz
[37233 ms] [UE 55839] UL: SNR = 56.00 dB | SE = 18.324 bit/s/Hz
[37233 ms] [UE 47098] UL: SNR = 51.00 dB | SE = 16.688 bit/s/Hz
[37233 ms] [UE 59499] UL: SNR = 53.50 dB | SE = 17.506 bit/s/Hz
[37233 ms] [UE 12524] UL: SNR = 56.50 dB | SE = 18.487 bit/s/Hz
[37235 ms] [UE 14608] UL: SNR = 63.50 dB | SE = 20.778 bit/s/Hz
[37235 ms] [UE 54487] UL: SNR = 63.50 dB | SE = 20.778 bit/s/Hz
[37235 ms] [UE 2959] UL: SNR = 34.00 dB | SE = 11.126 bit/s/Hz
[37235 ms] [UE 14350] UL: SNR = 63.50 dB | SE = 20.778 bit/s/Hz
[37235 ms] [UE 37624] UL: SNR = 63.50 dB | SE = 20.778 bit/s/Hz
[37235 ms] [UE 18432] UL: SNR = 63.50 dB | SE = 20.778 bit/s/Hz
[37235 ms] [UE 55143] UL: SNR = 63.50 dB | SE = 20.778 bit/s/Hz
[37235 ms] [UE 55862] UL: SNR = 63.50 dB | SE = 20.778 bit/s/Hz
[37235 ms] [UE 62817] UL: SNR = 52.00 dB | SE = 17.015 bit/s/Hz
[37235 ms] [UE 5257] UL: SNR = 63.50 dB | SE = 20.778 bit/s/Hz
[38243 ms] [UE 54141] UL: SNR = 63.50 dB | SE = 20.778 bit/s/Hz
[38243 ms] [UE 14002] UL: SNR = 53.00 dB | SE = 17.342 bit/s/Hz
[38243 ms] [UE 55839] UL: SNR = 56.00 dB | SE = 18.324 bit/s/Hz
[38243 ms] [UE 47098] UL: SNR = 51.00 dB | SE = 16.688 bit/s/Hz
[38243 ms] [UE 59499] UL: SNR = 53.50 dB | SE = 17.506 bit/s/Hz
[38243 ms] [UE 12524] UL: SNR = 56.50 dB | SE = 18.487 bit/s/Hz
[38245 ms] [UE 14608] UL: SNR = 63.50 dB | SE = 20.778 bit/s/Hz
[38245 ms] [UE 54487] UL: SNR = 63.50 dB | SE = 20.778 bit/s/Hz
[38245 ms] [UE 2959] UL: SNR = 34.00 dB | SE = 11.126 bit/s/Hz
[38245 ms] [UE 14350] UL: SNR = 63.50 dB | SE = 20.778 bit/s/Hz
[38245 ms] [UE 37624] UL: SNR = 63.50 dB | SE = 20.778 bit/s/Hz
[38245 ms] [UE 18432] UL: SNR = 63.50 dB | SE = 20.778 bit/s/Hz
[38245 ms] [UE 55143] UL: SNR = 63.50 dB | SE = 20.778 bit/s/Hz
[38245 ms] [UE 55862] UL: SNR = 63.50 dB | SE = 20.778 bit/s/Hz
[38245 ms] [UE 62817] UL: SNR = 52.00 dB | SE = 17.015 bit/s/Hz
[38245 ms] [UE 5257] UL: SNR = 63.50 dB | SE = 20.778 bit/s/Hz
[39244 ms] [UE 54141] UL: SNR = 63.50 dB | SE = 20.778 bit/s/Hz
[39244 ms] [UE 14002] UL: SNR = 59.00 dB | SE = 19.305 bit/s/Hz
[39244 ms] [UE 55839] UL: SNR = 60.00 dB | SE = 19.633 bit/s/Hz
[39244 ms] [UE 47098] UL: SNR = 51.00 dB | SE = 16.688 bit/s/Hz
[39244 ms] [UE 59499] UL: SNR = 53.50 dB | SE = 17.506 bit/s/Hz
[39244 ms] [UE 12524] UL: SNR = 56.50 dB | SE = 18.487 bit/s/Hz
[39246 ms] [UE 14608] UL: SNR = 63.50 dB | SE = 20.778 bit/s/Hz
[39246 ms] [UE 54487] UL: SNR = 63.50 dB | SE = 20.778 bit/s/Hz
[39246 ms] [UE 2959] UL: SNR = 34.00 dB | SE = 11.126 bit/s/Hz
[39246 ms] [UE 14350] UL: SNR = 63.50 dB | SE = 20.778 bit/s/Hz
[39246 ms] [UE 37624] UL: SNR = 63.50 dB | SE = 20.778 bit/s/Hz
[39246 ms] [UE 18432] UL: SNR = 63.50 dB | SE = 20.778 bit/s/Hz
[39246 ms] [UE 55143] UL: SNR = 63.50 dB | SE = 20.778 bit/s/Hz
[39246 ms] [UE 55862] UL: SNR = 63.50 dB | SE = 20.778 bit/s/Hz
[39246 ms] [UE 62817] UL: SNR = 52.00 dB | SE = 17.015 bit/s/Hz
[39246 ms] [UE 5257] UL: SNR = 63.50 dB | SE = 20.778 bit/s/Hz
[40253 ms] [UE 54141] UL: SNR = 63.50 dB | SE = 20.778 bit/s/Hz
[40253 ms] [UE 14002] UL: SNR = 59.00 dB | SE = 19.305 bit/s/Hz
[40253 ms] [UE 55839] UL: SNR = 60.00 dB | SE = 19.633 bit/s/Hz
[40253 ms] [UE 47098] UL: SNR = 51.00 dB | SE = 16.688 bit/s/Hz
[40253 ms] [UE 59499] UL: SNR = 53.50 dB | SE = 17.506 bit/s/Hz
[40253 ms] [UE 12524] UL: SNR = 56.50 dB | SE = 18.487 bit/s/Hz
[40256 ms] [UE 14608] UL: SNR = 63.50 dB | SE = 20.778 bit/s/Hz
[40256 ms] [UE 54487] UL: SNR = 63.50 dB | SE = 20.778 bit/s/Hz
[40256 ms] [UE 2959] UL: SNR = 34.00 dB | SE = 11.126 bit/s/Hz
[40256 ms] [UE 14350] UL: SNR = 63.50 dB | SE = 20.778 bit/s/Hz
[40256 ms] [UE 37624] UL: SNR = 63.50 dB | SE = 20.778 bit/s/Hz
[40256 ms] [UE 18432] UL: SNR = 63.50 dB | SE = 20.778 bit/s/Hz
[40256 ms] [UE 55143] UL: SNR = 63.50 dB | SE = 20.778 bit/s/Hz
[40256 ms] [UE 55862] UL: SNR = 63.50 dB | SE = 20.778 bit/s/Hz
[40256 ms] [UE 62817] UL: SNR = 52.00 dB | SE = 17.015 bit/s/Hz
[40256 ms] [UE 5257] UL: SNR = 63.50 dB | SE = 20.778 bit/s/Hz
[41263 ms] [UE 54141] UL: SNR = 63.50 dB | SE = 20.778 bit/s/Hz
[41263 ms] [UE 14002] UL: SNR = 53.50 dB | SE = 17.506 bit/s/Hz
[41263 ms] [UE 55839] UL: SNR = 56.50 dB | SE = 18.487 bit/s/Hz
[41263 ms] [UE 47098] UL: SNR = 51.50 dB | SE = 16.851 bit/s/Hz
[41263 ms] [UE 59499] UL: SNR = 53.50 dB | SE = 17.506 bit/s/Hz
[41263 ms] [UE 12524] UL: SNR = 56.50 dB | SE = 18.487 bit/s/Hz
[41266 ms] [UE 14608] UL: SNR = 63.50 dB | SE = 20.778 bit/s/Hz
[41266 ms] [UE 54487] UL: SNR = 63.50 dB | SE = 20.778 bit/s/Hz
[41266 ms] [UE 2959] UL: SNR = 34.00 dB | SE = 11.126 bit/s/Hz
[41266 ms] [UE 14350] UL: SNR = 63.50 dB | SE = 20.778 bit/s/Hz
[41266 ms] [UE 37624] UL: SNR = 63.50 dB | SE = 20.778 bit/s/Hz
[41266 ms] [UE 18432] UL: SNR = 63.50 dB | SE = 20.778 bit/s/Hz
[41266 ms] [UE 55143] UL: SNR = 63.50 dB | SE = 20.778 bit/s/Hz
[41266 ms] [UE 55862] UL: SNR = 63.50 dB | SE = 20.778 bit/s/Hz
[41266 ms] [UE 62817] UL: SNR = 52.00 dB | SE = 17.015 bit/s/Hz
[41266 ms] [UE 5257] UL: SNR = 63.50 dB | SE = 20.778 bit/s/Hz
[42264 ms] [UE 54141] UL: SNR = 63.50 dB | SE = 20.778 bit/s/Hz
[42264 ms] [UE 14002] UL: SNR = 53.50 dB | SE = 17.506 bit/s/Hz
[42264 ms] [UE 55839] UL: SNR = 56.50 dB | SE = 18.487 bit/s/Hz
[42264 ms] [UE 47098] UL: SNR = 51.50 dB | SE = 16.851 bit/s/Hz
[42264 ms] [UE 59499] UL: SNR = 53.50 dB | SE = 17.506 bit/s/Hz
[42264 ms] [UE 12524] UL: SNR = 56.50 dB | SE = 18.487 bit/s/Hz
[42275 ms] [UE 14608] UL: SNR = 63.50 dB | SE = 20.778 bit/s/Hz
[42275 ms] [UE 54487] UL: SNR = 63.50 dB | SE = 20.778 bit/s/Hz
[42275 ms] [UE 2959] UL: SNR = 34.00 dB | SE = 11.126 bit/s/Hz
[42275 ms] [UE 14350] UL: SNR = 63.50 dB | SE = 20.778 bit/s/Hz
[42275 ms] [UE 37624] UL: SNR = 63.50 dB | SE = 20.778 bit/s/Hz
[42275 ms] [UE 18432] UL: SNR = 63.50 dB | SE = 20.778 bit/s/Hz
[42275 ms] [UE 55143] UL: SNR = 63.50 dB | SE = 20.778 bit/s/Hz
[42275 ms] [UE 55862] UL: SNR = 63.50 dB | SE = 20.778 bit/s/Hz
[42275 ms] [UE 62817] UL: SNR = 52.00 dB | SE = 17.015 bit/s/Hz
[42275 ms] [UE 5257] UL: SNR = 63.50 dB | SE = 20.778 bit/s/Hz
[43273 ms] [UE 54141] UL: SNR = 63.50 dB | SE = 20.778 bit/s/Hz
[43273 ms] [UE 14002] UL: SNR = 53.50 dB | SE = 17.506 bit/s/Hz
[43273 ms] [UE 55839] UL: SNR = 56.50 dB | SE = 18.487 bit/s/Hz
[43273 ms] [UE 47098] UL: SNR = 51.50 dB | SE = 16.851 bit/s/Hz
[43273 ms] [UE 59499] UL: SNR = 53.50 dB | SE = 17.506 bit/s/Hz
[43273 ms] [UE 12524] UL: SNR = 56.50 dB | SE = 18.487 bit/s/Hz
[43276 ms] [UE 14608] UL: SNR = 63.50 dB | SE = 20.778 bit/s/Hz
[43276 ms] [UE 54487] UL: SNR = 63.50 dB | SE = 20.778 bit/s/Hz
[43276 ms] [UE 2959] UL: SNR = 34.00 dB | SE = 11.126 bit/s/Hz
[43276 ms] [UE 14350] UL: SNR = 63.50 dB | SE = 20.778 bit/s/Hz
[43276 ms] [UE 37624] UL: SNR = 63.50 dB | SE = 20.778 bit/s/Hz
[43276 ms] [UE 18432] UL: SNR = 63.50 dB | SE = 20.778 bit/s/Hz
[43276 ms] [UE 55143] UL: SNR = 63.50 dB | SE = 20.778 bit/s/Hz
[43276 ms] [UE 55862] UL: SNR = 63.50 dB | SE = 20.778 bit/s/Hz
[43276 ms] [UE 62817] UL: SNR = 52.00 dB | SE = 17.015 bit/s/Hz
[43276 ms] [UE 5257] UL: SNR = 63.50 dB | SE = 20.778 bit/s/Hz
[44283 ms] [UE 54141] UL: SNR = 63.50 dB | SE = 20.778 bit/s/Hz
[44283 ms] [UE 14002] UL: SNR = 53.50 dB | SE = 17.506 bit/s/Hz
[44283 ms] [UE 55839] UL: SNR = 56.50 dB | SE = 18.487 bit/s/Hz
[44283 ms] [UE 47098] UL: SNR = 51.50 dB | SE = 16.851 bit/s/Hz
[44283 ms] [UE 59499] UL: SNR = 53.50 dB | SE = 17.506 bit/s/Hz
[44283 ms] [UE 12524] UL: SNR = 56.50 dB | SE = 18.487 bit/s/Hz
[44285 ms] [UE 14608] UL: SNR = 63.50 dB | SE = 20.778 bit/s/Hz
[44285 ms] [UE 54487] UL: SNR = 63.50 dB | SE = 20.778 bit/s/Hz
[44285 ms] [UE 2959] UL: SNR = 34.00 dB | SE = 11.126 bit/s/Hz
[44285 ms] [UE 14350] UL: SNR = 63.50 dB | SE = 20.778 bit/s/Hz
[44285 ms] [UE 37624] UL: SNR = 63.50 dB | SE = 20.778 bit/s/Hz
[44285 ms] [UE 18432] UL: SNR = 63.50 dB | SE = 20.778 bit/s/Hz
[44285 ms] [UE 55143] UL: SNR = 63.50 dB | SE = 20.778 bit/s/Hz
[44285 ms] [UE 55862] UL: SNR = 63.50 dB | SE = 20.778 bit/s/Hz
[44285 ms] [UE 62817] UL: SNR = 52.00 dB | SE = 17.015 bit/s/Hz
[44285 ms] [UE 5257] UL: SNR = 63.50 dB | SE = 20.778 bit/s/Hz
[45284 ms] [UE 54141] UL: SNR = 63.50 dB | SE = 20.778 bit/s/Hz
[45284 ms] [UE 14002] UL: SNR = 53.50 dB | SE = 17.506 bit/s/Hz
[45284 ms] [UE 55839] UL: SNR = 56.50 dB | SE = 18.487 bit/s/Hz
[45284 ms] [UE 47098] UL: SNR = 51.50 dB | SE = 16.851 bit/s/Hz
[45284 ms] [UE 59499] UL: SNR = 53.50 dB | SE = 17.506 bit/s/Hz
[45284 ms] [UE 12524] UL: SNR = 56.50 dB | SE = 18.487 bit/s/Hz
[45285 ms] [UE 14608] UL: SNR = 63.50 dB | SE = 20.778 bit/s/Hz
[45285 ms] [UE 54487] UL: SNR = 63.50 dB | SE = 20.778 bit/s/Hz
[45285 ms] [UE 2959] UL: SNR = 34.00 dB | SE = 11.126 bit/s/Hz
[45285 ms] [UE 14350] UL: SNR = 63.50 dB | SE = 20.778 bit/s/Hz
[45285 ms] [UE 37624] UL: SNR = 63.50 dB | SE = 20.778 bit/s/Hz
[45285 ms] [UE 18432] UL: SNR = 63.50 dB | SE = 20.778 bit/s/Hz
[45285 ms] [UE 55143] UL: SNR = 63.50 dB | SE = 20.778 bit/s/Hz
[45285 ms] [UE 55862] UL: SNR = 63.50 dB | SE = 20.778 bit/s/Hz
[45285 ms] [UE 62817] UL: SNR = 52.00 dB | SE = 17.015 bit/s/Hz
[45285 ms] [UE 5257] UL: SNR = 63.50 dB | SE = 20.778 bit/s/Hz
[46284 ms] [UE 54141] UL: SNR = 63.50 dB | SE = 20.778 bit/s/Hz
[46284 ms] [UE 14002] UL: SNR = 59.00 dB | SE = 19.305 bit/s/Hz
[46284 ms] [UE 55839] UL: SNR = 60.00 dB | SE = 19.633 bit/s/Hz
[46284 ms] [UE 47098] UL: SNR = 51.50 dB | SE = 16.851 bit/s/Hz
[46284 ms] [UE 59499] UL: SNR = 53.50 dB | SE = 17.506 bit/s/Hz
[46284 ms] [UE 12524] UL: SNR = 56.50 dB | SE = 18.487 bit/s/Hz
[46286 ms] [UE 14608] UL: SNR = 63.50 dB | SE = 20.778 bit/s/Hz
[46286 ms] [UE 54487] UL: SNR = 63.50 dB | SE = 20.778 bit/s/Hz
[46286 ms] [UE 2959] UL: SNR = 34.00 dB | SE = 11.126 bit/s/Hz
[46286 ms] [UE 14350] UL: SNR = 63.50 dB | SE = 20.778 bit/s/Hz
[46286 ms] [UE 37624] UL: SNR = 63.50 dB | SE = 20.778 bit/s/Hz
[46286 ms] [UE 18432] UL: SNR = 63.50 dB | SE = 20.778 bit/s/Hz
[46286 ms] [UE 55143] UL: SNR = 63.50 dB | SE = 20.778 bit/s/Hz
[46286 ms] [UE 55862] UL: SNR = 63.50 dB | SE = 20.778 bit/s/Hz
[46286 ms] [UE 62817] UL: SNR = 52.00 dB | SE = 17.015 bit/s/Hz
[46286 ms] [UE 5257] UL: SNR = 63.50 dB | SE = 20.778 bit/s/Hz
[47293 ms] [UE 54141] UL: SNR = 63.50 dB | SE = 20.778 bit/s/Hz
[47293 ms] [UE 14002] UL: SNR = 59.00 dB | SE = 19.305 bit/s/Hz
[47293 ms] [UE 55839] UL: SNR = 60.00 dB | SE = 19.633 bit/s/Hz
[47293 ms] [UE 47098] UL: SNR = 51.50 dB | SE = 16.851 bit/s/Hz
[47293 ms] [UE 59499] UL: SNR = 53.50 dB | SE = 17.506 bit/s/Hz
[47293 ms] [UE 12524] UL: SNR = 56.50 dB | SE = 18.487 bit/s/Hz
[47295 ms] [UE 14608] UL: SNR = 63.50 dB | SE = 20.778 bit/s/Hz
[47295 ms] [UE 54487] UL: SNR = 63.50 dB | SE = 20.778 bit/s/Hz
[47295 ms] [UE 2959] UL: SNR = 34.00 dB | SE = 11.126 bit/s/Hz
[47295 ms] [UE 14350] UL: SNR = 63.50 dB | SE = 20.778 bit/s/Hz
[47295 ms] [UE 37624] UL: SNR = 63.50 dB | SE = 20.778 bit/s/Hz
[47295 ms] [UE 18432] UL: SNR = 63.50 dB | SE = 20.778 bit/s/Hz
[47295 ms] [UE 55143] UL: SNR = 63.50 dB | SE = 20.778 bit/s/Hz
[47295 ms] [UE 55862] UL: SNR = 63.50 dB | SE = 20.778 bit/s/Hz
[47295 ms] [UE 62817] UL: SNR = 52.00 dB | SE = 17.015 bit/s/Hz
[47295 ms] [UE 5257] UL: SNR = 63.50 dB | SE = 20.778 bit/s/Hz
[48293 ms] [UE 54141] UL: SNR = 63.50 dB | SE = 20.778 bit/s/Hz
[48293 ms] [UE 14002] UL: SNR = 53.50 dB | SE = 17.506 bit/s/Hz
[48293 ms] [UE 55839] UL: SNR = 56.50 dB | SE = 18.487 bit/s/Hz
[48293 ms] [UE 47098] UL: SNR = 51.50 dB | SE = 16.851 bit/s/Hz
[48293 ms] [UE 59499] UL: SNR = 53.50 dB | SE = 17.506 bit/s/Hz
[48293 ms] [UE 12524] UL: SNR = 56.50 dB | SE = 18.487 bit/s/Hz
[48295 ms] [UE 14608] UL: SNR = 63.50 dB | SE = 20.778 bit/s/Hz
[48295 ms] [UE 54487] UL: SNR = 63.50 dB | SE = 20.778 bit/s/Hz
[48295 ms] [UE 2959] UL: SNR = 34.00 dB | SE = 11.126 bit/s/Hz
[48295 ms] [UE 14350] UL: SNR = 63.50 dB | SE = 20.778 bit/s/Hz
[48295 ms] [UE 37624] UL: SNR = 63.50 dB | SE = 20.778 bit/s/Hz
[48295 ms] [UE 18432] UL: SNR = 63.50 dB | SE = 20.778 bit/s/Hz
[48295 ms] [UE 55143] UL: SNR = 63.50 dB | SE = 20.778 bit/s/Hz
[48295 ms] [UE 55862] UL: SNR = 63.50 dB | SE = 20.778 bit/s/Hz
[48295 ms] [UE 62817] UL: SNR = 52.00 dB | SE = 17.015 bit/s/Hz
[48295 ms] [UE 5257] UL: SNR = 63.50 dB | SE = 20.778 bit/s/Hz
[49303 ms] [UE 54141] UL: SNR = 63.50 dB | SE = 20.778 bit/s/Hz
[49303 ms] [UE 14002] UL: SNR = 53.50 dB | SE = 17.506 bit/s/Hz
[49303 ms] [UE 55839] UL: SNR = 56.50 dB | SE = 18.487 bit/s/Hz
[49303 ms] [UE 47098] UL: SNR = 51.50 dB | SE = 16.851 bit/s/Hz
[49303 ms] [UE 59499] UL: SNR = 53.50 dB | SE = 17.506 bit/s/Hz
[49303 ms] [UE 12524] UL: SNR = 56.50 dB | SE = 18.487 bit/s/Hz
[49306 ms] [UE 14608] UL: SNR = 63.50 dB | SE = 20.778 bit/s/Hz
[49306 ms] [UE 54487] UL: SNR = 63.50 dB | SE = 20.778 bit/s/Hz
[49306 ms] [UE 2959] UL: SNR = 34.00 dB | SE = 11.126 bit/s/Hz
[49306 ms] [UE 14350] UL: SNR = 63.50 dB | SE = 20.778 bit/s/Hz
[49306 ms] [UE 37624] UL: SNR = 63.50 dB | SE = 20.778 bit/s/Hz
[49306 ms] [UE 18432] UL: SNR = 63.50 dB | SE = 20.778 bit/s/Hz
[49306 ms] [UE 55143] UL: SNR = 63.50 dB | SE = 20.778 bit/s/Hz
[49306 ms] [UE 55862] UL: SNR = 63.50 dB | SE = 20.778 bit/s/Hz
[49306 ms] [UE 62817] UL: SNR = 52.00 dB | SE = 17.015 bit/s/Hz
[49306 ms] [UE 5257] UL: SNR = 63.50 dB | SE = 20.778 bit/s/Hz
[50303 ms] [UE 54141] UL: SNR = 63.50 dB | SE = 20.778 bit/s/Hz
[50303 ms] [UE 14002] UL: SNR = 53.50 dB | SE = 17.506 bit/s/Hz
[50303 ms] [UE 55839] UL: SNR = 56.50 dB | SE = 18.487 bit/s/Hz
[50303 ms] [UE 47098] UL: SNR = 51.50 dB | SE = 16.851 bit/s/Hz
[50303 ms] [UE 59499] UL: SNR = 53.50 dB | SE = 17.506 bit/s/Hz
[50303 ms] [UE 12524] UL: SNR = 56.50 dB | SE = 18.487 bit/s/Hz
[50306 ms] [UE 14608] UL: SNR = 63.50 dB | SE = 20.778 bit/s/Hz
[50306 ms] [UE 54487] UL: SNR = 63.50 dB | SE = 20.778 bit/s/Hz
[50306 ms] [UE 2959] UL: SNR = 34.00 dB | SE = 11.126 bit/s/Hz
[50306 ms] [UE 14350] UL: SNR = 63.50 dB | SE = 20.778 bit/s/Hz
[50306 ms] [UE 37624] UL: SNR = 63.50 dB | SE = 20.778 bit/s/Hz
[50306 ms] [UE 18432] UL: SNR = 63.50 dB | SE = 20.778 bit/s/Hz
[50306 ms] [UE 55143] UL: SNR = 63.50 dB | SE = 20.778 bit/s/Hz
[50306 ms] [UE 55862] UL: SNR = 63.50 dB | SE = 20.778 bit/s/Hz
[50306 ms] [UE 62817] UL: SNR = 52.00 dB | SE = 17.015 bit/s/Hz
[50306 ms] [UE 5257] UL: SNR = 63.50 dB | SE = 20.778 bit/s/Hz
[51306 ms] [UE 14608] UL: SNR = 63.50 dB | SE = 20.778 bit/s/Hz
[51306 ms] [UE 54487] UL: SNR = 63.50 dB | SE = 20.778 bit/s/Hz
[51306 ms] [UE 2959] UL: SNR = 34.00 dB | SE = 11.126 bit/s/Hz
[51306 ms] [UE 14350] UL: SNR = 63.50 dB | SE = 20.778 bit/s/Hz
[51306 ms] [UE 37624] UL: SNR = 63.50 dB | SE = 20.778 bit/s/Hz
[51306 ms] [UE 18432] UL: SNR = 63.50 dB | SE = 20.778 bit/s/Hz
[51306 ms] [UE 55143] UL: SNR = 63.50 dB | SE = 20.778 bit/s/Hz
[51306 ms] [UE 55862] UL: SNR = 63.50 dB | SE = 20.778 bit/s/Hz
[51306 ms] [UE 62817] UL: SNR = 52.00 dB | SE = 17.015 bit/s/Hz
[51306 ms] [UE 5257] UL: SNR = 63.50 dB | SE = 20.778 bit/s/Hz
[51313 ms] [UE 54141] UL: SNR = 63.50 dB | SE = 20.778 bit/s/Hz
[51313 ms] [UE 14002] UL: SNR = 53.50 dB | SE = 17.506 bit/s/Hz
[51313 ms] [UE 55839] UL: SNR = 56.50 dB | SE = 18.487 bit/s/Hz
[51313 ms] [UE 47098] UL: SNR = 51.50 dB | SE = 16.851 bit/s/Hz
[51313 ms] [UE 59499] UL: SNR = 53.50 dB | SE = 17.506 bit/s/Hz
[51313 ms] [UE 12524] UL: SNR = 56.50 dB | SE = 18.487 bit/s/Hz
[52306 ms] [UE 14608] UL: SNR = 63.50 dB | SE = 20.778 bit/s/Hz
[52306 ms] [UE 54487] UL: SNR = 63.50 dB | SE = 20.778 bit/s/Hz
[52306 ms] [UE 2959] UL: SNR = 34.00 dB | SE = 11.126 bit/s/Hz
[52306 ms] [UE 14350] UL: SNR = 63.50 dB | SE = 20.778 bit/s/Hz
[52306 ms] [UE 37624] UL: SNR = 63.50 dB | SE = 20.778 bit/s/Hz
[52306 ms] [UE 18432] UL: SNR = 63.50 dB | SE = 20.778 bit/s/Hz
[52306 ms] [UE 55143] UL: SNR = 63.50 dB | SE = 20.778 bit/s/Hz
[52306 ms] [UE 55862] UL: SNR = 63.50 dB | SE = 20.778 bit/s/Hz
[52306 ms] [UE 62817] UL: SNR = 52.00 dB | SE = 17.015 bit/s/Hz
[52306 ms] [UE 5257] UL: SNR = 63.50 dB | SE = 20.778 bit/s/Hz
[52313 ms] [UE 54141] UL: SNR = 63.50 dB | SE = 20.778 bit/s/Hz
[52313 ms] [UE 14002] UL: SNR = 53.50 dB | SE = 17.506 bit/s/Hz
[52313 ms] [UE 55839] UL: SNR = 56.50 dB | SE = 18.487 bit/s/Hz
[52313 ms] [UE 47098] UL: SNR = 51.50 dB | SE = 16.851 bit/s/Hz
[52313 ms] [UE 59499] UL: SNR = 53.50 dB | SE = 17.506 bit/s/Hz
[52313 ms] [UE 12524] UL: SNR = 56.50 dB | SE = 18.487 bit/s/Hz
[53315 ms] [UE 14608] UL: SNR = 63.50 dB | SE = 20.778 bit/s/Hz
[53315 ms] [UE 54487] UL: SNR = 63.50 dB | SE = 20.778 bit/s/Hz
[53315 ms] [UE 2959] UL: SNR = 34.00 dB | SE = 11.126 bit/s/Hz
[53315 ms] [UE 14350] UL: SNR = 63.50 dB | SE = 20.778 bit/s/Hz
[53315 ms] [UE 37624] UL: SNR = 63.50 dB | SE = 20.778 bit/s/Hz
[53315 ms] [UE 18432] UL: SNR = 63.50 dB | SE = 20.778 bit/s/Hz
[53315 ms] [UE 55143] UL: SNR = 63.50 dB | SE = 20.778 bit/s/Hz
[53315 ms] [UE 55862] UL: SNR = 63.50 dB | SE = 20.778 bit/s/Hz
[53315 ms] [UE 62817] UL: SNR = 52.00 dB | SE = 17.015 bit/s/Hz
[53315 ms] [UE 5257] UL: SNR = 63.50 dB | SE = 20.778 bit/s/Hz
[53323 ms] [UE 54141] UL: SNR = 63.50 dB | SE = 20.778 bit/s/Hz
[53323 ms] [UE 14002] UL: SNR = 53.50 dB | SE = 17.506 bit/s/Hz
[53323 ms] [UE 55839] UL: SNR = 56.50 dB | SE = 18.487 bit/s/Hz
[53323 ms] [UE 47098] UL: SNR = 51.50 dB | SE = 16.851 bit/s/Hz
[53323 ms] [UE 59499] UL: SNR = 53.50 dB | SE = 17.506 bit/s/Hz
[53323 ms] [UE 12524] UL: SNR = 56.50 dB | SE = 18.487 bit/s/Hz
[54316 ms] [UE 14608] UL: SNR = 63.50 dB | SE = 20.778 bit/s/Hz
[54316 ms] [UE 54487] UL: SNR = 63.50 dB | SE = 20.778 bit/s/Hz
[54316 ms] [UE 2959] UL: SNR = 34.00 dB | SE = 11.126 bit/s/Hz
[54316 ms] [UE 14350] UL: SNR = 63.50 dB | SE = 20.778 bit/s/Hz
[54316 ms] [UE 37624] UL: SNR = 63.50 dB | SE = 20.778 bit/s/Hz
[54316 ms] [UE 18432] UL: SNR = 63.50 dB | SE = 20.778 bit/s/Hz
[54316 ms] [UE 55143] UL: SNR = 63.50 dB | SE = 20.778 bit/s/Hz
[54316 ms] [UE 55862] UL: SNR = 63.50 dB | SE = 20.778 bit/s/Hz
[54316 ms] [UE 62817] UL: SNR = 52.00 dB | SE = 17.015 bit/s/Hz
[54316 ms] [UE 5257] UL: SNR = 63.50 dB | SE = 20.778 bit/s/Hz
[54324 ms] [UE 54141] UL: SNR = 63.50 dB | SE = 20.778 bit/s/Hz
[54324 ms] [UE 14002] UL: SNR = 59.00 dB | SE = 19.305 bit/s/Hz
[54324 ms] [UE 55839] UL: SNR = 60.00 dB | SE = 19.633 bit/s/Hz
[54324 ms] [UE 47098] UL: SNR = 51.50 dB | SE = 16.851 bit/s/Hz
[54324 ms] [UE 59499] UL: SNR = 53.50 dB | SE = 17.506 bit/s/Hz
[54324 ms] [UE 12524] UL: SNR = 56.50 dB | SE = 18.487 bit/s/Hz
[55316 ms] [UE 14608] UL: SNR = 63.50 dB | SE = 20.778 bit/s/Hz
[55316 ms] [UE 54487] UL: SNR = 63.50 dB | SE = 20.778 bit/s/Hz
[55316 ms] [UE 2959] UL: SNR = 34.00 dB | SE = 11.126 bit/s/Hz
[55316 ms] [UE 14350] UL: SNR = 63.50 dB | SE = 20.778 bit/s/Hz
[55316 ms] [UE 37624] UL: SNR = 63.50 dB | SE = 20.778 bit/s/Hz
[55316 ms] [UE 18432] UL: SNR = 63.50 dB | SE = 20.778 bit/s/Hz
[55316 ms] [UE 55143] UL: SNR = 63.50 dB | SE = 20.778 bit/s/Hz
[55316 ms] [UE 55862] UL: SNR = 63.50 dB | SE = 20.778 bit/s/Hz
[55316 ms] [UE 62817] UL: SNR = 52.00 dB | SE = 17.015 bit/s/Hz
[55316 ms] [UE 5257] UL: SNR = 63.50 dB | SE = 20.778 bit/s/Hz
[55324 ms] [UE 54141] UL: SNR = 63.50 dB | SE = 20.778 bit/s/Hz
[55324 ms] [UE 14002] UL: SNR = 59.00 dB | SE = 19.305 bit/s/Hz
[55324 ms] [UE 55839] UL: SNR = 60.00 dB | SE = 19.633 bit/s/Hz
[55324 ms] [UE 47098] UL: SNR = 55.50 dB | SE = 18.160 bit/s/Hz
[55324 ms] [UE 59499] UL: SNR = 53.50 dB | SE = 17.506 bit/s/Hz
[55324 ms] [UE 12524] UL: SNR = 56.50 dB | SE = 18.487 bit/s/Hz
[56325 ms] [UE 14608] UL: SNR = 63.50 dB | SE = 20.778 bit/s/Hz
[56325 ms] [UE 54487] UL: SNR = 63.50 dB | SE = 20.778 bit/s/Hz
[56325 ms] [UE 2959] UL: SNR = 34.00 dB | SE = 11.126 bit/s/Hz
[56325 ms] [UE 14350] UL: SNR = 63.50 dB | SE = 20.778 bit/s/Hz
[56325 ms] [UE 37624] UL: SNR = 63.50 dB | SE = 20.778 bit/s/Hz
[56325 ms] [UE 18432] UL: SNR = 63.50 dB | SE = 20.778 bit/s/Hz
[56325 ms] [UE 55143] UL: SNR = 63.50 dB | SE = 20.778 bit/s/Hz
[56325 ms] [UE 55862] UL: SNR = 63.50 dB | SE = 20.778 bit/s/Hz
[56325 ms] [UE 62817] UL: SNR = 52.00 dB | SE = 17.015 bit/s/Hz
[56325 ms] [UE 5257] UL: SNR = 63.50 dB | SE = 20.778 bit/s/Hz
[56333 ms] [UE 54141] UL: SNR = 63.50 dB | SE = 20.778 bit/s/Hz
[56333 ms] [UE 14002] UL: SNR = 53.00 dB | SE = 17.342 bit/s/Hz
[56333 ms] [UE 55839] UL: SNR = 56.00 dB | SE = 18.324 bit/s/Hz
[56333 ms] [UE 47098] UL: SNR = 51.00 dB | SE = 16.688 bit/s/Hz
[56333 ms] [UE 59499] UL: SNR = 53.50 dB | SE = 17.506 bit/s/Hz
[56333 ms] [UE 12524] UL: SNR = 56.50 dB | SE = 18.487 bit/s/Hz
[57327 ms] [UE 14608] UL: SNR = 63.50 dB | SE = 20.778 bit/s/Hz
[57327 ms] [UE 54487] UL: SNR = 63.50 dB | SE = 20.778 bit/s/Hz
[57327 ms] [UE 2959] UL: SNR = 34.00 dB | SE = 11.126 bit/s/Hz
[57327 ms] [UE 14350] UL: SNR = 63.50 dB | SE = 20.778 bit/s/Hz
[57327 ms] [UE 37624] UL: SNR = 63.50 dB | SE = 20.778 bit/s/Hz
[57327 ms] [UE 18432] UL: SNR = 63.50 dB | SE = 20.778 bit/s/Hz
[57327 ms] [UE 55143] UL: SNR = 63.50 dB | SE = 20.778 bit/s/Hz
[57327 ms] [UE 55862] UL: SNR = 63.50 dB | SE = 20.778 bit/s/Hz
[57327 ms] [UE 62817] UL: SNR = 52.00 dB | SE = 17.015 bit/s/Hz
[57327 ms] [UE 5257] UL: SNR = 63.50 dB | SE = 20.778 bit/s/Hz
[57334 ms] [UE 54141] UL: SNR = 63.50 dB | SE = 20.778 bit/s/Hz
[57334 ms] [UE 14002] UL: SNR = 53.00 dB | SE = 17.342 bit/s/Hz
[57334 ms] [UE 55839] UL: SNR = 56.00 dB | SE = 18.324 bit/s/Hz
[57334 ms] [UE 47098] UL: SNR = 51.00 dB | SE = 16.688 bit/s/Hz
[57334 ms] [UE 59499] UL: SNR = 53.50 dB | SE = 17.506 bit/s/Hz
[57334 ms] [UE 12524] UL: SNR = 56.50 dB | SE = 18.487 bit/s/Hz
[58336 ms] [UE 14608] UL: SNR = 63.50 dB | SE = 20.778 bit/s/Hz
[58336 ms] [UE 54487] UL: SNR = 63.50 dB | SE = 20.778 bit/s/Hz
[58336 ms] [UE 2959] UL: SNR = 34.00 dB | SE = 11.126 bit/s/Hz
[58336 ms] [UE 14350] UL: SNR = 63.50 dB | SE = 20.778 bit/s/Hz
[58336 ms] [UE 37624] UL: SNR = 63.50 dB | SE = 20.778 bit/s/Hz
[58336 ms] [UE 18432] UL: SNR = 63.50 dB | SE = 20.778 bit/s/Hz
[58336 ms] [UE 55143] UL: SNR = 63.50 dB | SE = 20.778 bit/s/Hz
[58336 ms] [UE 55862] UL: SNR = 63.50 dB | SE = 20.778 bit/s/Hz
[58336 ms] [UE 62817] UL: SNR = 52.00 dB | SE = 17.015 bit/s/Hz
[58336 ms] [UE 5257] UL: SNR = 63.50 dB | SE = 20.778 bit/s/Hz
[58344 ms] [UE 54141] UL: SNR = 63.50 dB | SE = 20.778 bit/s/Hz
[58344 ms] [UE 14002] UL: SNR = 53.00 dB | SE = 17.342 bit/s/Hz
[58344 ms] [UE 55839] UL: SNR = 56.00 dB | SE = 18.324 bit/s/Hz
[58344 ms] [UE 47098] UL: SNR = 51.00 dB | SE = 16.688 bit/s/Hz
[58344 ms] [UE 59499] UL: SNR = 53.50 dB | SE = 17.506 bit/s/Hz
[58344 ms] [UE 12524] UL: SNR = 56.50 dB | SE = 18.487 bit/s/Hz
[59336 ms] [UE 14608] UL: SNR = 63.50 dB | SE = 20.778 bit/s/Hz
[59336 ms] [UE 54487] UL: SNR = 63.50 dB | SE = 20.778 bit/s/Hz
[59336 ms] [UE 2959] UL: SNR = 34.00 dB | SE = 11.126 bit/s/Hz
[59336 ms] [UE 14350] UL: SNR = 63.50 dB | SE = 20.778 bit/s/Hz
[59336 ms] [UE 37624] UL: SNR = 63.50 dB | SE = 20.778 bit/s/Hz
[59336 ms] [UE 18432] UL: SNR = 63.50 dB | SE = 20.778 bit/s/Hz
[59336 ms] [UE 55143] UL: SNR = 63.50 dB | SE = 20.778 bit/s/Hz
[59336 ms] [UE 55862] UL: SNR = 63.50 dB | SE = 20.778 bit/s/Hz
[59336 ms] [UE 62817] UL: SNR = 52.00 dB | SE = 17.015 bit/s/Hz
[59336 ms] [UE 5257] UL: SNR = 63.50 dB | SE = 20.778 bit/s/Hz
[59353 ms] [UE 54141] UL: SNR = 63.50 dB | SE = 20.778 bit/s/Hz
[59353 ms] [UE 14002] UL: SNR = 53.00 dB | SE = 17.342 bit/s/Hz
[59353 ms] [UE 55839] UL: SNR = 56.00 dB | SE = 18.324 bit/s/Hz
[59353 ms] [UE 47098] UL: SNR = 51.00 dB | SE = 16.688 bit/s/Hz
[59353 ms] [UE 59499] UL: SNR = 53.50 dB | SE = 17.506 bit/s/Hz
[59353 ms] [UE 12524] UL: SNR = 56.50 dB | SE = 18.487 bit/s/Hz
[60346 ms] [UE 14608] UL: SNR = 63.50 dB | SE = 20.778 bit/s/Hz
[60346 ms] [UE 54487] UL: SNR = 63.50 dB | SE = 20.778 bit/s/Hz
[60346 ms] [UE 2959] UL: SNR = 34.00 dB | SE = 11.126 bit/s/Hz
[60346 ms] [UE 14350] UL: SNR = 63.50 dB | SE = 20.778 bit/s/Hz
[60346 ms] [UE 37624] UL: SNR = 63.50 dB | SE = 20.778 bit/s/Hz
[60346 ms] [UE 18432] UL: SNR = 63.50 dB | SE = 20.778 bit/s/Hz
[60346 ms] [UE 55143] UL: SNR = 63.50 dB | SE = 20.778 bit/s/Hz
[60346 ms] [UE 55862] UL: SNR = 63.50 dB | SE = 20.778 bit/s/Hz
[60346 ms] [UE 62817] UL: SNR = 52.00 dB | SE = 17.015 bit/s/Hz
[60346 ms] [UE 5257] UL: SNR = 63.50 dB | SE = 20.778 bit/s/Hz
[60363 ms] [UE 54141] UL: SNR = 63.50 dB | SE = 20.778 bit/s/Hz
[60363 ms] [UE 14002] UL: SNR = 53.00 dB | SE = 17.342 bit/s/Hz
[60363 ms] [UE 55839] UL: SNR = 56.00 dB | SE = 18.324 bit/s/Hz
[60363 ms] [UE 47098] UL: SNR = 51.00 dB | SE = 16.688 bit/s/Hz
[60363 ms] [UE 59499] UL: SNR = 53.50 dB | SE = 17.506 bit/s/Hz
[60363 ms] [UE 12524] UL: SNR = 56.50 dB | SE = 18.487 bit/s/Hz
[61356 ms] [UE 14608] UL: SNR = 63.50 dB | SE = 20.778 bit/s/Hz
[61356 ms] [UE 54487] UL: SNR = 63.50 dB | SE = 20.778 bit/s/Hz
[61356 ms] [UE 2959] UL: SNR = 34.00 dB | SE = 11.126 bit/s/Hz
[61356 ms] [UE 14350] UL: SNR = 63.50 dB | SE = 20.778 bit/s/Hz
[61356 ms] [UE 37624] UL: SNR = 63.50 dB | SE = 20.778 bit/s/Hz
[61356 ms] [UE 18432] UL: SNR = 63.50 dB | SE = 20.778 bit/s/Hz
[61356 ms] [UE 55143] UL: SNR = 63.50 dB | SE = 20.778 bit/s/Hz
[61356 ms] [UE 55862] UL: SNR = 63.50 dB | SE = 20.778 bit/s/Hz
[61356 ms] [UE 62817] UL: SNR = 52.00 dB | SE = 17.015 bit/s/Hz
[61356 ms] [UE 5257] UL: SNR = 63.50 dB | SE = 20.778 bit/s/Hz
[61363 ms] [UE 54141] UL: SNR = 63.50 dB | SE = 20.778 bit/s/Hz
[61363 ms] [UE 14002] UL: SNR = 58.00 dB | SE = 18.978 bit/s/Hz
[61363 ms] [UE 55839] UL: SNR = 58.00 dB | SE = 18.978 bit/s/Hz
[61363 ms] [UE 47098] UL: SNR = 51.00 dB | SE = 16.688 bit/s/Hz
[61363 ms] [UE 59499] UL: SNR = 53.50 dB | SE = 17.506 bit/s/Hz
[61363 ms] [UE 12524] UL: SNR = 56.50 dB | SE = 18.487 bit/s/Hz
[62366 ms] [UE 14608] UL: SNR = 63.50 dB | SE = 20.778 bit/s/Hz
[62366 ms] [UE 54487] UL: SNR = 63.50 dB | SE = 20.778 bit/s/Hz
[62366 ms] [UE 2959] UL: SNR = 34.00 dB | SE = 11.126 bit/s/Hz
[62366 ms] [UE 14350] UL: SNR = 63.50 dB | SE = 20.778 bit/s/Hz
[62366 ms] [UE 37624] UL: SNR = 63.50 dB | SE = 20.778 bit/s/Hz
[62366 ms] [UE 18432] UL: SNR = 63.50 dB | SE = 20.778 bit/s/Hz
[62366 ms] [UE 55143] UL: SNR = 63.50 dB | SE = 20.778 bit/s/Hz
[62366 ms] [UE 55862] UL: SNR = 63.50 dB | SE = 20.778 bit/s/Hz
[62366 ms] [UE 62817] UL: SNR = 52.00 dB | SE = 17.015 bit/s/Hz
[62366 ms] [UE 5257] UL: SNR = 63.50 dB | SE = 20.778 bit/s/Hz
[62373 ms] [UE 54141] UL: SNR = 63.50 dB | SE = 20.778 bit/s/Hz
[62373 ms] [UE 14002] UL: SNR = 58.00 dB | SE = 18.978 bit/s/Hz
[62373 ms] [UE 55839] UL: SNR = 58.00 dB | SE = 18.978 bit/s/Hz
[62373 ms] [UE 47098] UL: SNR = 51.00 dB | SE = 16.688 bit/s/Hz
[62373 ms] [UE 59499] UL: SNR = 53.50 dB | SE = 17.506 bit/s/Hz
[62373 ms] [UE 12524] UL: SNR = 56.50 dB | SE = 18.487 bit/s/Hz
[63366 ms] [UE 14608] UL: SNR = 63.50 dB | SE = 20.778 bit/s/Hz
[63366 ms] [UE 54487] UL: SNR = 63.50 dB | SE = 20.778 bit/s/Hz
[63366 ms] [UE 2959] UL: SNR = 34.00 dB | SE = 11.126 bit/s/Hz
[63366 ms] [UE 14350] UL: SNR = 63.50 dB | SE = 20.778 bit/s/Hz
[63366 ms] [UE 37624] UL: SNR = 63.50 dB | SE = 20.778 bit/s/Hz
[63366 ms] [UE 18432] UL: SNR = 63.50 dB | SE = 20.778 bit/s/Hz
[63366 ms] [UE 55143] UL: SNR = 63.50 dB | SE = 20.778 bit/s/Hz
[63366 ms] [UE 55862] UL: SNR = 63.50 dB | SE = 20.778 bit/s/Hz
[63366 ms] [UE 62817] UL: SNR = 52.00 dB | SE = 17.015 bit/s/Hz
[63366 ms] [UE 5257] UL: SNR = 63.50 dB | SE = 20.778 bit/s/Hz
[63374 ms] [UE 54141] UL: SNR = 63.50 dB | SE = 20.778 bit/s/Hz
[63374 ms] [UE 14002] UL: SNR = 53.50 dB | SE = 17.506 bit/s/Hz
[63374 ms] [UE 55839] UL: SNR = 56.50 dB | SE = 18.487 bit/s/Hz
[63374 ms] [UE 47098] UL: SNR = 51.50 dB | SE = 16.851 bit/s/Hz
[63374 ms] [UE 59499] UL: SNR = 53.50 dB | SE = 17.506 bit/s/Hz
[63374 ms] [UE 12524] UL: SNR = 56.50 dB | SE = 18.487 bit/s/Hz
[64376 ms] [UE 14608] UL: SNR = 63.50 dB | SE = 20.778 bit/s/Hz
[64376 ms] [UE 54487] UL: SNR = 63.50 dB | SE = 20.778 bit/s/Hz
[64376 ms] [UE 2959] UL: SNR = 34.00 dB | SE = 11.126 bit/s/Hz
[64376 ms] [UE 14350] UL: SNR = 63.50 dB | SE = 20.778 bit/s/Hz
[64376 ms] [UE 37624] UL: SNR = 63.50 dB | SE = 20.778 bit/s/Hz
[64376 ms] [UE 18432] UL: SNR = 63.50 dB | SE = 20.778 bit/s/Hz
[64376 ms] [UE 55143] UL: SNR = 63.50 dB | SE = 20.778 bit/s/Hz
[64376 ms] [UE 55862] UL: SNR = 63.50 dB | SE = 20.778 bit/s/Hz
[64376 ms] [UE 62817] UL: SNR = 52.00 dB | SE = 17.015 bit/s/Hz
[64376 ms] [UE 5257] UL: SNR = 63.50 dB | SE = 20.778 bit/s/Hz
[64383 ms] [UE 54141] UL: SNR = 63.50 dB | SE = 20.778 bit/s/Hz
[64383 ms] [UE 14002] UL: SNR = 53.50 dB | SE = 17.506 bit/s/Hz
[64383 ms] [UE 55839] UL: SNR = 56.50 dB | SE = 18.487 bit/s/Hz
[64383 ms] [UE 47098] UL: SNR = 51.50 dB | SE = 16.851 bit/s/Hz
[64383 ms] [UE 59499] UL: SNR = 53.50 dB | SE = 17.506 bit/s/Hz
[64383 ms] [UE 12524] UL: SNR = 56.50 dB | SE = 18.487 bit/s/Hz
[65384 ms] [UE 54141] UL: SNR = 63.50 dB | SE = 20.778 bit/s/Hz
[65384 ms] [UE 14002] UL: SNR = 53.50 dB | SE = 17.506 bit/s/Hz
[65384 ms] [UE 55839] UL: SNR = 56.50 dB | SE = 18.487 bit/s/Hz
[65384 ms] [UE 47098] UL: SNR = 51.50 dB | SE = 16.851 bit/s/Hz
[65384 ms] [UE 59499] UL: SNR = 53.50 dB | SE = 17.506 bit/s/Hz
[65384 ms] [UE 12524] UL: SNR = 56.50 dB | SE = 18.487 bit/s/Hz
[65386 ms] [UE 14608] UL: SNR = 63.50 dB | SE = 20.778 bit/s/Hz
[65386 ms] [UE 54487] UL: SNR = 63.50 dB | SE = 20.778 bit/s/Hz
[65386 ms] [UE 2959] UL: SNR = 34.00 dB | SE = 11.126 bit/s/Hz
[65386 ms] [UE 14350] UL: SNR = 63.50 dB | SE = 20.778 bit/s/Hz
[65386 ms] [UE 37624] UL: SNR = 63.50 dB | SE = 20.778 bit/s/Hz
[65386 ms] [UE 18432] UL: SNR = 63.50 dB | SE = 20.778 bit/s/Hz
[65386 ms] [UE 55143] UL: SNR = 63.50 dB | SE = 20.778 bit/s/Hz
[65386 ms] [UE 55862] UL: SNR = 63.50 dB | SE = 20.778 bit/s/Hz
[65386 ms] [UE 62817] UL: SNR = 52.00 dB | SE = 17.015 bit/s/Hz
[65386 ms] [UE 5257] UL: SNR = 63.50 dB | SE = 20.778 bit/s/Hz
[66386 ms] [UE 14608] UL: SNR = 63.50 dB | SE = 20.778 bit/s/Hz
[66386 ms] [UE 54487] UL: SNR = 63.50 dB | SE = 20.778 bit/s/Hz
[66386 ms] [UE 2959] UL: SNR = 34.00 dB | SE = 11.126 bit/s/Hz
[66386 ms] [UE 14350] UL: SNR = 63.50 dB | SE = 20.778 bit/s/Hz
[66386 ms] [UE 37624] UL: SNR = 63.50 dB | SE = 20.778 bit/s/Hz
[66386 ms] [UE 18432] UL: SNR = 63.50 dB | SE = 20.778 bit/s/Hz
[66386 ms] [UE 55143] UL: SNR = 63.50 dB | SE = 20.778 bit/s/Hz
[66386 ms] [UE 55862] UL: SNR = 63.50 dB | SE = 20.778 bit/s/Hz
[66386 ms] [UE 62817] UL: SNR = 52.00 dB | SE = 17.015 bit/s/Hz
[66386 ms] [UE 5257] UL: SNR = 63.50 dB | SE = 20.778 bit/s/Hz
[66393 ms] [UE 54141] UL: SNR = 63.50 dB | SE = 20.778 bit/s/Hz
[66393 ms] [UE 14002] UL: SNR = 53.50 dB | SE = 17.506 bit/s/Hz
[66393 ms] [UE 55839] UL: SNR = 56.50 dB | SE = 18.487 bit/s/Hz
[66393 ms] [UE 47098] UL: SNR = 51.50 dB | SE = 16.851 bit/s/Hz
[66393 ms] [UE 59499] UL: SNR = 53.50 dB | SE = 17.506 bit/s/Hz
[66393 ms] [UE 12524] UL: SNR = 56.50 dB | SE = 18.487 bit/s/Hz
[67396 ms] [UE 14608] UL: SNR = 63.50 dB | SE = 20.778 bit/s/Hz
[67396 ms] [UE 54487] UL: SNR = 63.50 dB | SE = 20.778 bit/s/Hz
[67396 ms] [UE 2959] UL: SNR = 34.00 dB | SE = 11.126 bit/s/Hz
[67396 ms] [UE 14350] UL: SNR = 63.50 dB | SE = 20.778 bit/s/Hz
[67396 ms] [UE 37624] UL: SNR = 63.50 dB | SE = 20.778 bit/s/Hz
[67396 ms] [UE 18432] UL: SNR = 63.50 dB | SE = 20.778 bit/s/Hz
[67396 ms] [UE 55143] UL: SNR = 63.50 dB | SE = 20.778 bit/s/Hz
[67396 ms] [UE 55862] UL: SNR = 63.50 dB | SE = 20.778 bit/s/Hz
[67396 ms] [UE 62817] UL: SNR = 52.00 dB | SE = 17.015 bit/s/Hz
[67396 ms] [UE 5257] UL: SNR = 63.50 dB | SE = 20.778 bit/s/Hz
[67403 ms] [UE 54141] UL: SNR = 63.50 dB | SE = 20.778 bit/s/Hz
[67403 ms] [UE 14002] UL: SNR = 53.50 dB | SE = 17.506 bit/s/Hz
[67403 ms] [UE 55839] UL: SNR = 56.50 dB | SE = 18.487 bit/s/Hz
[67403 ms] [UE 47098] UL: SNR = 51.50 dB | SE = 16.851 bit/s/Hz
[67403 ms] [UE 59499] UL: SNR = 53.50 dB | SE = 17.506 bit/s/Hz
[67403 ms] [UE 12524] UL: SNR = 56.50 dB | SE = 18.487 bit/s/Hz
[68406 ms] [UE 14608] UL: SNR = 63.50 dB | SE = 20.778 bit/s/Hz
[68406 ms] [UE 54487] UL: SNR = 63.50 dB | SE = 20.778 bit/s/Hz
[68406 ms] [UE 2959] UL: SNR = 34.00 dB | SE = 11.126 bit/s/Hz
[68406 ms] [UE 14350] UL: SNR = 63.50 dB | SE = 20.778 bit/s/Hz
[68406 ms] [UE 37624] UL: SNR = 63.50 dB | SE = 20.778 bit/s/Hz
[68406 ms] [UE 18432] UL: SNR = 63.50 dB | SE = 20.778 bit/s/Hz
[68406 ms] [UE 55143] UL: SNR = 63.50 dB | SE = 20.778 bit/s/Hz
[68406 ms] [UE 55862] UL: SNR = 63.50 dB | SE = 20.778 bit/s/Hz
[68406 ms] [UE 62817] UL: SNR = 52.00 dB | SE = 17.015 bit/s/Hz
[68406 ms] [UE 5257] UL: SNR = 63.50 dB | SE = 20.778 bit/s/Hz
[68413 ms] [UE 54141] UL: SNR = 63.50 dB | SE = 20.778 bit/s/Hz
[68413 ms] [UE 14002] UL: SNR = 59.00 dB | SE = 19.305 bit/s/Hz
[68413 ms] [UE 55839] UL: SNR = 60.00 dB | SE = 19.633 bit/s/Hz
[68413 ms] [UE 47098] UL: SNR = 51.50 dB | SE = 16.851 bit/s/Hz
[68413 ms] [UE 59499] UL: SNR = 53.50 dB | SE = 17.506 bit/s/Hz
[68413 ms] [UE 12524] UL: SNR = 56.50 dB | SE = 18.487 bit/s/Hz
[69415 ms] [UE 14608] UL: SNR = 63.50 dB | SE = 20.778 bit/s/Hz
[69415 ms] [UE 54487] UL: SNR = 63.50 dB | SE = 20.778 bit/s/Hz
[69415 ms] [UE 2959] UL: SNR = 34.00 dB | SE = 11.126 bit/s/Hz
[69415 ms] [UE 14350] UL: SNR = 63.50 dB | SE = 20.778 bit/s/Hz
[69415 ms] [UE 37624] UL: SNR = 63.50 dB | SE = 20.778 bit/s/Hz
[69415 ms] [UE 18432] UL: SNR = 63.50 dB | SE = 20.778 bit/s/Hz
[69415 ms] [UE 55143] UL: SNR = 63.50 dB | SE = 20.778 bit/s/Hz
[69415 ms] [UE 55862] UL: SNR = 63.50 dB | SE = 20.778 bit/s/Hz
[69415 ms] [UE 62817] UL: SNR = 52.00 dB | SE = 17.015 bit/s/Hz
[69415 ms] [UE 5257] UL: SNR = 63.50 dB | SE = 20.778 bit/s/Hz
[69423 ms] [UE 54141] UL: SNR = 63.50 dB | SE = 20.778 bit/s/Hz
[69423 ms] [UE 14002] UL: SNR = 59.00 dB | SE = 19.305 bit/s/Hz
[69423 ms] [UE 55839] UL: SNR = 60.00 dB | SE = 19.633 bit/s/Hz
[69423 ms] [UE 47098] UL: SNR = 51.50 dB | SE = 16.851 bit/s/Hz
[69423 ms] [UE 59499] UL: SNR = 53.50 dB | SE = 17.506 bit/s/Hz
[69423 ms] [UE 12524] UL: SNR = 56.50 dB | SE = 18.487 bit/s/Hz
[70416 ms] [UE 14608] UL: SNR = 63.50 dB | SE = 20.778 bit/s/Hz
[70416 ms] [UE 54487] UL: SNR = 63.50 dB | SE = 20.778 bit/s/Hz
[70416 ms] [UE 2959] UL: SNR = 34.00 dB | SE = 11.126 bit/s/Hz
[70416 ms] [UE 14350] UL: SNR = 63.50 dB | SE = 20.778 bit/s/Hz
[70416 ms] [UE 37624] UL: SNR = 63.50 dB | SE = 20.778 bit/s/Hz
[70416 ms] [UE 18432] UL: SNR = 63.50 dB | SE = 20.778 bit/s/Hz
[70416 ms] [UE 55143] UL: SNR = 63.50 dB | SE = 20.778 bit/s/Hz
[70416 ms] [UE 55862] UL: SNR = 63.50 dB | SE = 20.778 bit/s/Hz
[70416 ms] [UE 62817] UL: SNR = 52.00 dB | SE = 17.015 bit/s/Hz
[70416 ms] [UE 5257] UL: SNR = 63.50 dB | SE = 20.778 bit/s/Hz
[70423 ms] [UE 54141] UL: SNR = 63.50 dB | SE = 20.778 bit/s/Hz
[70423 ms] [UE 14002] UL: SNR = 53.50 dB | SE = 17.506 bit/s/Hz
[70423 ms] [UE 55839] UL: SNR = 56.50 dB | SE = 18.487 bit/s/Hz
[70423 ms] [UE 47098] UL: SNR = 51.50 dB | SE = 16.851 bit/s/Hz
[70423 ms] [UE 59499] UL: SNR = 53.50 dB | SE = 17.506 bit/s/Hz
[70423 ms] [UE 12524] UL: SNR = 56.50 dB | SE = 18.487 bit/s/Hz
[71416 ms] [UE 14608] UL: SNR = 63.50 dB | SE = 20.778 bit/s/Hz
[71416 ms] [UE 54487] UL: SNR = 63.50 dB | SE = 20.778 bit/s/Hz
[71416 ms] [UE 2959] UL: SNR = 34.00 dB | SE = 11.126 bit/s/Hz
[71416 ms] [UE 14350] UL: SNR = 63.50 dB | SE = 20.778 bit/s/Hz
[71416 ms] [UE 37624] UL: SNR = 63.50 dB | SE = 20.778 bit/s/Hz
[71416 ms] [UE 18432] UL: SNR = 63.50 dB | SE = 20.778 bit/s/Hz
[71416 ms] [UE 55143] UL: SNR = 63.50 dB | SE = 20.778 bit/s/Hz
[71416 ms] [UE 55862] UL: SNR = 63.50 dB | SE = 20.778 bit/s/Hz
[71416 ms] [UE 62817] UL: SNR = 52.00 dB | SE = 17.015 bit/s/Hz
[71416 ms] [UE 5257] UL: SNR = 63.50 dB | SE = 20.778 bit/s/Hz
[71423 ms] [UE 54141] UL: SNR = 63.50 dB | SE = 20.778 bit/s/Hz
[71423 ms] [UE 14002] UL: SNR = 53.50 dB | SE = 17.506 bit/s/Hz
[71423 ms] [UE 55839] UL: SNR = 56.50 dB | SE = 18.487 bit/s/Hz
[71423 ms] [UE 47098] UL: SNR = 51.50 dB | SE = 16.851 bit/s/Hz
[71423 ms] [UE 59499] UL: SNR = 53.50 dB | SE = 17.506 bit/s/Hz
[71423 ms] [UE 12524] UL: SNR = 56.50 dB | SE = 18.487 bit/s/Hz
[72424 ms] [UE 54141] UL: SNR = 63.50 dB | SE = 20.778 bit/s/Hz
[72424 ms] [UE 14002] UL: SNR = 53.50 dB | SE = 17.506 bit/s/Hz
[72424 ms] [UE 55839] UL: SNR = 56.50 dB | SE = 18.487 bit/s/Hz
[72424 ms] [UE 47098] UL: SNR = 51.50 dB | SE = 16.851 bit/s/Hz
[72424 ms] [UE 59499] UL: SNR = 53.50 dB | SE = 17.506 bit/s/Hz
[72424 ms] [UE 12524] UL: SNR = 56.50 dB | SE = 18.487 bit/s/Hz
[72426 ms] [UE 14608] UL: SNR = 63.50 dB | SE = 20.778 bit/s/Hz
[72426 ms] [UE 54487] UL: SNR = 63.50 dB | SE = 20.778 bit/s/Hz
[72426 ms] [UE 2959] UL: SNR = 34.00 dB | SE = 11.126 bit/s/Hz
[72426 ms] [UE 14350] UL: SNR = 63.50 dB | SE = 20.778 bit/s/Hz
[72426 ms] [UE 37624] UL: SNR = 63.50 dB | SE = 20.778 bit/s/Hz
[72426 ms] [UE 18432] UL: SNR = 63.50 dB | SE = 20.778 bit/s/Hz
[72426 ms] [UE 55143] UL: SNR = 63.50 dB | SE = 20.778 bit/s/Hz
[72426 ms] [UE 55862] UL: SNR = 63.50 dB | SE = 20.778 bit/s/Hz
[72426 ms] [UE 62817] UL: SNR = 52.00 dB | SE = 17.015 bit/s/Hz
[72426 ms] [UE 5257] UL: SNR = 63.50 dB | SE = 20.778 bit/s/Hz
[73424 ms] [UE 54141] UL: SNR = 63.50 dB | SE = 20.778 bit/s/Hz
[73424 ms] [UE 14002] UL: SNR = 53.50 dB | SE = 17.506 bit/s/Hz
[73424 ms] [UE 55839] UL: SNR = 56.50 dB | SE = 18.487 bit/s/Hz
[73424 ms] [UE 47098] UL: SNR = 51.50 dB | SE = 16.851 bit/s/Hz
[73424 ms] [UE 59499] UL: SNR = 53.50 dB | SE = 17.506 bit/s/Hz
[73424 ms] [UE 12524] UL: SNR = 56.50 dB | SE = 18.487 bit/s/Hz
[73436 ms] [UE 14608] UL: SNR = 63.50 dB | SE = 20.778 bit/s/Hz
[73436 ms] [UE 54487] UL: SNR = 63.50 dB | SE = 20.778 bit/s/Hz
[73436 ms] [UE 2959] UL: SNR = 34.00 dB | SE = 11.126 bit/s/Hz
[73436 ms] [UE 14350] UL: SNR = 63.50 dB | SE = 20.778 bit/s/Hz
[73436 ms] [UE 37624] UL: SNR = 63.50 dB | SE = 20.778 bit/s/Hz
[73436 ms] [UE 18432] UL: SNR = 63.50 dB | SE = 20.778 bit/s/Hz
[73436 ms] [UE 55143] UL: SNR = 63.50 dB | SE = 20.778 bit/s/Hz
[73436 ms] [UE 55862] UL: SNR = 63.50 dB | SE = 20.778 bit/s/Hz
[73436 ms] [UE 62817] UL: SNR = 52.00 dB | SE = 17.015 bit/s/Hz
[73436 ms] [UE 5257] UL: SNR = 63.50 dB | SE = 20.778 bit/s/Hz
[74433 ms] [UE 54141] UL: SNR = 63.50 dB | SE = 20.778 bit/s/Hz
[74433 ms] [UE 14002] UL: SNR = 53.50 dB | SE = 17.506 bit/s/Hz
[74433 ms] [UE 55839] UL: SNR = 56.50 dB | SE = 18.487 bit/s/Hz
[74433 ms] [UE 47098] UL: SNR = 51.50 dB | SE = 16.851 bit/s/Hz
[74433 ms] [UE 59499] UL: SNR = 53.50 dB | SE = 17.506 bit/s/Hz
[74433 ms] [UE 12524] UL: SNR = 56.50 dB | SE = 18.487 bit/s/Hz
[74446 ms] [UE 14608] UL: SNR = 63.50 dB | SE = 20.778 bit/s/Hz
[74446 ms] [UE 54487] UL: SNR = 63.50 dB | SE = 20.778 bit/s/Hz
[74446 ms] [UE 2959] UL: SNR = 34.00 dB | SE = 11.126 bit/s/Hz
[74446 ms] [UE 14350] UL: SNR = 63.50 dB | SE = 20.778 bit/s/Hz
[74446 ms] [UE 37624] UL: SNR = 63.50 dB | SE = 20.778 bit/s/Hz
[74446 ms] [UE 18432] UL: SNR = 63.50 dB | SE = 20.778 bit/s/Hz
[74446 ms] [UE 55143] UL: SNR = 63.50 dB | SE = 20.778 bit/s/Hz
[74446 ms] [UE 55862] UL: SNR = 63.50 dB | SE = 20.778 bit/s/Hz
[74446 ms] [UE 62817] UL: SNR = 52.00 dB | SE = 17.015 bit/s/Hz
[74446 ms] [UE 5257] UL: SNR = 63.50 dB | SE = 20.778 bit/s/Hz
[75445 ms] [UE 54141] UL: SNR = 63.50 dB | SE = 20.778 bit/s/Hz
[75445 ms] [UE 14002] UL: SNR = 53.50 dB | SE = 17.506 bit/s/Hz
[75445 ms] [UE 55839] UL: SNR = 56.50 dB | SE = 18.487 bit/s/Hz
[75445 ms] [UE 47098] UL: SNR = 51.50 dB | SE = 16.851 bit/s/Hz
[75445 ms] [UE 59499] UL: SNR = 53.50 dB | SE = 17.506 bit/s/Hz
[75445 ms] [UE 12524] UL: SNR = 56.50 dB | SE = 18.487 bit/s/Hz
[75446 ms] [UE 14608] UL: SNR = 63.50 dB | SE = 20.778 bit/s/Hz
[75446 ms] [UE 54487] UL: SNR = 63.50 dB | SE = 20.778 bit/s/Hz
[75446 ms] [UE 2959] UL: SNR = 34.00 dB | SE = 11.126 bit/s/Hz
[75446 ms] [UE 14350] UL: SNR = 63.50 dB | SE = 20.778 bit/s/Hz
[75446 ms] [UE 37624] UL: SNR = 63.50 dB | SE = 20.778 bit/s/Hz
[75446 ms] [UE 18432] UL: SNR = 63.50 dB | SE = 20.778 bit/s/Hz
[75446 ms] [UE 55143] UL: SNR = 63.50 dB | SE = 20.778 bit/s/Hz
[75446 ms] [UE 55862] UL: SNR = 63.50 dB | SE = 20.778 bit/s/Hz
[75446 ms] [UE 62817] UL: SNR = 52.00 dB | SE = 17.015 bit/s/Hz
[75446 ms] [UE 5257] UL: SNR = 63.50 dB | SE = 20.778 bit/s/Hz
[76453 ms] [UE 54141] UL: SNR = 63.50 dB | SE = 20.778 bit/s/Hz
[76453 ms] [UE 14002] UL: SNR = 59.00 dB | SE = 19.305 bit/s/Hz
[76453 ms] [UE 55839] UL: SNR = 60.00 dB | SE = 19.633 bit/s/Hz
[76453 ms] [UE 47098] UL: SNR = 51.50 dB | SE = 16.851 bit/s/Hz
[76453 ms] [UE 59499] UL: SNR = 53.50 dB | SE = 17.506 bit/s/Hz
[76453 ms] [UE 12524] UL: SNR = 56.50 dB | SE = 18.487 bit/s/Hz
[76456 ms] [UE 14608] UL: SNR = 63.50 dB | SE = 20.778 bit/s/Hz
[76456 ms] [UE 54487] UL: SNR = 63.50 dB | SE = 20.778 bit/s/Hz
[76456 ms] [UE 2959] UL: SNR = 34.00 dB | SE = 11.126 bit/s/Hz
[76456 ms] [UE 14350] UL: SNR = 63.50 dB | SE = 20.778 bit/s/Hz
[76456 ms] [UE 37624] UL: SNR = 63.50 dB | SE = 20.778 bit/s/Hz
[76456 ms] [UE 18432] UL: SNR = 63.50 dB | SE = 20.778 bit/s/Hz
[76456 ms] [UE 55143] UL: SNR = 63.50 dB | SE = 20.778 bit/s/Hz
[76456 ms] [UE 55862] UL: SNR = 63.50 dB | SE = 20.778 bit/s/Hz
[76456 ms] [UE 62817] UL: SNR = 52.00 dB | SE = 17.015 bit/s/Hz
[76456 ms] [UE 5257] UL: SNR = 63.50 dB | SE = 20.778 bit/s/Hz
[77454 ms] [UE 54141] UL: SNR = 63.50 dB | SE = 20.778 bit/s/Hz
[77454 ms] [UE 14002] UL: SNR = 59.00 dB | SE = 19.305 bit/s/Hz
[77454 ms] [UE 55839] UL: SNR = 60.00 dB | SE = 19.633 bit/s/Hz
[77454 ms] [UE 47098] UL: SNR = 55.50 dB | SE = 18.160 bit/s/Hz
[77454 ms] [UE 59499] UL: SNR = 53.50 dB | SE = 17.506 bit/s/Hz
[77454 ms] [UE 12524] UL: SNR = 56.50 dB | SE = 18.487 bit/s/Hz
[77466 ms] [UE 14608] UL: SNR = 63.50 dB | SE = 20.778 bit/s/Hz
[77466 ms] [UE 54487] UL: SNR = 63.50 dB | SE = 20.778 bit/s/Hz
[77466 ms] [UE 2959] UL: SNR = 34.00 dB | SE = 11.126 bit/s/Hz
[77466 ms] [UE 14350] UL: SNR = 63.50 dB | SE = 20.778 bit/s/Hz
[77466 ms] [UE 37624] UL: SNR = 63.50 dB | SE = 20.778 bit/s/Hz
[77466 ms] [UE 18432] UL: SNR = 63.50 dB | SE = 20.778 bit/s/Hz
[77466 ms] [UE 55143] UL: SNR = 63.50 dB | SE = 20.778 bit/s/Hz
[77466 ms] [UE 55862] UL: SNR = 63.50 dB | SE = 20.778 bit/s/Hz
[77466 ms] [UE 62817] UL: SNR = 52.00 dB | SE = 17.015 bit/s/Hz
[77466 ms] [UE 5257] UL: SNR = 63.50 dB | SE = 20.778 bit/s/Hz
[78464 ms] [UE 54141] UL: SNR = 63.50 dB | SE = 20.778 bit/s/Hz
[78464 ms] [UE 14002] UL: SNR = 49.50 dB | SE = 16.197 bit/s/Hz
[78464 ms] [UE 55839] UL: SNR = 53.00 dB | SE = 17.342 bit/s/Hz
[78464 ms] [UE 47098] UL: SNR = 47.00 dB | SE = 15.379 bit/s/Hz
[78464 ms] [UE 59499] UL: SNR = 53.50 dB | SE = 17.506 bit/s/Hz
[78464 ms] [UE 12524] UL: SNR = 56.50 dB | SE = 18.487 bit/s/Hz
[78466 ms] [UE 14608] UL: SNR = 63.50 dB | SE = 20.778 bit/s/Hz
[78466 ms] [UE 54487] UL: SNR = 63.50 dB | SE = 20.778 bit/s/Hz
[78466 ms] [UE 2959] UL: SNR = 34.00 dB | SE = 11.126 bit/s/Hz
[78466 ms] [UE 14350] UL: SNR = 63.50 dB | SE = 20.778 bit/s/Hz
[78466 ms] [UE 37624] UL: SNR = 63.50 dB | SE = 20.778 bit/s/Hz
[78466 ms] [UE 18432] UL: SNR = 63.50 dB | SE = 20.778 bit/s/Hz
[78466 ms] [UE 55143] UL: SNR = 63.50 dB | SE = 20.778 bit/s/Hz
[78466 ms] [UE 55862] UL: SNR = 63.50 dB | SE = 20.778 bit/s/Hz
[78466 ms] [UE 62817] UL: SNR = 52.00 dB | SE = 17.015 bit/s/Hz
[78466 ms] [UE 5257] UL: SNR = 63.50 dB | SE = 20.778 bit/s/Hz
[79464 ms] [UE 54141] UL: SNR = 63.50 dB | SE = 20.778 bit/s/Hz
[79464 ms] [UE 14002] UL: SNR = 49.50 dB | SE = 16.197 bit/s/Hz
[79464 ms] [UE 55839] UL: SNR = 53.00 dB | SE = 17.342 bit/s/Hz
[79464 ms] [UE 47098] UL: SNR = 47.00 dB | SE = 15.379 bit/s/Hz
[79464 ms] [UE 59499] UL: SNR = 63.50 dB | SE = 20.778 bit/s/Hz
[79464 ms] [UE 12524] UL: SNR = 56.50 dB | SE = 18.487 bit/s/Hz
[79476 ms] [UE 14608] UL: SNR = 63.50 dB | SE = 20.778 bit/s/Hz
[79476 ms] [UE 54487] UL: SNR = 63.50 dB | SE = 20.778 bit/s/Hz
[79476 ms] [UE 2959] UL: SNR = 34.00 dB | SE = 11.126 bit/s/Hz
[79476 ms] [UE 14350] UL: SNR = 63.50 dB | SE = 20.778 bit/s/Hz
[79476 ms] [UE 37624] UL: SNR = 63.50 dB | SE = 20.778 bit/s/Hz
[79476 ms] [UE 18432] UL: SNR = 63.50 dB | SE = 20.778 bit/s/Hz
[79476 ms] [UE 55143] UL: SNR = 63.50 dB | SE = 20.778 bit/s/Hz
[79476 ms] [UE 55862] UL: SNR = 63.50 dB | SE = 20.778 bit/s/Hz
[79476 ms] [UE 62817] UL: SNR = 52.00 dB | SE = 17.015 bit/s/Hz
[79476 ms] [UE 5257] UL: SNR = 63.50 dB | SE = 20.778 bit/s/Hz
[80473 ms] [UE 54141] UL: SNR = 63.50 dB | SE = 20.778 bit/s/Hz
[80473 ms] [UE 14002] UL: SNR = 49.50 dB | SE = 16.197 bit/s/Hz
[80473 ms] [UE 55839] UL: SNR = 53.00 dB | SE = 17.342 bit/s/Hz
[80473 ms] [UE 47098] UL: SNR = 47.00 dB | SE = 15.379 bit/s/Hz
[80473 ms] [UE 59499] UL: SNR = 63.50 dB | SE = 20.778 bit/s/Hz
[80473 ms] [UE 12524] UL: SNR = 56.50 dB | SE = 18.487 bit/s/Hz
[80485 ms] [UE 14608] UL: SNR = 63.50 dB | SE = 20.778 bit/s/Hz
[80485 ms] [UE 54487] UL: SNR = 63.50 dB | SE = 20.778 bit/s/Hz
[80485 ms] [UE 2959] UL: SNR = 34.00 dB | SE = 11.126 bit/s/Hz
[80485 ms] [UE 14350] UL: SNR = 63.50 dB | SE = 20.778 bit/s/Hz
[80485 ms] [UE 37624] UL: SNR = 63.50 dB | SE = 20.778 bit/s/Hz
[80485 ms] [UE 18432] UL: SNR = 63.50 dB | SE = 20.778 bit/s/Hz
[80485 ms] [UE 55143] UL: SNR = 63.50 dB | SE = 20.778 bit/s/Hz
[80485 ms] [UE 55862] UL: SNR = 63.50 dB | SE = 20.778 bit/s/Hz
[80485 ms] [UE 62817] UL: SNR = 52.00 dB | SE = 17.015 bit/s/Hz
[80485 ms] [UE 5257] UL: SNR = 63.50 dB | SE = 20.778 bit/s/Hz
[81483 ms] [UE 54141] UL: SNR = 63.50 dB | SE = 20.778 bit/s/Hz
[81483 ms] [UE 14002] UL: SNR = 49.50 dB | SE = 16.197 bit/s/Hz
[81483 ms] [UE 55839] UL: SNR = 53.00 dB | SE = 17.342 bit/s/Hz
[81483 ms] [UE 47098] UL: SNR = 47.00 dB | SE = 15.379 bit/s/Hz
[81483 ms] [UE 59499] UL: SNR = 63.50 dB | SE = 20.778 bit/s/Hz
[81483 ms] [UE 12524] UL: SNR = 56.50 dB | SE = 18.487 bit/s/Hz
[81486 ms] [UE 14608] UL: SNR = 63.50 dB | SE = 20.778 bit/s/Hz
[81486 ms] [UE 54487] UL: SNR = 63.50 dB | SE = 20.778 bit/s/Hz
[81486 ms] [UE 2959] UL: SNR = 34.00 dB | SE = 11.126 bit/s/Hz
[81486 ms] [UE 14350] UL: SNR = 63.50 dB | SE = 20.778 bit/s/Hz
[81486 ms] [UE 37624] UL: SNR = 63.50 dB | SE = 20.778 bit/s/Hz
[81486 ms] [UE 18432] UL: SNR = 63.50 dB | SE = 20.778 bit/s/Hz
[81486 ms] [UE 55143] UL: SNR = 63.50 dB | SE = 20.778 bit/s/Hz
[81486 ms] [UE 55862] UL: SNR = 63.50 dB | SE = 20.778 bit/s/Hz
[81486 ms] [UE 62817] UL: SNR = 52.00 dB | SE = 17.015 bit/s/Hz
[81486 ms] [UE 5257] UL: SNR = 63.50 dB | SE = 20.778 bit/s/Hz
[82484 ms] [UE 54141] UL: SNR = 63.50 dB | SE = 20.778 bit/s/Hz
[82484 ms] [UE 14002] UL: SNR = 49.50 dB | SE = 16.197 bit/s/Hz
[82484 ms] [UE 55839] UL: SNR = 53.00 dB | SE = 17.342 bit/s/Hz
[82484 ms] [UE 47098] UL: SNR = 47.00 dB | SE = 15.379 bit/s/Hz
[82484 ms] [UE 59499] UL: SNR = 63.50 dB | SE = 20.778 bit/s/Hz
[82484 ms] [UE 12524] UL: SNR = 56.50 dB | SE = 18.487 bit/s/Hz
[82486 ms] [UE 14608] UL: SNR = 63.50 dB | SE = 20.778 bit/s/Hz
[82486 ms] [UE 54487] UL: SNR = 63.50 dB | SE = 20.778 bit/s/Hz
[82486 ms] [UE 2959] UL: SNR = 34.00 dB | SE = 11.126 bit/s/Hz
[82486 ms] [UE 14350] UL: SNR = 63.50 dB | SE = 20.778 bit/s/Hz
[82486 ms] [UE 37624] UL: SNR = 63.50 dB | SE = 20.778 bit/s/Hz
[82486 ms] [UE 18432] UL: SNR = 63.50 dB | SE = 20.778 bit/s/Hz
[82486 ms] [UE 55143] UL: SNR = 63.50 dB | SE = 20.778 bit/s/Hz
[82486 ms] [UE 55862] UL: SNR = 63.50 dB | SE = 20.778 bit/s/Hz
[82486 ms] [UE 62817] UL: SNR = 52.00 dB | SE = 17.015 bit/s/Hz
[82486 ms] [UE 5257] UL: SNR = 63.50 dB | SE = 20.778 bit/s/Hz
[83493 ms] [UE 54141] UL: SNR = 63.50 dB | SE = 20.778 bit/s/Hz
[83493 ms] [UE 14002] UL: SNR = 59.00 dB | SE = 19.305 bit/s/Hz
[83493 ms] [UE 55839] UL: SNR = 60.00 dB | SE = 19.633 bit/s/Hz
[83493 ms] [UE 47098] UL: SNR = 47.00 dB | SE = 15.379 bit/s/Hz
[83493 ms] [UE 59499] UL: SNR = 63.50 dB | SE = 20.778 bit/s/Hz
[83493 ms] [UE 12524] UL: SNR = 56.50 dB | SE = 18.487 bit/s/Hz
[83496 ms] [UE 14608] UL: SNR = 63.50 dB | SE = 20.778 bit/s/Hz
[83496 ms] [UE 54487] UL: SNR = 63.50 dB | SE = 20.778 bit/s/Hz
[83496 ms] [UE 2959] UL: SNR = 34.00 dB | SE = 11.126 bit/s/Hz
[83496 ms] [UE 14350] UL: SNR = 63.50 dB | SE = 20.778 bit/s/Hz
[83496 ms] [UE 37624] UL: SNR = 63.50 dB | SE = 20.778 bit/s/Hz
[83496 ms] [UE 18432] UL: SNR = 63.50 dB | SE = 20.778 bit/s/Hz
[83496 ms] [UE 55143] UL: SNR = 63.50 dB | SE = 20.778 bit/s/Hz
[83496 ms] [UE 55862] UL: SNR = 63.50 dB | SE = 20.778 bit/s/Hz
[83496 ms] [UE 62817] UL: SNR = 52.00 dB | SE = 17.015 bit/s/Hz
[83496 ms] [UE 5257] UL: SNR = 63.50 dB | SE = 20.778 bit/s/Hz
[84493 ms] [UE 54141] UL: SNR = 63.50 dB | SE = 20.778 bit/s/Hz
[84493 ms] [UE 14002] UL: SNR = 59.00 dB | SE = 19.305 bit/s/Hz
[84493 ms] [UE 55839] UL: SNR = 60.00 dB | SE = 19.633 bit/s/Hz
[84493 ms] [UE 47098] UL: SNR = 47.00 dB | SE = 15.379 bit/s/Hz
[84493 ms] [UE 59499] UL: SNR = 53.50 dB | SE = 17.506 bit/s/Hz
[84493 ms] [UE 12524] UL: SNR = 56.50 dB | SE = 18.487 bit/s/Hz
[84496 ms] [UE 14608] UL: SNR = 63.50 dB | SE = 20.778 bit/s/Hz
[84496 ms] [UE 54487] UL: SNR = 63.50 dB | SE = 20.778 bit/s/Hz
[84496 ms] [UE 2959] UL: SNR = 34.00 dB | SE = 11.126 bit/s/Hz
[84496 ms] [UE 14350] UL: SNR = 63.50 dB | SE = 20.778 bit/s/Hz
[84496 ms] [UE 37624] UL: SNR = 63.50 dB | SE = 20.778 bit/s/Hz
[84496 ms] [UE 18432] UL: SNR = 63.50 dB | SE = 20.778 bit/s/Hz
[84496 ms] [UE 55143] UL: SNR = 63.50 dB | SE = 20.778 bit/s/Hz
[84496 ms] [UE 55862] UL: SNR = 63.50 dB | SE = 20.778 bit/s/Hz
[84496 ms] [UE 62817] UL: SNR = 52.00 dB | SE = 17.015 bit/s/Hz
[84496 ms] [UE 5257] UL: SNR = 63.50 dB | SE = 20.778 bit/s/Hz
[85493 ms] [UE 54141] UL: SNR = 63.50 dB | SE = 20.778 bit/s/Hz
[85493 ms] [UE 14002] UL: SNR = 53.50 dB | SE = 17.506 bit/s/Hz
[85493 ms] [UE 55839] UL: SNR = 56.50 dB | SE = 18.487 bit/s/Hz
[85493 ms] [UE 47098] UL: SNR = 51.50 dB | SE = 16.851 bit/s/Hz
[85493 ms] [UE 59499] UL: SNR = 53.50 dB | SE = 17.506 bit/s/Hz
[85493 ms] [UE 12524] UL: SNR = 56.50 dB | SE = 18.487 bit/s/Hz
[85506 ms] [UE 14608] UL: SNR = 63.50 dB | SE = 20.778 bit/s/Hz
[85506 ms] [UE 54487] UL: SNR = 63.50 dB | SE = 20.778 bit/s/Hz
[85506 ms] [UE 2959] UL: SNR = 34.00 dB | SE = 11.126 bit/s/Hz
[85506 ms] [UE 14350] UL: SNR = 63.50 dB | SE = 20.778 bit/s/Hz
[85506 ms] [UE 37624] UL: SNR = 63.50 dB | SE = 20.778 bit/s/Hz
[85506 ms] [UE 18432] UL: SNR = 63.50 dB | SE = 20.778 bit/s/Hz
[85506 ms] [UE 55143] UL: SNR = 63.50 dB | SE = 20.778 bit/s/Hz
[85506 ms] [UE 55862] UL: SNR = 63.50 dB | SE = 20.778 bit/s/Hz
[85506 ms] [UE 62817] UL: SNR = 52.00 dB | SE = 17.015 bit/s/Hz
[85506 ms] [UE 5257] UL: SNR = 63.50 dB | SE = 20.778 bit/s/Hz
[86503 ms] [UE 54141] UL: SNR = 63.50 dB | SE = 20.778 bit/s/Hz
[86503 ms] [UE 14002] UL: SNR = 53.50 dB | SE = 17.506 bit/s/Hz
[86503 ms] [UE 55839] UL: SNR = 56.50 dB | SE = 18.487 bit/s/Hz
[86503 ms] [UE 47098] UL: SNR = 51.50 dB | SE = 16.851 bit/s/Hz
[86503 ms] [UE 59499] UL: SNR = 53.50 dB | SE = 17.506 bit/s/Hz
[86503 ms] [UE 12524] UL: SNR = 56.50 dB | SE = 18.487 bit/s/Hz
[86506 ms] [UE 14608] UL: SNR = 63.50 dB | SE = 20.778 bit/s/Hz
[86506 ms] [UE 54487] UL: SNR = 63.50 dB | SE = 20.778 bit/s/Hz
[86506 ms] [UE 2959] UL: SNR = 34.00 dB | SE = 11.126 bit/s/Hz
[86506 ms] [UE 14350] UL: SNR = 63.50 dB | SE = 20.778 bit/s/Hz
[86506 ms] [UE 37624] UL: SNR = 63.50 dB | SE = 20.778 bit/s/Hz
[86506 ms] [UE 18432] UL: SNR = 63.50 dB | SE = 20.778 bit/s/Hz
[86506 ms] [UE 55143] UL: SNR = 63.50 dB | SE = 20.778 bit/s/Hz
[86506 ms] [UE 55862] UL: SNR = 63.50 dB | SE = 20.778 bit/s/Hz
[86506 ms] [UE 62817] UL: SNR = 52.00 dB | SE = 17.015 bit/s/Hz
[86506 ms] [UE 5257] UL: SNR = 63.50 dB | SE = 20.778 bit/s/Hz
[87504 ms] [UE 54141] UL: SNR = 63.50 dB | SE = 20.778 bit/s/Hz
[87504 ms] [UE 14002] UL: SNR = 53.50 dB | SE = 17.506 bit/s/Hz
[87504 ms] [UE 55839] UL: SNR = 56.50 dB | SE = 18.487 bit/s/Hz
[87504 ms] [UE 47098] UL: SNR = 51.50 dB | SE = 16.851 bit/s/Hz
[87504 ms] [UE 59499] UL: SNR = 53.50 dB | SE = 17.506 bit/s/Hz
[87504 ms] [UE 12524] UL: SNR = 56.50 dB | SE = 18.487 bit/s/Hz
[87507 ms] [UE 14608] UL: SNR = 63.50 dB | SE = 20.778 bit/s/Hz
[87507 ms] [UE 54487] UL: SNR = 63.50 dB | SE = 20.778 bit/s/Hz
[87507 ms] [UE 2959] UL: SNR = 34.00 dB | SE = 11.126 bit/s/Hz
[87507 ms] [UE 14350] UL: SNR = 63.50 dB | SE = 20.778 bit/s/Hz
[87507 ms] [UE 37624] UL: SNR = 63.50 dB | SE = 20.778 bit/s/Hz
[87507 ms] [UE 18432] UL: SNR = 63.50 dB | SE = 20.778 bit/s/Hz
[87507 ms] [UE 55143] UL: SNR = 63.50 dB | SE = 20.778 bit/s/Hz
[87507 ms] [UE 55862] UL: SNR = 63.50 dB | SE = 20.778 bit/s/Hz
[87507 ms] [UE 62817] UL: SNR = 52.00 dB | SE = 17.015 bit/s/Hz
[87507 ms] [UE 5257] UL: SNR = 63.50 dB | SE = 20.778 bit/s/Hz
[88513 ms] [UE 54141] UL: SNR = 63.50 dB | SE = 20.778 bit/s/Hz
[88513 ms] [UE 14002] UL: SNR = 53.50 dB | SE = 17.506 bit/s/Hz
[88513 ms] [UE 55839] UL: SNR = 56.50 dB | SE = 18.487 bit/s/Hz
[88513 ms] [UE 47098] UL: SNR = 51.50 dB | SE = 16.851 bit/s/Hz
[88513 ms] [UE 59499] UL: SNR = 53.50 dB | SE = 17.506 bit/s/Hz
[88513 ms] [UE 12524] UL: SNR = 56.50 dB | SE = 18.487 bit/s/Hz
[88516 ms] [UE 14608] UL: SNR = 63.50 dB | SE = 20.778 bit/s/Hz
[88516 ms] [UE 54487] UL: SNR = 63.50 dB | SE = 20.778 bit/s/Hz
[88516 ms] [UE 2959] UL: SNR = 34.00 dB | SE = 11.126 bit/s/Hz
[88516 ms] [UE 14350] UL: SNR = 63.50 dB | SE = 20.778 bit/s/Hz
[88516 ms] [UE 37624] UL: SNR = 63.50 dB | SE = 20.778 bit/s/Hz
[88516 ms] [UE 18432] UL: SNR = 63.50 dB | SE = 20.778 bit/s/Hz
[88516 ms] [UE 55143] UL: SNR = 63.50 dB | SE = 20.778 bit/s/Hz
[88516 ms] [UE 55862] UL: SNR = 63.50 dB | SE = 20.778 bit/s/Hz
[88516 ms] [UE 62817] UL: SNR = 52.00 dB | SE = 17.015 bit/s/Hz
[88516 ms] [UE 5257] UL: SNR = 63.50 dB | SE = 20.778 bit/s/Hz
[89523 ms] [UE 54141] UL: SNR = 63.50 dB | SE = 20.778 bit/s/Hz
[89523 ms] [UE 14002] UL: SNR = 53.50 dB | SE = 17.506 bit/s/Hz
[89523 ms] [UE 55839] UL: SNR = 56.50 dB | SE = 18.487 bit/s/Hz
[89523 ms] [UE 47098] UL: SNR = 51.50 dB | SE = 16.851 bit/s/Hz
[89523 ms] [UE 59499] UL: SNR = 53.50 dB | SE = 17.506 bit/s/Hz
[89523 ms] [UE 12524] UL: SNR = 56.50 dB | SE = 18.487 bit/s/Hz
[89526 ms] [UE 14608] UL: SNR = 63.50 dB | SE = 20.778 bit/s/Hz
[89526 ms] [UE 54487] UL: SNR = 63.50 dB | SE = 20.778 bit/s/Hz
[89526 ms] [UE 2959] UL: SNR = 34.00 dB | SE = 11.126 bit/s/Hz
[89526 ms] [UE 14350] UL: SNR = 63.50 dB | SE = 20.778 bit/s/Hz
[89526 ms] [UE 37624] UL: SNR = 63.50 dB | SE = 20.778 bit/s/Hz
[89526 ms] [UE 18432] UL: SNR = 63.50 dB | SE = 20.778 bit/s/Hz
[89526 ms] [UE 55143] UL: SNR = 63.50 dB | SE = 20.778 bit/s/Hz
[89526 ms] [UE 55862] UL: SNR = 63.50 dB | SE = 20.778 bit/s/Hz
[89526 ms] [UE 62817] UL: SNR = 52.00 dB | SE = 17.015 bit/s/Hz
[89526 ms] [UE 5257] UL: SNR = 63.50 dB | SE = 20.778 bit/s/Hz
[xApp]: E42 RIC_SUBSCRIPTION_DELETE_REQUEST tx RAN_FUNC_ID 142 RIC_REQ_ID 1 
[xApp]: E42 SUBSCRIPTION DELETE RESPONSE rx
[xApp]: E42 RIC_SUBSCRIPTION_DELETE_REQUEST tx RAN_FUNC_ID 142 RIC_REQ_ID 2 
[xApp]: E42 SUBSCRIPTION DELETE RESPONSE rx
[xApp]: Sucessfully stopped 
Test xApp run SUCCESSFULLY
