[UTIL]: Setting the config -c file to /usr/local/etc/flexric/flexric.conf
[UTIL]: Setting path -p for the shared libraries to /usr/local/lib/flexric/
[xAapp]: Initializing ... 
[xApp]: nearRT-RIC IP Address = 192.168.70.150, PORT = 36422
[E2 AGENT]: Opening plugin from path = /usr/local/lib/flexric/libkpm_sm.so 
[E2 AGENT]: Opening plugin from path = /usr/local/lib/flexric/libmac_sm.so 
[E2 AGENT]: Opening plugin from path = /usr/local/lib/flexric/libpdcp_sm.so 
[E2 AGENT]: Opening plugin from path = /usr/local/lib/flexric/libgtp_sm.so 
[E2 AGENT]: Opening plugin from path = /usr/local/lib/flexric/librc_sm.so 
[E2 AGENT]: Opening plugin from path = /usr/local/lib/flexric/libtc_sm.so 
[E2 AGENT]: Opening plugin from path = /usr/local/lib/flexric/librlc_sm.so 
[E2 AGENT]: Opening plugin from path = /usr/local/lib/flexric/libslice_sm.so 
[NEAR-RIC]: Loading SM ID = 2 with def = ORAN-E2SM-KPM 
[NEAR-RIC]: Loading SM ID = 142 with def = MAC_STATS_V0 
[NEAR-RIC]: Loading SM ID = 144 with def = PDCP_STATS_V0 
[NEAR-RIC]: Loading SM ID = 148 with def = GTP_STATS_V0 
[NEAR-RIC]: Loading SM ID = 3 with def = ORAN-E2SM-RC 
[NEAR-RIC]: Loading SM ID = 146 with def = TC_STATS_V0 
[NEAR-RIC]: Loading SM ID = 143 with def = RLC_STATS_V0 
[NEAR-RIC]: Loading SM ID = 145 with def = SLICE_STATS_V0 
[xApp]: DB filename = /tmp/flexric/xapp_db 
 [xApp]: E42 SETUP-REQUEST tx
[xApp]: E42 SETUP-RESPONSE rx 
[xApp]: xApp ID = 37 
[xApp]: Registered E2 Nodes = 4 
Connected E2 nodes = 4
[xAPP] Registered node 0 ran func id = 2 
[xAPP] Registered node 0 ran func id = 3 
[xAPP] Registered node 0 ran func id = 142 
[xAPP] Registered node 0 ran func id = 143 
[xAPP] Registered node 0 ran func id = 144 
[xAPP] Registered node 0 ran func id = 145 
[xAPP] Registered node 0 ran func id = 146 
[xAPP] Registered node 0 ran func id = 148 
[xAPP] CU or CUUP, don't do anything
[xAPP] Registered node 1 ran func id = 2 
[xAPP] Registered node 1 ran func id = 3 
[xAPP] Registered node 1 ran func id = 142 
[xAPP] Registered node 1 ran func id = 143 
[xAPP] Registered node 1 ran func id = 144 
[xAPP] Registered node 1 ran func id = 145 
[xAPP] Registered node 1 ran func id = 146 
[xAPP] Registered node 1 ran func id = 148 
[xAPP] Registered node 2 ran func id = 2 
[xAPP] Registered node 2 ran func id = 3 
[xAPP] Registered node 2 ran func id = 142 
[xAPP] Registered node 2 ran func id = 143 
[xAPP] Registered node 2 ran func id = 144 
[xAPP] Registered node 2 ran func id = 145 
[xAPP] Registered node 2 ran func id = 146 
[xAPP] Registered node 2 ran func id = 148 
[xApp] DU detected
[xApp]: E42 RIC SUBSCRIPTION REQUEST tx RAN_FUNC_ID 142 RIC_REQ_ID 1 
[xApp]: SUBSCRIPTION RESPONSE rx
[xApp]: Successfully subscribed to RAN_FUNC_ID 142 
[xAPP] Registered node 3 ran func id = 2 
[xAPP] Registered node 3 ran func id = 3 
[xAPP] Registered node 3 ran func id = 142 
[xAPP] Registered node 3 ran func id = 143 
[xAPP] Registered node 3 ran func id = 144 
[xAPP] Registered node 3 ran func id = 145 
[xAPP] Registered node 3 ran func id = 146 
[xAPP] Registered node 3 ran func id = 148 
[xApp] DU detected
[xApp]: E42 RIC SUBSCRIPTION REQUEST tx RAN_FUNC_ID 142 RIC_REQ_ID 2 
[xApp]: SUBSCRIPTION RESPONSE rx
[xApp]: Successfully subscribed to RAN_FUNC_ID 142 
[   13 ms] [UE 54141] UL: SNR = 63.50 dB | SE = 20.778 bit/s/Hz
[   13 ms] [UE 14002] UL: SNR = 59.00 dB | SE = 19.305 bit/s/Hz
[   13 ms] [UE 55839] UL: SNR = 60.00 dB | SE = 19.633 bit/s/Hz
[   13 ms] [UE 47098] UL: SNR = 55.50 dB | SE = 18.160 bit/s/Hz
[   13 ms] [UE 59499] UL: SNR = 53.50 dB | SE = 17.506 bit/s/Hz
[   13 ms] [UE 12524] UL: SNR = 56.50 dB | SE = 18.487 bit/s/Hz
[   16 ms] [UE 14608] UL: SNR = 63.50 dB | SE = 20.778 bit/s/Hz
[   16 ms] [UE 54487] UL: SNR = 63.50 dB | SE = 20.778 bit/s/Hz
[   16 ms] [UE 2959] UL: SNR = 34.00 dB | SE = 11.126 bit/s/Hz
[   16 ms] [UE 14350] UL: SNR = 63.50 dB | SE = 20.778 bit/s/Hz
[   16 ms] [UE 37624] UL: SNR = 63.50 dB | SE = 20.778 bit/s/Hz
[   16 ms] [UE 18432] UL: SNR = 63.50 dB | SE = 20.778 bit/s/Hz
[   16 ms] [UE 55143] UL: SNR = 63.50 dB | SE = 20.778 bit/s/Hz
[   16 ms] [UE 55862] UL: SNR = 63.50 dB | SE = 20.778 bit/s/Hz
[   16 ms] [UE 62817] UL: SNR = 52.00 dB | SE = 17.015 bit/s/Hz
[   16 ms] [UE 5257] UL: SNR = 63.50 dB | SE = 20.778 bit/s/Hz
[ 1016 ms] [UE 14608] UL: SNR = 63.50 dB | SE = 20.778 bit/s/Hz
[ 1016 ms] [UE 54487] UL: SNR = 63.50 dB | SE = 20.778 bit/s/Hz
[ 1016 ms] [UE 2959] UL: SNR = 34.00 dB | SE = 11.126 bit/s/Hz
[ 1016 ms] [UE 14350] UL: SNR = 63.50 dB | SE = 20.778 bit/s/Hz
[ 1016 ms] [UE 37624] UL: SNR = 63.50 dB | SE = 20.778 bit/s/Hz
[ 1016 ms] [UE 18432] UL: SNR = 63.50 dB | SE = 20.778 bit/s/Hz
[ 1016 ms] [UE 55143] UL: SNR = 63.50 dB | SE = 20.778 bit/s/Hz
[ 1016 ms] [UE 55862] UL: SNR = 63.50 dB | SE = 20.778 bit/s/Hz
[ 1016 ms] [UE 62817] UL: SNR = 52.00 dB | SE = 17.015 bit/s/Hz
[ 1016 ms] [UE 5257] UL: SNR = 63.50 dB | SE = 20.778 bit/s/Hz
[ 1024 ms] [UE 54141] UL: SNR = 63.50 dB | SE = 20.778 bit/s/Hz
[ 1024 ms] [UE 14002] UL: SNR = 53.00 dB | SE = 17.342 bit/s/Hz
[ 1024 ms] [UE 55839] UL: SNR = 56.00 dB | SE = 18.324 bit/s/Hz
[ 1024 ms] [UE 47098] UL: SNR = 51.00 dB | SE = 16.688 bit/s/Hz
[ 1024 ms] [UE 59499] UL: SNR = 53.50 dB | SE = 17.506 bit/s/Hz
[ 1024 ms] [UE 12524] UL: SNR = 56.50 dB | SE = 18.487 bit/s/Hz
[ 2016 ms] [UE 14608] UL: SNR = 63.50 dB | SE = 20.778 bit/s/Hz
[ 2016 ms] [UE 54487] UL: SNR = 63.50 dB | SE = 20.778 bit/s/Hz
[ 2016 ms] [UE 2959] UL: SNR = 34.00 dB | SE = 11.126 bit/s/Hz
[ 2016 ms] [UE 14350] UL: SNR = 63.50 dB | SE = 20.778 bit/s/Hz
[ 2016 ms] [UE 37624] UL: SNR = 63.50 dB | SE = 20.778 bit/s/Hz
[ 2016 ms] [UE 18432] UL: SNR = 63.50 dB | SE = 20.778 bit/s/Hz
[ 2016 ms] [UE 55143] UL: SNR = 63.50 dB | SE = 20.778 bit/s/Hz
[ 2016 ms] [UE 55862] UL: SNR = 63.50 dB | SE = 20.778 bit/s/Hz
[ 2016 ms] [UE 62817] UL: SNR = 52.00 dB | SE = 17.015 bit/s/Hz
[ 2016 ms] [UE 5257] UL: SNR = 63.50 dB | SE = 20.778 bit/s/Hz
[ 2024 ms] [UE 54141] UL: SNR = 63.50 dB | SE = 20.778 bit/s/Hz
[ 2024 ms] [UE 14002] UL: SNR = 53.00 dB | SE = 17.342 bit/s/Hz
[ 2024 ms] [UE 55839] UL: SNR = 56.00 dB | SE = 18.324 bit/s/Hz
[ 2024 ms] [UE 47098] UL: SNR = 51.00 dB | SE = 16.688 bit/s/Hz
[ 2024 ms] [UE 59499] UL: SNR = 53.50 dB | SE = 17.506 bit/s/Hz
[ 2024 ms] [UE 12524] UL: SNR = 56.50 dB | SE = 18.487 bit/s/Hz
[ 3026 ms] [UE 14608] UL: SNR = 63.50 dB | SE = 20.778 bit/s/Hz
[ 3026 ms] [UE 54487] UL: SNR = 63.50 dB | SE = 20.778 bit/s/Hz
[ 3026 ms] [UE 2959] UL: SNR = 34.00 dB | SE = 11.126 bit/s/Hz
[ 3026 ms] [UE 14350] UL: SNR = 63.50 dB | SE = 20.778 bit/s/Hz
[ 3026 ms] [UE 37624] UL: SNR = 63.50 dB | SE = 20.778 bit/s/Hz
[ 3026 ms] [UE 18432] UL: SNR = 63.50 dB | SE = 20.778 bit/s/Hz
[ 3026 ms] [UE 55143] UL: SNR = 63.50 dB | SE = 20.778 bit/s/Hz
[ 3026 ms] [UE 55862] UL: SNR = 63.50 dB | SE = 20.778 bit/s/Hz
[ 3026 ms] [UE 62817] UL: SNR = 52.00 dB | SE = 17.015 bit/s/Hz
[ 3026 ms] [UE 5257] UL: SNR = 63.50 dB | SE = 20.778 bit/s/Hz
[ 3033 ms] [UE 54141] UL: SNR = 63.50 dB | SE = 20.778 bit/s/Hz
[ 3033 ms] [UE 14002] UL: SNR = 53.00 dB | SE = 17.342 bit/s/Hz
[ 3033 ms] [UE 55839] UL: SNR = 56.00 dB | SE = 18.324 bit/s/Hz
[ 3033 ms] [UE 47098] UL: SNR = 51.00 dB | SE = 16.688 bit/s/Hz
[ 3033 ms] [UE 59499] UL: SNR = 53.50 dB | SE = 17.506 bit/s/Hz
[ 3033 ms] [UE 12524] UL: SNR = 56.50 dB | SE = 18.487 bit/s/Hz
[ 4033 ms] [UE 54141] UL: SNR = 63.50 dB | SE = 20.778 bit/s/Hz
[ 4033 ms] [UE 14002] UL: SNR = 53.00 dB | SE = 17.342 bit/s/Hz
[ 4033 ms] [UE 55839] UL: SNR = 56.00 dB | SE = 18.324 bit/s/Hz
[ 4033 ms] [UE 47098] UL: SNR = 51.00 dB | SE = 16.688 bit/s/Hz
[ 4033 ms] [UE 59499] UL: SNR = 53.50 dB | SE = 17.506 bit/s/Hz
[ 4033 ms] [UE 12524] UL: SNR = 56.50 dB | SE = 18.487 bit/s/Hz
[ 4037 ms] [UE 14608] UL: SNR = 63.50 dB | SE = 20.778 bit/s/Hz
[ 4037 ms] [UE 54487] UL: SNR = 63.50 dB | SE = 20.778 bit/s/Hz
[ 4037 ms] [UE 2959] UL: SNR = 34.00 dB | SE = 11.126 bit/s/Hz
[ 4037 ms] [UE 14350] UL: SNR = 63.50 dB | SE = 20.778 bit/s/Hz
[ 4037 ms] [UE 37624] UL: SNR = 63.50 dB | SE = 20.778 bit/s/Hz
[ 4037 ms] [UE 18432] UL: SNR = 63.50 dB | SE = 20.778 bit/s/Hz
[ 4037 ms] [UE 55143] UL: SNR = 63.50 dB | SE = 20.778 bit/s/Hz
[ 4037 ms] [UE 55862] UL: SNR = 63.50 dB | SE = 20.778 bit/s/Hz
[ 4037 ms] [UE 62817] UL: SNR = 52.00 dB | SE = 17.015 bit/s/Hz
[ 4037 ms] [UE 5257] UL: SNR = 63.50 dB | SE = 20.778 bit/s/Hz
[ 5037 ms] [UE 54141] UL: SNR = 63.50 dB | SE = 20.778 bit/s/Hz
[ 5037 ms] [UE 14002] UL: SNR = 53.00 dB | SE = 17.342 bit/s/Hz
[ 5037 ms] [UE 55839] UL: SNR = 56.00 dB | SE = 18.324 bit/s/Hz
[ 5037 ms] [UE 47098] UL: SNR = 51.00 dB | SE = 16.688 bit/s/Hz
[ 5037 ms] [UE 59499] UL: SNR = 53.50 dB | SE = 17.506 bit/s/Hz
[ 5037 ms] [UE 12524] UL: SNR = 56.50 dB | SE = 18.487 bit/s/Hz
[ 5037 ms] [UE 14608] UL: SNR = 63.50 dB | SE = 20.778 bit/s/Hz
[ 5037 ms] [UE 54487] UL: SNR = 63.50 dB | SE = 20.778 bit/s/Hz
[ 5037 ms] [UE 2959] UL: SNR = 34.00 dB | SE = 11.126 bit/s/Hz
[ 5037 ms] [UE 14350] UL: SNR = 63.50 dB | SE = 20.778 bit/s/Hz
[ 5037 ms] [UE 37624] UL: SNR = 63.50 dB | SE = 20.778 bit/s/Hz
[ 5037 ms] [UE 18432] UL: SNR = 63.50 dB | SE = 20.778 bit/s/Hz
[ 5037 ms] [UE 55143] UL: SNR = 63.50 dB | SE = 20.778 bit/s/Hz
[ 5037 ms] [UE 55862] UL: SNR = 63.50 dB | SE = 20.778 bit/s/Hz
[ 5037 ms] [UE 62817] UL: SNR = 52.00 dB | SE = 17.015 bit/s/Hz
[ 5037 ms] [UE 5257] UL: SNR = 63.50 dB | SE = 20.778 bit/s/Hz
[ 6044 ms] [UE 54141] UL: SNR = 63.50 dB | SE = 20.778 bit/s/Hz
[ 6044 ms] [UE 14002] UL: SNR = 63.50 dB | SE = 20.778 bit/s/Hz
[ 6044 ms] [UE 55839] UL: SNR = 59.50 dB | SE = 19.469 bit/s/Hz
[ 6044 ms] [UE 47098] UL: SNR = 51.00 dB | SE = 16.688 bit/s/Hz
[ 6044 ms] [UE 59499] UL: SNR = 53.50 dB | SE = 17.506 bit/s/Hz
[ 6044 ms] [UE 12524] UL: SNR = 56.50 dB | SE = 18.487 bit/s/Hz
[ 6047 ms] [UE 14608] UL: SNR = 63.50 dB | SE = 20.778 bit/s/Hz
[ 6047 ms] [UE 54487] UL: SNR = 63.50 dB | SE = 20.778 bit/s/Hz
[ 6047 ms] [UE 2959] UL: SNR = 34.00 dB | SE = 11.126 bit/s/Hz
[ 6047 ms] [UE 14350] UL: SNR = 63.50 dB | SE = 20.778 bit/s/Hz
[ 6047 ms] [UE 37624] UL: SNR = 63.50 dB | SE = 20.778 bit/s/Hz
[ 6047 ms] [UE 18432] UL: SNR = 63.50 dB | SE = 20.778 bit/s/Hz
[ 6047 ms] [UE 55143] UL: SNR = 63.50 dB | SE = 20.778 bit/s/Hz
[ 6047 ms] [UE 55862] UL: SNR = 63.50 dB | SE = 20.778 bit/s/Hz
[ 6047 ms] [UE 62817] UL: SNR = 52.00 dB | SE = 17.015 bit/s/Hz
[ 6047 ms] [UE 5257] UL: SNR = 63.50 dB | SE = 20.778 bit/s/Hz
[ 7053 ms] [UE 54141] UL: SNR = 63.50 dB | SE = 20.778 bit/s/Hz
[ 7053 ms] [UE 14002] UL: SNR = 63.50 dB | SE = 20.778 bit/s/Hz
[ 7053 ms] [UE 55839] UL: SNR = 59.50 dB | SE = 19.469 bit/s/Hz
[ 7053 ms] [UE 47098] UL: SNR = 51.00 dB | SE = 16.688 bit/s/Hz
[ 7053 ms] [UE 59499] UL: SNR = 53.50 dB | SE = 17.506 bit/s/Hz
[ 7053 ms] [UE 12524] UL: SNR = 56.50 dB | SE = 18.487 bit/s/Hz
[ 7056 ms] [UE 14608] UL: SNR = 63.50 dB | SE = 20.778 bit/s/Hz
[ 7056 ms] [UE 54487] UL: SNR = 63.50 dB | SE = 20.778 bit/s/Hz
[ 7056 ms] [UE 2959] UL: SNR = 34.00 dB | SE = 11.126 bit/s/Hz
[ 7056 ms] [UE 14350] UL: SNR = 63.50 dB | SE = 20.778 bit/s/Hz
[ 7056 ms] [UE 37624] UL: SNR = 63.50 dB | SE = 20.778 bit/s/Hz
[ 7056 ms] [UE 18432] UL: SNR = 63.50 dB | SE = 20.778 bit/s/Hz
[ 7056 ms] [UE 55143] UL: SNR = 63.50 dB | SE = 20.778 bit/s/Hz
[ 7056 ms] [UE 55862] UL: SNR = 63.50 dB | SE = 20.778 bit/s/Hz
[ 7056 ms] [UE 62817] UL: SNR = 52.00 dB | SE = 17.015 bit/s/Hz
[ 7056 ms] [UE 5257] UL: SNR = 63.50 dB | SE = 20.778 bit/s/Hz
[ 8053 ms] [UE 54141] UL: SNR = 63.50 dB | SE = 20.778 bit/s/Hz
[ 8053 ms] [UE 14002] UL: SNR = 53.50 dB | SE = 17.506 bit/s/Hz
[ 8053 ms] [UE 55839] UL: SNR = 56.50 dB | SE = 18.487 bit/s/Hz
[ 8053 ms] [UE 47098] UL: SNR = 51.50 dB | SE = 16.851 bit/s/Hz
[ 8053 ms] [UE 59499] UL: SNR = 53.50 dB | SE = 17.506 bit/s/Hz
[ 8053 ms] [UE 12524] UL: SNR = 56.50 dB | SE = 18.487 bit/s/Hz
[ 8066 ms] [UE 14608] UL: SNR = 63.50 dB | SE = 20.778 bit/s/Hz
[ 8066 ms] [UE 54487] UL: SNR = 63.50 dB | SE = 20.778 bit/s/Hz
[ 8066 ms] [UE 2959] UL: SNR = 34.00 dB | SE = 11.126 bit/s/Hz
[ 8066 ms] [UE 14350] UL: SNR = 63.50 dB | SE = 20.778 bit/s/Hz
[ 8066 ms] [UE 37624] UL: SNR = 63.50 dB | SE = 20.778 bit/s/Hz
[ 8066 ms] [UE 18432] UL: SNR = 63.50 dB | SE = 20.778 bit/s/Hz
[ 8066 ms] [UE 55143] UL: SNR = 63.50 dB | SE = 20.778 bit/s/Hz
[ 8066 ms] [UE 55862] UL: SNR = 63.50 dB | SE = 20.778 bit/s/Hz
[ 8066 ms] [UE 62817] UL: SNR = 52.00 dB | SE = 17.015 bit/s/Hz
[ 8066 ms] [UE 5257] UL: SNR = 63.50 dB | SE = 20.778 bit/s/Hz
[ 9053 ms] [UE 54141] UL: SNR = 63.50 dB | SE = 20.778 bit/s/Hz
[ 9053 ms] [UE 14002] UL: SNR = 53.50 dB | SE = 17.506 bit/s/Hz
[ 9053 ms] [UE 55839] UL: SNR = 56.50 dB | SE = 18.487 bit/s/Hz
[ 9053 ms] [UE 47098] UL: SNR = 51.50 dB | SE = 16.851 bit/s/Hz
[ 9053 ms] [UE 59499] UL: SNR = 53.50 dB | SE = 17.506 bit/s/Hz
[ 9053 ms] [UE 12524] UL: SNR = 56.50 dB | SE = 18.487 bit/s/Hz
[ 9076 ms] [UE 14608] UL: SNR = 63.50 dB | SE = 20.778 bit/s/Hz
[ 9076 ms] [UE 54487] UL: SNR = 63.50 dB | SE = 20.778 bit/s/Hz
[ 9076 ms] [UE 2959] UL: SNR = 34.00 dB | SE = 11.126 bit/s/Hz
[ 9076 ms] [UE 14350] UL: SNR = 63.50 dB | SE = 20.778 bit/s/Hz
[ 9076 ms] [UE 37624] UL: SNR = 63.50 dB | SE = 20.778 bit/s/Hz
[ 9076 ms] [UE 18432] UL: SNR = 63.50 dB | SE = 20.778 bit/s/Hz
[ 9076 ms] [UE 55143] UL: SNR = 63.50 dB | SE = 20.778 bit/s/Hz
[ 9076 ms] [UE 55862] UL: SNR = 63.50 dB | SE = 20.778 bit/s/Hz
[ 9076 ms] [UE 62817] UL: SNR = 52.00 dB | SE = 17.015 bit/s/Hz
[ 9076 ms] [UE 5257] UL: SNR = 63.50 dB | SE = 20.778 bit/s/Hz
[10064 ms] [UE 54141] UL: SNR = 63.50 dB | SE = 20.778 bit/s/Hz
[10064 ms] [UE 14002] UL: SNR = 53.50 dB | SE = 17.506 bit/s/Hz
[10064 ms] [UE 55839] UL: SNR = 56.50 dB | SE = 18.487 bit/s/Hz
[10064 ms] [UE 47098] UL: SNR = 51.50 dB | SE = 16.851 bit/s/Hz
[10064 ms] [UE 59499] UL: SNR = 53.50 dB | SE = 17.506 bit/s/Hz
[10064 ms] [UE 12524] UL: SNR = 56.50 dB | SE = 18.487 bit/s/Hz
[10076 ms] [UE 14608] UL: SNR = 63.50 dB | SE = 20.778 bit/s/Hz
[10076 ms] [UE 54487] UL: SNR = 63.50 dB | SE = 20.778 bit/s/Hz
[10076 ms] [UE 2959] UL: SNR = 34.00 dB | SE = 11.126 bit/s/Hz
[10076 ms] [UE 14350] UL: SNR = 63.50 dB | SE = 20.778 bit/s/Hz
[10076 ms] [UE 37624] UL: SNR = 63.50 dB | SE = 20.778 bit/s/Hz
[10076 ms] [UE 18432] UL: SNR = 63.50 dB | SE = 20.778 bit/s/Hz
[10076 ms] [UE 55143] UL: SNR = 63.50 dB | SE = 20.778 bit/s/Hz
[10076 ms] [UE 55862] UL: SNR = 63.50 dB | SE = 20.778 bit/s/Hz
[10076 ms] [UE 62817] UL: SNR = 52.00 dB | SE = 17.015 bit/s/Hz
[10076 ms] [UE 5257] UL: SNR = 63.50 dB | SE = 20.778 bit/s/Hz
[11073 ms] [UE 54141] UL: SNR = 63.50 dB | SE = 20.778 bit/s/Hz
[11073 ms] [UE 14002] UL: SNR = 53.50 dB | SE = 17.506 bit/s/Hz
[11073 ms] [UE 55839] UL: SNR = 56.50 dB | SE = 18.487 bit/s/Hz
[11073 ms] [UE 47098] UL: SNR = 51.50 dB | SE = 16.851 bit/s/Hz
[11073 ms] [UE 59499] UL: SNR = 53.50 dB | SE = 17.506 bit/s/Hz
[11073 ms] [UE 12524] UL: SNR = 56.50 dB | SE = 18.487 bit/s/Hz
[11086 ms] [UE 14608] UL: SNR = 63.50 dB | SE = 20.778 bit/s/Hz
[11086 ms] [UE 54487] UL: SNR = 63.50 dB | SE = 20.778 bit/s/Hz
[11086 ms] [UE 2959] UL: SNR = 34.00 dB | SE = 11.126 bit/s/Hz
[11086 ms] [UE 14350] UL: SNR = 63.50 dB | SE = 20.778 bit/s/Hz
[11086 ms] [UE 37624] UL: SNR = 63.50 dB | SE = 20.778 bit/s/Hz
[11086 ms] [UE 18432] UL: SNR = 63.50 dB | SE = 20.778 bit/s/Hz
[11086 ms] [UE 55143] UL: SNR = 63.50 dB | SE = 20.778 bit/s/Hz
[11086 ms] [UE 55862] UL: SNR = 63.50 dB | SE = 20.778 bit/s/Hz
[11086 ms] [UE 62817] UL: SNR = 52.00 dB | SE = 17.015 bit/s/Hz
[11086 ms] [UE 5257] UL: SNR = 63.50 dB | SE = 20.778 bit/s/Hz
[12083 ms] [UE 54141] UL: SNR = 63.50 dB | SE = 20.778 bit/s/Hz
[12083 ms] [UE 14002] UL: SNR = 53.50 dB | SE = 17.506 bit/s/Hz
[12083 ms] [UE 55839] UL: SNR = 56.50 dB | SE = 18.487 bit/s/Hz
[12083 ms] [UE 47098] UL: SNR = 51.50 dB | SE = 16.851 bit/s/Hz
[12083 ms] [UE 59499] UL: SNR = 53.50 dB | SE = 17.506 bit/s/Hz
[12083 ms] [UE 12524] UL: SNR = 56.50 dB | SE = 18.487 bit/s/Hz
[12086 ms] [UE 14608] UL: SNR = 63.50 dB | SE = 20.778 bit/s/Hz
[12086 ms] [UE 54487] UL: SNR = 63.50 dB | SE = 20.778 bit/s/Hz
[12086 ms] [UE 2959] UL: SNR = 34.00 dB | SE = 11.126 bit/s/Hz
[12086 ms] [UE 14350] UL: SNR = 63.50 dB | SE = 20.778 bit/s/Hz
[12086 ms] [UE 37624] UL: SNR = 63.50 dB | SE = 20.778 bit/s/Hz
[12086 ms] [UE 18432] UL: SNR = 63.50 dB | SE = 20.778 bit/s/Hz
[12086 ms] [UE 55143] UL: SNR = 63.50 dB | SE = 20.778 bit/s/Hz
[12086 ms] [UE 55862] UL: SNR = 63.50 dB | SE = 20.778 bit/s/Hz
[12086 ms] [UE 62817] UL: SNR = 52.00 dB | SE = 17.015 bit/s/Hz
[12086 ms] [UE 5257] UL: SNR = 63.50 dB | SE = 20.778 bit/s/Hz
[13083 ms] [UE 54141] UL: SNR = 63.50 dB | SE = 20.778 bit/s/Hz
[13083 ms] [UE 14002] UL: SNR = 53.50 dB | SE = 17.506 bit/s/Hz
[13083 ms] [UE 55839] UL: SNR = 56.50 dB | SE = 18.487 bit/s/Hz
[13083 ms] [UE 47098] UL: SNR = 51.50 dB | SE = 16.851 bit/s/Hz
[13083 ms] [UE 59499] UL: SNR = 53.50 dB | SE = 17.506 bit/s/Hz
[13083 ms] [UE 12524] UL: SNR = 56.50 dB | SE = 18.487 bit/s/Hz
[13096 ms] [UE 14608] UL: SNR = 63.50 dB | SE = 20.778 bit/s/Hz
[13096 ms] [UE 54487] UL: SNR = 63.50 dB | SE = 20.778 bit/s/Hz
[13096 ms] [UE 2959] UL: SNR = 34.00 dB | SE = 11.126 bit/s/Hz
[13096 ms] [UE 14350] UL: SNR = 63.50 dB | SE = 20.778 bit/s/Hz
[13096 ms] [UE 37624] UL: SNR = 63.50 dB | SE = 20.778 bit/s/Hz
[13096 ms] [UE 18432] UL: SNR = 63.50 dB | SE = 20.778 bit/s/Hz
[13096 ms] [UE 55143] UL: SNR = 63.50 dB | SE = 20.778 bit/s/Hz
[13096 ms] [UE 55862] UL: SNR = 63.50 dB | SE = 20.778 bit/s/Hz
[13096 ms] [UE 62817] UL: SNR = 52.00 dB | SE = 17.015 bit/s/Hz
[13096 ms] [UE 5257] UL: SNR = 63.50 dB | SE = 20.778 bit/s/Hz
[14083 ms] [UE 54141] UL: SNR = 63.50 dB | SE = 20.778 bit/s/Hz
[14083 ms] [UE 14002] UL: SNR = 59.00 dB | SE = 19.305 bit/s/Hz
[14083 ms] [UE 55839] UL: SNR = 60.00 dB | SE = 19.633 bit/s/Hz
[14083 ms] [UE 47098] UL: SNR = 51.50 dB | SE = 16.851 bit/s/Hz
[14083 ms] [UE 59499] UL: SNR = 53.50 dB | SE = 17.506 bit/s/Hz
[14083 ms] [UE 12524] UL: SNR = 56.50 dB | SE = 18.487 bit/s/Hz
[14097 ms] [UE 14608] UL: SNR = 63.50 dB | SE = 20.778 bit/s/Hz
[14097 ms] [UE 54487] UL: SNR = 63.50 dB | SE = 20.778 bit/s/Hz
[14097 ms] [UE 2959] UL: SNR = 34.00 dB | SE = 11.126 bit/s/Hz
[14097 ms] [UE 14350] UL: SNR = 63.50 dB | SE = 20.778 bit/s/Hz
[14097 ms] [UE 37624] UL: SNR = 63.50 dB | SE = 20.778 bit/s/Hz
[14097 ms] [UE 18432] UL: SNR = 63.50 dB | SE = 20.778 bit/s/Hz
[14097 ms] [UE 55143] UL: SNR = 63.50 dB | SE = 20.778 bit/s/Hz
[14097 ms] [UE 55862] UL: SNR = 63.50 dB | SE = 20.778 bit/s/Hz
[14097 ms] [UE 62817] UL: SNR = 52.00 dB | SE = 17.015 bit/s/Hz
[14097 ms] [UE 5257] UL: SNR = 63.50 dB | SE = 20.778 bit/s/Hz
[15083 ms] [UE 54141] UL: SNR = 63.50 dB | SE = 20.778 bit/s/Hz
[15083 ms] [UE 14002] UL: SNR = 59.00 dB | SE = 19.305 bit/s/Hz
[15083 ms] [UE 55839] UL: SNR = 60.00 dB | SE = 19.633 bit/s/Hz
[15083 ms] [UE 47098] UL: SNR = 55.50 dB | SE = 18.160 bit/s/Hz
[15083 ms] [UE 59499] UL: SNR = 53.50 dB | SE = 17.506 bit/s/Hz
[15083 ms] [UE 12524] UL: SNR = 56.50 dB | SE = 18.487 bit/s/Hz
[15107 ms] [UE 14608] UL: SNR = 63.50 dB | SE = 20.778 bit/s/Hz
[15107 ms] [UE 54487] UL: SNR = 63.50 dB | SE = 20.778 bit/s/Hz
[15107 ms] [UE 2959] UL: SNR = 34.00 dB | SE = 11.126 bit/s/Hz
[15107 ms] [UE 14350] UL: SNR = 63.50 dB | SE = 20.778 bit/s/Hz
[15107 ms] [UE 37624] UL: SNR = 63.50 dB | SE = 20.778 bit/s/Hz
[15107 ms] [UE 18432] UL: SNR = 63.50 dB | SE = 20.778 bit/s/Hz
[15107 ms] [UE 55143] UL: SNR = 63.50 dB | SE = 20.778 bit/s/Hz
[15107 ms] [UE 55862] UL: SNR = 63.50 dB | SE = 20.778 bit/s/Hz
[15107 ms] [UE 62817] UL: SNR = 52.00 dB | SE = 17.015 bit/s/Hz
[15107 ms] [UE 5257] UL: SNR = 63.50 dB | SE = 20.778 bit/s/Hz
[16093 ms] [UE 54141] UL: SNR = 63.50 dB | SE = 20.778 bit/s/Hz
[16093 ms] [UE 14002] UL: SNR = 53.50 dB | SE = 17.506 bit/s/Hz
[16093 ms] [UE 55839] UL: SNR = 56.50 dB | SE = 18.487 bit/s/Hz
[16093 ms] [UE 47098] UL: SNR = 51.50 dB | SE = 16.851 bit/s/Hz
[16093 ms] [UE 59499] UL: SNR = 53.50 dB | SE = 17.506 bit/s/Hz
[16093 ms] [UE 12524] UL: SNR = 56.50 dB | SE = 18.487 bit/s/Hz
[16107 ms] [UE 14608] UL: SNR = 63.50 dB | SE = 20.778 bit/s/Hz
[16107 ms] [UE 54487] UL: SNR = 63.50 dB | SE = 20.778 bit/s/Hz
[16107 ms] [UE 2959] UL: SNR = 34.00 dB | SE = 11.126 bit/s/Hz
[16107 ms] [UE 14350] UL: SNR = 63.50 dB | SE = 20.778 bit/s/Hz
[16107 ms] [UE 37624] UL: SNR = 63.50 dB | SE = 20.778 bit/s/Hz
[16107 ms] [UE 18432] UL: SNR = 63.50 dB | SE = 20.778 bit/s/Hz
[16107 ms] [UE 55143] UL: SNR = 63.50 dB | SE = 20.778 bit/s/Hz
[16107 ms] [UE 55862] UL: SNR = 63.50 dB | SE = 20.778 bit/s/Hz
[16107 ms] [UE 62817] UL: SNR = 52.00 dB | SE = 17.015 bit/s/Hz
[16107 ms] [UE 5257] UL: SNR = 63.50 dB | SE = 20.778 bit/s/Hz
[17094 ms] [UE 54141] UL: SNR = 63.50 dB | SE = 20.778 bit/s/Hz
[17094 ms] [UE 14002] UL: SNR = 53.50 dB | SE = 17.506 bit/s/Hz
[17094 ms] [UE 55839] UL: SNR = 56.50 dB | SE = 18.487 bit/s/Hz
[17094 ms] [UE 47098] UL: SNR = 51.50 dB | SE = 16.851 bit/s/Hz
[17094 ms] [UE 59499] UL: SNR = 53.50 dB | SE = 17.506 bit/s/Hz
[17094 ms] [UE 12524] UL: SNR = 56.50 dB | SE = 18.487 bit/s/Hz
[17116 ms] [UE 14608] UL: SNR = 63.50 dB | SE = 20.778 bit/s/Hz
[17116 ms] [UE 54487] UL: SNR = 63.50 dB | SE = 20.778 bit/s/Hz
[17116 ms] [UE 2959] UL: SNR = 34.00 dB | SE = 11.126 bit/s/Hz
[17116 ms] [UE 14350] UL: SNR = 63.50 dB | SE = 20.778 bit/s/Hz
[17116 ms] [UE 37624] UL: SNR = 63.50 dB | SE = 20.778 bit/s/Hz
[17116 ms] [UE 18432] UL: SNR = 63.50 dB | SE = 20.778 bit/s/Hz
[17116 ms] [UE 55143] UL: SNR = 63.50 dB | SE = 20.778 bit/s/Hz
[17116 ms] [UE 55862] UL: SNR = 63.50 dB | SE = 20.778 bit/s/Hz
[17116 ms] [UE 62817] UL: SNR = 52.00 dB | SE = 17.015 bit/s/Hz
[17116 ms] [UE 5257] UL: SNR = 63.50 dB | SE = 20.778 bit/s/Hz
[18094 ms] [UE 54141] UL: SNR = 63.50 dB | SE = 20.778 bit/s/Hz
[18094 ms] [UE 14002] UL: SNR = 53.50 dB | SE = 17.506 bit/s/Hz
[18094 ms] [UE 55839] UL: SNR = 56.50 dB | SE = 18.487 bit/s/Hz
[18094 ms] [UE 47098] UL: SNR = 51.50 dB | SE = 16.851 bit/s/Hz
[18094 ms] [UE 59499] UL: SNR = 53.50 dB | SE = 17.506 bit/s/Hz
[18094 ms] [UE 12524] UL: SNR = 56.50 dB | SE = 18.487 bit/s/Hz
[18117 ms] [UE 14608] UL: SNR = 63.50 dB | SE = 20.778 bit/s/Hz
[18117 ms] [UE 54487] UL: SNR = 63.50 dB | SE = 20.778 bit/s/Hz
[18117 ms] [UE 2959] UL: SNR = 34.00 dB | SE = 11.126 bit/s/Hz
[18117 ms] [UE 14350] UL: SNR = 63.50 dB | SE = 20.778 bit/s/Hz
[18117 ms] [UE 37624] UL: SNR = 63.50 dB | SE = 20.778 bit/s/Hz
[18117 ms] [UE 18432] UL: SNR = 63.50 dB | SE = 20.778 bit/s/Hz
[18117 ms] [UE 55143] UL: SNR = 63.50 dB | SE = 20.778 bit/s/Hz
[18117 ms] [UE 55862] UL: SNR = 63.50 dB | SE = 20.778 bit/s/Hz
[18117 ms] [UE 62817] UL: SNR = 52.00 dB | SE = 17.015 bit/s/Hz
[18117 ms] [UE 5257] UL: SNR = 63.50 dB | SE = 20.778 bit/s/Hz
[19105 ms] [UE 54141] UL: SNR = 63.50 dB | SE = 20.778 bit/s/Hz
[19105 ms] [UE 14002] UL: SNR = 53.50 dB | SE = 17.506 bit/s/Hz
[19105 ms] [UE 55839] UL: SNR = 56.50 dB | SE = 18.487 bit/s/Hz
[19105 ms] [UE 47098] UL: SNR = 51.50 dB | SE = 16.851 bit/s/Hz
[19105 ms] [UE 59499] UL: SNR = 53.50 dB | SE = 17.506 bit/s/Hz
[19105 ms] [UE 12524] UL: SNR = 56.50 dB | SE = 18.487 bit/s/Hz
[19126 ms] [UE 14608] UL: SNR = 63.50 dB | SE = 20.778 bit/s/Hz
[19126 ms] [UE 54487] UL: SNR = 63.50 dB | SE = 20.778 bit/s/Hz
[19126 ms] [UE 2959] UL: SNR = 34.00 dB | SE = 11.126 bit/s/Hz
[19126 ms] [UE 14350] UL: SNR = 63.50 dB | SE = 20.778 bit/s/Hz
[19126 ms] [UE 37624] UL: SNR = 63.50 dB | SE = 20.778 bit/s/Hz
[19126 ms] [UE 18432] UL: SNR = 63.50 dB | SE = 20.778 bit/s/Hz
[19126 ms] [UE 55143] UL: SNR = 63.50 dB | SE = 20.778 bit/s/Hz
[19126 ms] [UE 55862] UL: SNR = 63.50 dB | SE = 20.778 bit/s/Hz
[19126 ms] [UE 62817] UL: SNR = 52.00 dB | SE = 17.015 bit/s/Hz
[19126 ms] [UE 5257] UL: SNR = 63.50 dB | SE = 20.778 bit/s/Hz
[20113 ms] [UE 54141] UL: SNR = 63.50 dB | SE = 20.778 bit/s/Hz
[20113 ms] [UE 14002] UL: SNR = 53.50 dB | SE = 17.506 bit/s/Hz
[20113 ms] [UE 55839] UL: SNR = 56.50 dB | SE = 18.487 bit/s/Hz
[20113 ms] [UE 47098] UL: SNR = 51.50 dB | SE = 16.851 bit/s/Hz
[20113 ms] [UE 59499] UL: SNR = 53.50 dB | SE = 17.506 bit/s/Hz
[20113 ms] [UE 12524] UL: SNR = 56.50 dB | SE = 18.487 bit/s/Hz
[20126 ms] [UE 14608] UL: SNR = 63.50 dB | SE = 20.778 bit/s/Hz
[20126 ms] [UE 54487] UL: SNR = 63.50 dB | SE = 20.778 bit/s/Hz
[20126 ms] [UE 2959] UL: SNR = 34.00 dB | SE = 11.126 bit/s/Hz
[20126 ms] [UE 14350] UL: SNR = 63.50 dB | SE = 20.778 bit/s/Hz
[20126 ms] [UE 37624] UL: SNR = 63.50 dB | SE = 20.778 bit/s/Hz
[20126 ms] [UE 18432] UL: SNR = 63.50 dB | SE = 20.778 bit/s/Hz
[20126 ms] [UE 55143] UL: SNR = 63.50 dB | SE = 20.778 bit/s/Hz
[20126 ms] [UE 55862] UL: SNR = 63.50 dB | SE = 20.778 bit/s/Hz
[20126 ms] [UE 62817] UL: SNR = 52.00 dB | SE = 17.015 bit/s/Hz
[20126 ms] [UE 5257] UL: SNR = 63.50 dB | SE = 20.778 bit/s/Hz
[21114 ms] [UE 54141] UL: SNR = 63.50 dB | SE = 20.778 bit/s/Hz
[21114 ms] [UE 14002] UL: SNR = 53.00 dB | SE = 17.342 bit/s/Hz
[21114 ms] [UE 55839] UL: SNR = 53.50 dB | SE = 17.506 bit/s/Hz
[21114 ms] [UE 47098] UL: SNR = 51.50 dB | SE = 16.851 bit/s/Hz
[21114 ms] [UE 59499] UL: SNR = 53.50 dB | SE = 17.506 bit/s/Hz
[21114 ms] [UE 12524] UL: SNR = 56.50 dB | SE = 18.487 bit/s/Hz
[21126 ms] [UE 14608] UL: SNR = 63.50 dB | SE = 20.778 bit/s/Hz
[21126 ms] [UE 54487] UL: SNR = 63.50 dB | SE = 20.778 bit/s/Hz
[21126 ms] [UE 2959] UL: SNR = 34.00 dB | SE = 11.126 bit/s/Hz
[21126 ms] [UE 14350] UL: SNR = 63.50 dB | SE = 20.778 bit/s/Hz
[21126 ms] [UE 37624] UL: SNR = 63.50 dB | SE = 20.778 bit/s/Hz
[21126 ms] [UE 18432] UL: SNR = 63.50 dB | SE = 20.778 bit/s/Hz
[21126 ms] [UE 55143] UL: SNR = 63.50 dB | SE = 20.778 bit/s/Hz
[21126 ms] [UE 55862] UL: SNR = 63.50 dB | SE = 20.778 bit/s/Hz
[21126 ms] [UE 62817] UL: SNR = 52.00 dB | SE = 17.015 bit/s/Hz
[21126 ms] [UE 5257] UL: SNR = 63.50 dB | SE = 20.778 bit/s/Hz
[22123 ms] [UE 54141] UL: SNR = 63.50 dB | SE = 20.778 bit/s/Hz
[22123 ms] [UE 14002] UL: SNR = 53.00 dB | SE = 17.342 bit/s/Hz
[22123 ms] [UE 55839] UL: SNR = 53.50 dB | SE = 17.506 bit/s/Hz
[22123 ms] [UE 47098] UL: SNR = 51.50 dB | SE = 16.851 bit/s/Hz
[22123 ms] [UE 59499] UL: SNR = 53.50 dB | SE = 17.506 bit/s/Hz
[22123 ms] [UE 12524] UL: SNR = 56.50 dB | SE = 18.487 bit/s/Hz
[22129 ms] [UE 14608] UL: SNR = 63.50 dB | SE = 20.778 bit/s/Hz
[22129 ms] [UE 54487] UL: SNR = 63.50 dB | SE = 20.778 bit/s/Hz
[22129 ms] [UE 2959] UL: SNR = 34.00 dB | SE = 11.126 bit/s/Hz
[22129 ms] [UE 14350] UL: SNR = 63.50 dB | SE = 20.778 bit/s/Hz
[22129 ms] [UE 37624] UL: SNR = 63.50 dB | SE = 20.778 bit/s/Hz
[22129 ms] [UE 18432] UL: SNR = 63.50 dB | SE = 20.778 bit/s/Hz
[22129 ms] [UE 55143] UL: SNR = 63.50 dB | SE = 20.778 bit/s/Hz
[22129 ms] [UE 55862] UL: SNR = 63.50 dB | SE = 20.778 bit/s/Hz
[22129 ms] [UE 62817] UL: SNR = 52.00 dB | SE = 17.015 bit/s/Hz
[22129 ms] [UE 5257] UL: SNR = 63.50 dB | SE = 20.778 bit/s/Hz
[23124 ms] [UE 54141] UL: SNR = 63.50 dB | SE = 20.778 bit/s/Hz
[23124 ms] [UE 14002] UL: SNR = 53.00 dB | SE = 17.342 bit/s/Hz
[23124 ms] [UE 55839] UL: SNR = 56.00 dB | SE = 18.324 bit/s/Hz
[23124 ms] [UE 47098] UL: SNR = 51.00 dB | SE = 16.688 bit/s/Hz
[23124 ms] [UE 59499] UL: SNR = 53.50 dB | SE = 17.506 bit/s/Hz
[23124 ms] [UE 12524] UL: SNR = 56.50 dB | SE = 18.487 bit/s/Hz
[23137 ms] [UE 14608] UL: SNR = 63.50 dB | SE = 20.778 bit/s/Hz
[23137 ms] [UE 54487] UL: SNR = 63.50 dB | SE = 20.778 bit/s/Hz
[23137 ms] [UE 2959] UL: SNR = 34.00 dB | SE = 11.126 bit/s/Hz
[23137 ms] [UE 14350] UL: SNR = 63.50 dB | SE = 20.778 bit/s/Hz
[23137 ms] [UE 37624] UL: SNR = 63.50 dB | SE = 20.778 bit/s/Hz
[23137 ms] [UE 18432] UL: SNR = 63.50 dB | SE = 20.778 bit/s/Hz
[23137 ms] [UE 55143] UL: SNR = 63.50 dB | SE = 20.778 bit/s/Hz
[23137 ms] [UE 55862] UL: SNR = 63.50 dB | SE = 20.778 bit/s/Hz
[23137 ms] [UE 62817] UL: SNR = 52.00 dB | SE = 17.015 bit/s/Hz
[23137 ms] [UE 5257] UL: SNR = 63.50 dB | SE = 20.778 bit/s/Hz
[24124 ms] [UE 54141] UL: SNR = 63.50 dB | SE = 20.778 bit/s/Hz
[24124 ms] [UE 14002] UL: SNR = 53.00 dB | SE = 17.342 bit/s/Hz
[24124 ms] [UE 55839] UL: SNR = 56.00 dB | SE = 18.324 bit/s/Hz
[24124 ms] [UE 47098] UL: SNR = 51.00 dB | SE = 16.688 bit/s/Hz
[24124 ms] [UE 59499] UL: SNR = 53.50 dB | SE = 17.506 bit/s/Hz
[24124 ms] [UE 12524] UL: SNR = 56.50 dB | SE = 18.487 bit/s/Hz
[24146 ms] [UE 14608] UL: SNR = 63.50 dB | SE = 20.778 bit/s/Hz
[24146 ms] [UE 54487] UL: SNR = 63.50 dB | SE = 20.778 bit/s/Hz
[24146 ms] [UE 2959] UL: SNR = 34.00 dB | SE = 11.126 bit/s/Hz
[24146 ms] [UE 14350] UL: SNR = 63.50 dB | SE = 20.778 bit/s/Hz
[24146 ms] [UE 37624] UL: SNR = 63.50 dB | SE = 20.778 bit/s/Hz
[24146 ms] [UE 18432] UL: SNR = 63.50 dB | SE = 20.778 bit/s/Hz
[24146 ms] [UE 55143] UL: SNR = 63.50 dB | SE = 20.778 bit/s/Hz
[24146 ms] [UE 55862] UL: SNR = 63.50 dB | SE = 20.778 bit/s/Hz
[24146 ms] [UE 62817] UL: SNR = 52.00 dB | SE = 17.015 bit/s/Hz
[24146 ms] [UE 5257] UL: SNR = 63.50 dB | SE = 20.778 bit/s/Hz
[25133 ms] [UE 54141] UL: SNR = 63.50 dB | SE = 20.778 bit/s/Hz
[25133 ms] [UE 14002] UL: SNR = 53.00 dB | SE = 17.342 bit/s/Hz
[25133 ms] [UE 55839] UL: SNR = 56.00 dB | SE = 18.324 bit/s/Hz
[25133 ms] [UE 47098] UL: SNR = 51.00 dB | SE = 16.688 bit/s/Hz
[25133 ms] [UE 59499] UL: SNR = 53.50 dB | SE = 17.506 bit/s/Hz
[25133 ms] [UE 12524] UL: SNR = 56.50 dB | SE = 18.487 bit/s/Hz
[25156 ms] [UE 14608] UL: SNR = 63.50 dB | SE = 20.778 bit/s/Hz
[25156 ms] [UE 54487] UL: SNR = 63.50 dB | SE = 20.778 bit/s/Hz
[25156 ms] [UE 2959] UL: SNR = 34.00 dB | SE = 11.126 bit/s/Hz
[25156 ms] [UE 14350] UL: SNR = 63.50 dB | SE = 20.778 bit/s/Hz
[25156 ms] [UE 37624] UL: SNR = 63.50 dB | SE = 20.778 bit/s/Hz
[25156 ms] [UE 18432] UL: SNR = 63.50 dB | SE = 20.778 bit/s/Hz
[25156 ms] [UE 55143] UL: SNR = 63.50 dB | SE = 20.778 bit/s/Hz
[25156 ms] [UE 55862] UL: SNR = 63.50 dB | SE = 20.778 bit/s/Hz
[25156 ms] [UE 62817] UL: SNR = 52.00 dB | SE = 17.015 bit/s/Hz
[25156 ms] [UE 5257] UL: SNR = 63.50 dB | SE = 20.778 bit/s/Hz
[26144 ms] [UE 54141] UL: SNR = 63.50 dB | SE = 20.778 bit/s/Hz
[26144 ms] [UE 14002] UL: SNR = 53.00 dB | SE = 17.342 bit/s/Hz
[26144 ms] [UE 55839] UL: SNR = 56.00 dB | SE = 18.324 bit/s/Hz
[26144 ms] [UE 47098] UL: SNR = 51.00 dB | SE = 16.688 bit/s/Hz
[26144 ms] [UE 59499] UL: SNR = 53.50 dB | SE = 17.506 bit/s/Hz
[26144 ms] [UE 12524] UL: SNR = 56.50 dB | SE = 18.487 bit/s/Hz
[26157 ms] [UE 14608] UL: SNR = 63.50 dB | SE = 20.778 bit/s/Hz
[26157 ms] [UE 54487] UL: SNR = 63.50 dB | SE = 20.778 bit/s/Hz
[26157 ms] [UE 2959] UL: SNR = 34.00 dB | SE = 11.126 bit/s/Hz
[26157 ms] [UE 14350] UL: SNR = 63.50 dB | SE = 20.778 bit/s/Hz
[26157 ms] [UE 37624] UL: SNR = 63.50 dB | SE = 20.778 bit/s/Hz
[26157 ms] [UE 18432] UL: SNR = 63.50 dB | SE = 20.778 bit/s/Hz
[26157 ms] [UE 55143] UL: SNR = 63.50 dB | SE = 20.778 bit/s/Hz
[26157 ms] [UE 55862] UL: SNR = 63.50 dB | SE = 20.778 bit/s/Hz
[26157 ms] [UE 62817] UL: SNR = 52.00 dB | SE = 17.015 bit/s/Hz
[26157 ms] [UE 5257] UL: SNR = 63.50 dB | SE = 20.778 bit/s/Hz
[27153 ms] [UE 54141] UL: SNR = 63.50 dB | SE = 20.778 bit/s/Hz
[27153 ms] [UE 14002] UL: SNR = 53.00 dB | SE = 17.342 bit/s/Hz
[27153 ms] [UE 55839] UL: SNR = 56.00 dB | SE = 18.324 bit/s/Hz
[27153 ms] [UE 47098] UL: SNR = 51.00 dB | SE = 16.688 bit/s/Hz
[27153 ms] [UE 59499] UL: SNR = 53.50 dB | SE = 17.506 bit/s/Hz
[27153 ms] [UE 12524] UL: SNR = 56.50 dB | SE = 18.487 bit/s/Hz
[27166 ms] [UE 14608] UL: SNR = 63.50 dB | SE = 20.778 bit/s/Hz
[27166 ms] [UE 54487] UL: SNR = 63.50 dB | SE = 20.778 bit/s/Hz
[27166 ms] [UE 2959] UL: SNR = 34.00 dB | SE = 11.126 bit/s/Hz
[27166 ms] [UE 14350] UL: SNR = 63.50 dB | SE = 20.778 bit/s/Hz
[27166 ms] [UE 37624] UL: SNR = 63.50 dB | SE = 20.778 bit/s/Hz
[27166 ms] [UE 18432] UL: SNR = 63.50 dB | SE = 20.778 bit/s/Hz
[27166 ms] [UE 55143] UL: SNR = 63.50 dB | SE = 20.778 bit/s/Hz
[27166 ms] [UE 55862] UL: SNR = 63.50 dB | SE = 20.778 bit/s/Hz
[27166 ms] [UE 62817] UL: SNR = 52.00 dB | SE = 17.015 bit/s/Hz
[27166 ms] [UE 5257] UL: SNR = 63.50 dB | SE = 20.778 bit/s/Hz
[28154 ms] [UE 54141] UL: SNR = 63.50 dB | SE = 20.778 bit/s/Hz
[28154 ms] [UE 14002] UL: SNR = 53.00 dB | SE = 17.342 bit/s/Hz
[28154 ms] [UE 55839] UL: SNR = 56.00 dB | SE = 18.324 bit/s/Hz
[28154 ms] [UE 47098] UL: SNR = 51.00 dB | SE = 16.688 bit/s/Hz
[28154 ms] [UE 59499] UL: SNR = 53.50 dB | SE = 17.506 bit/s/Hz
[28154 ms] [UE 12524] UL: SNR = 56.50 dB | SE = 18.487 bit/s/Hz
[28166 ms] [UE 14608] UL: SNR = 63.50 dB | SE = 20.778 bit/s/Hz
[28166 ms] [UE 54487] UL: SNR = 63.50 dB | SE = 20.778 bit/s/Hz
[28166 ms] [UE 2959] UL: SNR = 34.00 dB | SE = 11.126 bit/s/Hz
[28166 ms] [UE 14350] UL: SNR = 63.50 dB | SE = 20.778 bit/s/Hz
[28166 ms] [UE 37624] UL: SNR = 63.50 dB | SE = 20.778 bit/s/Hz
[28166 ms] [UE 18432] UL: SNR = 63.50 dB | SE = 20.778 bit/s/Hz
[28166 ms] [UE 55143] UL: SNR = 63.50 dB | SE = 20.778 bit/s/Hz
[28166 ms] [UE 55862] UL: SNR = 63.50 dB | SE = 20.778 bit/s/Hz
[28166 ms] [UE 62817] UL: SNR = 52.00 dB | SE = 17.015 bit/s/Hz
[28166 ms] [UE 5257] UL: SNR = 63.50 dB | SE = 20.778 bit/s/Hz
[29163 ms] [UE 54141] UL: SNR = 63.50 dB | SE = 20.778 bit/s/Hz
[29163 ms] [UE 14002] UL: SNR = 59.00 dB | SE = 19.305 bit/s/Hz
[29163 ms] [UE 55839] UL: SNR = 60.00 dB | SE = 19.633 bit/s/Hz
[29163 ms] [UE 47098] UL: SNR = 51.00 dB | SE = 16.688 bit/s/Hz
[29163 ms] [UE 59499] UL: SNR = 53.50 dB | SE = 17.506 bit/s/Hz
[29163 ms] [UE 12524] UL: SNR = 56.50 dB | SE = 18.487 bit/s/Hz
[29176 ms] [UE 14608] UL: SNR = 63.50 dB | SE = 20.778 bit/s/Hz
[29176 ms] [UE 54487] UL: SNR = 63.50 dB | SE = 20.778 bit/s/Hz
[29176 ms] [UE 2959] UL: SNR = 34.00 dB | SE = 11.126 bit/s/Hz
[29176 ms] [UE 14350] UL: SNR = 63.50 dB | SE = 20.778 bit/s/Hz
[29176 ms] [UE 37624] UL: SNR = 63.50 dB | SE = 20.778 bit/s/Hz
[29176 ms] [UE 18432] UL: SNR = 63.50 dB | SE = 20.778 bit/s/Hz
[29176 ms] [UE 55143] UL: SNR = 63.50 dB | SE = 20.778 bit/s/Hz
[29176 ms] [UE 55862] UL: SNR = 63.50 dB | SE = 20.778 bit/s/Hz
[29176 ms] [UE 62817] UL: SNR = 52.00 dB | SE = 17.015 bit/s/Hz
[29176 ms] [UE 5257] UL: SNR = 63.50 dB | SE = 20.778 bit/s/Hz
[30164 ms] [UE 54141] UL: SNR = 63.50 dB | SE = 20.778 bit/s/Hz
[30164 ms] [UE 14002] UL: SNR = 53.50 dB | SE = 17.506 bit/s/Hz
[30164 ms] [UE 55839] UL: SNR = 56.50 dB | SE = 18.487 bit/s/Hz
[30164 ms] [UE 47098] UL: SNR = 51.50 dB | SE = 16.851 bit/s/Hz
[30164 ms] [UE 59499] UL: SNR = 53.50 dB | SE = 17.506 bit/s/Hz
[30164 ms] [UE 12524] UL: SNR = 56.50 dB | SE = 18.487 bit/s/Hz
[30186 ms] [UE 14608] UL: SNR = 63.50 dB | SE = 20.778 bit/s/Hz
[30186 ms] [UE 54487] UL: SNR = 63.50 dB | SE = 20.778 bit/s/Hz
[30186 ms] [UE 2959] UL: SNR = 34.00 dB | SE = 11.126 bit/s/Hz
[30186 ms] [UE 14350] UL: SNR = 63.50 dB | SE = 20.778 bit/s/Hz
[30186 ms] [UE 37624] UL: SNR = 63.50 dB | SE = 20.778 bit/s/Hz
[30186 ms] [UE 18432] UL: SNR = 63.50 dB | SE = 20.778 bit/s/Hz
[30186 ms] [UE 55143] UL: SNR = 63.50 dB | SE = 20.778 bit/s/Hz
[30186 ms] [UE 55862] UL: SNR = 63.50 dB | SE = 20.778 bit/s/Hz
[30186 ms] [UE 62817] UL: SNR = 52.00 dB | SE = 17.015 bit/s/Hz
[30186 ms] [UE 5257] UL: SNR = 63.50 dB | SE = 20.778 bit/s/Hz
[31174 ms] [UE 54141] UL: SNR = 63.50 dB | SE = 20.778 bit/s/Hz
[31174 ms] [UE 14002] UL: SNR = 53.50 dB | SE = 17.506 bit/s/Hz
[31174 ms] [UE 55839] UL: SNR = 56.50 dB | SE = 18.487 bit/s/Hz
[31174 ms] [UE 47098] UL: SNR = 51.50 dB | SE = 16.851 bit/s/Hz
[31174 ms] [UE 59499] UL: SNR = 53.50 dB | SE = 17.506 bit/s/Hz
[31174 ms] [UE 12524] UL: SNR = 56.50 dB | SE = 18.487 bit/s/Hz
[31186 ms] [UE 14608] UL: SNR = 63.50 dB | SE = 20.778 bit/s/Hz
[31186 ms] [UE 54487] UL: SNR = 63.50 dB | SE = 20.778 bit/s/Hz
[31186 ms] [UE 2959] UL: SNR = 34.00 dB | SE = 11.126 bit/s/Hz
[31186 ms] [UE 14350] UL: SNR = 63.50 dB | SE = 20.778 bit/s/Hz
[31186 ms] [UE 37624] UL: SNR = 63.50 dB | SE = 20.778 bit/s/Hz
[31186 ms] [UE 18432] UL: SNR = 63.50 dB | SE = 20.778 bit/s/Hz
[31186 ms] [UE 55143] UL: SNR = 63.50 dB | SE = 20.778 bit/s/Hz
[31186 ms] [UE 55862] UL: SNR = 63.50 dB | SE = 20.778 bit/s/Hz
[31186 ms] [UE 62817] UL: SNR = 52.00 dB | SE = 17.015 bit/s/Hz
[31186 ms] [UE 5257] UL: SNR = 63.50 dB | SE = 20.778 bit/s/Hz
[32174 ms] [UE 54141] UL: SNR = 63.50 dB | SE = 20.778 bit/s/Hz
[32174 ms] [UE 14002] UL: SNR = 53.50 dB | SE = 17.506 bit/s/Hz
[32174 ms] [UE 55839] UL: SNR = 56.50 dB | SE = 18.487 bit/s/Hz
[32174 ms] [UE 47098] UL: SNR = 51.50 dB | SE = 16.851 bit/s/Hz
[32174 ms] [UE 59499] UL: SNR = 53.50 dB | SE = 17.506 bit/s/Hz
[32174 ms] [UE 12524] UL: SNR = 56.50 dB | SE = 18.487 bit/s/Hz
[32196 ms] [UE 14608] UL: SNR = 63.50 dB | SE = 20.778 bit/s/Hz
[32196 ms] [UE 54487] UL: SNR = 63.50 dB | SE = 20.778 bit/s/Hz
[32196 ms] [UE 2959] UL: SNR = 34.00 dB | SE = 11.126 bit/s/Hz
[32196 ms] [UE 14350] UL: SNR = 63.50 dB | SE = 20.778 bit/s/Hz
[32196 ms] [UE 37624] UL: SNR = 63.50 dB | SE = 20.778 bit/s/Hz
[32196 ms] [UE 18432] UL: SNR = 63.50 dB | SE = 20.778 bit/s/Hz
[32196 ms] [UE 55143] UL: SNR = 63.50 dB | SE = 20.778 bit/s/Hz
[32196 ms] [UE 55862] UL: SNR = 63.50 dB | SE = 20.778 bit/s/Hz
[32196 ms] [UE 62817] UL: SNR = 52.00 dB | SE = 17.015 bit/s/Hz
[32196 ms] [UE 5257] UL: SNR = 63.50 dB | SE = 20.778 bit/s/Hz
[33183 ms] [UE 54141] UL: SNR = 63.50 dB | SE = 20.778 bit/s/Hz
[33183 ms] [UE 14002] UL: SNR = 53.50 dB | SE = 17.506 bit/s/Hz
[33183 ms] [UE 55839] UL: SNR = 63.50 dB | SE = 20.778 bit/s/Hz
[33183 ms] [UE 47098] UL: SNR = 63.50 dB | SE = 20.778 bit/s/Hz
[33183 ms] [UE 59499] UL: SNR = 63.50 dB | SE = 20.778 bit/s/Hz
[33183 ms] [UE 12524] UL: SNR = 56.50 dB | SE = 18.487 bit/s/Hz
[33196 ms] [UE 14608] UL: SNR = 63.50 dB | SE = 20.778 bit/s/Hz
[33196 ms] [UE 54487] UL: SNR = 63.50 dB | SE = 20.778 bit/s/Hz
[33196 ms] [UE 2959] UL: SNR = 34.00 dB | SE = 11.126 bit/s/Hz
[33196 ms] [UE 14350] UL: SNR = 63.50 dB | SE = 20.778 bit/s/Hz
[33196 ms] [UE 37624] UL: SNR = 63.50 dB | SE = 20.778 bit/s/Hz
[33196 ms] [UE 18432] UL: SNR = 63.50 dB | SE = 20.778 bit/s/Hz
[33196 ms] [UE 55143] UL: SNR = 63.50 dB | SE = 20.778 bit/s/Hz
[33196 ms] [UE 55862] UL: SNR = 63.50 dB | SE = 20.778 bit/s/Hz
[33196 ms] [UE 62817] UL: SNR = 52.00 dB | SE = 17.015 bit/s/Hz
[33196 ms] [UE 5257] UL: SNR = 63.50 dB | SE = 20.778 bit/s/Hz
[34184 ms] [UE 54141] UL: SNR = 63.50 dB | SE = 20.778 bit/s/Hz
[34184 ms] [UE 14002] UL: SNR = 53.50 dB | SE = 17.506 bit/s/Hz
[34184 ms] [UE 55839] UL: SNR = 63.50 dB | SE = 20.778 bit/s/Hz
[34184 ms] [UE 47098] UL: SNR = 63.50 dB | SE = 20.778 bit/s/Hz
[34184 ms] [UE 59499] UL: SNR = 63.50 dB | SE = 20.778 bit/s/Hz
[34184 ms] [UE 12524] UL: SNR = 56.50 dB | SE = 18.487 bit/s/Hz
[34196 ms] [UE 14608] UL: SNR = 63.50 dB | SE = 20.778 bit/s/Hz
[34196 ms] [UE 54487] UL: SNR = 63.50 dB | SE = 20.778 bit/s/Hz
[34196 ms] [UE 2959] UL: SNR = 34.00 dB | SE = 11.126 bit/s/Hz
[34196 ms] [UE 14350] UL: SNR = 63.50 dB | SE = 20.778 bit/s/Hz
[34196 ms] [UE 37624] UL: SNR = 63.50 dB | SE = 20.778 bit/s/Hz
[34196 ms] [UE 18432] UL: SNR = 63.50 dB | SE = 20.778 bit/s/Hz
[34196 ms] [UE 55143] UL: SNR = 63.50 dB | SE = 20.778 bit/s/Hz
[34196 ms] [UE 55862] UL: SNR = 63.50 dB | SE = 20.778 bit/s/Hz
[34196 ms] [UE 62817] UL: SNR = 52.00 dB | SE = 17.015 bit/s/Hz
[34196 ms] [UE 5257] UL: SNR = 63.50 dB | SE = 20.778 bit/s/Hz
[35194 ms] [UE 54141] UL: SNR = 63.50 dB | SE = 20.778 bit/s/Hz
[35194 ms] [UE 14002] UL: SNR = 53.50 dB | SE = 17.506 bit/s/Hz
[35194 ms] [UE 55839] UL: SNR = 63.50 dB | SE = 20.778 bit/s/Hz
[35194 ms] [UE 47098] UL: SNR = 63.50 dB | SE = 20.778 bit/s/Hz
[35194 ms] [UE 59499] UL: SNR = 63.50 dB | SE = 20.778 bit/s/Hz
[35194 ms] [UE 12524] UL: SNR = 56.50 dB | SE = 18.487 bit/s/Hz
[35206 ms] [UE 14608] UL: SNR = 63.50 dB | SE = 20.778 bit/s/Hz
[35206 ms] [UE 54487] UL: SNR = 63.50 dB | SE = 20.778 bit/s/Hz
[35206 ms] [UE 2959] UL: SNR = 34.00 dB | SE = 11.126 bit/s/Hz
[35206 ms] [UE 14350] UL: SNR = 63.50 dB | SE = 20.778 bit/s/Hz
[35206 ms] [UE 37624] UL: SNR = 63.50 dB | SE = 20.778 bit/s/Hz
[35206 ms] [UE 18432] UL: SNR = 63.50 dB | SE = 20.778 bit/s/Hz
[35206 ms] [UE 55143] UL: SNR = 63.50 dB | SE = 20.778 bit/s/Hz
[35206 ms] [UE 55862] UL: SNR = 63.50 dB | SE = 20.778 bit/s/Hz
[35206 ms] [UE 62817] UL: SNR = 52.00 dB | SE = 17.015 bit/s/Hz
[35206 ms] [UE 5257] UL: SNR = 63.50 dB | SE = 20.778 bit/s/Hz
[36195 ms] [UE 54141] UL: SNR = 63.50 dB | SE = 20.778 bit/s/Hz
[36195 ms] [UE 14002] UL: SNR = 59.00 dB | SE = 19.305 bit/s/Hz
[36195 ms] [UE 55839] UL: SNR = 60.00 dB | SE = 19.633 bit/s/Hz
[36195 ms] [UE 47098] UL: SNR = 63.50 dB | SE = 20.778 bit/s/Hz
[36195 ms] [UE 59499] UL: SNR = 53.50 dB | SE = 17.506 bit/s/Hz
[36195 ms] [UE 12524] UL: SNR = 56.50 dB | SE = 18.487 bit/s/Hz
[36216 ms] [UE 14608] UL: SNR = 63.50 dB | SE = 20.778 bit/s/Hz
[36216 ms] [UE 54487] UL: SNR = 63.50 dB | SE = 20.778 bit/s/Hz
[36216 ms] [UE 2959] UL: SNR = 34.00 dB | SE = 11.126 bit/s/Hz
[36216 ms] [UE 14350] UL: SNR = 63.50 dB | SE = 20.778 bit/s/Hz
[36216 ms] [UE 37624] UL: SNR = 63.50 dB | SE = 20.778 bit/s/Hz
[36216 ms] [UE 18432] UL: SNR = 63.50 dB | SE = 20.778 bit/s/Hz
[36216 ms] [UE 55143] UL: SNR = 63.50 dB | SE = 20.778 bit/s/Hz
[36216 ms] [UE 55862] UL: SNR = 63.50 dB | SE = 20.778 bit/s/Hz
[36216 ms] [UE 62817] UL: SNR = 52.00 dB | SE = 17.015 bit/s/Hz
[36216 ms] [UE 5257] UL: SNR = 63.50 dB | SE = 20.778 bit/s/Hz
[37204 ms] [UE 54141] UL: SNR = 63.50 dB | SE = 20.778 bit/s/Hz
[37204 ms] [UE 14002] UL: SNR = 59.00 dB | SE = 19.305 bit/s/Hz
[37204 ms] [UE 55839] UL: SNR = 60.00 dB | SE = 19.633 bit/s/Hz
[37204 ms] [UE 47098] UL: SNR = 55.50 dB | SE = 18.160 bit/s/Hz
[37204 ms] [UE 59499] UL: SNR = 53.50 dB | SE = 17.506 bit/s/Hz
[37204 ms] [UE 12524] UL: SNR = 56.50 dB | SE = 18.487 bit/s/Hz
[37216 ms] [UE 14608] UL: SNR = 63.50 dB | SE = 20.778 bit/s/Hz
[37216 ms] [UE 54487] UL: SNR = 63.50 dB | SE = 20.778 bit/s/Hz
[37216 ms] [UE 2959] UL: SNR = 34.00 dB | SE = 11.126 bit/s/Hz
[37216 ms] [UE 14350] UL: SNR = 63.50 dB | SE = 20.778 bit/s/Hz
[37216 ms] [UE 37624] UL: SNR = 63.50 dB | SE = 20.778 bit/s/Hz
[37216 ms] [UE 18432] UL: SNR = 63.50 dB | SE = 20.778 bit/s/Hz
[37216 ms] [UE 55143] UL: SNR = 63.50 dB | SE = 20.778 bit/s/Hz
[37216 ms] [UE 55862] UL: SNR = 63.50 dB | SE = 20.778 bit/s/Hz
[37216 ms] [UE 62817] UL: SNR = 52.00 dB | SE = 17.015 bit/s/Hz
[37216 ms] [UE 5257] UL: SNR = 63.50 dB | SE = 20.778 bit/s/Hz
[38204 ms] [UE 54141] UL: SNR = 63.50 dB | SE = 20.778 bit/s/Hz
[38204 ms] [UE 14002] UL: SNR = 53.50 dB | SE = 17.506 bit/s/Hz
[38204 ms] [UE 55839] UL: SNR = 56.00 dB | SE = 18.324 bit/s/Hz
[38204 ms] [UE 47098] UL: SNR = 51.50 dB | SE = 16.851 bit/s/Hz
[38204 ms] [UE 59499] UL: SNR = 53.50 dB | SE = 17.506 bit/s/Hz
[38204 ms] [UE 12524] UL: SNR = 56.50 dB | SE = 18.487 bit/s/Hz
[38226 ms] [UE 14608] UL: SNR = 63.50 dB | SE = 20.778 bit/s/Hz
[38226 ms] [UE 54487] UL: SNR = 63.50 dB | SE = 20.778 bit/s/Hz
[38226 ms] [UE 2959] UL: SNR = 34.00 dB | SE = 11.126 bit/s/Hz
[38226 ms] [UE 14350] UL: SNR = 63.50 dB | SE = 20.778 bit/s/Hz
[38226 ms] [UE 37624] UL: SNR = 63.50 dB | SE = 20.778 bit/s/Hz
[38226 ms] [UE 18432] UL: SNR = 63.50 dB | SE = 20.778 bit/s/Hz
[38226 ms] [UE 55143] UL: SNR = 63.50 dB | SE = 20.778 bit/s/Hz
[38226 ms] [UE 55862] UL: SNR = 63.50 dB | SE = 20.778 bit/s/Hz
[38226 ms] [UE 62817] UL: SNR = 52.00 dB | SE = 17.015 bit/s/Hz
[38226 ms] [UE 5257] UL: SNR = 63.50 dB | SE = 20.778 bit/s/Hz
[39205 ms] [UE 54141] UL: SNR = 63.50 dB | SE = 20.778 bit/s/Hz
[39205 ms] [UE 14002] UL: SNR = 53.50 dB | SE = 17.506 bit/s/Hz
[39205 ms] [UE 55839] UL: SNR = 56.00 dB | SE = 18.324 bit/s/Hz
[39205 ms] [UE 47098] UL: SNR = 51.50 dB | SE = 16.851 bit/s/Hz
[39205 ms] [UE 59499] UL: SNR = 53.50 dB | SE = 17.506 bit/s/Hz
[39205 ms] [UE 12524] UL: SNR = 56.50 dB | SE = 18.487 bit/s/Hz
[39236 ms] [UE 14608] UL: SNR = 63.50 dB | SE = 20.778 bit/s/Hz
[39236 ms] [UE 54487] UL: SNR = 63.50 dB | SE = 20.778 bit/s/Hz
[39236 ms] [UE 2959] UL: SNR = 34.00 dB | SE = 11.126 bit/s/Hz
[39236 ms] [UE 14350] UL: SNR = 63.50 dB | SE = 20.778 bit/s/Hz
[39236 ms] [UE 37624] UL: SNR = 63.50 dB | SE = 20.778 bit/s/Hz
[39236 ms] [UE 18432] UL: SNR = 63.50 dB | SE = 20.778 bit/s/Hz
[39236 ms] [UE 55143] UL: SNR = 63.50 dB | SE = 20.778 bit/s/Hz
[39236 ms] [UE 55862] UL: SNR = 63.50 dB | SE = 20.778 bit/s/Hz
[39236 ms] [UE 62817] UL: SNR = 52.00 dB | SE = 17.015 bit/s/Hz
[39236 ms] [UE 5257] UL: SNR = 63.50 dB | SE = 20.778 bit/s/Hz
[40214 ms] [UE 54141] UL: SNR = 63.50 dB | SE = 20.778 bit/s/Hz
[40214 ms] [UE 14002] UL: SNR = 53.50 dB | SE = 17.506 bit/s/Hz
[40214 ms] [UE 55839] UL: SNR = 56.00 dB | SE = 18.324 bit/s/Hz
[40214 ms] [UE 47098] UL: SNR = 51.50 dB | SE = 16.851 bit/s/Hz
[40214 ms] [UE 59499] UL: SNR = 53.50 dB | SE = 17.506 bit/s/Hz
[40214 ms] [UE 12524] UL: SNR = 56.50 dB | SE = 18.487 bit/s/Hz
[40246 ms] [UE 14608] UL: SNR = 63.50 dB | SE = 20.778 bit/s/Hz
[40246 ms] [UE 54487] UL: SNR = 63.50 dB | SE = 20.778 bit/s/Hz
[40246 ms] [UE 2959] UL: SNR = 34.00 dB | SE = 11.126 bit/s/Hz
[40246 ms] [UE 14350] UL: SNR = 63.50 dB | SE = 20.778 bit/s/Hz
[40246 ms] [UE 37624] UL: SNR = 63.50 dB | SE = 20.778 bit/s/Hz
[40246 ms] [UE 18432] UL: SNR = 63.50 dB | SE = 20.778 bit/s/Hz
[40246 ms] [UE 55143] UL: SNR = 63.50 dB | SE = 20.778 bit/s/Hz
[40246 ms] [UE 55862] UL: SNR = 63.50 dB | SE = 20.778 bit/s/Hz
[40246 ms] [UE 62817] UL: SNR = 52.00 dB | SE = 17.015 bit/s/Hz
[40246 ms] [UE 5257] UL: SNR = 63.50 dB | SE = 20.778 bit/s/Hz
[41224 ms] [UE 54141] UL: SNR = 63.50 dB | SE = 20.778 bit/s/Hz
[41224 ms] [UE 14002] UL: SNR = 53.50 dB | SE = 17.506 bit/s/Hz
[41224 ms] [UE 55839] UL: SNR = 56.00 dB | SE = 18.324 bit/s/Hz
[41224 ms] [UE 47098] UL: SNR = 51.50 dB | SE = 16.851 bit/s/Hz
[41224 ms] [UE 59499] UL: SNR = 53.50 dB | SE = 17.506 bit/s/Hz
[41224 ms] [UE 12524] UL: SNR = 56.50 dB | SE = 18.487 bit/s/Hz
[41257 ms] [UE 14608] UL: SNR = 63.50 dB | SE = 20.778 bit/s/Hz
[41257 ms] [UE 54487] UL: SNR = 63.50 dB | SE = 20.778 bit/s/Hz
[41257 ms] [UE 2959] UL: SNR = 34.00 dB | SE = 11.126 bit/s/Hz
[41257 ms] [UE 14350] UL: SNR = 63.50 dB | SE = 20.778 bit/s/Hz
[41257 ms] [UE 37624] UL: SNR = 63.50 dB | SE = 20.778 bit/s/Hz
[41257 ms] [UE 18432] UL: SNR = 63.50 dB | SE = 20.778 bit/s/Hz
[41257 ms] [UE 55143] UL: SNR = 63.50 dB | SE = 20.778 bit/s/Hz
[41257 ms] [UE 55862] UL: SNR = 63.50 dB | SE = 20.778 bit/s/Hz
[41257 ms] [UE 62817] UL: SNR = 52.00 dB | SE = 17.015 bit/s/Hz
[41257 ms] [UE 5257] UL: SNR = 63.50 dB | SE = 20.778 bit/s/Hz
[42224 ms] [UE 54141] UL: SNR = 63.50 dB | SE = 20.778 bit/s/Hz
[42224 ms] [UE 14002] UL: SNR = 53.50 dB | SE = 17.506 bit/s/Hz
[42224 ms] [UE 55839] UL: SNR = 56.00 dB | SE = 18.324 bit/s/Hz
[42224 ms] [UE 47098] UL: SNR = 51.50 dB | SE = 16.851 bit/s/Hz
[42224 ms] [UE 59499] UL: SNR = 53.50 dB | SE = 17.506 bit/s/Hz
[42224 ms] [UE 12524] UL: SNR = 56.50 dB | SE = 18.487 bit/s/Hz
[42257 ms] [UE 14608] UL: SNR = 63.50 dB | SE = 20.778 bit/s/Hz
[42257 ms] [UE 54487] UL: SNR = 63.50 dB | SE = 20.778 bit/s/Hz
[42257 ms] [UE 2959] UL: SNR = 34.00 dB | SE = 11.126 bit/s/Hz
[42257 ms] [UE 14350] UL: SNR = 63.50 dB | SE = 20.778 bit/s/Hz
[42257 ms] [UE 37624] UL: SNR = 63.50 dB | SE = 20.778 bit/s/Hz
[42257 ms] [UE 18432] UL: SNR = 63.50 dB | SE = 20.778 bit/s/Hz
[42257 ms] [UE 55143] UL: SNR = 63.50 dB | SE = 20.778 bit/s/Hz
[42257 ms] [UE 55862] UL: SNR = 63.50 dB | SE = 20.778 bit/s/Hz
[42257 ms] [UE 62817] UL: SNR = 52.00 dB | SE = 17.015 bit/s/Hz
[42257 ms] [UE 5257] UL: SNR = 63.50 dB | SE = 20.778 bit/s/Hz
[43234 ms] [UE 54141] UL: SNR = 63.50 dB | SE = 20.778 bit/s/Hz
[43234 ms] [UE 14002] UL: SNR = 53.50 dB | SE = 17.506 bit/s/Hz
[43234 ms] [UE 55839] UL: SNR = 56.00 dB | SE = 18.324 bit/s/Hz
[43234 ms] [UE 47098] UL: SNR = 51.50 dB | SE = 16.851 bit/s/Hz
[43234 ms] [UE 59499] UL: SNR = 53.50 dB | SE = 17.506 bit/s/Hz
[43234 ms] [UE 12524] UL: SNR = 56.50 dB | SE = 18.487 bit/s/Hz
[43266 ms] [UE 14608] UL: SNR = 63.50 dB | SE = 20.778 bit/s/Hz
[43266 ms] [UE 54487] UL: SNR = 63.50 dB | SE = 20.778 bit/s/Hz
[43266 ms] [UE 2959] UL: SNR = 34.00 dB | SE = 11.126 bit/s/Hz
[43266 ms] [UE 14350] UL: SNR = 63.50 dB | SE = 20.778 bit/s/Hz
[43266 ms] [UE 37624] UL: SNR = 63.50 dB | SE = 20.778 bit/s/Hz
[43266 ms] [UE 18432] UL: SNR = 63.50 dB | SE = 20.778 bit/s/Hz
[43266 ms] [UE 55143] UL: SNR = 63.50 dB | SE = 20.778 bit/s/Hz
[43266 ms] [UE 55862] UL: SNR = 63.50 dB | SE = 20.778 bit/s/Hz
[43266 ms] [UE 62817] UL: SNR = 52.00 dB | SE = 17.015 bit/s/Hz
[43266 ms] [UE 5257] UL: SNR = 63.50 dB | SE = 20.778 bit/s/Hz
[44237 ms] [UE 54141] UL: SNR = 63.50 dB | SE = 20.778 bit/s/Hz
[44237 ms] [UE 14002] UL: SNR = 59.00 dB | SE = 19.305 bit/s/Hz
[44237 ms] [UE 55839] UL: SNR = 60.00 dB | SE = 19.633 bit/s/Hz
[44237 ms] [UE 47098] UL: SNR = 51.50 dB | SE = 16.851 bit/s/Hz
[44237 ms] [UE 59499] UL: SNR = 53.50 dB | SE = 17.506 bit/s/Hz
[44237 ms] [UE 12524] UL: SNR = 56.50 dB | SE = 18.487 bit/s/Hz
[44267 ms] [UE 14608] UL: SNR = 63.50 dB | SE = 20.778 bit/s/Hz
[44267 ms] [UE 54487] UL: SNR = 63.50 dB | SE = 20.778 bit/s/Hz
[44267 ms] [UE 2959] UL: SNR = 34.00 dB | SE = 11.126 bit/s/Hz
[44267 ms] [UE 14350] UL: SNR = 63.50 dB | SE = 20.778 bit/s/Hz
[44267 ms] [UE 37624] UL: SNR = 63.50 dB | SE = 20.778 bit/s/Hz
[44267 ms] [UE 18432] UL: SNR = 63.50 dB | SE = 20.778 bit/s/Hz
[44267 ms] [UE 55143] UL: SNR = 63.50 dB | SE = 20.778 bit/s/Hz
[44267 ms] [UE 55862] UL: SNR = 63.50 dB | SE = 20.778 bit/s/Hz
[44267 ms] [UE 62817] UL: SNR = 52.00 dB | SE = 17.015 bit/s/Hz
[44267 ms] [UE 5257] UL: SNR = 63.50 dB | SE = 20.778 bit/s/Hz
[45244 ms] [UE 54141] UL: SNR = 63.50 dB | SE = 20.778 bit/s/Hz
[45244 ms] [UE 14002] UL: SNR = 53.00 dB | SE = 17.342 bit/s/Hz
[45244 ms] [UE 55839] UL: SNR = 56.00 dB | SE = 18.324 bit/s/Hz
[45244 ms] [UE 47098] UL: SNR = 51.00 dB | SE = 16.688 bit/s/Hz
[45244 ms] [UE 59499] UL: SNR = 53.50 dB | SE = 17.506 bit/s/Hz
[45244 ms] [UE 12524] UL: SNR = 56.50 dB | SE = 18.487 bit/s/Hz
[45267 ms] [UE 14608] UL: SNR = 63.50 dB | SE = 20.778 bit/s/Hz
[45267 ms] [UE 54487] UL: SNR = 63.50 dB | SE = 20.778 bit/s/Hz
[45267 ms] [UE 2959] UL: SNR = 34.00 dB | SE = 11.126 bit/s/Hz
[45267 ms] [UE 14350] UL: SNR = 63.50 dB | SE = 20.778 bit/s/Hz
[45267 ms] [UE 37624] UL: SNR = 63.50 dB | SE = 20.778 bit/s/Hz
[45267 ms] [UE 18432] UL: SNR = 63.50 dB | SE = 20.778 bit/s/Hz
[45267 ms] [UE 55143] UL: SNR = 63.50 dB | SE = 20.778 bit/s/Hz
[45267 ms] [UE 55862] UL: SNR = 63.50 dB | SE = 20.778 bit/s/Hz
[45267 ms] [UE 62817] UL: SNR = 52.00 dB | SE = 17.015 bit/s/Hz
[45267 ms] [UE 5257] UL: SNR = 63.50 dB | SE = 20.778 bit/s/Hz
[46254 ms] [UE 54141] UL: SNR = 63.50 dB | SE = 20.778 bit/s/Hz
[46254 ms] [UE 14002] UL: SNR = 53.00 dB | SE = 17.342 bit/s/Hz
[46254 ms] [UE 55839] UL: SNR = 56.00 dB | SE = 18.324 bit/s/Hz
[46254 ms] [UE 47098] UL: SNR = 51.00 dB | SE = 16.688 bit/s/Hz
[46254 ms] [UE 59499] UL: SNR = 53.50 dB | SE = 17.506 bit/s/Hz
[46254 ms] [UE 12524] UL: SNR = 56.50 dB | SE = 18.487 bit/s/Hz
[46278 ms] [UE 14608] UL: SNR = 63.50 dB | SE = 20.778 bit/s/Hz
[46278 ms] [UE 54487] UL: SNR = 63.50 dB | SE = 20.778 bit/s/Hz
[46278 ms] [UE 2959] UL: SNR = 34.00 dB | SE = 11.126 bit/s/Hz
[46278 ms] [UE 14350] UL: SNR = 63.50 dB | SE = 20.778 bit/s/Hz
[46278 ms] [UE 37624] UL: SNR = 63.50 dB | SE = 20.778 bit/s/Hz
[46278 ms] [UE 18432] UL: SNR = 63.50 dB | SE = 20.778 bit/s/Hz
[46278 ms] [UE 55143] UL: SNR = 63.50 dB | SE = 20.778 bit/s/Hz
[46278 ms] [UE 55862] UL: SNR = 63.50 dB | SE = 20.778 bit/s/Hz
[46278 ms] [UE 62817] UL: SNR = 52.00 dB | SE = 17.015 bit/s/Hz
[46278 ms] [UE 5257] UL: SNR = 63.50 dB | SE = 20.778 bit/s/Hz
[47255 ms] [UE 54141] UL: SNR = 63.50 dB | SE = 20.778 bit/s/Hz
[47255 ms] [UE 14002] UL: SNR = 53.00 dB | SE = 17.342 bit/s/Hz
[47255 ms] [UE 55839] UL: SNR = 56.00 dB | SE = 18.324 bit/s/Hz
[47255 ms] [UE 47098] UL: SNR = 51.00 dB | SE = 16.688 bit/s/Hz
[47255 ms] [UE 59499] UL: SNR = 53.50 dB | SE = 17.506 bit/s/Hz
[47255 ms] [UE 12524] UL: SNR = 56.50 dB | SE = 18.487 bit/s/Hz
[47286 ms] [UE 14608] UL: SNR = 63.50 dB | SE = 20.778 bit/s/Hz
[47286 ms] [UE 54487] UL: SNR = 63.50 dB | SE = 20.778 bit/s/Hz
[47286 ms] [UE 2959] UL: SNR = 34.00 dB | SE = 11.126 bit/s/Hz
[47286 ms] [UE 14350] UL: SNR = 63.50 dB | SE = 20.778 bit/s/Hz
[47286 ms] [UE 37624] UL: SNR = 63.50 dB | SE = 20.778 bit/s/Hz
[47286 ms] [UE 18432] UL: SNR = 63.50 dB | SE = 20.778 bit/s/Hz
[47286 ms] [UE 55143] UL: SNR = 63.50 dB | SE = 20.778 bit/s/Hz
[47286 ms] [UE 55862] UL: SNR = 63.50 dB | SE = 20.778 bit/s/Hz
[47286 ms] [UE 62817] UL: SNR = 52.00 dB | SE = 17.015 bit/s/Hz
[47286 ms] [UE 5257] UL: SNR = 63.50 dB | SE = 20.778 bit/s/Hz
[48264 ms] [UE 54141] UL: SNR = 63.50 dB | SE = 20.778 bit/s/Hz
[48264 ms] [UE 14002] UL: SNR = 53.00 dB | SE = 17.342 bit/s/Hz
[48264 ms] [UE 55839] UL: SNR = 56.00 dB | SE = 18.324 bit/s/Hz
[48264 ms] [UE 47098] UL: SNR = 51.00 dB | SE = 16.688 bit/s/Hz
[48264 ms] [UE 59499] UL: SNR = 53.50 dB | SE = 17.506 bit/s/Hz
[48264 ms] [UE 12524] UL: SNR = 56.50 dB | SE = 18.487 bit/s/Hz
[48286 ms] [UE 14608] UL: SNR = 63.50 dB | SE = 20.778 bit/s/Hz
[48286 ms] [UE 54487] UL: SNR = 63.50 dB | SE = 20.778 bit/s/Hz
[48286 ms] [UE 2959] UL: SNR = 34.00 dB | SE = 11.126 bit/s/Hz
[48286 ms] [UE 14350] UL: SNR = 63.50 dB | SE = 20.778 bit/s/Hz
[48286 ms] [UE 37624] UL: SNR = 63.50 dB | SE = 20.778 bit/s/Hz
[48286 ms] [UE 18432] UL: SNR = 63.50 dB | SE = 20.778 bit/s/Hz
[48286 ms] [UE 55143] UL: SNR = 63.50 dB | SE = 20.778 bit/s/Hz
[48286 ms] [UE 55862] UL: SNR = 63.50 dB | SE = 20.778 bit/s/Hz
[48286 ms] [UE 62817] UL: SNR = 52.00 dB | SE = 17.015 bit/s/Hz
[48286 ms] [UE 5257] UL: SNR = 63.50 dB | SE = 20.778 bit/s/Hz
[49274 ms] [UE 54141] UL: SNR = 63.50 dB | SE = 20.778 bit/s/Hz
[49274 ms] [UE 14002] UL: SNR = 53.00 dB | SE = 17.342 bit/s/Hz
[49274 ms] [UE 55839] UL: SNR = 56.00 dB | SE = 18.324 bit/s/Hz
[49274 ms] [UE 47098] UL: SNR = 51.00 dB | SE = 16.688 bit/s/Hz
[49274 ms] [UE 59499] UL: SNR = 53.50 dB | SE = 17.506 bit/s/Hz
[49274 ms] [UE 12524] UL: SNR = 56.50 dB | SE = 18.487 bit/s/Hz
[49287 ms] [UE 14608] UL: SNR = 63.50 dB | SE = 20.778 bit/s/Hz
[49287 ms] [UE 54487] UL: SNR = 63.50 dB | SE = 20.778 bit/s/Hz
[49287 ms] [UE 2959] UL: SNR = 34.00 dB | SE = 11.126 bit/s/Hz
[49287 ms] [UE 14350] UL: SNR = 63.50 dB | SE = 20.778 bit/s/Hz
[49287 ms] [UE 37624] UL: SNR = 63.50 dB | SE = 20.778 bit/s/Hz
[49287 ms] [UE 18432] UL: SNR = 63.50 dB | SE = 20.778 bit/s/Hz
[49287 ms] [UE 55143] UL: SNR = 63.50 dB | SE = 20.778 bit/s/Hz
[49287 ms] [UE 55862] UL: SNR = 63.50 dB | SE = 20.778 bit/s/Hz
[49287 ms] [UE 62817] UL: SNR = 52.00 dB | SE = 17.015 bit/s/Hz
[49287 ms] [UE 5257] UL: SNR = 63.50 dB | SE = 20.778 bit/s/Hz
[50284 ms] [UE 54141] UL: SNR = 63.50 dB | SE = 20.778 bit/s/Hz
[50284 ms] [UE 14002] UL: SNR = 53.00 dB | SE = 17.342 bit/s/Hz
[50284 ms] [UE 55839] UL: SNR = 56.00 dB | SE = 18.324 bit/s/Hz
[50284 ms] [UE 47098] UL: SNR = 51.00 dB | SE = 16.688 bit/s/Hz
[50284 ms] [UE 59499] UL: SNR = 53.50 dB | SE = 17.506 bit/s/Hz
[50284 ms] [UE 12524] UL: SNR = 56.50 dB | SE = 18.487 bit/s/Hz
[50287 ms] [UE 14608] UL: SNR = 63.50 dB | SE = 20.778 bit/s/Hz
[50287 ms] [UE 54487] UL: SNR = 63.50 dB | SE = 20.778 bit/s/Hz
[50287 ms] [UE 2959] UL: SNR = 34.00 dB | SE = 11.126 bit/s/Hz
[50287 ms] [UE 14350] UL: SNR = 63.50 dB | SE = 20.778 bit/s/Hz
[50287 ms] [UE 37624] UL: SNR = 63.50 dB | SE = 20.778 bit/s/Hz
[50287 ms] [UE 18432] UL: SNR = 63.50 dB | SE = 20.778 bit/s/Hz
[50287 ms] [UE 55143] UL: SNR = 63.50 dB | SE = 20.778 bit/s/Hz
[50287 ms] [UE 55862] UL: SNR = 63.50 dB | SE = 20.778 bit/s/Hz
[50287 ms] [UE 62817] UL: SNR = 52.00 dB | SE = 17.015 bit/s/Hz
[50287 ms] [UE 5257] UL: SNR = 63.50 dB | SE = 20.778 bit/s/Hz
[51285 ms] [UE 54141] UL: SNR = 63.50 dB | SE = 20.778 bit/s/Hz
[51285 ms] [UE 14002] UL: SNR = 59.00 dB | SE = 19.305 bit/s/Hz
[51285 ms] [UE 55839] UL: SNR = 60.00 dB | SE = 19.633 bit/s/Hz
[51285 ms] [UE 47098] UL: SNR = 51.00 dB | SE = 16.688 bit/s/Hz
[51285 ms] [UE 59499] UL: SNR = 53.50 dB | SE = 17.506 bit/s/Hz
[51285 ms] [UE 12524] UL: SNR = 56.50 dB | SE = 18.487 bit/s/Hz
[51297 ms] [UE 14608] UL: SNR = 63.50 dB | SE = 20.778 bit/s/Hz
[51297 ms] [UE 54487] UL: SNR = 63.50 dB | SE = 20.778 bit/s/Hz
[51297 ms] [UE 2959] UL: SNR = 34.00 dB | SE = 11.126 bit/s/Hz
[51297 ms] [UE 14350] UL: SNR = 63.50 dB | SE = 20.778 bit/s/Hz
[51297 ms] [UE 37624] UL: SNR = 63.50 dB | SE = 20.778 bit/s/Hz
[51297 ms] [UE 18432] UL: SNR = 63.50 dB | SE = 20.778 bit/s/Hz
[51297 ms] [UE 55143] UL: SNR = 63.50 dB | SE = 20.778 bit/s/Hz
[51297 ms] [UE 55862] UL: SNR = 63.50 dB | SE = 20.778 bit/s/Hz
[51297 ms] [UE 62817] UL: SNR = 52.00 dB | SE = 17.015 bit/s/Hz
[51297 ms] [UE 5257] UL: SNR = 63.50 dB | SE = 20.778 bit/s/Hz
[52295 ms] [UE 54141] UL: SNR = 63.50 dB | SE = 20.778 bit/s/Hz
[52295 ms] [UE 14002] UL: SNR = 59.00 dB | SE = 19.305 bit/s/Hz
[52295 ms] [UE 55839] UL: SNR = 60.00 dB | SE = 19.633 bit/s/Hz
[52295 ms] [UE 47098] UL: SNR = 51.00 dB | SE = 16.688 bit/s/Hz
[52295 ms] [UE 59499] UL: SNR = 53.50 dB | SE = 17.506 bit/s/Hz
[52295 ms] [UE 12524] UL: SNR = 56.50 dB | SE = 18.487 bit/s/Hz
[52297 ms] [UE 14608] UL: SNR = 63.50 dB | SE = 20.778 bit/s/Hz
[52297 ms] [UE 54487] UL: SNR = 63.50 dB | SE = 20.778 bit/s/Hz
[52297 ms] [UE 2959] UL: SNR = 34.00 dB | SE = 11.126 bit/s/Hz
[52297 ms] [UE 14350] UL: SNR = 63.50 dB | SE = 20.778 bit/s/Hz
[52297 ms] [UE 37624] UL: SNR = 63.50 dB | SE = 20.778 bit/s/Hz
[52297 ms] [UE 18432] UL: SNR = 63.50 dB | SE = 20.778 bit/s/Hz
[52297 ms] [UE 55143] UL: SNR = 63.50 dB | SE = 20.778 bit/s/Hz
[52297 ms] [UE 55862] UL: SNR = 63.50 dB | SE = 20.778 bit/s/Hz
[52297 ms] [UE 62817] UL: SNR = 52.00 dB | SE = 17.015 bit/s/Hz
[52297 ms] [UE 5257] UL: SNR = 63.50 dB | SE = 20.778 bit/s/Hz
[53306 ms] [UE 54141] UL: SNR = 63.50 dB | SE = 20.778 bit/s/Hz
[53306 ms] [UE 14002] UL: SNR = 53.50 dB | SE = 17.506 bit/s/Hz
[53306 ms] [UE 55839] UL: SNR = 56.50 dB | SE = 18.487 bit/s/Hz
[53306 ms] [UE 47098] UL: SNR = 51.50 dB | SE = 16.851 bit/s/Hz
[53306 ms] [UE 59499] UL: SNR = 53.50 dB | SE = 17.506 bit/s/Hz
[53306 ms] [UE 12524] UL: SNR = 56.50 dB | SE = 18.487 bit/s/Hz
[53307 ms] [UE 14608] UL: SNR = 63.50 dB | SE = 20.778 bit/s/Hz
[53307 ms] [UE 54487] UL: SNR = 63.50 dB | SE = 20.778 bit/s/Hz
[53307 ms] [UE 2959] UL: SNR = 34.00 dB | SE = 11.126 bit/s/Hz
[53307 ms] [UE 14350] UL: SNR = 63.50 dB | SE = 20.778 bit/s/Hz
[53307 ms] [UE 37624] UL: SNR = 63.50 dB | SE = 20.778 bit/s/Hz
[53307 ms] [UE 18432] UL: SNR = 63.50 dB | SE = 20.778 bit/s/Hz
[53307 ms] [UE 55143] UL: SNR = 63.50 dB | SE = 20.778 bit/s/Hz
[53307 ms] [UE 55862] UL: SNR = 63.50 dB | SE = 20.778 bit/s/Hz
[53307 ms] [UE 62817] UL: SNR = 52.00 dB | SE = 17.015 bit/s/Hz
[53307 ms] [UE 5257] UL: SNR = 63.50 dB | SE = 20.778 bit/s/Hz
[54313 ms] [UE 54141] UL: SNR = 63.50 dB | SE = 20.778 bit/s/Hz
[54313 ms] [UE 14002] UL: SNR = 53.50 dB | SE = 17.506 bit/s/Hz
[54313 ms] [UE 55839] UL: SNR = 56.50 dB | SE = 18.487 bit/s/Hz
[54313 ms] [UE 47098] UL: SNR = 51.50 dB | SE = 16.851 bit/s/Hz
[54313 ms] [UE 59499] UL: SNR = 53.50 dB | SE = 17.506 bit/s/Hz
[54313 ms] [UE 12524] UL: SNR = 56.50 dB | SE = 18.487 bit/s/Hz
[54317 ms] [UE 14608] UL: SNR = 63.50 dB | SE = 20.778 bit/s/Hz
[54317 ms] [UE 54487] UL: SNR = 63.50 dB | SE = 20.778 bit/s/Hz
[54317 ms] [UE 2959] UL: SNR = 34.00 dB | SE = 11.126 bit/s/Hz
[54317 ms] [UE 14350] UL: SNR = 63.50 dB | SE = 20.778 bit/s/Hz
[54317 ms] [UE 37624] UL: SNR = 63.50 dB | SE = 20.778 bit/s/Hz
[54317 ms] [UE 18432] UL: SNR = 63.50 dB | SE = 20.778 bit/s/Hz
[54317 ms] [UE 55143] UL: SNR = 63.50 dB | SE = 20.778 bit/s/Hz
[54317 ms] [UE 55862] UL: SNR = 63.50 dB | SE = 20.778 bit/s/Hz
[54317 ms] [UE 62817] UL: SNR = 52.00 dB | SE = 17.015 bit/s/Hz
[54317 ms] [UE 5257] UL: SNR = 63.50 dB | SE = 20.778 bit/s/Hz
[55315 ms] [UE 54141] UL: SNR = 63.50 dB | SE = 20.778 bit/s/Hz
[55315 ms] [UE 14002] UL: SNR = 53.50 dB | SE = 17.506 bit/s/Hz
[55315 ms] [UE 55839] UL: SNR = 56.50 dB | SE = 18.487 bit/s/Hz
[55315 ms] [UE 47098] UL: SNR = 51.50 dB | SE = 16.851 bit/s/Hz
[55315 ms] [UE 59499] UL: SNR = 53.50 dB | SE = 17.506 bit/s/Hz
[55315 ms] [UE 12524] UL: SNR = 56.50 dB | SE = 18.487 bit/s/Hz
[55317 ms] [UE 14608] UL: SNR = 63.50 dB | SE = 20.778 bit/s/Hz
[55317 ms] [UE 54487] UL: SNR = 63.50 dB | SE = 20.778 bit/s/Hz
[55317 ms] [UE 2959] UL: SNR = 34.00 dB | SE = 11.126 bit/s/Hz
[55317 ms] [UE 14350] UL: SNR = 63.50 dB | SE = 20.778 bit/s/Hz
[55317 ms] [UE 37624] UL: SNR = 63.50 dB | SE = 20.778 bit/s/Hz
[55317 ms] [UE 18432] UL: SNR = 63.50 dB | SE = 20.778 bit/s/Hz
[55317 ms] [UE 55143] UL: SNR = 63.50 dB | SE = 20.778 bit/s/Hz
[55317 ms] [UE 55862] UL: SNR = 63.50 dB | SE = 20.778 bit/s/Hz
[55317 ms] [UE 62817] UL: SNR = 52.00 dB | SE = 17.015 bit/s/Hz
[55317 ms] [UE 5257] UL: SNR = 63.50 dB | SE = 20.778 bit/s/Hz
[56324 ms] [UE 54141] UL: SNR = 63.50 dB | SE = 20.778 bit/s/Hz
[56324 ms] [UE 14002] UL: SNR = 53.50 dB | SE = 17.506 bit/s/Hz
[56324 ms] [UE 55839] UL: SNR = 56.50 dB | SE = 18.487 bit/s/Hz
[56324 ms] [UE 47098] UL: SNR = 51.50 dB | SE = 16.851 bit/s/Hz
[56324 ms] [UE 59499] UL: SNR = 53.50 dB | SE = 17.506 bit/s/Hz
[56324 ms] [UE 12524] UL: SNR = 56.50 dB | SE = 18.487 bit/s/Hz
[56326 ms] [UE 14608] UL: SNR = 63.50 dB | SE = 20.778 bit/s/Hz
[56326 ms] [UE 54487] UL: SNR = 63.50 dB | SE = 20.778 bit/s/Hz
[56326 ms] [UE 2959] UL: SNR = 34.00 dB | SE = 11.126 bit/s/Hz
[56326 ms] [UE 14350] UL: SNR = 63.50 dB | SE = 20.778 bit/s/Hz
[56326 ms] [UE 37624] UL: SNR = 63.50 dB | SE = 20.778 bit/s/Hz
[56326 ms] [UE 18432] UL: SNR = 63.50 dB | SE = 20.778 bit/s/Hz
[56326 ms] [UE 55143] UL: SNR = 63.50 dB | SE = 20.778 bit/s/Hz
[56326 ms] [UE 55862] UL: SNR = 63.50 dB | SE = 20.778 bit/s/Hz
[56326 ms] [UE 62817] UL: SNR = 52.00 dB | SE = 17.015 bit/s/Hz
[56326 ms] [UE 5257] UL: SNR = 63.50 dB | SE = 20.778 bit/s/Hz
[57324 ms] [UE 54141] UL: SNR = 63.50 dB | SE = 20.778 bit/s/Hz
[57324 ms] [UE 14002] UL: SNR = 53.50 dB | SE = 17.506 bit/s/Hz
[57324 ms] [UE 55839] UL: SNR = 56.50 dB | SE = 18.487 bit/s/Hz
[57324 ms] [UE 47098] UL: SNR = 51.50 dB | SE = 16.851 bit/s/Hz
[57324 ms] [UE 59499] UL: SNR = 53.50 dB | SE = 17.506 bit/s/Hz
[57324 ms] [UE 12524] UL: SNR = 56.50 dB | SE = 18.487 bit/s/Hz
[57327 ms] [UE 14608] UL: SNR = 63.50 dB | SE = 20.778 bit/s/Hz
[57327 ms] [UE 54487] UL: SNR = 63.50 dB | SE = 20.778 bit/s/Hz
[57327 ms] [UE 2959] UL: SNR = 34.00 dB | SE = 11.126 bit/s/Hz
[57327 ms] [UE 14350] UL: SNR = 63.50 dB | SE = 20.778 bit/s/Hz
[57327 ms] [UE 37624] UL: SNR = 63.50 dB | SE = 20.778 bit/s/Hz
[57327 ms] [UE 18432] UL: SNR = 63.50 dB | SE = 20.778 bit/s/Hz
[57327 ms] [UE 55143] UL: SNR = 63.50 dB | SE = 20.778 bit/s/Hz
[57327 ms] [UE 55862] UL: SNR = 63.50 dB | SE = 20.778 bit/s/Hz
[57327 ms] [UE 62817] UL: SNR = 52.00 dB | SE = 17.015 bit/s/Hz
[57327 ms] [UE 5257] UL: SNR = 63.50 dB | SE = 20.778 bit/s/Hz
[58324 ms] [UE 54141] UL: SNR = 63.50 dB | SE = 20.778 bit/s/Hz
[58324 ms] [UE 14002] UL: SNR = 53.50 dB | SE = 17.506 bit/s/Hz
[58324 ms] [UE 55839] UL: SNR = 56.50 dB | SE = 18.487 bit/s/Hz
[58324 ms] [UE 47098] UL: SNR = 51.50 dB | SE = 16.851 bit/s/Hz
[58324 ms] [UE 59499] UL: SNR = 53.50 dB | SE = 17.506 bit/s/Hz
[58324 ms] [UE 12524] UL: SNR = 56.50 dB | SE = 18.487 bit/s/Hz
[58337 ms] [UE 14608] UL: SNR = 63.50 dB | SE = 20.778 bit/s/Hz
[58337 ms] [UE 54487] UL: SNR = 63.50 dB | SE = 20.778 bit/s/Hz
[58337 ms] [UE 2959] UL: SNR = 34.00 dB | SE = 11.126 bit/s/Hz
[58337 ms] [UE 14350] UL: SNR = 63.50 dB | SE = 20.778 bit/s/Hz
[58337 ms] [UE 37624] UL: SNR = 63.50 dB | SE = 20.778 bit/s/Hz
[58337 ms] [UE 18432] UL: SNR = 63.50 dB | SE = 20.778 bit/s/Hz
[58337 ms] [UE 55143] UL: SNR = 63.50 dB | SE = 20.778 bit/s/Hz
[58337 ms] [UE 55862] UL: SNR = 63.50 dB | SE = 20.778 bit/s/Hz
[58337 ms] [UE 62817] UL: SNR = 52.00 dB | SE = 17.015 bit/s/Hz
[58337 ms] [UE 5257] UL: SNR = 63.50 dB | SE = 20.778 bit/s/Hz
[59334 ms] [UE 54141] UL: SNR = 63.50 dB | SE = 20.778 bit/s/Hz
[59334 ms] [UE 14002] UL: SNR = 59.00 dB | SE = 19.305 bit/s/Hz
[59334 ms] [UE 55839] UL: SNR = 60.00 dB | SE = 19.633 bit/s/Hz
[59334 ms] [UE 47098] UL: SNR = 51.50 dB | SE = 16.851 bit/s/Hz
[59334 ms] [UE 59499] UL: SNR = 53.50 dB | SE = 17.506 bit/s/Hz
[59334 ms] [UE 12524] UL: SNR = 56.50 dB | SE = 18.487 bit/s/Hz
[59346 ms] [UE 14608] UL: SNR = 63.50 dB | SE = 20.778 bit/s/Hz
[59346 ms] [UE 54487] UL: SNR = 63.50 dB | SE = 20.778 bit/s/Hz
[59346 ms] [UE 2959] UL: SNR = 34.00 dB | SE = 11.126 bit/s/Hz
[59346 ms] [UE 14350] UL: SNR = 63.50 dB | SE = 20.778 bit/s/Hz
[59346 ms] [UE 37624] UL: SNR = 63.50 dB | SE = 20.778 bit/s/Hz
[59346 ms] [UE 18432] UL: SNR = 63.50 dB | SE = 20.778 bit/s/Hz
[59346 ms] [UE 55143] UL: SNR = 63.50 dB | SE = 20.778 bit/s/Hz
[59346 ms] [UE 55862] UL: SNR = 63.50 dB | SE = 20.778 bit/s/Hz
[59346 ms] [UE 62817] UL: SNR = 52.00 dB | SE = 17.015 bit/s/Hz
[59346 ms] [UE 5257] UL: SNR = 63.50 dB | SE = 20.778 bit/s/Hz
[60334 ms] [UE 54141] UL: SNR = 63.50 dB | SE = 20.778 bit/s/Hz
[60334 ms] [UE 14002] UL: SNR = 59.00 dB | SE = 19.305 bit/s/Hz
[60334 ms] [UE 55839] UL: SNR = 60.00 dB | SE = 19.633 bit/s/Hz
[60334 ms] [UE 47098] UL: SNR = 55.50 dB | SE = 18.160 bit/s/Hz
[60334 ms] [UE 59499] UL: SNR = 53.50 dB | SE = 17.506 bit/s/Hz
[60334 ms] [UE 12524] UL: SNR = 56.50 dB | SE = 18.487 bit/s/Hz
[60347 ms] [UE 14608] UL: SNR = 63.50 dB | SE = 20.778 bit/s/Hz
[60347 ms] [UE 54487] UL: SNR = 63.50 dB | SE = 20.778 bit/s/Hz
[60347 ms] [UE 2959] UL: SNR = 34.00 dB | SE = 11.126 bit/s/Hz
[60347 ms] [UE 14350] UL: SNR = 63.50 dB | SE = 20.778 bit/s/Hz
[60347 ms] [UE 37624] UL: SNR = 63.50 dB | SE = 20.778 bit/s/Hz
[60347 ms] [UE 18432] UL: SNR = 63.50 dB | SE = 20.778 bit/s/Hz
[60347 ms] [UE 55143] UL: SNR = 63.50 dB | SE = 20.778 bit/s/Hz
[60347 ms] [UE 55862] UL: SNR = 63.50 dB | SE = 20.778 bit/s/Hz
[60347 ms] [UE 62817] UL: SNR = 52.00 dB | SE = 17.015 bit/s/Hz
[60347 ms] [UE 5257] UL: SNR = 63.50 dB | SE = 20.778 bit/s/Hz
[61344 ms] [UE 54141] UL: SNR = 63.50 dB | SE = 20.778 bit/s/Hz
[61344 ms] [UE 14002] UL: SNR = 53.50 dB | SE = 17.506 bit/s/Hz
[61344 ms] [UE 55839] UL: SNR = 56.50 dB | SE = 18.487 bit/s/Hz
[61344 ms] [UE 47098] UL: SNR = 51.50 dB | SE = 16.851 bit/s/Hz
[61344 ms] [UE 59499] UL: SNR = 53.50 dB | SE = 17.506 bit/s/Hz
[61344 ms] [UE 12524] UL: SNR = 56.50 dB | SE = 18.487 bit/s/Hz
[61347 ms] [UE 14608] UL: SNR = 63.50 dB | SE = 20.778 bit/s/Hz
[61347 ms] [UE 54487] UL: SNR = 63.50 dB | SE = 20.778 bit/s/Hz
[61347 ms] [UE 2959] UL: SNR = 34.00 dB | SE = 11.126 bit/s/Hz
[61347 ms] [UE 14350] UL: SNR = 63.50 dB | SE = 20.778 bit/s/Hz
[61347 ms] [UE 37624] UL: SNR = 63.50 dB | SE = 20.778 bit/s/Hz
[61347 ms] [UE 18432] UL: SNR = 63.50 dB | SE = 20.778 bit/s/Hz
[61347 ms] [UE 55143] UL: SNR = 63.50 dB | SE = 20.778 bit/s/Hz
[61347 ms] [UE 55862] UL: SNR = 63.50 dB | SE = 20.778 bit/s/Hz
[61347 ms] [UE 62817] UL: SNR = 52.00 dB | SE = 17.015 bit/s/Hz
[61347 ms] [UE 5257] UL: SNR = 63.50 dB | SE = 20.778 bit/s/Hz
[62354 ms] [UE 54141] UL: SNR = 63.50 dB | SE = 20.778 bit/s/Hz
[62354 ms] [UE 14002] UL: SNR = 53.50 dB | SE = 17.506 bit/s/Hz
[62354 ms] [UE 55839] UL: SNR = 56.50 dB | SE = 18.487 bit/s/Hz
[62354 ms] [UE 47098] UL: SNR = 51.50 dB | SE = 16.851 bit/s/Hz
[62354 ms] [UE 59499] UL: SNR = 53.50 dB | SE = 17.506 bit/s/Hz
[62354 ms] [UE 12524] UL: SNR = 56.50 dB | SE = 18.487 bit/s/Hz
[62357 ms] [UE 14608] UL: SNR = 63.50 dB | SE = 20.778 bit/s/Hz
[62357 ms] [UE 54487] UL: SNR = 63.50 dB | SE = 20.778 bit/s/Hz
[62357 ms] [UE 2959] UL: SNR = 34.00 dB | SE = 11.126 bit/s/Hz
[62357 ms] [UE 14350] UL: SNR = 63.50 dB | SE = 20.778 bit/s/Hz
[62357 ms] [UE 37624] UL: SNR = 63.50 dB | SE = 20.778 bit/s/Hz
[62357 ms] [UE 18432] UL: SNR = 63.50 dB | SE = 20.778 bit/s/Hz
[62357 ms] [UE 55143] UL: SNR = 63.50 dB | SE = 20.778 bit/s/Hz
[62357 ms] [UE 55862] UL: SNR = 63.50 dB | SE = 20.778 bit/s/Hz
[62357 ms] [UE 62817] UL: SNR = 52.00 dB | SE = 17.015 bit/s/Hz
[62357 ms] [UE 5257] UL: SNR = 63.50 dB | SE = 20.778 bit/s/Hz
[63354 ms] [UE 54141] UL: SNR = 63.50 dB | SE = 20.778 bit/s/Hz
[63354 ms] [UE 14002] UL: SNR = 53.50 dB | SE = 17.506 bit/s/Hz
[63354 ms] [UE 55839] UL: SNR = 63.50 dB | SE = 20.778 bit/s/Hz
[63354 ms] [UE 47098] UL: SNR = 63.50 dB | SE = 20.778 bit/s/Hz
[63354 ms] [UE 59499] UL: SNR = 53.50 dB | SE = 17.506 bit/s/Hz
[63354 ms] [UE 12524] UL: SNR = 56.50 dB | SE = 18.487 bit/s/Hz
[63367 ms] [UE 14608] UL: SNR = 63.50 dB | SE = 20.778 bit/s/Hz
[63367 ms] [UE 54487] UL: SNR = 63.50 dB | SE = 20.778 bit/s/Hz
[63367 ms] [UE 2959] UL: SNR = 34.00 dB | SE = 11.126 bit/s/Hz
[63367 ms] [UE 14350] UL: SNR = 63.50 dB | SE = 20.778 bit/s/Hz
[63367 ms] [UE 37624] UL: SNR = 63.50 dB | SE = 20.778 bit/s/Hz
[63367 ms] [UE 18432] UL: SNR = 63.50 dB | SE = 20.778 bit/s/Hz
[63367 ms] [UE 55143] UL: SNR = 63.50 dB | SE = 20.778 bit/s/Hz
[63367 ms] [UE 55862] UL: SNR = 63.50 dB | SE = 20.778 bit/s/Hz
[63367 ms] [UE 62817] UL: SNR = 52.00 dB | SE = 17.015 bit/s/Hz
[63367 ms] [UE 5257] UL: SNR = 63.50 dB | SE = 20.778 bit/s/Hz
[64364 ms] [UE 54141] UL: SNR = 63.50 dB | SE = 20.778 bit/s/Hz
[64364 ms] [UE 14002] UL: SNR = 53.50 dB | SE = 17.506 bit/s/Hz
[64364 ms] [UE 55839] UL: SNR = 63.50 dB | SE = 20.778 bit/s/Hz
[64364 ms] [UE 47098] UL: SNR = 63.50 dB | SE = 20.778 bit/s/Hz
[64364 ms] [UE 59499] UL: SNR = 53.50 dB | SE = 17.506 bit/s/Hz
[64364 ms] [UE 12524] UL: SNR = 56.50 dB | SE = 18.487 bit/s/Hz
[64367 ms] [UE 14608] UL: SNR = 63.50 dB | SE = 20.778 bit/s/Hz
[64367 ms] [UE 54487] UL: SNR = 63.50 dB | SE = 20.778 bit/s/Hz
[64367 ms] [UE 2959] UL: SNR = 34.00 dB | SE = 11.126 bit/s/Hz
[64367 ms] [UE 14350] UL: SNR = 63.50 dB | SE = 20.778 bit/s/Hz
[64367 ms] [UE 37624] UL: SNR = 63.50 dB | SE = 20.778 bit/s/Hz
[64367 ms] [UE 18432] UL: SNR = 63.50 dB | SE = 20.778 bit/s/Hz
[64367 ms] [UE 55143] UL: SNR = 63.50 dB | SE = 20.778 bit/s/Hz
[64367 ms] [UE 55862] UL: SNR = 63.50 dB | SE = 20.778 bit/s/Hz
[64367 ms] [UE 62817] UL: SNR = 52.00 dB | SE = 17.015 bit/s/Hz
[64367 ms] [UE 5257] UL: SNR = 63.50 dB | SE = 20.778 bit/s/Hz
[65364 ms] [UE 54141] UL: SNR = 63.50 dB | SE = 20.778 bit/s/Hz
[65364 ms] [UE 14002] UL: SNR = 53.50 dB | SE = 17.506 bit/s/Hz
[65364 ms] [UE 55839] UL: SNR = 63.50 dB | SE = 20.778 bit/s/Hz
[65364 ms] [UE 47098] UL: SNR = 63.50 dB | SE = 20.778 bit/s/Hz
[65364 ms] [UE 59499] UL: SNR = 53.50 dB | SE = 17.506 bit/s/Hz
[65364 ms] [UE 12524] UL: SNR = 56.50 dB | SE = 18.487 bit/s/Hz
[65368 ms] [UE 14608] UL: SNR = 63.50 dB | SE = 20.778 bit/s/Hz
[65368 ms] [UE 54487] UL: SNR = 63.50 dB | SE = 20.778 bit/s/Hz
[65368 ms] [UE 2959] UL: SNR = 34.00 dB | SE = 11.126 bit/s/Hz
[65368 ms] [UE 14350] UL: SNR = 63.50 dB | SE = 20.778 bit/s/Hz
[65368 ms] [UE 37624] UL: SNR = 63.50 dB | SE = 20.778 bit/s/Hz
[65368 ms] [UE 18432] UL: SNR = 63.50 dB | SE = 20.778 bit/s/Hz
[65368 ms] [UE 55143] UL: SNR = 63.50 dB | SE = 20.778 bit/s/Hz
[65368 ms] [UE 55862] UL: SNR = 63.50 dB | SE = 20.778 bit/s/Hz
[65368 ms] [UE 62817] UL: SNR = 52.00 dB | SE = 17.015 bit/s/Hz
[65368 ms] [UE 5257] UL: SNR = 63.50 dB | SE = 20.778 bit/s/Hz
[66364 ms] [UE 54141] UL: SNR = 63.50 dB | SE = 20.778 bit/s/Hz
[66364 ms] [UE 14002] UL: SNR = 59.00 dB | SE = 19.305 bit/s/Hz
[66364 ms] [UE 55839] UL: SNR = 60.00 dB | SE = 19.633 bit/s/Hz
[66364 ms] [UE 47098] UL: SNR = 63.50 dB | SE = 20.778 bit/s/Hz
[66364 ms] [UE 59499] UL: SNR = 53.50 dB | SE = 17.506 bit/s/Hz
[66364 ms] [UE 12524] UL: SNR = 56.50 dB | SE = 18.487 bit/s/Hz
[66376 ms] [UE 14608] UL: SNR = 63.50 dB | SE = 20.778 bit/s/Hz
[66376 ms] [UE 54487] UL: SNR = 63.50 dB | SE = 20.778 bit/s/Hz
[66376 ms] [UE 2959] UL: SNR = 34.00 dB | SE = 11.126 bit/s/Hz
[66376 ms] [UE 14350] UL: SNR = 63.50 dB | SE = 20.778 bit/s/Hz
[66376 ms] [UE 37624] UL: SNR = 63.50 dB | SE = 20.778 bit/s/Hz
[66376 ms] [UE 18432] UL: SNR = 63.50 dB | SE = 20.778 bit/s/Hz
[66376 ms] [UE 55143] UL: SNR = 63.50 dB | SE = 20.778 bit/s/Hz
[66376 ms] [UE 55862] UL: SNR = 63.50 dB | SE = 20.778 bit/s/Hz
[66376 ms] [UE 62817] UL: SNR = 52.00 dB | SE = 17.015 bit/s/Hz
[66376 ms] [UE 5257] UL: SNR = 63.50 dB | SE = 20.778 bit/s/Hz
[67374 ms] [UE 54141] UL: SNR = 63.50 dB | SE = 20.778 bit/s/Hz
[67374 ms] [UE 14002] UL: SNR = 59.00 dB | SE = 19.305 bit/s/Hz
[67374 ms] [UE 55839] UL: SNR = 60.00 dB | SE = 19.633 bit/s/Hz
[67374 ms] [UE 47098] UL: SNR = 63.50 dB | SE = 20.778 bit/s/Hz
[67374 ms] [UE 59499] UL: SNR = 53.50 dB | SE = 17.506 bit/s/Hz
[67374 ms] [UE 12524] UL: SNR = 56.50 dB | SE = 18.487 bit/s/Hz
[67377 ms] [UE 14608] UL: SNR = 63.50 dB | SE = 20.778 bit/s/Hz
[67377 ms] [UE 54487] UL: SNR = 63.50 dB | SE = 20.778 bit/s/Hz
[67377 ms] [UE 2959] UL: SNR = 34.00 dB | SE = 11.126 bit/s/Hz
[67377 ms] [UE 14350] UL: SNR = 63.50 dB | SE = 20.778 bit/s/Hz
[67377 ms] [UE 37624] UL: SNR = 63.50 dB | SE = 20.778 bit/s/Hz
[67377 ms] [UE 18432] UL: SNR = 63.50 dB | SE = 20.778 bit/s/Hz
[67377 ms] [UE 55143] UL: SNR = 63.50 dB | SE = 20.778 bit/s/Hz
[67377 ms] [UE 55862] UL: SNR = 63.50 dB | SE = 20.778 bit/s/Hz
[67377 ms] [UE 62817] UL: SNR = 52.00 dB | SE = 17.015 bit/s/Hz
[67377 ms] [UE 5257] UL: SNR = 63.50 dB | SE = 20.778 bit/s/Hz
[68374 ms] [UE 54141] UL: SNR = 63.50 dB | SE = 20.778 bit/s/Hz
[68374 ms] [UE 14002] UL: SNR = 53.00 dB | SE = 17.342 bit/s/Hz
[68374 ms] [UE 55839] UL: SNR = 56.00 dB | SE = 18.324 bit/s/Hz
[68374 ms] [UE 47098] UL: SNR = 51.00 dB | SE = 16.688 bit/s/Hz
[68374 ms] [UE 59499] UL: SNR = 53.50 dB | SE = 17.506 bit/s/Hz
[68374 ms] [UE 12524] UL: SNR = 56.50 dB | SE = 18.487 bit/s/Hz
[68387 ms] [UE 14608] UL: SNR = 63.50 dB | SE = 20.778 bit/s/Hz
[68387 ms] [UE 54487] UL: SNR = 63.50 dB | SE = 20.778 bit/s/Hz
[68387 ms] [UE 2959] UL: SNR = 34.00 dB | SE = 11.126 bit/s/Hz
[68387 ms] [UE 14350] UL: SNR = 63.50 dB | SE = 20.778 bit/s/Hz
[68387 ms] [UE 37624] UL: SNR = 63.50 dB | SE = 20.778 bit/s/Hz
[68387 ms] [UE 18432] UL: SNR = 63.50 dB | SE = 20.778 bit/s/Hz
[68387 ms] [UE 55143] UL: SNR = 63.50 dB | SE = 20.778 bit/s/Hz
[68387 ms] [UE 55862] UL: SNR = 63.50 dB | SE = 20.778 bit/s/Hz
[68387 ms] [UE 62817] UL: SNR = 52.00 dB | SE = 17.015 bit/s/Hz
[68387 ms] [UE 5257] UL: SNR = 63.50 dB | SE = 20.778 bit/s/Hz
[69374 ms] [UE 54141] UL: SNR = 63.50 dB | SE = 20.778 bit/s/Hz
[69374 ms] [UE 14002] UL: SNR = 53.00 dB | SE = 17.342 bit/s/Hz
[69374 ms] [UE 55839] UL: SNR = 56.00 dB | SE = 18.324 bit/s/Hz
[69374 ms] [UE 47098] UL: SNR = 51.00 dB | SE = 16.688 bit/s/Hz
[69374 ms] [UE 59499] UL: SNR = 53.50 dB | SE = 17.506 bit/s/Hz
[69374 ms] [UE 12524] UL: SNR = 56.50 dB | SE = 18.487 bit/s/Hz
[69387 ms] [UE 14608] UL: SNR = 63.50 dB | SE = 20.778 bit/s/Hz
[69387 ms] [UE 54487] UL: SNR = 63.50 dB | SE = 20.778 bit/s/Hz
[69387 ms] [UE 2959] UL: SNR = 34.00 dB | SE = 11.126 bit/s/Hz
[69387 ms] [UE 14350] UL: SNR = 63.50 dB | SE = 20.778 bit/s/Hz
[69387 ms] [UE 37624] UL: SNR = 63.50 dB | SE = 20.778 bit/s/Hz
[69387 ms] [UE 18432] UL: SNR = 63.50 dB | SE = 20.778 bit/s/Hz
[69387 ms] [UE 55143] UL: SNR = 63.50 dB | SE = 20.778 bit/s/Hz
[69387 ms] [UE 55862] UL: SNR = 63.50 dB | SE = 20.778 bit/s/Hz
[69387 ms] [UE 62817] UL: SNR = 52.00 dB | SE = 17.015 bit/s/Hz
[69387 ms] [UE 5257] UL: SNR = 63.50 dB | SE = 20.778 bit/s/Hz
[70384 ms] [UE 54141] UL: SNR = 63.50 dB | SE = 20.778 bit/s/Hz
[70384 ms] [UE 14002] UL: SNR = 53.00 dB | SE = 17.342 bit/s/Hz
[70384 ms] [UE 55839] UL: SNR = 56.00 dB | SE = 18.324 bit/s/Hz
[70384 ms] [UE 47098] UL: SNR = 51.00 dB | SE = 16.688 bit/s/Hz
[70384 ms] [UE 59499] UL: SNR = 53.50 dB | SE = 17.506 bit/s/Hz
[70384 ms] [UE 12524] UL: SNR = 56.50 dB | SE = 18.487 bit/s/Hz
[70387 ms] [UE 14608] UL: SNR = 63.50 dB | SE = 20.778 bit/s/Hz
[70387 ms] [UE 54487] UL: SNR = 63.50 dB | SE = 20.778 bit/s/Hz
[70387 ms] [UE 2959] UL: SNR = 34.00 dB | SE = 11.126 bit/s/Hz
[70387 ms] [UE 14350] UL: SNR = 63.50 dB | SE = 20.778 bit/s/Hz
[70387 ms] [UE 37624] UL: SNR = 63.50 dB | SE = 20.778 bit/s/Hz
[70387 ms] [UE 18432] UL: SNR = 63.50 dB | SE = 20.778 bit/s/Hz
[70387 ms] [UE 55143] UL: SNR = 63.50 dB | SE = 20.778 bit/s/Hz
[70387 ms] [UE 55862] UL: SNR = 63.50 dB | SE = 20.778 bit/s/Hz
[70387 ms] [UE 62817] UL: SNR = 52.00 dB | SE = 17.015 bit/s/Hz
[70387 ms] [UE 5257] UL: SNR = 63.50 dB | SE = 20.778 bit/s/Hz
[71384 ms] [UE 54141] UL: SNR = 63.50 dB | SE = 20.778 bit/s/Hz
[71384 ms] [UE 14002] UL: SNR = 53.00 dB | SE = 17.342 bit/s/Hz
[71384 ms] [UE 55839] UL: SNR = 56.00 dB | SE = 18.324 bit/s/Hz
[71384 ms] [UE 47098] UL: SNR = 51.00 dB | SE = 16.688 bit/s/Hz
[71384 ms] [UE 59499] UL: SNR = 53.50 dB | SE = 17.506 bit/s/Hz
[71384 ms] [UE 12524] UL: SNR = 56.50 dB | SE = 18.487 bit/s/Hz
[71397 ms] [UE 14608] UL: SNR = 63.50 dB | SE = 20.778 bit/s/Hz
[71397 ms] [UE 54487] UL: SNR = 63.50 dB | SE = 20.778 bit/s/Hz
[71397 ms] [UE 2959] UL: SNR = 34.00 dB | SE = 11.126 bit/s/Hz
[71397 ms] [UE 14350] UL: SNR = 63.50 dB | SE = 20.778 bit/s/Hz
[71397 ms] [UE 37624] UL: SNR = 63.50 dB | SE = 20.778 bit/s/Hz
[71397 ms] [UE 18432] UL: SNR = 63.50 dB | SE = 20.778 bit/s/Hz
[71397 ms] [UE 55143] UL: SNR = 63.50 dB | SE = 20.778 bit/s/Hz
[71397 ms] [UE 55862] UL: SNR = 63.50 dB | SE = 20.778 bit/s/Hz
[71397 ms] [UE 62817] UL: SNR = 52.00 dB | SE = 17.015 bit/s/Hz
[71397 ms] [UE 5257] UL: SNR = 63.50 dB | SE = 20.778 bit/s/Hz
[72394 ms] [UE 54141] UL: SNR = 63.50 dB | SE = 20.778 bit/s/Hz
[72394 ms] [UE 14002] UL: SNR = 53.00 dB | SE = 17.342 bit/s/Hz
[72394 ms] [UE 55839] UL: SNR = 56.00 dB | SE = 18.324 bit/s/Hz
[72394 ms] [UE 47098] UL: SNR = 51.00 dB | SE = 16.688 bit/s/Hz
[72394 ms] [UE 59499] UL: SNR = 53.50 dB | SE = 17.506 bit/s/Hz
[72394 ms] [UE 12524] UL: SNR = 56.50 dB | SE = 18.487 bit/s/Hz
[72407 ms] [UE 14608] UL: SNR = 63.50 dB | SE = 20.778 bit/s/Hz
[72407 ms] [UE 54487] UL: SNR = 63.50 dB | SE = 20.778 bit/s/Hz
[72407 ms] [UE 2959] UL: SNR = 34.00 dB | SE = 11.126 bit/s/Hz
[72407 ms] [UE 14350] UL: SNR = 63.50 dB | SE = 20.778 bit/s/Hz
[72407 ms] [UE 37624] UL: SNR = 63.50 dB | SE = 20.778 bit/s/Hz
[72407 ms] [UE 18432] UL: SNR = 63.50 dB | SE = 20.778 bit/s/Hz
[72407 ms] [UE 55143] UL: SNR = 63.50 dB | SE = 20.778 bit/s/Hz
[72407 ms] [UE 55862] UL: SNR = 63.50 dB | SE = 20.778 bit/s/Hz
[72407 ms] [UE 62817] UL: SNR = 52.00 dB | SE = 17.015 bit/s/Hz
[72407 ms] [UE 5257] UL: SNR = 63.50 dB | SE = 20.778 bit/s/Hz
[73395 ms] [UE 54141] UL: SNR = 63.50 dB | SE = 20.778 bit/s/Hz
[73395 ms] [UE 14002] UL: SNR = 53.00 dB | SE = 17.342 bit/s/Hz
[73395 ms] [UE 55839] UL: SNR = 56.00 dB | SE = 18.324 bit/s/Hz
[73395 ms] [UE 47098] UL: SNR = 51.00 dB | SE = 16.688 bit/s/Hz
[73395 ms] [UE 59499] UL: SNR = 53.50 dB | SE = 17.506 bit/s/Hz
[73395 ms] [UE 12524] UL: SNR = 56.50 dB | SE = 18.487 bit/s/Hz
[73417 ms] [UE 14608] UL: SNR = 63.50 dB | SE = 20.778 bit/s/Hz
[73417 ms] [UE 54487] UL: SNR = 63.50 dB | SE = 20.778 bit/s/Hz
[73417 ms] [UE 2959] UL: SNR = 34.00 dB | SE = 11.126 bit/s/Hz
[73417 ms] [UE 14350] UL: SNR = 63.50 dB | SE = 20.778 bit/s/Hz
[73417 ms] [UE 37624] UL: SNR = 63.50 dB | SE = 20.778 bit/s/Hz
[73417 ms] [UE 18432] UL: SNR = 63.50 dB | SE = 20.778 bit/s/Hz
[73417 ms] [UE 55143] UL: SNR = 63.50 dB | SE = 20.778 bit/s/Hz
[73417 ms] [UE 55862] UL: SNR = 63.50 dB | SE = 20.778 bit/s/Hz
[73417 ms] [UE 62817] UL: SNR = 52.00 dB | SE = 17.015 bit/s/Hz
[73417 ms] [UE 5257] UL: SNR = 63.50 dB | SE = 20.778 bit/s/Hz
[74404 ms] [UE 54141] UL: SNR = 63.50 dB | SE = 20.778 bit/s/Hz
[74404 ms] [UE 14002] UL: SNR = 59.00 dB | SE = 19.305 bit/s/Hz
[74404 ms] [UE 55839] UL: SNR = 60.00 dB | SE = 19.633 bit/s/Hz
[74404 ms] [UE 47098] UL: SNR = 51.00 dB | SE = 16.688 bit/s/Hz
[74404 ms] [UE 59499] UL: SNR = 53.50 dB | SE = 17.506 bit/s/Hz
[74404 ms] [UE 12524] UL: SNR = 56.50 dB | SE = 18.487 bit/s/Hz
[74417 ms] [UE 14608] UL: SNR = 63.50 dB | SE = 20.778 bit/s/Hz
[74417 ms] [UE 54487] UL: SNR = 63.50 dB | SE = 20.778 bit/s/Hz
[74417 ms] [UE 2959] UL: SNR = 34.00 dB | SE = 11.126 bit/s/Hz
[74417 ms] [UE 14350] UL: SNR = 63.50 dB | SE = 20.778 bit/s/Hz
[74417 ms] [UE 37624] UL: SNR = 63.50 dB | SE = 20.778 bit/s/Hz
[74417 ms] [UE 18432] UL: SNR = 63.50 dB | SE = 20.778 bit/s/Hz
[74417 ms] [UE 55143] UL: SNR = 63.50 dB | SE = 20.778 bit/s/Hz
[74417 ms] [UE 55862] UL: SNR = 63.50 dB | SE = 20.778 bit/s/Hz
[74417 ms] [UE 62817] UL: SNR = 52.00 dB | SE = 17.015 bit/s/Hz
[74417 ms] [UE 5257] UL: SNR = 63.50 dB | SE = 20.778 bit/s/Hz
[75415 ms] [UE 54141] UL: SNR = 63.50 dB | SE = 20.778 bit/s/Hz
[75415 ms] [UE 14002] UL: SNR = 59.00 dB | SE = 19.305 bit/s/Hz
[75415 ms] [UE 55839] UL: SNR = 60.00 dB | SE = 19.633 bit/s/Hz
[75415 ms] [UE 47098] UL: SNR = 55.50 dB | SE = 18.160 bit/s/Hz
[75415 ms] [UE 59499] UL: SNR = 53.50 dB | SE = 17.506 bit/s/Hz
[75415 ms] [UE 12524] UL: SNR = 56.50 dB | SE = 18.487 bit/s/Hz
[75417 ms] [UE 14608] UL: SNR = 63.50 dB | SE = 20.778 bit/s/Hz
[75417 ms] [UE 54487] UL: SNR = 63.50 dB | SE = 20.778 bit/s/Hz
[75417 ms] [UE 2959] UL: SNR = 34.00 dB | SE = 11.126 bit/s/Hz
[75417 ms] [UE 14350] UL: SNR = 63.50 dB | SE = 20.778 bit/s/Hz
[75417 ms] [UE 37624] UL: SNR = 63.50 dB | SE = 20.778 bit/s/Hz
[75417 ms] [UE 18432] UL: SNR = 63.50 dB | SE = 20.778 bit/s/Hz
[75417 ms] [UE 55143] UL: SNR = 63.50 dB | SE = 20.778 bit/s/Hz
[75417 ms] [UE 55862] UL: SNR = 63.50 dB | SE = 20.778 bit/s/Hz
[75417 ms] [UE 62817] UL: SNR = 52.00 dB | SE = 17.015 bit/s/Hz
[75417 ms] [UE 5257] UL: SNR = 63.50 dB | SE = 20.778 bit/s/Hz
[76424 ms] [UE 54141] UL: SNR = 63.50 dB | SE = 20.778 bit/s/Hz
[76424 ms] [UE 14002] UL: SNR = 53.50 dB | SE = 17.506 bit/s/Hz
[76424 ms] [UE 55839] UL: SNR = 56.00 dB | SE = 18.324 bit/s/Hz
[76424 ms] [UE 47098] UL: SNR = 51.50 dB | SE = 16.851 bit/s/Hz
[76424 ms] [UE 59499] UL: SNR = 53.50 dB | SE = 17.506 bit/s/Hz
[76424 ms] [UE 12524] UL: SNR = 56.50 dB | SE = 18.487 bit/s/Hz
[76427 ms] [UE 14608] UL: SNR = 63.50 dB | SE = 20.778 bit/s/Hz
[76427 ms] [UE 54487] UL: SNR = 63.50 dB | SE = 20.778 bit/s/Hz
[76427 ms] [UE 2959] UL: SNR = 34.00 dB | SE = 11.126 bit/s/Hz
[76427 ms] [UE 14350] UL: SNR = 63.50 dB | SE = 20.778 bit/s/Hz
[76427 ms] [UE 37624] UL: SNR = 63.50 dB | SE = 20.778 bit/s/Hz
[76427 ms] [UE 18432] UL: SNR = 63.50 dB | SE = 20.778 bit/s/Hz
[76427 ms] [UE 55143] UL: SNR = 63.50 dB | SE = 20.778 bit/s/Hz
[76427 ms] [UE 55862] UL: SNR = 63.50 dB | SE = 20.778 bit/s/Hz
[76427 ms] [UE 62817] UL: SNR = 52.00 dB | SE = 17.015 bit/s/Hz
[76427 ms] [UE 5257] UL: SNR = 63.50 dB | SE = 20.778 bit/s/Hz
[77427 ms] [UE 14608] UL: SNR = 63.50 dB | SE = 20.778 bit/s/Hz
[77427 ms] [UE 54487] UL: SNR = 63.50 dB | SE = 20.778 bit/s/Hz
[77427 ms] [UE 2959] UL: SNR = 34.00 dB | SE = 11.126 bit/s/Hz
[77427 ms] [UE 14350] UL: SNR = 63.50 dB | SE = 20.778 bit/s/Hz
[77427 ms] [UE 37624] UL: SNR = 63.50 dB | SE = 20.778 bit/s/Hz
[77427 ms] [UE 18432] UL: SNR = 63.50 dB | SE = 20.778 bit/s/Hz
[77427 ms] [UE 55143] UL: SNR = 63.50 dB | SE = 20.778 bit/s/Hz
[77427 ms] [UE 55862] UL: SNR = 63.50 dB | SE = 20.778 bit/s/Hz
[77427 ms] [UE 62817] UL: SNR = 52.00 dB | SE = 17.015 bit/s/Hz
[77427 ms] [UE 5257] UL: SNR = 63.50 dB | SE = 20.778 bit/s/Hz
[77434 ms] [UE 54141] UL: SNR = 63.50 dB | SE = 20.778 bit/s/Hz
[77434 ms] [UE 14002] UL: SNR = 53.50 dB | SE = 17.506 bit/s/Hz
[77434 ms] [UE 55839] UL: SNR = 56.00 dB | SE = 18.324 bit/s/Hz
[77434 ms] [UE 47098] UL: SNR = 51.50 dB | SE = 16.851 bit/s/Hz
[77434 ms] [UE 59499] UL: SNR = 53.50 dB | SE = 17.506 bit/s/Hz
[77434 ms] [UE 12524] UL: SNR = 56.50 dB | SE = 18.487 bit/s/Hz
[78427 ms] [UE 14608] UL: SNR = 63.50 dB | SE = 20.778 bit/s/Hz
[78427 ms] [UE 54487] UL: SNR = 63.50 dB | SE = 20.778 bit/s/Hz
[78427 ms] [UE 2959] UL: SNR = 34.00 dB | SE = 11.126 bit/s/Hz
[78427 ms] [UE 14350] UL: SNR = 63.50 dB | SE = 20.778 bit/s/Hz
[78427 ms] [UE 37624] UL: SNR = 63.50 dB | SE = 20.778 bit/s/Hz
[78427 ms] [UE 18432] UL: SNR = 63.50 dB | SE = 20.778 bit/s/Hz
[78427 ms] [UE 55143] UL: SNR = 63.50 dB | SE = 20.778 bit/s/Hz
[78427 ms] [UE 55862] UL: SNR = 63.50 dB | SE = 20.778 bit/s/Hz
[78427 ms] [UE 62817] UL: SNR = 52.00 dB | SE = 17.015 bit/s/Hz
[78427 ms] [UE 5257] UL: SNR = 63.50 dB | SE = 20.778 bit/s/Hz
[78434 ms] [UE 54141] UL: SNR = 63.50 dB | SE = 20.778 bit/s/Hz
[78434 ms] [UE 14002] UL: SNR = 53.50 dB | SE = 17.506 bit/s/Hz
[78434 ms] [UE 55839] UL: SNR = 56.00 dB | SE = 18.324 bit/s/Hz
[78434 ms] [UE 47098] UL: SNR = 51.50 dB | SE = 16.851 bit/s/Hz
[78434 ms] [UE 59499] UL: SNR = 53.50 dB | SE = 17.506 bit/s/Hz
[78434 ms] [UE 12524] UL: SNR = 56.50 dB | SE = 18.487 bit/s/Hz
[79434 ms] [UE 54141] UL: SNR = 63.50 dB | SE = 20.778 bit/s/Hz
[79434 ms] [UE 14002] UL: SNR = 53.50 dB | SE = 17.506 bit/s/Hz
[79434 ms] [UE 55839] UL: SNR = 56.00 dB | SE = 18.324 bit/s/Hz
[79434 ms] [UE 47098] UL: SNR = 51.50 dB | SE = 16.851 bit/s/Hz
[79434 ms] [UE 59499] UL: SNR = 53.50 dB | SE = 17.506 bit/s/Hz
[79434 ms] [UE 12524] UL: SNR = 56.50 dB | SE = 18.487 bit/s/Hz
[79437 ms] [UE 14608] UL: SNR = 63.50 dB | SE = 20.778 bit/s/Hz
[79437 ms] [UE 54487] UL: SNR = 63.50 dB | SE = 20.778 bit/s/Hz
[79437 ms] [UE 2959] UL: SNR = 34.00 dB | SE = 11.126 bit/s/Hz
[79437 ms] [UE 14350] UL: SNR = 63.50 dB | SE = 20.778 bit/s/Hz
[79437 ms] [UE 37624] UL: SNR = 63.50 dB | SE = 20.778 bit/s/Hz
[79437 ms] [UE 18432] UL: SNR = 63.50 dB | SE = 20.778 bit/s/Hz
[79437 ms] [UE 55143] UL: SNR = 63.50 dB | SE = 20.778 bit/s/Hz
[79437 ms] [UE 55862] UL: SNR = 63.50 dB | SE = 20.778 bit/s/Hz
[79437 ms] [UE 62817] UL: SNR = 52.00 dB | SE = 17.015 bit/s/Hz
[79437 ms] [UE 5257] UL: SNR = 63.50 dB | SE = 20.778 bit/s/Hz
[80444 ms] [UE 54141] UL: SNR = 63.50 dB | SE = 20.778 bit/s/Hz
[80444 ms] [UE 14002] UL: SNR = 53.50 dB | SE = 17.506 bit/s/Hz
[80444 ms] [UE 55839] UL: SNR = 56.00 dB | SE = 18.324 bit/s/Hz
[80444 ms] [UE 47098] UL: SNR = 51.50 dB | SE = 16.851 bit/s/Hz
[80444 ms] [UE 59499] UL: SNR = 53.50 dB | SE = 17.506 bit/s/Hz
[80444 ms] [UE 12524] UL: SNR = 56.50 dB | SE = 18.487 bit/s/Hz
[80447 ms] [UE 14608] UL: SNR = 63.50 dB | SE = 20.778 bit/s/Hz
[80447 ms] [UE 54487] UL: SNR = 63.50 dB | SE = 20.778 bit/s/Hz
[80447 ms] [UE 2959] UL: SNR = 34.00 dB | SE = 11.126 bit/s/Hz
[80447 ms] [UE 14350] UL: SNR = 63.50 dB | SE = 20.778 bit/s/Hz
[80447 ms] [UE 37624] UL: SNR = 63.50 dB | SE = 20.778 bit/s/Hz
[80447 ms] [UE 18432] UL: SNR = 63.50 dB | SE = 20.778 bit/s/Hz
[80447 ms] [UE 55143] UL: SNR = 63.50 dB | SE = 20.778 bit/s/Hz
[80447 ms] [UE 55862] UL: SNR = 63.50 dB | SE = 20.778 bit/s/Hz
[80447 ms] [UE 62817] UL: SNR = 52.00 dB | SE = 17.015 bit/s/Hz
[80447 ms] [UE 5257] UL: SNR = 63.50 dB | SE = 20.778 bit/s/Hz
[81444 ms] [UE 54141] UL: SNR = 60.50 dB | SE = 19.796 bit/s/Hz
[81444 ms] [UE 14002] UL: SNR = 57.50 dB | SE = 18.815 bit/s/Hz
[81444 ms] [UE 55839] UL: SNR = 56.00 dB | SE = 18.324 bit/s/Hz
[81444 ms] [UE 47098] UL: SNR = 56.50 dB | SE = 18.487 bit/s/Hz
[81444 ms] [UE 59499] UL: SNR = 60.50 dB | SE = 19.796 bit/s/Hz
[81444 ms] [UE 12524] UL: SNR = 56.50 dB | SE = 18.487 bit/s/Hz
[81447 ms] [UE 14608] UL: SNR = 63.50 dB | SE = 20.778 bit/s/Hz
[81447 ms] [UE 54487] UL: SNR = 63.50 dB | SE = 20.778 bit/s/Hz
[81447 ms] [UE 2959] UL: SNR = 34.00 dB | SE = 11.126 bit/s/Hz
[81447 ms] [UE 14350] UL: SNR = 63.50 dB | SE = 20.778 bit/s/Hz
[81447 ms] [UE 37624] UL: SNR = 63.50 dB | SE = 20.778 bit/s/Hz
[81447 ms] [UE 18432] UL: SNR = 63.50 dB | SE = 20.778 bit/s/Hz
[81447 ms] [UE 55143] UL: SNR = 63.50 dB | SE = 20.778 bit/s/Hz
[81447 ms] [UE 55862] UL: SNR = 63.50 dB | SE = 20.778 bit/s/Hz
[81447 ms] [UE 62817] UL: SNR = 52.00 dB | SE = 17.015 bit/s/Hz
[81447 ms] [UE 5257] UL: SNR = 63.50 dB | SE = 20.778 bit/s/Hz
[82455 ms] [UE 54141] UL: SNR = 60.50 dB | SE = 19.796 bit/s/Hz
[82455 ms] [UE 14002] UL: SNR = 59.00 dB | SE = 19.305 bit/s/Hz
[82455 ms] [UE 55839] UL: SNR = 60.00 dB | SE = 19.633 bit/s/Hz
[82455 ms] [UE 47098] UL: SNR = 56.50 dB | SE = 18.487 bit/s/Hz
[82455 ms] [UE 59499] UL: SNR = 53.50 dB | SE = 17.506 bit/s/Hz
[82455 ms] [UE 12524] UL: SNR = 56.50 dB | SE = 18.487 bit/s/Hz
[82458 ms] [UE 14608] UL: SNR = 63.50 dB | SE = 20.778 bit/s/Hz
[82458 ms] [UE 54487] UL: SNR = 63.50 dB | SE = 20.778 bit/s/Hz
[82458 ms] [UE 2959] UL: SNR = 34.00 dB | SE = 11.126 bit/s/Hz
[82458 ms] [UE 14350] UL: SNR = 63.50 dB | SE = 20.778 bit/s/Hz
[82458 ms] [UE 37624] UL: SNR = 63.50 dB | SE = 20.778 bit/s/Hz
[82458 ms] [UE 18432] UL: SNR = 63.50 dB | SE = 20.778 bit/s/Hz
[82458 ms] [UE 55143] UL: SNR = 63.50 dB | SE = 20.778 bit/s/Hz
[82458 ms] [UE 55862] UL: SNR = 63.50 dB | SE = 20.778 bit/s/Hz
[82458 ms] [UE 62817] UL: SNR = 52.00 dB | SE = 17.015 bit/s/Hz
[82458 ms] [UE 5257] UL: SNR = 63.50 dB | SE = 20.778 bit/s/Hz
[83464 ms] [UE 54141] UL: SNR = 60.50 dB | SE = 19.796 bit/s/Hz
[83464 ms] [UE 14002] UL: SNR = 53.50 dB | SE = 17.506 bit/s/Hz
[83464 ms] [UE 55839] UL: SNR = 56.50 dB | SE = 18.487 bit/s/Hz
[83464 ms] [UE 47098] UL: SNR = 51.50 dB | SE = 16.851 bit/s/Hz
[83464 ms] [UE 59499] UL: SNR = 53.50 dB | SE = 17.506 bit/s/Hz
[83464 ms] [UE 12524] UL: SNR = 56.50 dB | SE = 18.487 bit/s/Hz
[83467 ms] [UE 14608] UL: SNR = 63.50 dB | SE = 20.778 bit/s/Hz
[83467 ms] [UE 54487] UL: SNR = 63.50 dB | SE = 20.778 bit/s/Hz
[83467 ms] [UE 2959] UL: SNR = 34.00 dB | SE = 11.126 bit/s/Hz
[83467 ms] [UE 14350] UL: SNR = 63.50 dB | SE = 20.778 bit/s/Hz
[83467 ms] [UE 37624] UL: SNR = 63.50 dB | SE = 20.778 bit/s/Hz
[83467 ms] [UE 18432] UL: SNR = 63.50 dB | SE = 20.778 bit/s/Hz
[83467 ms] [UE 55143] UL: SNR = 63.50 dB | SE = 20.778 bit/s/Hz
[83467 ms] [UE 55862] UL: SNR = 63.50 dB | SE = 20.778 bit/s/Hz
[83467 ms] [UE 62817] UL: SNR = 52.00 dB | SE = 17.015 bit/s/Hz
[83467 ms] [UE 5257] UL: SNR = 63.50 dB | SE = 20.778 bit/s/Hz
[84465 ms] [UE 54141] UL: SNR = 63.50 dB | SE = 20.778 bit/s/Hz
[84465 ms] [UE 14002] UL: SNR = 53.50 dB | SE = 17.506 bit/s/Hz
[84465 ms] [UE 55839] UL: SNR = 56.50 dB | SE = 18.487 bit/s/Hz
[84465 ms] [UE 47098] UL: SNR = 51.50 dB | SE = 16.851 bit/s/Hz
[84465 ms] [UE 59499] UL: SNR = 53.50 dB | SE = 17.506 bit/s/Hz
[84465 ms] [UE 12524] UL: SNR = 56.50 dB | SE = 18.487 bit/s/Hz
[84478 ms] [UE 14608] UL: SNR = 63.50 dB | SE = 20.778 bit/s/Hz
[84478 ms] [UE 54487] UL: SNR = 63.50 dB | SE = 20.778 bit/s/Hz
[84478 ms] [UE 2959] UL: SNR = 34.00 dB | SE = 11.126 bit/s/Hz
[84478 ms] [UE 14350] UL: SNR = 63.50 dB | SE = 20.778 bit/s/Hz
[84478 ms] [UE 37624] UL: SNR = 63.50 dB | SE = 20.778 bit/s/Hz
[84478 ms] [UE 18432] UL: SNR = 63.50 dB | SE = 20.778 bit/s/Hz
[84478 ms] [UE 55143] UL: SNR = 63.50 dB | SE = 20.778 bit/s/Hz
[84478 ms] [UE 55862] UL: SNR = 63.50 dB | SE = 20.778 bit/s/Hz
[84478 ms] [UE 62817] UL: SNR = 52.00 dB | SE = 17.015 bit/s/Hz
[84478 ms] [UE 5257] UL: SNR = 63.50 dB | SE = 20.778 bit/s/Hz
[85474 ms] [UE 54141] UL: SNR = 63.50 dB | SE = 20.778 bit/s/Hz
[85474 ms] [UE 14002] UL: SNR = 53.50 dB | SE = 17.506 bit/s/Hz
[85474 ms] [UE 55839] UL: SNR = 56.50 dB | SE = 18.487 bit/s/Hz
[85474 ms] [UE 47098] UL: SNR = 51.50 dB | SE = 16.851 bit/s/Hz
[85474 ms] [UE 59499] UL: SNR = 53.50 dB | SE = 17.506 bit/s/Hz
[85474 ms] [UE 12524] UL: SNR = 56.50 dB | SE = 18.487 bit/s/Hz
[85487 ms] [UE 14608] UL: SNR = 63.50 dB | SE = 20.778 bit/s/Hz
[85487 ms] [UE 54487] UL: SNR = 63.50 dB | SE = 20.778 bit/s/Hz
[85487 ms] [UE 2959] UL: SNR = 34.00 dB | SE = 11.126 bit/s/Hz
[85487 ms] [UE 14350] UL: SNR = 63.50 dB | SE = 20.778 bit/s/Hz
[85487 ms] [UE 37624] UL: SNR = 63.50 dB | SE = 20.778 bit/s/Hz
[85487 ms] [UE 18432] UL: SNR = 63.50 dB | SE = 20.778 bit/s/Hz
[85487 ms] [UE 55143] UL: SNR = 63.50 dB | SE = 20.778 bit/s/Hz
[85487 ms] [UE 55862] UL: SNR = 63.50 dB | SE = 20.778 bit/s/Hz
[85487 ms] [UE 62817] UL: SNR = 52.00 dB | SE = 17.015 bit/s/Hz
[85487 ms] [UE 5257] UL: SNR = 63.50 dB | SE = 20.778 bit/s/Hz
[86475 ms] [UE 54141] UL: SNR = 63.50 dB | SE = 20.778 bit/s/Hz
[86475 ms] [UE 14002] UL: SNR = 53.50 dB | SE = 17.506 bit/s/Hz
[86475 ms] [UE 55839] UL: SNR = 56.50 dB | SE = 18.487 bit/s/Hz
[86475 ms] [UE 47098] UL: SNR = 51.50 dB | SE = 16.851 bit/s/Hz
[86475 ms] [UE 59499] UL: SNR = 53.50 dB | SE = 17.506 bit/s/Hz
[86475 ms] [UE 12524] UL: SNR = 56.50 dB | SE = 18.487 bit/s/Hz
[86487 ms] [UE 14608] UL: SNR = 63.50 dB | SE = 20.778 bit/s/Hz
[86487 ms] [UE 54487] UL: SNR = 63.50 dB | SE = 20.778 bit/s/Hz
[86487 ms] [UE 2959] UL: SNR = 34.00 dB | SE = 11.126 bit/s/Hz
[86487 ms] [UE 14350] UL: SNR = 63.50 dB | SE = 20.778 bit/s/Hz
[86487 ms] [UE 37624] UL: SNR = 63.50 dB | SE = 20.778 bit/s/Hz
[86487 ms] [UE 18432] UL: SNR = 63.50 dB | SE = 20.778 bit/s/Hz
[86487 ms] [UE 55143] UL: SNR = 63.50 dB | SE = 20.778 bit/s/Hz
[86487 ms] [UE 55862] UL: SNR = 63.50 dB | SE = 20.778 bit/s/Hz
[86487 ms] [UE 62817] UL: SNR = 52.00 dB | SE = 17.015 bit/s/Hz
[86487 ms] [UE 5257] UL: SNR = 63.50 dB | SE = 20.778 bit/s/Hz
[87475 ms] [UE 54141] UL: SNR = 63.50 dB | SE = 20.778 bit/s/Hz
[87475 ms] [UE 14002] UL: SNR = 53.50 dB | SE = 17.506 bit/s/Hz
[87475 ms] [UE 55839] UL: SNR = 56.50 dB | SE = 18.487 bit/s/Hz
[87475 ms] [UE 47098] UL: SNR = 51.50 dB | SE = 16.851 bit/s/Hz
[87475 ms] [UE 59499] UL: SNR = 53.50 dB | SE = 17.506 bit/s/Hz
[87475 ms] [UE 12524] UL: SNR = 56.50 dB | SE = 18.487 bit/s/Hz
[87487 ms] [UE 14608] UL: SNR = 63.50 dB | SE = 20.778 bit/s/Hz
[87487 ms] [UE 54487] UL: SNR = 63.50 dB | SE = 20.778 bit/s/Hz
[87487 ms] [UE 2959] UL: SNR = 34.00 dB | SE = 11.126 bit/s/Hz
[87487 ms] [UE 14350] UL: SNR = 63.50 dB | SE = 20.778 bit/s/Hz
[87487 ms] [UE 37624] UL: SNR = 63.50 dB | SE = 20.778 bit/s/Hz
[87487 ms] [UE 18432] UL: SNR = 63.50 dB | SE = 20.778 bit/s/Hz
[87487 ms] [UE 55143] UL: SNR = 63.50 dB | SE = 20.778 bit/s/Hz
[87487 ms] [UE 55862] UL: SNR = 63.50 dB | SE = 20.778 bit/s/Hz
[87487 ms] [UE 62817] UL: SNR = 52.00 dB | SE = 17.015 bit/s/Hz
[87487 ms] [UE 5257] UL: SNR = 63.50 dB | SE = 20.778 bit/s/Hz
[88484 ms] [UE 54141] UL: SNR = 63.50 dB | SE = 20.778 bit/s/Hz
[88484 ms] [UE 14002] UL: SNR = 53.50 dB | SE = 17.506 bit/s/Hz
[88484 ms] [UE 55839] UL: SNR = 56.50 dB | SE = 18.487 bit/s/Hz
[88484 ms] [UE 47098] UL: SNR = 51.50 dB | SE = 16.851 bit/s/Hz
[88484 ms] [UE 59499] UL: SNR = 53.50 dB | SE = 17.506 bit/s/Hz
[88484 ms] [UE 12524] UL: SNR = 56.50 dB | SE = 18.487 bit/s/Hz
[88497 ms] [UE 14608] UL: SNR = 63.50 dB | SE = 20.778 bit/s/Hz
[88497 ms] [UE 54487] UL: SNR = 63.50 dB | SE = 20.778 bit/s/Hz
[88497 ms] [UE 2959] UL: SNR = 34.00 dB | SE = 11.126 bit/s/Hz
[88497 ms] [UE 14350] UL: SNR = 63.50 dB | SE = 20.778 bit/s/Hz
[88497 ms] [UE 37624] UL: SNR = 63.50 dB | SE = 20.778 bit/s/Hz
[88497 ms] [UE 18432] UL: SNR = 63.50 dB | SE = 20.778 bit/s/Hz
[88497 ms] [UE 55143] UL: SNR = 63.50 dB | SE = 20.778 bit/s/Hz
[88497 ms] [UE 55862] UL: SNR = 63.50 dB | SE = 20.778 bit/s/Hz
[88497 ms] [UE 62817] UL: SNR = 52.00 dB | SE = 17.015 bit/s/Hz
[88497 ms] [UE 5257] UL: SNR = 63.50 dB | SE = 20.778 bit/s/Hz
[89485 ms] [UE 54141] UL: SNR = 63.50 dB | SE = 20.778 bit/s/Hz
[89485 ms] [UE 14002] UL: SNR = 59.00 dB | SE = 19.305 bit/s/Hz
[89485 ms] [UE 55839] UL: SNR = 60.00 dB | SE = 19.633 bit/s/Hz
[89485 ms] [UE 47098] UL: SNR = 51.50 dB | SE = 16.851 bit/s/Hz
[89485 ms] [UE 59499] UL: SNR = 53.50 dB | SE = 17.506 bit/s/Hz
[89485 ms] [UE 12524] UL: SNR = 56.50 dB | SE = 18.487 bit/s/Hz
[89498 ms] [UE 14608] UL: SNR = 63.50 dB | SE = 20.778 bit/s/Hz
[89498 ms] [UE 54487] UL: SNR = 63.50 dB | SE = 20.778 bit/s/Hz
[89498 ms] [UE 2959] UL: SNR = 34.00 dB | SE = 11.126 bit/s/Hz
[89498 ms] [UE 14350] UL: SNR = 63.50 dB | SE = 20.778 bit/s/Hz
[89498 ms] [UE 37624] UL: SNR = 63.50 dB | SE = 20.778 bit/s/Hz
[89498 ms] [UE 18432] UL: SNR = 63.50 dB | SE = 20.778 bit/s/Hz
[89498 ms] [UE 55143] UL: SNR = 63.50 dB | SE = 20.778 bit/s/Hz
[89498 ms] [UE 55862] UL: SNR = 63.50 dB | SE = 20.778 bit/s/Hz
[89498 ms] [UE 62817] UL: SNR = 52.00 dB | SE = 17.015 bit/s/Hz
[89498 ms] [UE 5257] UL: SNR = 63.50 dB | SE = 20.778 bit/s/Hz
[xApp]: E42 RIC_SUBSCRIPTION_DELETE_REQUEST tx RAN_FUNC_ID 142 RIC_REQ_ID 1 
[xApp]: E42 SUBSCRIPTION DELETE RESPONSE rx
[xApp]: E42 RIC_SUBSCRIPTION_DELETE_REQUEST tx RAN_FUNC_ID 142 RIC_REQ_ID 2 
[xApp]: E42 SUBSCRIPTION DELETE RESPONSE rx
[xApp]: Sucessfully stopped 
Test xApp run SUCCESSFULLY
