[UTIL]: Setting the config -c file to /usr/local/etc/flexric/flexric.conf
[UTIL]: Setting path -p for the shared libraries to /usr/local/lib/flexric/
[xAapp]: Initializing ... 
[xApp]: nearRT-RIC IP Address = 192.168.70.150, PORT = 36422
[E2 AGENT]: Opening plugin from path = /usr/local/lib/flexric/libkpm_sm.so 
[E2 AGENT]: Opening plugin from path = /usr/local/lib/flexric/libmac_sm.so 
[E2 AGENT]: Opening plugin from path = /usr/local/lib/flexric/libpdcp_sm.so 
[E2 AGENT]: Opening plugin from path = /usr/local/lib/flexric/libgtp_sm.so 
[E2 AGENT]: Opening plugin from path = /usr/local/lib/flexric/librc_sm.so 
[E2 AGENT]: Opening plugin from path = /usr/local/lib/flexric/libtc_sm.so 
[E2 AGENT]: Opening plugin from path = /usr/local/lib/flexric/librlc_sm.so 
[E2 AGENT]: Opening plugin from path = /usr/local/lib/flexric/libslice_sm.so 
[NEAR-RIC]: Loading SM ID = 2 with def = ORAN-E2SM-KPM 
[NEAR-RIC]: Loading SM ID = 142 with def = MAC_STATS_V0 
[NEAR-RIC]: Loading SM ID = 144 with def = PDCP_STATS_V0 
[NEAR-RIC]: Loading SM ID = 148 with def = GTP_STATS_V0 
[NEAR-RIC]: Loading SM ID = 3 with def = ORAN-E2SM-RC 
[NEAR-RIC]: Loading SM ID = 146 with def = TC_STATS_V0 
[NEAR-RIC]: Loading SM ID = 143 with def = RLC_STATS_V0 
[NEAR-RIC]: Loading SM ID = 145 with def = SLICE_STATS_V0 
[xApp]: DB filename = /tmp/flexric/xapp_db 
 [xApp]: E42 SETUP-REQUEST tx
[xApp]: E42 SETUP-RESPONSE rx 
[xApp]: xApp ID = 18 
[xApp]: Registered E2 Nodes = 4 
Connected E2 nodes = 4
[xAPP] Registered node 0 ran func id = 2 
[xAPP] Registered node 0 ran func id = 3 
[xAPP] Registered node 0 ran func id = 142 
[xAPP] Registered node 0 ran func id = 143 
[xAPP] Registered node 0 ran func id = 144 
[xAPP] Registered node 0 ran func id = 145 
[xAPP] Registered node 0 ran func id = 146 
[xAPP] Registered node 0 ran func id = 148 
[xAPP] CU or CUUP, don't do anything
[xAPP] Registered node 1 ran func id = 2 
[xAPP] Registered node 1 ran func id = 3 
[xAPP] Registered node 1 ran func id = 142 
[xAPP] Registered node 1 ran func id = 143 
[xAPP] Registered node 1 ran func id = 144 
[xAPP] Registered node 1 ran func id = 145 
[xAPP] Registered node 1 ran func id = 146 
[xAPP] Registered node 1 ran func id = 148 
[xAPP] Registered node 2 ran func id = 2 
[xAPP] Registered node 2 ran func id = 3 
[xAPP] Registered node 2 ran func id = 142 
[xAPP] Registered node 2 ran func id = 143 
[xAPP] Registered node 2 ran func id = 144 
[xAPP] Registered node 2 ran func id = 145 
[xAPP] Registered node 2 ran func id = 146 
[xAPP] Registered node 2 ran func id = 148 
[xApp] DU detected
[xApp]: E42 RIC SUBSCRIPTION REQUEST tx RAN_FUNC_ID 142 RIC_REQ_ID 1 
[xApp]: SUBSCRIPTION RESPONSE rx
[xApp]: Successfully subscribed to RAN_FUNC_ID 142 
[xAPP] Registered node 3 ran func id = 2 
[xAPP] Registered node 3 ran func id = 3 
[xAPP] Registered node 3 ran func id = 142 
[xAPP] Registered node 3 ran func id = 143 
[xAPP] Registered node 3 ran func id = 144 
[xAPP] Registered node 3 ran func id = 145 
[xAPP] Registered node 3 ran func id = 146 
[xAPP] Registered node 3 ran func id = 148 
[xApp] DU detected
[xApp]: E42 RIC SUBSCRIPTION REQUEST tx RAN_FUNC_ID 142 RIC_REQ_ID 2 
[xApp]: SUBSCRIPTION RESPONSE rx
[xApp]: Successfully subscribed to RAN_FUNC_ID 142 
[   12 ms] [UE 39736] UL: SNR = 63.50 dB | SE = 20.778 bit/s/Hz
[  123 ms] [UE 39736] UL: SNR = 63.50 dB | SE = 20.778 bit/s/Hz
[  232 ms] [UE 39736] UL: SNR = 63.50 dB | SE = 20.778 bit/s/Hz
[  343 ms] [UE 39736] UL: SNR = 63.50 dB | SE = 20.778 bit/s/Hz
[  443 ms] [UE 39736] UL: SNR = 63.50 dB | SE = 20.778 bit/s/Hz
[  553 ms] [UE 39736] UL: SNR = 63.50 dB | SE = 20.778 bit/s/Hz
[  662 ms] [UE 39736] UL: SNR = 63.50 dB | SE = 20.778 bit/s/Hz
[  762 ms] [UE 39736] UL: SNR = 63.50 dB | SE = 20.778 bit/s/Hz
[  872 ms] [UE 39736] UL: SNR = 63.50 dB | SE = 20.778 bit/s/Hz
[  983 ms] [UE 39736] UL: SNR = 63.50 dB | SE = 20.778 bit/s/Hz
[ 1083 ms] [UE 39736] UL: SNR = 63.50 dB | SE = 20.778 bit/s/Hz
[ 1183 ms] [UE 39736] UL: SNR = 63.50 dB | SE = 20.778 bit/s/Hz
[ 1293 ms] [UE 39736] UL: SNR = 63.50 dB | SE = 20.778 bit/s/Hz
[ 1403 ms] [UE 39736] UL: SNR = 63.50 dB | SE = 20.778 bit/s/Hz
[ 1512 ms] [UE 39736] UL: SNR = 63.50 dB | SE = 20.778 bit/s/Hz
[ 1613 ms] [UE 39736] UL: SNR = 63.50 dB | SE = 20.778 bit/s/Hz
[ 1723 ms] [UE 39736] UL: SNR = 63.50 dB | SE = 20.778 bit/s/Hz
[ 1833 ms] [UE 39736] UL: SNR = 63.50 dB | SE = 20.778 bit/s/Hz
[ 1942 ms] [UE 39736] UL: SNR = 63.50 dB | SE = 20.778 bit/s/Hz
[ 2043 ms] [UE 39736] UL: SNR = 63.50 dB | SE = 20.778 bit/s/Hz
[ 2153 ms] [UE 39736] UL: SNR = 63.50 dB | SE = 20.778 bit/s/Hz
[ 2262 ms] [UE 39736] UL: SNR = 63.50 dB | SE = 20.778 bit/s/Hz
[ 2363 ms] [UE 39736] UL: SNR = 63.50 dB | SE = 20.778 bit/s/Hz
[ 2472 ms] [UE 39736] UL: SNR = 63.50 dB | SE = 20.778 bit/s/Hz
[ 2573 ms] [UE 39736] UL: SNR = 63.50 dB | SE = 20.778 bit/s/Hz
[ 2683 ms] [UE 39736] UL: SNR = 63.50 dB | SE = 20.778 bit/s/Hz
[ 2792 ms] [UE 39736] UL: SNR = 63.50 dB | SE = 20.778 bit/s/Hz
[ 2893 ms] [UE 39736] UL: SNR = 63.50 dB | SE = 20.778 bit/s/Hz
[ 2993 ms] [UE 39736] UL: SNR = 63.50 dB | SE = 20.778 bit/s/Hz
[ 3103 ms] [UE 39736] UL: SNR = 63.50 dB | SE = 20.778 bit/s/Hz
[ 3203 ms] [UE 39736] UL: SNR = 63.50 dB | SE = 20.778 bit/s/Hz
[ 3312 ms] [UE 39736] UL: SNR = 63.50 dB | SE = 20.778 bit/s/Hz
[ 3422 ms] [UE 39736] UL: SNR = 63.50 dB | SE = 20.778 bit/s/Hz
[ 3523 ms] [UE 39736] UL: SNR = 63.50 dB | SE = 20.778 bit/s/Hz
[ 3633 ms] [UE 39736] UL: SNR = 63.50 dB | SE = 20.778 bit/s/Hz
[ 3742 ms] [UE 39736] UL: SNR = 63.50 dB | SE = 20.778 bit/s/Hz
[ 3842 ms] [UE 39736] UL: SNR = 63.50 dB | SE = 20.778 bit/s/Hz
[ 3943 ms] [UE 39736] UL: SNR = 63.50 dB | SE = 20.778 bit/s/Hz
[ 4043 ms] [UE 39736] UL: SNR = 63.50 dB | SE = 20.778 bit/s/Hz
[ 4153 ms] [UE 39736] UL: SNR = 63.50 dB | SE = 20.778 bit/s/Hz
[ 4262 ms] [UE 39736] UL: SNR = 63.50 dB | SE = 20.778 bit/s/Hz
[ 4363 ms] [UE 39736] UL: SNR = 63.50 dB | SE = 20.778 bit/s/Hz
[ 4463 ms] [UE 39736] UL: SNR = 63.50 dB | SE = 20.778 bit/s/Hz
[ 4573 ms] [UE 39736] UL: SNR = 63.50 dB | SE = 20.778 bit/s/Hz
[ 4683 ms] [UE 39736] UL: SNR = 63.50 dB | SE = 20.778 bit/s/Hz
[ 4794 ms] [UE 39736] UL: SNR = 63.50 dB | SE = 20.778 bit/s/Hz
[ 4903 ms] [UE 39736] UL: SNR = 63.50 dB | SE = 20.778 bit/s/Hz
[ 5013 ms] [UE 39736] UL: SNR = 63.50 dB | SE = 20.778 bit/s/Hz
[ 5113 ms] [UE 39736] UL: SNR = 63.50 dB | SE = 20.778 bit/s/Hz
[ 5223 ms] [UE 39736] UL: SNR = 63.50 dB | SE = 20.778 bit/s/Hz
[ 5323 ms] [UE 39736] UL: SNR = 63.50 dB | SE = 20.778 bit/s/Hz
[ 5433 ms] [UE 39736] UL: SNR = 63.50 dB | SE = 20.778 bit/s/Hz
[ 5542 ms] [UE 39736] UL: SNR = 63.50 dB | SE = 20.778 bit/s/Hz
[ 5643 ms] [UE 39736] UL: SNR = 63.50 dB | SE = 20.778 bit/s/Hz
[ 5752 ms] [UE 39736] UL: SNR = 63.50 dB | SE = 20.778 bit/s/Hz
[ 5852 ms] [UE 39736] UL: SNR = 63.50 dB | SE = 20.778 bit/s/Hz
[ 5953 ms] [UE 39736] UL: SNR = 63.50 dB | SE = 20.778 bit/s/Hz
[ 6063 ms] [UE 39736] UL: SNR = 63.50 dB | SE = 20.778 bit/s/Hz
[ 6163 ms] [UE 39736] UL: SNR = 63.50 dB | SE = 20.778 bit/s/Hz
[ 6273 ms] [UE 39736] UL: SNR = 63.50 dB | SE = 20.778 bit/s/Hz
[ 6383 ms] [UE 39736] UL: SNR = 63.50 dB | SE = 20.778 bit/s/Hz
[ 6493 ms] [UE 39736] UL: SNR = 63.50 dB | SE = 20.778 bit/s/Hz
[ 6593 ms] [UE 39736] UL: SNR = 63.50 dB | SE = 20.778 bit/s/Hz
[ 6693 ms] [UE 39736] UL: SNR = 63.50 dB | SE = 20.778 bit/s/Hz
[ 6803 ms] [UE 39736] UL: SNR = 63.50 dB | SE = 20.778 bit/s/Hz
[ 6912 ms] [UE 39736] UL: SNR = 63.50 dB | SE = 20.778 bit/s/Hz
[ 7013 ms] [UE 39736] UL: SNR = 63.50 dB | SE = 20.778 bit/s/Hz
[ 7113 ms] [UE 39736] UL: SNR = 63.50 dB | SE = 20.778 bit/s/Hz
[ 7222 ms] [UE 39736] UL: SNR = 63.50 dB | SE = 20.778 bit/s/Hz
[ 7323 ms] [UE 39736] UL: SNR = 63.50 dB | SE = 20.778 bit/s/Hz
[ 7433 ms] [UE 39736] UL: SNR = 63.50 dB | SE = 20.778 bit/s/Hz
[ 7543 ms] [UE 39736] UL: SNR = 63.50 dB | SE = 20.778 bit/s/Hz
[ 7653 ms] [UE 39736] UL: SNR = 63.50 dB | SE = 20.778 bit/s/Hz
[ 7763 ms] [UE 39736] UL: SNR = 63.50 dB | SE = 20.778 bit/s/Hz
[ 7872 ms] [UE 39736] UL: SNR = 63.50 dB | SE = 20.778 bit/s/Hz
[ 7973 ms] [UE 39736] UL: SNR = 63.50 dB | SE = 20.778 bit/s/Hz
[ 8073 ms] [UE 39736] UL: SNR = 63.50 dB | SE = 20.778 bit/s/Hz
[ 8183 ms] [UE 39736] UL: SNR = 63.50 dB | SE = 20.778 bit/s/Hz
[ 8283 ms] [UE 39736] UL: SNR = 63.50 dB | SE = 20.778 bit/s/Hz
[ 8383 ms] [UE 39736] UL: SNR = 63.50 dB | SE = 20.778 bit/s/Hz
[ 8483 ms] [UE 39736] UL: SNR = 63.50 dB | SE = 20.778 bit/s/Hz
[ 8593 ms] [UE 39736] UL: SNR = 63.50 dB | SE = 20.778 bit/s/Hz
[ 8702 ms] [UE 39736] UL: SNR = 63.50 dB | SE = 20.778 bit/s/Hz
[ 8803 ms] [UE 39736] UL: SNR = 63.50 dB | SE = 20.778 bit/s/Hz
[ 8903 ms] [UE 39736] UL: SNR = 63.50 dB | SE = 20.778 bit/s/Hz
[ 9013 ms] [UE 39736] UL: SNR = 63.50 dB | SE = 20.778 bit/s/Hz
[ 9113 ms] [UE 39736] UL: SNR = 63.50 dB | SE = 20.778 bit/s/Hz
[ 9222 ms] [UE 39736] UL: SNR = 63.50 dB | SE = 20.778 bit/s/Hz
[ 9323 ms] [UE 39736] UL: SNR = 63.50 dB | SE = 20.778 bit/s/Hz
[ 9433 ms] [UE 39736] UL: SNR = 63.50 dB | SE = 20.778 bit/s/Hz
[ 9534 ms] [UE 39736] UL: SNR = 63.50 dB | SE = 20.778 bit/s/Hz
[ 9642 ms] [UE 39736] UL: SNR = 63.50 dB | SE = 20.778 bit/s/Hz
[ 9753 ms] [UE 39736] UL: SNR = 63.50 dB | SE = 20.778 bit/s/Hz
[ 9853 ms] [UE 39736] UL: SNR = 63.50 dB | SE = 20.778 bit/s/Hz
[ 9953 ms] [UE 39736] UL: SNR = 63.50 dB | SE = 20.778 bit/s/Hz
[10053 ms] [UE 39736] UL: SNR = 63.50 dB | SE = 20.778 bit/s/Hz
[10162 ms] [UE 39736] UL: SNR = 63.50 dB | SE = 20.778 bit/s/Hz
[10273 ms] [UE 39736] UL: SNR = 63.50 dB | SE = 20.778 bit/s/Hz
[10383 ms] [UE 39736] UL: SNR = 63.50 dB | SE = 20.778 bit/s/Hz
[10493 ms] [UE 39736] UL: SNR = 63.50 dB | SE = 20.778 bit/s/Hz
[10603 ms] [UE 39736] UL: SNR = 63.50 dB | SE = 20.778 bit/s/Hz
[10713 ms] [UE 39736] UL: SNR = 63.50 dB | SE = 20.778 bit/s/Hz
[10823 ms] [UE 39736] UL: SNR = 63.50 dB | SE = 20.778 bit/s/Hz
[10933 ms] [UE 39736] UL: SNR = 63.50 dB | SE = 20.778 bit/s/Hz
[11033 ms] [UE 39736] UL: SNR = 63.50 dB | SE = 20.778 bit/s/Hz
[11142 ms] [UE 39736] UL: SNR = 63.50 dB | SE = 20.778 bit/s/Hz
[11243 ms] [UE 39736] UL: SNR = 63.50 dB | SE = 20.778 bit/s/Hz
[11353 ms] [UE 39736] UL: SNR = 63.50 dB | SE = 20.778 bit/s/Hz
[11463 ms] [UE 39736] UL: SNR = 63.50 dB | SE = 20.778 bit/s/Hz
[11573 ms] [UE 39736] UL: SNR = 63.50 dB | SE = 20.778 bit/s/Hz
[11682 ms] [UE 39736] UL: SNR = 63.50 dB | SE = 20.778 bit/s/Hz
[11783 ms] [UE 39736] UL: SNR = 63.50 dB | SE = 20.778 bit/s/Hz
[11883 ms] [UE 39736] UL: SNR = 63.50 dB | SE = 20.778 bit/s/Hz
[11993 ms] [UE 39736] UL: SNR = 63.50 dB | SE = 20.778 bit/s/Hz
[12093 ms] [UE 39736] UL: SNR = 63.50 dB | SE = 20.778 bit/s/Hz
[12202 ms] [UE 39736] UL: SNR = 63.50 dB | SE = 20.778 bit/s/Hz
[12313 ms] [UE 39736] UL: SNR = 63.50 dB | SE = 20.778 bit/s/Hz
[12422 ms] [UE 39736] UL: SNR = 63.50 dB | SE = 20.778 bit/s/Hz
[12522 ms] [UE 39736] UL: SNR = 63.50 dB | SE = 20.778 bit/s/Hz
[12623 ms] [UE 39736] UL: SNR = 63.50 dB | SE = 20.778 bit/s/Hz
[12723 ms] [UE 39736] UL: SNR = 63.50 dB | SE = 20.778 bit/s/Hz
[12833 ms] [UE 39736] UL: SNR = 63.50 dB | SE = 20.778 bit/s/Hz
[12933 ms] [UE 39736] UL: SNR = 63.50 dB | SE = 20.778 bit/s/Hz
[13043 ms] [UE 39736] UL: SNR = 63.50 dB | SE = 20.778 bit/s/Hz
[13153 ms] [UE 39736] UL: SNR = 63.50 dB | SE = 20.778 bit/s/Hz
[13253 ms] [UE 39736] UL: SNR = 63.50 dB | SE = 20.778 bit/s/Hz
[13363 ms] [UE 39736] UL: SNR = 63.50 dB | SE = 20.778 bit/s/Hz
[13473 ms] [UE 39736] UL: SNR = 63.50 dB | SE = 20.778 bit/s/Hz
[13573 ms] [UE 39736] UL: SNR = 63.50 dB | SE = 20.778 bit/s/Hz
[13683 ms] [UE 39736] UL: SNR = 63.50 dB | SE = 20.778 bit/s/Hz
[13793 ms] [UE 39736] UL: SNR = 63.50 dB | SE = 20.778 bit/s/Hz
[13893 ms] [UE 39736] UL: SNR = 63.50 dB | SE = 20.778 bit/s/Hz
[14003 ms] [UE 39736] UL: SNR = 63.50 dB | SE = 20.778 bit/s/Hz
[14113 ms] [UE 39736] UL: SNR = 63.50 dB | SE = 20.778 bit/s/Hz
[14213 ms] [UE 39736] UL: SNR = 63.50 dB | SE = 20.778 bit/s/Hz
[14323 ms] [UE 39736] UL: SNR = 63.50 dB | SE = 20.778 bit/s/Hz
[14423 ms] [UE 39736] UL: SNR = 63.50 dB | SE = 20.778 bit/s/Hz
[14533 ms] [UE 39736] UL: SNR = 63.50 dB | SE = 20.778 bit/s/Hz
[14633 ms] [UE 39736] UL: SNR = 63.50 dB | SE = 20.778 bit/s/Hz
[14733 ms] [UE 39736] UL: SNR = 63.50 dB | SE = 20.778 bit/s/Hz
[14843 ms] [UE 39736] UL: SNR = 63.50 dB | SE = 20.778 bit/s/Hz
[14953 ms] [UE 39736] UL: SNR = 63.50 dB | SE = 20.778 bit/s/Hz
[15053 ms] [UE 39736] UL: SNR = 63.50 dB | SE = 20.778 bit/s/Hz
[15163 ms] [UE 39736] UL: SNR = 63.50 dB | SE = 20.778 bit/s/Hz
[15263 ms] [UE 39736] UL: SNR = 63.50 dB | SE = 20.778 bit/s/Hz
[15373 ms] [UE 39736] UL: SNR = 63.50 dB | SE = 20.778 bit/s/Hz
[15473 ms] [UE 39736] UL: SNR = 63.50 dB | SE = 20.778 bit/s/Hz
[15582 ms] [UE 39736] UL: SNR = 63.50 dB | SE = 20.778 bit/s/Hz
[15683 ms] [UE 39736] UL: SNR = 63.50 dB | SE = 20.778 bit/s/Hz
[15783 ms] [UE 39736] UL: SNR = 63.50 dB | SE = 20.778 bit/s/Hz
[15883 ms] [UE 39736] UL: SNR = 63.50 dB | SE = 20.778 bit/s/Hz
[15993 ms] [UE 39736] UL: SNR = 63.50 dB | SE = 20.778 bit/s/Hz
[16102 ms] [UE 39736] UL: SNR = 63.50 dB | SE = 20.778 bit/s/Hz
[16203 ms] [UE 39736] UL: SNR = 63.50 dB | SE = 20.778 bit/s/Hz
[16303 ms] [UE 39736] UL: SNR = 63.50 dB | SE = 20.778 bit/s/Hz
[16403 ms] [UE 39736] UL: SNR = 63.50 dB | SE = 20.778 bit/s/Hz
[16513 ms] [UE 39736] UL: SNR = 63.50 dB | SE = 20.778 bit/s/Hz
[16613 ms] [UE 39736] UL: SNR = 63.50 dB | SE = 20.778 bit/s/Hz
[16723 ms] [UE 39736] UL: SNR = 63.50 dB | SE = 20.778 bit/s/Hz
[16823 ms] [UE 39736] UL: SNR = 63.50 dB | SE = 20.778 bit/s/Hz
[16923 ms] [UE 39736] UL: SNR = 63.50 dB | SE = 20.778 bit/s/Hz
[17033 ms] [UE 39736] UL: SNR = 63.50 dB | SE = 20.778 bit/s/Hz
[17143 ms] [UE 39736] UL: SNR = 63.50 dB | SE = 20.778 bit/s/Hz
[17243 ms] [UE 39736] UL: SNR = 63.50 dB | SE = 20.778 bit/s/Hz
[17353 ms] [UE 39736] UL: SNR = 63.50 dB | SE = 20.778 bit/s/Hz
[17463 ms] [UE 39736] UL: SNR = 63.50 dB | SE = 20.778 bit/s/Hz
[17563 ms] [UE 39736] UL: SNR = 63.50 dB | SE = 20.778 bit/s/Hz
[17672 ms] [UE 39736] UL: SNR = 63.50 dB | SE = 20.778 bit/s/Hz
[17773 ms] [UE 39736] UL: SNR = 63.50 dB | SE = 20.778 bit/s/Hz
[17882 ms] [UE 39736] UL: SNR = 63.50 dB | SE = 20.778 bit/s/Hz
[17983 ms] [UE 39736] UL: SNR = 63.50 dB | SE = 20.778 bit/s/Hz
[18093 ms] [UE 39736] UL: SNR = 63.50 dB | SE = 20.778 bit/s/Hz
[18203 ms] [UE 39736] UL: SNR = 63.50 dB | SE = 20.778 bit/s/Hz
[18313 ms] [UE 39736] UL: SNR = 63.50 dB | SE = 20.778 bit/s/Hz
[18423 ms] [UE 39736] UL: SNR = 63.50 dB | SE = 20.778 bit/s/Hz
[18533 ms] [UE 39736] UL: SNR = 63.50 dB | SE = 20.778 bit/s/Hz
[18633 ms] [UE 39736] UL: SNR = 63.50 dB | SE = 20.778 bit/s/Hz
[18743 ms] [UE 39736] UL: SNR = 63.50 dB | SE = 20.778 bit/s/Hz
[18853 ms] [UE 39736] UL: SNR = 63.50 dB | SE = 20.778 bit/s/Hz
[18963 ms] [UE 39736] UL: SNR = 63.50 dB | SE = 20.778 bit/s/Hz
[19073 ms] [UE 39736] UL: SNR = 63.50 dB | SE = 20.778 bit/s/Hz
[19173 ms] [UE 39736] UL: SNR = 63.50 dB | SE = 20.778 bit/s/Hz
[19273 ms] [UE 39736] UL: SNR = 63.50 dB | SE = 20.778 bit/s/Hz
[19383 ms] [UE 39736] UL: SNR = 63.50 dB | SE = 20.778 bit/s/Hz
[19493 ms] [UE 39736] UL: SNR = 63.50 dB | SE = 20.778 bit/s/Hz
[19603 ms] [UE 39736] UL: SNR = 63.50 dB | SE = 20.778 bit/s/Hz
[19703 ms] [UE 39736] UL: SNR = 63.50 dB | SE = 20.778 bit/s/Hz
[19803 ms] [UE 39736] UL: SNR = 63.50 dB | SE = 20.778 bit/s/Hz
[19913 ms] [UE 39736] UL: SNR = 63.50 dB | SE = 20.778 bit/s/Hz
[20013 ms] [UE 39736] UL: SNR = 63.50 dB | SE = 20.778 bit/s/Hz
[20113 ms] [UE 39736] UL: SNR = 63.50 dB | SE = 20.778 bit/s/Hz
[20223 ms] [UE 39736] UL: SNR = 63.50 dB | SE = 20.778 bit/s/Hz
[20333 ms] [UE 39736] UL: SNR = 63.50 dB | SE = 20.778 bit/s/Hz
[20443 ms] [UE 39736] UL: SNR = 63.50 dB | SE = 20.778 bit/s/Hz
[20543 ms] [UE 39736] UL: SNR = 63.50 dB | SE = 20.778 bit/s/Hz
[20653 ms] [UE 39736] UL: SNR = 63.50 dB | SE = 20.778 bit/s/Hz
[20753 ms] [UE 39736] UL: SNR = 63.50 dB | SE = 20.778 bit/s/Hz
[20863 ms] [UE 39736] UL: SNR = 63.50 dB | SE = 20.778 bit/s/Hz
[20973 ms] [UE 39736] UL: SNR = 63.50 dB | SE = 20.778 bit/s/Hz
[21083 ms] [UE 39736] UL: SNR = 63.50 dB | SE = 20.778 bit/s/Hz
[21183 ms] [UE 39736] UL: SNR = 63.50 dB | SE = 20.778 bit/s/Hz
[21293 ms] [UE 39736] UL: SNR = 63.50 dB | SE = 20.778 bit/s/Hz
[21403 ms] [UE 39736] UL: SNR = 63.50 dB | SE = 20.778 bit/s/Hz
[21503 ms] [UE 39736] UL: SNR = 63.50 dB | SE = 20.778 bit/s/Hz
[21603 ms] [UE 39736] UL: SNR = 63.50 dB | SE = 20.778 bit/s/Hz
[21713 ms] [UE 39736] UL: SNR = 63.50 dB | SE = 20.778 bit/s/Hz
[21823 ms] [UE 39736] UL: SNR = 63.50 dB | SE = 20.778 bit/s/Hz
[21933 ms] [UE 39736] UL: SNR = 63.50 dB | SE = 20.778 bit/s/Hz
[22033 ms] [UE 39736] UL: SNR = 63.50 dB | SE = 20.778 bit/s/Hz
[22143 ms] [UE 39736] UL: SNR = 63.50 dB | SE = 20.778 bit/s/Hz
[22243 ms] [UE 39736] UL: SNR = 63.50 dB | SE = 20.778 bit/s/Hz
[22352 ms] [UE 39736] UL: SNR = 63.50 dB | SE = 20.778 bit/s/Hz
[22453 ms] [UE 39736] UL: SNR = 63.50 dB | SE = 20.778 bit/s/Hz
[22563 ms] [UE 39736] UL: SNR = 63.50 dB | SE = 20.778 bit/s/Hz
[22673 ms] [UE 39736] UL: SNR = 63.50 dB | SE = 20.778 bit/s/Hz
[22783 ms] [UE 39736] UL: SNR = 63.50 dB | SE = 20.778 bit/s/Hz
[22883 ms] [UE 39736] UL: SNR = 63.50 dB | SE = 20.778 bit/s/Hz
[22993 ms] [UE 39736] UL: SNR = 63.50 dB | SE = 20.778 bit/s/Hz
[23103 ms] [UE 39736] UL: SNR = 63.50 dB | SE = 20.778 bit/s/Hz
[23213 ms] [UE 39736] UL: SNR = 63.50 dB | SE = 20.778 bit/s/Hz
[23323 ms] [UE 39736] UL: SNR = 63.50 dB | SE = 20.778 bit/s/Hz
[23433 ms] [UE 39736] UL: SNR = 63.50 dB | SE = 20.778 bit/s/Hz
[23543 ms] [UE 39736] UL: SNR = 63.50 dB | SE = 20.778 bit/s/Hz
[23653 ms] [UE 39736] UL: SNR = 63.50 dB | SE = 20.778 bit/s/Hz
[23763 ms] [UE 39736] UL: SNR = 63.50 dB | SE = 20.778 bit/s/Hz
[23863 ms] [UE 39736] UL: SNR = 63.50 dB | SE = 20.778 bit/s/Hz
[23973 ms] [UE 39736] UL: SNR = 63.50 dB | SE = 20.778 bit/s/Hz
[24073 ms] [UE 39736] UL: SNR = 63.50 dB | SE = 20.778 bit/s/Hz
[24173 ms] [UE 39736] UL: SNR = 63.50 dB | SE = 20.778 bit/s/Hz
[24283 ms] [UE 39736] UL: SNR = 63.50 dB | SE = 20.778 bit/s/Hz
[24393 ms] [UE 39736] UL: SNR = 63.50 dB | SE = 20.778 bit/s/Hz
[24493 ms] [UE 39736] UL: SNR = 63.50 dB | SE = 20.778 bit/s/Hz
[24603 ms] [UE 39736] UL: SNR = 63.50 dB | SE = 20.778 bit/s/Hz
[24713 ms] [UE 39736] UL: SNR = 63.50 dB | SE = 20.778 bit/s/Hz
[24823 ms] [UE 39736] UL: SNR = 63.50 dB | SE = 20.778 bit/s/Hz
[24923 ms] [UE 39736] UL: SNR = 63.50 dB | SE = 20.778 bit/s/Hz
[25033 ms] [UE 39736] UL: SNR = 63.50 dB | SE = 20.778 bit/s/Hz
[25133 ms] [UE 39736] UL: SNR = 63.50 dB | SE = 20.778 bit/s/Hz
[25233 ms] [UE 39736] UL: SNR = 63.50 dB | SE = 20.778 bit/s/Hz
[25333 ms] [UE 39736] UL: SNR = 63.50 dB | SE = 20.778 bit/s/Hz
[25443 ms] [UE 39736] UL: SNR = 63.50 dB | SE = 20.778 bit/s/Hz
[25553 ms] [UE 39736] UL: SNR = 63.50 dB | SE = 20.778 bit/s/Hz
[25663 ms] [UE 39736] UL: SNR = 63.50 dB | SE = 20.778 bit/s/Hz
[25763 ms] [UE 39736] UL: SNR = 63.50 dB | SE = 20.778 bit/s/Hz
[25873 ms] [UE 39736] UL: SNR = 63.50 dB | SE = 20.778 bit/s/Hz
[25983 ms] [UE 39736] UL: SNR = 63.50 dB | SE = 20.778 bit/s/Hz
[26093 ms] [UE 39736] UL: SNR = 63.50 dB | SE = 20.778 bit/s/Hz
[26203 ms] [UE 39736] UL: SNR = 63.50 dB | SE = 20.778 bit/s/Hz
[26313 ms] [UE 39736] UL: SNR = 63.50 dB | SE = 20.778 bit/s/Hz
[26413 ms] [UE 39736] UL: SNR = 63.50 dB | SE = 20.778 bit/s/Hz
[26523 ms] [UE 39736] UL: SNR = 63.50 dB | SE = 20.778 bit/s/Hz
[26623 ms] [UE 39736] UL: SNR = 63.50 dB | SE = 20.778 bit/s/Hz
[26733 ms] [UE 39736] UL: SNR = 63.50 dB | SE = 20.778 bit/s/Hz
[26833 ms] [UE 39736] UL: SNR = 63.50 dB | SE = 20.778 bit/s/Hz
[26943 ms] [UE 39736] UL: SNR = 63.50 dB | SE = 20.778 bit/s/Hz
[27053 ms] [UE 39736] UL: SNR = 63.50 dB | SE = 20.778 bit/s/Hz
[27153 ms] [UE 39736] UL: SNR = 63.50 dB | SE = 20.778 bit/s/Hz
[27263 ms] [UE 39736] UL: SNR = 63.50 dB | SE = 20.778 bit/s/Hz
[27373 ms] [UE 39736] UL: SNR = 63.50 dB | SE = 20.778 bit/s/Hz
[27483 ms] [UE 39736] UL: SNR = 63.50 dB | SE = 20.778 bit/s/Hz
[27583 ms] [UE 39736] UL: SNR = 63.50 dB | SE = 20.778 bit/s/Hz
[27693 ms] [UE 39736] UL: SNR = 63.50 dB | SE = 20.778 bit/s/Hz
[27793 ms] [UE 39736] UL: SNR = 63.50 dB | SE = 20.778 bit/s/Hz
[27893 ms] [UE 39736] UL: SNR = 63.50 dB | SE = 20.778 bit/s/Hz
[28003 ms] [UE 39736] UL: SNR = 63.50 dB | SE = 20.778 bit/s/Hz
[28103 ms] [UE 39736] UL: SNR = 63.50 dB | SE = 20.778 bit/s/Hz
[28213 ms] [UE 39736] UL: SNR = 63.50 dB | SE = 20.778 bit/s/Hz
[28323 ms] [UE 39736] UL: SNR = 63.50 dB | SE = 20.778 bit/s/Hz
[28423 ms] [UE 39736] UL: SNR = 63.50 dB | SE = 20.778 bit/s/Hz
[28533 ms] [UE 39736] UL: SNR = 63.50 dB | SE = 20.778 bit/s/Hz
[28633 ms] [UE 39736] UL: SNR = 63.50 dB | SE = 20.778 bit/s/Hz
[28733 ms] [UE 39736] UL: SNR = 63.50 dB | SE = 20.778 bit/s/Hz
[28843 ms] [UE 39736] UL: SNR = 63.50 dB | SE = 20.778 bit/s/Hz
[28953 ms] [UE 39736] UL: SNR = 63.50 dB | SE = 20.778 bit/s/Hz
[29053 ms] [UE 39736] UL: SNR = 63.50 dB | SE = 20.778 bit/s/Hz
[29163 ms] [UE 39736] UL: SNR = 63.50 dB | SE = 20.778 bit/s/Hz
[29263 ms] [UE 39736] UL: SNR = 63.50 dB | SE = 20.778 bit/s/Hz
[29363 ms] [UE 39736] UL: SNR = 63.50 dB | SE = 20.778 bit/s/Hz
[29473 ms] [UE 39736] UL: SNR = 63.50 dB | SE = 20.778 bit/s/Hz
[29573 ms] [UE 39736] UL: SNR = 63.50 dB | SE = 20.778 bit/s/Hz
[29683 ms] [UE 39736] UL: SNR = 63.50 dB | SE = 20.778 bit/s/Hz
[29783 ms] [UE 39736] UL: SNR = 63.50 dB | SE = 20.778 bit/s/Hz
[29893 ms] [UE 39736] UL: SNR = 63.50 dB | SE = 20.778 bit/s/Hz
[30003 ms] [UE 39736] UL: SNR = 63.50 dB | SE = 20.778 bit/s/Hz
[30103 ms] [UE 39736] UL: SNR = 63.50 dB | SE = 20.778 bit/s/Hz
[30213 ms] [UE 39736] UL: SNR = 63.50 dB | SE = 20.778 bit/s/Hz
[30323 ms] [UE 39736] UL: SNR = 63.50 dB | SE = 20.778 bit/s/Hz
[30423 ms] [UE 39736] UL: SNR = 63.50 dB | SE = 20.778 bit/s/Hz
[30533 ms] [UE 39736] UL: SNR = 63.50 dB | SE = 20.778 bit/s/Hz
[30633 ms] [UE 39736] UL: SNR = 63.50 dB | SE = 20.778 bit/s/Hz
[30743 ms] [UE 39736] UL: SNR = 63.50 dB | SE = 20.778 bit/s/Hz
[30843 ms] [UE 39736] UL: SNR = 63.50 dB | SE = 20.778 bit/s/Hz
[30953 ms] [UE 39736] UL: SNR = 63.50 dB | SE = 20.778 bit/s/Hz
[31053 ms] [UE 39736] UL: SNR = 63.50 dB | SE = 20.778 bit/s/Hz
[31163 ms] [UE 39736] UL: SNR = 63.50 dB | SE = 20.778 bit/s/Hz
[31263 ms] [UE 39736] UL: SNR = 63.50 dB | SE = 20.778 bit/s/Hz
[31373 ms] [UE 39736] UL: SNR = 63.50 dB | SE = 20.778 bit/s/Hz
[31473 ms] [UE 39736] UL: SNR = 63.50 dB | SE = 20.778 bit/s/Hz
[31583 ms] [UE 39736] UL: SNR = 63.50 dB | SE = 20.778 bit/s/Hz
[31683 ms] [UE 39736] UL: SNR = 63.50 dB | SE = 20.778 bit/s/Hz
[31793 ms] [UE 39736] UL: SNR = 63.50 dB | SE = 20.778 bit/s/Hz
[31903 ms] [UE 39736] UL: SNR = 63.50 dB | SE = 20.778 bit/s/Hz
[32013 ms] [UE 39736] UL: SNR = 63.50 dB | SE = 20.778 bit/s/Hz
[32113 ms] [UE 39736] UL: SNR = 63.50 dB | SE = 20.778 bit/s/Hz
[32223 ms] [UE 39736] UL: SNR = 63.50 dB | SE = 20.778 bit/s/Hz
[32323 ms] [UE 39736] UL: SNR = 63.50 dB | SE = 20.778 bit/s/Hz
[32423 ms] [UE 39736] UL: SNR = 63.50 dB | SE = 20.778 bit/s/Hz
[32524 ms] [UE 39736] UL: SNR = 63.50 dB | SE = 20.778 bit/s/Hz
[32633 ms] [UE 39736] UL: SNR = 63.50 dB | SE = 20.778 bit/s/Hz
[32733 ms] [UE 39736] UL: SNR = 63.50 dB | SE = 20.778 bit/s/Hz
[32843 ms] [UE 39736] UL: SNR = 63.50 dB | SE = 20.778 bit/s/Hz
[32943 ms] [UE 39736] UL: SNR = 63.50 dB | SE = 20.778 bit/s/Hz
[33053 ms] [UE 39736] UL: SNR = 63.50 dB | SE = 20.778 bit/s/Hz
[33163 ms] [UE 39736] UL: SNR = 63.50 dB | SE = 20.778 bit/s/Hz
[33263 ms] [UE 39736] UL: SNR = 63.50 dB | SE = 20.778 bit/s/Hz
[33363 ms] [UE 39736] UL: SNR = 63.50 dB | SE = 20.778 bit/s/Hz
[33473 ms] [UE 39736] UL: SNR = 63.50 dB | SE = 20.778 bit/s/Hz
[33583 ms] [UE 39736] UL: SNR = 63.50 dB | SE = 20.778 bit/s/Hz
[33693 ms] [UE 39736] UL: SNR = 63.50 dB | SE = 20.778 bit/s/Hz
[33793 ms] [UE 39736] UL: SNR = 63.50 dB | SE = 20.778 bit/s/Hz
[33893 ms] [UE 39736] UL: SNR = 63.50 dB | SE = 20.778 bit/s/Hz
[34003 ms] [UE 39736] UL: SNR = 63.50 dB | SE = 20.778 bit/s/Hz
[34113 ms] [UE 39736] UL: SNR = 63.50 dB | SE = 20.778 bit/s/Hz
[34213 ms] [UE 39736] UL: SNR = 63.50 dB | SE = 20.778 bit/s/Hz
[34323 ms] [UE 39736] UL: SNR = 63.50 dB | SE = 20.778 bit/s/Hz
[34423 ms] [UE 39736] UL: SNR = 63.50 dB | SE = 20.778 bit/s/Hz
[34533 ms] [UE 39736] UL: SNR = 63.50 dB | SE = 20.778 bit/s/Hz
[34633 ms] [UE 39736] UL: SNR = 63.50 dB | SE = 20.778 bit/s/Hz
[34743 ms] [UE 39736] UL: SNR = 63.50 dB | SE = 20.778 bit/s/Hz
[34853 ms] [UE 39736] UL: SNR = 63.50 dB | SE = 20.778 bit/s/Hz
[34953 ms] [UE 39736] UL: SNR = 63.50 dB | SE = 20.778 bit/s/Hz
[35063 ms] [UE 39736] UL: SNR = 63.50 dB | SE = 20.778 bit/s/Hz
[35173 ms] [UE 39736] UL: SNR = 63.50 dB | SE = 20.778 bit/s/Hz
[35283 ms] [UE 39736] UL: SNR = 63.50 dB | SE = 20.778 bit/s/Hz
[35383 ms] [UE 39736] UL: SNR = 63.50 dB | SE = 20.778 bit/s/Hz
[35493 ms] [UE 39736] UL: SNR = 63.50 dB | SE = 20.778 bit/s/Hz
[35603 ms] [UE 39736] UL: SNR = 63.50 dB | SE = 20.778 bit/s/Hz
[35713 ms] [UE 39736] UL: SNR = 63.50 dB | SE = 20.778 bit/s/Hz
[35813 ms] [UE 39736] UL: SNR = 63.50 dB | SE = 20.778 bit/s/Hz
[35923 ms] [UE 39736] UL: SNR = 63.50 dB | SE = 20.778 bit/s/Hz
[36033 ms] [UE 39736] UL: SNR = 63.50 dB | SE = 20.778 bit/s/Hz
[36133 ms] [UE 39736] UL: SNR = 63.50 dB | SE = 20.778 bit/s/Hz
[36243 ms] [UE 39736] UL: SNR = 63.50 dB | SE = 20.778 bit/s/Hz
[36343 ms] [UE 39736] UL: SNR = 63.50 dB | SE = 20.778 bit/s/Hz
[36453 ms] [UE 39736] UL: SNR = 63.50 dB | SE = 20.778 bit/s/Hz
[36553 ms] [UE 39736] UL: SNR = 63.50 dB | SE = 20.778 bit/s/Hz
[36663 ms] [UE 39736] UL: SNR = 63.50 dB | SE = 20.778 bit/s/Hz
[36763 ms] [UE 39736] UL: SNR = 63.50 dB | SE = 20.778 bit/s/Hz
[36873 ms] [UE 39736] UL: SNR = 63.50 dB | SE = 20.778 bit/s/Hz
[36973 ms] [UE 39736] UL: SNR = 63.50 dB | SE = 20.778 bit/s/Hz
[37083 ms] [UE 39736] UL: SNR = 63.50 dB | SE = 20.778 bit/s/Hz
[37193 ms] [UE 39736] UL: SNR = 63.50 dB | SE = 20.778 bit/s/Hz
[37303 ms] [UE 39736] UL: SNR = 63.50 dB | SE = 20.778 bit/s/Hz
[37403 ms] [UE 39736] UL: SNR = 63.50 dB | SE = 20.778 bit/s/Hz
[37513 ms] [UE 39736] UL: SNR = 63.50 dB | SE = 20.778 bit/s/Hz
[37613 ms] [UE 39736] UL: SNR = 63.50 dB | SE = 20.778 bit/s/Hz
[37723 ms] [UE 39736] UL: SNR = 63.50 dB | SE = 20.778 bit/s/Hz
[37833 ms] [UE 39736] UL: SNR = 63.50 dB | SE = 20.778 bit/s/Hz
[37933 ms] [UE 39736] UL: SNR = 63.50 dB | SE = 20.778 bit/s/Hz
[38043 ms] [UE 39736] UL: SNR = 63.50 dB | SE = 20.778 bit/s/Hz
[38153 ms] [UE 39736] UL: SNR = 63.50 dB | SE = 20.778 bit/s/Hz
[38263 ms] [UE 39736] UL: SNR = 63.50 dB | SE = 20.778 bit/s/Hz
[38363 ms] [UE 39736] UL: SNR = 63.50 dB | SE = 20.778 bit/s/Hz
[38473 ms] [UE 39736] UL: SNR = 63.50 dB | SE = 20.778 bit/s/Hz
[38573 ms] [UE 39736] UL: SNR = 63.50 dB | SE = 20.778 bit/s/Hz
[38673 ms] [UE 39736] UL: SNR = 63.50 dB | SE = 20.778 bit/s/Hz
[38783 ms] [UE 39736] UL: SNR = 63.50 dB | SE = 20.778 bit/s/Hz
[38893 ms] [UE 39736] UL: SNR = 63.50 dB | SE = 20.778 bit/s/Hz
[38993 ms] [UE 39736] UL: SNR = 63.50 dB | SE = 20.778 bit/s/Hz
[39093 ms] [UE 39736] UL: SNR = 63.50 dB | SE = 20.778 bit/s/Hz
[39203 ms] [UE 39736] UL: SNR = 63.50 dB | SE = 20.778 bit/s/Hz
[39304 ms] [UE 39736] UL: SNR = 63.50 dB | SE = 20.778 bit/s/Hz
[39413 ms] [UE 39736] UL: SNR = 63.50 dB | SE = 20.778 bit/s/Hz
[39513 ms] [UE 39736] UL: SNR = 63.50 dB | SE = 20.778 bit/s/Hz
[39623 ms] [UE 39736] UL: SNR = 63.50 dB | SE = 20.778 bit/s/Hz
[39723 ms] [UE 39736] UL: SNR = 63.50 dB | SE = 20.778 bit/s/Hz
[39833 ms] [UE 39736] UL: SNR = 63.50 dB | SE = 20.778 bit/s/Hz
[39933 ms] [UE 39736] UL: SNR = 63.50 dB | SE = 20.778 bit/s/Hz
[40043 ms] [UE 39736] UL: SNR = 63.50 dB | SE = 20.778 bit/s/Hz
[40153 ms] [UE 39736] UL: SNR = 63.50 dB | SE = 20.778 bit/s/Hz
[40253 ms] [UE 39736] UL: SNR = 63.50 dB | SE = 20.778 bit/s/Hz
[40363 ms] [UE 39736] UL: SNR = 63.50 dB | SE = 20.778 bit/s/Hz
[40473 ms] [UE 39736] UL: SNR = 63.50 dB | SE = 20.778 bit/s/Hz
[40573 ms] [UE 39736] UL: SNR = 63.50 dB | SE = 20.778 bit/s/Hz
[40683 ms] [UE 39736] UL: SNR = 63.50 dB | SE = 20.778 bit/s/Hz
[40783 ms] [UE 39736] UL: SNR = 63.50 dB | SE = 20.778 bit/s/Hz
[40883 ms] [UE 39736] UL: SNR = 63.50 dB | SE = 20.778 bit/s/Hz
[40993 ms] [UE 39736] UL: SNR = 63.50 dB | SE = 20.778 bit/s/Hz
[41103 ms] [UE 39736] UL: SNR = 63.50 dB | SE = 20.778 bit/s/Hz
[41213 ms] [UE 39736] UL: SNR = 63.50 dB | SE = 20.778 bit/s/Hz
[41313 ms] [UE 39736] UL: SNR = 63.50 dB | SE = 20.778 bit/s/Hz
[41413 ms] [UE 39736] UL: SNR = 63.50 dB | SE = 20.778 bit/s/Hz
[41513 ms] [UE 39736] UL: SNR = 63.50 dB | SE = 20.778 bit/s/Hz
[41623 ms] [UE 39736] UL: SNR = 63.50 dB | SE = 20.778 bit/s/Hz
[41723 ms] [UE 39736] UL: SNR = 63.50 dB | SE = 20.778 bit/s/Hz
[41833 ms] [UE 39736] UL: SNR = 63.50 dB | SE = 20.778 bit/s/Hz
[41943 ms] [UE 39736] UL: SNR = 63.50 dB | SE = 20.778 bit/s/Hz
[42053 ms] [UE 39736] UL: SNR = 63.50 dB | SE = 20.778 bit/s/Hz
[42163 ms] [UE 39736] UL: SNR = 63.50 dB | SE = 20.778 bit/s/Hz
[42263 ms] [UE 39736] UL: SNR = 63.50 dB | SE = 20.778 bit/s/Hz
[42373 ms] [UE 39736] UL: SNR = 63.50 dB | SE = 20.778 bit/s/Hz
[42483 ms] [UE 39736] UL: SNR = 63.50 dB | SE = 20.778 bit/s/Hz
[42593 ms] [UE 39736] UL: SNR = 63.50 dB | SE = 20.778 bit/s/Hz
[42703 ms] [UE 39736] UL: SNR = 63.50 dB | SE = 20.778 bit/s/Hz
[42813 ms] [UE 39736] UL: SNR = 63.50 dB | SE = 20.778 bit/s/Hz
[42913 ms] [UE 39736] UL: SNR = 63.50 dB | SE = 20.778 bit/s/Hz
[43013 ms] [UE 39736] UL: SNR = 63.50 dB | SE = 20.778 bit/s/Hz
[43113 ms] [UE 39736] UL: SNR = 63.50 dB | SE = 20.778 bit/s/Hz
[43223 ms] [UE 39736] UL: SNR = 63.50 dB | SE = 20.778 bit/s/Hz
[43323 ms] [UE 39736] UL: SNR = 63.50 dB | SE = 20.778 bit/s/Hz
[43433 ms] [UE 39736] UL: SNR = 63.50 dB | SE = 20.778 bit/s/Hz
[43533 ms] [UE 39736] UL: SNR = 63.50 dB | SE = 20.778 bit/s/Hz
[43643 ms] [UE 39736] UL: SNR = 63.50 dB | SE = 20.778 bit/s/Hz
[43743 ms] [UE 39736] UL: SNR = 63.50 dB | SE = 20.778 bit/s/Hz
[43843 ms] [UE 39736] UL: SNR = 63.50 dB | SE = 20.778 bit/s/Hz
[43953 ms] [UE 39736] UL: SNR = 63.50 dB | SE = 20.778 bit/s/Hz
[44063 ms] [UE 39736] UL: SNR = 63.50 dB | SE = 20.778 bit/s/Hz
[44163 ms] [UE 39736] UL: SNR = 63.50 dB | SE = 20.778 bit/s/Hz
[44273 ms] [UE 39736] UL: SNR = 63.50 dB | SE = 20.778 bit/s/Hz
[44373 ms] [UE 39736] UL: SNR = 63.50 dB | SE = 20.778 bit/s/Hz
[44473 ms] [UE 39736] UL: SNR = 63.50 dB | SE = 20.778 bit/s/Hz
[44583 ms] [UE 39736] UL: SNR = 63.50 dB | SE = 20.778 bit/s/Hz
[44683 ms] [UE 39736] UL: SNR = 63.50 dB | SE = 20.778 bit/s/Hz
[44793 ms] [UE 39736] UL: SNR = 63.50 dB | SE = 20.778 bit/s/Hz
[44893 ms] [UE 39736] UL: SNR = 63.50 dB | SE = 20.778 bit/s/Hz
[45003 ms] [UE 39736] UL: SNR = 63.50 dB | SE = 20.778 bit/s/Hz
[45113 ms] [UE 39736] UL: SNR = 63.50 dB | SE = 20.778 bit/s/Hz
[45223 ms] [UE 39736] UL: SNR = 63.50 dB | SE = 20.778 bit/s/Hz
[45323 ms] [UE 39736] UL: SNR = 63.50 dB | SE = 20.778 bit/s/Hz
[45433 ms] [UE 39736] UL: SNR = 63.50 dB | SE = 20.778 bit/s/Hz
[45533 ms] [UE 39736] UL: SNR = 63.50 dB | SE = 20.778 bit/s/Hz
[45643 ms] [UE 39736] UL: SNR = 63.50 dB | SE = 20.778 bit/s/Hz
[45743 ms] [UE 39736] UL: SNR = 63.50 dB | SE = 20.778 bit/s/Hz
[45843 ms] [UE 39736] UL: SNR = 63.50 dB | SE = 20.778 bit/s/Hz
[45944 ms] [UE 39736] UL: SNR = 63.50 dB | SE = 20.778 bit/s/Hz
[46053 ms] [UE 39736] UL: SNR = 63.50 dB | SE = 20.778 bit/s/Hz
[46153 ms] [UE 39736] UL: SNR = 63.50 dB | SE = 20.778 bit/s/Hz
[46263 ms] [UE 39736] UL: SNR = 63.50 dB | SE = 20.778 bit/s/Hz
[46373 ms] [UE 39736] UL: SNR = 63.50 dB | SE = 20.778 bit/s/Hz
[46483 ms] [UE 39736] UL: SNR = 63.50 dB | SE = 20.778 bit/s/Hz
[46583 ms] [UE 39736] UL: SNR = 63.50 dB | SE = 20.778 bit/s/Hz
[46683 ms] [UE 39736] UL: SNR = 63.50 dB | SE = 20.778 bit/s/Hz
[46793 ms] [UE 39736] UL: SNR = 63.50 dB | SE = 20.778 bit/s/Hz
[46893 ms] [UE 39736] UL: SNR = 63.50 dB | SE = 20.778 bit/s/Hz
[47003 ms] [UE 39736] UL: SNR = 63.50 dB | SE = 20.778 bit/s/Hz
[47103 ms] [UE 39736] UL: SNR = 63.50 dB | SE = 20.778 bit/s/Hz
[47213 ms] [UE 39736] UL: SNR = 63.50 dB | SE = 20.778 bit/s/Hz
[47324 ms] [UE 39736] UL: SNR = 63.50 dB | SE = 20.778 bit/s/Hz
[47433 ms] [UE 39736] UL: SNR = 63.50 dB | SE = 20.778 bit/s/Hz
[47543 ms] [UE 39736] UL: SNR = 63.50 dB | SE = 20.778 bit/s/Hz
[47653 ms] [UE 39736] UL: SNR = 63.50 dB | SE = 20.778 bit/s/Hz
[47753 ms] [UE 39736] UL: SNR = 63.50 dB | SE = 20.778 bit/s/Hz
[47853 ms] [UE 39736] UL: SNR = 63.50 dB | SE = 20.778 bit/s/Hz
[47963 ms] [UE 39736] UL: SNR = 63.50 dB | SE = 20.778 bit/s/Hz
[48073 ms] [UE 39736] UL: SNR = 63.50 dB | SE = 20.778 bit/s/Hz
[48173 ms] [UE 39736] UL: SNR = 63.50 dB | SE = 20.778 bit/s/Hz
[48283 ms] [UE 39736] UL: SNR = 63.50 dB | SE = 20.778 bit/s/Hz
[48383 ms] [UE 39736] UL: SNR = 63.50 dB | SE = 20.778 bit/s/Hz
[48483 ms] [UE 39736] UL: SNR = 63.50 dB | SE = 20.778 bit/s/Hz
[48593 ms] [UE 39736] UL: SNR = 63.50 dB | SE = 20.778 bit/s/Hz
[48693 ms] [UE 39736] UL: SNR = 63.50 dB | SE = 20.778 bit/s/Hz
[48803 ms] [UE 39736] UL: SNR = 63.50 dB | SE = 20.778 bit/s/Hz
[48903 ms] [UE 39736] UL: SNR = 63.50 dB | SE = 20.778 bit/s/Hz
[49013 ms] [UE 39736] UL: SNR = 63.50 dB | SE = 20.778 bit/s/Hz
[49113 ms] [UE 39736] UL: SNR = 63.50 dB | SE = 20.778 bit/s/Hz
[49223 ms] [UE 39736] UL: SNR = 63.50 dB | SE = 20.778 bit/s/Hz
[49323 ms] [UE 39736] UL: SNR = 63.50 dB | SE = 20.778 bit/s/Hz
[49423 ms] [UE 39736] UL: SNR = 63.50 dB | SE = 20.778 bit/s/Hz
[49524 ms] [UE 39736] UL: SNR = 63.50 dB | SE = 20.778 bit/s/Hz
[49633 ms] [UE 39736] UL: SNR = 63.50 dB | SE = 20.778 bit/s/Hz
[49733 ms] [UE 39736] UL: SNR = 63.50 dB | SE = 20.778 bit/s/Hz
[49843 ms] [UE 39736] UL: SNR = 63.50 dB | SE = 20.778 bit/s/Hz
[49943 ms] [UE 39736] UL: SNR = 63.50 dB | SE = 20.778 bit/s/Hz
[50053 ms] [UE 39736] UL: SNR = 63.50 dB | SE = 20.778 bit/s/Hz
[50153 ms] [UE 39736] UL: SNR = 63.50 dB | SE = 20.778 bit/s/Hz
[50263 ms] [UE 39736] UL: SNR = 63.50 dB | SE = 20.778 bit/s/Hz
[50363 ms] [UE 39736] UL: SNR = 63.50 dB | SE = 20.778 bit/s/Hz
[50473 ms] [UE 39736] UL: SNR = 63.50 dB | SE = 20.778 bit/s/Hz
[50573 ms] [UE 39736] UL: SNR = 63.50 dB | SE = 20.778 bit/s/Hz
[50673 ms] [UE 39736] UL: SNR = 63.50 dB | SE = 20.778 bit/s/Hz
[50783 ms] [UE 39736] UL: SNR = 63.50 dB | SE = 20.778 bit/s/Hz
[50884 ms] [UE 39736] UL: SNR = 63.50 dB | SE = 20.778 bit/s/Hz
[50993 ms] [UE 39736] UL: SNR = 63.50 dB | SE = 20.778 bit/s/Hz
[51103 ms] [UE 39736] UL: SNR = 63.50 dB | SE = 20.778 bit/s/Hz
[51213 ms] [UE 39736] UL: SNR = 63.50 dB | SE = 20.778 bit/s/Hz
[51324 ms] [UE 39736] UL: SNR = 63.50 dB | SE = 20.778 bit/s/Hz
[51433 ms] [UE 39736] UL: SNR = 63.50 dB | SE = 20.778 bit/s/Hz
[51533 ms] [UE 39736] UL: SNR = 63.50 dB | SE = 20.778 bit/s/Hz
[51643 ms] [UE 39736] UL: SNR = 63.50 dB | SE = 20.778 bit/s/Hz
[51743 ms] [UE 39736] UL: SNR = 63.50 dB | SE = 20.778 bit/s/Hz
[51843 ms] [UE 39736] UL: SNR = 63.50 dB | SE = 20.778 bit/s/Hz
[51943 ms] [UE 39736] UL: SNR = 63.50 dB | SE = 20.778 bit/s/Hz
[52053 ms] [UE 39736] UL: SNR = 63.50 dB | SE = 20.778 bit/s/Hz
[52163 ms] [UE 39736] UL: SNR = 63.50 dB | SE = 20.778 bit/s/Hz
[52263 ms] [UE 39736] UL: SNR = 63.50 dB | SE = 20.778 bit/s/Hz
[52373 ms] [UE 39736] UL: SNR = 63.50 dB | SE = 20.778 bit/s/Hz
[52483 ms] [UE 39736] UL: SNR = 63.50 dB | SE = 20.778 bit/s/Hz
[52584 ms] [UE 39736] UL: SNR = 63.50 dB | SE = 20.778 bit/s/Hz
[52694 ms] [UE 39736] UL: SNR = 63.50 dB | SE = 20.778 bit/s/Hz
[52803 ms] [UE 39736] UL: SNR = 63.50 dB | SE = 20.778 bit/s/Hz
[52903 ms] [UE 39736] UL: SNR = 63.50 dB | SE = 20.778 bit/s/Hz
[53003 ms] [UE 39736] UL: SNR = 63.50 dB | SE = 20.778 bit/s/Hz
[53104 ms] [UE 39736] UL: SNR = 63.50 dB | SE = 20.778 bit/s/Hz
[53213 ms] [UE 39736] UL: SNR = 63.50 dB | SE = 20.778 bit/s/Hz
[53323 ms] [UE 39736] UL: SNR = 63.50 dB | SE = 20.778 bit/s/Hz
[53433 ms] [UE 39736] UL: SNR = 63.50 dB | SE = 20.778 bit/s/Hz
[53543 ms] [UE 39736] UL: SNR = 63.50 dB | SE = 20.778 bit/s/Hz
[53643 ms] [UE 39736] UL: SNR = 63.50 dB | SE = 20.778 bit/s/Hz
[53744 ms] [UE 39736] UL: SNR = 63.50 dB | SE = 20.778 bit/s/Hz
[53853 ms] [UE 39736] UL: SNR = 63.50 dB | SE = 20.778 bit/s/Hz
[53953 ms] [UE 39736] UL: SNR = 63.50 dB | SE = 20.778 bit/s/Hz
[54053 ms] [UE 39736] UL: SNR = 63.50 dB | SE = 20.778 bit/s/Hz
[54163 ms] [UE 39736] UL: SNR = 63.50 dB | SE = 20.778 bit/s/Hz
[54273 ms] [UE 39736] UL: SNR = 63.50 dB | SE = 20.778 bit/s/Hz
[54373 ms] [UE 39736] UL: SNR = 63.50 dB | SE = 20.778 bit/s/Hz
[54473 ms] [UE 39736] UL: SNR = 63.50 dB | SE = 20.778 bit/s/Hz
[54583 ms] [UE 39736] UL: SNR = 63.50 dB | SE = 20.778 bit/s/Hz
[54683 ms] [UE 39736] UL: SNR = 63.50 dB | SE = 20.778 bit/s/Hz
[54783 ms] [UE 39736] UL: SNR = 63.50 dB | SE = 20.778 bit/s/Hz
[54893 ms] [UE 39736] UL: SNR = 63.50 dB | SE = 20.778 bit/s/Hz
[55003 ms] [UE 39736] UL: SNR = 63.50 dB | SE = 20.778 bit/s/Hz
[55113 ms] [UE 39736] UL: SNR = 63.50 dB | SE = 20.778 bit/s/Hz
[55223 ms] [UE 39736] UL: SNR = 63.50 dB | SE = 20.778 bit/s/Hz
[55333 ms] [UE 39736] UL: SNR = 63.50 dB | SE = 20.778 bit/s/Hz
[55443 ms] [UE 39736] UL: SNR = 63.50 dB | SE = 20.778 bit/s/Hz
[55553 ms] [UE 39736] UL: SNR = 63.50 dB | SE = 20.778 bit/s/Hz
[55653 ms] [UE 39736] UL: SNR = 63.50 dB | SE = 20.778 bit/s/Hz
[55753 ms] [UE 39736] UL: SNR = 63.50 dB | SE = 20.778 bit/s/Hz
[55863 ms] [UE 39736] UL: SNR = 63.50 dB | SE = 20.778 bit/s/Hz
[55973 ms] [UE 39736] UL: SNR = 63.50 dB | SE = 20.778 bit/s/Hz
[56083 ms] [UE 39736] UL: SNR = 63.50 dB | SE = 20.778 bit/s/Hz
[56183 ms] [UE 39736] UL: SNR = 63.50 dB | SE = 20.778 bit/s/Hz
[56293 ms] [UE 39736] UL: SNR = 63.50 dB | SE = 20.778 bit/s/Hz
[56403 ms] [UE 39736] UL: SNR = 63.50 dB | SE = 20.778 bit/s/Hz
[56513 ms] [UE 39736] UL: SNR = 63.50 dB | SE = 20.778 bit/s/Hz
[56623 ms] [UE 39736] UL: SNR = 63.50 dB | SE = 20.778 bit/s/Hz
[56723 ms] [UE 39736] UL: SNR = 63.50 dB | SE = 20.778 bit/s/Hz
[56823 ms] [UE 39736] UL: SNR = 63.50 dB | SE = 20.778 bit/s/Hz
[56923 ms] [UE 39736] UL: SNR = 63.50 dB | SE = 20.778 bit/s/Hz
[57033 ms] [UE 39736] UL: SNR = 63.50 dB | SE = 20.778 bit/s/Hz
[57133 ms] [UE 39736] UL: SNR = 63.50 dB | SE = 20.778 bit/s/Hz
[57243 ms] [UE 39736] UL: SNR = 63.50 dB | SE = 20.778 bit/s/Hz
[57353 ms] [UE 39736] UL: SNR = 63.50 dB | SE = 20.778 bit/s/Hz
[57463 ms] [UE 39736] UL: SNR = 63.50 dB | SE = 20.778 bit/s/Hz
[57573 ms] [UE 39736] UL: SNR = 63.50 dB | SE = 20.778 bit/s/Hz
[57673 ms] [UE 39736] UL: SNR = 63.50 dB | SE = 20.778 bit/s/Hz
[57773 ms] [UE 39736] UL: SNR = 63.50 dB | SE = 20.778 bit/s/Hz
[57883 ms] [UE 39736] UL: SNR = 63.50 dB | SE = 20.778 bit/s/Hz
[57993 ms] [UE 39736] UL: SNR = 63.50 dB | SE = 20.778 bit/s/Hz
[58103 ms] [UE 39736] UL: SNR = 63.50 dB | SE = 20.778 bit/s/Hz
[58213 ms] [UE 39736] UL: SNR = 63.50 dB | SE = 20.778 bit/s/Hz
[58313 ms] [UE 39736] UL: SNR = 63.50 dB | SE = 20.778 bit/s/Hz
[58413 ms] [UE 39736] UL: SNR = 63.50 dB | SE = 20.778 bit/s/Hz
[58523 ms] [UE 39736] UL: SNR = 63.50 dB | SE = 20.778 bit/s/Hz
[58633 ms] [UE 39736] UL: SNR = 63.50 dB | SE = 20.778 bit/s/Hz
[58733 ms] [UE 39736] UL: SNR = 63.50 dB | SE = 20.778 bit/s/Hz
[58843 ms] [UE 39736] UL: SNR = 63.50 dB | SE = 20.778 bit/s/Hz
[58943 ms] [UE 39736] UL: SNR = 63.50 dB | SE = 20.778 bit/s/Hz
[59053 ms] [UE 39736] UL: SNR = 63.50 dB | SE = 20.778 bit/s/Hz
[59153 ms] [UE 39736] UL: SNR = 63.50 dB | SE = 20.778 bit/s/Hz
[59263 ms] [UE 39736] UL: SNR = 63.50 dB | SE = 20.778 bit/s/Hz
[59364 ms] [UE 39736] UL: SNR = 63.50 dB | SE = 20.778 bit/s/Hz
[59474 ms] [UE 39736] UL: SNR = 63.50 dB | SE = 20.778 bit/s/Hz
[59574 ms] [UE 39736] UL: SNR = 63.50 dB | SE = 20.778 bit/s/Hz
[59683 ms] [UE 39736] UL: SNR = 63.50 dB | SE = 20.778 bit/s/Hz
[59793 ms] [UE 39736] UL: SNR = 63.50 dB | SE = 20.778 bit/s/Hz
[59894 ms] [UE 39736] UL: SNR = 63.50 dB | SE = 20.778 bit/s/Hz
[60003 ms] [UE 39736] UL: SNR = 63.50 dB | SE = 20.778 bit/s/Hz
[60103 ms] [UE 39736] UL: SNR = 63.50 dB | SE = 20.778 bit/s/Hz
[60213 ms] [UE 39736] UL: SNR = 63.50 dB | SE = 20.778 bit/s/Hz
[60313 ms] [UE 39736] UL: SNR = 63.50 dB | SE = 20.778 bit/s/Hz
[60423 ms] [UE 39736] UL: SNR = 63.50 dB | SE = 20.778 bit/s/Hz
[60523 ms] [UE 39736] UL: SNR = 63.50 dB | SE = 20.778 bit/s/Hz
[60633 ms] [UE 39736] UL: SNR = 63.50 dB | SE = 20.778 bit/s/Hz
[60743 ms] [UE 39736] UL: SNR = 63.50 dB | SE = 20.778 bit/s/Hz
[60843 ms] [UE 39736] UL: SNR = 63.50 dB | SE = 20.778 bit/s/Hz
[60943 ms] [UE 39736] UL: SNR = 63.50 dB | SE = 20.778 bit/s/Hz
[61053 ms] [UE 39736] UL: SNR = 63.50 dB | SE = 20.778 bit/s/Hz
[61153 ms] [UE 39736] UL: SNR = 63.50 dB | SE = 20.778 bit/s/Hz
[61253 ms] [UE 39736] UL: SNR = 63.50 dB | SE = 20.778 bit/s/Hz
[61354 ms] [UE 39736] UL: SNR = 63.50 dB | SE = 20.778 bit/s/Hz
[61464 ms] [UE 39736] UL: SNR = 63.50 dB | SE = 20.778 bit/s/Hz
[61573 ms] [UE 39736] UL: SNR = 63.50 dB | SE = 20.778 bit/s/Hz
[61673 ms] [UE 39736] UL: SNR = 63.50 dB | SE = 20.778 bit/s/Hz
[61783 ms] [UE 39736] UL: SNR = 63.50 dB | SE = 20.778 bit/s/Hz
[61893 ms] [UE 39736] UL: SNR = 63.50 dB | SE = 20.778 bit/s/Hz
[61993 ms] [UE 39736] UL: SNR = 63.50 dB | SE = 20.778 bit/s/Hz
[62103 ms] [UE 39736] UL: SNR = 63.50 dB | SE = 20.778 bit/s/Hz
[62213 ms] [UE 39736] UL: SNR = 63.50 dB | SE = 20.778 bit/s/Hz
[62313 ms] [UE 39736] UL: SNR = 63.50 dB | SE = 20.778 bit/s/Hz
[62414 ms] [UE 39736] UL: SNR = 63.50 dB | SE = 20.778 bit/s/Hz
[62523 ms] [UE 39736] UL: SNR = 63.50 dB | SE = 20.778 bit/s/Hz
[62623 ms] [UE 39736] UL: SNR = 63.50 dB | SE = 20.778 bit/s/Hz
[62733 ms] [UE 39736] UL: SNR = 63.50 dB | SE = 20.778 bit/s/Hz
[62843 ms] [UE 39736] UL: SNR = 63.50 dB | SE = 20.778 bit/s/Hz
[62953 ms] [UE 39736] UL: SNR = 63.50 dB | SE = 20.778 bit/s/Hz
[63064 ms] [UE 39736] UL: SNR = 63.50 dB | SE = 20.778 bit/s/Hz
[63173 ms] [UE 39736] UL: SNR = 63.50 dB | SE = 20.778 bit/s/Hz
[63273 ms] [UE 39736] UL: SNR = 63.50 dB | SE = 20.778 bit/s/Hz
[63373 ms] [UE 39736] UL: SNR = 63.50 dB | SE = 20.778 bit/s/Hz
[63484 ms] [UE 39736] UL: SNR = 63.50 dB | SE = 20.778 bit/s/Hz
[63593 ms] [UE 39736] UL: SNR = 63.50 dB | SE = 20.778 bit/s/Hz
[63703 ms] [UE 39736] UL: SNR = 63.50 dB | SE = 20.778 bit/s/Hz
[63813 ms] [UE 39736] UL: SNR = 63.50 dB | SE = 20.778 bit/s/Hz
[63914 ms] [UE 39736] UL: SNR = 63.50 dB | SE = 20.778 bit/s/Hz
[64023 ms] [UE 39736] UL: SNR = 63.50 dB | SE = 20.778 bit/s/Hz
[64133 ms] [UE 39736] UL: SNR = 63.50 dB | SE = 20.778 bit/s/Hz
[64233 ms] [UE 39736] UL: SNR = 63.50 dB | SE = 20.778 bit/s/Hz
[64333 ms] [UE 39736] UL: SNR = 63.50 dB | SE = 20.778 bit/s/Hz
[64434 ms] [UE 39736] UL: SNR = 63.50 dB | SE = 20.778 bit/s/Hz
[64543 ms] [UE 39736] UL: SNR = 63.50 dB | SE = 20.778 bit/s/Hz
[64644 ms] [UE 39736] UL: SNR = 63.50 dB | SE = 20.778 bit/s/Hz
[64744 ms] [UE 39736] UL: SNR = 63.50 dB | SE = 20.778 bit/s/Hz
[64853 ms] [UE 39736] UL: SNR = 63.50 dB | SE = 20.778 bit/s/Hz
[64963 ms] [UE 39736] UL: SNR = 63.50 dB | SE = 20.778 bit/s/Hz
[65063 ms] [UE 39736] UL: SNR = 63.50 dB | SE = 20.778 bit/s/Hz
[65174 ms] [UE 39736] UL: SNR = 63.50 dB | SE = 20.778 bit/s/Hz
[65284 ms] [UE 39736] UL: SNR = 63.50 dB | SE = 20.778 bit/s/Hz
[65393 ms] [UE 39736] UL: SNR = 63.50 dB | SE = 20.778 bit/s/Hz
[65493 ms] [UE 39736] UL: SNR = 63.50 dB | SE = 20.778 bit/s/Hz
[65603 ms] [UE 39736] UL: SNR = 63.50 dB | SE = 20.778 bit/s/Hz
[65703 ms] [UE 39736] UL: SNR = 63.50 dB | SE = 20.778 bit/s/Hz
[65813 ms] [UE 39736] UL: SNR = 63.50 dB | SE = 20.778 bit/s/Hz
[65923 ms] [UE 39736] UL: SNR = 63.50 dB | SE = 20.778 bit/s/Hz
[66023 ms] [UE 39736] UL: SNR = 63.50 dB | SE = 20.778 bit/s/Hz
[66124 ms] [UE 39736] UL: SNR = 63.50 dB | SE = 20.778 bit/s/Hz
[66233 ms] [UE 39736] UL: SNR = 63.50 dB | SE = 20.778 bit/s/Hz
[66344 ms] [UE 39736] UL: SNR = 63.50 dB | SE = 20.778 bit/s/Hz
[66444 ms] [UE 39736] UL: SNR = 63.50 dB | SE = 20.778 bit/s/Hz
[66554 ms] [UE 39736] UL: SNR = 63.50 dB | SE = 20.778 bit/s/Hz
[66663 ms] [UE 39736] UL: SNR = 63.50 dB | SE = 20.778 bit/s/Hz
[66764 ms] [UE 39736] UL: SNR = 63.50 dB | SE = 20.778 bit/s/Hz
[66873 ms] [UE 39736] UL: SNR = 63.50 dB | SE = 20.778 bit/s/Hz
[66983 ms] [UE 39736] UL: SNR = 63.50 dB | SE = 20.778 bit/s/Hz
[67093 ms] [UE 39736] UL: SNR = 63.50 dB | SE = 20.778 bit/s/Hz
[67203 ms] [UE 39736] UL: SNR = 63.50 dB | SE = 20.778 bit/s/Hz
[67314 ms] [UE 39736] UL: SNR = 63.50 dB | SE = 20.778 bit/s/Hz
[67424 ms] [UE 39736] UL: SNR = 63.50 dB | SE = 20.778 bit/s/Hz
[67533 ms] [UE 39736] UL: SNR = 63.50 dB | SE = 20.778 bit/s/Hz
[67633 ms] [UE 39736] UL: SNR = 63.50 dB | SE = 20.778 bit/s/Hz
[67743 ms] [UE 39736] UL: SNR = 63.50 dB | SE = 20.778 bit/s/Hz
[67844 ms] [UE 39736] UL: SNR = 63.50 dB | SE = 20.778 bit/s/Hz
[67953 ms] [UE 39736] UL: SNR = 63.50 dB | SE = 20.778 bit/s/Hz
[68063 ms] [UE 39736] UL: SNR = 63.50 dB | SE = 20.778 bit/s/Hz
[68173 ms] [UE 39736] UL: SNR = 63.50 dB | SE = 20.778 bit/s/Hz
[68273 ms] [UE 39736] UL: SNR = 63.50 dB | SE = 20.778 bit/s/Hz
[68383 ms] [UE 39736] UL: SNR = 63.50 dB | SE = 20.778 bit/s/Hz
[68484 ms] [UE 39736] UL: SNR = 63.50 dB | SE = 20.778 bit/s/Hz
[68593 ms] [UE 39736] UL: SNR = 63.50 dB | SE = 20.778 bit/s/Hz
[68703 ms] [UE 39736] UL: SNR = 63.50 dB | SE = 20.778 bit/s/Hz
[68813 ms] [UE 39736] UL: SNR = 63.50 dB | SE = 20.778 bit/s/Hz
[68914 ms] [UE 39736] UL: SNR = 63.50 dB | SE = 20.778 bit/s/Hz
[69024 ms] [UE 39736] UL: SNR = 63.50 dB | SE = 20.778 bit/s/Hz
[69133 ms] [UE 39736] UL: SNR = 63.50 dB | SE = 20.778 bit/s/Hz
[69234 ms] [UE 39736] UL: SNR = 63.50 dB | SE = 20.778 bit/s/Hz
[69334 ms] [UE 39736] UL: SNR = 63.50 dB | SE = 20.778 bit/s/Hz
[69444 ms] [UE 39736] UL: SNR = 63.50 dB | SE = 20.778 bit/s/Hz
[69553 ms] [UE 39736] UL: SNR = 63.50 dB | SE = 20.778 bit/s/Hz
[69653 ms] [UE 39736] UL: SNR = 63.50 dB | SE = 20.778 bit/s/Hz
[69763 ms] [UE 39736] UL: SNR = 63.50 dB | SE = 20.778 bit/s/Hz
[69863 ms] [UE 39736] UL: SNR = 63.50 dB | SE = 20.778 bit/s/Hz
[69974 ms] [UE 39736] UL: SNR = 63.50 dB | SE = 20.778 bit/s/Hz
[70084 ms] [UE 39736] UL: SNR = 63.50 dB | SE = 20.778 bit/s/Hz
[70184 ms] [UE 39736] UL: SNR = 63.50 dB | SE = 20.778 bit/s/Hz
[70293 ms] [UE 39736] UL: SNR = 63.50 dB | SE = 20.778 bit/s/Hz
[70393 ms] [UE 39736] UL: SNR = 63.50 dB | SE = 20.778 bit/s/Hz
[70503 ms] [UE 39736] UL: SNR = 63.50 dB | SE = 20.778 bit/s/Hz
[70603 ms] [UE 39736] UL: SNR = 63.50 dB | SE = 20.778 bit/s/Hz
[70714 ms] [UE 39736] UL: SNR = 63.50 dB | SE = 20.778 bit/s/Hz
[70824 ms] [UE 39736] UL: SNR = 63.50 dB | SE = 20.778 bit/s/Hz
[70933 ms] [UE 39736] UL: SNR = 63.50 dB | SE = 20.778 bit/s/Hz
[71034 ms] [UE 39736] UL: SNR = 63.50 dB | SE = 20.778 bit/s/Hz
[71143 ms] [UE 39736] UL: SNR = 63.50 dB | SE = 20.778 bit/s/Hz
[71244 ms] [UE 39736] UL: SNR = 63.50 dB | SE = 20.778 bit/s/Hz
[71344 ms] [UE 39736] UL: SNR = 63.50 dB | SE = 20.778 bit/s/Hz
[71453 ms] [UE 39736] UL: SNR = 63.50 dB | SE = 20.778 bit/s/Hz
[71553 ms] [UE 39736] UL: SNR = 63.50 dB | SE = 20.778 bit/s/Hz
[71653 ms] [UE 39736] UL: SNR = 63.50 dB | SE = 20.778 bit/s/Hz
[71763 ms] [UE 39736] UL: SNR = 63.50 dB | SE = 20.778 bit/s/Hz
[71873 ms] [UE 39736] UL: SNR = 63.50 dB | SE = 20.778 bit/s/Hz
[71983 ms] [UE 39736] UL: SNR = 63.50 dB | SE = 20.778 bit/s/Hz
[72094 ms] [UE 39736] UL: SNR = 63.50 dB | SE = 20.778 bit/s/Hz
[72203 ms] [UE 39736] UL: SNR = 63.50 dB | SE = 20.778 bit/s/Hz
[72303 ms] [UE 39736] UL: SNR = 63.50 dB | SE = 20.778 bit/s/Hz
[72404 ms] [UE 39736] UL: SNR = 63.50 dB | SE = 20.778 bit/s/Hz
[72504 ms] [UE 39736] UL: SNR = 63.50 dB | SE = 20.778 bit/s/Hz
[72614 ms] [UE 39736] UL: SNR = 63.50 dB | SE = 20.778 bit/s/Hz
[72724 ms] [UE 39736] UL: SNR = 63.50 dB | SE = 20.778 bit/s/Hz
[72833 ms] [UE 39736] UL: SNR = 63.50 dB | SE = 20.778 bit/s/Hz
[72934 ms] [UE 39736] UL: SNR = 63.50 dB | SE = 20.778 bit/s/Hz
[73043 ms] [UE 39736] UL: SNR = 63.50 dB | SE = 20.778 bit/s/Hz
[73143 ms] [UE 39736] UL: SNR = 63.50 dB | SE = 20.778 bit/s/Hz
[73244 ms] [UE 39736] UL: SNR = 63.50 dB | SE = 20.778 bit/s/Hz
[73344 ms] [UE 39736] UL: SNR = 63.50 dB | SE = 20.778 bit/s/Hz
[73454 ms] [UE 39736] UL: SNR = 63.50 dB | SE = 20.778 bit/s/Hz
[73564 ms] [UE 39736] UL: SNR = 63.50 dB | SE = 20.778 bit/s/Hz
[73664 ms] [UE 39736] UL: SNR = 63.50 dB | SE = 20.778 bit/s/Hz
[73774 ms] [UE 39736] UL: SNR = 63.50 dB | SE = 20.778 bit/s/Hz
[73884 ms] [UE 39736] UL: SNR = 63.50 dB | SE = 20.778 bit/s/Hz
[73993 ms] [UE 39736] UL: SNR = 63.50 dB | SE = 20.778 bit/s/Hz
[74094 ms] [UE 39736] UL: SNR = 63.50 dB | SE = 20.778 bit/s/Hz
[74204 ms] [UE 39736] UL: SNR = 63.50 dB | SE = 20.778 bit/s/Hz
[74304 ms] [UE 39736] UL: SNR = 63.50 dB | SE = 20.778 bit/s/Hz
[74413 ms] [UE 39736] UL: SNR = 63.50 dB | SE = 20.778 bit/s/Hz
[74514 ms] [UE 39736] UL: SNR = 63.50 dB | SE = 20.778 bit/s/Hz
[74624 ms] [UE 39736] UL: SNR = 63.50 dB | SE = 20.778 bit/s/Hz
[74733 ms] [UE 39736] UL: SNR = 63.50 dB | SE = 20.778 bit/s/Hz
[74843 ms] [UE 39736] UL: SNR = 63.50 dB | SE = 20.778 bit/s/Hz
[74943 ms] [UE 39736] UL: SNR = 63.50 dB | SE = 20.778 bit/s/Hz
[75043 ms] [UE 39736] UL: SNR = 63.50 dB | SE = 20.778 bit/s/Hz
[75153 ms] [UE 39736] UL: SNR = 63.50 dB | SE = 20.778 bit/s/Hz
[75263 ms] [UE 39736] UL: SNR = 63.50 dB | SE = 20.778 bit/s/Hz
[75363 ms] [UE 39736] UL: SNR = 63.50 dB | SE = 20.778 bit/s/Hz
[75473 ms] [UE 39736] UL: SNR = 63.50 dB | SE = 20.778 bit/s/Hz
[75583 ms] [UE 39736] UL: SNR = 63.50 dB | SE = 20.778 bit/s/Hz
[75684 ms] [UE 39736] UL: SNR = 63.50 dB | SE = 20.778 bit/s/Hz
[75793 ms] [UE 39736] UL: SNR = 63.50 dB | SE = 20.778 bit/s/Hz
[75903 ms] [UE 39736] UL: SNR = 63.50 dB | SE = 20.778 bit/s/Hz
[76013 ms] [UE 39736] UL: SNR = 63.50 dB | SE = 20.778 bit/s/Hz
[76123 ms] [UE 39736] UL: SNR = 63.50 dB | SE = 20.778 bit/s/Hz
[76223 ms] [UE 39736] UL: SNR = 63.50 dB | SE = 20.778 bit/s/Hz
[76333 ms] [UE 39736] UL: SNR = 63.50 dB | SE = 20.778 bit/s/Hz
[76434 ms] [UE 39736] UL: SNR = 63.50 dB | SE = 20.778 bit/s/Hz
[76543 ms] [UE 39736] UL: SNR = 63.50 dB | SE = 20.778 bit/s/Hz
[76653 ms] [UE 39736] UL: SNR = 63.50 dB | SE = 20.778 bit/s/Hz
[76753 ms] [UE 39736] UL: SNR = 63.50 dB | SE = 20.778 bit/s/Hz
[76863 ms] [UE 39736] UL: SNR = 63.50 dB | SE = 20.778 bit/s/Hz
[76974 ms] [UE 39736] UL: SNR = 63.50 dB | SE = 20.778 bit/s/Hz
[77074 ms] [UE 39736] UL: SNR = 63.50 dB | SE = 20.778 bit/s/Hz
[77183 ms] [UE 39736] UL: SNR = 63.50 dB | SE = 20.778 bit/s/Hz
[77283 ms] [UE 39736] UL: SNR = 63.50 dB | SE = 20.778 bit/s/Hz
[77383 ms] [UE 39736] UL: SNR = 63.50 dB | SE = 20.778 bit/s/Hz
[77493 ms] [UE 39736] UL: SNR = 63.50 dB | SE = 20.778 bit/s/Hz
[77603 ms] [UE 39736] UL: SNR = 63.50 dB | SE = 20.778 bit/s/Hz
[77703 ms] [UE 39736] UL: SNR = 63.50 dB | SE = 20.778 bit/s/Hz
[77813 ms] [UE 39736] UL: SNR = 63.50 dB | SE = 20.778 bit/s/Hz
[77914 ms] [UE 39736] UL: SNR = 63.50 dB | SE = 20.778 bit/s/Hz
[78023 ms] [UE 39736] UL: SNR = 63.50 dB | SE = 20.778 bit/s/Hz
[78133 ms] [UE 39736] UL: SNR = 63.50 dB | SE = 20.778 bit/s/Hz
[78233 ms] [UE 39736] UL: SNR = 63.50 dB | SE = 20.778 bit/s/Hz
[78334 ms] [UE 39736] UL: SNR = 63.50 dB | SE = 20.778 bit/s/Hz
[78443 ms] [UE 39736] UL: SNR = 63.50 dB | SE = 20.778 bit/s/Hz
[78544 ms] [UE 39736] UL: SNR = 63.50 dB | SE = 20.778 bit/s/Hz
[78654 ms] [UE 39736] UL: SNR = 63.50 dB | SE = 20.778 bit/s/Hz
[78754 ms] [UE 39736] UL: SNR = 63.50 dB | SE = 20.778 bit/s/Hz
[78863 ms] [UE 39736] UL: SNR = 63.50 dB | SE = 20.778 bit/s/Hz
[78973 ms] [UE 39736] UL: SNR = 63.50 dB | SE = 20.778 bit/s/Hz
[79074 ms] [UE 39736] UL: SNR = 63.50 dB | SE = 20.778 bit/s/Hz
[79183 ms] [UE 39736] UL: SNR = 63.50 dB | SE = 20.778 bit/s/Hz
[79283 ms] [UE 39736] UL: SNR = 63.50 dB | SE = 20.778 bit/s/Hz
[79384 ms] [UE 39736] UL: SNR = 63.50 dB | SE = 20.778 bit/s/Hz
[79493 ms] [UE 39736] UL: SNR = 63.50 dB | SE = 20.778 bit/s/Hz
[79603 ms] [UE 39736] UL: SNR = 63.50 dB | SE = 20.778 bit/s/Hz
[79713 ms] [UE 39736] UL: SNR = 63.50 dB | SE = 20.778 bit/s/Hz
[79823 ms] [UE 39736] UL: SNR = 63.50 dB | SE = 20.778 bit/s/Hz
[79924 ms] [UE 39736] UL: SNR = 63.50 dB | SE = 20.778 bit/s/Hz
[80033 ms] [UE 39736] UL: SNR = 63.50 dB | SE = 20.778 bit/s/Hz
[80143 ms] [UE 39736] UL: SNR = 63.50 dB | SE = 20.778 bit/s/Hz
[80244 ms] [UE 39736] UL: SNR = 63.50 dB | SE = 20.778 bit/s/Hz
[80344 ms] [UE 39736] UL: SNR = 63.50 dB | SE = 20.778 bit/s/Hz
[80454 ms] [UE 39736] UL: SNR = 63.50 dB | SE = 20.778 bit/s/Hz
[80564 ms] [UE 39736] UL: SNR = 63.50 dB | SE = 20.778 bit/s/Hz
[80673 ms] [UE 39736] UL: SNR = 63.50 dB | SE = 20.778 bit/s/Hz
[80773 ms] [UE 39736] UL: SNR = 63.50 dB | SE = 20.778 bit/s/Hz
[80883 ms] [UE 39736] UL: SNR = 63.50 dB | SE = 20.778 bit/s/Hz
[80993 ms] [UE 39736] UL: SNR = 63.50 dB | SE = 20.778 bit/s/Hz
[81103 ms] [UE 39736] UL: SNR = 63.50 dB | SE = 20.778 bit/s/Hz
[81203 ms] [UE 39736] UL: SNR = 63.50 dB | SE = 20.778 bit/s/Hz
[81303 ms] [UE 39736] UL: SNR = 63.50 dB | SE = 20.778 bit/s/Hz
[81404 ms] [UE 39736] UL: SNR = 63.50 dB | SE = 20.778 bit/s/Hz
[81504 ms] [UE 39736] UL: SNR = 63.50 dB | SE = 20.778 bit/s/Hz
[81614 ms] [UE 39736] UL: SNR = 63.50 dB | SE = 20.778 bit/s/Hz
[81724 ms] [UE 39736] UL: SNR = 63.50 dB | SE = 20.778 bit/s/Hz
[81834 ms] [UE 39736] UL: SNR = 63.50 dB | SE = 20.778 bit/s/Hz
[81943 ms] [UE 39736] UL: SNR = 63.50 dB | SE = 20.778 bit/s/Hz
[82053 ms] [UE 39736] UL: SNR = 63.50 dB | SE = 20.778 bit/s/Hz
[82154 ms] [UE 39736] UL: SNR = 63.50 dB | SE = 20.778 bit/s/Hz
[82263 ms] [UE 39736] UL: SNR = 63.50 dB | SE = 20.778 bit/s/Hz
[82374 ms] [UE 39736] UL: SNR = 63.50 dB | SE = 20.778 bit/s/Hz
[82483 ms] [UE 39736] UL: SNR = 63.50 dB | SE = 20.778 bit/s/Hz
[82594 ms] [UE 39736] UL: SNR = 63.50 dB | SE = 20.778 bit/s/Hz
[82704 ms] [UE 39736] UL: SNR = 63.50 dB | SE = 20.778 bit/s/Hz
[82804 ms] [UE 39736] UL: SNR = 63.50 dB | SE = 20.778 bit/s/Hz
[82913 ms] [UE 39736] UL: SNR = 63.50 dB | SE = 20.778 bit/s/Hz
[83014 ms] [UE 39736] UL: SNR = 63.50 dB | SE = 20.778 bit/s/Hz
[83114 ms] [UE 39736] UL: SNR = 63.50 dB | SE = 20.778 bit/s/Hz
[83224 ms] [UE 39736] UL: SNR = 63.50 dB | SE = 20.778 bit/s/Hz
[83324 ms] [UE 39736] UL: SNR = 63.50 dB | SE = 20.778 bit/s/Hz
[83434 ms] [UE 39736] UL: SNR = 63.50 dB | SE = 20.778 bit/s/Hz
[83544 ms] [UE 39736] UL: SNR = 63.50 dB | SE = 20.778 bit/s/Hz
[83653 ms] [UE 39736] UL: SNR = 63.50 dB | SE = 20.778 bit/s/Hz
[83753 ms] [UE 39736] UL: SNR = 63.50 dB | SE = 20.778 bit/s/Hz
[83853 ms] [UE 39736] UL: SNR = 63.50 dB | SE = 20.778 bit/s/Hz
[83954 ms] [UE 39736] UL: SNR = 63.50 dB | SE = 20.778 bit/s/Hz
[84054 ms] [UE 39736] UL: SNR = 63.50 dB | SE = 20.778 bit/s/Hz
[84163 ms] [UE 39736] UL: SNR = 63.50 dB | SE = 20.778 bit/s/Hz
[84274 ms] [UE 39736] UL: SNR = 63.50 dB | SE = 20.778 bit/s/Hz
[84384 ms] [UE 39736] UL: SNR = 63.50 dB | SE = 20.778 bit/s/Hz
[84484 ms] [UE 39736] UL: SNR = 63.50 dB | SE = 20.778 bit/s/Hz
[84593 ms] [UE 39736] UL: SNR = 63.50 dB | SE = 20.778 bit/s/Hz
[84694 ms] [UE 39736] UL: SNR = 63.50 dB | SE = 20.778 bit/s/Hz
[84803 ms] [UE 39736] UL: SNR = 63.50 dB | SE = 20.778 bit/s/Hz
[84903 ms] [UE 39736] UL: SNR = 63.50 dB | SE = 20.778 bit/s/Hz
[85014 ms] [UE 39736] UL: SNR = 63.50 dB | SE = 20.778 bit/s/Hz
[85124 ms] [UE 39736] UL: SNR = 63.50 dB | SE = 20.778 bit/s/Hz
[85224 ms] [UE 39736] UL: SNR = 63.50 dB | SE = 20.778 bit/s/Hz
[85334 ms] [UE 39736] UL: SNR = 63.50 dB | SE = 20.778 bit/s/Hz
[85443 ms] [UE 39736] UL: SNR = 63.50 dB | SE = 20.778 bit/s/Hz
[85554 ms] [UE 39736] UL: SNR = 63.50 dB | SE = 20.778 bit/s/Hz
[85663 ms] [UE 39736] UL: SNR = 63.50 dB | SE = 20.778 bit/s/Hz
[85763 ms] [UE 39736] UL: SNR = 63.50 dB | SE = 20.778 bit/s/Hz
[85873 ms] [UE 39736] UL: SNR = 63.50 dB | SE = 20.778 bit/s/Hz
[85974 ms] [UE 39736] UL: SNR = 63.50 dB | SE = 20.778 bit/s/Hz
[86074 ms] [UE 39736] UL: SNR = 63.50 dB | SE = 20.778 bit/s/Hz
[86174 ms] [UE 39736] UL: SNR = 63.50 dB | SE = 20.778 bit/s/Hz
[86284 ms] [UE 39736] UL: SNR = 63.50 dB | SE = 20.778 bit/s/Hz
[86394 ms] [UE 39736] UL: SNR = 63.50 dB | SE = 20.778 bit/s/Hz
[86494 ms] [UE 39736] UL: SNR = 63.50 dB | SE = 20.778 bit/s/Hz
[86604 ms] [UE 39736] UL: SNR = 63.50 dB | SE = 20.778 bit/s/Hz
[86704 ms] [UE 39736] UL: SNR = 63.50 dB | SE = 20.778 bit/s/Hz
[86814 ms] [UE 39736] UL: SNR = 63.50 dB | SE = 20.778 bit/s/Hz
[86914 ms] [UE 39736] UL: SNR = 63.50 dB | SE = 20.778 bit/s/Hz
[87024 ms] [UE 39736] UL: SNR = 63.50 dB | SE = 20.778 bit/s/Hz
[87133 ms] [UE 39736] UL: SNR = 63.50 dB | SE = 20.778 bit/s/Hz
[87244 ms] [UE 39736] UL: SNR = 63.50 dB | SE = 20.778 bit/s/Hz
[87344 ms] [UE 39736] UL: SNR = 63.50 dB | SE = 20.778 bit/s/Hz
[87453 ms] [UE 39736] UL: SNR = 63.50 dB | SE = 20.778 bit/s/Hz
[87554 ms] [UE 39736] UL: SNR = 63.50 dB | SE = 20.778 bit/s/Hz
[87654 ms] [UE 39736] UL: SNR = 63.50 dB | SE = 20.778 bit/s/Hz
[87764 ms] [UE 39736] UL: SNR = 63.50 dB | SE = 20.778 bit/s/Hz
[87874 ms] [UE 39736] UL: SNR = 63.50 dB | SE = 20.778 bit/s/Hz
[87974 ms] [UE 39736] UL: SNR = 63.50 dB | SE = 20.778 bit/s/Hz
[88084 ms] [UE 39736] UL: SNR = 63.50 dB | SE = 20.778 bit/s/Hz
[88184 ms] [UE 39736] UL: SNR = 63.50 dB | SE = 20.778 bit/s/Hz
[88293 ms] [UE 39736] UL: SNR = 63.50 dB | SE = 20.778 bit/s/Hz
[88393 ms] [UE 39736] UL: SNR = 63.50 dB | SE = 20.778 bit/s/Hz
[88494 ms] [UE 39736] UL: SNR = 63.50 dB | SE = 20.778 bit/s/Hz
[88603 ms] [UE 39736] UL: SNR = 63.50 dB | SE = 20.778 bit/s/Hz
[88704 ms] [UE 39736] UL: SNR = 63.50 dB | SE = 20.778 bit/s/Hz
[88814 ms] [UE 39736] UL: SNR = 63.50 dB | SE = 20.778 bit/s/Hz
[88923 ms] [UE 39736] UL: SNR = 63.50 dB | SE = 20.778 bit/s/Hz
[89023 ms] [UE 39736] UL: SNR = 63.50 dB | SE = 20.778 bit/s/Hz
[89134 ms] [UE 39736] UL: SNR = 63.50 dB | SE = 20.778 bit/s/Hz
[89234 ms] [UE 39736] UL: SNR = 63.50 dB | SE = 20.778 bit/s/Hz
[89334 ms] [UE 39736] UL: SNR = 63.50 dB | SE = 20.778 bit/s/Hz
[89444 ms] [UE 39736] UL: SNR = 63.50 dB | SE = 20.778 bit/s/Hz
[89554 ms] [UE 39736] UL: SNR = 63.50 dB | SE = 20.778 bit/s/Hz
[89654 ms] [UE 39736] UL: SNR = 63.50 dB | SE = 20.778 bit/s/Hz
[89763 ms] [UE 39736] UL: SNR = 63.50 dB | SE = 20.778 bit/s/Hz
[89874 ms] [UE 39736] UL: SNR = 63.50 dB | SE = 20.778 bit/s/Hz
[89974 ms] [UE 39736] UL: SNR = 63.50 dB | SE = 20.778 bit/s/Hz
[xApp]: E42 RIC_SUBSCRIPTION_DELETE_REQUEST tx RAN_FUNC_ID 142 RIC_REQ_ID 1 
[xApp]: E42 SUBSCRIPTION DELETE RESPONSE rx
[xApp]: E42 RIC_SUBSCRIPTION_DELETE_REQUEST tx RAN_FUNC_ID 142 RIC_REQ_ID 2 
[xApp]: E42 SUBSCRIPTION DELETE RESPONSE rx
[xApp]: Sucessfully stopped 
Test xApp run SUCCESSFULLY
