[UTIL]: Setting the config -c file to /usr/local/etc/flexric/flexric.conf
[UTIL]: Setting path -p for the shared libraries to /usr/local/lib/flexric/
[xAapp]: Initializing ... 
[xApp]: nearRT-RIC IP Address = 192.168.70.150, PORT = 36422
[E2 AGENT]: Opening plugin from path = /usr/local/lib/flexric/libkpm_sm.so 
[E2 AGENT]: Opening plugin from path = /usr/local/lib/flexric/libmac_sm.so 
[E2 AGENT]: Opening plugin from path = /usr/local/lib/flexric/libpdcp_sm.so 
[E2 AGENT]: Opening plugin from path = /usr/local/lib/flexric/libgtp_sm.so 
[E2 AGENT]: Opening plugin from path = /usr/local/lib/flexric/librc_sm.so 
[E2 AGENT]: Opening plugin from path = /usr/local/lib/flexric/libtc_sm.so 
[E2 AGENT]: Opening plugin from path = /usr/local/lib/flexric/librlc_sm.so 
[E2 AGENT]: Opening plugin from path = /usr/local/lib/flexric/libslice_sm.so 
[NEAR-RIC]: Loading SM ID = 2 with def = ORAN-E2SM-KPM 
[NEAR-RIC]: Loading SM ID = 142 with def = MAC_STATS_V0 
[NEAR-RIC]: Loading SM ID = 144 with def = PDCP_STATS_V0 
[NEAR-RIC]: Loading SM ID = 148 with def = GTP_STATS_V0 
[NEAR-RIC]: Loading SM ID = 3 with def = ORAN-E2SM-RC 
[NEAR-RIC]: Loading SM ID = 146 with def = TC_STATS_V0 
[NEAR-RIC]: Loading SM ID = 143 with def = RLC_STATS_V0 
[NEAR-RIC]: Loading SM ID = 145 with def = SLICE_STATS_V0 
[xApp]: DB filename = /tmp/flexric/xapp_db 
 [xApp]: E42 SETUP-REQUEST tx
[xApp]: E42 SETUP-RESPONSE rx 
[xApp]: xApp ID = 26 
[xApp]: Registered E2 Nodes = 4 
Connected E2 nodes = 4
[xAPP] Registered node 0 ran func id = 2 
[xAPP] Registered node 0 ran func id = 3 
[xAPP] Registered node 0 ran func id = 142 
[xAPP] Registered node 0 ran func id = 143 
[xAPP] Registered node 0 ran func id = 144 
[xAPP] Registered node 0 ran func id = 145 
[xAPP] Registered node 0 ran func id = 146 
[xAPP] Registered node 0 ran func id = 148 
[xAPP] CU or CUUP, don't do anything
[xAPP] Registered node 1 ran func id = 2 
[xAPP] Registered node 1 ran func id = 3 
[xAPP] Registered node 1 ran func id = 142 
[xAPP] Registered node 1 ran func id = 143 
[xAPP] Registered node 1 ran func id = 144 
[xAPP] Registered node 1 ran func id = 145 
[xAPP] Registered node 1 ran func id = 146 
[xAPP] Registered node 1 ran func id = 148 
[xAPP] Registered node 2 ran func id = 2 
[xAPP] Registered node 2 ran func id = 3 
[xAPP] Registered node 2 ran func id = 142 
[xAPP] Registered node 2 ran func id = 143 
[xAPP] Registered node 2 ran func id = 144 
[xAPP] Registered node 2 ran func id = 145 
[xAPP] Registered node 2 ran func id = 146 
[xAPP] Registered node 2 ran func id = 148 
[xApp] DU detected
[xApp]: E42 RIC SUBSCRIPTION REQUEST tx RAN_FUNC_ID 142 RIC_REQ_ID 1 
[xApp]: SUBSCRIPTION RESPONSE rx
[xApp]: Successfully subscribed to RAN_FUNC_ID 142 
[xAPP] Registered node 3 ran func id = 2 
[xAPP] Registered node 3 ran func id = 3 
[xAPP] Registered node 3 ran func id = 142 
[xAPP] Registered node 3 ran func id = 143 
[xAPP] Registered node 3 ran func id = 144 
[xAPP] Registered node 3 ran func id = 145 
[xAPP] Registered node 3 ran func id = 146 
[xAPP] Registered node 3 ran func id = 148 
[xApp] DU detected
[xApp]: E42 RIC SUBSCRIPTION REQUEST tx RAN_FUNC_ID 142 RIC_REQ_ID 2 
[xApp]: SUBSCRIPTION RESPONSE rx
[xApp]: Successfully subscribed to RAN_FUNC_ID 142 
[   12 ms] [UE 39736] UL: SNR = 63.50 dB | SE = 20.778 bit/s/Hz
[  112 ms] [UE 39736] UL: SNR = 63.50 dB | SE = 20.778 bit/s/Hz
[  222 ms] [UE 39736] UL: SNR = 63.50 dB | SE = 20.778 bit/s/Hz
[  323 ms] [UE 39736] UL: SNR = 63.50 dB | SE = 20.778 bit/s/Hz
[  432 ms] [UE 39736] UL: SNR = 63.50 dB | SE = 20.778 bit/s/Hz
[  532 ms] [UE 39736] UL: SNR = 63.50 dB | SE = 20.778 bit/s/Hz
[  633 ms] [UE 39736] UL: SNR = 63.50 dB | SE = 20.778 bit/s/Hz
[  742 ms] [UE 39736] UL: SNR = 63.50 dB | SE = 20.778 bit/s/Hz
[  842 ms] [UE 39736] UL: SNR = 63.50 dB | SE = 20.778 bit/s/Hz
[  953 ms] [UE 39736] UL: SNR = 63.50 dB | SE = 20.778 bit/s/Hz
[ 1062 ms] [UE 39736] UL: SNR = 63.50 dB | SE = 20.778 bit/s/Hz
[ 1163 ms] [UE 39736] UL: SNR = 63.50 dB | SE = 20.778 bit/s/Hz
[ 1272 ms] [UE 39736] UL: SNR = 63.50 dB | SE = 20.778 bit/s/Hz
[ 1372 ms] [UE 39736] UL: SNR = 63.50 dB | SE = 20.778 bit/s/Hz
[ 1482 ms] [UE 39736] UL: SNR = 63.50 dB | SE = 20.778 bit/s/Hz
[ 1582 ms] [UE 39736] UL: SNR = 63.50 dB | SE = 20.778 bit/s/Hz
[ 1692 ms] [UE 39736] UL: SNR = 63.50 dB | SE = 20.778 bit/s/Hz
[ 1802 ms] [UE 39736] UL: SNR = 63.50 dB | SE = 20.778 bit/s/Hz
[ 1903 ms] [UE 39736] UL: SNR = 63.50 dB | SE = 20.778 bit/s/Hz
[ 2013 ms] [UE 39736] UL: SNR = 63.50 dB | SE = 20.778 bit/s/Hz
[ 2122 ms] [UE 39736] UL: SNR = 63.50 dB | SE = 20.778 bit/s/Hz
[ 2232 ms] [UE 39736] UL: SNR = 63.50 dB | SE = 20.778 bit/s/Hz
[ 2332 ms] [UE 39736] UL: SNR = 63.50 dB | SE = 20.778 bit/s/Hz
[ 2433 ms] [UE 39736] UL: SNR = 63.50 dB | SE = 20.778 bit/s/Hz
[ 2542 ms] [UE 39736] UL: SNR = 63.50 dB | SE = 20.778 bit/s/Hz
[ 2642 ms] [UE 39736] UL: SNR = 63.50 dB | SE = 20.778 bit/s/Hz
[ 2743 ms] [UE 39736] UL: SNR = 63.50 dB | SE = 20.778 bit/s/Hz
[ 2852 ms] [UE 39736] UL: SNR = 63.50 dB | SE = 20.778 bit/s/Hz
[ 2952 ms] [UE 39736] UL: SNR = 63.50 dB | SE = 20.778 bit/s/Hz
[ 3053 ms] [UE 39736] UL: SNR = 63.50 dB | SE = 20.778 bit/s/Hz
[ 3163 ms] [UE 39736] UL: SNR = 63.50 dB | SE = 20.778 bit/s/Hz
[ 3273 ms] [UE 39736] UL: SNR = 63.50 dB | SE = 20.778 bit/s/Hz
[ 3383 ms] [UE 39736] UL: SNR = 63.50 dB | SE = 20.778 bit/s/Hz
[ 3492 ms] [UE 39736] UL: SNR = 63.50 dB | SE = 20.778 bit/s/Hz
[ 3602 ms] [UE 39736] UL: SNR = 63.50 dB | SE = 20.778 bit/s/Hz
[ 3702 ms] [UE 39736] UL: SNR = 63.50 dB | SE = 20.778 bit/s/Hz
[ 3812 ms] [UE 39736] UL: SNR = 63.50 dB | SE = 20.778 bit/s/Hz
[ 3912 ms] [UE 39736] UL: SNR = 63.50 dB | SE = 20.778 bit/s/Hz
[ 4024 ms] [UE 39736] UL: SNR = 63.50 dB | SE = 20.778 bit/s/Hz
[ 4133 ms] [UE 39736] UL: SNR = 63.50 dB | SE = 20.778 bit/s/Hz
[ 4242 ms] [UE 39736] UL: SNR = 63.50 dB | SE = 20.778 bit/s/Hz
[ 4342 ms] [UE 39736] UL: SNR = 63.50 dB | SE = 20.778 bit/s/Hz
[ 4443 ms] [UE 39736] UL: SNR = 63.50 dB | SE = 20.778 bit/s/Hz
[ 4552 ms] [UE 39736] UL: SNR = 63.50 dB | SE = 20.778 bit/s/Hz
[ 4663 ms] [UE 39736] UL: SNR = 63.50 dB | SE = 20.778 bit/s/Hz
[ 4763 ms] [UE 39736] UL: SNR = 63.50 dB | SE = 20.778 bit/s/Hz
[ 4872 ms] [UE 39736] UL: SNR = 63.50 dB | SE = 20.778 bit/s/Hz
[ 4972 ms] [UE 39736] UL: SNR = 63.50 dB | SE = 20.778 bit/s/Hz
[ 5082 ms] [UE 39736] UL: SNR = 63.50 dB | SE = 20.778 bit/s/Hz
[ 5193 ms] [UE 39736] UL: SNR = 63.50 dB | SE = 20.778 bit/s/Hz
[ 5302 ms] [UE 39736] UL: SNR = 63.50 dB | SE = 20.778 bit/s/Hz
[ 5402 ms] [UE 39736] UL: SNR = 63.50 dB | SE = 20.778 bit/s/Hz
[ 5502 ms] [UE 39736] UL: SNR = 63.50 dB | SE = 20.778 bit/s/Hz
[ 5612 ms] [UE 39736] UL: SNR = 63.50 dB | SE = 20.778 bit/s/Hz
[ 5713 ms] [UE 39736] UL: SNR = 63.50 dB | SE = 20.778 bit/s/Hz
[ 5823 ms] [UE 39736] UL: SNR = 63.50 dB | SE = 20.778 bit/s/Hz
[ 5932 ms] [UE 39736] UL: SNR = 63.50 dB | SE = 20.778 bit/s/Hz
[ 6042 ms] [UE 39736] UL: SNR = 63.50 dB | SE = 20.778 bit/s/Hz
[ 6142 ms] [UE 39736] UL: SNR = 63.50 dB | SE = 20.778 bit/s/Hz
[ 6243 ms] [UE 39736] UL: SNR = 63.50 dB | SE = 20.778 bit/s/Hz
[ 6352 ms] [UE 39736] UL: SNR = 63.50 dB | SE = 20.778 bit/s/Hz
[ 6452 ms] [UE 39736] UL: SNR = 63.50 dB | SE = 20.778 bit/s/Hz
[ 6562 ms] [UE 39736] UL: SNR = 63.50 dB | SE = 20.778 bit/s/Hz
[ 6662 ms] [UE 39736] UL: SNR = 63.50 dB | SE = 20.778 bit/s/Hz
[ 6762 ms] [UE 39736] UL: SNR = 63.50 dB | SE = 20.778 bit/s/Hz
[ 6873 ms] [UE 39736] UL: SNR = 63.50 dB | SE = 20.778 bit/s/Hz
[ 6982 ms] [UE 39736] UL: SNR = 63.50 dB | SE = 20.778 bit/s/Hz
[ 7082 ms] [UE 39736] UL: SNR = 63.50 dB | SE = 20.778 bit/s/Hz
[ 7193 ms] [UE 39736] UL: SNR = 63.50 dB | SE = 20.778 bit/s/Hz
[ 7302 ms] [UE 39736] UL: SNR = 63.50 dB | SE = 20.778 bit/s/Hz
[ 7412 ms] [UE 39736] UL: SNR = 63.50 dB | SE = 20.778 bit/s/Hz
[ 7513 ms] [UE 39736] UL: SNR = 63.50 dB | SE = 20.778 bit/s/Hz
[ 7622 ms] [UE 39736] UL: SNR = 63.50 dB | SE = 20.778 bit/s/Hz
[ 7722 ms] [UE 39736] UL: SNR = 63.50 dB | SE = 20.778 bit/s/Hz
[ 7822 ms] [UE 39736] UL: SNR = 63.50 dB | SE = 20.778 bit/s/Hz
[ 7932 ms] [UE 39736] UL: SNR = 63.50 dB | SE = 20.778 bit/s/Hz
[ 8042 ms] [UE 39736] UL: SNR = 63.50 dB | SE = 20.778 bit/s/Hz
[ 8152 ms] [UE 39736] UL: SNR = 63.50 dB | SE = 20.778 bit/s/Hz
[ 8262 ms] [UE 39736] UL: SNR = 63.50 dB | SE = 20.778 bit/s/Hz
[ 8363 ms] [UE 39736] UL: SNR = 63.50 dB | SE = 20.778 bit/s/Hz
[ 8473 ms] [UE 39736] UL: SNR = 63.50 dB | SE = 20.778 bit/s/Hz
[ 8582 ms] [UE 39736] UL: SNR = 63.50 dB | SE = 20.778 bit/s/Hz
[ 8682 ms] [UE 39736] UL: SNR = 63.50 dB | SE = 20.778 bit/s/Hz
[ 8792 ms] [UE 39736] UL: SNR = 63.50 dB | SE = 20.778 bit/s/Hz
[ 8893 ms] [UE 39736] UL: SNR = 63.50 dB | SE = 20.778 bit/s/Hz
[ 9002 ms] [UE 39736] UL: SNR = 63.50 dB | SE = 20.778 bit/s/Hz
[ 9102 ms] [UE 39736] UL: SNR = 63.50 dB | SE = 20.778 bit/s/Hz
[ 9203 ms] [UE 39736] UL: SNR = 63.50 dB | SE = 20.778 bit/s/Hz
[ 9312 ms] [UE 39736] UL: SNR = 63.50 dB | SE = 20.778 bit/s/Hz
[ 9413 ms] [UE 39736] UL: SNR = 63.50 dB | SE = 20.778 bit/s/Hz
[ 9513 ms] [UE 39736] UL: SNR = 63.50 dB | SE = 20.778 bit/s/Hz
[ 9623 ms] [UE 39736] UL: SNR = 63.50 dB | SE = 20.778 bit/s/Hz
[ 9732 ms] [UE 39736] UL: SNR = 63.50 dB | SE = 20.778 bit/s/Hz
[ 9842 ms] [UE 39736] UL: SNR = 63.50 dB | SE = 20.778 bit/s/Hz
[ 9942 ms] [UE 39736] UL: SNR = 63.50 dB | SE = 20.778 bit/s/Hz
[10053 ms] [UE 39736] UL: SNR = 63.50 dB | SE = 20.778 bit/s/Hz
[10153 ms] [UE 39736] UL: SNR = 63.50 dB | SE = 20.778 bit/s/Hz
[10263 ms] [UE 39736] UL: SNR = 63.50 dB | SE = 20.778 bit/s/Hz
[10373 ms] [UE 39736] UL: SNR = 63.50 dB | SE = 20.778 bit/s/Hz
[10473 ms] [UE 39736] UL: SNR = 63.50 dB | SE = 20.778 bit/s/Hz
[10582 ms] [UE 39736] UL: SNR = 63.50 dB | SE = 20.778 bit/s/Hz
[10682 ms] [UE 39736] UL: SNR = 63.50 dB | SE = 20.778 bit/s/Hz
[10783 ms] [UE 39736] UL: SNR = 63.50 dB | SE = 20.778 bit/s/Hz
[10892 ms] [UE 39736] UL: SNR = 63.50 dB | SE = 20.778 bit/s/Hz
[11003 ms] [UE 39736] UL: SNR = 63.50 dB | SE = 20.778 bit/s/Hz
[11112 ms] [UE 39736] UL: SNR = 63.50 dB | SE = 20.778 bit/s/Hz
[11223 ms] [UE 39736] UL: SNR = 63.50 dB | SE = 20.778 bit/s/Hz
[11332 ms] [UE 39736] UL: SNR = 63.50 dB | SE = 20.778 bit/s/Hz
[11433 ms] [UE 39736] UL: SNR = 63.50 dB | SE = 20.778 bit/s/Hz
[11543 ms] [UE 39736] UL: SNR = 63.50 dB | SE = 20.778 bit/s/Hz
[11652 ms] [UE 39736] UL: SNR = 63.50 dB | SE = 20.778 bit/s/Hz
[11762 ms] [UE 39736] UL: SNR = 63.50 dB | SE = 20.778 bit/s/Hz
[11862 ms] [UE 39736] UL: SNR = 63.50 dB | SE = 20.778 bit/s/Hz
[11963 ms] [UE 39736] UL: SNR = 63.50 dB | SE = 20.778 bit/s/Hz
[12063 ms] [UE 39736] UL: SNR = 63.50 dB | SE = 20.778 bit/s/Hz
[12172 ms] [UE 39736] UL: SNR = 63.50 dB | SE = 20.778 bit/s/Hz
[12272 ms] [UE 39736] UL: SNR = 63.50 dB | SE = 20.778 bit/s/Hz
[12383 ms] [UE 39736] UL: SNR = 63.50 dB | SE = 20.778 bit/s/Hz
[12493 ms] [UE 39736] UL: SNR = 63.50 dB | SE = 20.778 bit/s/Hz
[12603 ms] [UE 39736] UL: SNR = 63.50 dB | SE = 20.778 bit/s/Hz
[12703 ms] [UE 39736] UL: SNR = 63.50 dB | SE = 20.778 bit/s/Hz
[12812 ms] [UE 39736] UL: SNR = 63.50 dB | SE = 20.778 bit/s/Hz
[12912 ms] [UE 39736] UL: SNR = 63.50 dB | SE = 20.778 bit/s/Hz
[13022 ms] [UE 39736] UL: SNR = 63.50 dB | SE = 20.778 bit/s/Hz
[13123 ms] [UE 39736] UL: SNR = 63.50 dB | SE = 20.778 bit/s/Hz
[13233 ms] [UE 39736] UL: SNR = 63.50 dB | SE = 20.778 bit/s/Hz
[13333 ms] [UE 39736] UL: SNR = 63.50 dB | SE = 20.778 bit/s/Hz
[13443 ms] [UE 39736] UL: SNR = 63.50 dB | SE = 20.778 bit/s/Hz
[13543 ms] [UE 39736] UL: SNR = 63.50 dB | SE = 20.778 bit/s/Hz
[13643 ms] [UE 39736] UL: SNR = 63.50 dB | SE = 20.778 bit/s/Hz
[13752 ms] [UE 39736] UL: SNR = 63.50 dB | SE = 20.778 bit/s/Hz
[13853 ms] [UE 39736] UL: SNR = 63.50 dB | SE = 20.778 bit/s/Hz
[13962 ms] [UE 39736] UL: SNR = 63.50 dB | SE = 20.778 bit/s/Hz
[14072 ms] [UE 39736] UL: SNR = 63.50 dB | SE = 20.778 bit/s/Hz
[14173 ms] [UE 39736] UL: SNR = 63.50 dB | SE = 20.778 bit/s/Hz
[14283 ms] [UE 39736] UL: SNR = 63.50 dB | SE = 20.778 bit/s/Hz
[14393 ms] [UE 39736] UL: SNR = 63.50 dB | SE = 20.778 bit/s/Hz
[14502 ms] [UE 39736] UL: SNR = 63.50 dB | SE = 20.778 bit/s/Hz
[14603 ms] [UE 39736] UL: SNR = 63.50 dB | SE = 20.778 bit/s/Hz
[14703 ms] [UE 39736] UL: SNR = 63.50 dB | SE = 20.778 bit/s/Hz
[14813 ms] [UE 39736] UL: SNR = 63.50 dB | SE = 20.778 bit/s/Hz
[14923 ms] [UE 39736] UL: SNR = 63.50 dB | SE = 20.778 bit/s/Hz
[15023 ms] [UE 39736] UL: SNR = 63.50 dB | SE = 20.778 bit/s/Hz
[15133 ms] [UE 39736] UL: SNR = 63.50 dB | SE = 20.778 bit/s/Hz
[15242 ms] [UE 39736] UL: SNR = 63.50 dB | SE = 20.778 bit/s/Hz
[15343 ms] [UE 39736] UL: SNR = 63.50 dB | SE = 20.778 bit/s/Hz
[15443 ms] [UE 39736] UL: SNR = 63.50 dB | SE = 20.778 bit/s/Hz
[15552 ms] [UE 39736] UL: SNR = 63.50 dB | SE = 20.778 bit/s/Hz
[15663 ms] [UE 39736] UL: SNR = 63.50 dB | SE = 20.778 bit/s/Hz
[15773 ms] [UE 39736] UL: SNR = 63.50 dB | SE = 20.778 bit/s/Hz
[15883 ms] [UE 39736] UL: SNR = 63.50 dB | SE = 20.778 bit/s/Hz
[15992 ms] [UE 39736] UL: SNR = 63.50 dB | SE = 20.778 bit/s/Hz
[16093 ms] [UE 39736] UL: SNR = 63.50 dB | SE = 20.778 bit/s/Hz
[16193 ms] [UE 39736] UL: SNR = 63.50 dB | SE = 20.778 bit/s/Hz
[16303 ms] [UE 39736] UL: SNR = 63.50 dB | SE = 20.778 bit/s/Hz
[16413 ms] [UE 39736] UL: SNR = 63.50 dB | SE = 20.778 bit/s/Hz
[16513 ms] [UE 39736] UL: SNR = 63.50 dB | SE = 20.778 bit/s/Hz
[16622 ms] [UE 39736] UL: SNR = 63.50 dB | SE = 20.778 bit/s/Hz
[16723 ms] [UE 39736] UL: SNR = 63.50 dB | SE = 20.778 bit/s/Hz
[16833 ms] [UE 39736] UL: SNR = 63.50 dB | SE = 20.778 bit/s/Hz
[16942 ms] [UE 39736] UL: SNR = 63.50 dB | SE = 20.778 bit/s/Hz
[17052 ms] [UE 39736] UL: SNR = 63.50 dB | SE = 20.778 bit/s/Hz
[17153 ms] [UE 39736] UL: SNR = 63.50 dB | SE = 20.778 bit/s/Hz
[17262 ms] [UE 39736] UL: SNR = 63.50 dB | SE = 20.778 bit/s/Hz
[17373 ms] [UE 39736] UL: SNR = 63.50 dB | SE = 20.778 bit/s/Hz
[17473 ms] [UE 39736] UL: SNR = 63.50 dB | SE = 20.778 bit/s/Hz
[17582 ms] [UE 39736] UL: SNR = 63.50 dB | SE = 20.778 bit/s/Hz
[17682 ms] [UE 39736] UL: SNR = 63.50 dB | SE = 20.778 bit/s/Hz
[17782 ms] [UE 39736] UL: SNR = 63.50 dB | SE = 20.778 bit/s/Hz
[17892 ms] [UE 39736] UL: SNR = 63.50 dB | SE = 20.778 bit/s/Hz
[17993 ms] [UE 39736] UL: SNR = 63.50 dB | SE = 20.778 bit/s/Hz
[18093 ms] [UE 39736] UL: SNR = 63.50 dB | SE = 20.778 bit/s/Hz
[18203 ms] [UE 39736] UL: SNR = 63.50 dB | SE = 20.778 bit/s/Hz
[18312 ms] [UE 39736] UL: SNR = 63.50 dB | SE = 20.778 bit/s/Hz
[18413 ms] [UE 39736] UL: SNR = 63.50 dB | SE = 20.778 bit/s/Hz
[18513 ms] [UE 39736] UL: SNR = 63.50 dB | SE = 20.778 bit/s/Hz
[18623 ms] [UE 39736] UL: SNR = 63.50 dB | SE = 20.778 bit/s/Hz
[18732 ms] [UE 39736] UL: SNR = 63.50 dB | SE = 20.778 bit/s/Hz
[18833 ms] [UE 39736] UL: SNR = 63.50 dB | SE = 20.778 bit/s/Hz
[18942 ms] [UE 39736] UL: SNR = 63.50 dB | SE = 20.778 bit/s/Hz
[19053 ms] [UE 39736] UL: SNR = 63.50 dB | SE = 20.778 bit/s/Hz
[19153 ms] [UE 39736] UL: SNR = 63.50 dB | SE = 20.778 bit/s/Hz
[19263 ms] [UE 39736] UL: SNR = 63.50 dB | SE = 20.778 bit/s/Hz
[19373 ms] [UE 39736] UL: SNR = 63.50 dB | SE = 20.778 bit/s/Hz
[19473 ms] [UE 39736] UL: SNR = 63.50 dB | SE = 20.778 bit/s/Hz
[19582 ms] [UE 39736] UL: SNR = 63.50 dB | SE = 20.778 bit/s/Hz
[19683 ms] [UE 39736] UL: SNR = 63.50 dB | SE = 20.778 bit/s/Hz
[19792 ms] [UE 39736] UL: SNR = 63.50 dB | SE = 20.778 bit/s/Hz
[19893 ms] [UE 39736] UL: SNR = 63.50 dB | SE = 20.778 bit/s/Hz
[19993 ms] [UE 39736] UL: SNR = 63.50 dB | SE = 20.778 bit/s/Hz
[20102 ms] [UE 39736] UL: SNR = 63.50 dB | SE = 20.778 bit/s/Hz
[20203 ms] [UE 39736] UL: SNR = 63.50 dB | SE = 20.778 bit/s/Hz
[20312 ms] [UE 39736] UL: SNR = 63.50 dB | SE = 20.778 bit/s/Hz
[20423 ms] [UE 39736] UL: SNR = 63.50 dB | SE = 20.778 bit/s/Hz
[20533 ms] [UE 39736] UL: SNR = 63.50 dB | SE = 20.778 bit/s/Hz
[20633 ms] [UE 39736] UL: SNR = 63.50 dB | SE = 20.778 bit/s/Hz
[20733 ms] [UE 39736] UL: SNR = 63.50 dB | SE = 20.778 bit/s/Hz
[20842 ms] [UE 39736] UL: SNR = 63.50 dB | SE = 20.778 bit/s/Hz
[20943 ms] [UE 39736] UL: SNR = 63.50 dB | SE = 20.778 bit/s/Hz
[21043 ms] [UE 39736] UL: SNR = 63.50 dB | SE = 20.778 bit/s/Hz
[21153 ms] [UE 39736] UL: SNR = 63.50 dB | SE = 20.778 bit/s/Hz
[21263 ms] [UE 39736] UL: SNR = 63.50 dB | SE = 20.778 bit/s/Hz
[21372 ms] [UE 39736] UL: SNR = 63.50 dB | SE = 20.778 bit/s/Hz
[21473 ms] [UE 39736] UL: SNR = 63.50 dB | SE = 20.778 bit/s/Hz
[21583 ms] [UE 39736] UL: SNR = 63.50 dB | SE = 20.778 bit/s/Hz
[21683 ms] [UE 39736] UL: SNR = 63.50 dB | SE = 20.778 bit/s/Hz
[21783 ms] [UE 39736] UL: SNR = 63.50 dB | SE = 20.778 bit/s/Hz
[21893 ms] [UE 39736] UL: SNR = 63.50 dB | SE = 20.778 bit/s/Hz
[22003 ms] [UE 39736] UL: SNR = 63.50 dB | SE = 20.778 bit/s/Hz
[22103 ms] [UE 39736] UL: SNR = 63.50 dB | SE = 20.778 bit/s/Hz
[22203 ms] [UE 39736] UL: SNR = 63.50 dB | SE = 20.778 bit/s/Hz
[22313 ms] [UE 39736] UL: SNR = 63.50 dB | SE = 20.778 bit/s/Hz
[22422 ms] [UE 39736] UL: SNR = 63.50 dB | SE = 20.778 bit/s/Hz
[22523 ms] [UE 39736] UL: SNR = 63.50 dB | SE = 20.778 bit/s/Hz
[22623 ms] [UE 39736] UL: SNR = 63.50 dB | SE = 20.778 bit/s/Hz
[22723 ms] [UE 39736] UL: SNR = 63.50 dB | SE = 20.778 bit/s/Hz
[22832 ms] [UE 39736] UL: SNR = 63.50 dB | SE = 20.778 bit/s/Hz
[22943 ms] [UE 39736] UL: SNR = 63.50 dB | SE = 20.778 bit/s/Hz
[23053 ms] [UE 39736] UL: SNR = 63.50 dB | SE = 20.778 bit/s/Hz
[23153 ms] [UE 39736] UL: SNR = 63.50 dB | SE = 20.778 bit/s/Hz
[23262 ms] [UE 39736] UL: SNR = 63.50 dB | SE = 20.778 bit/s/Hz
[23363 ms] [UE 39736] UL: SNR = 63.50 dB | SE = 20.778 bit/s/Hz
[23473 ms] [UE 39736] UL: SNR = 63.50 dB | SE = 20.778 bit/s/Hz
[23583 ms] [UE 39736] UL: SNR = 63.50 dB | SE = 20.778 bit/s/Hz
[23683 ms] [UE 39736] UL: SNR = 63.50 dB | SE = 20.778 bit/s/Hz
[23793 ms] [UE 39736] UL: SNR = 63.50 dB | SE = 20.778 bit/s/Hz
[23903 ms] [UE 39736] UL: SNR = 63.50 dB | SE = 20.778 bit/s/Hz
[24013 ms] [UE 39736] UL: SNR = 63.50 dB | SE = 20.778 bit/s/Hz
[24113 ms] [UE 39736] UL: SNR = 63.50 dB | SE = 20.778 bit/s/Hz
[24223 ms] [UE 39736] UL: SNR = 63.50 dB | SE = 20.778 bit/s/Hz
[24332 ms] [UE 39736] UL: SNR = 63.50 dB | SE = 20.778 bit/s/Hz
[24433 ms] [UE 39736] UL: SNR = 63.50 dB | SE = 20.778 bit/s/Hz
[24533 ms] [UE 39736] UL: SNR = 63.50 dB | SE = 20.778 bit/s/Hz
[24642 ms] [UE 39736] UL: SNR = 63.50 dB | SE = 20.778 bit/s/Hz
[24743 ms] [UE 39736] UL: SNR = 63.50 dB | SE = 20.778 bit/s/Hz
[24852 ms] [UE 39736] UL: SNR = 63.50 dB | SE = 20.778 bit/s/Hz
[24953 ms] [UE 39736] UL: SNR = 63.50 dB | SE = 20.778 bit/s/Hz
[25063 ms] [UE 39736] UL: SNR = 63.50 dB | SE = 20.778 bit/s/Hz
[25163 ms] [UE 39736] UL: SNR = 63.50 dB | SE = 20.778 bit/s/Hz
[25263 ms] [UE 39736] UL: SNR = 63.50 dB | SE = 20.778 bit/s/Hz
[25372 ms] [UE 39736] UL: SNR = 63.50 dB | SE = 20.778 bit/s/Hz
[25473 ms] [UE 39736] UL: SNR = 63.50 dB | SE = 20.778 bit/s/Hz
[25583 ms] [UE 39736] UL: SNR = 63.50 dB | SE = 20.778 bit/s/Hz
[25683 ms] [UE 39736] UL: SNR = 63.50 dB | SE = 20.778 bit/s/Hz
[25783 ms] [UE 39736] UL: SNR = 63.50 dB | SE = 20.778 bit/s/Hz
[25893 ms] [UE 39736] UL: SNR = 63.50 dB | SE = 20.778 bit/s/Hz
[25993 ms] [UE 39736] UL: SNR = 63.50 dB | SE = 20.778 bit/s/Hz
[26093 ms] [UE 39736] UL: SNR = 63.50 dB | SE = 20.778 bit/s/Hz
[26203 ms] [UE 39736] UL: SNR = 63.50 dB | SE = 20.778 bit/s/Hz
[26313 ms] [UE 39736] UL: SNR = 63.50 dB | SE = 20.778 bit/s/Hz
[26413 ms] [UE 39736] UL: SNR = 63.50 dB | SE = 20.778 bit/s/Hz
[26523 ms] [UE 39736] UL: SNR = 63.50 dB | SE = 20.778 bit/s/Hz
[26623 ms] [UE 39736] UL: SNR = 63.50 dB | SE = 20.778 bit/s/Hz
[26723 ms] [UE 39736] UL: SNR = 63.50 dB | SE = 20.778 bit/s/Hz
[26833 ms] [UE 39736] UL: SNR = 63.50 dB | SE = 20.778 bit/s/Hz
[26943 ms] [UE 39736] UL: SNR = 63.50 dB | SE = 20.778 bit/s/Hz
[27053 ms] [UE 39736] UL: SNR = 63.50 dB | SE = 20.778 bit/s/Hz
[27153 ms] [UE 39736] UL: SNR = 63.50 dB | SE = 20.778 bit/s/Hz
[27263 ms] [UE 39736] UL: SNR = 63.50 dB | SE = 20.778 bit/s/Hz
[27373 ms] [UE 39736] UL: SNR = 63.50 dB | SE = 20.778 bit/s/Hz
[27483 ms] [UE 39736] UL: SNR = 63.50 dB | SE = 20.778 bit/s/Hz
[27583 ms] [UE 39736] UL: SNR = 63.50 dB | SE = 20.778 bit/s/Hz
[27693 ms] [UE 39736] UL: SNR = 63.50 dB | SE = 20.778 bit/s/Hz
[27793 ms] [UE 39736] UL: SNR = 63.50 dB | SE = 20.778 bit/s/Hz
[27903 ms] [UE 39736] UL: SNR = 63.50 dB | SE = 20.778 bit/s/Hz
[28013 ms] [UE 39736] UL: SNR = 63.50 dB | SE = 20.778 bit/s/Hz
[28113 ms] [UE 39736] UL: SNR = 63.50 dB | SE = 20.778 bit/s/Hz
[28213 ms] [UE 39736] UL: SNR = 63.50 dB | SE = 20.778 bit/s/Hz
[28323 ms] [UE 39736] UL: SNR = 63.50 dB | SE = 20.778 bit/s/Hz
[28423 ms] [UE 39736] UL: SNR = 63.50 dB | SE = 20.778 bit/s/Hz
[28523 ms] [UE 39736] UL: SNR = 63.50 dB | SE = 20.778 bit/s/Hz
[28633 ms] [UE 39736] UL: SNR = 63.50 dB | SE = 20.778 bit/s/Hz
[28733 ms] [UE 39736] UL: SNR = 63.50 dB | SE = 20.778 bit/s/Hz
[28843 ms] [UE 39736] UL: SNR = 63.50 dB | SE = 20.778 bit/s/Hz
[28943 ms] [UE 39736] UL: SNR = 63.50 dB | SE = 20.778 bit/s/Hz
[29043 ms] [UE 39736] UL: SNR = 63.50 dB | SE = 20.778 bit/s/Hz
[29153 ms] [UE 39736] UL: SNR = 63.50 dB | SE = 20.778 bit/s/Hz
[29263 ms] [UE 39736] UL: SNR = 63.50 dB | SE = 20.778 bit/s/Hz
[29363 ms] [UE 39736] UL: SNR = 63.50 dB | SE = 20.778 bit/s/Hz
[29463 ms] [UE 39736] UL: SNR = 63.50 dB | SE = 20.778 bit/s/Hz
[29573 ms] [UE 39736] UL: SNR = 63.50 dB | SE = 20.778 bit/s/Hz
[29683 ms] [UE 39736] UL: SNR = 63.50 dB | SE = 20.778 bit/s/Hz
[29783 ms] [UE 39736] UL: SNR = 63.50 dB | SE = 20.778 bit/s/Hz
[29892 ms] [UE 39736] UL: SNR = 63.50 dB | SE = 20.778 bit/s/Hz
[30003 ms] [UE 39736] UL: SNR = 63.50 dB | SE = 20.778 bit/s/Hz
[30113 ms] [UE 39736] UL: SNR = 63.50 dB | SE = 20.778 bit/s/Hz
[30222 ms] [UE 39736] UL: SNR = 63.50 dB | SE = 20.778 bit/s/Hz
[30323 ms] [UE 39736] UL: SNR = 63.50 dB | SE = 20.778 bit/s/Hz
[30423 ms] [UE 39736] UL: SNR = 63.50 dB | SE = 20.778 bit/s/Hz
[30533 ms] [UE 39736] UL: SNR = 63.50 dB | SE = 20.778 bit/s/Hz
[30643 ms] [UE 39736] UL: SNR = 63.50 dB | SE = 20.778 bit/s/Hz
[30743 ms] [UE 39736] UL: SNR = 63.50 dB | SE = 20.778 bit/s/Hz
[30853 ms] [UE 39736] UL: SNR = 63.50 dB | SE = 20.778 bit/s/Hz
[30963 ms] [UE 39736] UL: SNR = 63.50 dB | SE = 20.778 bit/s/Hz
[31063 ms] [UE 39736] UL: SNR = 63.50 dB | SE = 20.778 bit/s/Hz
[31173 ms] [UE 39736] UL: SNR = 63.50 dB | SE = 20.778 bit/s/Hz
[31273 ms] [UE 39736] UL: SNR = 63.50 dB | SE = 20.778 bit/s/Hz
[31373 ms] [UE 39736] UL: SNR = 63.50 dB | SE = 20.778 bit/s/Hz
[31483 ms] [UE 39736] UL: SNR = 63.50 dB | SE = 20.778 bit/s/Hz
[31583 ms] [UE 39736] UL: SNR = 63.50 dB | SE = 20.778 bit/s/Hz
[31683 ms] [UE 39736] UL: SNR = 63.50 dB | SE = 20.778 bit/s/Hz
[31793 ms] [UE 39736] UL: SNR = 63.50 dB | SE = 20.778 bit/s/Hz
[31903 ms] [UE 39736] UL: SNR = 63.50 dB | SE = 20.778 bit/s/Hz
[32013 ms] [UE 39736] UL: SNR = 63.50 dB | SE = 20.778 bit/s/Hz
[32113 ms] [UE 39736] UL: SNR = 63.50 dB | SE = 20.778 bit/s/Hz
[32213 ms] [UE 39736] UL: SNR = 63.50 dB | SE = 20.778 bit/s/Hz
[32313 ms] [UE 39736] UL: SNR = 63.50 dB | SE = 20.778 bit/s/Hz
[32423 ms] [UE 39736] UL: SNR = 63.50 dB | SE = 20.778 bit/s/Hz
[32533 ms] [UE 39736] UL: SNR = 63.50 dB | SE = 20.778 bit/s/Hz
[32633 ms] [UE 39736] UL: SNR = 63.50 dB | SE = 20.778 bit/s/Hz
[32734 ms] [UE 39736] UL: SNR = 63.50 dB | SE = 20.778 bit/s/Hz
[32842 ms] [UE 39736] UL: SNR = 63.50 dB | SE = 20.778 bit/s/Hz
[32943 ms] [UE 39736] UL: SNR = 63.50 dB | SE = 20.778 bit/s/Hz
[33053 ms] [UE 39736] UL: SNR = 63.50 dB | SE = 20.778 bit/s/Hz
[33153 ms] [UE 39736] UL: SNR = 63.50 dB | SE = 20.778 bit/s/Hz
[33263 ms] [UE 39736] UL: SNR = 63.50 dB | SE = 20.778 bit/s/Hz
[33373 ms] [UE 39736] UL: SNR = 63.50 dB | SE = 20.778 bit/s/Hz
[33483 ms] [UE 39736] UL: SNR = 63.50 dB | SE = 20.778 bit/s/Hz
[33583 ms] [UE 39736] UL: SNR = 63.50 dB | SE = 20.778 bit/s/Hz
[33693 ms] [UE 39736] UL: SNR = 63.50 dB | SE = 20.778 bit/s/Hz
[33803 ms] [UE 39736] UL: SNR = 63.50 dB | SE = 20.778 bit/s/Hz
[33903 ms] [UE 39736] UL: SNR = 63.50 dB | SE = 20.778 bit/s/Hz
[34013 ms] [UE 39736] UL: SNR = 63.50 dB | SE = 20.778 bit/s/Hz
[34113 ms] [UE 39736] UL: SNR = 63.50 dB | SE = 20.778 bit/s/Hz
[34222 ms] [UE 39736] UL: SNR = 63.50 dB | SE = 20.778 bit/s/Hz
[34323 ms] [UE 39736] UL: SNR = 63.50 dB | SE = 20.778 bit/s/Hz
[34433 ms] [UE 39736] UL: SNR = 63.50 dB | SE = 20.778 bit/s/Hz
[34543 ms] [UE 39736] UL: SNR = 63.50 dB | SE = 20.778 bit/s/Hz
[34653 ms] [UE 39736] UL: SNR = 63.50 dB | SE = 20.778 bit/s/Hz
[34753 ms] [UE 39736] UL: SNR = 63.50 dB | SE = 20.778 bit/s/Hz
[34863 ms] [UE 39736] UL: SNR = 63.50 dB | SE = 20.778 bit/s/Hz
[34973 ms] [UE 39736] UL: SNR = 63.50 dB | SE = 20.778 bit/s/Hz
[35083 ms] [UE 39736] UL: SNR = 63.50 dB | SE = 20.778 bit/s/Hz
[35183 ms] [UE 39736] UL: SNR = 63.50 dB | SE = 20.778 bit/s/Hz
[35283 ms] [UE 39736] UL: SNR = 63.50 dB | SE = 20.778 bit/s/Hz
[35393 ms] [UE 39736] UL: SNR = 63.50 dB | SE = 20.778 bit/s/Hz
[35493 ms] [UE 39736] UL: SNR = 63.50 dB | SE = 20.778 bit/s/Hz
[35593 ms] [UE 39736] UL: SNR = 63.50 dB | SE = 20.778 bit/s/Hz
[35703 ms] [UE 39736] UL: SNR = 63.50 dB | SE = 20.778 bit/s/Hz
[35803 ms] [UE 39736] UL: SNR = 63.50 dB | SE = 20.778 bit/s/Hz
[35903 ms] [UE 39736] UL: SNR = 63.50 dB | SE = 20.778 bit/s/Hz
[36013 ms] [UE 39736] UL: SNR = 63.50 dB | SE = 20.778 bit/s/Hz
[36123 ms] [UE 39736] UL: SNR = 63.50 dB | SE = 20.778 bit/s/Hz
[36233 ms] [UE 39736] UL: SNR = 63.50 dB | SE = 20.778 bit/s/Hz
[36333 ms] [UE 39736] UL: SNR = 63.50 dB | SE = 20.778 bit/s/Hz
[36433 ms] [UE 39736] UL: SNR = 63.50 dB | SE = 20.778 bit/s/Hz
[36533 ms] [UE 39736] UL: SNR = 63.50 dB | SE = 20.778 bit/s/Hz
[36643 ms] [UE 39736] UL: SNR = 63.50 dB | SE = 20.778 bit/s/Hz
[36743 ms] [UE 39736] UL: SNR = 63.50 dB | SE = 20.778 bit/s/Hz
[36853 ms] [UE 39736] UL: SNR = 63.50 dB | SE = 20.778 bit/s/Hz
[36953 ms] [UE 39736] UL: SNR = 63.50 dB | SE = 20.778 bit/s/Hz
[37063 ms] [UE 39736] UL: SNR = 63.50 dB | SE = 20.778 bit/s/Hz
[37163 ms] [UE 39736] UL: SNR = 63.50 dB | SE = 20.778 bit/s/Hz
[37273 ms] [UE 39736] UL: SNR = 63.50 dB | SE = 20.778 bit/s/Hz
[37373 ms] [UE 39736] UL: SNR = 63.50 dB | SE = 20.778 bit/s/Hz
[37483 ms] [UE 39736] UL: SNR = 63.50 dB | SE = 20.778 bit/s/Hz
[37583 ms] [UE 39736] UL: SNR = 63.50 dB | SE = 20.778 bit/s/Hz
[37683 ms] [UE 39736] UL: SNR = 63.50 dB | SE = 20.778 bit/s/Hz
[37793 ms] [UE 39736] UL: SNR = 63.50 dB | SE = 20.778 bit/s/Hz
[37893 ms] [UE 39736] UL: SNR = 63.50 dB | SE = 20.778 bit/s/Hz
[38003 ms] [UE 39736] UL: SNR = 63.50 dB | SE = 20.778 bit/s/Hz
[38113 ms] [UE 39736] UL: SNR = 63.50 dB | SE = 20.778 bit/s/Hz
[38213 ms] [UE 39736] UL: SNR = 63.50 dB | SE = 20.778 bit/s/Hz
[38323 ms] [UE 39736] UL: SNR = 63.50 dB | SE = 20.778 bit/s/Hz
[38423 ms] [UE 39736] UL: SNR = 63.50 dB | SE = 20.778 bit/s/Hz
[38533 ms] [UE 39736] UL: SNR = 63.50 dB | SE = 20.778 bit/s/Hz
[38633 ms] [UE 39736] UL: SNR = 63.50 dB | SE = 20.778 bit/s/Hz
[38733 ms] [UE 39736] UL: SNR = 63.50 dB | SE = 20.778 bit/s/Hz
[38843 ms] [UE 39736] UL: SNR = 63.50 dB | SE = 20.778 bit/s/Hz
[38953 ms] [UE 39736] UL: SNR = 63.50 dB | SE = 20.778 bit/s/Hz
[39063 ms] [UE 39736] UL: SNR = 63.50 dB | SE = 20.778 bit/s/Hz
[39163 ms] [UE 39736] UL: SNR = 63.50 dB | SE = 20.778 bit/s/Hz
[39273 ms] [UE 39736] UL: SNR = 63.50 dB | SE = 20.778 bit/s/Hz
[39383 ms] [UE 39736] UL: SNR = 63.50 dB | SE = 20.778 bit/s/Hz
[39493 ms] [UE 39736] UL: SNR = 63.50 dB | SE = 20.778 bit/s/Hz
[39593 ms] [UE 39736] UL: SNR = 63.50 dB | SE = 20.778 bit/s/Hz
[39703 ms] [UE 39736] UL: SNR = 63.50 dB | SE = 20.778 bit/s/Hz
[39813 ms] [UE 39736] UL: SNR = 63.50 dB | SE = 20.778 bit/s/Hz
[39913 ms] [UE 39736] UL: SNR = 63.50 dB | SE = 20.778 bit/s/Hz
[40023 ms] [UE 39736] UL: SNR = 63.50 dB | SE = 20.778 bit/s/Hz
[40133 ms] [UE 39736] UL: SNR = 63.50 dB | SE = 20.778 bit/s/Hz
[40233 ms] [UE 39736] UL: SNR = 63.50 dB | SE = 20.778 bit/s/Hz
[40333 ms] [UE 39736] UL: SNR = 63.50 dB | SE = 20.778 bit/s/Hz
[40443 ms] [UE 39736] UL: SNR = 63.50 dB | SE = 20.778 bit/s/Hz
[40553 ms] [UE 39736] UL: SNR = 63.50 dB | SE = 20.778 bit/s/Hz
[40653 ms] [UE 39736] UL: SNR = 63.50 dB | SE = 20.778 bit/s/Hz
[40763 ms] [UE 39736] UL: SNR = 63.50 dB | SE = 20.778 bit/s/Hz
[40873 ms] [UE 39736] UL: SNR = 63.50 dB | SE = 20.778 bit/s/Hz
[40973 ms] [UE 39736] UL: SNR = 63.50 dB | SE = 20.778 bit/s/Hz
[41073 ms] [UE 39736] UL: SNR = 63.50 dB | SE = 20.778 bit/s/Hz
[41183 ms] [UE 39736] UL: SNR = 63.50 dB | SE = 20.778 bit/s/Hz
[41293 ms] [UE 39736] UL: SNR = 63.50 dB | SE = 20.778 bit/s/Hz
[41393 ms] [UE 39736] UL: SNR = 63.50 dB | SE = 20.778 bit/s/Hz
[41493 ms] [UE 39736] UL: SNR = 63.50 dB | SE = 20.778 bit/s/Hz
[41603 ms] [UE 39736] UL: SNR = 63.50 dB | SE = 20.778 bit/s/Hz
[41703 ms] [UE 39736] UL: SNR = 63.50 dB | SE = 20.778 bit/s/Hz
[41813 ms] [UE 39736] UL: SNR = 63.50 dB | SE = 20.778 bit/s/Hz
[41923 ms] [UE 39736] UL: SNR = 63.50 dB | SE = 20.778 bit/s/Hz
[42033 ms] [UE 39736] UL: SNR = 63.50 dB | SE = 20.778 bit/s/Hz
[42143 ms] [UE 39736] UL: SNR = 63.50 dB | SE = 20.778 bit/s/Hz
[42243 ms] [UE 39736] UL: SNR = 63.50 dB | SE = 20.778 bit/s/Hz
[42353 ms] [UE 39736] UL: SNR = 63.50 dB | SE = 20.778 bit/s/Hz
[42453 ms] [UE 39736] UL: SNR = 63.50 dB | SE = 20.778 bit/s/Hz
[42562 ms] [UE 39736] UL: SNR = 63.50 dB | SE = 20.778 bit/s/Hz
[42663 ms] [UE 39736] UL: SNR = 63.50 dB | SE = 20.778 bit/s/Hz
[42773 ms] [UE 39736] UL: SNR = 63.50 dB | SE = 20.778 bit/s/Hz
[42873 ms] [UE 39736] UL: SNR = 63.50 dB | SE = 20.778 bit/s/Hz
[42973 ms] [UE 39736] UL: SNR = 63.50 dB | SE = 20.778 bit/s/Hz
[43083 ms] [UE 39736] UL: SNR = 63.50 dB | SE = 20.778 bit/s/Hz
[43183 ms] [UE 39736] UL: SNR = 63.50 dB | SE = 20.778 bit/s/Hz
[43293 ms] [UE 39736] UL: SNR = 63.50 dB | SE = 20.778 bit/s/Hz
[43403 ms] [UE 39736] UL: SNR = 63.50 dB | SE = 20.778 bit/s/Hz
[43513 ms] [UE 39736] UL: SNR = 63.50 dB | SE = 20.778 bit/s/Hz
[43613 ms] [UE 39736] UL: SNR = 63.50 dB | SE = 20.778 bit/s/Hz
[43723 ms] [UE 39736] UL: SNR = 63.50 dB | SE = 20.778 bit/s/Hz
[43833 ms] [UE 39736] UL: SNR = 63.50 dB | SE = 20.778 bit/s/Hz
[43933 ms] [UE 39736] UL: SNR = 63.50 dB | SE = 20.778 bit/s/Hz
[44043 ms] [UE 39736] UL: SNR = 63.50 dB | SE = 20.778 bit/s/Hz
[44153 ms] [UE 39736] UL: SNR = 63.50 dB | SE = 20.778 bit/s/Hz
[44253 ms] [UE 39736] UL: SNR = 63.50 dB | SE = 20.778 bit/s/Hz
[44353 ms] [UE 39736] UL: SNR = 63.50 dB | SE = 20.778 bit/s/Hz
[44453 ms] [UE 39736] UL: SNR = 63.50 dB | SE = 20.778 bit/s/Hz
[44553 ms] [UE 39736] UL: SNR = 63.50 dB | SE = 20.778 bit/s/Hz
[44663 ms] [UE 39736] UL: SNR = 63.50 dB | SE = 20.778 bit/s/Hz
[44773 ms] [UE 39736] UL: SNR = 63.50 dB | SE = 20.778 bit/s/Hz
[44883 ms] [UE 39736] UL: SNR = 63.50 dB | SE = 20.778 bit/s/Hz
[44983 ms] [UE 39736] UL: SNR = 63.50 dB | SE = 20.778 bit/s/Hz
[45093 ms] [UE 39736] UL: SNR = 63.50 dB | SE = 20.778 bit/s/Hz
[45193 ms] [UE 39736] UL: SNR = 63.50 dB | SE = 20.778 bit/s/Hz
[45293 ms] [UE 39736] UL: SNR = 63.50 dB | SE = 20.778 bit/s/Hz
[45403 ms] [UE 39736] UL: SNR = 63.50 dB | SE = 20.778 bit/s/Hz
[45513 ms] [UE 39736] UL: SNR = 63.50 dB | SE = 20.778 bit/s/Hz
[45623 ms] [UE 39736] UL: SNR = 63.50 dB | SE = 20.778 bit/s/Hz
[45723 ms] [UE 39736] UL: SNR = 63.50 dB | SE = 20.778 bit/s/Hz
[45833 ms] [UE 39736] UL: SNR = 63.50 dB | SE = 20.778 bit/s/Hz
[45933 ms] [UE 39736] UL: SNR = 63.50 dB | SE = 20.778 bit/s/Hz
[46033 ms] [UE 39736] UL: SNR = 63.50 dB | SE = 20.778 bit/s/Hz
[46133 ms] [UE 39736] UL: SNR = 63.50 dB | SE = 20.778 bit/s/Hz
[46233 ms] [UE 39736] UL: SNR = 63.50 dB | SE = 20.778 bit/s/Hz
[46343 ms] [UE 39736] UL: SNR = 63.50 dB | SE = 20.778 bit/s/Hz
[46443 ms] [UE 39736] UL: SNR = 63.50 dB | SE = 20.778 bit/s/Hz
[46553 ms] [UE 39736] UL: SNR = 63.50 dB | SE = 20.778 bit/s/Hz
[46653 ms] [UE 39736] UL: SNR = 63.50 dB | SE = 20.778 bit/s/Hz
[46753 ms] [UE 39736] UL: SNR = 63.50 dB | SE = 20.778 bit/s/Hz
[46863 ms] [UE 39736] UL: SNR = 63.50 dB | SE = 20.778 bit/s/Hz
[46963 ms] [UE 39736] UL: SNR = 63.50 dB | SE = 20.778 bit/s/Hz
[47073 ms] [UE 39736] UL: SNR = 63.50 dB | SE = 20.778 bit/s/Hz
[47183 ms] [UE 39736] UL: SNR = 63.50 dB | SE = 20.778 bit/s/Hz
[47283 ms] [UE 39736] UL: SNR = 63.50 dB | SE = 20.778 bit/s/Hz
[47393 ms] [UE 39736] UL: SNR = 63.50 dB | SE = 20.778 bit/s/Hz
[47493 ms] [UE 39736] UL: SNR = 63.50 dB | SE = 20.778 bit/s/Hz
[47593 ms] [UE 39736] UL: SNR = 63.50 dB | SE = 20.778 bit/s/Hz
[47703 ms] [UE 39736] UL: SNR = 63.50 dB | SE = 20.778 bit/s/Hz
[47813 ms] [UE 39736] UL: SNR = 63.50 dB | SE = 20.778 bit/s/Hz
[47923 ms] [UE 39736] UL: SNR = 63.50 dB | SE = 20.778 bit/s/Hz
[48033 ms] [UE 39736] UL: SNR = 63.50 dB | SE = 20.778 bit/s/Hz
[48133 ms] [UE 39736] UL: SNR = 63.50 dB | SE = 20.778 bit/s/Hz
[48243 ms] [UE 39736] UL: SNR = 63.50 dB | SE = 20.778 bit/s/Hz
[48353 ms] [UE 39736] UL: SNR = 63.50 dB | SE = 20.778 bit/s/Hz
[48453 ms] [UE 39736] UL: SNR = 63.50 dB | SE = 20.778 bit/s/Hz
[48563 ms] [UE 39736] UL: SNR = 63.50 dB | SE = 20.778 bit/s/Hz
[48673 ms] [UE 39736] UL: SNR = 63.50 dB | SE = 20.778 bit/s/Hz
[48783 ms] [UE 39736] UL: SNR = 63.50 dB | SE = 20.778 bit/s/Hz
[48893 ms] [UE 39736] UL: SNR = 63.50 dB | SE = 20.778 bit/s/Hz
[49003 ms] [UE 39736] UL: SNR = 63.50 dB | SE = 20.778 bit/s/Hz
[49103 ms] [UE 39736] UL: SNR = 63.50 dB | SE = 20.778 bit/s/Hz
[49213 ms] [UE 39736] UL: SNR = 63.50 dB | SE = 20.778 bit/s/Hz
[49313 ms] [UE 39736] UL: SNR = 63.50 dB | SE = 20.778 bit/s/Hz
[49423 ms] [UE 39736] UL: SNR = 63.50 dB | SE = 20.778 bit/s/Hz
[49523 ms] [UE 39736] UL: SNR = 63.50 dB | SE = 20.778 bit/s/Hz
[49633 ms] [UE 39736] UL: SNR = 63.50 dB | SE = 20.778 bit/s/Hz
[49733 ms] [UE 39736] UL: SNR = 63.50 dB | SE = 20.778 bit/s/Hz
[49843 ms] [UE 39736] UL: SNR = 63.50 dB | SE = 20.778 bit/s/Hz
[49943 ms] [UE 39736] UL: SNR = 63.50 dB | SE = 20.778 bit/s/Hz
[50043 ms] [UE 39736] UL: SNR = 63.50 dB | SE = 20.778 bit/s/Hz
[50154 ms] [UE 39736] UL: SNR = 63.50 dB | SE = 20.778 bit/s/Hz
[50263 ms] [UE 39736] UL: SNR = 63.50 dB | SE = 20.778 bit/s/Hz
[50363 ms] [UE 39736] UL: SNR = 63.50 dB | SE = 20.778 bit/s/Hz
[50473 ms] [UE 39736] UL: SNR = 63.50 dB | SE = 20.778 bit/s/Hz
[50573 ms] [UE 39736] UL: SNR = 63.50 dB | SE = 20.778 bit/s/Hz
[50673 ms] [UE 39736] UL: SNR = 63.50 dB | SE = 20.778 bit/s/Hz
[50773 ms] [UE 39736] UL: SNR = 63.50 dB | SE = 20.778 bit/s/Hz
[50883 ms] [UE 39736] UL: SNR = 63.50 dB | SE = 20.778 bit/s/Hz
[50983 ms] [UE 39736] UL: SNR = 63.50 dB | SE = 20.778 bit/s/Hz
[51093 ms] [UE 39736] UL: SNR = 63.50 dB | SE = 20.778 bit/s/Hz
[51203 ms] [UE 39736] UL: SNR = 63.50 dB | SE = 20.778 bit/s/Hz
[51313 ms] [UE 39736] UL: SNR = 63.50 dB | SE = 20.778 bit/s/Hz
[51413 ms] [UE 39736] UL: SNR = 63.50 dB | SE = 20.778 bit/s/Hz
[51523 ms] [UE 39736] UL: SNR = 63.50 dB | SE = 20.778 bit/s/Hz
[51623 ms] [UE 39736] UL: SNR = 63.50 dB | SE = 20.778 bit/s/Hz
[51733 ms] [UE 39736] UL: SNR = 63.50 dB | SE = 20.778 bit/s/Hz
[51843 ms] [UE 39736] UL: SNR = 63.50 dB | SE = 20.778 bit/s/Hz
[51953 ms] [UE 39736] UL: SNR = 63.50 dB | SE = 20.778 bit/s/Hz
[52053 ms] [UE 39736] UL: SNR = 63.50 dB | SE = 20.778 bit/s/Hz
[52163 ms] [UE 39736] UL: SNR = 63.50 dB | SE = 20.778 bit/s/Hz
[52263 ms] [UE 39736] UL: SNR = 63.50 dB | SE = 20.778 bit/s/Hz
[52363 ms] [UE 39736] UL: SNR = 63.50 dB | SE = 20.778 bit/s/Hz
[52473 ms] [UE 39736] UL: SNR = 63.50 dB | SE = 20.778 bit/s/Hz
[52583 ms] [UE 39736] UL: SNR = 63.50 dB | SE = 20.778 bit/s/Hz
[52683 ms] [UE 39736] UL: SNR = 63.50 dB | SE = 20.778 bit/s/Hz
[52793 ms] [UE 39736] UL: SNR = 63.50 dB | SE = 20.778 bit/s/Hz
[52903 ms] [UE 39736] UL: SNR = 63.50 dB | SE = 20.778 bit/s/Hz
[53003 ms] [UE 39736] UL: SNR = 63.50 dB | SE = 20.778 bit/s/Hz
[53113 ms] [UE 39736] UL: SNR = 63.50 dB | SE = 20.778 bit/s/Hz
[53213 ms] [UE 39736] UL: SNR = 63.50 dB | SE = 20.778 bit/s/Hz
[53323 ms] [UE 39736] UL: SNR = 63.50 dB | SE = 20.778 bit/s/Hz
[53433 ms] [UE 39736] UL: SNR = 63.50 dB | SE = 20.778 bit/s/Hz
[53533 ms] [UE 39736] UL: SNR = 63.50 dB | SE = 20.778 bit/s/Hz
[53643 ms] [UE 39736] UL: SNR = 63.50 dB | SE = 20.778 bit/s/Hz
[53743 ms] [UE 39736] UL: SNR = 63.50 dB | SE = 20.778 bit/s/Hz
[53853 ms] [UE 39736] UL: SNR = 63.50 dB | SE = 20.778 bit/s/Hz
[53953 ms] [UE 39736] UL: SNR = 63.50 dB | SE = 20.778 bit/s/Hz
[54053 ms] [UE 39736] UL: SNR = 63.50 dB | SE = 20.778 bit/s/Hz
[54163 ms] [UE 39736] UL: SNR = 63.50 dB | SE = 20.778 bit/s/Hz
[54263 ms] [UE 39736] UL: SNR = 63.50 dB | SE = 20.778 bit/s/Hz
[54363 ms] [UE 39736] UL: SNR = 63.50 dB | SE = 20.778 bit/s/Hz
[54463 ms] [UE 39736] UL: SNR = 63.50 dB | SE = 20.778 bit/s/Hz
[54573 ms] [UE 39736] UL: SNR = 63.50 dB | SE = 20.778 bit/s/Hz
[54683 ms] [UE 39736] UL: SNR = 63.50 dB | SE = 20.778 bit/s/Hz
[54783 ms] [UE 39736] UL: SNR = 63.50 dB | SE = 20.778 bit/s/Hz
[54893 ms] [UE 39736] UL: SNR = 63.50 dB | SE = 20.778 bit/s/Hz
[54993 ms] [UE 39736] UL: SNR = 63.50 dB | SE = 20.778 bit/s/Hz
[55093 ms] [UE 39736] UL: SNR = 63.50 dB | SE = 20.778 bit/s/Hz
[55203 ms] [UE 39736] UL: SNR = 63.50 dB | SE = 20.778 bit/s/Hz
[55303 ms] [UE 39736] UL: SNR = 63.50 dB | SE = 20.778 bit/s/Hz
[55413 ms] [UE 39736] UL: SNR = 63.50 dB | SE = 20.778 bit/s/Hz
[55523 ms] [UE 39736] UL: SNR = 63.50 dB | SE = 20.778 bit/s/Hz
[55633 ms] [UE 39736] UL: SNR = 63.50 dB | SE = 20.778 bit/s/Hz
[55734 ms] [UE 39736] UL: SNR = 63.50 dB | SE = 20.778 bit/s/Hz
[55843 ms] [UE 39736] UL: SNR = 63.50 dB | SE = 20.778 bit/s/Hz
[55943 ms] [UE 39736] UL: SNR = 63.50 dB | SE = 20.778 bit/s/Hz
[56043 ms] [UE 39736] UL: SNR = 63.50 dB | SE = 20.778 bit/s/Hz
[56143 ms] [UE 39736] UL: SNR = 63.50 dB | SE = 20.778 bit/s/Hz
[56253 ms] [UE 39736] UL: SNR = 63.50 dB | SE = 20.778 bit/s/Hz
[56353 ms] [UE 39736] UL: SNR = 63.50 dB | SE = 20.778 bit/s/Hz
[56463 ms] [UE 39736] UL: SNR = 63.50 dB | SE = 20.778 bit/s/Hz
[56573 ms] [UE 39736] UL: SNR = 63.50 dB | SE = 20.778 bit/s/Hz
[56673 ms] [UE 39736] UL: SNR = 63.50 dB | SE = 20.778 bit/s/Hz
[56773 ms] [UE 39736] UL: SNR = 63.50 dB | SE = 20.778 bit/s/Hz
[56883 ms] [UE 39736] UL: SNR = 63.50 dB | SE = 20.778 bit/s/Hz
[56993 ms] [UE 39736] UL: SNR = 63.50 dB | SE = 20.778 bit/s/Hz
[57093 ms] [UE 39736] UL: SNR = 63.50 dB | SE = 20.778 bit/s/Hz
[57203 ms] [UE 39736] UL: SNR = 63.50 dB | SE = 20.778 bit/s/Hz
[57313 ms] [UE 39736] UL: SNR = 63.50 dB | SE = 20.778 bit/s/Hz
[57413 ms] [UE 39736] UL: SNR = 63.50 dB | SE = 20.778 bit/s/Hz
[57513 ms] [UE 39736] UL: SNR = 63.50 dB | SE = 20.778 bit/s/Hz
[57623 ms] [UE 39736] UL: SNR = 63.50 dB | SE = 20.778 bit/s/Hz
[57723 ms] [UE 39736] UL: SNR = 63.50 dB | SE = 20.778 bit/s/Hz
[57833 ms] [UE 39736] UL: SNR = 63.50 dB | SE = 20.778 bit/s/Hz
[57943 ms] [UE 39736] UL: SNR = 63.50 dB | SE = 20.778 bit/s/Hz
[58043 ms] [UE 39736] UL: SNR = 63.50 dB | SE = 20.778 bit/s/Hz
[58143 ms] [UE 39736] UL: SNR = 63.50 dB | SE = 20.778 bit/s/Hz
[58253 ms] [UE 39736] UL: SNR = 63.50 dB | SE = 20.778 bit/s/Hz
[58353 ms] [UE 39736] UL: SNR = 63.50 dB | SE = 20.778 bit/s/Hz
[58453 ms] [UE 39736] UL: SNR = 63.50 dB | SE = 20.778 bit/s/Hz
[58563 ms] [UE 39736] UL: SNR = 63.50 dB | SE = 20.778 bit/s/Hz
[58673 ms] [UE 39736] UL: SNR = 63.50 dB | SE = 20.778 bit/s/Hz
[58773 ms] [UE 39736] UL: SNR = 63.50 dB | SE = 20.778 bit/s/Hz
[58883 ms] [UE 39736] UL: SNR = 63.50 dB | SE = 20.778 bit/s/Hz
[58983 ms] [UE 39736] UL: SNR = 63.50 dB | SE = 20.778 bit/s/Hz
[59093 ms] [UE 39736] UL: SNR = 63.50 dB | SE = 20.778 bit/s/Hz
[59193 ms] [UE 39736] UL: SNR = 63.50 dB | SE = 20.778 bit/s/Hz
[59293 ms] [UE 39736] UL: SNR = 63.50 dB | SE = 20.778 bit/s/Hz
[59403 ms] [UE 39736] UL: SNR = 63.50 dB | SE = 20.778 bit/s/Hz
[59503 ms] [UE 39736] UL: SNR = 63.50 dB | SE = 20.778 bit/s/Hz
[59603 ms] [UE 39736] UL: SNR = 63.50 dB | SE = 20.778 bit/s/Hz
[59703 ms] [UE 39736] UL: SNR = 63.50 dB | SE = 20.778 bit/s/Hz
[59813 ms] [UE 39736] UL: SNR = 63.50 dB | SE = 20.778 bit/s/Hz
[59913 ms] [UE 39736] UL: SNR = 63.50 dB | SE = 20.778 bit/s/Hz
[60013 ms] [UE 39736] UL: SNR = 63.50 dB | SE = 20.778 bit/s/Hz
[60123 ms] [UE 39736] UL: SNR = 63.50 dB | SE = 20.778 bit/s/Hz
[60233 ms] [UE 39736] UL: SNR = 63.50 dB | SE = 20.778 bit/s/Hz
[60343 ms] [UE 39736] UL: SNR = 63.50 dB | SE = 20.778 bit/s/Hz
[60453 ms] [UE 39736] UL: SNR = 63.50 dB | SE = 20.778 bit/s/Hz
[60563 ms] [UE 39736] UL: SNR = 63.50 dB | SE = 20.778 bit/s/Hz
[60673 ms] [UE 39736] UL: SNR = 63.50 dB | SE = 20.778 bit/s/Hz
[60783 ms] [UE 39736] UL: SNR = 63.50 dB | SE = 20.778 bit/s/Hz
[60893 ms] [UE 39736] UL: SNR = 63.50 dB | SE = 20.778 bit/s/Hz
[60993 ms] [UE 39736] UL: SNR = 63.50 dB | SE = 20.778 bit/s/Hz
[61093 ms] [UE 39736] UL: SNR = 63.50 dB | SE = 20.778 bit/s/Hz
[61203 ms] [UE 39736] UL: SNR = 63.50 dB | SE = 20.778 bit/s/Hz
[61303 ms] [UE 39736] UL: SNR = 63.50 dB | SE = 20.778 bit/s/Hz
[61413 ms] [UE 39736] UL: SNR = 63.50 dB | SE = 20.778 bit/s/Hz
[61513 ms] [UE 39736] UL: SNR = 63.50 dB | SE = 20.778 bit/s/Hz
[61623 ms] [UE 39736] UL: SNR = 63.50 dB | SE = 20.778 bit/s/Hz
[61723 ms] [UE 39736] UL: SNR = 63.50 dB | SE = 20.778 bit/s/Hz
[61823 ms] [UE 39736] UL: SNR = 63.50 dB | SE = 20.778 bit/s/Hz
[61923 ms] [UE 39736] UL: SNR = 63.50 dB | SE = 20.778 bit/s/Hz
[62033 ms] [UE 39736] UL: SNR = 63.50 dB | SE = 20.778 bit/s/Hz
[62144 ms] [UE 39736] UL: SNR = 63.50 dB | SE = 20.778 bit/s/Hz
[62253 ms] [UE 39736] UL: SNR = 63.50 dB | SE = 20.778 bit/s/Hz
[62363 ms] [UE 39736] UL: SNR = 63.50 dB | SE = 20.778 bit/s/Hz
[62463 ms] [UE 39736] UL: SNR = 63.50 dB | SE = 20.778 bit/s/Hz
[62563 ms] [UE 39736] UL: SNR = 63.50 dB | SE = 20.778 bit/s/Hz
[62663 ms] [UE 39736] UL: SNR = 63.50 dB | SE = 20.778 bit/s/Hz
[62773 ms] [UE 39736] UL: SNR = 63.50 dB | SE = 20.778 bit/s/Hz
[62883 ms] [UE 39736] UL: SNR = 63.50 dB | SE = 20.778 bit/s/Hz
[62983 ms] [UE 39736] UL: SNR = 63.50 dB | SE = 20.778 bit/s/Hz
[63093 ms] [UE 39736] UL: SNR = 63.50 dB | SE = 20.778 bit/s/Hz
[63193 ms] [UE 39736] UL: SNR = 63.50 dB | SE = 20.778 bit/s/Hz
[63293 ms] [UE 39736] UL: SNR = 63.50 dB | SE = 20.778 bit/s/Hz
[63403 ms] [UE 39736] UL: SNR = 63.50 dB | SE = 20.778 bit/s/Hz
[63513 ms] [UE 39736] UL: SNR = 63.50 dB | SE = 20.778 bit/s/Hz
[63623 ms] [UE 39736] UL: SNR = 63.50 dB | SE = 20.778 bit/s/Hz
[63723 ms] [UE 39736] UL: SNR = 63.50 dB | SE = 20.778 bit/s/Hz
[63833 ms] [UE 39736] UL: SNR = 63.50 dB | SE = 20.778 bit/s/Hz
[63933 ms] [UE 39736] UL: SNR = 63.50 dB | SE = 20.778 bit/s/Hz
[64034 ms] [UE 39736] UL: SNR = 63.50 dB | SE = 20.778 bit/s/Hz
[64143 ms] [UE 39736] UL: SNR = 63.50 dB | SE = 20.778 bit/s/Hz
[64253 ms] [UE 39736] UL: SNR = 63.50 dB | SE = 20.778 bit/s/Hz
[64353 ms] [UE 39736] UL: SNR = 63.50 dB | SE = 20.778 bit/s/Hz
[64463 ms] [UE 39736] UL: SNR = 63.50 dB | SE = 20.778 bit/s/Hz
[64573 ms] [UE 39736] UL: SNR = 63.50 dB | SE = 20.778 bit/s/Hz
[64673 ms] [UE 39736] UL: SNR = 63.50 dB | SE = 20.778 bit/s/Hz
[64783 ms] [UE 39736] UL: SNR = 63.50 dB | SE = 20.778 bit/s/Hz
[64883 ms] [UE 39736] UL: SNR = 63.50 dB | SE = 20.778 bit/s/Hz
[64983 ms] [UE 39736] UL: SNR = 63.50 dB | SE = 20.778 bit/s/Hz
[65093 ms] [UE 39736] UL: SNR = 63.50 dB | SE = 20.778 bit/s/Hz
[65203 ms] [UE 39736] UL: SNR = 63.50 dB | SE = 20.778 bit/s/Hz
[65303 ms] [UE 39736] UL: SNR = 63.50 dB | SE = 20.778 bit/s/Hz
[65413 ms] [UE 39736] UL: SNR = 63.50 dB | SE = 20.778 bit/s/Hz
[65523 ms] [UE 39736] UL: SNR = 63.50 dB | SE = 20.778 bit/s/Hz
[65633 ms] [UE 39736] UL: SNR = 63.50 dB | SE = 20.778 bit/s/Hz
[65733 ms] [UE 39736] UL: SNR = 63.50 dB | SE = 20.778 bit/s/Hz
[65833 ms] [UE 39736] UL: SNR = 63.50 dB | SE = 20.778 bit/s/Hz
[65933 ms] [UE 39736] UL: SNR = 63.50 dB | SE = 20.778 bit/s/Hz
[66033 ms] [UE 39736] UL: SNR = 63.50 dB | SE = 20.778 bit/s/Hz
[66143 ms] [UE 39736] UL: SNR = 63.50 dB | SE = 20.778 bit/s/Hz
[66243 ms] [UE 39736] UL: SNR = 63.50 dB | SE = 20.778 bit/s/Hz
[66343 ms] [UE 39736] UL: SNR = 63.50 dB | SE = 20.778 bit/s/Hz
[66444 ms] [UE 39736] UL: SNR = 63.50 dB | SE = 20.778 bit/s/Hz
[66553 ms] [UE 39736] UL: SNR = 63.50 dB | SE = 20.778 bit/s/Hz
[66653 ms] [UE 39736] UL: SNR = 63.50 dB | SE = 20.778 bit/s/Hz
[66753 ms] [UE 39736] UL: SNR = 63.50 dB | SE = 20.778 bit/s/Hz
[66863 ms] [UE 39736] UL: SNR = 63.50 dB | SE = 20.778 bit/s/Hz
[66963 ms] [UE 39736] UL: SNR = 63.50 dB | SE = 20.778 bit/s/Hz
[67073 ms] [UE 39736] UL: SNR = 63.50 dB | SE = 20.778 bit/s/Hz
[67183 ms] [UE 39736] UL: SNR = 63.50 dB | SE = 20.778 bit/s/Hz
[67293 ms] [UE 39736] UL: SNR = 63.50 dB | SE = 20.778 bit/s/Hz
[67403 ms] [UE 39736] UL: SNR = 63.50 dB | SE = 20.778 bit/s/Hz
[67513 ms] [UE 39736] UL: SNR = 63.50 dB | SE = 20.778 bit/s/Hz
[67613 ms] [UE 39736] UL: SNR = 63.50 dB | SE = 20.778 bit/s/Hz
[67713 ms] [UE 39736] UL: SNR = 63.50 dB | SE = 20.778 bit/s/Hz
[67824 ms] [UE 39736] UL: SNR = 63.50 dB | SE = 20.778 bit/s/Hz
[67933 ms] [UE 39736] UL: SNR = 63.50 dB | SE = 20.778 bit/s/Hz
[68043 ms] [UE 39736] UL: SNR = 63.50 dB | SE = 20.778 bit/s/Hz
[68153 ms] [UE 39736] UL: SNR = 63.50 dB | SE = 20.778 bit/s/Hz
[68253 ms] [UE 39736] UL: SNR = 63.50 dB | SE = 20.778 bit/s/Hz
[68354 ms] [UE 39736] UL: SNR = 63.50 dB | SE = 20.778 bit/s/Hz
[68463 ms] [UE 39736] UL: SNR = 63.50 dB | SE = 20.778 bit/s/Hz
[68573 ms] [UE 39736] UL: SNR = 63.50 dB | SE = 20.778 bit/s/Hz
[68673 ms] [UE 39736] UL: SNR = 63.50 dB | SE = 20.778 bit/s/Hz
[68783 ms] [UE 39736] UL: SNR = 63.50 dB | SE = 20.778 bit/s/Hz
[68893 ms] [UE 39736] UL: SNR = 63.50 dB | SE = 20.778 bit/s/Hz
[68993 ms] [UE 39736] UL: SNR = 63.50 dB | SE = 20.778 bit/s/Hz
[69103 ms] [UE 39736] UL: SNR = 63.50 dB | SE = 20.778 bit/s/Hz
[69213 ms] [UE 39736] UL: SNR = 63.50 dB | SE = 20.778 bit/s/Hz
[69313 ms] [UE 39736] UL: SNR = 63.50 dB | SE = 20.778 bit/s/Hz
[69413 ms] [UE 39736] UL: SNR = 63.50 dB | SE = 20.778 bit/s/Hz
[69523 ms] [UE 39736] UL: SNR = 63.50 dB | SE = 20.778 bit/s/Hz
[69633 ms] [UE 39736] UL: SNR = 63.50 dB | SE = 20.778 bit/s/Hz
[69733 ms] [UE 39736] UL: SNR = 63.50 dB | SE = 20.778 bit/s/Hz
[69843 ms] [UE 39736] UL: SNR = 63.50 dB | SE = 20.778 bit/s/Hz
[69953 ms] [UE 39736] UL: SNR = 63.50 dB | SE = 20.778 bit/s/Hz
[70054 ms] [UE 39736] UL: SNR = 63.50 dB | SE = 20.778 bit/s/Hz
[70163 ms] [UE 39736] UL: SNR = 63.50 dB | SE = 20.778 bit/s/Hz
[70263 ms] [UE 39736] UL: SNR = 63.50 dB | SE = 20.778 bit/s/Hz
[70364 ms] [UE 39736] UL: SNR = 63.50 dB | SE = 20.778 bit/s/Hz
[70473 ms] [UE 39736] UL: SNR = 63.50 dB | SE = 20.778 bit/s/Hz
[70573 ms] [UE 39736] UL: SNR = 63.50 dB | SE = 20.778 bit/s/Hz
[70673 ms] [UE 39736] UL: SNR = 63.50 dB | SE = 20.778 bit/s/Hz
[70773 ms] [UE 39736] UL: SNR = 63.50 dB | SE = 20.778 bit/s/Hz
[70883 ms] [UE 39736] UL: SNR = 63.50 dB | SE = 20.778 bit/s/Hz
[70993 ms] [UE 39736] UL: SNR = 63.50 dB | SE = 20.778 bit/s/Hz
[71094 ms] [UE 39736] UL: SNR = 63.50 dB | SE = 20.778 bit/s/Hz
[71203 ms] [UE 39736] UL: SNR = 63.50 dB | SE = 20.778 bit/s/Hz
[71303 ms] [UE 39736] UL: SNR = 63.50 dB | SE = 20.778 bit/s/Hz
[71403 ms] [UE 39736] UL: SNR = 63.50 dB | SE = 20.778 bit/s/Hz
[71513 ms] [UE 39736] UL: SNR = 63.50 dB | SE = 20.778 bit/s/Hz
[71613 ms] [UE 39736] UL: SNR = 63.50 dB | SE = 20.778 bit/s/Hz
[71713 ms] [UE 39736] UL: SNR = 63.50 dB | SE = 20.778 bit/s/Hz
[71823 ms] [UE 39736] UL: SNR = 63.50 dB | SE = 20.778 bit/s/Hz
[71923 ms] [UE 39736] UL: SNR = 63.50 dB | SE = 20.778 bit/s/Hz
[72023 ms] [UE 39736] UL: SNR = 63.50 dB | SE = 20.778 bit/s/Hz
[72133 ms] [UE 39736] UL: SNR = 63.50 dB | SE = 20.778 bit/s/Hz
[72243 ms] [UE 39736] UL: SNR = 63.50 dB | SE = 20.778 bit/s/Hz
[72343 ms] [UE 39736] UL: SNR = 63.50 dB | SE = 20.778 bit/s/Hz
[72454 ms] [UE 39736] UL: SNR = 63.50 dB | SE = 20.778 bit/s/Hz
[72563 ms] [UE 39736] UL: SNR = 63.50 dB | SE = 20.778 bit/s/Hz
[72663 ms] [UE 39736] UL: SNR = 63.50 dB | SE = 20.778 bit/s/Hz
[72763 ms] [UE 39736] UL: SNR = 63.50 dB | SE = 20.778 bit/s/Hz
[72873 ms] [UE 39736] UL: SNR = 63.50 dB | SE = 20.778 bit/s/Hz
[72973 ms] [UE 39736] UL: SNR = 63.50 dB | SE = 20.778 bit/s/Hz
[73083 ms] [UE 39736] UL: SNR = 63.50 dB | SE = 20.778 bit/s/Hz
[73183 ms] [UE 39736] UL: SNR = 63.50 dB | SE = 20.778 bit/s/Hz
[73283 ms] [UE 39736] UL: SNR = 63.50 dB | SE = 20.778 bit/s/Hz
[73384 ms] [UE 39736] UL: SNR = 63.50 dB | SE = 20.778 bit/s/Hz
[73493 ms] [UE 39736] UL: SNR = 63.50 dB | SE = 20.778 bit/s/Hz
[73593 ms] [UE 39736] UL: SNR = 63.50 dB | SE = 20.778 bit/s/Hz
[73694 ms] [UE 39736] UL: SNR = 63.50 dB | SE = 20.778 bit/s/Hz
[73803 ms] [UE 39736] UL: SNR = 63.50 dB | SE = 20.778 bit/s/Hz
[73913 ms] [UE 39736] UL: SNR = 63.50 dB | SE = 20.778 bit/s/Hz
[74023 ms] [UE 39736] UL: SNR = 63.50 dB | SE = 20.778 bit/s/Hz
[74123 ms] [UE 39736] UL: SNR = 63.50 dB | SE = 20.778 bit/s/Hz
[74233 ms] [UE 39736] UL: SNR = 63.50 dB | SE = 20.778 bit/s/Hz
[74343 ms] [UE 39736] UL: SNR = 63.50 dB | SE = 20.778 bit/s/Hz
[74453 ms] [UE 39736] UL: SNR = 63.50 dB | SE = 20.778 bit/s/Hz
[74553 ms] [UE 39736] UL: SNR = 63.50 dB | SE = 20.778 bit/s/Hz
[74663 ms] [UE 39736] UL: SNR = 63.50 dB | SE = 20.778 bit/s/Hz
[74773 ms] [UE 39736] UL: SNR = 63.50 dB | SE = 20.778 bit/s/Hz
[74874 ms] [UE 39736] UL: SNR = 63.50 dB | SE = 20.778 bit/s/Hz
[74983 ms] [UE 39736] UL: SNR = 63.50 dB | SE = 20.778 bit/s/Hz
[75093 ms] [UE 39736] UL: SNR = 63.50 dB | SE = 20.778 bit/s/Hz
[75193 ms] [UE 39736] UL: SNR = 63.50 dB | SE = 20.778 bit/s/Hz
[75303 ms] [UE 39736] UL: SNR = 63.50 dB | SE = 20.778 bit/s/Hz
[75413 ms] [UE 39736] UL: SNR = 63.50 dB | SE = 20.778 bit/s/Hz
[75523 ms] [UE 39736] UL: SNR = 63.50 dB | SE = 20.778 bit/s/Hz
[75633 ms] [UE 39736] UL: SNR = 63.50 dB | SE = 20.778 bit/s/Hz
[75743 ms] [UE 39736] UL: SNR = 63.50 dB | SE = 20.778 bit/s/Hz
[75853 ms] [UE 39736] UL: SNR = 63.50 dB | SE = 20.778 bit/s/Hz
[75963 ms] [UE 39736] UL: SNR = 63.50 dB | SE = 20.778 bit/s/Hz
[76063 ms] [UE 39736] UL: SNR = 63.50 dB | SE = 20.778 bit/s/Hz
[76174 ms] [UE 39736] UL: SNR = 63.50 dB | SE = 20.778 bit/s/Hz
[76283 ms] [UE 39736] UL: SNR = 63.50 dB | SE = 20.778 bit/s/Hz
[76383 ms] [UE 39736] UL: SNR = 63.50 dB | SE = 20.778 bit/s/Hz
[76493 ms] [UE 39736] UL: SNR = 63.50 dB | SE = 20.778 bit/s/Hz
[76603 ms] [UE 39736] UL: SNR = 63.50 dB | SE = 20.778 bit/s/Hz
[76704 ms] [UE 39736] UL: SNR = 63.50 dB | SE = 20.778 bit/s/Hz
[76813 ms] [UE 39736] UL: SNR = 63.50 dB | SE = 20.778 bit/s/Hz
[76924 ms] [UE 39736] UL: SNR = 63.50 dB | SE = 20.778 bit/s/Hz
[77024 ms] [UE 39736] UL: SNR = 63.50 dB | SE = 20.778 bit/s/Hz
[77133 ms] [UE 39736] UL: SNR = 63.50 dB | SE = 20.778 bit/s/Hz
[77243 ms] [UE 39736] UL: SNR = 63.50 dB | SE = 20.778 bit/s/Hz
[77343 ms] [UE 39736] UL: SNR = 63.50 dB | SE = 20.778 bit/s/Hz
[77443 ms] [UE 39736] UL: SNR = 63.50 dB | SE = 20.778 bit/s/Hz
[77553 ms] [UE 39736] UL: SNR = 63.50 dB | SE = 20.778 bit/s/Hz
[77653 ms] [UE 39736] UL: SNR = 63.50 dB | SE = 20.778 bit/s/Hz
[77763 ms] [UE 39736] UL: SNR = 63.50 dB | SE = 20.778 bit/s/Hz
[77863 ms] [UE 39736] UL: SNR = 63.50 dB | SE = 20.778 bit/s/Hz
[77973 ms] [UE 39736] UL: SNR = 63.50 dB | SE = 20.778 bit/s/Hz
[78073 ms] [UE 39736] UL: SNR = 63.50 dB | SE = 20.778 bit/s/Hz
[78183 ms] [UE 39736] UL: SNR = 63.50 dB | SE = 20.778 bit/s/Hz
[78283 ms] [UE 39736] UL: SNR = 63.50 dB | SE = 20.778 bit/s/Hz
[78383 ms] [UE 39736] UL: SNR = 63.50 dB | SE = 20.778 bit/s/Hz
[78483 ms] [UE 39736] UL: SNR = 63.50 dB | SE = 20.778 bit/s/Hz
[78593 ms] [UE 39736] UL: SNR = 63.50 dB | SE = 20.778 bit/s/Hz
[78694 ms] [UE 39736] UL: SNR = 63.50 dB | SE = 20.778 bit/s/Hz
[78803 ms] [UE 39736] UL: SNR = 63.50 dB | SE = 20.778 bit/s/Hz
[78913 ms] [UE 39736] UL: SNR = 63.50 dB | SE = 20.778 bit/s/Hz
[79013 ms] [UE 39736] UL: SNR = 63.50 dB | SE = 20.778 bit/s/Hz
[79114 ms] [UE 39736] UL: SNR = 63.50 dB | SE = 20.778 bit/s/Hz
[79223 ms] [UE 39736] UL: SNR = 63.50 dB | SE = 20.778 bit/s/Hz
[79324 ms] [UE 39736] UL: SNR = 63.50 dB | SE = 20.778 bit/s/Hz
[79433 ms] [UE 39736] UL: SNR = 63.50 dB | SE = 20.778 bit/s/Hz
[79543 ms] [UE 39736] UL: SNR = 63.50 dB | SE = 20.778 bit/s/Hz
[79653 ms] [UE 39736] UL: SNR = 63.50 dB | SE = 20.778 bit/s/Hz
[79754 ms] [UE 39736] UL: SNR = 63.50 dB | SE = 20.778 bit/s/Hz
[79864 ms] [UE 39736] UL: SNR = 63.50 dB | SE = 20.778 bit/s/Hz
[79973 ms] [UE 39736] UL: SNR = 63.50 dB | SE = 20.778 bit/s/Hz
[80073 ms] [UE 39736] UL: SNR = 63.50 dB | SE = 20.778 bit/s/Hz
[80183 ms] [UE 39736] UL: SNR = 63.50 dB | SE = 20.778 bit/s/Hz
[80283 ms] [UE 39736] UL: SNR = 63.50 dB | SE = 20.778 bit/s/Hz
[80384 ms] [UE 39736] UL: SNR = 63.50 dB | SE = 20.778 bit/s/Hz
[80494 ms] [UE 39736] UL: SNR = 63.50 dB | SE = 20.778 bit/s/Hz
[80604 ms] [UE 39736] UL: SNR = 63.50 dB | SE = 20.778 bit/s/Hz
[80713 ms] [UE 39736] UL: SNR = 63.50 dB | SE = 20.778 bit/s/Hz
[80823 ms] [UE 39736] UL: SNR = 63.50 dB | SE = 20.778 bit/s/Hz
[80934 ms] [UE 39736] UL: SNR = 63.50 dB | SE = 20.778 bit/s/Hz
[81044 ms] [UE 39736] UL: SNR = 63.50 dB | SE = 20.778 bit/s/Hz
[81153 ms] [UE 39736] UL: SNR = 63.50 dB | SE = 20.778 bit/s/Hz
[81254 ms] [UE 39736] UL: SNR = 63.50 dB | SE = 20.778 bit/s/Hz
[81363 ms] [UE 39736] UL: SNR = 63.50 dB | SE = 20.778 bit/s/Hz
[81463 ms] [UE 39736] UL: SNR = 63.50 dB | SE = 20.778 bit/s/Hz
[81573 ms] [UE 39736] UL: SNR = 63.50 dB | SE = 20.778 bit/s/Hz
[81684 ms] [UE 39736] UL: SNR = 63.50 dB | SE = 20.778 bit/s/Hz
[81793 ms] [UE 39736] UL: SNR = 63.50 dB | SE = 20.778 bit/s/Hz
[81893 ms] [UE 39736] UL: SNR = 63.50 dB | SE = 20.778 bit/s/Hz
[81993 ms] [UE 39736] UL: SNR = 63.50 dB | SE = 20.778 bit/s/Hz
[82093 ms] [UE 39736] UL: SNR = 63.50 dB | SE = 20.778 bit/s/Hz
[82193 ms] [UE 39736] UL: SNR = 63.50 dB | SE = 20.778 bit/s/Hz
[82294 ms] [UE 39736] UL: SNR = 63.50 dB | SE = 20.778 bit/s/Hz
[82403 ms] [UE 39736] UL: SNR = 63.50 dB | SE = 20.778 bit/s/Hz
[82513 ms] [UE 39736] UL: SNR = 63.50 dB | SE = 20.778 bit/s/Hz
[82623 ms] [UE 39736] UL: SNR = 63.50 dB | SE = 20.778 bit/s/Hz
[82734 ms] [UE 39736] UL: SNR = 63.50 dB | SE = 20.778 bit/s/Hz
[82843 ms] [UE 39736] UL: SNR = 63.50 dB | SE = 20.778 bit/s/Hz
[82953 ms] [UE 39736] UL: SNR = 63.50 dB | SE = 20.778 bit/s/Hz
[83063 ms] [UE 39736] UL: SNR = 63.50 dB | SE = 20.778 bit/s/Hz
[83163 ms] [UE 39736] UL: SNR = 63.50 dB | SE = 20.778 bit/s/Hz
[83263 ms] [UE 39736] UL: SNR = 63.50 dB | SE = 20.778 bit/s/Hz
[83364 ms] [UE 39736] UL: SNR = 63.50 dB | SE = 20.778 bit/s/Hz
[83473 ms] [UE 39736] UL: SNR = 63.50 dB | SE = 20.778 bit/s/Hz
[83583 ms] [UE 39736] UL: SNR = 63.50 dB | SE = 20.778 bit/s/Hz
[83693 ms] [UE 39736] UL: SNR = 63.50 dB | SE = 20.778 bit/s/Hz
[83794 ms] [UE 39736] UL: SNR = 63.50 dB | SE = 20.778 bit/s/Hz
[83903 ms] [UE 39736] UL: SNR = 63.50 dB | SE = 20.778 bit/s/Hz
[84013 ms] [UE 39736] UL: SNR = 63.50 dB | SE = 20.778 bit/s/Hz
[84123 ms] [UE 39736] UL: SNR = 63.50 dB | SE = 20.778 bit/s/Hz
[84224 ms] [UE 39736] UL: SNR = 63.50 dB | SE = 20.778 bit/s/Hz
[84333 ms] [UE 39736] UL: SNR = 63.50 dB | SE = 20.778 bit/s/Hz
[84433 ms] [UE 39736] UL: SNR = 63.50 dB | SE = 20.778 bit/s/Hz
[84543 ms] [UE 39736] UL: SNR = 63.50 dB | SE = 20.778 bit/s/Hz
[84643 ms] [UE 39736] UL: SNR = 63.50 dB | SE = 20.778 bit/s/Hz
[84754 ms] [UE 39736] UL: SNR = 63.50 dB | SE = 20.778 bit/s/Hz
[84863 ms] [UE 39736] UL: SNR = 63.50 dB | SE = 20.778 bit/s/Hz
[84963 ms] [UE 39736] UL: SNR = 63.50 dB | SE = 20.778 bit/s/Hz
[85063 ms] [UE 39736] UL: SNR = 63.50 dB | SE = 20.778 bit/s/Hz
[85173 ms] [UE 39736] UL: SNR = 63.50 dB | SE = 20.778 bit/s/Hz
[85274 ms] [UE 39736] UL: SNR = 63.50 dB | SE = 20.778 bit/s/Hz
[85383 ms] [UE 39736] UL: SNR = 63.50 dB | SE = 20.778 bit/s/Hz
[85483 ms] [UE 39736] UL: SNR = 63.50 dB | SE = 20.778 bit/s/Hz
[85583 ms] [UE 39736] UL: SNR = 63.50 dB | SE = 20.778 bit/s/Hz
[85693 ms] [UE 39736] UL: SNR = 63.50 dB | SE = 20.778 bit/s/Hz
[85793 ms] [UE 39736] UL: SNR = 63.50 dB | SE = 20.778 bit/s/Hz
[85894 ms] [UE 39736] UL: SNR = 63.50 dB | SE = 20.778 bit/s/Hz
[86003 ms] [UE 39736] UL: SNR = 63.50 dB | SE = 20.778 bit/s/Hz
[86103 ms] [UE 39736] UL: SNR = 63.50 dB | SE = 20.778 bit/s/Hz
[86203 ms] [UE 39736] UL: SNR = 63.50 dB | SE = 20.778 bit/s/Hz
[86314 ms] [UE 39736] UL: SNR = 63.50 dB | SE = 20.778 bit/s/Hz
[86424 ms] [UE 39736] UL: SNR = 63.50 dB | SE = 20.778 bit/s/Hz
[86524 ms] [UE 39736] UL: SNR = 63.50 dB | SE = 20.778 bit/s/Hz
[86633 ms] [UE 39736] UL: SNR = 63.50 dB | SE = 20.778 bit/s/Hz
[86733 ms] [UE 39736] UL: SNR = 63.50 dB | SE = 20.778 bit/s/Hz
[86843 ms] [UE 39736] UL: SNR = 63.50 dB | SE = 20.778 bit/s/Hz
[86943 ms] [UE 39736] UL: SNR = 63.50 dB | SE = 20.778 bit/s/Hz
[87044 ms] [UE 39736] UL: SNR = 63.50 dB | SE = 20.778 bit/s/Hz
[87153 ms] [UE 39736] UL: SNR = 63.50 dB | SE = 20.778 bit/s/Hz
[87253 ms] [UE 39736] UL: SNR = 63.50 dB | SE = 20.778 bit/s/Hz
[87363 ms] [UE 39736] UL: SNR = 63.50 dB | SE = 20.778 bit/s/Hz
[87463 ms] [UE 39736] UL: SNR = 63.50 dB | SE = 20.778 bit/s/Hz
[87573 ms] [UE 39736] UL: SNR = 63.50 dB | SE = 20.778 bit/s/Hz
[87673 ms] [UE 39736] UL: SNR = 63.50 dB | SE = 20.778 bit/s/Hz
[87773 ms] [UE 39736] UL: SNR = 63.50 dB | SE = 20.778 bit/s/Hz
[87883 ms] [UE 39736] UL: SNR = 63.50 dB | SE = 20.778 bit/s/Hz
[87984 ms] [UE 39736] UL: SNR = 63.50 dB | SE = 20.778 bit/s/Hz
[88094 ms] [UE 39736] UL: SNR = 63.50 dB | SE = 20.778 bit/s/Hz
[88203 ms] [UE 39736] UL: SNR = 63.50 dB | SE = 20.778 bit/s/Hz
[88304 ms] [UE 39736] UL: SNR = 63.50 dB | SE = 20.778 bit/s/Hz
[88413 ms] [UE 39736] UL: SNR = 63.50 dB | SE = 20.778 bit/s/Hz
[88514 ms] [UE 39736] UL: SNR = 63.50 dB | SE = 20.778 bit/s/Hz
[88614 ms] [UE 39736] UL: SNR = 63.50 dB | SE = 20.778 bit/s/Hz
[88724 ms] [UE 39736] UL: SNR = 63.50 dB | SE = 20.778 bit/s/Hz
[88824 ms] [UE 39736] UL: SNR = 63.50 dB | SE = 20.778 bit/s/Hz
[88924 ms] [UE 39736] UL: SNR = 63.50 dB | SE = 20.778 bit/s/Hz
[89034 ms] [UE 39736] UL: SNR = 63.50 dB | SE = 20.778 bit/s/Hz
[89134 ms] [UE 39736] UL: SNR = 63.50 dB | SE = 20.778 bit/s/Hz
[89243 ms] [UE 39736] UL: SNR = 63.50 dB | SE = 20.778 bit/s/Hz
[89343 ms] [UE 39736] UL: SNR = 63.50 dB | SE = 20.778 bit/s/Hz
[89443 ms] [UE 39736] UL: SNR = 63.50 dB | SE = 20.778 bit/s/Hz
[89543 ms] [UE 39736] UL: SNR = 63.50 dB | SE = 20.778 bit/s/Hz
[89654 ms] [UE 39736] UL: SNR = 63.50 dB | SE = 20.778 bit/s/Hz
[89763 ms] [UE 39736] UL: SNR = 63.50 dB | SE = 20.778 bit/s/Hz
[89863 ms] [UE 39736] UL: SNR = 63.50 dB | SE = 20.778 bit/s/Hz
[89973 ms] [UE 39736] UL: SNR = 63.50 dB | SE = 20.778 bit/s/Hz
[xApp]: E42 RIC_SUBSCRIPTION_DELETE_REQUEST tx RAN_FUNC_ID 142 RIC_REQ_ID 1 
[xApp]: E42 SUBSCRIPTION DELETE RESPONSE rx
[xApp]: E42 RIC_SUBSCRIPTION_DELETE_REQUEST tx RAN_FUNC_ID 142 RIC_REQ_ID 2 
[xApp]: E42 SUBSCRIPTION DELETE RESPONSE rx
[xApp]: Sucessfully stopped 
Test xApp run SUCCESSFULLY
