[UTIL]: Setting the config -c file to /usr/local/etc/flexric/flexric.conf
[UTIL]: Setting path -p for the shared libraries to /usr/local/lib/flexric/
[xAapp]: Initializing ... 
[xApp]: nearRT-RIC IP Address = 192.168.70.150, PORT = 36422
[E2 AGENT]: Opening plugin from path = /usr/local/lib/flexric/libkpm_sm.so 
[E2 AGENT]: Opening plugin from path = /usr/local/lib/flexric/libmac_sm.so 
[E2 AGENT]: Opening plugin from path = /usr/local/lib/flexric/libpdcp_sm.so 
[E2 AGENT]: Opening plugin from path = /usr/local/lib/flexric/libgtp_sm.so 
[E2 AGENT]: Opening plugin from path = /usr/local/lib/flexric/librc_sm.so 
[E2 AGENT]: Opening plugin from path = /usr/local/lib/flexric/libtc_sm.so 
[E2 AGENT]: Opening plugin from path = /usr/local/lib/flexric/librlc_sm.so 
[E2 AGENT]: Opening plugin from path = /usr/local/lib/flexric/libslice_sm.so 
[NEAR-RIC]: Loading SM ID = 2 with def = ORAN-E2SM-KPM 
[NEAR-RIC]: Loading SM ID = 142 with def = MAC_STATS_V0 
[NEAR-RIC]: Loading SM ID = 144 with def = PDCP_STATS_V0 
[NEAR-RIC]: Loading SM ID = 148 with def = GTP_STATS_V0 
[NEAR-RIC]: Loading SM ID = 3 with def = ORAN-E2SM-RC 
[NEAR-RIC]: Loading SM ID = 146 with def = TC_STATS_V0 
[NEAR-RIC]: Loading SM ID = 143 with def = RLC_STATS_V0 
[NEAR-RIC]: Loading SM ID = 145 with def = SLICE_STATS_V0 
[xApp]: DB filename = /tmp/flexric/xapp_db 
 [xApp]: E42 SETUP-REQUEST tx
[xApp]: E42 SETUP-RESPONSE rx 
[xApp]: xApp ID = 35 
[xApp]: Registered E2 Nodes = 4 
Connected E2 nodes = 4
[xAPP] Registered node 0 ran func id = 2 
[xAPP] Registered node 0 ran func id = 3 
[xAPP] Registered node 0 ran func id = 142 
[xAPP] Registered node 0 ran func id = 143 
[xAPP] Registered node 0 ran func id = 144 
[xAPP] Registered node 0 ran func id = 145 
[xAPP] Registered node 0 ran func id = 146 
[xAPP] Registered node 0 ran func id = 148 
[xAPP] CU or CUUP, don't do anything
[xAPP] Registered node 1 ran func id = 2 
[xAPP] Registered node 1 ran func id = 3 
[xAPP] Registered node 1 ran func id = 142 
[xAPP] Registered node 1 ran func id = 143 
[xAPP] Registered node 1 ran func id = 144 
[xAPP] Registered node 1 ran func id = 145 
[xAPP] Registered node 1 ran func id = 146 
[xAPP] Registered node 1 ran func id = 148 
[xAPP] Registered node 2 ran func id = 2 
[xAPP] Registered node 2 ran func id = 3 
[xAPP] Registered node 2 ran func id = 142 
[xAPP] Registered node 2 ran func id = 143 
[xAPP] Registered node 2 ran func id = 144 
[xAPP] Registered node 2 ran func id = 145 
[xAPP] Registered node 2 ran func id = 146 
[xAPP] Registered node 2 ran func id = 148 
[xApp] DU detected
[xApp]: E42 RIC SUBSCRIPTION REQUEST tx RAN_FUNC_ID 142 RIC_REQ_ID 1 
[xApp]: SUBSCRIPTION RESPONSE rx
[xApp]: Successfully subscribed to RAN_FUNC_ID 142 
[xAPP] Registered node 3 ran func id = 2 
[xAPP] Registered node 3 ran func id = 3 
[xAPP] Registered node 3 ran func id = 142 
[xAPP] Registered node 3 ran func id = 143 
[xAPP] Registered node 3 ran func id = 144 
[xAPP] Registered node 3 ran func id = 145 
[xAPP] Registered node 3 ran func id = 146 
[xAPP] Registered node 3 ran func id = 148 
[xApp] DU detected
[xApp]: E42 RIC SUBSCRIPTION REQUEST tx RAN_FUNC_ID 142 RIC_REQ_ID 2 
[xApp]: SUBSCRIPTION RESPONSE rx
[xApp]: Successfully subscribed to RAN_FUNC_ID 142 
[   12 ms] [UE 39736] UL: SNR = 63.50 dB | SE = 20.778 bit/s/Hz
[  113 ms] [UE 39736] UL: SNR = 63.50 dB | SE = 20.778 bit/s/Hz
[  222 ms] [UE 39736] UL: SNR = 63.50 dB | SE = 20.778 bit/s/Hz
[  322 ms] [UE 39736] UL: SNR = 63.50 dB | SE = 20.778 bit/s/Hz
[  422 ms] [UE 39736] UL: SNR = 63.50 dB | SE = 20.778 bit/s/Hz
[  522 ms] [UE 39736] UL: SNR = 63.50 dB | SE = 20.778 bit/s/Hz
[  632 ms] [UE 39736] UL: SNR = 63.50 dB | SE = 20.778 bit/s/Hz
[  742 ms] [UE 39736] UL: SNR = 63.50 dB | SE = 20.778 bit/s/Hz
[  852 ms] [UE 39736] UL: SNR = 63.50 dB | SE = 20.778 bit/s/Hz
[  953 ms] [UE 39736] UL: SNR = 63.50 dB | SE = 20.778 bit/s/Hz
[ 1062 ms] [UE 39736] UL: SNR = 63.50 dB | SE = 20.778 bit/s/Hz
[ 1163 ms] [UE 39736] UL: SNR = 63.50 dB | SE = 20.778 bit/s/Hz
[ 1273 ms] [UE 39736] UL: SNR = 63.50 dB | SE = 20.778 bit/s/Hz
[ 1382 ms] [UE 39736] UL: SNR = 63.50 dB | SE = 20.778 bit/s/Hz
[ 1492 ms] [UE 39736] UL: SNR = 63.50 dB | SE = 20.778 bit/s/Hz
[ 1602 ms] [UE 39736] UL: SNR = 63.50 dB | SE = 20.778 bit/s/Hz
[ 1702 ms] [UE 39736] UL: SNR = 63.50 dB | SE = 20.778 bit/s/Hz
[ 1802 ms] [UE 39736] UL: SNR = 63.50 dB | SE = 20.778 bit/s/Hz
[ 1912 ms] [UE 39736] UL: SNR = 63.50 dB | SE = 20.778 bit/s/Hz
[ 2013 ms] [UE 39736] UL: SNR = 63.50 dB | SE = 20.778 bit/s/Hz
[ 2122 ms] [UE 39736] UL: SNR = 63.50 dB | SE = 20.778 bit/s/Hz
[ 2222 ms] [UE 39736] UL: SNR = 63.50 dB | SE = 20.778 bit/s/Hz
[ 2322 ms] [UE 39736] UL: SNR = 63.50 dB | SE = 20.778 bit/s/Hz
[ 2423 ms] [UE 39736] UL: SNR = 63.50 dB | SE = 20.778 bit/s/Hz
[ 2533 ms] [UE 39736] UL: SNR = 63.50 dB | SE = 20.778 bit/s/Hz
[ 2642 ms] [UE 39736] UL: SNR = 63.50 dB | SE = 20.778 bit/s/Hz
[ 2743 ms] [UE 39736] UL: SNR = 63.50 dB | SE = 20.778 bit/s/Hz
[ 2852 ms] [UE 39736] UL: SNR = 63.50 dB | SE = 20.778 bit/s/Hz
[ 2963 ms] [UE 39736] UL: SNR = 63.50 dB | SE = 20.778 bit/s/Hz
[ 3072 ms] [UE 39736] UL: SNR = 63.50 dB | SE = 20.778 bit/s/Hz
[ 3172 ms] [UE 39736] UL: SNR = 63.50 dB | SE = 20.778 bit/s/Hz
[ 3282 ms] [UE 39736] UL: SNR = 63.50 dB | SE = 20.778 bit/s/Hz
[ 3382 ms] [UE 39736] UL: SNR = 63.50 dB | SE = 20.778 bit/s/Hz
[ 3492 ms] [UE 39736] UL: SNR = 63.50 dB | SE = 20.778 bit/s/Hz
[ 3593 ms] [UE 39736] UL: SNR = 63.50 dB | SE = 20.778 bit/s/Hz
[ 3703 ms] [UE 39736] UL: SNR = 63.50 dB | SE = 20.778 bit/s/Hz
[ 3812 ms] [UE 39736] UL: SNR = 63.50 dB | SE = 20.778 bit/s/Hz
[ 3922 ms] [UE 39736] UL: SNR = 63.50 dB | SE = 20.778 bit/s/Hz
[ 4023 ms] [UE 39736] UL: SNR = 63.50 dB | SE = 20.778 bit/s/Hz
[ 4123 ms] [UE 39736] UL: SNR = 63.50 dB | SE = 20.778 bit/s/Hz
[ 4232 ms] [UE 39736] UL: SNR = 63.50 dB | SE = 20.778 bit/s/Hz
[ 4332 ms] [UE 39736] UL: SNR = 63.50 dB | SE = 20.778 bit/s/Hz
[ 4432 ms] [UE 39736] UL: SNR = 63.50 dB | SE = 20.778 bit/s/Hz
[ 4542 ms] [UE 39736] UL: SNR = 63.50 dB | SE = 20.778 bit/s/Hz
[ 4642 ms] [UE 39736] UL: SNR = 63.50 dB | SE = 20.778 bit/s/Hz
[ 4742 ms] [UE 39736] UL: SNR = 63.50 dB | SE = 20.778 bit/s/Hz
[ 4843 ms] [UE 39736] UL: SNR = 63.50 dB | SE = 20.778 bit/s/Hz
[ 4953 ms] [UE 39736] UL: SNR = 63.50 dB | SE = 20.778 bit/s/Hz
[ 5063 ms] [UE 39736] UL: SNR = 63.50 dB | SE = 20.778 bit/s/Hz
[ 5172 ms] [UE 39736] UL: SNR = 63.50 dB | SE = 20.778 bit/s/Hz
[ 5282 ms] [UE 39736] UL: SNR = 63.50 dB | SE = 20.778 bit/s/Hz
[ 5392 ms] [UE 39736] UL: SNR = 63.50 dB | SE = 20.778 bit/s/Hz
[ 5493 ms] [UE 39736] UL: SNR = 63.50 dB | SE = 20.778 bit/s/Hz
[ 5593 ms] [UE 39736] UL: SNR = 63.50 dB | SE = 20.778 bit/s/Hz
[ 5702 ms] [UE 39736] UL: SNR = 63.50 dB | SE = 20.778 bit/s/Hz
[ 5812 ms] [UE 39736] UL: SNR = 63.50 dB | SE = 20.778 bit/s/Hz
[ 5913 ms] [UE 39736] UL: SNR = 63.50 dB | SE = 20.778 bit/s/Hz
[ 6023 ms] [UE 39736] UL: SNR = 63.50 dB | SE = 20.778 bit/s/Hz
[ 6132 ms] [UE 39736] UL: SNR = 63.50 dB | SE = 20.778 bit/s/Hz
[ 6233 ms] [UE 39736] UL: SNR = 63.50 dB | SE = 20.778 bit/s/Hz
[ 6342 ms] [UE 39736] UL: SNR = 63.50 dB | SE = 20.778 bit/s/Hz
[ 6453 ms] [UE 39736] UL: SNR = 63.50 dB | SE = 20.778 bit/s/Hz
[ 6563 ms] [UE 39736] UL: SNR = 63.50 dB | SE = 20.778 bit/s/Hz
[ 6672 ms] [UE 39736] UL: SNR = 63.50 dB | SE = 20.778 bit/s/Hz
[ 6772 ms] [UE 39736] UL: SNR = 63.50 dB | SE = 20.778 bit/s/Hz
[ 6873 ms] [UE 39736] UL: SNR = 63.50 dB | SE = 20.778 bit/s/Hz
[ 6982 ms] [UE 39736] UL: SNR = 63.50 dB | SE = 20.778 bit/s/Hz
[ 7082 ms] [UE 39736] UL: SNR = 63.50 dB | SE = 20.778 bit/s/Hz
[ 7193 ms] [UE 39736] UL: SNR = 63.50 dB | SE = 20.778 bit/s/Hz
[ 7303 ms] [UE 39736] UL: SNR = 63.50 dB | SE = 20.778 bit/s/Hz
[ 7403 ms] [UE 39736] UL: SNR = 63.50 dB | SE = 20.778 bit/s/Hz
[ 7512 ms] [UE 39736] UL: SNR = 63.50 dB | SE = 20.778 bit/s/Hz
[ 7612 ms] [UE 39736] UL: SNR = 63.50 dB | SE = 20.778 bit/s/Hz
[ 7722 ms] [UE 39736] UL: SNR = 63.50 dB | SE = 20.778 bit/s/Hz
[ 7822 ms] [UE 39736] UL: SNR = 63.50 dB | SE = 20.778 bit/s/Hz
[ 7922 ms] [UE 39736] UL: SNR = 63.50 dB | SE = 20.778 bit/s/Hz
[ 8023 ms] [UE 39736] UL: SNR = 63.50 dB | SE = 20.778 bit/s/Hz
[ 8132 ms] [UE 39736] UL: SNR = 63.50 dB | SE = 20.778 bit/s/Hz
[ 8233 ms] [UE 39736] UL: SNR = 63.50 dB | SE = 20.778 bit/s/Hz
[ 8343 ms] [UE 39736] UL: SNR = 63.50 dB | SE = 20.778 bit/s/Hz
[ 8452 ms] [UE 39736] UL: SNR = 63.50 dB | SE = 20.778 bit/s/Hz
[ 8552 ms] [UE 39736] UL: SNR = 63.50 dB | SE = 20.778 bit/s/Hz
[ 8662 ms] [UE 39736] UL: SNR = 63.50 dB | SE = 20.778 bit/s/Hz
[ 8773 ms] [UE 39736] UL: SNR = 63.50 dB | SE = 20.778 bit/s/Hz
[ 8882 ms] [UE 39736] UL: SNR = 63.50 dB | SE = 20.778 bit/s/Hz
[ 8992 ms] [UE 39736] UL: SNR = 63.50 dB | SE = 20.778 bit/s/Hz
[ 9102 ms] [UE 39736] UL: SNR = 63.50 dB | SE = 20.778 bit/s/Hz
[ 9212 ms] [UE 39736] UL: SNR = 63.50 dB | SE = 20.778 bit/s/Hz
[ 9323 ms] [UE 39736] UL: SNR = 63.50 dB | SE = 20.778 bit/s/Hz
[ 9432 ms] [UE 39736] UL: SNR = 63.50 dB | SE = 20.778 bit/s/Hz
[ 9542 ms] [UE 39736] UL: SNR = 63.50 dB | SE = 20.778 bit/s/Hz
[ 9642 ms] [UE 39736] UL: SNR = 63.50 dB | SE = 20.778 bit/s/Hz
[ 9753 ms] [UE 39736] UL: SNR = 63.50 dB | SE = 20.778 bit/s/Hz
[ 9862 ms] [UE 39736] UL: SNR = 63.50 dB | SE = 20.778 bit/s/Hz
[ 9962 ms] [UE 39736] UL: SNR = 63.50 dB | SE = 20.778 bit/s/Hz
[10072 ms] [UE 39736] UL: SNR = 63.50 dB | SE = 20.778 bit/s/Hz
[10182 ms] [UE 39736] UL: SNR = 63.50 dB | SE = 20.778 bit/s/Hz
[10283 ms] [UE 39736] UL: SNR = 63.50 dB | SE = 20.778 bit/s/Hz
[10383 ms] [UE 39736] UL: SNR = 63.50 dB | SE = 20.778 bit/s/Hz
[10483 ms] [UE 39736] UL: SNR = 63.50 dB | SE = 20.778 bit/s/Hz
[10583 ms] [UE 39736] UL: SNR = 63.50 dB | SE = 20.778 bit/s/Hz
[10683 ms] [UE 39736] UL: SNR = 63.50 dB | SE = 20.778 bit/s/Hz
[10793 ms] [UE 39736] UL: SNR = 63.50 dB | SE = 20.778 bit/s/Hz
[10893 ms] [UE 39736] UL: SNR = 63.50 dB | SE = 20.778 bit/s/Hz
[11003 ms] [UE 39736] UL: SNR = 63.50 dB | SE = 20.778 bit/s/Hz
[11113 ms] [UE 39736] UL: SNR = 63.50 dB | SE = 20.778 bit/s/Hz
[11222 ms] [UE 39736] UL: SNR = 63.50 dB | SE = 20.778 bit/s/Hz
[11323 ms] [UE 39736] UL: SNR = 63.50 dB | SE = 20.778 bit/s/Hz
[11423 ms] [UE 39736] UL: SNR = 63.50 dB | SE = 20.778 bit/s/Hz
[11533 ms] [UE 39736] UL: SNR = 63.50 dB | SE = 20.778 bit/s/Hz
[11633 ms] [UE 39736] UL: SNR = 63.50 dB | SE = 20.778 bit/s/Hz
[11743 ms] [UE 39736] UL: SNR = 63.50 dB | SE = 20.778 bit/s/Hz
[11853 ms] [UE 39736] UL: SNR = 63.50 dB | SE = 20.778 bit/s/Hz
[11963 ms] [UE 39736] UL: SNR = 63.50 dB | SE = 20.778 bit/s/Hz
[12072 ms] [UE 39736] UL: SNR = 63.50 dB | SE = 20.778 bit/s/Hz
[12173 ms] [UE 39736] UL: SNR = 63.50 dB | SE = 20.778 bit/s/Hz
[12273 ms] [UE 39736] UL: SNR = 63.50 dB | SE = 20.778 bit/s/Hz
[12383 ms] [UE 39736] UL: SNR = 63.50 dB | SE = 20.778 bit/s/Hz
[12492 ms] [UE 39736] UL: SNR = 63.50 dB | SE = 20.778 bit/s/Hz
[12592 ms] [UE 39736] UL: SNR = 63.50 dB | SE = 20.778 bit/s/Hz
[12693 ms] [UE 39736] UL: SNR = 63.50 dB | SE = 20.778 bit/s/Hz
[12802 ms] [UE 39736] UL: SNR = 63.50 dB | SE = 20.778 bit/s/Hz
[12903 ms] [UE 39736] UL: SNR = 63.50 dB | SE = 20.778 bit/s/Hz
[13003 ms] [UE 39736] UL: SNR = 63.50 dB | SE = 20.778 bit/s/Hz
[13112 ms] [UE 39736] UL: SNR = 63.50 dB | SE = 20.778 bit/s/Hz
[13222 ms] [UE 39736] UL: SNR = 63.50 dB | SE = 20.778 bit/s/Hz
[13332 ms] [UE 39736] UL: SNR = 63.50 dB | SE = 20.778 bit/s/Hz
[13433 ms] [UE 39736] UL: SNR = 63.50 dB | SE = 20.778 bit/s/Hz
[13542 ms] [UE 39736] UL: SNR = 63.50 dB | SE = 20.778 bit/s/Hz
[13643 ms] [UE 39736] UL: SNR = 63.50 dB | SE = 20.778 bit/s/Hz
[13752 ms] [UE 39736] UL: SNR = 63.50 dB | SE = 20.778 bit/s/Hz
[13863 ms] [UE 39736] UL: SNR = 63.50 dB | SE = 20.778 bit/s/Hz
[13972 ms] [UE 39736] UL: SNR = 63.50 dB | SE = 20.778 bit/s/Hz
[14073 ms] [UE 39736] UL: SNR = 63.50 dB | SE = 20.778 bit/s/Hz
[14173 ms] [UE 39736] UL: SNR = 63.50 dB | SE = 20.778 bit/s/Hz
[14282 ms] [UE 39736] UL: SNR = 63.50 dB | SE = 20.778 bit/s/Hz
[14383 ms] [UE 39736] UL: SNR = 63.50 dB | SE = 20.778 bit/s/Hz
[14483 ms] [UE 39736] UL: SNR = 63.50 dB | SE = 20.778 bit/s/Hz
[14592 ms] [UE 39736] UL: SNR = 63.50 dB | SE = 20.778 bit/s/Hz
[14702 ms] [UE 39736] UL: SNR = 63.50 dB | SE = 20.778 bit/s/Hz
[14803 ms] [UE 39736] UL: SNR = 63.50 dB | SE = 20.778 bit/s/Hz
[14903 ms] [UE 39736] UL: SNR = 63.50 dB | SE = 20.778 bit/s/Hz
[15003 ms] [UE 39736] UL: SNR = 63.50 dB | SE = 20.778 bit/s/Hz
[15113 ms] [UE 39736] UL: SNR = 63.50 dB | SE = 20.778 bit/s/Hz
[15223 ms] [UE 39736] UL: SNR = 63.50 dB | SE = 20.778 bit/s/Hz
[15333 ms] [UE 39736] UL: SNR = 63.50 dB | SE = 20.778 bit/s/Hz
[15433 ms] [UE 39736] UL: SNR = 63.50 dB | SE = 20.778 bit/s/Hz
[15542 ms] [UE 39736] UL: SNR = 63.50 dB | SE = 20.778 bit/s/Hz
[15643 ms] [UE 39736] UL: SNR = 63.50 dB | SE = 20.778 bit/s/Hz
[15752 ms] [UE 39736] UL: SNR = 63.50 dB | SE = 20.778 bit/s/Hz
[15863 ms] [UE 39736] UL: SNR = 63.50 dB | SE = 20.778 bit/s/Hz
[15972 ms] [UE 39736] UL: SNR = 63.50 dB | SE = 20.778 bit/s/Hz
[16083 ms] [UE 39736] UL: SNR = 63.50 dB | SE = 20.778 bit/s/Hz
[16183 ms] [UE 39736] UL: SNR = 63.50 dB | SE = 20.778 bit/s/Hz
[16292 ms] [UE 39736] UL: SNR = 63.50 dB | SE = 20.778 bit/s/Hz
[16393 ms] [UE 39736] UL: SNR = 63.50 dB | SE = 20.778 bit/s/Hz
[16493 ms] [UE 39736] UL: SNR = 63.50 dB | SE = 20.778 bit/s/Hz
[16602 ms] [UE 39736] UL: SNR = 63.50 dB | SE = 20.778 bit/s/Hz
[16703 ms] [UE 39736] UL: SNR = 63.50 dB | SE = 20.778 bit/s/Hz
[16813 ms] [UE 39736] UL: SNR = 63.50 dB | SE = 20.778 bit/s/Hz
[16913 ms] [UE 39736] UL: SNR = 63.50 dB | SE = 20.778 bit/s/Hz
[17023 ms] [UE 39736] UL: SNR = 63.50 dB | SE = 20.778 bit/s/Hz
[17123 ms] [UE 39736] UL: SNR = 63.50 dB | SE = 20.778 bit/s/Hz
[17223 ms] [UE 39736] UL: SNR = 63.50 dB | SE = 20.778 bit/s/Hz
[17323 ms] [UE 39736] UL: SNR = 63.50 dB | SE = 20.778 bit/s/Hz
[17433 ms] [UE 39736] UL: SNR = 63.50 dB | SE = 20.778 bit/s/Hz
[17533 ms] [UE 39736] UL: SNR = 63.50 dB | SE = 20.778 bit/s/Hz
[17633 ms] [UE 39736] UL: SNR = 63.50 dB | SE = 20.778 bit/s/Hz
[17743 ms] [UE 39736] UL: SNR = 63.50 dB | SE = 20.778 bit/s/Hz
[17843 ms] [UE 39736] UL: SNR = 63.50 dB | SE = 20.778 bit/s/Hz
[17952 ms] [UE 39736] UL: SNR = 63.50 dB | SE = 20.778 bit/s/Hz
[18053 ms] [UE 39736] UL: SNR = 63.50 dB | SE = 20.778 bit/s/Hz
[18153 ms] [UE 39736] UL: SNR = 63.50 dB | SE = 20.778 bit/s/Hz
[18253 ms] [UE 39736] UL: SNR = 63.50 dB | SE = 20.778 bit/s/Hz
[18363 ms] [UE 39736] UL: SNR = 63.50 dB | SE = 20.778 bit/s/Hz
[18473 ms] [UE 39736] UL: SNR = 63.50 dB | SE = 20.778 bit/s/Hz
[18573 ms] [UE 39736] UL: SNR = 63.50 dB | SE = 20.778 bit/s/Hz
[18673 ms] [UE 39736] UL: SNR = 63.50 dB | SE = 20.778 bit/s/Hz
[18783 ms] [UE 39736] UL: SNR = 63.50 dB | SE = 20.778 bit/s/Hz
[18892 ms] [UE 39736] UL: SNR = 63.50 dB | SE = 20.778 bit/s/Hz
[18993 ms] [UE 39736] UL: SNR = 63.50 dB | SE = 20.778 bit/s/Hz
[19102 ms] [UE 39736] UL: SNR = 63.50 dB | SE = 20.778 bit/s/Hz
[19202 ms] [UE 39736] UL: SNR = 63.50 dB | SE = 20.778 bit/s/Hz
[19312 ms] [UE 39736] UL: SNR = 63.50 dB | SE = 20.778 bit/s/Hz
[19413 ms] [UE 39736] UL: SNR = 63.50 dB | SE = 20.778 bit/s/Hz
[19522 ms] [UE 39736] UL: SNR = 63.50 dB | SE = 20.778 bit/s/Hz
[19623 ms] [UE 39736] UL: SNR = 63.50 dB | SE = 20.778 bit/s/Hz
[19723 ms] [UE 39736] UL: SNR = 63.50 dB | SE = 20.778 bit/s/Hz
[19832 ms] [UE 39736] UL: SNR = 63.50 dB | SE = 20.778 bit/s/Hz
[19933 ms] [UE 39736] UL: SNR = 63.50 dB | SE = 20.778 bit/s/Hz
[20043 ms] [UE 39736] UL: SNR = 63.50 dB | SE = 20.778 bit/s/Hz
[20153 ms] [UE 39736] UL: SNR = 63.50 dB | SE = 20.778 bit/s/Hz
[20253 ms] [UE 39736] UL: SNR = 63.50 dB | SE = 20.778 bit/s/Hz
[20363 ms] [UE 39736] UL: SNR = 63.50 dB | SE = 20.778 bit/s/Hz
[20473 ms] [UE 39736] UL: SNR = 63.50 dB | SE = 20.778 bit/s/Hz
[20583 ms] [UE 39736] UL: SNR = 63.50 dB | SE = 20.778 bit/s/Hz
[20683 ms] [UE 39736] UL: SNR = 63.50 dB | SE = 20.778 bit/s/Hz
[20793 ms] [UE 39736] UL: SNR = 63.50 dB | SE = 20.778 bit/s/Hz
[20903 ms] [UE 39736] UL: SNR = 63.50 dB | SE = 20.778 bit/s/Hz
[21003 ms] [UE 39736] UL: SNR = 63.50 dB | SE = 20.778 bit/s/Hz
[21112 ms] [UE 39736] UL: SNR = 63.50 dB | SE = 20.778 bit/s/Hz
[21213 ms] [UE 39736] UL: SNR = 63.50 dB | SE = 20.778 bit/s/Hz
[21323 ms] [UE 39736] UL: SNR = 63.50 dB | SE = 20.778 bit/s/Hz
[21423 ms] [UE 39736] UL: SNR = 63.50 dB | SE = 20.778 bit/s/Hz
[21532 ms] [UE 39736] UL: SNR = 63.50 dB | SE = 20.778 bit/s/Hz
[21633 ms] [UE 39736] UL: SNR = 63.50 dB | SE = 20.778 bit/s/Hz
[21743 ms] [UE 39736] UL: SNR = 63.50 dB | SE = 20.778 bit/s/Hz
[21843 ms] [UE 39736] UL: SNR = 63.50 dB | SE = 20.778 bit/s/Hz
[21943 ms] [UE 39736] UL: SNR = 63.50 dB | SE = 20.778 bit/s/Hz
[22043 ms] [UE 39736] UL: SNR = 63.50 dB | SE = 20.778 bit/s/Hz
[22143 ms] [UE 39736] UL: SNR = 63.50 dB | SE = 20.778 bit/s/Hz
[22252 ms] [UE 39736] UL: SNR = 63.50 dB | SE = 20.778 bit/s/Hz
[22353 ms] [UE 39736] UL: SNR = 63.50 dB | SE = 20.778 bit/s/Hz
[22463 ms] [UE 39736] UL: SNR = 63.50 dB | SE = 20.778 bit/s/Hz
[22563 ms] [UE 39736] UL: SNR = 63.50 dB | SE = 20.778 bit/s/Hz
[22663 ms] [UE 39736] UL: SNR = 63.50 dB | SE = 20.778 bit/s/Hz
[22772 ms] [UE 39736] UL: SNR = 63.50 dB | SE = 20.778 bit/s/Hz
[22883 ms] [UE 39736] UL: SNR = 63.50 dB | SE = 20.778 bit/s/Hz
[22993 ms] [UE 39736] UL: SNR = 63.50 dB | SE = 20.778 bit/s/Hz
[23103 ms] [UE 39736] UL: SNR = 63.50 dB | SE = 20.778 bit/s/Hz
[23212 ms] [UE 39736] UL: SNR = 63.50 dB | SE = 20.778 bit/s/Hz
[23322 ms] [UE 39736] UL: SNR = 63.50 dB | SE = 20.778 bit/s/Hz
[23423 ms] [UE 39736] UL: SNR = 63.50 dB | SE = 20.778 bit/s/Hz
[23533 ms] [UE 39736] UL: SNR = 63.50 dB | SE = 20.778 bit/s/Hz
[23643 ms] [UE 39736] UL: SNR = 63.50 dB | SE = 20.778 bit/s/Hz
[23752 ms] [UE 39736] UL: SNR = 63.50 dB | SE = 20.778 bit/s/Hz
[23853 ms] [UE 39736] UL: SNR = 63.50 dB | SE = 20.778 bit/s/Hz
[23963 ms] [UE 39736] UL: SNR = 63.50 dB | SE = 20.778 bit/s/Hz
[24073 ms] [UE 39736] UL: SNR = 63.50 dB | SE = 20.778 bit/s/Hz
[24183 ms] [UE 39736] UL: SNR = 63.50 dB | SE = 20.778 bit/s/Hz
[24283 ms] [UE 39736] UL: SNR = 63.50 dB | SE = 20.778 bit/s/Hz
[24393 ms] [UE 39736] UL: SNR = 63.50 dB | SE = 20.778 bit/s/Hz
[24493 ms] [UE 39736] UL: SNR = 63.50 dB | SE = 20.778 bit/s/Hz
[24603 ms] [UE 39736] UL: SNR = 63.50 dB | SE = 20.778 bit/s/Hz
[24703 ms] [UE 39736] UL: SNR = 63.50 dB | SE = 20.778 bit/s/Hz
[24803 ms] [UE 39736] UL: SNR = 63.50 dB | SE = 20.778 bit/s/Hz
[24903 ms] [UE 39736] UL: SNR = 63.50 dB | SE = 20.778 bit/s/Hz
[25004 ms] [UE 39736] UL: SNR = 63.50 dB | SE = 20.778 bit/s/Hz
[25113 ms] [UE 39736] UL: SNR = 63.50 dB | SE = 20.778 bit/s/Hz
[25223 ms] [UE 39736] UL: SNR = 63.50 dB | SE = 20.778 bit/s/Hz
[25323 ms] [UE 39736] UL: SNR = 63.50 dB | SE = 20.778 bit/s/Hz
[25433 ms] [UE 39736] UL: SNR = 63.50 dB | SE = 20.778 bit/s/Hz
[25533 ms] [UE 39736] UL: SNR = 63.50 dB | SE = 20.778 bit/s/Hz
[25643 ms] [UE 39736] UL: SNR = 63.50 dB | SE = 20.778 bit/s/Hz
[25753 ms] [UE 39736] UL: SNR = 63.50 dB | SE = 20.778 bit/s/Hz
[25863 ms] [UE 39736] UL: SNR = 63.50 dB | SE = 20.778 bit/s/Hz
[25973 ms] [UE 39736] UL: SNR = 63.50 dB | SE = 20.778 bit/s/Hz
[26073 ms] [UE 39736] UL: SNR = 63.50 dB | SE = 20.778 bit/s/Hz
[26183 ms] [UE 39736] UL: SNR = 63.50 dB | SE = 20.778 bit/s/Hz
[26293 ms] [UE 39736] UL: SNR = 63.50 dB | SE = 20.778 bit/s/Hz
[26403 ms] [UE 39736] UL: SNR = 63.50 dB | SE = 20.778 bit/s/Hz
[26513 ms] [UE 39736] UL: SNR = 63.50 dB | SE = 20.778 bit/s/Hz
[26623 ms] [UE 39736] UL: SNR = 63.50 dB | SE = 20.778 bit/s/Hz
[26723 ms] [UE 39736] UL: SNR = 63.50 dB | SE = 20.778 bit/s/Hz
[26833 ms] [UE 39736] UL: SNR = 63.50 dB | SE = 20.778 bit/s/Hz
[26933 ms] [UE 39736] UL: SNR = 63.50 dB | SE = 20.778 bit/s/Hz
[27033 ms] [UE 39736] UL: SNR = 63.50 dB | SE = 20.778 bit/s/Hz
[27143 ms] [UE 39736] UL: SNR = 63.50 dB | SE = 20.778 bit/s/Hz
[27243 ms] [UE 39736] UL: SNR = 63.50 dB | SE = 20.778 bit/s/Hz
[27352 ms] [UE 39736] UL: SNR = 63.50 dB | SE = 20.778 bit/s/Hz
[27453 ms] [UE 39736] UL: SNR = 63.50 dB | SE = 20.778 bit/s/Hz
[27553 ms] [UE 39736] UL: SNR = 63.50 dB | SE = 20.778 bit/s/Hz
[27663 ms] [UE 39736] UL: SNR = 63.50 dB | SE = 20.778 bit/s/Hz
[27773 ms] [UE 39736] UL: SNR = 63.50 dB | SE = 20.778 bit/s/Hz
[27883 ms] [UE 39736] UL: SNR = 63.50 dB | SE = 20.778 bit/s/Hz
[27983 ms] [UE 39736] UL: SNR = 63.50 dB | SE = 20.778 bit/s/Hz
[28093 ms] [UE 39736] UL: SNR = 63.50 dB | SE = 20.778 bit/s/Hz
[28193 ms] [UE 39736] UL: SNR = 63.50 dB | SE = 20.778 bit/s/Hz
[28303 ms] [UE 39736] UL: SNR = 63.50 dB | SE = 20.778 bit/s/Hz
[28413 ms] [UE 39736] UL: SNR = 63.50 dB | SE = 20.778 bit/s/Hz
[28523 ms] [UE 39736] UL: SNR = 63.50 dB | SE = 20.778 bit/s/Hz
[28623 ms] [UE 39736] UL: SNR = 63.50 dB | SE = 20.778 bit/s/Hz
[28733 ms] [UE 39736] UL: SNR = 63.50 dB | SE = 20.778 bit/s/Hz
[28843 ms] [UE 39736] UL: SNR = 63.50 dB | SE = 20.778 bit/s/Hz
[28953 ms] [UE 39736] UL: SNR = 63.50 dB | SE = 20.778 bit/s/Hz
[29053 ms] [UE 39736] UL: SNR = 63.50 dB | SE = 20.778 bit/s/Hz
[29163 ms] [UE 39736] UL: SNR = 63.50 dB | SE = 20.778 bit/s/Hz
[29273 ms] [UE 39736] UL: SNR = 63.50 dB | SE = 20.778 bit/s/Hz
[29382 ms] [UE 39736] UL: SNR = 63.50 dB | SE = 20.778 bit/s/Hz
[29483 ms] [UE 39736] UL: SNR = 63.50 dB | SE = 20.778 bit/s/Hz
[29593 ms] [UE 39736] UL: SNR = 63.50 dB | SE = 20.778 bit/s/Hz
[29703 ms] [UE 39736] UL: SNR = 63.50 dB | SE = 20.778 bit/s/Hz
[29813 ms] [UE 39736] UL: SNR = 63.50 dB | SE = 20.778 bit/s/Hz
[29913 ms] [UE 39736] UL: SNR = 63.50 dB | SE = 20.778 bit/s/Hz
[30013 ms] [UE 39736] UL: SNR = 63.50 dB | SE = 20.778 bit/s/Hz
[30123 ms] [UE 39736] UL: SNR = 63.50 dB | SE = 20.778 bit/s/Hz
[30223 ms] [UE 39736] UL: SNR = 63.50 dB | SE = 20.778 bit/s/Hz
[30323 ms] [UE 39736] UL: SNR = 63.50 dB | SE = 20.778 bit/s/Hz
[30433 ms] [UE 39736] UL: SNR = 63.50 dB | SE = 20.778 bit/s/Hz
[30533 ms] [UE 39736] UL: SNR = 63.50 dB | SE = 20.778 bit/s/Hz
[30633 ms] [UE 39736] UL: SNR = 63.50 dB | SE = 20.778 bit/s/Hz
[30733 ms] [UE 39736] UL: SNR = 63.50 dB | SE = 20.778 bit/s/Hz
[30843 ms] [UE 39736] UL: SNR = 63.50 dB | SE = 20.778 bit/s/Hz
[30943 ms] [UE 39736] UL: SNR = 63.50 dB | SE = 20.778 bit/s/Hz
[31043 ms] [UE 39736] UL: SNR = 63.50 dB | SE = 20.778 bit/s/Hz
[31153 ms] [UE 39736] UL: SNR = 63.50 dB | SE = 20.778 bit/s/Hz
[31253 ms] [UE 39736] UL: SNR = 63.50 dB | SE = 20.778 bit/s/Hz
[31363 ms] [UE 39736] UL: SNR = 63.50 dB | SE = 20.778 bit/s/Hz
[31463 ms] [UE 39736] UL: SNR = 63.50 dB | SE = 20.778 bit/s/Hz
[31563 ms] [UE 39736] UL: SNR = 63.50 dB | SE = 20.778 bit/s/Hz
[31673 ms] [UE 39736] UL: SNR = 63.50 dB | SE = 20.778 bit/s/Hz
[31773 ms] [UE 39736] UL: SNR = 63.50 dB | SE = 20.778 bit/s/Hz
[31883 ms] [UE 39736] UL: SNR = 63.50 dB | SE = 20.778 bit/s/Hz
[31983 ms] [UE 39736] UL: SNR = 63.50 dB | SE = 20.778 bit/s/Hz
[32083 ms] [UE 39736] UL: SNR = 63.50 dB | SE = 20.778 bit/s/Hz
[32193 ms] [UE 39736] UL: SNR = 63.50 dB | SE = 20.778 bit/s/Hz
[32293 ms] [UE 39736] UL: SNR = 63.50 dB | SE = 20.778 bit/s/Hz
[32403 ms] [UE 39736] UL: SNR = 63.50 dB | SE = 20.778 bit/s/Hz
[32503 ms] [UE 39736] UL: SNR = 63.50 dB | SE = 20.778 bit/s/Hz
[32603 ms] [UE 39736] UL: SNR = 63.50 dB | SE = 20.778 bit/s/Hz
[32713 ms] [UE 39736] UL: SNR = 63.50 dB | SE = 20.778 bit/s/Hz
[32823 ms] [UE 39736] UL: SNR = 63.50 dB | SE = 20.778 bit/s/Hz
[32923 ms] [UE 39736] UL: SNR = 63.50 dB | SE = 20.778 bit/s/Hz
[33023 ms] [UE 39736] UL: SNR = 63.50 dB | SE = 20.778 bit/s/Hz
[33133 ms] [UE 39736] UL: SNR = 63.50 dB | SE = 20.778 bit/s/Hz
[33243 ms] [UE 39736] UL: SNR = 63.50 dB | SE = 20.778 bit/s/Hz
[33343 ms] [UE 39736] UL: SNR = 63.50 dB | SE = 20.778 bit/s/Hz
[33443 ms] [UE 39736] UL: SNR = 63.50 dB | SE = 20.778 bit/s/Hz
[33543 ms] [UE 39736] UL: SNR = 63.50 dB | SE = 20.778 bit/s/Hz
[33643 ms] [UE 39736] UL: SNR = 63.50 dB | SE = 20.778 bit/s/Hz
[33743 ms] [UE 39736] UL: SNR = 63.50 dB | SE = 20.778 bit/s/Hz
[33843 ms] [UE 39736] UL: SNR = 63.50 dB | SE = 20.778 bit/s/Hz
[33953 ms] [UE 39736] UL: SNR = 63.50 dB | SE = 20.778 bit/s/Hz
[34053 ms] [UE 39736] UL: SNR = 63.50 dB | SE = 20.778 bit/s/Hz
[34153 ms] [UE 39736] UL: SNR = 63.50 dB | SE = 20.778 bit/s/Hz
[34263 ms] [UE 39736] UL: SNR = 63.50 dB | SE = 20.778 bit/s/Hz
[34363 ms] [UE 39736] UL: SNR = 63.50 dB | SE = 20.778 bit/s/Hz
[34464 ms] [UE 39736] UL: SNR = 63.50 dB | SE = 20.778 bit/s/Hz
[34573 ms] [UE 39736] UL: SNR = 63.50 dB | SE = 20.778 bit/s/Hz
[34673 ms] [UE 39736] UL: SNR = 63.50 dB | SE = 20.778 bit/s/Hz
[34783 ms] [UE 39736] UL: SNR = 63.50 dB | SE = 20.778 bit/s/Hz
[34893 ms] [UE 39736] UL: SNR = 63.50 dB | SE = 20.778 bit/s/Hz
[34993 ms] [UE 39736] UL: SNR = 63.50 dB | SE = 20.778 bit/s/Hz
[35093 ms] [UE 39736] UL: SNR = 63.50 dB | SE = 20.778 bit/s/Hz
[35203 ms] [UE 39736] UL: SNR = 63.50 dB | SE = 20.778 bit/s/Hz
[35313 ms] [UE 39736] UL: SNR = 63.50 dB | SE = 20.778 bit/s/Hz
[35423 ms] [UE 39736] UL: SNR = 63.50 dB | SE = 20.778 bit/s/Hz
[35523 ms] [UE 39736] UL: SNR = 63.50 dB | SE = 20.778 bit/s/Hz
[35633 ms] [UE 39736] UL: SNR = 63.50 dB | SE = 20.778 bit/s/Hz
[35743 ms] [UE 39736] UL: SNR = 63.50 dB | SE = 20.778 bit/s/Hz
[35843 ms] [UE 39736] UL: SNR = 63.50 dB | SE = 20.778 bit/s/Hz
[35953 ms] [UE 39736] UL: SNR = 63.50 dB | SE = 20.778 bit/s/Hz
[36053 ms] [UE 39736] UL: SNR = 63.50 dB | SE = 20.778 bit/s/Hz
[36163 ms] [UE 39736] UL: SNR = 63.50 dB | SE = 20.778 bit/s/Hz
[36273 ms] [UE 39736] UL: SNR = 63.50 dB | SE = 20.778 bit/s/Hz
[36383 ms] [UE 39736] UL: SNR = 63.50 dB | SE = 20.778 bit/s/Hz
[36483 ms] [UE 39736] UL: SNR = 63.50 dB | SE = 20.778 bit/s/Hz
[36583 ms] [UE 39736] UL: SNR = 63.50 dB | SE = 20.778 bit/s/Hz
[36693 ms] [UE 39736] UL: SNR = 63.50 dB | SE = 20.778 bit/s/Hz
[36793 ms] [UE 39736] UL: SNR = 63.50 dB | SE = 20.778 bit/s/Hz
[36903 ms] [UE 39736] UL: SNR = 63.50 dB | SE = 20.778 bit/s/Hz
[37013 ms] [UE 39736] UL: SNR = 63.50 dB | SE = 20.778 bit/s/Hz
[37123 ms] [UE 39736] UL: SNR = 63.50 dB | SE = 20.778 bit/s/Hz
[37223 ms] [UE 39736] UL: SNR = 63.50 dB | SE = 20.778 bit/s/Hz
[37333 ms] [UE 39736] UL: SNR = 63.50 dB | SE = 20.778 bit/s/Hz
[37443 ms] [UE 39736] UL: SNR = 63.50 dB | SE = 20.778 bit/s/Hz
[37543 ms] [UE 39736] UL: SNR = 63.50 dB | SE = 20.778 bit/s/Hz
[37643 ms] [UE 39736] UL: SNR = 63.50 dB | SE = 20.778 bit/s/Hz
[37753 ms] [UE 39736] UL: SNR = 63.50 dB | SE = 20.778 bit/s/Hz
[37863 ms] [UE 39736] UL: SNR = 63.50 dB | SE = 20.778 bit/s/Hz
[37963 ms] [UE 39736] UL: SNR = 63.50 dB | SE = 20.778 bit/s/Hz
[38073 ms] [UE 39736] UL: SNR = 63.50 dB | SE = 20.778 bit/s/Hz
[38183 ms] [UE 39736] UL: SNR = 63.50 dB | SE = 20.778 bit/s/Hz
[38283 ms] [UE 39736] UL: SNR = 63.50 dB | SE = 20.778 bit/s/Hz
[38383 ms] [UE 39736] UL: SNR = 63.50 dB | SE = 20.778 bit/s/Hz
[38493 ms] [UE 39736] UL: SNR = 63.50 dB | SE = 20.778 bit/s/Hz
[38593 ms] [UE 39736] UL: SNR = 63.50 dB | SE = 20.778 bit/s/Hz
[38693 ms] [UE 39736] UL: SNR = 63.50 dB | SE = 20.778 bit/s/Hz
[38793 ms] [UE 39736] UL: SNR = 63.50 dB | SE = 20.778 bit/s/Hz
[38903 ms] [UE 39736] UL: SNR = 63.50 dB | SE = 20.778 bit/s/Hz
[39003 ms] [UE 39736] UL: SNR = 63.50 dB | SE = 20.778 bit/s/Hz
[39113 ms] [UE 39736] UL: SNR = 63.50 dB | SE = 20.778 bit/s/Hz
[39213 ms] [UE 39736] UL: SNR = 63.50 dB | SE = 20.778 bit/s/Hz
[39323 ms] [UE 39736] UL: SNR = 63.50 dB | SE = 20.778 bit/s/Hz
[39423 ms] [UE 39736] UL: SNR = 63.50 dB | SE = 20.778 bit/s/Hz
[39523 ms] [UE 39736] UL: SNR = 63.50 dB | SE = 20.778 bit/s/Hz
[39623 ms] [UE 39736] UL: SNR = 63.50 dB | SE = 20.778 bit/s/Hz
[39723 ms] [UE 39736] UL: SNR = 63.50 dB | SE = 20.778 bit/s/Hz
[39833 ms] [UE 39736] UL: SNR = 63.50 dB | SE = 20.778 bit/s/Hz
[39933 ms] [UE 39736] UL: SNR = 63.50 dB | SE = 20.778 bit/s/Hz
[40043 ms] [UE 39736] UL: SNR = 63.50 dB | SE = 20.778 bit/s/Hz
[40143 ms] [UE 39736] UL: SNR = 63.50 dB | SE = 20.778 bit/s/Hz
[40253 ms] [UE 39736] UL: SNR = 63.50 dB | SE = 20.778 bit/s/Hz
[40363 ms] [UE 39736] UL: SNR = 63.50 dB | SE = 20.778 bit/s/Hz
[40473 ms] [UE 39736] UL: SNR = 63.50 dB | SE = 20.778 bit/s/Hz
[40573 ms] [UE 39736] UL: SNR = 63.50 dB | SE = 20.778 bit/s/Hz
[40683 ms] [UE 39736] UL: SNR = 63.50 dB | SE = 20.778 bit/s/Hz
[40793 ms] [UE 39736] UL: SNR = 63.50 dB | SE = 20.778 bit/s/Hz
[40893 ms] [UE 39736] UL: SNR = 63.50 dB | SE = 20.778 bit/s/Hz
[41003 ms] [UE 39736] UL: SNR = 63.50 dB | SE = 20.778 bit/s/Hz
[41113 ms] [UE 39736] UL: SNR = 63.50 dB | SE = 20.778 bit/s/Hz
[41223 ms] [UE 39736] UL: SNR = 63.50 dB | SE = 20.778 bit/s/Hz
[41323 ms] [UE 39736] UL: SNR = 63.50 dB | SE = 20.778 bit/s/Hz
[41423 ms] [UE 39736] UL: SNR = 63.50 dB | SE = 20.778 bit/s/Hz
[41523 ms] [UE 39736] UL: SNR = 63.50 dB | SE = 20.778 bit/s/Hz
[41633 ms] [UE 39736] UL: SNR = 63.50 dB | SE = 20.778 bit/s/Hz
[41743 ms] [UE 39736] UL: SNR = 63.50 dB | SE = 20.778 bit/s/Hz
[41853 ms] [UE 39736] UL: SNR = 63.50 dB | SE = 20.778 bit/s/Hz
[41953 ms] [UE 39736] UL: SNR = 63.50 dB | SE = 20.778 bit/s/Hz
[42053 ms] [UE 39736] UL: SNR = 63.50 dB | SE = 20.778 bit/s/Hz
[42163 ms] [UE 39736] UL: SNR = 63.50 dB | SE = 20.778 bit/s/Hz
[42273 ms] [UE 39736] UL: SNR = 63.50 dB | SE = 20.778 bit/s/Hz
[42383 ms] [UE 39736] UL: SNR = 63.50 dB | SE = 20.778 bit/s/Hz
[42483 ms] [UE 39736] UL: SNR = 63.50 dB | SE = 20.778 bit/s/Hz
[42583 ms] [UE 39736] UL: SNR = 63.50 dB | SE = 20.778 bit/s/Hz
[42693 ms] [UE 39736] UL: SNR = 63.50 dB | SE = 20.778 bit/s/Hz
[42793 ms] [UE 39736] UL: SNR = 63.50 dB | SE = 20.778 bit/s/Hz
[42903 ms] [UE 39736] UL: SNR = 63.50 dB | SE = 20.778 bit/s/Hz
[43003 ms] [UE 39736] UL: SNR = 63.50 dB | SE = 20.778 bit/s/Hz
[43113 ms] [UE 39736] UL: SNR = 63.50 dB | SE = 20.778 bit/s/Hz
[43213 ms] [UE 39736] UL: SNR = 63.50 dB | SE = 20.778 bit/s/Hz
[43313 ms] [UE 39736] UL: SNR = 63.50 dB | SE = 20.778 bit/s/Hz
[43423 ms] [UE 39736] UL: SNR = 63.50 dB | SE = 20.778 bit/s/Hz
[43533 ms] [UE 39736] UL: SNR = 63.50 dB | SE = 20.778 bit/s/Hz
[43633 ms] [UE 39736] UL: SNR = 63.50 dB | SE = 20.778 bit/s/Hz
[43743 ms] [UE 39736] UL: SNR = 63.50 dB | SE = 20.778 bit/s/Hz
[43843 ms] [UE 39736] UL: SNR = 63.50 dB | SE = 20.778 bit/s/Hz
[43953 ms] [UE 39736] UL: SNR = 63.50 dB | SE = 20.778 bit/s/Hz
[44053 ms] [UE 39736] UL: SNR = 63.50 dB | SE = 20.778 bit/s/Hz
[44163 ms] [UE 39736] UL: SNR = 63.50 dB | SE = 20.778 bit/s/Hz
[44263 ms] [UE 39736] UL: SNR = 63.50 dB | SE = 20.778 bit/s/Hz
[44363 ms] [UE 39736] UL: SNR = 63.50 dB | SE = 20.778 bit/s/Hz
[44473 ms] [UE 39736] UL: SNR = 63.50 dB | SE = 20.778 bit/s/Hz
[44583 ms] [UE 39736] UL: SNR = 63.50 dB | SE = 20.778 bit/s/Hz
[44683 ms] [UE 39736] UL: SNR = 63.50 dB | SE = 20.778 bit/s/Hz
[44793 ms] [UE 39736] UL: SNR = 63.50 dB | SE = 20.778 bit/s/Hz
[44903 ms] [UE 39736] UL: SNR = 63.50 dB | SE = 20.778 bit/s/Hz
[45004 ms] [UE 39736] UL: SNR = 63.50 dB | SE = 20.778 bit/s/Hz
[45113 ms] [UE 39736] UL: SNR = 63.50 dB | SE = 20.778 bit/s/Hz
[45223 ms] [UE 39736] UL: SNR = 63.50 dB | SE = 20.778 bit/s/Hz
[45333 ms] [UE 39736] UL: SNR = 63.50 dB | SE = 20.778 bit/s/Hz
[45443 ms] [UE 39736] UL: SNR = 63.50 dB | SE = 20.778 bit/s/Hz
[45543 ms] [UE 39736] UL: SNR = 63.50 dB | SE = 20.778 bit/s/Hz
[45653 ms] [UE 39736] UL: SNR = 63.50 dB | SE = 20.778 bit/s/Hz
[45753 ms] [UE 39736] UL: SNR = 63.50 dB | SE = 20.778 bit/s/Hz
[45853 ms] [UE 39736] UL: SNR = 63.50 dB | SE = 20.778 bit/s/Hz
[45963 ms] [UE 39736] UL: SNR = 63.50 dB | SE = 20.778 bit/s/Hz
[46073 ms] [UE 39736] UL: SNR = 63.50 dB | SE = 20.778 bit/s/Hz
[46183 ms] [UE 39736] UL: SNR = 63.50 dB | SE = 20.778 bit/s/Hz
[46293 ms] [UE 39736] UL: SNR = 63.50 dB | SE = 20.778 bit/s/Hz
[46393 ms] [UE 39736] UL: SNR = 63.50 dB | SE = 20.778 bit/s/Hz
[46503 ms] [UE 39736] UL: SNR = 63.50 dB | SE = 20.778 bit/s/Hz
[46613 ms] [UE 39736] UL: SNR = 63.50 dB | SE = 20.778 bit/s/Hz
[46713 ms] [UE 39736] UL: SNR = 63.50 dB | SE = 20.778 bit/s/Hz
[46823 ms] [UE 39736] UL: SNR = 63.50 dB | SE = 20.778 bit/s/Hz
[46923 ms] [UE 39736] UL: SNR = 63.50 dB | SE = 20.778 bit/s/Hz
[47033 ms] [UE 39736] UL: SNR = 63.50 dB | SE = 20.778 bit/s/Hz
[47143 ms] [UE 39736] UL: SNR = 63.50 dB | SE = 20.778 bit/s/Hz
[47243 ms] [UE 39736] UL: SNR = 63.50 dB | SE = 20.778 bit/s/Hz
[47353 ms] [UE 39736] UL: SNR = 63.50 dB | SE = 20.778 bit/s/Hz
[47453 ms] [UE 39736] UL: SNR = 63.50 dB | SE = 20.778 bit/s/Hz
[47563 ms] [UE 39736] UL: SNR = 63.50 dB | SE = 20.778 bit/s/Hz
[47664 ms] [UE 39736] UL: SNR = 63.50 dB | SE = 20.778 bit/s/Hz
[47773 ms] [UE 39736] UL: SNR = 63.50 dB | SE = 20.778 bit/s/Hz
[47873 ms] [UE 39736] UL: SNR = 63.50 dB | SE = 20.778 bit/s/Hz
[47983 ms] [UE 39736] UL: SNR = 63.50 dB | SE = 20.778 bit/s/Hz
[48093 ms] [UE 39736] UL: SNR = 63.50 dB | SE = 20.778 bit/s/Hz
[48203 ms] [UE 39736] UL: SNR = 63.50 dB | SE = 20.778 bit/s/Hz
[48303 ms] [UE 39736] UL: SNR = 63.50 dB | SE = 20.778 bit/s/Hz
[48413 ms] [UE 39736] UL: SNR = 63.50 dB | SE = 20.778 bit/s/Hz
[48523 ms] [UE 39736] UL: SNR = 63.50 dB | SE = 20.778 bit/s/Hz
[48623 ms] [UE 39736] UL: SNR = 63.50 dB | SE = 20.778 bit/s/Hz
[48724 ms] [UE 39736] UL: SNR = 63.50 dB | SE = 20.778 bit/s/Hz
[48833 ms] [UE 39736] UL: SNR = 63.50 dB | SE = 20.778 bit/s/Hz
[48933 ms] [UE 39736] UL: SNR = 63.50 dB | SE = 20.778 bit/s/Hz
[49043 ms] [UE 39736] UL: SNR = 63.50 dB | SE = 20.778 bit/s/Hz
[49153 ms] [UE 39736] UL: SNR = 63.50 dB | SE = 20.778 bit/s/Hz
[49263 ms] [UE 39736] UL: SNR = 63.50 dB | SE = 20.778 bit/s/Hz
[49373 ms] [UE 39736] UL: SNR = 63.50 dB | SE = 20.778 bit/s/Hz
[49473 ms] [UE 39736] UL: SNR = 63.50 dB | SE = 20.778 bit/s/Hz
[49573 ms] [UE 39736] UL: SNR = 63.50 dB | SE = 20.778 bit/s/Hz
[49683 ms] [UE 39736] UL: SNR = 63.50 dB | SE = 20.778 bit/s/Hz
[49783 ms] [UE 39736] UL: SNR = 63.50 dB | SE = 20.778 bit/s/Hz
[49883 ms] [UE 39736] UL: SNR = 63.50 dB | SE = 20.778 bit/s/Hz
[49993 ms] [UE 39736] UL: SNR = 63.50 dB | SE = 20.778 bit/s/Hz
[50093 ms] [UE 39736] UL: SNR = 63.50 dB | SE = 20.778 bit/s/Hz
[50203 ms] [UE 39736] UL: SNR = 63.50 dB | SE = 20.778 bit/s/Hz
[50303 ms] [UE 39736] UL: SNR = 63.50 dB | SE = 20.778 bit/s/Hz
[50403 ms] [UE 39736] UL: SNR = 63.50 dB | SE = 20.778 bit/s/Hz
[50513 ms] [UE 39736] UL: SNR = 63.50 dB | SE = 20.778 bit/s/Hz
[50623 ms] [UE 39736] UL: SNR = 63.50 dB | SE = 20.778 bit/s/Hz
[50723 ms] [UE 39736] UL: SNR = 63.50 dB | SE = 20.778 bit/s/Hz
[50833 ms] [UE 39736] UL: SNR = 63.50 dB | SE = 20.778 bit/s/Hz
[50933 ms] [UE 39736] UL: SNR = 63.50 dB | SE = 20.778 bit/s/Hz
[51043 ms] [UE 39736] UL: SNR = 63.50 dB | SE = 20.778 bit/s/Hz
[51153 ms] [UE 39736] UL: SNR = 63.50 dB | SE = 20.778 bit/s/Hz
[51253 ms] [UE 39736] UL: SNR = 63.50 dB | SE = 20.778 bit/s/Hz
[51363 ms] [UE 39736] UL: SNR = 63.50 dB | SE = 20.778 bit/s/Hz
[51473 ms] [UE 39736] UL: SNR = 63.50 dB | SE = 20.778 bit/s/Hz
[51573 ms] [UE 39736] UL: SNR = 63.50 dB | SE = 20.778 bit/s/Hz
[51683 ms] [UE 39736] UL: SNR = 63.50 dB | SE = 20.778 bit/s/Hz
[51793 ms] [UE 39736] UL: SNR = 63.50 dB | SE = 20.778 bit/s/Hz
[51893 ms] [UE 39736] UL: SNR = 63.50 dB | SE = 20.778 bit/s/Hz
[52003 ms] [UE 39736] UL: SNR = 63.50 dB | SE = 20.778 bit/s/Hz
[52103 ms] [UE 39736] UL: SNR = 63.50 dB | SE = 20.778 bit/s/Hz
[52213 ms] [UE 39736] UL: SNR = 63.50 dB | SE = 20.778 bit/s/Hz
[52313 ms] [UE 39736] UL: SNR = 63.50 dB | SE = 20.778 bit/s/Hz
[52423 ms] [UE 39736] UL: SNR = 63.50 dB | SE = 20.778 bit/s/Hz
[52523 ms] [UE 39736] UL: SNR = 63.50 dB | SE = 20.778 bit/s/Hz
[52633 ms] [UE 39736] UL: SNR = 63.50 dB | SE = 20.778 bit/s/Hz
[52733 ms] [UE 39736] UL: SNR = 63.50 dB | SE = 20.778 bit/s/Hz
[52843 ms] [UE 39736] UL: SNR = 63.50 dB | SE = 20.778 bit/s/Hz
[52943 ms] [UE 39736] UL: SNR = 63.50 dB | SE = 20.778 bit/s/Hz
[53053 ms] [UE 39736] UL: SNR = 63.50 dB | SE = 20.778 bit/s/Hz
[53153 ms] [UE 39736] UL: SNR = 63.50 dB | SE = 20.778 bit/s/Hz
[53253 ms] [UE 39736] UL: SNR = 63.50 dB | SE = 20.778 bit/s/Hz
[53363 ms] [UE 39736] UL: SNR = 63.50 dB | SE = 20.778 bit/s/Hz
[53463 ms] [UE 39736] UL: SNR = 63.50 dB | SE = 20.778 bit/s/Hz
[53573 ms] [UE 39736] UL: SNR = 63.50 dB | SE = 20.778 bit/s/Hz
[53683 ms] [UE 39736] UL: SNR = 63.50 dB | SE = 20.778 bit/s/Hz
[53793 ms] [UE 39736] UL: SNR = 63.50 dB | SE = 20.778 bit/s/Hz
[53903 ms] [UE 39736] UL: SNR = 63.50 dB | SE = 20.778 bit/s/Hz
[54013 ms] [UE 39736] UL: SNR = 63.50 dB | SE = 20.778 bit/s/Hz
[54123 ms] [UE 39736] UL: SNR = 63.50 dB | SE = 20.778 bit/s/Hz
[54223 ms] [UE 39736] UL: SNR = 63.50 dB | SE = 20.778 bit/s/Hz
[54333 ms] [UE 39736] UL: SNR = 63.50 dB | SE = 20.778 bit/s/Hz
[54433 ms] [UE 39736] UL: SNR = 63.50 dB | SE = 20.778 bit/s/Hz
[54533 ms] [UE 39736] UL: SNR = 63.50 dB | SE = 20.778 bit/s/Hz
[54643 ms] [UE 39736] UL: SNR = 63.50 dB | SE = 20.778 bit/s/Hz
[54753 ms] [UE 39736] UL: SNR = 63.50 dB | SE = 20.778 bit/s/Hz
[54863 ms] [UE 39736] UL: SNR = 63.50 dB | SE = 20.778 bit/s/Hz
[54973 ms] [UE 39736] UL: SNR = 63.50 dB | SE = 20.778 bit/s/Hz
[55073 ms] [UE 39736] UL: SNR = 63.50 dB | SE = 20.778 bit/s/Hz
[55183 ms] [UE 39736] UL: SNR = 63.50 dB | SE = 20.778 bit/s/Hz
[55293 ms] [UE 39736] UL: SNR = 63.50 dB | SE = 20.778 bit/s/Hz
[55403 ms] [UE 39736] UL: SNR = 63.50 dB | SE = 20.778 bit/s/Hz
[55513 ms] [UE 39736] UL: SNR = 63.50 dB | SE = 20.778 bit/s/Hz
[55613 ms] [UE 39736] UL: SNR = 63.50 dB | SE = 20.778 bit/s/Hz
[55713 ms] [UE 39736] UL: SNR = 63.50 dB | SE = 20.778 bit/s/Hz
[55813 ms] [UE 39736] UL: SNR = 63.50 dB | SE = 20.778 bit/s/Hz
[55913 ms] [UE 39736] UL: SNR = 63.50 dB | SE = 20.778 bit/s/Hz
[56023 ms] [UE 39736] UL: SNR = 63.50 dB | SE = 20.778 bit/s/Hz
[56123 ms] [UE 39736] UL: SNR = 63.50 dB | SE = 20.778 bit/s/Hz
[56233 ms] [UE 39736] UL: SNR = 63.50 dB | SE = 20.778 bit/s/Hz
[56343 ms] [UE 39736] UL: SNR = 63.50 dB | SE = 20.778 bit/s/Hz
[56443 ms] [UE 39736] UL: SNR = 63.50 dB | SE = 20.778 bit/s/Hz
[56543 ms] [UE 39736] UL: SNR = 63.50 dB | SE = 20.778 bit/s/Hz
[56643 ms] [UE 39736] UL: SNR = 63.50 dB | SE = 20.778 bit/s/Hz
[56753 ms] [UE 39736] UL: SNR = 63.50 dB | SE = 20.778 bit/s/Hz
[56863 ms] [UE 39736] UL: SNR = 63.50 dB | SE = 20.778 bit/s/Hz
[56973 ms] [UE 39736] UL: SNR = 63.50 dB | SE = 20.778 bit/s/Hz
[57083 ms] [UE 39736] UL: SNR = 63.50 dB | SE = 20.778 bit/s/Hz
[57183 ms] [UE 39736] UL: SNR = 63.50 dB | SE = 20.778 bit/s/Hz
[57293 ms] [UE 39736] UL: SNR = 63.50 dB | SE = 20.778 bit/s/Hz
[57403 ms] [UE 39736] UL: SNR = 63.50 dB | SE = 20.778 bit/s/Hz
[57513 ms] [UE 39736] UL: SNR = 63.50 dB | SE = 20.778 bit/s/Hz
[57623 ms] [UE 39736] UL: SNR = 63.50 dB | SE = 20.778 bit/s/Hz
[57723 ms] [UE 39736] UL: SNR = 63.50 dB | SE = 20.778 bit/s/Hz
[57833 ms] [UE 39736] UL: SNR = 63.50 dB | SE = 20.778 bit/s/Hz
[57943 ms] [UE 39736] UL: SNR = 63.50 dB | SE = 20.778 bit/s/Hz
[58053 ms] [UE 39736] UL: SNR = 63.50 dB | SE = 20.778 bit/s/Hz
[58163 ms] [UE 39736] UL: SNR = 63.50 dB | SE = 20.778 bit/s/Hz
[58263 ms] [UE 39736] UL: SNR = 63.50 dB | SE = 20.778 bit/s/Hz
[58363 ms] [UE 39736] UL: SNR = 63.50 dB | SE = 20.778 bit/s/Hz
[58473 ms] [UE 39736] UL: SNR = 63.50 dB | SE = 20.778 bit/s/Hz
[58583 ms] [UE 39736] UL: SNR = 63.50 dB | SE = 20.778 bit/s/Hz
[58683 ms] [UE 39736] UL: SNR = 63.50 dB | SE = 20.778 bit/s/Hz
[58793 ms] [UE 39736] UL: SNR = 63.50 dB | SE = 20.778 bit/s/Hz
[58893 ms] [UE 39736] UL: SNR = 63.50 dB | SE = 20.778 bit/s/Hz
[58993 ms] [UE 39736] UL: SNR = 63.50 dB | SE = 20.778 bit/s/Hz
[59093 ms] [UE 39736] UL: SNR = 63.50 dB | SE = 20.778 bit/s/Hz
[59203 ms] [UE 39736] UL: SNR = 63.50 dB | SE = 20.778 bit/s/Hz
[59313 ms] [UE 39736] UL: SNR = 63.50 dB | SE = 20.778 bit/s/Hz
[59423 ms] [UE 39736] UL: SNR = 63.50 dB | SE = 20.778 bit/s/Hz
[59533 ms] [UE 39736] UL: SNR = 63.50 dB | SE = 20.778 bit/s/Hz
[59633 ms] [UE 39736] UL: SNR = 63.50 dB | SE = 20.778 bit/s/Hz
[59743 ms] [UE 39736] UL: SNR = 63.50 dB | SE = 20.778 bit/s/Hz
[59843 ms] [UE 39736] UL: SNR = 63.50 dB | SE = 20.778 bit/s/Hz
[59953 ms] [UE 39736] UL: SNR = 63.50 dB | SE = 20.778 bit/s/Hz
[60053 ms] [UE 39736] UL: SNR = 63.50 dB | SE = 20.778 bit/s/Hz
[60163 ms] [UE 39736] UL: SNR = 63.50 dB | SE = 20.778 bit/s/Hz
[60273 ms] [UE 39736] UL: SNR = 63.50 dB | SE = 20.778 bit/s/Hz
[60373 ms] [UE 39736] UL: SNR = 63.50 dB | SE = 20.778 bit/s/Hz
[60473 ms] [UE 39736] UL: SNR = 63.50 dB | SE = 20.778 bit/s/Hz
[60574 ms] [UE 39736] UL: SNR = 63.50 dB | SE = 20.778 bit/s/Hz
[60683 ms] [UE 39736] UL: SNR = 63.50 dB | SE = 20.778 bit/s/Hz
[60793 ms] [UE 39736] UL: SNR = 63.50 dB | SE = 20.778 bit/s/Hz
[60893 ms] [UE 39736] UL: SNR = 63.50 dB | SE = 20.778 bit/s/Hz
[60993 ms] [UE 39736] UL: SNR = 63.50 dB | SE = 20.778 bit/s/Hz
[61104 ms] [UE 39736] UL: SNR = 63.50 dB | SE = 20.778 bit/s/Hz
[61213 ms] [UE 39736] UL: SNR = 63.50 dB | SE = 20.778 bit/s/Hz
[61314 ms] [UE 39736] UL: SNR = 63.50 dB | SE = 20.778 bit/s/Hz
[61423 ms] [UE 39736] UL: SNR = 63.50 dB | SE = 20.778 bit/s/Hz
[61533 ms] [UE 39736] UL: SNR = 63.50 dB | SE = 20.778 bit/s/Hz
[61633 ms] [UE 39736] UL: SNR = 63.50 dB | SE = 20.778 bit/s/Hz
[61743 ms] [UE 39736] UL: SNR = 63.50 dB | SE = 20.778 bit/s/Hz
[61853 ms] [UE 39736] UL: SNR = 63.50 dB | SE = 20.778 bit/s/Hz
[61953 ms] [UE 39736] UL: SNR = 63.50 dB | SE = 20.778 bit/s/Hz
[62063 ms] [UE 39736] UL: SNR = 63.50 dB | SE = 20.778 bit/s/Hz
[62163 ms] [UE 39736] UL: SNR = 63.50 dB | SE = 20.778 bit/s/Hz
[62273 ms] [UE 39736] UL: SNR = 63.50 dB | SE = 20.778 bit/s/Hz
[62383 ms] [UE 39736] UL: SNR = 63.50 dB | SE = 20.778 bit/s/Hz
[62483 ms] [UE 39736] UL: SNR = 63.50 dB | SE = 20.778 bit/s/Hz
[62593 ms] [UE 39736] UL: SNR = 63.50 dB | SE = 20.778 bit/s/Hz
[62703 ms] [UE 39736] UL: SNR = 63.50 dB | SE = 20.778 bit/s/Hz
[62813 ms] [UE 39736] UL: SNR = 63.50 dB | SE = 20.778 bit/s/Hz
[62923 ms] [UE 39736] UL: SNR = 63.50 dB | SE = 20.778 bit/s/Hz
[63023 ms] [UE 39736] UL: SNR = 63.50 dB | SE = 20.778 bit/s/Hz
[63123 ms] [UE 39736] UL: SNR = 63.50 dB | SE = 20.778 bit/s/Hz
[63224 ms] [UE 39736] UL: SNR = 63.50 dB | SE = 20.778 bit/s/Hz
[63333 ms] [UE 39736] UL: SNR = 63.50 dB | SE = 20.778 bit/s/Hz
[63433 ms] [UE 39736] UL: SNR = 63.50 dB | SE = 20.778 bit/s/Hz
[63534 ms] [UE 39736] UL: SNR = 63.50 dB | SE = 20.778 bit/s/Hz
[63643 ms] [UE 39736] UL: SNR = 63.50 dB | SE = 20.778 bit/s/Hz
[63743 ms] [UE 39736] UL: SNR = 63.50 dB | SE = 20.778 bit/s/Hz
[63853 ms] [UE 39736] UL: SNR = 63.50 dB | SE = 20.778 bit/s/Hz
[63953 ms] [UE 39736] UL: SNR = 63.50 dB | SE = 20.778 bit/s/Hz
[64053 ms] [UE 39736] UL: SNR = 63.50 dB | SE = 20.778 bit/s/Hz
[64163 ms] [UE 39736] UL: SNR = 63.50 dB | SE = 20.778 bit/s/Hz
[64273 ms] [UE 39736] UL: SNR = 63.50 dB | SE = 20.778 bit/s/Hz
[64373 ms] [UE 39736] UL: SNR = 63.50 dB | SE = 20.778 bit/s/Hz
[64473 ms] [UE 39736] UL: SNR = 63.50 dB | SE = 20.778 bit/s/Hz
[64583 ms] [UE 39736] UL: SNR = 63.50 dB | SE = 20.778 bit/s/Hz
[64693 ms] [UE 39736] UL: SNR = 63.50 dB | SE = 20.778 bit/s/Hz
[64793 ms] [UE 39736] UL: SNR = 63.50 dB | SE = 20.778 bit/s/Hz
[64903 ms] [UE 39736] UL: SNR = 63.50 dB | SE = 20.778 bit/s/Hz
[65003 ms] [UE 39736] UL: SNR = 63.50 dB | SE = 20.778 bit/s/Hz
[65113 ms] [UE 39736] UL: SNR = 63.50 dB | SE = 20.778 bit/s/Hz
[65213 ms] [UE 39736] UL: SNR = 63.50 dB | SE = 20.778 bit/s/Hz
[65323 ms] [UE 39736] UL: SNR = 63.50 dB | SE = 20.778 bit/s/Hz
[65434 ms] [UE 39736] UL: SNR = 63.50 dB | SE = 20.778 bit/s/Hz
[65543 ms] [UE 39736] UL: SNR = 63.50 dB | SE = 20.778 bit/s/Hz
[65643 ms] [UE 39736] UL: SNR = 63.50 dB | SE = 20.778 bit/s/Hz
[65753 ms] [UE 39736] UL: SNR = 63.50 dB | SE = 20.778 bit/s/Hz
[65864 ms] [UE 39736] UL: SNR = 63.50 dB | SE = 20.778 bit/s/Hz
[65973 ms] [UE 39736] UL: SNR = 63.50 dB | SE = 20.778 bit/s/Hz
[66083 ms] [UE 39736] UL: SNR = 63.50 dB | SE = 20.778 bit/s/Hz
[66193 ms] [UE 39736] UL: SNR = 63.50 dB | SE = 20.778 bit/s/Hz
[66303 ms] [UE 39736] UL: SNR = 63.50 dB | SE = 20.778 bit/s/Hz
[66414 ms] [UE 39736] UL: SNR = 63.50 dB | SE = 20.778 bit/s/Hz
[66523 ms] [UE 39736] UL: SNR = 63.50 dB | SE = 20.778 bit/s/Hz
[66623 ms] [UE 39736] UL: SNR = 63.50 dB | SE = 20.778 bit/s/Hz
[66733 ms] [UE 39736] UL: SNR = 63.50 dB | SE = 20.778 bit/s/Hz
[66833 ms] [UE 39736] UL: SNR = 63.50 dB | SE = 20.778 bit/s/Hz
[66943 ms] [UE 39736] UL: SNR = 63.50 dB | SE = 20.778 bit/s/Hz
[67043 ms] [UE 39736] UL: SNR = 63.50 dB | SE = 20.778 bit/s/Hz
[67153 ms] [UE 39736] UL: SNR = 63.50 dB | SE = 20.778 bit/s/Hz
[67253 ms] [UE 39736] UL: SNR = 63.50 dB | SE = 20.778 bit/s/Hz
[67353 ms] [UE 39736] UL: SNR = 63.50 dB | SE = 20.778 bit/s/Hz
[67454 ms] [UE 39736] UL: SNR = 63.50 dB | SE = 20.778 bit/s/Hz
[67563 ms] [UE 39736] UL: SNR = 63.50 dB | SE = 20.778 bit/s/Hz
[67663 ms] [UE 39736] UL: SNR = 63.50 dB | SE = 20.778 bit/s/Hz
[67773 ms] [UE 39736] UL: SNR = 63.50 dB | SE = 20.778 bit/s/Hz
[67873 ms] [UE 39736] UL: SNR = 63.50 dB | SE = 20.778 bit/s/Hz
[67983 ms] [UE 39736] UL: SNR = 63.50 dB | SE = 20.778 bit/s/Hz
[68093 ms] [UE 39736] UL: SNR = 63.50 dB | SE = 20.778 bit/s/Hz
[68193 ms] [UE 39736] UL: SNR = 63.50 dB | SE = 20.778 bit/s/Hz
[68303 ms] [UE 39736] UL: SNR = 63.50 dB | SE = 20.778 bit/s/Hz
[68413 ms] [UE 39736] UL: SNR = 63.50 dB | SE = 20.778 bit/s/Hz
[68523 ms] [UE 39736] UL: SNR = 63.50 dB | SE = 20.778 bit/s/Hz
[68633 ms] [UE 39736] UL: SNR = 63.50 dB | SE = 20.778 bit/s/Hz
[68743 ms] [UE 39736] UL: SNR = 63.50 dB | SE = 20.778 bit/s/Hz
[68843 ms] [UE 39736] UL: SNR = 63.50 dB | SE = 20.778 bit/s/Hz
[68953 ms] [UE 39736] UL: SNR = 63.50 dB | SE = 20.778 bit/s/Hz
[69053 ms] [UE 39736] UL: SNR = 63.50 dB | SE = 20.778 bit/s/Hz
[69163 ms] [UE 39736] UL: SNR = 63.50 dB | SE = 20.778 bit/s/Hz
[69263 ms] [UE 39736] UL: SNR = 63.50 dB | SE = 20.778 bit/s/Hz
[69364 ms] [UE 39736] UL: SNR = 63.50 dB | SE = 20.778 bit/s/Hz
[69473 ms] [UE 39736] UL: SNR = 63.50 dB | SE = 20.778 bit/s/Hz
[69583 ms] [UE 39736] UL: SNR = 63.50 dB | SE = 20.778 bit/s/Hz
[69683 ms] [UE 39736] UL: SNR = 63.50 dB | SE = 20.778 bit/s/Hz
[69793 ms] [UE 39736] UL: SNR = 63.50 dB | SE = 20.778 bit/s/Hz
[69894 ms] [UE 39736] UL: SNR = 63.50 dB | SE = 20.778 bit/s/Hz
[70004 ms] [UE 39736] UL: SNR = 63.50 dB | SE = 20.778 bit/s/Hz
[70113 ms] [UE 39736] UL: SNR = 63.50 dB | SE = 20.778 bit/s/Hz
[70223 ms] [UE 39736] UL: SNR = 63.50 dB | SE = 20.778 bit/s/Hz
[70323 ms] [UE 39736] UL: SNR = 63.50 dB | SE = 20.778 bit/s/Hz
[70433 ms] [UE 39736] UL: SNR = 63.50 dB | SE = 20.778 bit/s/Hz
[70543 ms] [UE 39736] UL: SNR = 63.50 dB | SE = 20.778 bit/s/Hz
[70643 ms] [UE 39736] UL: SNR = 63.50 dB | SE = 20.778 bit/s/Hz
[70753 ms] [UE 39736] UL: SNR = 63.50 dB | SE = 20.778 bit/s/Hz
[70853 ms] [UE 39736] UL: SNR = 63.50 dB | SE = 20.778 bit/s/Hz
[70954 ms] [UE 39736] UL: SNR = 63.50 dB | SE = 20.778 bit/s/Hz
[71063 ms] [UE 39736] UL: SNR = 63.50 dB | SE = 20.778 bit/s/Hz
[71163 ms] [UE 39736] UL: SNR = 63.50 dB | SE = 20.778 bit/s/Hz
[71273 ms] [UE 39736] UL: SNR = 63.50 dB | SE = 20.778 bit/s/Hz
[71373 ms] [UE 39736] UL: SNR = 63.50 dB | SE = 20.778 bit/s/Hz
[71483 ms] [UE 39736] UL: SNR = 63.50 dB | SE = 20.778 bit/s/Hz
[71584 ms] [UE 39736] UL: SNR = 63.50 dB | SE = 20.778 bit/s/Hz
[71693 ms] [UE 39736] UL: SNR = 63.50 dB | SE = 20.778 bit/s/Hz
[71793 ms] [UE 39736] UL: SNR = 63.50 dB | SE = 20.778 bit/s/Hz
[71903 ms] [UE 39736] UL: SNR = 63.50 dB | SE = 20.778 bit/s/Hz
[72003 ms] [UE 39736] UL: SNR = 63.50 dB | SE = 20.778 bit/s/Hz
[72113 ms] [UE 39736] UL: SNR = 63.50 dB | SE = 20.778 bit/s/Hz
[72213 ms] [UE 39736] UL: SNR = 63.50 dB | SE = 20.778 bit/s/Hz
[72313 ms] [UE 39736] UL: SNR = 63.50 dB | SE = 20.778 bit/s/Hz
[72414 ms] [UE 39736] UL: SNR = 63.50 dB | SE = 20.778 bit/s/Hz
[72524 ms] [UE 39736] UL: SNR = 63.50 dB | SE = 20.778 bit/s/Hz
[72624 ms] [UE 39736] UL: SNR = 63.50 dB | SE = 20.778 bit/s/Hz
[72733 ms] [UE 39736] UL: SNR = 63.50 dB | SE = 20.778 bit/s/Hz
[72833 ms] [UE 39736] UL: SNR = 63.50 dB | SE = 20.778 bit/s/Hz
[72943 ms] [UE 39736] UL: SNR = 63.50 dB | SE = 20.778 bit/s/Hz
[73044 ms] [UE 39736] UL: SNR = 63.50 dB | SE = 20.778 bit/s/Hz
[73153 ms] [UE 39736] UL: SNR = 63.50 dB | SE = 20.778 bit/s/Hz
[73263 ms] [UE 39736] UL: SNR = 63.50 dB | SE = 20.778 bit/s/Hz
[73373 ms] [UE 39736] UL: SNR = 63.50 dB | SE = 20.778 bit/s/Hz
[73473 ms] [UE 39736] UL: SNR = 63.50 dB | SE = 20.778 bit/s/Hz
[73573 ms] [UE 39736] UL: SNR = 63.50 dB | SE = 20.778 bit/s/Hz
[73683 ms] [UE 39736] UL: SNR = 63.50 dB | SE = 20.778 bit/s/Hz
[73783 ms] [UE 39736] UL: SNR = 63.50 dB | SE = 20.778 bit/s/Hz
[73893 ms] [UE 39736] UL: SNR = 63.50 dB | SE = 20.778 bit/s/Hz
[73993 ms] [UE 39736] UL: SNR = 63.50 dB | SE = 20.778 bit/s/Hz
[74103 ms] [UE 39736] UL: SNR = 63.50 dB | SE = 20.778 bit/s/Hz
[74203 ms] [UE 39736] UL: SNR = 63.50 dB | SE = 20.778 bit/s/Hz
[74313 ms] [UE 39736] UL: SNR = 63.50 dB | SE = 20.778 bit/s/Hz
[74423 ms] [UE 39736] UL: SNR = 63.50 dB | SE = 20.778 bit/s/Hz
[74523 ms] [UE 39736] UL: SNR = 63.50 dB | SE = 20.778 bit/s/Hz
[74633 ms] [UE 39736] UL: SNR = 63.50 dB | SE = 20.778 bit/s/Hz
[74733 ms] [UE 39736] UL: SNR = 63.50 dB | SE = 20.778 bit/s/Hz
[74844 ms] [UE 39736] UL: SNR = 63.50 dB | SE = 20.778 bit/s/Hz
[74953 ms] [UE 39736] UL: SNR = 63.50 dB | SE = 20.778 bit/s/Hz
[75053 ms] [UE 39736] UL: SNR = 63.50 dB | SE = 20.778 bit/s/Hz
[75153 ms] [UE 39736] UL: SNR = 63.50 dB | SE = 20.778 bit/s/Hz
[75254 ms] [UE 39736] UL: SNR = 63.50 dB | SE = 20.778 bit/s/Hz
[75363 ms] [UE 39736] UL: SNR = 63.50 dB | SE = 20.778 bit/s/Hz
[75463 ms] [UE 39736] UL: SNR = 63.50 dB | SE = 20.778 bit/s/Hz
[75573 ms] [UE 39736] UL: SNR = 63.50 dB | SE = 20.778 bit/s/Hz
[75683 ms] [UE 39736] UL: SNR = 63.50 dB | SE = 20.778 bit/s/Hz
[75783 ms] [UE 39736] UL: SNR = 63.50 dB | SE = 20.778 bit/s/Hz
[75893 ms] [UE 39736] UL: SNR = 63.50 dB | SE = 20.778 bit/s/Hz
[75994 ms] [UE 39736] UL: SNR = 63.50 dB | SE = 20.778 bit/s/Hz
[76103 ms] [UE 39736] UL: SNR = 63.50 dB | SE = 20.778 bit/s/Hz
[76203 ms] [UE 39736] UL: SNR = 63.50 dB | SE = 20.778 bit/s/Hz
[76313 ms] [UE 39736] UL: SNR = 63.50 dB | SE = 20.778 bit/s/Hz
[76414 ms] [UE 39736] UL: SNR = 63.50 dB | SE = 20.778 bit/s/Hz
[76523 ms] [UE 39736] UL: SNR = 63.50 dB | SE = 20.778 bit/s/Hz
[76633 ms] [UE 39736] UL: SNR = 63.50 dB | SE = 20.778 bit/s/Hz
[76743 ms] [UE 39736] UL: SNR = 63.50 dB | SE = 20.778 bit/s/Hz
[76843 ms] [UE 39736] UL: SNR = 63.50 dB | SE = 20.778 bit/s/Hz
[76953 ms] [UE 39736] UL: SNR = 63.50 dB | SE = 20.778 bit/s/Hz
[77053 ms] [UE 39736] UL: SNR = 63.50 dB | SE = 20.778 bit/s/Hz
[77163 ms] [UE 39736] UL: SNR = 63.50 dB | SE = 20.778 bit/s/Hz
[77263 ms] [UE 39736] UL: SNR = 63.50 dB | SE = 20.778 bit/s/Hz
[77373 ms] [UE 39736] UL: SNR = 63.50 dB | SE = 20.778 bit/s/Hz
[77473 ms] [UE 39736] UL: SNR = 63.50 dB | SE = 20.778 bit/s/Hz
[77574 ms] [UE 39736] UL: SNR = 63.50 dB | SE = 20.778 bit/s/Hz
[77683 ms] [UE 39736] UL: SNR = 63.50 dB | SE = 20.778 bit/s/Hz
[77783 ms] [UE 39736] UL: SNR = 63.50 dB | SE = 20.778 bit/s/Hz
[77894 ms] [UE 39736] UL: SNR = 63.50 dB | SE = 20.778 bit/s/Hz
[77994 ms] [UE 39736] UL: SNR = 63.50 dB | SE = 20.778 bit/s/Hz
[78103 ms] [UE 39736] UL: SNR = 63.50 dB | SE = 20.778 bit/s/Hz
[78203 ms] [UE 39736] UL: SNR = 63.50 dB | SE = 20.778 bit/s/Hz
[78314 ms] [UE 39736] UL: SNR = 63.50 dB | SE = 20.778 bit/s/Hz
[78414 ms] [UE 39736] UL: SNR = 63.50 dB | SE = 20.778 bit/s/Hz
[78523 ms] [UE 39736] UL: SNR = 63.50 dB | SE = 20.778 bit/s/Hz
[78623 ms] [UE 39736] UL: SNR = 63.50 dB | SE = 20.778 bit/s/Hz
[78733 ms] [UE 39736] UL: SNR = 63.50 dB | SE = 20.778 bit/s/Hz
[78843 ms] [UE 39736] UL: SNR = 63.50 dB | SE = 20.778 bit/s/Hz
[78943 ms] [UE 39736] UL: SNR = 63.50 dB | SE = 20.778 bit/s/Hz
[79044 ms] [UE 39736] UL: SNR = 63.50 dB | SE = 20.778 bit/s/Hz
[79153 ms] [UE 39736] UL: SNR = 63.50 dB | SE = 20.778 bit/s/Hz
[79263 ms] [UE 39736] UL: SNR = 63.50 dB | SE = 20.778 bit/s/Hz
[79363 ms] [UE 39736] UL: SNR = 63.50 dB | SE = 20.778 bit/s/Hz
[79473 ms] [UE 39736] UL: SNR = 63.50 dB | SE = 20.778 bit/s/Hz
[79584 ms] [UE 39736] UL: SNR = 63.50 dB | SE = 20.778 bit/s/Hz
[79693 ms] [UE 39736] UL: SNR = 63.50 dB | SE = 20.778 bit/s/Hz
[79803 ms] [UE 39736] UL: SNR = 63.50 dB | SE = 20.778 bit/s/Hz
[79904 ms] [UE 39736] UL: SNR = 63.50 dB | SE = 20.778 bit/s/Hz
[80013 ms] [UE 39736] UL: SNR = 63.50 dB | SE = 20.778 bit/s/Hz
[80113 ms] [UE 39736] UL: SNR = 63.50 dB | SE = 20.778 bit/s/Hz
[80213 ms] [UE 39736] UL: SNR = 63.50 dB | SE = 20.778 bit/s/Hz
[80324 ms] [UE 39736] UL: SNR = 63.50 dB | SE = 20.778 bit/s/Hz
[80434 ms] [UE 39736] UL: SNR = 63.50 dB | SE = 20.778 bit/s/Hz
[80534 ms] [UE 39736] UL: SNR = 63.50 dB | SE = 20.778 bit/s/Hz
[80643 ms] [UE 39736] UL: SNR = 63.50 dB | SE = 20.778 bit/s/Hz
[80754 ms] [UE 39736] UL: SNR = 63.50 dB | SE = 20.778 bit/s/Hz
[80863 ms] [UE 39736] UL: SNR = 63.50 dB | SE = 20.778 bit/s/Hz
[80973 ms] [UE 39736] UL: SNR = 63.50 dB | SE = 20.778 bit/s/Hz
[81073 ms] [UE 39736] UL: SNR = 63.50 dB | SE = 20.778 bit/s/Hz
[81174 ms] [UE 39736] UL: SNR = 63.50 dB | SE = 20.778 bit/s/Hz
[81284 ms] [UE 39736] UL: SNR = 63.50 dB | SE = 20.778 bit/s/Hz
[81393 ms] [UE 39736] UL: SNR = 63.50 dB | SE = 20.778 bit/s/Hz
[81503 ms] [UE 39736] UL: SNR = 63.50 dB | SE = 20.778 bit/s/Hz
[81613 ms] [UE 39736] UL: SNR = 63.50 dB | SE = 20.778 bit/s/Hz
[81714 ms] [UE 39736] UL: SNR = 63.50 dB | SE = 20.778 bit/s/Hz
[81823 ms] [UE 39736] UL: SNR = 63.50 dB | SE = 20.778 bit/s/Hz
[81923 ms] [UE 39736] UL: SNR = 63.50 dB | SE = 20.778 bit/s/Hz
[82024 ms] [UE 39736] UL: SNR = 63.50 dB | SE = 20.778 bit/s/Hz
[82134 ms] [UE 39736] UL: SNR = 63.50 dB | SE = 20.778 bit/s/Hz
[82243 ms] [UE 39736] UL: SNR = 63.50 dB | SE = 20.778 bit/s/Hz
[82343 ms] [UE 39736] UL: SNR = 63.50 dB | SE = 20.778 bit/s/Hz
[82454 ms] [UE 39736] UL: SNR = 63.50 dB | SE = 20.778 bit/s/Hz
[82564 ms] [UE 39736] UL: SNR = 63.50 dB | SE = 20.778 bit/s/Hz
[82674 ms] [UE 39736] UL: SNR = 63.50 dB | SE = 20.778 bit/s/Hz
[82783 ms] [UE 39736] UL: SNR = 63.50 dB | SE = 20.778 bit/s/Hz
[82894 ms] [UE 39736] UL: SNR = 63.50 dB | SE = 20.778 bit/s/Hz
[83003 ms] [UE 39736] UL: SNR = 63.50 dB | SE = 20.778 bit/s/Hz
[83103 ms] [UE 39736] UL: SNR = 63.50 dB | SE = 20.778 bit/s/Hz
[83204 ms] [UE 39736] UL: SNR = 63.50 dB | SE = 20.778 bit/s/Hz
[83304 ms] [UE 39736] UL: SNR = 63.50 dB | SE = 20.778 bit/s/Hz
[83414 ms] [UE 39736] UL: SNR = 63.50 dB | SE = 20.778 bit/s/Hz
[83523 ms] [UE 39736] UL: SNR = 63.50 dB | SE = 20.778 bit/s/Hz
[83624 ms] [UE 39736] UL: SNR = 63.50 dB | SE = 20.778 bit/s/Hz
[83724 ms] [UE 39736] UL: SNR = 63.50 dB | SE = 20.778 bit/s/Hz
[83834 ms] [UE 39736] UL: SNR = 63.50 dB | SE = 20.778 bit/s/Hz
[83943 ms] [UE 39736] UL: SNR = 63.50 dB | SE = 20.778 bit/s/Hz
[84043 ms] [UE 39736] UL: SNR = 63.50 dB | SE = 20.778 bit/s/Hz
[84153 ms] [UE 39736] UL: SNR = 63.50 dB | SE = 20.778 bit/s/Hz
[84254 ms] [UE 39736] UL: SNR = 63.50 dB | SE = 20.778 bit/s/Hz
[84363 ms] [UE 39736] UL: SNR = 63.50 dB | SE = 20.778 bit/s/Hz
[84463 ms] [UE 39736] UL: SNR = 63.50 dB | SE = 20.778 bit/s/Hz
[84563 ms] [UE 39736] UL: SNR = 63.50 dB | SE = 20.778 bit/s/Hz
[84663 ms] [UE 39736] UL: SNR = 63.50 dB | SE = 20.778 bit/s/Hz
[84774 ms] [UE 39736] UL: SNR = 63.50 dB | SE = 20.778 bit/s/Hz
[84883 ms] [UE 39736] UL: SNR = 63.50 dB | SE = 20.778 bit/s/Hz
[84983 ms] [UE 39736] UL: SNR = 63.50 dB | SE = 20.778 bit/s/Hz
[85084 ms] [UE 39736] UL: SNR = 63.50 dB | SE = 20.778 bit/s/Hz
[85193 ms] [UE 39736] UL: SNR = 63.50 dB | SE = 20.778 bit/s/Hz
[85293 ms] [UE 39736] UL: SNR = 63.50 dB | SE = 20.778 bit/s/Hz
[85393 ms] [UE 39736] UL: SNR = 63.50 dB | SE = 20.778 bit/s/Hz
[85504 ms] [UE 39736] UL: SNR = 63.50 dB | SE = 20.778 bit/s/Hz
[85613 ms] [UE 39736] UL: SNR = 63.50 dB | SE = 20.778 bit/s/Hz
[85724 ms] [UE 39736] UL: SNR = 63.50 dB | SE = 20.778 bit/s/Hz
[85824 ms] [UE 39736] UL: SNR = 63.50 dB | SE = 20.778 bit/s/Hz
[85924 ms] [UE 39736] UL: SNR = 63.50 dB | SE = 20.778 bit/s/Hz
[86033 ms] [UE 39736] UL: SNR = 63.50 dB | SE = 20.778 bit/s/Hz
[86143 ms] [UE 39736] UL: SNR = 63.50 dB | SE = 20.778 bit/s/Hz
[86244 ms] [UE 39736] UL: SNR = 63.50 dB | SE = 20.778 bit/s/Hz
[86353 ms] [UE 39736] UL: SNR = 63.50 dB | SE = 20.778 bit/s/Hz
[86463 ms] [UE 39736] UL: SNR = 63.50 dB | SE = 20.778 bit/s/Hz
[86564 ms] [UE 39736] UL: SNR = 63.50 dB | SE = 20.778 bit/s/Hz
[86674 ms] [UE 39736] UL: SNR = 63.50 dB | SE = 20.778 bit/s/Hz
[86784 ms] [UE 39736] UL: SNR = 63.50 dB | SE = 20.778 bit/s/Hz
[86893 ms] [UE 39736] UL: SNR = 63.50 dB | SE = 20.778 bit/s/Hz
[86993 ms] [UE 39736] UL: SNR = 63.50 dB | SE = 20.778 bit/s/Hz
[87103 ms] [UE 39736] UL: SNR = 63.50 dB | SE = 20.778 bit/s/Hz
[87203 ms] [UE 39736] UL: SNR = 63.50 dB | SE = 20.778 bit/s/Hz
[87313 ms] [UE 39736] UL: SNR = 63.50 dB | SE = 20.778 bit/s/Hz
[87413 ms] [UE 39736] UL: SNR = 63.50 dB | SE = 20.778 bit/s/Hz
[87513 ms] [UE 39736] UL: SNR = 63.50 dB | SE = 20.778 bit/s/Hz
[87624 ms] [UE 39736] UL: SNR = 63.50 dB | SE = 20.778 bit/s/Hz
[87733 ms] [UE 39736] UL: SNR = 63.50 dB | SE = 20.778 bit/s/Hz
[87844 ms] [UE 39736] UL: SNR = 63.50 dB | SE = 20.778 bit/s/Hz
[87954 ms] [UE 39736] UL: SNR = 63.50 dB | SE = 20.778 bit/s/Hz
[88063 ms] [UE 39736] UL: SNR = 63.50 dB | SE = 20.778 bit/s/Hz
[88163 ms] [UE 39736] UL: SNR = 63.50 dB | SE = 20.778 bit/s/Hz
[88264 ms] [UE 39736] UL: SNR = 63.50 dB | SE = 20.778 bit/s/Hz
[88373 ms] [UE 39736] UL: SNR = 63.50 dB | SE = 20.778 bit/s/Hz
[88483 ms] [UE 39736] UL: SNR = 63.50 dB | SE = 20.778 bit/s/Hz
[88593 ms] [UE 39736] UL: SNR = 63.50 dB | SE = 20.778 bit/s/Hz
[88693 ms] [UE 39736] UL: SNR = 63.50 dB | SE = 20.778 bit/s/Hz
[88794 ms] [UE 39736] UL: SNR = 63.50 dB | SE = 20.778 bit/s/Hz
[88903 ms] [UE 39736] UL: SNR = 63.50 dB | SE = 20.778 bit/s/Hz
[89004 ms] [UE 39736] UL: SNR = 63.50 dB | SE = 20.778 bit/s/Hz
[89113 ms] [UE 39736] UL: SNR = 63.50 dB | SE = 20.778 bit/s/Hz
[89214 ms] [UE 39736] UL: SNR = 63.50 dB | SE = 20.778 bit/s/Hz
[89323 ms] [UE 39736] UL: SNR = 63.50 dB | SE = 20.778 bit/s/Hz
[89424 ms] [UE 39736] UL: SNR = 63.50 dB | SE = 20.778 bit/s/Hz
[89533 ms] [UE 39736] UL: SNR = 63.50 dB | SE = 20.778 bit/s/Hz
[89643 ms] [UE 39736] UL: SNR = 63.50 dB | SE = 20.778 bit/s/Hz
[89753 ms] [UE 39736] UL: SNR = 63.50 dB | SE = 20.778 bit/s/Hz
[89863 ms] [UE 39736] UL: SNR = 63.50 dB | SE = 20.778 bit/s/Hz
[89963 ms] [UE 39736] UL: SNR = 63.50 dB | SE = 20.778 bit/s/Hz
[xApp]: E42 RIC_SUBSCRIPTION_DELETE_REQUEST tx RAN_FUNC_ID 142 RIC_REQ_ID 1 
[xApp]: E42 SUBSCRIPTION DELETE RESPONSE rx
[xApp]: E42 RIC_SUBSCRIPTION_DELETE_REQUEST tx RAN_FUNC_ID 142 RIC_REQ_ID 2 
[xApp]: E42 SUBSCRIPTION DELETE RESPONSE rx
[xApp]: Sucessfully stopped 
Test xApp run SUCCESSFULLY
