[UTIL]: Setting the config -c file to /usr/local/etc/flexric/flexric.conf
[UTIL]: Setting path -p for the shared libraries to /usr/local/lib/flexric/
[xAapp]: Initializing ... 
[xApp]: nearRT-RIC IP Address = 192.168.70.150, PORT = 36422
[E2 AGENT]: Opening plugin from path = /usr/local/lib/flexric/libkpm_sm.so 
[E2 AGENT]: Opening plugin from path = /usr/local/lib/flexric/libmac_sm.so 
[E2 AGENT]: Opening plugin from path = /usr/local/lib/flexric/libpdcp_sm.so 
[E2 AGENT]: Opening plugin from path = /usr/local/lib/flexric/libgtp_sm.so 
[E2 AGENT]: Opening plugin from path = /usr/local/lib/flexric/librc_sm.so 
[E2 AGENT]: Opening plugin from path = /usr/local/lib/flexric/libtc_sm.so 
[E2 AGENT]: Opening plugin from path = /usr/local/lib/flexric/librlc_sm.so 
[E2 AGENT]: Opening plugin from path = /usr/local/lib/flexric/libslice_sm.so 
[NEAR-RIC]: Loading SM ID = 2 with def = ORAN-E2SM-KPM 
[NEAR-RIC]: Loading SM ID = 142 with def = MAC_STATS_V0 
[NEAR-RIC]: Loading SM ID = 144 with def = PDCP_STATS_V0 
[NEAR-RIC]: Loading SM ID = 148 with def = GTP_STATS_V0 
[NEAR-RIC]: Loading SM ID = 3 with def = ORAN-E2SM-RC 
[NEAR-RIC]: Loading SM ID = 146 with def = TC_STATS_V0 
[NEAR-RIC]: Loading SM ID = 143 with def = RLC_STATS_V0 
[NEAR-RIC]: Loading SM ID = 145 with def = SLICE_STATS_V0 
[xApp]: DB filename = /tmp/flexric/xapp_db 
 [xApp]: E42 SETUP-REQUEST tx
[xApp]: E42 SETUP-RESPONSE rx 
[xApp]: xApp ID = 15 
[xApp]: Registered E2 Nodes = 4 
Connected E2 nodes = 4
[xAPP] Registered node 0 ran func id = 2 
[xAPP] Registered node 0 ran func id = 3 
[xAPP] Registered node 0 ran func id = 142 
[xAPP] Registered node 0 ran func id = 143 
[xAPP] Registered node 0 ran func id = 144 
[xAPP] Registered node 0 ran func id = 145 
[xAPP] Registered node 0 ran func id = 146 
[xAPP] Registered node 0 ran func id = 148 
[xAPP] CU or CUUP, don't do anything
[xAPP] Registered node 1 ran func id = 2 
[xAPP] Registered node 1 ran func id = 3 
[xAPP] Registered node 1 ran func id = 142 
[xAPP] Registered node 1 ran func id = 143 
[xAPP] Registered node 1 ran func id = 144 
[xAPP] Registered node 1 ran func id = 145 
[xAPP] Registered node 1 ran func id = 146 
[xAPP] Registered node 1 ran func id = 148 
[xAPP] Registered node 2 ran func id = 2 
[xAPP] Registered node 2 ran func id = 3 
[xAPP] Registered node 2 ran func id = 142 
[xAPP] Registered node 2 ran func id = 143 
[xAPP] Registered node 2 ran func id = 144 
[xAPP] Registered node 2 ran func id = 145 
[xAPP] Registered node 2 ran func id = 146 
[xAPP] Registered node 2 ran func id = 148 
[xApp] DU detected
[xApp]: E42 RIC SUBSCRIPTION REQUEST tx RAN_FUNC_ID 142 RIC_REQ_ID 1 
[xApp]: SUBSCRIPTION RESPONSE rx
[xApp]: Successfully subscribed to RAN_FUNC_ID 142 
[xAPP] Registered node 3 ran func id = 2 
[xAPP] Registered node 3 ran func id = 3 
[xAPP] Registered node 3 ran func id = 142 
[xAPP] Registered node 3 ran func id = 143 
[xAPP] Registered node 3 ran func id = 144 
[xAPP] Registered node 3 ran func id = 145 
[xAPP] Registered node 3 ran func id = 146 
[xAPP] Registered node 3 ran func id = 148 
[xApp] DU detected
[xApp]: E42 RIC SUBSCRIPTION REQUEST tx RAN_FUNC_ID 142 RIC_REQ_ID 2 
[xApp]: SUBSCRIPTION RESPONSE rx
[xApp]: Successfully subscribed to RAN_FUNC_ID 142 
[   12 ms] [UE 39736] UL: SNR = 63.50 dB | SE = 20.778 bit/s/Hz
[  122 ms] [UE 39736] UL: SNR = 63.50 dB | SE = 20.778 bit/s/Hz
[  233 ms] [UE 39736] UL: SNR = 63.50 dB | SE = 20.778 bit/s/Hz
[  342 ms] [UE 39736] UL: SNR = 63.50 dB | SE = 20.778 bit/s/Hz
[  452 ms] [UE 39736] UL: SNR = 63.50 dB | SE = 20.778 bit/s/Hz
[  553 ms] [UE 39736] UL: SNR = 63.50 dB | SE = 20.778 bit/s/Hz
[  662 ms] [UE 39736] UL: SNR = 63.50 dB | SE = 20.778 bit/s/Hz
[  763 ms] [UE 39736] UL: SNR = 63.50 dB | SE = 20.778 bit/s/Hz
[  872 ms] [UE 39736] UL: SNR = 63.50 dB | SE = 20.778 bit/s/Hz
[  972 ms] [UE 39736] UL: SNR = 63.50 dB | SE = 20.778 bit/s/Hz
[ 1082 ms] [UE 39736] UL: SNR = 63.50 dB | SE = 20.778 bit/s/Hz
[ 1183 ms] [UE 39736] UL: SNR = 63.50 dB | SE = 20.778 bit/s/Hz
[ 1293 ms] [UE 39736] UL: SNR = 63.50 dB | SE = 20.778 bit/s/Hz
[ 1403 ms] [UE 39736] UL: SNR = 63.50 dB | SE = 20.778 bit/s/Hz
[ 1503 ms] [UE 39736] UL: SNR = 63.50 dB | SE = 20.778 bit/s/Hz
[ 1612 ms] [UE 39736] UL: SNR = 63.50 dB | SE = 20.778 bit/s/Hz
[ 1712 ms] [UE 39736] UL: SNR = 63.50 dB | SE = 20.778 bit/s/Hz
[ 1812 ms] [UE 39736] UL: SNR = 63.50 dB | SE = 20.778 bit/s/Hz
[ 1923 ms] [UE 39736] UL: SNR = 63.50 dB | SE = 20.778 bit/s/Hz
[ 2033 ms] [UE 39736] UL: SNR = 63.50 dB | SE = 20.778 bit/s/Hz
[ 2142 ms] [UE 39736] UL: SNR = 63.50 dB | SE = 20.778 bit/s/Hz
[ 2242 ms] [UE 39736] UL: SNR = 63.50 dB | SE = 20.778 bit/s/Hz
[ 2342 ms] [UE 39736] UL: SNR = 63.50 dB | SE = 20.778 bit/s/Hz
[ 2452 ms] [UE 39736] UL: SNR = 63.50 dB | SE = 20.778 bit/s/Hz
[ 2552 ms] [UE 39736] UL: SNR = 63.50 dB | SE = 20.778 bit/s/Hz
[ 2663 ms] [UE 39736] UL: SNR = 63.50 dB | SE = 20.778 bit/s/Hz
[ 2772 ms] [UE 39736] UL: SNR = 63.50 dB | SE = 20.778 bit/s/Hz
[ 2882 ms] [UE 39736] UL: SNR = 63.50 dB | SE = 20.778 bit/s/Hz
[ 2983 ms] [UE 39736] UL: SNR = 63.50 dB | SE = 20.778 bit/s/Hz
[ 3083 ms] [UE 39736] UL: SNR = 63.50 dB | SE = 20.778 bit/s/Hz
[ 3192 ms] [UE 39736] UL: SNR = 63.50 dB | SE = 20.778 bit/s/Hz
[ 3293 ms] [UE 39736] UL: SNR = 63.50 dB | SE = 20.778 bit/s/Hz
[ 3393 ms] [UE 39736] UL: SNR = 63.50 dB | SE = 20.778 bit/s/Hz
[ 3503 ms] [UE 39736] UL: SNR = 63.50 dB | SE = 20.778 bit/s/Hz
[ 3613 ms] [UE 39736] UL: SNR = 63.50 dB | SE = 20.778 bit/s/Hz
[ 3713 ms] [UE 39736] UL: SNR = 63.50 dB | SE = 20.778 bit/s/Hz
[ 3823 ms] [UE 39736] UL: SNR = 63.50 dB | SE = 20.778 bit/s/Hz
[ 3932 ms] [UE 39736] UL: SNR = 63.50 dB | SE = 20.778 bit/s/Hz
[ 4042 ms] [UE 39736] UL: SNR = 63.50 dB | SE = 20.778 bit/s/Hz
[ 4153 ms] [UE 39736] UL: SNR = 63.50 dB | SE = 20.778 bit/s/Hz
[ 4253 ms] [UE 39736] UL: SNR = 63.50 dB | SE = 20.778 bit/s/Hz
[ 4363 ms] [UE 39736] UL: SNR = 63.50 dB | SE = 20.778 bit/s/Hz
[ 4472 ms] [UE 39736] UL: SNR = 63.50 dB | SE = 20.778 bit/s/Hz
[ 4573 ms] [UE 39736] UL: SNR = 63.50 dB | SE = 20.778 bit/s/Hz
[ 4683 ms] [UE 39736] UL: SNR = 63.50 dB | SE = 20.778 bit/s/Hz
[ 4792 ms] [UE 39736] UL: SNR = 63.50 dB | SE = 20.778 bit/s/Hz
[ 4893 ms] [UE 39736] UL: SNR = 63.50 dB | SE = 20.778 bit/s/Hz
[ 5002 ms] [UE 39736] UL: SNR = 63.50 dB | SE = 20.778 bit/s/Hz
[ 5102 ms] [UE 39736] UL: SNR = 63.50 dB | SE = 20.778 bit/s/Hz
[ 5203 ms] [UE 39736] UL: SNR = 63.50 dB | SE = 20.778 bit/s/Hz
[ 5312 ms] [UE 39736] UL: SNR = 63.50 dB | SE = 20.778 bit/s/Hz
[ 5423 ms] [UE 39736] UL: SNR = 63.50 dB | SE = 20.778 bit/s/Hz
[ 5532 ms] [UE 39736] UL: SNR = 63.50 dB | SE = 20.778 bit/s/Hz
[ 5642 ms] [UE 39736] UL: SNR = 63.50 dB | SE = 20.778 bit/s/Hz
[ 5742 ms] [UE 39736] UL: SNR = 63.50 dB | SE = 20.778 bit/s/Hz
[ 5852 ms] [UE 39736] UL: SNR = 63.50 dB | SE = 20.778 bit/s/Hz
[ 5952 ms] [UE 39736] UL: SNR = 63.50 dB | SE = 20.778 bit/s/Hz
[ 6053 ms] [UE 39736] UL: SNR = 63.50 dB | SE = 20.778 bit/s/Hz
[ 6153 ms] [UE 39736] UL: SNR = 63.50 dB | SE = 20.778 bit/s/Hz
[ 6263 ms] [UE 39736] UL: SNR = 63.50 dB | SE = 20.778 bit/s/Hz
[ 6373 ms] [UE 39736] UL: SNR = 63.50 dB | SE = 20.778 bit/s/Hz
[ 6473 ms] [UE 39736] UL: SNR = 63.50 dB | SE = 20.778 bit/s/Hz
[ 6573 ms] [UE 39736] UL: SNR = 63.50 dB | SE = 20.778 bit/s/Hz
[ 6682 ms] [UE 39736] UL: SNR = 63.50 dB | SE = 20.778 bit/s/Hz
[ 6783 ms] [UE 39736] UL: SNR = 63.50 dB | SE = 20.778 bit/s/Hz
[ 6893 ms] [UE 39736] UL: SNR = 63.50 dB | SE = 20.778 bit/s/Hz
[ 7003 ms] [UE 39736] UL: SNR = 63.50 dB | SE = 20.778 bit/s/Hz
[ 7103 ms] [UE 39736] UL: SNR = 63.50 dB | SE = 20.778 bit/s/Hz
[ 7213 ms] [UE 39736] UL: SNR = 63.50 dB | SE = 20.778 bit/s/Hz
[ 7323 ms] [UE 39736] UL: SNR = 63.50 dB | SE = 20.778 bit/s/Hz
[ 7423 ms] [UE 39736] UL: SNR = 63.50 dB | SE = 20.778 bit/s/Hz
[ 7533 ms] [UE 39736] UL: SNR = 63.50 dB | SE = 20.778 bit/s/Hz
[ 7643 ms] [UE 39736] UL: SNR = 63.50 dB | SE = 20.778 bit/s/Hz
[ 7753 ms] [UE 39736] UL: SNR = 63.50 dB | SE = 20.778 bit/s/Hz
[ 7853 ms] [UE 39736] UL: SNR = 63.50 dB | SE = 20.778 bit/s/Hz
[ 7963 ms] [UE 39736] UL: SNR = 63.50 dB | SE = 20.778 bit/s/Hz
[ 8073 ms] [UE 39736] UL: SNR = 63.50 dB | SE = 20.778 bit/s/Hz
[ 8182 ms] [UE 39736] UL: SNR = 63.50 dB | SE = 20.778 bit/s/Hz
[ 8283 ms] [UE 39736] UL: SNR = 63.50 dB | SE = 20.778 bit/s/Hz
[ 8393 ms] [UE 39736] UL: SNR = 63.50 dB | SE = 20.778 bit/s/Hz
[ 8502 ms] [UE 39736] UL: SNR = 63.50 dB | SE = 20.778 bit/s/Hz
[ 8603 ms] [UE 39736] UL: SNR = 63.50 dB | SE = 20.778 bit/s/Hz
[ 8703 ms] [UE 39736] UL: SNR = 63.50 dB | SE = 20.778 bit/s/Hz
[ 8812 ms] [UE 39736] UL: SNR = 63.50 dB | SE = 20.778 bit/s/Hz
[ 8912 ms] [UE 39736] UL: SNR = 63.50 dB | SE = 20.778 bit/s/Hz
[ 9013 ms] [UE 39736] UL: SNR = 63.50 dB | SE = 20.778 bit/s/Hz
[ 9113 ms] [UE 39736] UL: SNR = 63.50 dB | SE = 20.778 bit/s/Hz
[ 9223 ms] [UE 39736] UL: SNR = 63.50 dB | SE = 20.778 bit/s/Hz
[ 9333 ms] [UE 39736] UL: SNR = 63.50 dB | SE = 20.778 bit/s/Hz
[ 9442 ms] [UE 39736] UL: SNR = 63.50 dB | SE = 20.778 bit/s/Hz
[ 9543 ms] [UE 39736] UL: SNR = 63.50 dB | SE = 20.778 bit/s/Hz
[ 9643 ms] [UE 39736] UL: SNR = 63.50 dB | SE = 20.778 bit/s/Hz
[ 9753 ms] [UE 39736] UL: SNR = 63.50 dB | SE = 20.778 bit/s/Hz
[ 9863 ms] [UE 39736] UL: SNR = 63.50 dB | SE = 20.778 bit/s/Hz
[ 9963 ms] [UE 39736] UL: SNR = 63.50 dB | SE = 20.778 bit/s/Hz
[10073 ms] [UE 39736] UL: SNR = 63.50 dB | SE = 20.778 bit/s/Hz
[10183 ms] [UE 39736] UL: SNR = 63.50 dB | SE = 20.778 bit/s/Hz
[10283 ms] [UE 39736] UL: SNR = 63.50 dB | SE = 20.778 bit/s/Hz
[10383 ms] [UE 39736] UL: SNR = 63.50 dB | SE = 20.778 bit/s/Hz
[10493 ms] [UE 39736] UL: SNR = 63.50 dB | SE = 20.778 bit/s/Hz
[10593 ms] [UE 39736] UL: SNR = 63.50 dB | SE = 20.778 bit/s/Hz
[10703 ms] [UE 39736] UL: SNR = 63.50 dB | SE = 20.778 bit/s/Hz
[10813 ms] [UE 39736] UL: SNR = 63.50 dB | SE = 20.778 bit/s/Hz
[10923 ms] [UE 39736] UL: SNR = 63.50 dB | SE = 20.778 bit/s/Hz
[11033 ms] [UE 39736] UL: SNR = 63.50 dB | SE = 20.778 bit/s/Hz
[11143 ms] [UE 39736] UL: SNR = 63.50 dB | SE = 20.778 bit/s/Hz
[11252 ms] [UE 39736] UL: SNR = 63.50 dB | SE = 20.778 bit/s/Hz
[11353 ms] [UE 39736] UL: SNR = 63.50 dB | SE = 20.778 bit/s/Hz
[11462 ms] [UE 39736] UL: SNR = 63.50 dB | SE = 20.778 bit/s/Hz
[11563 ms] [UE 39736] UL: SNR = 63.50 dB | SE = 20.778 bit/s/Hz
[11672 ms] [UE 39736] UL: SNR = 63.50 dB | SE = 20.778 bit/s/Hz
[11773 ms] [UE 39736] UL: SNR = 63.50 dB | SE = 20.778 bit/s/Hz
[11883 ms] [UE 39736] UL: SNR = 63.50 dB | SE = 20.778 bit/s/Hz
[11983 ms] [UE 39736] UL: SNR = 63.50 dB | SE = 20.778 bit/s/Hz
[12092 ms] [UE 39736] UL: SNR = 63.50 dB | SE = 20.778 bit/s/Hz
[12193 ms] [UE 39736] UL: SNR = 63.50 dB | SE = 20.778 bit/s/Hz
[12303 ms] [UE 39736] UL: SNR = 63.50 dB | SE = 20.778 bit/s/Hz
[12413 ms] [UE 39736] UL: SNR = 63.50 dB | SE = 20.778 bit/s/Hz
[12513 ms] [UE 39736] UL: SNR = 63.50 dB | SE = 20.778 bit/s/Hz
[12613 ms] [UE 39736] UL: SNR = 63.50 dB | SE = 20.778 bit/s/Hz
[12723 ms] [UE 39736] UL: SNR = 63.50 dB | SE = 20.778 bit/s/Hz
[12823 ms] [UE 39736] UL: SNR = 63.50 dB | SE = 20.778 bit/s/Hz
[12933 ms] [UE 39736] UL: SNR = 63.50 dB | SE = 20.778 bit/s/Hz
[13033 ms] [UE 39736] UL: SNR = 63.50 dB | SE = 20.778 bit/s/Hz
[13133 ms] [UE 39736] UL: SNR = 63.50 dB | SE = 20.778 bit/s/Hz
[13233 ms] [UE 39736] UL: SNR = 63.50 dB | SE = 20.778 bit/s/Hz
[13333 ms] [UE 39736] UL: SNR = 63.50 dB | SE = 20.778 bit/s/Hz
[13443 ms] [UE 39736] UL: SNR = 63.50 dB | SE = 20.778 bit/s/Hz
[13553 ms] [UE 39736] UL: SNR = 63.50 dB | SE = 20.778 bit/s/Hz
[13653 ms] [UE 39736] UL: SNR = 63.50 dB | SE = 20.778 bit/s/Hz
[13753 ms] [UE 39736] UL: SNR = 63.50 dB | SE = 20.778 bit/s/Hz
[13863 ms] [UE 39736] UL: SNR = 63.50 dB | SE = 20.778 bit/s/Hz
[13963 ms] [UE 39736] UL: SNR = 63.50 dB | SE = 20.778 bit/s/Hz
[14072 ms] [UE 39736] UL: SNR = 63.50 dB | SE = 20.778 bit/s/Hz
[14173 ms] [UE 39736] UL: SNR = 63.50 dB | SE = 20.778 bit/s/Hz
[14273 ms] [UE 39736] UL: SNR = 63.50 dB | SE = 20.778 bit/s/Hz
[14383 ms] [UE 39736] UL: SNR = 63.50 dB | SE = 20.778 bit/s/Hz
[14493 ms] [UE 39736] UL: SNR = 63.50 dB | SE = 20.778 bit/s/Hz
[14603 ms] [UE 39736] UL: SNR = 63.50 dB | SE = 20.778 bit/s/Hz
[14703 ms] [UE 39736] UL: SNR = 63.50 dB | SE = 20.778 bit/s/Hz
[14813 ms] [UE 39736] UL: SNR = 63.50 dB | SE = 20.778 bit/s/Hz
[14913 ms] [UE 39736] UL: SNR = 63.50 dB | SE = 20.778 bit/s/Hz
[15023 ms] [UE 39736] UL: SNR = 63.50 dB | SE = 20.778 bit/s/Hz
[15123 ms] [UE 39736] UL: SNR = 63.50 dB | SE = 20.778 bit/s/Hz
[15233 ms] [UE 39736] UL: SNR = 63.50 dB | SE = 20.778 bit/s/Hz
[15343 ms] [UE 39736] UL: SNR = 63.50 dB | SE = 20.778 bit/s/Hz
[15453 ms] [UE 39736] UL: SNR = 63.50 dB | SE = 20.778 bit/s/Hz
[15553 ms] [UE 39736] UL: SNR = 63.50 dB | SE = 20.778 bit/s/Hz
[15663 ms] [UE 39736] UL: SNR = 63.50 dB | SE = 20.778 bit/s/Hz
[15773 ms] [UE 39736] UL: SNR = 63.50 dB | SE = 20.778 bit/s/Hz
[15883 ms] [UE 39736] UL: SNR = 63.50 dB | SE = 20.778 bit/s/Hz
[15992 ms] [UE 39736] UL: SNR = 63.50 dB | SE = 20.778 bit/s/Hz
[16093 ms] [UE 39736] UL: SNR = 63.50 dB | SE = 20.778 bit/s/Hz
[16203 ms] [UE 39736] UL: SNR = 63.50 dB | SE = 20.778 bit/s/Hz
[16303 ms] [UE 39736] UL: SNR = 63.50 dB | SE = 20.778 bit/s/Hz
[16413 ms] [UE 39736] UL: SNR = 63.50 dB | SE = 20.778 bit/s/Hz
[16513 ms] [UE 39736] UL: SNR = 63.50 dB | SE = 20.778 bit/s/Hz
[16623 ms] [UE 39736] UL: SNR = 63.50 dB | SE = 20.778 bit/s/Hz
[16723 ms] [UE 39736] UL: SNR = 63.50 dB | SE = 20.778 bit/s/Hz
[16833 ms] [UE 39736] UL: SNR = 63.50 dB | SE = 20.778 bit/s/Hz
[16933 ms] [UE 39736] UL: SNR = 63.50 dB | SE = 20.778 bit/s/Hz
[17043 ms] [UE 39736] UL: SNR = 63.50 dB | SE = 20.778 bit/s/Hz
[17153 ms] [UE 39736] UL: SNR = 63.50 dB | SE = 20.778 bit/s/Hz
[17263 ms] [UE 39736] UL: SNR = 63.50 dB | SE = 20.778 bit/s/Hz
[17373 ms] [UE 39736] UL: SNR = 63.50 dB | SE = 20.778 bit/s/Hz
[17473 ms] [UE 39736] UL: SNR = 63.50 dB | SE = 20.778 bit/s/Hz
[17573 ms] [UE 39736] UL: SNR = 63.50 dB | SE = 20.778 bit/s/Hz
[17683 ms] [UE 39736] UL: SNR = 63.50 dB | SE = 20.778 bit/s/Hz
[17793 ms] [UE 39736] UL: SNR = 63.50 dB | SE = 20.778 bit/s/Hz
[17893 ms] [UE 39736] UL: SNR = 63.50 dB | SE = 20.778 bit/s/Hz
[18003 ms] [UE 39736] UL: SNR = 63.50 dB | SE = 20.778 bit/s/Hz
[18103 ms] [UE 39736] UL: SNR = 63.50 dB | SE = 20.778 bit/s/Hz
[18203 ms] [UE 39736] UL: SNR = 63.50 dB | SE = 20.778 bit/s/Hz
[18313 ms] [UE 39736] UL: SNR = 63.50 dB | SE = 20.778 bit/s/Hz
[18413 ms] [UE 39736] UL: SNR = 63.50 dB | SE = 20.778 bit/s/Hz
[18523 ms] [UE 39736] UL: SNR = 63.50 dB | SE = 20.778 bit/s/Hz
[18623 ms] [UE 39736] UL: SNR = 63.50 dB | SE = 20.778 bit/s/Hz
[18733 ms] [UE 39736] UL: SNR = 63.50 dB | SE = 20.778 bit/s/Hz
[18843 ms] [UE 39736] UL: SNR = 63.50 dB | SE = 20.778 bit/s/Hz
[18943 ms] [UE 39736] UL: SNR = 63.50 dB | SE = 20.778 bit/s/Hz
[19053 ms] [UE 39736] UL: SNR = 63.50 dB | SE = 20.778 bit/s/Hz
[19153 ms] [UE 39736] UL: SNR = 63.50 dB | SE = 20.778 bit/s/Hz
[19253 ms] [UE 39736] UL: SNR = 63.50 dB | SE = 20.778 bit/s/Hz
[19363 ms] [UE 39736] UL: SNR = 63.50 dB | SE = 20.778 bit/s/Hz
[19463 ms] [UE 39736] UL: SNR = 63.50 dB | SE = 20.778 bit/s/Hz
[19573 ms] [UE 39736] UL: SNR = 63.50 dB | SE = 20.778 bit/s/Hz
[19673 ms] [UE 39736] UL: SNR = 63.50 dB | SE = 20.778 bit/s/Hz
[19773 ms] [UE 39736] UL: SNR = 63.50 dB | SE = 20.778 bit/s/Hz
[19883 ms] [UE 39736] UL: SNR = 63.50 dB | SE = 20.778 bit/s/Hz
[19983 ms] [UE 39736] UL: SNR = 63.50 dB | SE = 20.778 bit/s/Hz
[20083 ms] [UE 39736] UL: SNR = 63.50 dB | SE = 20.778 bit/s/Hz
[20193 ms] [UE 39736] UL: SNR = 63.50 dB | SE = 20.778 bit/s/Hz
[20303 ms] [UE 39736] UL: SNR = 63.50 dB | SE = 20.778 bit/s/Hz
[20403 ms] [UE 39736] UL: SNR = 63.50 dB | SE = 20.778 bit/s/Hz
[20513 ms] [UE 39736] UL: SNR = 63.50 dB | SE = 20.778 bit/s/Hz
[20613 ms] [UE 39736] UL: SNR = 63.50 dB | SE = 20.778 bit/s/Hz
[20713 ms] [UE 39736] UL: SNR = 63.50 dB | SE = 20.778 bit/s/Hz
[20823 ms] [UE 39736] UL: SNR = 63.50 dB | SE = 20.778 bit/s/Hz
[20923 ms] [UE 39736] UL: SNR = 63.50 dB | SE = 20.778 bit/s/Hz
[21033 ms] [UE 39736] UL: SNR = 63.50 dB | SE = 20.778 bit/s/Hz
[21143 ms] [UE 39736] UL: SNR = 63.50 dB | SE = 20.778 bit/s/Hz
[21243 ms] [UE 39736] UL: SNR = 63.50 dB | SE = 20.778 bit/s/Hz
[21343 ms] [UE 39736] UL: SNR = 63.50 dB | SE = 20.778 bit/s/Hz
[21452 ms] [UE 39736] UL: SNR = 63.50 dB | SE = 20.778 bit/s/Hz
[21553 ms] [UE 39736] UL: SNR = 63.50 dB | SE = 20.778 bit/s/Hz
[21663 ms] [UE 39736] UL: SNR = 63.50 dB | SE = 20.778 bit/s/Hz
[21763 ms] [UE 39736] UL: SNR = 63.50 dB | SE = 20.778 bit/s/Hz
[21863 ms] [UE 39736] UL: SNR = 63.50 dB | SE = 20.778 bit/s/Hz
[21963 ms] [UE 39736] UL: SNR = 63.50 dB | SE = 20.778 bit/s/Hz
[22063 ms] [UE 39736] UL: SNR = 63.50 dB | SE = 20.778 bit/s/Hz
[22173 ms] [UE 39736] UL: SNR = 63.50 dB | SE = 20.778 bit/s/Hz
[22273 ms] [UE 39736] UL: SNR = 63.50 dB | SE = 20.778 bit/s/Hz
[22383 ms] [UE 39736] UL: SNR = 63.50 dB | SE = 20.778 bit/s/Hz
[22483 ms] [UE 39736] UL: SNR = 63.50 dB | SE = 20.778 bit/s/Hz
[22583 ms] [UE 39736] UL: SNR = 63.50 dB | SE = 20.778 bit/s/Hz
[22683 ms] [UE 39736] UL: SNR = 63.50 dB | SE = 20.778 bit/s/Hz
[22793 ms] [UE 39736] UL: SNR = 63.50 dB | SE = 20.778 bit/s/Hz
[22903 ms] [UE 39736] UL: SNR = 63.50 dB | SE = 20.778 bit/s/Hz
[23003 ms] [UE 39736] UL: SNR = 63.50 dB | SE = 20.778 bit/s/Hz
[23113 ms] [UE 39736] UL: SNR = 63.50 dB | SE = 20.778 bit/s/Hz
[23223 ms] [UE 39736] UL: SNR = 63.50 dB | SE = 20.778 bit/s/Hz
[23333 ms] [UE 39736] UL: SNR = 63.50 dB | SE = 20.778 bit/s/Hz
[23433 ms] [UE 39736] UL: SNR = 63.50 dB | SE = 20.778 bit/s/Hz
[23543 ms] [UE 39736] UL: SNR = 63.50 dB | SE = 20.778 bit/s/Hz
[23653 ms] [UE 39736] UL: SNR = 63.50 dB | SE = 20.778 bit/s/Hz
[23763 ms] [UE 39736] UL: SNR = 63.50 dB | SE = 20.778 bit/s/Hz
[23863 ms] [UE 39736] UL: SNR = 63.50 dB | SE = 20.778 bit/s/Hz
[23973 ms] [UE 39736] UL: SNR = 63.50 dB | SE = 20.778 bit/s/Hz
[24083 ms] [UE 39736] UL: SNR = 63.50 dB | SE = 20.778 bit/s/Hz
[24183 ms] [UE 39736] UL: SNR = 63.50 dB | SE = 20.778 bit/s/Hz
[24292 ms] [UE 39736] UL: SNR = 63.50 dB | SE = 20.778 bit/s/Hz
[24393 ms] [UE 39736] UL: SNR = 63.50 dB | SE = 20.778 bit/s/Hz
[24493 ms] [UE 39736] UL: SNR = 63.50 dB | SE = 20.778 bit/s/Hz
[24593 ms] [UE 39736] UL: SNR = 63.50 dB | SE = 20.778 bit/s/Hz
[24703 ms] [UE 39736] UL: SNR = 63.50 dB | SE = 20.778 bit/s/Hz
[24813 ms] [UE 39736] UL: SNR = 63.50 dB | SE = 20.778 bit/s/Hz
[24913 ms] [UE 39736] UL: SNR = 63.50 dB | SE = 20.778 bit/s/Hz
[25023 ms] [UE 39736] UL: SNR = 63.50 dB | SE = 20.778 bit/s/Hz
[25133 ms] [UE 39736] UL: SNR = 63.50 dB | SE = 20.778 bit/s/Hz
[25233 ms] [UE 39736] UL: SNR = 63.50 dB | SE = 20.778 bit/s/Hz
[25333 ms] [UE 39736] UL: SNR = 63.50 dB | SE = 20.778 bit/s/Hz
[25443 ms] [UE 39736] UL: SNR = 63.50 dB | SE = 20.778 bit/s/Hz
[25543 ms] [UE 39736] UL: SNR = 63.50 dB | SE = 20.778 bit/s/Hz
[25653 ms] [UE 39736] UL: SNR = 63.50 dB | SE = 20.778 bit/s/Hz
[25753 ms] [UE 39736] UL: SNR = 63.50 dB | SE = 20.778 bit/s/Hz
[25863 ms] [UE 39736] UL: SNR = 63.50 dB | SE = 20.778 bit/s/Hz
[25964 ms] [UE 39736] UL: SNR = 63.50 dB | SE = 20.778 bit/s/Hz
[26073 ms] [UE 39736] UL: SNR = 63.50 dB | SE = 20.778 bit/s/Hz
[26173 ms] [UE 39736] UL: SNR = 63.50 dB | SE = 20.778 bit/s/Hz
[26283 ms] [UE 39736] UL: SNR = 63.50 dB | SE = 20.778 bit/s/Hz
[26393 ms] [UE 39736] UL: SNR = 63.50 dB | SE = 20.778 bit/s/Hz
[26493 ms] [UE 39736] UL: SNR = 63.50 dB | SE = 20.778 bit/s/Hz
[26603 ms] [UE 39736] UL: SNR = 63.50 dB | SE = 20.778 bit/s/Hz
[26713 ms] [UE 39736] UL: SNR = 63.50 dB | SE = 20.778 bit/s/Hz
[26813 ms] [UE 39736] UL: SNR = 63.50 dB | SE = 20.778 bit/s/Hz
[26913 ms] [UE 39736] UL: SNR = 63.50 dB | SE = 20.778 bit/s/Hz
[27013 ms] [UE 39736] UL: SNR = 63.50 dB | SE = 20.778 bit/s/Hz
[27123 ms] [UE 39736] UL: SNR = 63.50 dB | SE = 20.778 bit/s/Hz
[27233 ms] [UE 39736] UL: SNR = 63.50 dB | SE = 20.778 bit/s/Hz
[27343 ms] [UE 39736] UL: SNR = 63.50 dB | SE = 20.778 bit/s/Hz
[27443 ms] [UE 39736] UL: SNR = 63.50 dB | SE = 20.778 bit/s/Hz
[27553 ms] [UE 39736] UL: SNR = 63.50 dB | SE = 20.778 bit/s/Hz
[27663 ms] [UE 39736] UL: SNR = 63.50 dB | SE = 20.778 bit/s/Hz
[27763 ms] [UE 39736] UL: SNR = 63.50 dB | SE = 20.778 bit/s/Hz
[27863 ms] [UE 39736] UL: SNR = 63.50 dB | SE = 20.778 bit/s/Hz
[27973 ms] [UE 39736] UL: SNR = 63.50 dB | SE = 20.778 bit/s/Hz
[28083 ms] [UE 39736] UL: SNR = 63.50 dB | SE = 20.778 bit/s/Hz
[28183 ms] [UE 39736] UL: SNR = 63.50 dB | SE = 20.778 bit/s/Hz
[28283 ms] [UE 39736] UL: SNR = 63.50 dB | SE = 20.778 bit/s/Hz
[28392 ms] [UE 39736] UL: SNR = 63.50 dB | SE = 20.778 bit/s/Hz
[28493 ms] [UE 39736] UL: SNR = 63.50 dB | SE = 20.778 bit/s/Hz
[28593 ms] [UE 39736] UL: SNR = 63.50 dB | SE = 20.778 bit/s/Hz
[28703 ms] [UE 39736] UL: SNR = 63.50 dB | SE = 20.778 bit/s/Hz
[28803 ms] [UE 39736] UL: SNR = 63.50 dB | SE = 20.778 bit/s/Hz
[28913 ms] [UE 39736] UL: SNR = 63.50 dB | SE = 20.778 bit/s/Hz
[29013 ms] [UE 39736] UL: SNR = 63.50 dB | SE = 20.778 bit/s/Hz
[29123 ms] [UE 39736] UL: SNR = 63.50 dB | SE = 20.778 bit/s/Hz
[29223 ms] [UE 39736] UL: SNR = 63.50 dB | SE = 20.778 bit/s/Hz
[29333 ms] [UE 39736] UL: SNR = 63.50 dB | SE = 20.778 bit/s/Hz
[29443 ms] [UE 39736] UL: SNR = 63.50 dB | SE = 20.778 bit/s/Hz
[29553 ms] [UE 39736] UL: SNR = 63.50 dB | SE = 20.778 bit/s/Hz
[29663 ms] [UE 39736] UL: SNR = 63.50 dB | SE = 20.778 bit/s/Hz
[29773 ms] [UE 39736] UL: SNR = 63.50 dB | SE = 20.778 bit/s/Hz
[29883 ms] [UE 39736] UL: SNR = 63.50 dB | SE = 20.778 bit/s/Hz
[29983 ms] [UE 39736] UL: SNR = 63.50 dB | SE = 20.778 bit/s/Hz
[30093 ms] [UE 39736] UL: SNR = 63.50 dB | SE = 20.778 bit/s/Hz
[30193 ms] [UE 39736] UL: SNR = 63.50 dB | SE = 20.778 bit/s/Hz
[30303 ms] [UE 39736] UL: SNR = 63.50 dB | SE = 20.778 bit/s/Hz
[30403 ms] [UE 39736] UL: SNR = 63.50 dB | SE = 20.778 bit/s/Hz
[30513 ms] [UE 39736] UL: SNR = 63.50 dB | SE = 20.778 bit/s/Hz
[30623 ms] [UE 39736] UL: SNR = 63.50 dB | SE = 20.778 bit/s/Hz
[30723 ms] [UE 39736] UL: SNR = 63.50 dB | SE = 20.778 bit/s/Hz
[30833 ms] [UE 39736] UL: SNR = 63.50 dB | SE = 20.778 bit/s/Hz
[30933 ms] [UE 39736] UL: SNR = 63.50 dB | SE = 20.778 bit/s/Hz
[31043 ms] [UE 39736] UL: SNR = 63.50 dB | SE = 20.778 bit/s/Hz
[31153 ms] [UE 39736] UL: SNR = 63.50 dB | SE = 20.778 bit/s/Hz
[31253 ms] [UE 39736] UL: SNR = 63.50 dB | SE = 20.778 bit/s/Hz
[31363 ms] [UE 39736] UL: SNR = 63.50 dB | SE = 20.778 bit/s/Hz
[31463 ms] [UE 39736] UL: SNR = 63.50 dB | SE = 20.778 bit/s/Hz
[31563 ms] [UE 39736] UL: SNR = 63.50 dB | SE = 20.778 bit/s/Hz
[31673 ms] [UE 39736] UL: SNR = 63.50 dB | SE = 20.778 bit/s/Hz
[31783 ms] [UE 39736] UL: SNR = 63.50 dB | SE = 20.778 bit/s/Hz
[31893 ms] [UE 39736] UL: SNR = 63.50 dB | SE = 20.778 bit/s/Hz
[32003 ms] [UE 39736] UL: SNR = 63.50 dB | SE = 20.778 bit/s/Hz
[32113 ms] [UE 39736] UL: SNR = 63.50 dB | SE = 20.778 bit/s/Hz
[32223 ms] [UE 39736] UL: SNR = 63.50 dB | SE = 20.778 bit/s/Hz
[32333 ms] [UE 39736] UL: SNR = 63.50 dB | SE = 20.778 bit/s/Hz
[32443 ms] [UE 39736] UL: SNR = 63.50 dB | SE = 20.778 bit/s/Hz
[32553 ms] [UE 39736] UL: SNR = 63.50 dB | SE = 20.778 bit/s/Hz
[32663 ms] [UE 39736] UL: SNR = 63.50 dB | SE = 20.778 bit/s/Hz
[32773 ms] [UE 39736] UL: SNR = 63.50 dB | SE = 20.778 bit/s/Hz
[32883 ms] [UE 39736] UL: SNR = 63.50 dB | SE = 20.778 bit/s/Hz
[32983 ms] [UE 39736] UL: SNR = 63.50 dB | SE = 20.778 bit/s/Hz
[33083 ms] [UE 39736] UL: SNR = 63.50 dB | SE = 20.778 bit/s/Hz
[33193 ms] [UE 39736] UL: SNR = 63.50 dB | SE = 20.778 bit/s/Hz
[33293 ms] [UE 39736] UL: SNR = 63.50 dB | SE = 20.778 bit/s/Hz
[33393 ms] [UE 39736] UL: SNR = 63.50 dB | SE = 20.778 bit/s/Hz
[33493 ms] [UE 39736] UL: SNR = 63.50 dB | SE = 20.778 bit/s/Hz
[33603 ms] [UE 39736] UL: SNR = 63.50 dB | SE = 20.778 bit/s/Hz
[33704 ms] [UE 39736] UL: SNR = 63.50 dB | SE = 20.778 bit/s/Hz
[33813 ms] [UE 39736] UL: SNR = 63.50 dB | SE = 20.778 bit/s/Hz
[33923 ms] [UE 39736] UL: SNR = 63.50 dB | SE = 20.778 bit/s/Hz
[34033 ms] [UE 39736] UL: SNR = 63.50 dB | SE = 20.778 bit/s/Hz
[34143 ms] [UE 39736] UL: SNR = 63.50 dB | SE = 20.778 bit/s/Hz
[34253 ms] [UE 39736] UL: SNR = 63.50 dB | SE = 20.778 bit/s/Hz
[34353 ms] [UE 39736] UL: SNR = 63.50 dB | SE = 20.778 bit/s/Hz
[34463 ms] [UE 39736] UL: SNR = 63.50 dB | SE = 20.778 bit/s/Hz
[34564 ms] [UE 39736] UL: SNR = 63.50 dB | SE = 20.778 bit/s/Hz
[34673 ms] [UE 39736] UL: SNR = 63.50 dB | SE = 20.778 bit/s/Hz
[34783 ms] [UE 39736] UL: SNR = 63.50 dB | SE = 20.778 bit/s/Hz
[34883 ms] [UE 39736] UL: SNR = 63.50 dB | SE = 20.778 bit/s/Hz
[34993 ms] [UE 39736] UL: SNR = 63.50 dB | SE = 20.778 bit/s/Hz
[35103 ms] [UE 39736] UL: SNR = 63.50 dB | SE = 20.778 bit/s/Hz
[35203 ms] [UE 39736] UL: SNR = 63.50 dB | SE = 20.778 bit/s/Hz
[35313 ms] [UE 39736] UL: SNR = 63.50 dB | SE = 20.778 bit/s/Hz
[35413 ms] [UE 39736] UL: SNR = 63.50 dB | SE = 20.778 bit/s/Hz
[35523 ms] [UE 39736] UL: SNR = 63.50 dB | SE = 20.778 bit/s/Hz
[35633 ms] [UE 39736] UL: SNR = 63.50 dB | SE = 20.778 bit/s/Hz
[35743 ms] [UE 39736] UL: SNR = 63.50 dB | SE = 20.778 bit/s/Hz
[35843 ms] [UE 39736] UL: SNR = 63.50 dB | SE = 20.778 bit/s/Hz
[35953 ms] [UE 39736] UL: SNR = 63.50 dB | SE = 20.778 bit/s/Hz
[36053 ms] [UE 39736] UL: SNR = 63.50 dB | SE = 20.778 bit/s/Hz
[36153 ms] [UE 39736] UL: SNR = 63.50 dB | SE = 20.778 bit/s/Hz
[36253 ms] [UE 39736] UL: SNR = 63.50 dB | SE = 20.778 bit/s/Hz
[36353 ms] [UE 39736] UL: SNR = 63.50 dB | SE = 20.778 bit/s/Hz
[36463 ms] [UE 39736] UL: SNR = 63.50 dB | SE = 20.778 bit/s/Hz
[36573 ms] [UE 39736] UL: SNR = 63.50 dB | SE = 20.778 bit/s/Hz
[36683 ms] [UE 39736] UL: SNR = 63.50 dB | SE = 20.778 bit/s/Hz
[36783 ms] [UE 39736] UL: SNR = 63.50 dB | SE = 20.778 bit/s/Hz
[36893 ms] [UE 39736] UL: SNR = 63.50 dB | SE = 20.778 bit/s/Hz
[37003 ms] [UE 39736] UL: SNR = 63.50 dB | SE = 20.778 bit/s/Hz
[37103 ms] [UE 39736] UL: SNR = 63.50 dB | SE = 20.778 bit/s/Hz
[37213 ms] [UE 39736] UL: SNR = 63.50 dB | SE = 20.778 bit/s/Hz
[37313 ms] [UE 39736] UL: SNR = 63.50 dB | SE = 20.778 bit/s/Hz
[37413 ms] [UE 39736] UL: SNR = 63.50 dB | SE = 20.778 bit/s/Hz
[37523 ms] [UE 39736] UL: SNR = 63.50 dB | SE = 20.778 bit/s/Hz
[37623 ms] [UE 39736] UL: SNR = 63.50 dB | SE = 20.778 bit/s/Hz
[37733 ms] [UE 39736] UL: SNR = 63.50 dB | SE = 20.778 bit/s/Hz
[37833 ms] [UE 39736] UL: SNR = 63.50 dB | SE = 20.778 bit/s/Hz
[37933 ms] [UE 39736] UL: SNR = 63.50 dB | SE = 20.778 bit/s/Hz
[38043 ms] [UE 39736] UL: SNR = 63.50 dB | SE = 20.778 bit/s/Hz
[38143 ms] [UE 39736] UL: SNR = 63.50 dB | SE = 20.778 bit/s/Hz
[38253 ms] [UE 39736] UL: SNR = 63.50 dB | SE = 20.778 bit/s/Hz
[38353 ms] [UE 39736] UL: SNR = 63.50 dB | SE = 20.778 bit/s/Hz
[38453 ms] [UE 39736] UL: SNR = 63.50 dB | SE = 20.778 bit/s/Hz
[38563 ms] [UE 39736] UL: SNR = 63.50 dB | SE = 20.778 bit/s/Hz
[38673 ms] [UE 39736] UL: SNR = 63.50 dB | SE = 20.778 bit/s/Hz
[38773 ms] [UE 39736] UL: SNR = 63.50 dB | SE = 20.778 bit/s/Hz
[38883 ms] [UE 39736] UL: SNR = 63.50 dB | SE = 20.778 bit/s/Hz
[38983 ms] [UE 39736] UL: SNR = 63.50 dB | SE = 20.778 bit/s/Hz
[39083 ms] [UE 39736] UL: SNR = 63.50 dB | SE = 20.778 bit/s/Hz
[39193 ms] [UE 39736] UL: SNR = 63.50 dB | SE = 20.778 bit/s/Hz
[39293 ms] [UE 39736] UL: SNR = 63.50 dB | SE = 20.778 bit/s/Hz
[39403 ms] [UE 39736] UL: SNR = 63.50 dB | SE = 20.778 bit/s/Hz
[39503 ms] [UE 39736] UL: SNR = 63.50 dB | SE = 20.778 bit/s/Hz
[39613 ms] [UE 39736] UL: SNR = 63.50 dB | SE = 20.778 bit/s/Hz
[39713 ms] [UE 39736] UL: SNR = 63.50 dB | SE = 20.778 bit/s/Hz
[39823 ms] [UE 39736] UL: SNR = 63.50 dB | SE = 20.778 bit/s/Hz
[39933 ms] [UE 39736] UL: SNR = 63.50 dB | SE = 20.778 bit/s/Hz
[40033 ms] [UE 39736] UL: SNR = 63.50 dB | SE = 20.778 bit/s/Hz
[40133 ms] [UE 39736] UL: SNR = 63.50 dB | SE = 20.778 bit/s/Hz
[40233 ms] [UE 39736] UL: SNR = 63.50 dB | SE = 20.778 bit/s/Hz
[40333 ms] [UE 39736] UL: SNR = 63.50 dB | SE = 20.778 bit/s/Hz
[40433 ms] [UE 39736] UL: SNR = 63.50 dB | SE = 20.778 bit/s/Hz
[40543 ms] [UE 39736] UL: SNR = 63.50 dB | SE = 20.778 bit/s/Hz
[40643 ms] [UE 39736] UL: SNR = 63.50 dB | SE = 20.778 bit/s/Hz
[40753 ms] [UE 39736] UL: SNR = 63.50 dB | SE = 20.778 bit/s/Hz
[40863 ms] [UE 39736] UL: SNR = 63.50 dB | SE = 20.778 bit/s/Hz
[40963 ms] [UE 39736] UL: SNR = 63.50 dB | SE = 20.778 bit/s/Hz
[41073 ms] [UE 39736] UL: SNR = 63.50 dB | SE = 20.778 bit/s/Hz
[41173 ms] [UE 39736] UL: SNR = 63.50 dB | SE = 20.778 bit/s/Hz
[41274 ms] [UE 39736] UL: SNR = 63.50 dB | SE = 20.778 bit/s/Hz
[41383 ms] [UE 39736] UL: SNR = 63.50 dB | SE = 20.778 bit/s/Hz
[41483 ms] [UE 39736] UL: SNR = 63.50 dB | SE = 20.778 bit/s/Hz
[41593 ms] [UE 39736] UL: SNR = 63.50 dB | SE = 20.778 bit/s/Hz
[41693 ms] [UE 39736] UL: SNR = 63.50 dB | SE = 20.778 bit/s/Hz
[41793 ms] [UE 39736] UL: SNR = 63.50 dB | SE = 20.778 bit/s/Hz
[41903 ms] [UE 39736] UL: SNR = 63.50 dB | SE = 20.778 bit/s/Hz
[42013 ms] [UE 39736] UL: SNR = 63.50 dB | SE = 20.778 bit/s/Hz
[42113 ms] [UE 39736] UL: SNR = 63.50 dB | SE = 20.778 bit/s/Hz
[42213 ms] [UE 39736] UL: SNR = 63.50 dB | SE = 20.778 bit/s/Hz
[42323 ms] [UE 39736] UL: SNR = 63.50 dB | SE = 20.778 bit/s/Hz
[42433 ms] [UE 39736] UL: SNR = 63.50 dB | SE = 20.778 bit/s/Hz
[42533 ms] [UE 39736] UL: SNR = 63.50 dB | SE = 20.778 bit/s/Hz
[42643 ms] [UE 39736] UL: SNR = 63.50 dB | SE = 20.778 bit/s/Hz
[42743 ms] [UE 39736] UL: SNR = 63.50 dB | SE = 20.778 bit/s/Hz
[42843 ms] [UE 39736] UL: SNR = 63.50 dB | SE = 20.778 bit/s/Hz
[42944 ms] [UE 39736] UL: SNR = 63.50 dB | SE = 20.778 bit/s/Hz
[43053 ms] [UE 39736] UL: SNR = 63.50 dB | SE = 20.778 bit/s/Hz
[43163 ms] [UE 39736] UL: SNR = 63.50 dB | SE = 20.778 bit/s/Hz
[43263 ms] [UE 39736] UL: SNR = 63.50 dB | SE = 20.778 bit/s/Hz
[43373 ms] [UE 39736] UL: SNR = 63.50 dB | SE = 20.778 bit/s/Hz
[43483 ms] [UE 39736] UL: SNR = 63.50 dB | SE = 20.778 bit/s/Hz
[43593 ms] [UE 39736] UL: SNR = 63.50 dB | SE = 20.778 bit/s/Hz
[43703 ms] [UE 39736] UL: SNR = 63.50 dB | SE = 20.778 bit/s/Hz
[43803 ms] [UE 39736] UL: SNR = 63.50 dB | SE = 20.778 bit/s/Hz
[43913 ms] [UE 39736] UL: SNR = 63.50 dB | SE = 20.778 bit/s/Hz
[44013 ms] [UE 39736] UL: SNR = 63.50 dB | SE = 20.778 bit/s/Hz
[44123 ms] [UE 39736] UL: SNR = 63.50 dB | SE = 20.778 bit/s/Hz
[44223 ms] [UE 39736] UL: SNR = 63.50 dB | SE = 20.778 bit/s/Hz
[44323 ms] [UE 39736] UL: SNR = 63.50 dB | SE = 20.778 bit/s/Hz
[44433 ms] [UE 39736] UL: SNR = 63.50 dB | SE = 20.778 bit/s/Hz
[44533 ms] [UE 39736] UL: SNR = 63.50 dB | SE = 20.778 bit/s/Hz
[44643 ms] [UE 39736] UL: SNR = 63.50 dB | SE = 20.778 bit/s/Hz
[44743 ms] [UE 39736] UL: SNR = 63.50 dB | SE = 20.778 bit/s/Hz
[44853 ms] [UE 39736] UL: SNR = 63.50 dB | SE = 20.778 bit/s/Hz
[44953 ms] [UE 39736] UL: SNR = 63.50 dB | SE = 20.778 bit/s/Hz
[45063 ms] [UE 39736] UL: SNR = 63.50 dB | SE = 20.778 bit/s/Hz
[45173 ms] [UE 39736] UL: SNR = 63.50 dB | SE = 20.778 bit/s/Hz
[45283 ms] [UE 39736] UL: SNR = 63.50 dB | SE = 20.778 bit/s/Hz
[45383 ms] [UE 39736] UL: SNR = 63.50 dB | SE = 20.778 bit/s/Hz
[45483 ms] [UE 39736] UL: SNR = 63.50 dB | SE = 20.778 bit/s/Hz
[45593 ms] [UE 39736] UL: SNR = 63.50 dB | SE = 20.778 bit/s/Hz
[45703 ms] [UE 39736] UL: SNR = 63.50 dB | SE = 20.778 bit/s/Hz
[45813 ms] [UE 39736] UL: SNR = 63.50 dB | SE = 20.778 bit/s/Hz
[45913 ms] [UE 39736] UL: SNR = 63.50 dB | SE = 20.778 bit/s/Hz
[46023 ms] [UE 39736] UL: SNR = 63.50 dB | SE = 20.778 bit/s/Hz
[46123 ms] [UE 39736] UL: SNR = 63.50 dB | SE = 20.778 bit/s/Hz
[46233 ms] [UE 39736] UL: SNR = 63.50 dB | SE = 20.778 bit/s/Hz
[46333 ms] [UE 39736] UL: SNR = 63.50 dB | SE = 20.778 bit/s/Hz
[46433 ms] [UE 39736] UL: SNR = 63.50 dB | SE = 20.778 bit/s/Hz
[46543 ms] [UE 39736] UL: SNR = 63.50 dB | SE = 20.778 bit/s/Hz
[46643 ms] [UE 39736] UL: SNR = 63.50 dB | SE = 20.778 bit/s/Hz
[46753 ms] [UE 39736] UL: SNR = 63.50 dB | SE = 20.778 bit/s/Hz
[46853 ms] [UE 39736] UL: SNR = 63.50 dB | SE = 20.778 bit/s/Hz
[46963 ms] [UE 39736] UL: SNR = 63.50 dB | SE = 20.778 bit/s/Hz
[47073 ms] [UE 39736] UL: SNR = 63.50 dB | SE = 20.778 bit/s/Hz
[47173 ms] [UE 39736] UL: SNR = 63.50 dB | SE = 20.778 bit/s/Hz
[47273 ms] [UE 39736] UL: SNR = 63.50 dB | SE = 20.778 bit/s/Hz
[47383 ms] [UE 39736] UL: SNR = 63.50 dB | SE = 20.778 bit/s/Hz
[47483 ms] [UE 39736] UL: SNR = 63.50 dB | SE = 20.778 bit/s/Hz
[47593 ms] [UE 39736] UL: SNR = 63.50 dB | SE = 20.778 bit/s/Hz
[47703 ms] [UE 39736] UL: SNR = 63.50 dB | SE = 20.778 bit/s/Hz
[47803 ms] [UE 39736] UL: SNR = 63.50 dB | SE = 20.778 bit/s/Hz
[47903 ms] [UE 39736] UL: SNR = 63.50 dB | SE = 20.778 bit/s/Hz
[48013 ms] [UE 39736] UL: SNR = 63.50 dB | SE = 20.778 bit/s/Hz
[48113 ms] [UE 39736] UL: SNR = 63.50 dB | SE = 20.778 bit/s/Hz
[48223 ms] [UE 39736] UL: SNR = 63.50 dB | SE = 20.778 bit/s/Hz
[48323 ms] [UE 39736] UL: SNR = 63.50 dB | SE = 20.778 bit/s/Hz
[48433 ms] [UE 39736] UL: SNR = 63.50 dB | SE = 20.778 bit/s/Hz
[48533 ms] [UE 39736] UL: SNR = 63.50 dB | SE = 20.778 bit/s/Hz
[48633 ms] [UE 39736] UL: SNR = 63.50 dB | SE = 20.778 bit/s/Hz
[48733 ms] [UE 39736] UL: SNR = 63.50 dB | SE = 20.778 bit/s/Hz
[48843 ms] [UE 39736] UL: SNR = 63.50 dB | SE = 20.778 bit/s/Hz
[48953 ms] [UE 39736] UL: SNR = 63.50 dB | SE = 20.778 bit/s/Hz
[49063 ms] [UE 39736] UL: SNR = 63.50 dB | SE = 20.778 bit/s/Hz
[49163 ms] [UE 39736] UL: SNR = 63.50 dB | SE = 20.778 bit/s/Hz
[49263 ms] [UE 39736] UL: SNR = 63.50 dB | SE = 20.778 bit/s/Hz
[49373 ms] [UE 39736] UL: SNR = 63.50 dB | SE = 20.778 bit/s/Hz
[49473 ms] [UE 39736] UL: SNR = 63.50 dB | SE = 20.778 bit/s/Hz
[49574 ms] [UE 39736] UL: SNR = 63.50 dB | SE = 20.778 bit/s/Hz
[49674 ms] [UE 39736] UL: SNR = 63.50 dB | SE = 20.778 bit/s/Hz
[49784 ms] [UE 39736] UL: SNR = 63.50 dB | SE = 20.778 bit/s/Hz
[49893 ms] [UE 39736] UL: SNR = 63.50 dB | SE = 20.778 bit/s/Hz
[50003 ms] [UE 39736] UL: SNR = 63.50 dB | SE = 20.778 bit/s/Hz
[50113 ms] [UE 39736] UL: SNR = 63.50 dB | SE = 20.778 bit/s/Hz
[50223 ms] [UE 39736] UL: SNR = 63.50 dB | SE = 20.778 bit/s/Hz
[50323 ms] [UE 39736] UL: SNR = 63.50 dB | SE = 20.778 bit/s/Hz
[50433 ms] [UE 39736] UL: SNR = 63.50 dB | SE = 20.778 bit/s/Hz
[50543 ms] [UE 39736] UL: SNR = 63.50 dB | SE = 20.778 bit/s/Hz
[50643 ms] [UE 39736] UL: SNR = 63.50 dB | SE = 20.778 bit/s/Hz
[50753 ms] [UE 39736] UL: SNR = 63.50 dB | SE = 20.778 bit/s/Hz
[50863 ms] [UE 39736] UL: SNR = 63.50 dB | SE = 20.778 bit/s/Hz
[50973 ms] [UE 39736] UL: SNR = 63.50 dB | SE = 20.778 bit/s/Hz
[51083 ms] [UE 39736] UL: SNR = 63.50 dB | SE = 20.778 bit/s/Hz
[51183 ms] [UE 39736] UL: SNR = 63.50 dB | SE = 20.778 bit/s/Hz
[51293 ms] [UE 39736] UL: SNR = 63.50 dB | SE = 20.778 bit/s/Hz
[51403 ms] [UE 39736] UL: SNR = 63.50 dB | SE = 20.778 bit/s/Hz
[51503 ms] [UE 39736] UL: SNR = 63.50 dB | SE = 20.778 bit/s/Hz
[51613 ms] [UE 39736] UL: SNR = 63.50 dB | SE = 20.778 bit/s/Hz
[51713 ms] [UE 39736] UL: SNR = 63.50 dB | SE = 20.778 bit/s/Hz
[51823 ms] [UE 39736] UL: SNR = 63.50 dB | SE = 20.778 bit/s/Hz
[51923 ms] [UE 39736] UL: SNR = 63.50 dB | SE = 20.778 bit/s/Hz
[52024 ms] [UE 39736] UL: SNR = 63.50 dB | SE = 20.778 bit/s/Hz
[52133 ms] [UE 39736] UL: SNR = 63.50 dB | SE = 20.778 bit/s/Hz
[52233 ms] [UE 39736] UL: SNR = 63.50 dB | SE = 20.778 bit/s/Hz
[52334 ms] [UE 39736] UL: SNR = 63.50 dB | SE = 20.778 bit/s/Hz
[52443 ms] [UE 39736] UL: SNR = 63.50 dB | SE = 20.778 bit/s/Hz
[52543 ms] [UE 39736] UL: SNR = 63.50 dB | SE = 20.778 bit/s/Hz
[52653 ms] [UE 39736] UL: SNR = 63.50 dB | SE = 20.778 bit/s/Hz
[52753 ms] [UE 39736] UL: SNR = 63.50 dB | SE = 20.778 bit/s/Hz
[52863 ms] [UE 39736] UL: SNR = 63.50 dB | SE = 20.778 bit/s/Hz
[52963 ms] [UE 39736] UL: SNR = 63.50 dB | SE = 20.778 bit/s/Hz
[53073 ms] [UE 39736] UL: SNR = 63.50 dB | SE = 20.778 bit/s/Hz
[53173 ms] [UE 39736] UL: SNR = 63.50 dB | SE = 20.778 bit/s/Hz
[53283 ms] [UE 39736] UL: SNR = 63.50 dB | SE = 20.778 bit/s/Hz
[53393 ms] [UE 39736] UL: SNR = 63.50 dB | SE = 20.778 bit/s/Hz
[53503 ms] [UE 39736] UL: SNR = 63.50 dB | SE = 20.778 bit/s/Hz
[53613 ms] [UE 39736] UL: SNR = 63.50 dB | SE = 20.778 bit/s/Hz
[53713 ms] [UE 39736] UL: SNR = 63.50 dB | SE = 20.778 bit/s/Hz
[53813 ms] [UE 39736] UL: SNR = 63.50 dB | SE = 20.778 bit/s/Hz
[53923 ms] [UE 39736] UL: SNR = 63.50 dB | SE = 20.778 bit/s/Hz
[54023 ms] [UE 39736] UL: SNR = 63.50 dB | SE = 20.778 bit/s/Hz
[54123 ms] [UE 39736] UL: SNR = 63.50 dB | SE = 20.778 bit/s/Hz
[54223 ms] [UE 39736] UL: SNR = 63.50 dB | SE = 20.778 bit/s/Hz
[54333 ms] [UE 39736] UL: SNR = 63.50 dB | SE = 20.778 bit/s/Hz
[54443 ms] [UE 39736] UL: SNR = 63.50 dB | SE = 20.778 bit/s/Hz
[54554 ms] [UE 39736] UL: SNR = 63.50 dB | SE = 20.778 bit/s/Hz
[54663 ms] [UE 39736] UL: SNR = 63.50 dB | SE = 20.778 bit/s/Hz
[54773 ms] [UE 39736] UL: SNR = 63.50 dB | SE = 20.778 bit/s/Hz
[54883 ms] [UE 39736] UL: SNR = 63.50 dB | SE = 20.778 bit/s/Hz
[54993 ms] [UE 39736] UL: SNR = 63.50 dB | SE = 20.778 bit/s/Hz
[55093 ms] [UE 39736] UL: SNR = 63.50 dB | SE = 20.778 bit/s/Hz
[55203 ms] [UE 39736] UL: SNR = 63.50 dB | SE = 20.778 bit/s/Hz
[55313 ms] [UE 39736] UL: SNR = 63.50 dB | SE = 20.778 bit/s/Hz
[55414 ms] [UE 39736] UL: SNR = 63.50 dB | SE = 20.778 bit/s/Hz
[55523 ms] [UE 39736] UL: SNR = 63.50 dB | SE = 20.778 bit/s/Hz
[55623 ms] [UE 39736] UL: SNR = 63.50 dB | SE = 20.778 bit/s/Hz
[55733 ms] [UE 39736] UL: SNR = 63.50 dB | SE = 20.778 bit/s/Hz
[55843 ms] [UE 39736] UL: SNR = 63.50 dB | SE = 20.778 bit/s/Hz
[55943 ms] [UE 39736] UL: SNR = 63.50 dB | SE = 20.778 bit/s/Hz
[56043 ms] [UE 39736] UL: SNR = 63.50 dB | SE = 20.778 bit/s/Hz
[56153 ms] [UE 39736] UL: SNR = 63.50 dB | SE = 20.778 bit/s/Hz
[56263 ms] [UE 39736] UL: SNR = 63.50 dB | SE = 20.778 bit/s/Hz
[56373 ms] [UE 39736] UL: SNR = 63.50 dB | SE = 20.778 bit/s/Hz
[56473 ms] [UE 39736] UL: SNR = 63.50 dB | SE = 20.778 bit/s/Hz
[56583 ms] [UE 39736] UL: SNR = 63.50 dB | SE = 20.778 bit/s/Hz
[56683 ms] [UE 39736] UL: SNR = 63.50 dB | SE = 20.778 bit/s/Hz
[56783 ms] [UE 39736] UL: SNR = 63.50 dB | SE = 20.778 bit/s/Hz
[56893 ms] [UE 39736] UL: SNR = 63.50 dB | SE = 20.778 bit/s/Hz
[57003 ms] [UE 39736] UL: SNR = 63.50 dB | SE = 20.778 bit/s/Hz
[57103 ms] [UE 39736] UL: SNR = 63.50 dB | SE = 20.778 bit/s/Hz
[57203 ms] [UE 39736] UL: SNR = 63.50 dB | SE = 20.778 bit/s/Hz
[57313 ms] [UE 39736] UL: SNR = 63.50 dB | SE = 20.778 bit/s/Hz
[57423 ms] [UE 39736] UL: SNR = 63.50 dB | SE = 20.778 bit/s/Hz
[57523 ms] [UE 39736] UL: SNR = 63.50 dB | SE = 20.778 bit/s/Hz
[57623 ms] [UE 39736] UL: SNR = 63.50 dB | SE = 20.778 bit/s/Hz
[57733 ms] [UE 39736] UL: SNR = 63.50 dB | SE = 20.778 bit/s/Hz
[57843 ms] [UE 39736] UL: SNR = 63.50 dB | SE = 20.778 bit/s/Hz
[57943 ms] [UE 39736] UL: SNR = 63.50 dB | SE = 20.778 bit/s/Hz
[58043 ms] [UE 39736] UL: SNR = 63.50 dB | SE = 20.778 bit/s/Hz
[58143 ms] [UE 39736] UL: SNR = 63.50 dB | SE = 20.778 bit/s/Hz
[58253 ms] [UE 39736] UL: SNR = 63.50 dB | SE = 20.778 bit/s/Hz
[58363 ms] [UE 39736] UL: SNR = 63.50 dB | SE = 20.778 bit/s/Hz
[58464 ms] [UE 39736] UL: SNR = 63.50 dB | SE = 20.778 bit/s/Hz
[58573 ms] [UE 39736] UL: SNR = 63.50 dB | SE = 20.778 bit/s/Hz
[58683 ms] [UE 39736] UL: SNR = 63.50 dB | SE = 20.778 bit/s/Hz
[58793 ms] [UE 39736] UL: SNR = 63.50 dB | SE = 20.778 bit/s/Hz
[58893 ms] [UE 39736] UL: SNR = 63.50 dB | SE = 20.778 bit/s/Hz
[58994 ms] [UE 39736] UL: SNR = 63.50 dB | SE = 20.778 bit/s/Hz
[59103 ms] [UE 39736] UL: SNR = 63.50 dB | SE = 20.778 bit/s/Hz
[59203 ms] [UE 39736] UL: SNR = 63.50 dB | SE = 20.778 bit/s/Hz
[59313 ms] [UE 39736] UL: SNR = 63.50 dB | SE = 20.778 bit/s/Hz
[59423 ms] [UE 39736] UL: SNR = 63.50 dB | SE = 20.778 bit/s/Hz
[59533 ms] [UE 39736] UL: SNR = 63.50 dB | SE = 20.778 bit/s/Hz
[59633 ms] [UE 39736] UL: SNR = 63.50 dB | SE = 20.778 bit/s/Hz
[59743 ms] [UE 39736] UL: SNR = 63.50 dB | SE = 20.778 bit/s/Hz
[59843 ms] [UE 39736] UL: SNR = 63.50 dB | SE = 20.778 bit/s/Hz
[59943 ms] [UE 39736] UL: SNR = 63.50 dB | SE = 20.778 bit/s/Hz
[60053 ms] [UE 39736] UL: SNR = 63.50 dB | SE = 20.778 bit/s/Hz
[60153 ms] [UE 39736] UL: SNR = 63.50 dB | SE = 20.778 bit/s/Hz
[60263 ms] [UE 39736] UL: SNR = 63.50 dB | SE = 20.778 bit/s/Hz
[60363 ms] [UE 39736] UL: SNR = 63.50 dB | SE = 20.778 bit/s/Hz
[60473 ms] [UE 39736] UL: SNR = 63.50 dB | SE = 20.778 bit/s/Hz
[60583 ms] [UE 39736] UL: SNR = 63.50 dB | SE = 20.778 bit/s/Hz
[60693 ms] [UE 39736] UL: SNR = 63.50 dB | SE = 20.778 bit/s/Hz
[60794 ms] [UE 39736] UL: SNR = 63.50 dB | SE = 20.778 bit/s/Hz
[60903 ms] [UE 39736] UL: SNR = 63.50 dB | SE = 20.778 bit/s/Hz
[61004 ms] [UE 39736] UL: SNR = 63.50 dB | SE = 20.778 bit/s/Hz
[61113 ms] [UE 39736] UL: SNR = 63.50 dB | SE = 20.778 bit/s/Hz
[61214 ms] [UE 39736] UL: SNR = 63.50 dB | SE = 20.778 bit/s/Hz
[61323 ms] [UE 39736] UL: SNR = 63.50 dB | SE = 20.778 bit/s/Hz
[61423 ms] [UE 39736] UL: SNR = 63.50 dB | SE = 20.778 bit/s/Hz
[61524 ms] [UE 39736] UL: SNR = 63.50 dB | SE = 20.778 bit/s/Hz
[61633 ms] [UE 39736] UL: SNR = 63.50 dB | SE = 20.778 bit/s/Hz
[61743 ms] [UE 39736] UL: SNR = 63.50 dB | SE = 20.778 bit/s/Hz
[61853 ms] [UE 39736] UL: SNR = 63.50 dB | SE = 20.778 bit/s/Hz
[61953 ms] [UE 39736] UL: SNR = 63.50 dB | SE = 20.778 bit/s/Hz
[62053 ms] [UE 39736] UL: SNR = 63.50 dB | SE = 20.778 bit/s/Hz
[62154 ms] [UE 39736] UL: SNR = 63.50 dB | SE = 20.778 bit/s/Hz
[62263 ms] [UE 39736] UL: SNR = 63.50 dB | SE = 20.778 bit/s/Hz
[62364 ms] [UE 39736] UL: SNR = 63.50 dB | SE = 20.778 bit/s/Hz
[62473 ms] [UE 39736] UL: SNR = 63.50 dB | SE = 20.778 bit/s/Hz
[62573 ms] [UE 39736] UL: SNR = 63.50 dB | SE = 20.778 bit/s/Hz
[62673 ms] [UE 39736] UL: SNR = 63.50 dB | SE = 20.778 bit/s/Hz
[62783 ms] [UE 39736] UL: SNR = 63.50 dB | SE = 20.778 bit/s/Hz
[62883 ms] [UE 39736] UL: SNR = 63.50 dB | SE = 20.778 bit/s/Hz
[62984 ms] [UE 39736] UL: SNR = 63.50 dB | SE = 20.778 bit/s/Hz
[63094 ms] [UE 39736] UL: SNR = 63.50 dB | SE = 20.778 bit/s/Hz
[63203 ms] [UE 39736] UL: SNR = 63.50 dB | SE = 20.778 bit/s/Hz
[63303 ms] [UE 39736] UL: SNR = 63.50 dB | SE = 20.778 bit/s/Hz
[63403 ms] [UE 39736] UL: SNR = 63.50 dB | SE = 20.778 bit/s/Hz
[63504 ms] [UE 39736] UL: SNR = 63.50 dB | SE = 20.778 bit/s/Hz
[63613 ms] [UE 39736] UL: SNR = 63.50 dB | SE = 20.778 bit/s/Hz
[63723 ms] [UE 39736] UL: SNR = 63.50 dB | SE = 20.778 bit/s/Hz
[63823 ms] [UE 39736] UL: SNR = 63.50 dB | SE = 20.778 bit/s/Hz
[63933 ms] [UE 39736] UL: SNR = 63.50 dB | SE = 20.778 bit/s/Hz
[64034 ms] [UE 39736] UL: SNR = 63.50 dB | SE = 20.778 bit/s/Hz
[64143 ms] [UE 39736] UL: SNR = 63.50 dB | SE = 20.778 bit/s/Hz
[64243 ms] [UE 39736] UL: SNR = 63.50 dB | SE = 20.778 bit/s/Hz
[64343 ms] [UE 39736] UL: SNR = 63.50 dB | SE = 20.778 bit/s/Hz
[64453 ms] [UE 39736] UL: SNR = 63.50 dB | SE = 20.778 bit/s/Hz
[64554 ms] [UE 39736] UL: SNR = 63.50 dB | SE = 20.778 bit/s/Hz
[64663 ms] [UE 39736] UL: SNR = 63.50 dB | SE = 20.778 bit/s/Hz
[64763 ms] [UE 39736] UL: SNR = 63.50 dB | SE = 20.778 bit/s/Hz
[64863 ms] [UE 39736] UL: SNR = 63.50 dB | SE = 20.778 bit/s/Hz
[64964 ms] [UE 39736] UL: SNR = 63.50 dB | SE = 20.778 bit/s/Hz
[65073 ms] [UE 39736] UL: SNR = 63.50 dB | SE = 20.778 bit/s/Hz
[65184 ms] [UE 39736] UL: SNR = 63.50 dB | SE = 20.778 bit/s/Hz
[65293 ms] [UE 39736] UL: SNR = 63.50 dB | SE = 20.778 bit/s/Hz
[65393 ms] [UE 39736] UL: SNR = 63.50 dB | SE = 20.778 bit/s/Hz
[65493 ms] [UE 39736] UL: SNR = 63.50 dB | SE = 20.778 bit/s/Hz
[65604 ms] [UE 39736] UL: SNR = 63.50 dB | SE = 20.778 bit/s/Hz
[65713 ms] [UE 39736] UL: SNR = 63.50 dB | SE = 20.778 bit/s/Hz
[65813 ms] [UE 39736] UL: SNR = 63.50 dB | SE = 20.778 bit/s/Hz
[65923 ms] [UE 39736] UL: SNR = 63.50 dB | SE = 20.778 bit/s/Hz
[66023 ms] [UE 39736] UL: SNR = 63.50 dB | SE = 20.778 bit/s/Hz
[66133 ms] [UE 39736] UL: SNR = 63.50 dB | SE = 20.778 bit/s/Hz
[66243 ms] [UE 39736] UL: SNR = 63.50 dB | SE = 20.778 bit/s/Hz
[66343 ms] [UE 39736] UL: SNR = 63.50 dB | SE = 20.778 bit/s/Hz
[66454 ms] [UE 39736] UL: SNR = 63.50 dB | SE = 20.778 bit/s/Hz
[66564 ms] [UE 39736] UL: SNR = 63.50 dB | SE = 20.778 bit/s/Hz
[66673 ms] [UE 39736] UL: SNR = 63.50 dB | SE = 20.778 bit/s/Hz
[66773 ms] [UE 39736] UL: SNR = 63.50 dB | SE = 20.778 bit/s/Hz
[66874 ms] [UE 39736] UL: SNR = 63.50 dB | SE = 20.778 bit/s/Hz
[66974 ms] [UE 39736] UL: SNR = 63.50 dB | SE = 20.778 bit/s/Hz
[67084 ms] [UE 39736] UL: SNR = 63.50 dB | SE = 20.778 bit/s/Hz
[67194 ms] [UE 39736] UL: SNR = 63.50 dB | SE = 20.778 bit/s/Hz
[67303 ms] [UE 39736] UL: SNR = 63.50 dB | SE = 20.778 bit/s/Hz
[67414 ms] [UE 39736] UL: SNR = 63.50 dB | SE = 20.778 bit/s/Hz
[67523 ms] [UE 39736] UL: SNR = 63.50 dB | SE = 20.778 bit/s/Hz
[67623 ms] [UE 39736] UL: SNR = 63.50 dB | SE = 20.778 bit/s/Hz
[67733 ms] [UE 39736] UL: SNR = 63.50 dB | SE = 20.778 bit/s/Hz
[67834 ms] [UE 39736] UL: SNR = 63.50 dB | SE = 20.778 bit/s/Hz
[67943 ms] [UE 39736] UL: SNR = 63.50 dB | SE = 20.778 bit/s/Hz
[68053 ms] [UE 39736] UL: SNR = 63.50 dB | SE = 20.778 bit/s/Hz
[68164 ms] [UE 39736] UL: SNR = 63.50 dB | SE = 20.778 bit/s/Hz
[68274 ms] [UE 39736] UL: SNR = 63.50 dB | SE = 20.778 bit/s/Hz
[68383 ms] [UE 39736] UL: SNR = 63.50 dB | SE = 20.778 bit/s/Hz
[68484 ms] [UE 39736] UL: SNR = 63.50 dB | SE = 20.778 bit/s/Hz
[68594 ms] [UE 39736] UL: SNR = 63.50 dB | SE = 20.778 bit/s/Hz
[68703 ms] [UE 39736] UL: SNR = 63.50 dB | SE = 20.778 bit/s/Hz
[68814 ms] [UE 39736] UL: SNR = 63.50 dB | SE = 20.778 bit/s/Hz
[68924 ms] [UE 39736] UL: SNR = 63.50 dB | SE = 20.778 bit/s/Hz
[69033 ms] [UE 39736] UL: SNR = 63.50 dB | SE = 20.778 bit/s/Hz
[69133 ms] [UE 39736] UL: SNR = 63.50 dB | SE = 20.778 bit/s/Hz
[69233 ms] [UE 39736] UL: SNR = 63.50 dB | SE = 20.778 bit/s/Hz
[69343 ms] [UE 39736] UL: SNR = 63.50 dB | SE = 20.778 bit/s/Hz
[69453 ms] [UE 39736] UL: SNR = 63.50 dB | SE = 20.778 bit/s/Hz
[69553 ms] [UE 39736] UL: SNR = 63.50 dB | SE = 20.778 bit/s/Hz
[69663 ms] [UE 39736] UL: SNR = 63.50 dB | SE = 20.778 bit/s/Hz
[69773 ms] [UE 39736] UL: SNR = 63.50 dB | SE = 20.778 bit/s/Hz
[69884 ms] [UE 39736] UL: SNR = 63.50 dB | SE = 20.778 bit/s/Hz
[69993 ms] [UE 39736] UL: SNR = 63.50 dB | SE = 20.778 bit/s/Hz
[70103 ms] [UE 39736] UL: SNR = 63.50 dB | SE = 20.778 bit/s/Hz
[70213 ms] [UE 39736] UL: SNR = 63.50 dB | SE = 20.778 bit/s/Hz
[70313 ms] [UE 39736] UL: SNR = 63.50 dB | SE = 20.778 bit/s/Hz
[70423 ms] [UE 39736] UL: SNR = 63.50 dB | SE = 20.778 bit/s/Hz
[70523 ms] [UE 39736] UL: SNR = 63.50 dB | SE = 20.778 bit/s/Hz
[70633 ms] [UE 39736] UL: SNR = 63.50 dB | SE = 20.778 bit/s/Hz
[70733 ms] [UE 39736] UL: SNR = 63.50 dB | SE = 20.778 bit/s/Hz
[70843 ms] [UE 39736] UL: SNR = 63.50 dB | SE = 20.778 bit/s/Hz
[70944 ms] [UE 39736] UL: SNR = 63.50 dB | SE = 20.778 bit/s/Hz
[71053 ms] [UE 39736] UL: SNR = 63.50 dB | SE = 20.778 bit/s/Hz
[71154 ms] [UE 39736] UL: SNR = 63.50 dB | SE = 20.778 bit/s/Hz
[71264 ms] [UE 39736] UL: SNR = 63.50 dB | SE = 20.778 bit/s/Hz
[71373 ms] [UE 39736] UL: SNR = 63.50 dB | SE = 20.778 bit/s/Hz
[71473 ms] [UE 39736] UL: SNR = 63.50 dB | SE = 20.778 bit/s/Hz
[71573 ms] [UE 39736] UL: SNR = 63.50 dB | SE = 20.778 bit/s/Hz
[71674 ms] [UE 39736] UL: SNR = 63.50 dB | SE = 20.778 bit/s/Hz
[71783 ms] [UE 39736] UL: SNR = 63.50 dB | SE = 20.778 bit/s/Hz
[71884 ms] [UE 39736] UL: SNR = 63.50 dB | SE = 20.778 bit/s/Hz
[71993 ms] [UE 39736] UL: SNR = 63.50 dB | SE = 20.778 bit/s/Hz
[72103 ms] [UE 39736] UL: SNR = 63.50 dB | SE = 20.778 bit/s/Hz
[72204 ms] [UE 39736] UL: SNR = 63.50 dB | SE = 20.778 bit/s/Hz
[72314 ms] [UE 39736] UL: SNR = 63.50 dB | SE = 20.778 bit/s/Hz
[72423 ms] [UE 39736] UL: SNR = 63.50 dB | SE = 20.778 bit/s/Hz
[72523 ms] [UE 39736] UL: SNR = 63.50 dB | SE = 20.778 bit/s/Hz
[72633 ms] [UE 39736] UL: SNR = 63.50 dB | SE = 20.778 bit/s/Hz
[72743 ms] [UE 39736] UL: SNR = 63.50 dB | SE = 20.778 bit/s/Hz
[72844 ms] [UE 39736] UL: SNR = 63.50 dB | SE = 20.778 bit/s/Hz
[72953 ms] [UE 39736] UL: SNR = 63.50 dB | SE = 20.778 bit/s/Hz
[73063 ms] [UE 39736] UL: SNR = 63.50 dB | SE = 20.778 bit/s/Hz
[73163 ms] [UE 39736] UL: SNR = 63.50 dB | SE = 20.778 bit/s/Hz
[73264 ms] [UE 39736] UL: SNR = 63.50 dB | SE = 20.778 bit/s/Hz
[73373 ms] [UE 39736] UL: SNR = 63.50 dB | SE = 20.778 bit/s/Hz
[73474 ms] [UE 39736] UL: SNR = 63.50 dB | SE = 20.778 bit/s/Hz
[73584 ms] [UE 39736] UL: SNR = 63.50 dB | SE = 20.778 bit/s/Hz
[73694 ms] [UE 39736] UL: SNR = 63.50 dB | SE = 20.778 bit/s/Hz
[73794 ms] [UE 39736] UL: SNR = 63.50 dB | SE = 20.778 bit/s/Hz
[73904 ms] [UE 39736] UL: SNR = 63.50 dB | SE = 20.778 bit/s/Hz
[74013 ms] [UE 39736] UL: SNR = 63.50 dB | SE = 20.778 bit/s/Hz
[74124 ms] [UE 39736] UL: SNR = 63.50 dB | SE = 20.778 bit/s/Hz
[74233 ms] [UE 39736] UL: SNR = 63.50 dB | SE = 20.778 bit/s/Hz
[74344 ms] [UE 39736] UL: SNR = 63.50 dB | SE = 20.778 bit/s/Hz
[74444 ms] [UE 39736] UL: SNR = 63.50 dB | SE = 20.778 bit/s/Hz
[74553 ms] [UE 39736] UL: SNR = 63.50 dB | SE = 20.778 bit/s/Hz
[74664 ms] [UE 39736] UL: SNR = 63.50 dB | SE = 20.778 bit/s/Hz
[74773 ms] [UE 39736] UL: SNR = 63.50 dB | SE = 20.778 bit/s/Hz
[74874 ms] [UE 39736] UL: SNR = 63.50 dB | SE = 20.778 bit/s/Hz
[74983 ms] [UE 39736] UL: SNR = 63.50 dB | SE = 20.778 bit/s/Hz
[75084 ms] [UE 39736] UL: SNR = 63.50 dB | SE = 20.778 bit/s/Hz
[75184 ms] [UE 39736] UL: SNR = 63.50 dB | SE = 20.778 bit/s/Hz
[75293 ms] [UE 39736] UL: SNR = 63.50 dB | SE = 20.778 bit/s/Hz
[75394 ms] [UE 39736] UL: SNR = 63.50 dB | SE = 20.778 bit/s/Hz
[75504 ms] [UE 39736] UL: SNR = 63.50 dB | SE = 20.778 bit/s/Hz
[75604 ms] [UE 39736] UL: SNR = 63.50 dB | SE = 20.778 bit/s/Hz
[75713 ms] [UE 39736] UL: SNR = 63.50 dB | SE = 20.778 bit/s/Hz
[75814 ms] [UE 39736] UL: SNR = 63.50 dB | SE = 20.778 bit/s/Hz
[75923 ms] [UE 39736] UL: SNR = 63.50 dB | SE = 20.778 bit/s/Hz
[76024 ms] [UE 39736] UL: SNR = 63.50 dB | SE = 20.778 bit/s/Hz
[76133 ms] [UE 39736] UL: SNR = 63.50 dB | SE = 20.778 bit/s/Hz
[76243 ms] [UE 39736] UL: SNR = 63.50 dB | SE = 20.778 bit/s/Hz
[76353 ms] [UE 39736] UL: SNR = 63.50 dB | SE = 20.778 bit/s/Hz
[76453 ms] [UE 39736] UL: SNR = 63.50 dB | SE = 20.778 bit/s/Hz
[76554 ms] [UE 39736] UL: SNR = 63.50 dB | SE = 20.778 bit/s/Hz
[76654 ms] [UE 39736] UL: SNR = 63.50 dB | SE = 20.778 bit/s/Hz
[76763 ms] [UE 39736] UL: SNR = 63.50 dB | SE = 20.778 bit/s/Hz
[76864 ms] [UE 39736] UL: SNR = 63.50 dB | SE = 20.778 bit/s/Hz
[76964 ms] [UE 39736] UL: SNR = 63.50 dB | SE = 20.778 bit/s/Hz
[77073 ms] [UE 39736] UL: SNR = 63.50 dB | SE = 20.778 bit/s/Hz
[77184 ms] [UE 39736] UL: SNR = 63.50 dB | SE = 20.778 bit/s/Hz
[77293 ms] [UE 39736] UL: SNR = 63.50 dB | SE = 20.778 bit/s/Hz
[77393 ms] [UE 39736] UL: SNR = 63.50 dB | SE = 20.778 bit/s/Hz
[77504 ms] [UE 39736] UL: SNR = 63.50 dB | SE = 20.778 bit/s/Hz
[77613 ms] [UE 39736] UL: SNR = 63.50 dB | SE = 20.778 bit/s/Hz
[77714 ms] [UE 39736] UL: SNR = 63.50 dB | SE = 20.778 bit/s/Hz
[77823 ms] [UE 39736] UL: SNR = 63.50 dB | SE = 20.778 bit/s/Hz
[77924 ms] [UE 39736] UL: SNR = 63.50 dB | SE = 20.778 bit/s/Hz
[78033 ms] [UE 39736] UL: SNR = 63.50 dB | SE = 20.778 bit/s/Hz
[78134 ms] [UE 39736] UL: SNR = 63.50 dB | SE = 20.778 bit/s/Hz
[78243 ms] [UE 39736] UL: SNR = 63.50 dB | SE = 20.778 bit/s/Hz
[78344 ms] [UE 39736] UL: SNR = 63.50 dB | SE = 20.778 bit/s/Hz
[78453 ms] [UE 39736] UL: SNR = 63.50 dB | SE = 20.778 bit/s/Hz
[78554 ms] [UE 39736] UL: SNR = 63.50 dB | SE = 20.778 bit/s/Hz
[78654 ms] [UE 39736] UL: SNR = 63.50 dB | SE = 20.778 bit/s/Hz
[78763 ms] [UE 39736] UL: SNR = 63.50 dB | SE = 20.778 bit/s/Hz
[78873 ms] [UE 39736] UL: SNR = 63.50 dB | SE = 20.778 bit/s/Hz
[78973 ms] [UE 39736] UL: SNR = 63.50 dB | SE = 20.778 bit/s/Hz
[79083 ms] [UE 39736] UL: SNR = 63.50 dB | SE = 20.778 bit/s/Hz
[79183 ms] [UE 39736] UL: SNR = 63.50 dB | SE = 20.778 bit/s/Hz
[79283 ms] [UE 39736] UL: SNR = 63.50 dB | SE = 20.778 bit/s/Hz
[79393 ms] [UE 39736] UL: SNR = 63.50 dB | SE = 20.778 bit/s/Hz
[79494 ms] [UE 39736] UL: SNR = 63.50 dB | SE = 20.778 bit/s/Hz
[79603 ms] [UE 39736] UL: SNR = 63.50 dB | SE = 20.778 bit/s/Hz
[79703 ms] [UE 39736] UL: SNR = 63.50 dB | SE = 20.778 bit/s/Hz
[79804 ms] [UE 39736] UL: SNR = 63.50 dB | SE = 20.778 bit/s/Hz
[79914 ms] [UE 39736] UL: SNR = 63.50 dB | SE = 20.778 bit/s/Hz
[80024 ms] [UE 39736] UL: SNR = 63.50 dB | SE = 20.778 bit/s/Hz
[80133 ms] [UE 39736] UL: SNR = 63.50 dB | SE = 20.778 bit/s/Hz
[80244 ms] [UE 39736] UL: SNR = 63.50 dB | SE = 20.778 bit/s/Hz
[80353 ms] [UE 39736] UL: SNR = 63.50 dB | SE = 20.778 bit/s/Hz
[80454 ms] [UE 39736] UL: SNR = 63.50 dB | SE = 20.778 bit/s/Hz
[80554 ms] [UE 39736] UL: SNR = 63.50 dB | SE = 20.778 bit/s/Hz
[80663 ms] [UE 39736] UL: SNR = 63.50 dB | SE = 20.778 bit/s/Hz
[80763 ms] [UE 39736] UL: SNR = 63.50 dB | SE = 20.778 bit/s/Hz
[80874 ms] [UE 39736] UL: SNR = 63.50 dB | SE = 20.778 bit/s/Hz
[80974 ms] [UE 39736] UL: SNR = 63.50 dB | SE = 20.778 bit/s/Hz
[81084 ms] [UE 39736] UL: SNR = 63.50 dB | SE = 20.778 bit/s/Hz
[81184 ms] [UE 39736] UL: SNR = 63.50 dB | SE = 20.778 bit/s/Hz
[81293 ms] [UE 39736] UL: SNR = 63.50 dB | SE = 20.778 bit/s/Hz
[81393 ms] [UE 39736] UL: SNR = 63.50 dB | SE = 20.778 bit/s/Hz
[81494 ms] [UE 39736] UL: SNR = 63.50 dB | SE = 20.778 bit/s/Hz
[81594 ms] [UE 39736] UL: SNR = 63.50 dB | SE = 20.778 bit/s/Hz
[81703 ms] [UE 39736] UL: SNR = 63.50 dB | SE = 20.778 bit/s/Hz
[81804 ms] [UE 39736] UL: SNR = 63.50 dB | SE = 20.778 bit/s/Hz
[81914 ms] [UE 39736] UL: SNR = 63.50 dB | SE = 20.778 bit/s/Hz
[82014 ms] [UE 39736] UL: SNR = 63.50 dB | SE = 20.778 bit/s/Hz
[82123 ms] [UE 39736] UL: SNR = 63.50 dB | SE = 20.778 bit/s/Hz
[82224 ms] [UE 39736] UL: SNR = 63.50 dB | SE = 20.778 bit/s/Hz
[82324 ms] [UE 39736] UL: SNR = 63.50 dB | SE = 20.778 bit/s/Hz
[82433 ms] [UE 39736] UL: SNR = 63.50 dB | SE = 20.778 bit/s/Hz
[82533 ms] [UE 39736] UL: SNR = 63.50 dB | SE = 20.778 bit/s/Hz
[82644 ms] [UE 39736] UL: SNR = 63.50 dB | SE = 20.778 bit/s/Hz
[82754 ms] [UE 39736] UL: SNR = 63.50 dB | SE = 20.778 bit/s/Hz
[82863 ms] [UE 39736] UL: SNR = 63.50 dB | SE = 20.778 bit/s/Hz
[82964 ms] [UE 39736] UL: SNR = 63.50 dB | SE = 20.778 bit/s/Hz
[83073 ms] [UE 39736] UL: SNR = 63.50 dB | SE = 20.778 bit/s/Hz
[83183 ms] [UE 39736] UL: SNR = 63.50 dB | SE = 20.778 bit/s/Hz
[83283 ms] [UE 39736] UL: SNR = 63.50 dB | SE = 20.778 bit/s/Hz
[83393 ms] [UE 39736] UL: SNR = 63.50 dB | SE = 20.778 bit/s/Hz
[83494 ms] [UE 39736] UL: SNR = 63.50 dB | SE = 20.778 bit/s/Hz
[83603 ms] [UE 39736] UL: SNR = 63.50 dB | SE = 20.778 bit/s/Hz
[83704 ms] [UE 39736] UL: SNR = 63.50 dB | SE = 20.778 bit/s/Hz
[83813 ms] [UE 39736] UL: SNR = 63.50 dB | SE = 20.778 bit/s/Hz
[83914 ms] [UE 39736] UL: SNR = 63.50 dB | SE = 20.778 bit/s/Hz
[84014 ms] [UE 39736] UL: SNR = 63.50 dB | SE = 20.778 bit/s/Hz
[84123 ms] [UE 39736] UL: SNR = 63.50 dB | SE = 20.778 bit/s/Hz
[84233 ms] [UE 39736] UL: SNR = 63.50 dB | SE = 20.778 bit/s/Hz
[84333 ms] [UE 39736] UL: SNR = 63.50 dB | SE = 20.778 bit/s/Hz
[84433 ms] [UE 39736] UL: SNR = 63.50 dB | SE = 20.778 bit/s/Hz
[84544 ms] [UE 39736] UL: SNR = 63.50 dB | SE = 20.778 bit/s/Hz
[84644 ms] [UE 39736] UL: SNR = 63.50 dB | SE = 20.778 bit/s/Hz
[84754 ms] [UE 39736] UL: SNR = 63.50 dB | SE = 20.778 bit/s/Hz
[84864 ms] [UE 39736] UL: SNR = 63.50 dB | SE = 20.778 bit/s/Hz
[84973 ms] [UE 39736] UL: SNR = 63.50 dB | SE = 20.778 bit/s/Hz
[85074 ms] [UE 39736] UL: SNR = 63.50 dB | SE = 20.778 bit/s/Hz
[85174 ms] [UE 39736] UL: SNR = 63.50 dB | SE = 20.778 bit/s/Hz
[85283 ms] [UE 39736] UL: SNR = 63.50 dB | SE = 20.778 bit/s/Hz
[85383 ms] [UE 39736] UL: SNR = 63.50 dB | SE = 20.778 bit/s/Hz
[85494 ms] [UE 39736] UL: SNR = 63.50 dB | SE = 20.778 bit/s/Hz
[85594 ms] [UE 39736] UL: SNR = 63.50 dB | SE = 20.778 bit/s/Hz
[85704 ms] [UE 39736] UL: SNR = 63.50 dB | SE = 20.778 bit/s/Hz
[85814 ms] [UE 39736] UL: SNR = 63.50 dB | SE = 20.778 bit/s/Hz
[85924 ms] [UE 39736] UL: SNR = 63.50 dB | SE = 20.778 bit/s/Hz
[86034 ms] [UE 39736] UL: SNR = 63.50 dB | SE = 20.778 bit/s/Hz
[86143 ms] [UE 39736] UL: SNR = 63.50 dB | SE = 20.778 bit/s/Hz
[86244 ms] [UE 39736] UL: SNR = 63.50 dB | SE = 20.778 bit/s/Hz
[86344 ms] [UE 39736] UL: SNR = 63.50 dB | SE = 20.778 bit/s/Hz
[86454 ms] [UE 39736] UL: SNR = 63.50 dB | SE = 20.778 bit/s/Hz
[86563 ms] [UE 39736] UL: SNR = 63.50 dB | SE = 20.778 bit/s/Hz
[86664 ms] [UE 39736] UL: SNR = 63.50 dB | SE = 20.778 bit/s/Hz
[86774 ms] [UE 39736] UL: SNR = 63.50 dB | SE = 20.778 bit/s/Hz
[86874 ms] [UE 39736] UL: SNR = 63.50 dB | SE = 20.778 bit/s/Hz
[86983 ms] [UE 39736] UL: SNR = 63.50 dB | SE = 20.778 bit/s/Hz
[87083 ms] [UE 39736] UL: SNR = 63.50 dB | SE = 20.778 bit/s/Hz
[87184 ms] [UE 39736] UL: SNR = 63.50 dB | SE = 20.778 bit/s/Hz
[87284 ms] [UE 39736] UL: SNR = 63.50 dB | SE = 20.778 bit/s/Hz
[87393 ms] [UE 39736] UL: SNR = 63.50 dB | SE = 20.778 bit/s/Hz
[87493 ms] [UE 39736] UL: SNR = 63.50 dB | SE = 20.778 bit/s/Hz
[87594 ms] [UE 39736] UL: SNR = 63.50 dB | SE = 20.778 bit/s/Hz
[87704 ms] [UE 39736] UL: SNR = 63.50 dB | SE = 20.778 bit/s/Hz
[87814 ms] [UE 39736] UL: SNR = 63.50 dB | SE = 20.778 bit/s/Hz
[87924 ms] [UE 39736] UL: SNR = 63.50 dB | SE = 20.778 bit/s/Hz
[88033 ms] [UE 39736] UL: SNR = 63.50 dB | SE = 20.778 bit/s/Hz
[88134 ms] [UE 39736] UL: SNR = 63.50 dB | SE = 20.778 bit/s/Hz
[88244 ms] [UE 39736] UL: SNR = 63.50 dB | SE = 20.778 bit/s/Hz
[88354 ms] [UE 39736] UL: SNR = 63.50 dB | SE = 20.778 bit/s/Hz
[88463 ms] [UE 39736] UL: SNR = 63.50 dB | SE = 20.778 bit/s/Hz
[88564 ms] [UE 39736] UL: SNR = 63.50 dB | SE = 20.778 bit/s/Hz
[88673 ms] [UE 39736] UL: SNR = 63.50 dB | SE = 20.778 bit/s/Hz
[88773 ms] [UE 39736] UL: SNR = 63.50 dB | SE = 20.778 bit/s/Hz
[88874 ms] [UE 39736] UL: SNR = 63.50 dB | SE = 20.778 bit/s/Hz
[88984 ms] [UE 39736] UL: SNR = 63.50 dB | SE = 20.778 bit/s/Hz
[89093 ms] [UE 39736] UL: SNR = 63.50 dB | SE = 20.778 bit/s/Hz
[89193 ms] [UE 39736] UL: SNR = 63.50 dB | SE = 20.778 bit/s/Hz
[89294 ms] [UE 39736] UL: SNR = 63.50 dB | SE = 20.778 bit/s/Hz
[89404 ms] [UE 39736] UL: SNR = 63.50 dB | SE = 20.778 bit/s/Hz
[89513 ms] [UE 39736] UL: SNR = 63.50 dB | SE = 20.778 bit/s/Hz
[89614 ms] [UE 39736] UL: SNR = 63.50 dB | SE = 20.778 bit/s/Hz
[89723 ms] [UE 39736] UL: SNR = 63.50 dB | SE = 20.778 bit/s/Hz
[89823 ms] [UE 39736] UL: SNR = 63.50 dB | SE = 20.778 bit/s/Hz
[89924 ms] [UE 39736] UL: SNR = 63.50 dB | SE = 20.778 bit/s/Hz
[xApp]: E42 RIC_SUBSCRIPTION_DELETE_REQUEST tx RAN_FUNC_ID 142 RIC_REQ_ID 1 
[xApp]: E42 SUBSCRIPTION DELETE RESPONSE rx
[xApp]: E42 RIC_SUBSCRIPTION_DELETE_REQUEST tx RAN_FUNC_ID 142 RIC_REQ_ID 2 
[xApp]: E42 SUBSCRIPTION DELETE RESPONSE rx
[xApp]: Sucessfully stopped 
Test xApp run SUCCESSFULLY
