[UTIL]: Setting the config -c file to /usr/local/etc/flexric/flexric.conf
[UTIL]: Setting path -p for the shared libraries to /usr/local/lib/flexric/
[xAapp]: Initializing ... 
[xApp]: nearRT-RIC IP Address = 192.168.70.150, PORT = 36422
[E2 AGENT]: Opening plugin from path = /usr/local/lib/flexric/libkpm_sm.so 
[E2 AGENT]: Opening plugin from path = /usr/local/lib/flexric/libmac_sm.so 
[E2 AGENT]: Opening plugin from path = /usr/local/lib/flexric/libpdcp_sm.so 
[E2 AGENT]: Opening plugin from path = /usr/local/lib/flexric/libgtp_sm.so 
[E2 AGENT]: Opening plugin from path = /usr/local/lib/flexric/librc_sm.so 
[E2 AGENT]: Opening plugin from path = /usr/local/lib/flexric/libtc_sm.so 
[E2 AGENT]: Opening plugin from path = /usr/local/lib/flexric/librlc_sm.so 
[E2 AGENT]: Opening plugin from path = /usr/local/lib/flexric/libslice_sm.so 
[NEAR-RIC]: Loading SM ID = 2 with def = ORAN-E2SM-KPM 
[NEAR-RIC]: Loading SM ID = 142 with def = MAC_STATS_V0 
[NEAR-RIC]: Loading SM ID = 144 with def = PDCP_STATS_V0 
[NEAR-RIC]: Loading SM ID = 148 with def = GTP_STATS_V0 
[NEAR-RIC]: Loading SM ID = 3 with def = ORAN-E2SM-RC 
[NEAR-RIC]: Loading SM ID = 146 with def = TC_STATS_V0 
[NEAR-RIC]: Loading SM ID = 143 with def = RLC_STATS_V0 
[NEAR-RIC]: Loading SM ID = 145 with def = SLICE_STATS_V0 
[xApp]: DB filename = /tmp/flexric/xapp_db 
 [xApp]: E42 SETUP-REQUEST tx
[xApp]: E42 SETUP-RESPONSE rx 
[xApp]: xApp ID = 12 
[xApp]: Registered E2 Nodes = 4 
Connected E2 nodes = 4
[xAPP] Registered node 0 ran func id = 2
[xAPP] Registered node 0 ran func id = 3
[xAPP] Registered node 0 ran func id = 142
[xAPP] Registered node 0 ran func id = 143
[xAPP] Registered node 0 ran func id = 144
[xAPP] Registered node 0 ran func id = 145
[xAPP] Registered node 0 ran func id = 146
[xAPP] Registered node 0 ran func id = 148
[xApp]: E42 RIC SUBSCRIPTION REQUEST tx RAN_FUNC_ID 144 RIC_REQ_ID 1 
[xApp]: SUBSCRIPTION RESPONSE rx
[xApp]: Successfully subscribed to RAN_FUNC_ID 144 
[xAPP] Registered node 1 ran func id = 2
[xAPP] Registered node 1 ran func id = 3
[xAPP] Registered node 1 ran func id = 142
[xAPP] Registered node 1 ran func id = 143
[xAPP] Registered node 1 ran func id = 144
[xAPP] Registered node 1 ran func id = 145
[xAPP] Registered node 1 ran func id = 146
[xAPP] Registered node 1 ran func id = 148
[xAPP] Registered node 2 ran func id = 2
[xAPP] Registered node 2 ran func id = 3
[xAPP] Registered node 2 ran func id = 142
[xAPP] Registered node 2 ran func id = 143
[xAPP] Registered node 2 ran func id = 144
[xAPP] Registered node 2 ran func id = 145
[xAPP] Registered node 2 ran func id = 146
[xAPP] Registered node 2 ran func id = 148
[xApp]: E42 RIC SUBSCRIPTION REQUEST tx RAN_FUNC_ID 142 RIC_REQ_ID 2 
3 ms | now=1755737348726089 us | PDCP ind_msg latency=70869826 us
[xApp]: SUBSCRIPTION RESPONSE rx
[xApp]: Successfully subscribed to RAN_FUNC_ID 142 
[xAPP] Registered node 3 ran func id = 2
[xAPP] Registered node 3 ran func id = 3
[xAPP] Registered node 3 ran func id = 142
[xAPP] Registered node 3 ran func id = 143
[xAPP] Registered node 3 ran func id = 144
[xAPP] Registered node 3 ran func id = 145
[xAPP] Registered node 3 ran func id = 146
[xAPP] Registered node 3 ran func id = 148
[xApp]: E42 RIC SUBSCRIPTION REQUEST tx RAN_FUNC_ID 142 RIC_REQ_ID 3 
[xApp]: SUBSCRIPTION RESPONSE rx
[xApp]: Successfully subscribed to RAN_FUNC_ID 142 
127 ms [UE 45868] UL Throughput = 0.42079 Mbps
237 ms [UE 45868] UL Throughput = 0.76358 Mbps
347 ms [UE 45868] UL Throughput = 0.00000 Mbps
458 ms [UE 45868] UL Throughput = 0.63944 Mbps
567 ms [UE 45868] UL Throughput = 0.72997 Mbps
668 ms [UE 45868] UL Throughput = 0.83180 Mbps
777 ms [UE 45868] UL Throughput = 0.07525 Mbps
877 ms [UE 45868] UL Throughput = 0.75643 Mbps
987 ms [UE 45868] UL Throughput = 0.71764 Mbps
1029 ms | now=1755737349751934 us | PDCP ind_msg latency=70869710 us
1088 ms [UE 45868] UL Throughput = 0.45875 Mbps
1197 ms [UE 45868] UL Throughput = 0.34612 Mbps
1298 ms [UE 45868] UL Throughput = 0.83536 Mbps
1408 ms [UE 45868] UL Throughput = 0.76159 Mbps
1517 ms [UE 45868] UL Throughput = 0.72196 Mbps
1617 ms [UE 45868] UL Throughput = 0.00000 Mbps
1728 ms [UE 45868] UL Throughput = 0.41750 Mbps
1838 ms [UE 45868] UL Throughput = 0.76295 Mbps
1948 ms [UE 45868] UL Throughput = 0.69076 Mbps
2048 ms [UE 45868] UL Throughput = 0.08181 Mbps
2055 ms | now=1755737350777973 us | PDCP ind_msg latency=70869713 us
2157 ms [UE 45868] UL Throughput = 0.64550 Mbps
2257 ms [UE 45868] UL Throughput = 0.46049 Mbps
2359 ms [UE 45868] UL Throughput = 0.45500 Mbps
2469 ms [UE 45868] UL Throughput = 0.00000 Mbps
2577 ms [UE 45868] UL Throughput = 0.69946 Mbps
2677 ms [UE 45868] UL Throughput = 0.70661 Mbps
2787 ms [UE 45868] UL Throughput = 0.72655 Mbps
2888 ms [UE 45868] UL Throughput = 0.46047 Mbps
2988 ms [UE 45868] UL Throughput = 0.37747 Mbps
3080 ms | now=1755737351802324 us | PDCP ind_msg latency=70869993 us
3097 ms [UE 45868] UL Throughput = 0.76877 Mbps
3198 ms [UE 45868] UL Throughput = 0.78388 Mbps
3307 ms [UE 45868] UL Throughput = 0.07469 Mbps
3417 ms [UE 45868] UL Throughput = 0.69135 Mbps
3517 ms [UE 45868] UL Throughput = 0.45981 Mbps
3618 ms [UE 45868] UL Throughput = 0.83820 Mbps
3727 ms [UE 45868] UL Throughput = 0.00000 Mbps
3828 ms [UE 45868] UL Throughput = 0.70499 Mbps
3928 ms [UE 45868] UL Throughput = 0.46019 Mbps
4038 ms [UE 45868] UL Throughput = 0.41689 Mbps
4103 ms | now=1755737352826020 us | PDCP ind_msg latency=70869768 us
4148 ms [UE 45868] UL Throughput = 0.34633 Mbps
4248 ms [UE 45868] UL Throughput = 0.37838 Mbps
4358 ms [UE 45868] UL Throughput = 0.71979 Mbps
4458 ms [UE 45868] UL Throughput = 0.37682 Mbps
4569 ms [UE 45868] UL Throughput = 0.00000 Mbps
4678 ms [UE 45868] UL Throughput = 0.42628 Mbps
4778 ms [UE 45868] UL Throughput = 0.75672 Mbps
4888 ms [UE 45868] UL Throughput = 0.63918 Mbps
4997 ms [UE 45868] UL Throughput = 0.07513 Mbps
5098 ms [UE 45868] UL Throughput = 0.70866 Mbps
5127 ms | now=1755737353850218 us | PDCP ind_msg latency=70869976 us
5207 ms [UE 45868] UL Throughput = 0.77271 Mbps
5307 ms [UE 45868] UL Throughput = 0.83749 Mbps
5418 ms [UE 45868] UL Throughput = 0.00000 Mbps
5528 ms [UE 45868] UL Throughput = 0.71830 Mbps
5637 ms [UE 45868] UL Throughput = 0.42053 Mbps
5737 ms [UE 45868] UL Throughput = 0.45987 Mbps
5838 ms [UE 45868] UL Throughput = 0.37805 Mbps
5948 ms [UE 45868] UL Throughput = 0.69027 Mbps
6057 ms [UE 45868] UL Throughput = 0.37262 Mbps
6151 ms | now=1755737354874053 us | PDCP ind_msg latency=70869828 us
6157 ms [UE 45868] UL Throughput = 0.46076 Mbps
6258 ms [UE 45868] UL Throughput = 0.37764 Mbps
6367 ms [UE 45868] UL Throughput = 0.69260 Mbps
6467 ms [UE 45868] UL Throughput = 0.83877 Mbps
6568 ms [UE 45868] UL Throughput = 0.45889 Mbps
6677 ms [UE 45868] UL Throughput = 0.37391 Mbps
6778 ms [UE 45868] UL Throughput = 0.75613 Mbps
6878 ms [UE 45868] UL Throughput = 0.45996 Mbps
6988 ms [UE 45868] UL Throughput = 0.42011 Mbps
7097 ms [UE 45868] UL Throughput = 0.34487 Mbps
7176 ms | now=1755737355899015 us | PDCP ind_msg latency=70869800 us
7197 ms [UE 45868] UL Throughput = 0.70656 Mbps
7307 ms [UE 45868] UL Throughput = 0.72651 Mbps
7408 ms [UE 45868] UL Throughput = 0.83836 Mbps
7508 ms [UE 45868] UL Throughput = 0.00000 Mbps
7609 ms [UE 45868] UL Throughput = 0.45435 Mbps
7717 ms [UE 45868] UL Throughput = 0.72941 Mbps
7819 ms [UE 45868] UL Throughput = 0.37239 Mbps
7927 ms [UE 45868] UL Throughput = 0.35044 Mbps
8037 ms [UE 45868] UL Throughput = 0.41801 Mbps
8147 ms [UE 45868] UL Throughput = 0.76382 Mbps
8200 ms | now=1755737356923026 us | PDCP ind_msg latency=70869811 us
8247 ms [UE 45868] UL Throughput = 0.37895 Mbps
8357 ms [UE 45868] UL Throughput = 0.29794 Mbps
8458 ms [UE 45868] UL Throughput = 0.46016 Mbps
8568 ms [UE 45868] UL Throughput = 0.76296 Mbps
8678 ms [UE 45868] UL Throughput = 0.34499 Mbps
8788 ms [UE 45868] UL Throughput = 0.34451 Mbps
8897 ms [UE 45868] UL Throughput = 0.37326 Mbps
8997 ms [UE 45868] UL Throughput = 0.83826 Mbps
9107 ms [UE 45868] UL Throughput = 0.34466 Mbps
9217 ms [UE 45868] UL Throughput = 0.34436 Mbps
9224 ms | now=1755737357946915 us | PDCP ind_msg latency=70869694 us
9327 ms [UE 45868] UL Throughput = 0.76474 Mbps
9428 ms [UE 45868] UL Throughput = 0.78465 Mbps
9528 ms [UE 45868] UL Throughput = 0.41983 Mbps
9637 ms [UE 45868] UL Throughput = 0.07489 Mbps
9738 ms [UE 45868] UL Throughput = 0.75507 Mbps
9848 ms [UE 45868] UL Throughput = 0.68789 Mbps
9958 ms [UE 45868] UL Throughput = 0.71467 Mbps
10068 ms [UE 45868] UL Throughput = 0.07444 Mbps
10178 ms [UE 45868] UL Throughput = 0.69306 Mbps
10250 ms | now=1755737358972321 us | PDCP ind_msg latency=70870051 us
10287 ms [UE 45868] UL Throughput = 0.76515 Mbps
10387 ms [UE 45868] UL Throughput = 0.83981 Mbps
10497 ms [UE 45868] UL Throughput = 0.41843 Mbps
10598 ms [UE 45868] UL Throughput = 0.32492 Mbps
10707 ms [UE 45868] UL Throughput = 0.42281 Mbps
10808 ms [UE 45868] UL Throughput = 0.83644 Mbps
10917 ms [UE 45868] UL Throughput = 0.34551 Mbps
11018 ms [UE 45868] UL Throughput = 0.37868 Mbps
11128 ms [UE 45868] UL Throughput = 0.71433 Mbps
11237 ms [UE 45868] UL Throughput = 0.42083 Mbps
11274 ms | now=1755737359997076 us | PDCP ind_msg latency=70869856 us
11348 ms [UE 45868] UL Throughput = 0.41707 Mbps
11458 ms [UE 45868] UL Throughput = 0.34545 Mbps
11567 ms [UE 45868] UL Throughput = 0.68988 Mbps
11678 ms [UE 45868] UL Throughput = 0.71259 Mbps
11787 ms [UE 45868] UL Throughput = 0.73097 Mbps
11887 ms [UE 45868] UL Throughput = 0.46081 Mbps
11998 ms [UE 45868] UL Throughput = 0.00000 Mbps
12108 ms [UE 45868] UL Throughput = 0.41940 Mbps
12217 ms [UE 45868] UL Throughput = 0.64349 Mbps
12300 ms | now=1755737361023046 us | PDCP ind_msg latency=70869827 us
12317 ms [UE 45868] UL Throughput = 0.37869 Mbps
12427 ms [UE 45868] UL Throughput = 0.41966 Mbps
12528 ms [UE 45868] UL Throughput = 0.37827 Mbps
12638 ms [UE 45868] UL Throughput = 0.75714 Mbps
12738 ms [UE 45868] UL Throughput = 0.37887 Mbps
12847 ms [UE 45868] UL Throughput = 0.37593 Mbps
12947 ms [UE 45868] UL Throughput = 0.75755 Mbps
13048 ms [UE 45868] UL Throughput = 0.83765 Mbps
13149 ms [UE 45868] UL Throughput = 0.08125 Mbps
13257 ms [UE 45868] UL Throughput = 0.34813 Mbps
13325 ms | now=1755737362048050 us | PDCP ind_msg latency=70869821 us
13357 ms [UE 45868] UL Throughput = 0.78840 Mbps
13458 ms [UE 45868] UL Throughput = 0.75715 Mbps
13568 ms [UE 45868] UL Throughput = 0.41896 Mbps
13668 ms [UE 45868] UL Throughput = 0.37755 Mbps
13777 ms [UE 45868] UL Throughput = 0.76710 Mbps
13878 ms [UE 45868] UL Throughput = 0.78770 Mbps
13987 ms [UE 45868] UL Throughput = 0.38262 Mbps
14099 ms [UE 45868] UL Throughput = 0.33968 Mbps
14208 ms [UE 45868] UL Throughput = 0.77197 Mbps
14317 ms [UE 45868] UL Throughput = 0.42007 Mbps
14350 ms | now=1755737363073276 us | PDCP ind_msg latency=70870054 us
14418 ms [UE 45868] UL Throughput = 0.08179 Mbps
14519 ms [UE 45868] UL Throughput = 0.69918 Mbps
14628 ms [UE 45868] UL Throughput = 0.69470 Mbps
14738 ms [UE 45868] UL Throughput = 0.76443 Mbps
14838 ms [UE 45868] UL Throughput = 0.00000 Mbps
14947 ms [UE 45868] UL Throughput = 0.69061 Mbps
15058 ms [UE 45868] UL Throughput = 0.71277 Mbps
15167 ms [UE 45868] UL Throughput = 0.42147 Mbps
15268 ms [UE 45868] UL Throughput = 0.45996 Mbps
15374 ms | now=1755737364097270 us | PDCP ind_msg latency=70869989 us
15378 ms [UE 45868] UL Throughput = 0.34479 Mbps
15478 ms [UE 45868] UL Throughput = 0.75668 Mbps
15588 ms [UE 45868] UL Throughput = 0.71710 Mbps
15698 ms [UE 45868] UL Throughput = 0.41966 Mbps
15798 ms [UE 45868] UL Throughput = 0.00000 Mbps
15908 ms [UE 45868] UL Throughput = 0.76507 Mbps
16018 ms [UE 45868] UL Throughput = 0.68819 Mbps
16128 ms [UE 45868] UL Throughput = 0.72012 Mbps
16228 ms [UE 45868] UL Throughput = 0.00000 Mbps
16328 ms [UE 45868] UL Throughput = 0.79882 Mbps
16398 ms | now=1755737365121294 us | PDCP ind_msg latency=70870076 us
16438 ms [UE 45868] UL Throughput = 0.76212 Mbps
16538 ms [UE 45868] UL Throughput = 0.46060 Mbps
16639 ms [UE 45868] UL Throughput = 0.37643 Mbps
16747 ms [UE 45868] UL Throughput = 0.72399 Mbps
16848 ms [UE 45868] UL Throughput = 0.75356 Mbps
16957 ms [UE 45868] UL Throughput = 0.07484 Mbps
17058 ms [UE 45868] UL Throughput = 0.00000 Mbps
17158 ms [UE 45868] UL Throughput = 0.83846 Mbps
17258 ms [UE 45868] UL Throughput = 0.37775 Mbps
17358 ms [UE 45868] UL Throughput = 0.00000 Mbps
17422 ms | now=1755737366145104 us | PDCP ind_msg latency=70869864 us
17468 ms [UE 45868] UL Throughput = 0.34545 Mbps
17577 ms [UE 45868] UL Throughput = 0.76598 Mbps
17678 ms [UE 45868] UL Throughput = 0.37816 Mbps
17787 ms [UE 45868] UL Throughput = 0.00000 Mbps
17888 ms [UE 45868] UL Throughput = 0.40944 Mbps
17998 ms [UE 45868] UL Throughput = 0.68849 Mbps
18098 ms [UE 45868] UL Throughput = 0.37849 Mbps
18198 ms [UE 45868] UL Throughput = 0.37768 Mbps
18307 ms [UE 45868] UL Throughput = 0.42129 Mbps
18408 ms [UE 45868] UL Throughput = 0.78807 Mbps
18446 ms | now=1755737367169222 us | PDCP ind_msg latency=70870002 us
18508 ms [UE 45868] UL Throughput = 0.00000 Mbps
18608 ms [UE 45868] UL Throughput = 0.37838 Mbps
18718 ms [UE 45868] UL Throughput = 0.76531 Mbps
18827 ms [UE 45868] UL Throughput = 0.76684 Mbps
18928 ms [UE 45868] UL Throughput = 0.78565 Mbps
19037 ms [UE 45868] UL Throughput = 0.00000 Mbps
19138 ms [UE 45868] UL Throughput = 0.83888 Mbps
19248 ms [UE 45868] UL Throughput = 0.41908 Mbps
19348 ms [UE 45868] UL Throughput = 0.45873 Mbps
19448 ms [UE 45868] UL Throughput = 0.37835 Mbps
19471 ms | now=1755737368194218 us | PDCP ind_msg latency=70869990 us
19558 ms [UE 45868] UL Throughput = 0.64643 Mbps
19658 ms [UE 45868] UL Throughput = 0.45837 Mbps
19768 ms [UE 45868] UL Throughput = 0.41958 Mbps
19878 ms [UE 45868] UL Throughput = 0.34466 Mbps
19978 ms [UE 45868] UL Throughput = 0.75746 Mbps
20088 ms [UE 45868] UL Throughput = 0.71867 Mbps
20188 ms [UE 45868] UL Throughput = 0.00000 Mbps
20298 ms [UE 45868] UL Throughput = 0.69010 Mbps
20398 ms [UE 45868] UL Throughput = 0.83854 Mbps
20496 ms | now=1755737369219091 us | PDCP ind_msg latency=70869872 us
20508 ms [UE 45868] UL Throughput = 0.76316 Mbps
20608 ms [UE 45868] UL Throughput = 0.00000 Mbps
20718 ms [UE 45868] UL Throughput = 0.71715 Mbps
20828 ms [UE 45868] UL Throughput = 0.73162 Mbps
20937 ms [UE 45868] UL Throughput = 0.76404 Mbps
21038 ms [UE 45868] UL Throughput = 0.45975 Mbps
21147 ms [UE 45868] UL Throughput = 0.34552 Mbps
21248 ms [UE 45868] UL Throughput = 0.78738 Mbps
21348 ms [UE 45868] UL Throughput = 0.83803 Mbps
21457 ms [UE 45868] UL Throughput = 0.07473 Mbps
21521 ms | now=1755737370243513 us | PDCP ind_msg latency=70870248 us
21557 ms [UE 45868] UL Throughput = 0.37888 Mbps
21657 ms [UE 45868] UL Throughput = 0.83913 Mbps
21758 ms [UE 45868] UL Throughput = 0.70108 Mbps
21868 ms [UE 45868] UL Throughput = 0.07495 Mbps
21978 ms [UE 45868] UL Throughput = 0.68805 Mbps
22087 ms [UE 45868] UL Throughput = 0.41995 Mbps
22188 ms [UE 45868] UL Throughput = 0.46061 Mbps
22288 ms [UE 45868] UL Throughput = 0.00000 Mbps
22398 ms [UE 45868] UL Throughput = 0.64330 Mbps
22498 ms [UE 45868] UL Throughput = 0.75770 Mbps
22544 ms | now=1755737371267238 us | PDCP ind_msg latency=70870016 us
22607 ms [UE 45868] UL Throughput = 0.76381 Mbps
22708 ms [UE 45868] UL Throughput = 0.00000 Mbps
22818 ms [UE 45868] UL Throughput = 0.68706 Mbps
22927 ms [UE 45868] UL Throughput = 0.72107 Mbps
23028 ms [UE 45868] UL Throughput = 0.79584 Mbps
23128 ms [UE 45868] UL Throughput = 0.08190 Mbps
23229 ms [UE 45868] UL Throughput = 0.74867 Mbps
23338 ms [UE 45868] UL Throughput = 0.77161 Mbps
23439 ms [UE 45868] UL Throughput = 0.45784 Mbps
23540 ms [UE 45868] UL Throughput = 0.32459 Mbps
23570 ms | now=1755737372292314 us | PDCP ind_msg latency=70870068 us
23648 ms [UE 45868] UL Throughput = 0.77772 Mbps
23748 ms [UE 45868] UL Throughput = 0.83743 Mbps
23857 ms [UE 45868] UL Throughput = 0.07472 Mbps
23958 ms [UE 45868] UL Throughput = 0.37641 Mbps
24068 ms [UE 45868] UL Throughput = 0.71796 Mbps
24178 ms [UE 45868] UL Throughput = 0.34408 Mbps
24288 ms [UE 45868] UL Throughput = 0.34572 Mbps
24388 ms [UE 45868] UL Throughput = 0.83560 Mbps
24498 ms [UE 45868] UL Throughput = 0.76618 Mbps
24595 ms | now=1755737373318208 us | PDCP ind_msg latency=70869988 us
24598 ms [UE 45868] UL Throughput = 0.46065 Mbps
24708 ms [UE 45868] UL Throughput = 0.29783 Mbps
24818 ms [UE 45868] UL Throughput = 0.76487 Mbps
24918 ms [UE 45868] UL Throughput = 0.83756 Mbps
25028 ms [UE 45868] UL Throughput = 0.41997 Mbps
25129 ms [UE 45868] UL Throughput = 0.37494 Mbps
25238 ms [UE 45868] UL Throughput = 0.72125 Mbps
25339 ms [UE 45868] UL Throughput = 0.79103 Mbps
25448 ms [UE 45868] UL Throughput = 0.07559 Mbps
25548 ms [UE 45868] UL Throughput = 0.75525 Mbps
25621 ms | now=1755737374343467 us | PDCP ind_msg latency=70870251 us
25648 ms [UE 45868] UL Throughput = 0.83903 Mbps
25758 ms [UE 45868] UL Throughput = 0.71533 Mbps
25868 ms [UE 45868] UL Throughput = 0.07493 Mbps
25968 ms [UE 45868] UL Throughput = 0.00000 Mbps
26078 ms [UE 45868] UL Throughput = 0.41948 Mbps
26178 ms [UE 45868] UL Throughput = 0.75548 Mbps
26288 ms [UE 45868] UL Throughput = 0.34512 Mbps
26398 ms [UE 45868] UL Throughput = 0.29789 Mbps
26508 ms [UE 45868] UL Throughput = 0.76079 Mbps
26618 ms [UE 45868] UL Throughput = 0.76678 Mbps
26646 ms | now=1755737375368444 us | PDCP ind_msg latency=70870164 us
26719 ms [UE 45868] UL Throughput = 0.08113 Mbps
26829 ms [UE 45868] UL Throughput = 0.34390 Mbps
26939 ms [UE 45868] UL Throughput = 0.71838 Mbps
27048 ms [UE 45868] UL Throughput = 0.69439 Mbps
27151 ms [UE 45868] UL Throughput = 0.81735 Mbps
27258 ms [UE 45868] UL Throughput = 0.07609 Mbps
27368 ms [UE 45868] UL Throughput = 0.68969 Mbps
27478 ms [UE 45868] UL Throughput = 0.71742 Mbps
27579 ms [UE 45868] UL Throughput = 0.79143 Mbps
27669 ms | now=1755737376392130 us | PDCP ind_msg latency=70869909 us
27688 ms [UE 45868] UL Throughput = 0.07529 Mbps
27788 ms [UE 45868] UL Throughput = 0.75753 Mbps
27898 ms [UE 45868] UL Throughput = 0.76374 Mbps
28008 ms [UE 45868] UL Throughput = 0.71730 Mbps
28108 ms [UE 45868] UL Throughput = 0.08155 Mbps
28218 ms [UE 45868] UL Throughput = 0.69132 Mbps
28328 ms [UE 45868] UL Throughput = 0.76398 Mbps
28438 ms [UE 45868] UL Throughput = 0.76400 Mbps
28538 ms [UE 45868] UL Throughput = 0.45958 Mbps
28649 ms [UE 45868] UL Throughput = 0.29581 Mbps
28695 ms | now=1755737377417325 us | PDCP ind_msg latency=70870104 us
28758 ms [UE 45868] UL Throughput = 0.76725 Mbps
28867 ms [UE 45868] UL Throughput = 0.42203 Mbps
28968 ms [UE 45868] UL Throughput = 0.45903 Mbps
29068 ms [UE 45868] UL Throughput = 0.37896 Mbps
29179 ms [UE 45868] UL Throughput = 0.63701 Mbps
29288 ms [UE 45868] UL Throughput = 0.77159 Mbps
29388 ms [UE 45868] UL Throughput = 0.46057 Mbps
29488 ms [UE 45868] UL Throughput = 0.37841 Mbps
29598 ms [UE 45868] UL Throughput = 0.41933 Mbps
29708 ms [UE 45868] UL Throughput = 0.71855 Mbps
29719 ms | now=1755737378442251 us | PDCP ind_msg latency=70870013 us
29808 ms [UE 45868] UL Throughput = 0.00000 Mbps
29909 ms [UE 45868] UL Throughput = 0.37341 Mbps
30018 ms [UE 45868] UL Throughput = 0.77378 Mbps
30118 ms [UE 45868] UL Throughput = 0.46056 Mbps
30218 ms [UE 45868] UL Throughput = 0.37771 Mbps
30328 ms [UE 45868] UL Throughput = 0.71820 Mbps
30438 ms [UE 45868] UL Throughput = 0.76577 Mbps
30548 ms [UE 45868] UL Throughput = 0.07445 Mbps
30658 ms [UE 45868] UL Throughput = 0.34438 Mbps
30745 ms | now=1755737379467478 us | PDCP ind_msg latency=70870180 us
30758 ms [UE 45868] UL Throughput = 0.83654 Mbps
30868 ms [UE 45868] UL Throughput = 0.64520 Mbps
30968 ms [UE 45868] UL Throughput = 0.45866 Mbps
31078 ms [UE 45868] UL Throughput = 0.34635 Mbps
31178 ms [UE 45868] UL Throughput = 0.08185 Mbps
31279 ms [UE 45868] UL Throughput = 0.82981 Mbps
31387 ms [UE 45868] UL Throughput = 0.00000 Mbps
31488 ms [UE 45868] UL Throughput = 0.37744 Mbps
31598 ms [UE 45868] UL Throughput = 0.68897 Mbps
31698 ms [UE 45868] UL Throughput = 0.08144 Mbps
31769 ms | now=1755737380491753 us | PDCP ind_msg latency=70870538 us
31809 ms [UE 45868] UL Throughput = 0.34394 Mbps
31918 ms [UE 45868] UL Throughput = 0.42097 Mbps
32028 ms [UE 45868] UL Throughput = 0.64392 Mbps
32138 ms [UE 45868] UL Throughput = 0.34468 Mbps
32239 ms [UE 45868] UL Throughput = 0.08129 Mbps
32348 ms [UE 45868] UL Throughput = 0.34657 Mbps
32459 ms [UE 45868] UL Throughput = 0.75410 Mbps
32568 ms [UE 45868] UL Throughput = 0.65189 Mbps
32678 ms [UE 45868] UL Throughput = 0.76093 Mbps
32788 ms [UE 45868] UL Throughput = 0.07460 Mbps
32793 ms | now=1755737381516247 us | PDCP ind_msg latency=70870025 us
32890 ms [UE 45868] UL Throughput = 0.37015 Mbps
32998 ms [UE 45868] UL Throughput = 0.78088 Mbps
33108 ms [UE 45868] UL Throughput = 0.64134 Mbps
33218 ms [UE 45868] UL Throughput = 0.41960 Mbps
33318 ms [UE 45868] UL Throughput = 0.37848 Mbps
33429 ms [UE 45868] UL Throughput = 0.75675 Mbps
33538 ms [UE 45868] UL Throughput = 0.77121 Mbps
33640 ms [UE 45868] UL Throughput = 0.45270 Mbps
33748 ms [UE 45868] UL Throughput = 0.37851 Mbps
33819 ms | now=1755737382541836 us | PDCP ind_msg latency=70870512 us
33858 ms [UE 45868] UL Throughput = 0.68963 Mbps
33958 ms [UE 45868] UL Throughput = 0.83805 Mbps
34068 ms [UE 45868] UL Throughput = 0.76632 Mbps
34168 ms [UE 45868] UL Throughput = 0.00000 Mbps
34278 ms [UE 45868] UL Throughput = 0.71743 Mbps
34378 ms [UE 45868] UL Throughput = 0.41959 Mbps
34488 ms [UE 45868] UL Throughput = 0.76294 Mbps
34598 ms [UE 45868] UL Throughput = 0.00000 Mbps
34708 ms [UE 45868] UL Throughput = 0.68908 Mbps
34818 ms [UE 45868] UL Throughput = 0.71833 Mbps
34844 ms | now=1755737383567234 us | PDCP ind_msg latency=70870013 us
34918 ms [UE 45868] UL Throughput = 0.83870 Mbps
35018 ms [UE 45868] UL Throughput = 0.00000 Mbps
35128 ms [UE 45868] UL Throughput = 0.76146 Mbps
35238 ms [UE 45868] UL Throughput = 0.42131 Mbps
35338 ms [UE 45868] UL Throughput = 0.45796 Mbps
35440 ms [UE 45868] UL Throughput = 0.32277 Mbps
35548 ms [UE 45868] UL Throughput = 0.70034 Mbps
35658 ms [UE 45868] UL Throughput = 0.76656 Mbps
35758 ms [UE 45868] UL Throughput = 0.08179 Mbps
35869 ms | now=1755737384591354 us | PDCP ind_msg latency=70870120 us
35869 ms [UE 45868] UL Throughput = 0.33987 Mbps
35978 ms [UE 45868] UL Throughput = 0.72785 Mbps
36080 ms [UE 45868] UL Throughput = 0.73980 Mbps
36188 ms [UE 45868] UL Throughput = 0.00000 Mbps
36298 ms [UE 45868] UL Throughput = 0.76639 Mbps
36398 ms [UE 45868] UL Throughput = 0.83807 Mbps
36508 ms [UE 45868] UL Throughput = 0.41725 Mbps
36618 ms [UE 45868] UL Throughput = 0.37355 Mbps
36728 ms [UE 45868] UL Throughput = 0.65226 Mbps
36828 ms [UE 45868] UL Throughput = 0.83887 Mbps
36893 ms | now=1755737385615432 us | PDCP ind_msg latency=70870192 us
36938 ms [UE 45868] UL Throughput = 0.76259 Mbps
37039 ms [UE 45868] UL Throughput = 0.08143 Mbps
37149 ms [UE 45868] UL Throughput = 0.29806 Mbps
37258 ms [UE 45868] UL Throughput = 0.76835 Mbps
37368 ms [UE 45868] UL Throughput = 0.69106 Mbps
37468 ms [UE 45868] UL Throughput = 0.46030 Mbps
37568 ms [UE 45868] UL Throughput = 0.37874 Mbps
37668 ms [UE 45868] UL Throughput = 0.78826 Mbps
37778 ms [UE 45868] UL Throughput = 0.07420 Mbps
37879 ms [UE 45868] UL Throughput = 0.08160 Mbps
37917 ms | now=1755737386639492 us | PDCP ind_msg latency=70870249 us
37988 ms [UE 45868] UL Throughput = 0.69230 Mbps
38098 ms [UE 45868] UL Throughput = 0.69128 Mbps
38208 ms [UE 45868] UL Throughput = 0.71600 Mbps
38318 ms [UE 45868] UL Throughput = 0.41910 Mbps
38418 ms [UE 45868] UL Throughput = 0.00000 Mbps
38528 ms [UE 45868] UL Throughput = 0.41873 Mbps
38638 ms [UE 45868] UL Throughput = 0.69166 Mbps
38739 ms [UE 45868] UL Throughput = 0.37249 Mbps
38848 ms [UE 45868] UL Throughput = 0.30202 Mbps
38943 ms | now=1755737387665332 us | PDCP ind_msg latency=70870094 us
38950 ms [UE 45868] UL Throughput = 0.08042 Mbps
39058 ms [UE 45868] UL Throughput = 0.77685 Mbps
39158 ms [UE 45868] UL Throughput = 0.33791 Mbps
39258 ms [UE 45868] UL Throughput = 0.37883 Mbps
39368 ms [UE 45868] UL Throughput = 0.71600 Mbps
39478 ms [UE 45868] UL Throughput = 0.41946 Mbps
39578 ms [UE 45868] UL Throughput = 0.00000 Mbps
39681 ms [UE 45868] UL Throughput = 0.81892 Mbps
39788 ms [UE 45868] UL Throughput = 0.70504 Mbps
39899 ms [UE 45868] UL Throughput = 0.41776 Mbps
39969 ms | now=1755737388691375 us | PDCP ind_msg latency=70870155 us
40000 ms [UE 45868] UL Throughput = 0.32450 Mbps
40108 ms [UE 45868] UL Throughput = 0.77395 Mbps
40218 ms [UE 45868] UL Throughput = 0.76508 Mbps
40318 ms [UE 45868] UL Throughput = 0.08187 Mbps
40418 ms [UE 45868] UL Throughput = 0.37886 Mbps
40518 ms [UE 45868] UL Throughput = 0.78698 Mbps
40620 ms [UE 45868] UL Throughput = 0.37054 Mbps
40728 ms [UE 45868] UL Throughput = 0.35150 Mbps
40838 ms [UE 45868] UL Throughput = 0.42050 Mbps
40938 ms [UE 45868] UL Throughput = 0.75645 Mbps
40994 ms | now=1755737389716376 us | PDCP ind_msg latency=70870154 us
41048 ms [UE 45868] UL Throughput = 0.34499 Mbps
41148 ms [UE 45868] UL Throughput = 0.32751 Mbps
41258 ms [UE 45868] UL Throughput = 0.72465 Mbps
41368 ms [UE 45868] UL Throughput = 0.76511 Mbps
41478 ms [UE 45868] UL Throughput = 0.69000 Mbps
41578 ms [UE 45868] UL Throughput = 0.00000 Mbps
41678 ms [UE 45868] UL Throughput = 0.78469 Mbps
41788 ms [UE 45868] UL Throughput = 0.76724 Mbps
41888 ms [UE 45868] UL Throughput = 0.45828 Mbps
41998 ms [UE 45868] UL Throughput = 0.34632 Mbps
42018 ms | now=1755737390740754 us | PDCP ind_msg latency=70870520 us
42098 ms [UE 45868] UL Throughput = 0.83860 Mbps
42208 ms [UE 45868] UL Throughput = 0.71811 Mbps
42318 ms [UE 45868] UL Throughput = 0.41824 Mbps
42420 ms [UE 45868] UL Throughput = 0.36999 Mbps
42528 ms [UE 45868] UL Throughput = 0.78140 Mbps
42638 ms [UE 45868] UL Throughput = 0.34433 Mbps
42748 ms [UE 45868] UL Throughput = 0.41917 Mbps
42848 ms [UE 45868] UL Throughput = 0.32768 Mbps
42958 ms [UE 45868] UL Throughput = 0.76366 Mbps
43043 ms | now=1755737391766099 us | PDCP ind_msg latency=70870879 us
43058 ms [UE 45868] UL Throughput = 0.46058 Mbps
43158 ms [UE 45868] UL Throughput = 0.00000 Mbps
43271 ms [UE 45868] UL Throughput = 0.40868 Mbps
43378 ms [UE 45868] UL Throughput = 0.65970 Mbps
43479 ms [UE 45868] UL Throughput = 0.00000 Mbps
43588 ms [UE 45868] UL Throughput = 0.42342 Mbps
43688 ms [UE 45868] UL Throughput = 0.37854 Mbps
43788 ms [UE 45868] UL Throughput = 0.46037 Mbps
43898 ms [UE 45868] UL Throughput = 0.64206 Mbps
43998 ms [UE 45868] UL Throughput = 0.00000 Mbps
44069 ms | now=1755737392791481 us | PDCP ind_msg latency=70870244 us
44108 ms [UE 45868] UL Throughput = 0.68808 Mbps
44218 ms [UE 45868] UL Throughput = 0.76585 Mbps
44318 ms [UE 45868] UL Throughput = 0.45965 Mbps
44428 ms [UE 45868] UL Throughput = 0.34540 Mbps
44528 ms [UE 45868] UL Throughput = 0.78780 Mbps
44638 ms [UE 45868] UL Throughput = 0.76553 Mbps
44748 ms [UE 45868] UL Throughput = 0.76249 Mbps
44858 ms [UE 45868] UL Throughput = 0.07433 Mbps
44968 ms [UE 45868] UL Throughput = 0.68983 Mbps
45068 ms [UE 45868] UL Throughput = 0.78821 Mbps
45095 ms | now=1755737393817489 us | PDCP ind_msg latency=70870270 us
45168 ms [UE 45868] UL Throughput = 0.45985 Mbps
45279 ms [UE 45868] UL Throughput = 0.34366 Mbps
45388 ms [UE 45868] UL Throughput = 0.76605 Mbps
45498 ms [UE 45868] UL Throughput = 0.76708 Mbps
45598 ms [UE 45868] UL Throughput = 0.78641 Mbps
45708 ms [UE 45868] UL Throughput = 0.07450 Mbps
45811 ms [UE 45868] UL Throughput = 0.69627 Mbps
45918 ms [UE 45868] UL Throughput = 0.78557 Mbps
46018 ms [UE 45868] UL Throughput = 0.83719 Mbps
46119 ms [UE 45868] UL Throughput = 0.08117 Mbps
46120 ms | now=1755737394842791 us | PDCP ind_msg latency=70870485 us
46228 ms [UE 45868] UL Throughput = 0.64936 Mbps
46328 ms [UE 45868] UL Throughput = 0.83919 Mbps
46428 ms [UE 45868] UL Throughput = 0.83795 Mbps
46528 ms [UE 45868] UL Throughput = 0.08173 Mbps
46631 ms [UE 45868] UL Throughput = 0.74055 Mbps
46738 ms [UE 45868] UL Throughput = 0.73494 Mbps
46838 ms [UE 45868] UL Throughput = 0.83984 Mbps
46948 ms [UE 45868] UL Throughput = 0.00000 Mbps
47058 ms [UE 45868] UL Throughput = 0.76238 Mbps
47147 ms | now=1755737395869466 us | PDCP ind_msg latency=70870253 us
47168 ms [UE 45868] UL Throughput = 0.76451 Mbps
47278 ms [UE 45868] UL Throughput = 0.71626 Mbps
47389 ms [UE 45868] UL Throughput = 0.07417 Mbps
47498 ms [UE 45868] UL Throughput = 0.34671 Mbps
47598 ms [UE 45868] UL Throughput = 0.83859 Mbps
47698 ms [UE 45868] UL Throughput = 0.75737 Mbps
47798 ms [UE 45868] UL Throughput = 0.00000 Mbps
47908 ms [UE 45868] UL Throughput = 0.71992 Mbps
48018 ms [UE 45868] UL Throughput = 0.72759 Mbps
48120 ms [UE 45868] UL Throughput = 0.82566 Mbps
48172 ms | now=1755737396894516 us | PDCP ind_msg latency=70870297 us
48229 ms [UE 45868] UL Throughput = 0.07505 Mbps
48338 ms [UE 45868] UL Throughput = 0.34731 Mbps
48438 ms [UE 45868] UL Throughput = 0.78623 Mbps
48538 ms [UE 45868] UL Throughput = 0.37890 Mbps
48648 ms [UE 45868] UL Throughput = 0.00000 Mbps
48758 ms [UE 45868] UL Throughput = 0.76430 Mbps
48858 ms [UE 45868] UL Throughput = 0.37858 Mbps
48959 ms [UE 45868] UL Throughput = 0.78310 Mbps
49068 ms [UE 45868] UL Throughput = 0.00000 Mbps
49168 ms [UE 45868] UL Throughput = 0.75616 Mbps
49197 ms | now=1755737397920035 us | PDCP ind_msg latency=70870686 us
49278 ms [UE 45868] UL Throughput = 0.76429 Mbps
49388 ms [UE 45868] UL Throughput = 0.76226 Mbps
49488 ms [UE 45868] UL Throughput = 0.08180 Mbps
49589 ms [UE 45868] UL Throughput = 0.70017 Mbps
49698 ms [UE 45868] UL Throughput = 0.76849 Mbps
49808 ms [UE 45868] UL Throughput = 0.76617 Mbps
49918 ms [UE 45868] UL Throughput = 0.76274 Mbps
50018 ms [UE 45868] UL Throughput = 0.00000 Mbps
50128 ms [UE 45868] UL Throughput = 0.71789 Mbps
50221 ms | now=1755737398943981 us | PDCP ind_msg latency=70870751 us
50228 ms [UE 45868] UL Throughput = 0.41971 Mbps
50339 ms [UE 45868] UL Throughput = 0.41481 Mbps
50448 ms [UE 45868] UL Throughput = 0.34849 Mbps
50549 ms [UE 45868] UL Throughput = 0.75291 Mbps
50658 ms [UE 45868] UL Throughput = 0.71984 Mbps
50769 ms [UE 45868] UL Throughput = 0.07368 Mbps
50878 ms [UE 45868] UL Throughput = 0.34854 Mbps
50978 ms [UE 45868] UL Throughput = 0.83800 Mbps
51088 ms [UE 45868] UL Throughput = 0.69127 Mbps
51199 ms [UE 45868] UL Throughput = 0.71183 Mbps
51247 ms | now=1755737399969451 us | PDCP ind_msg latency=70870230 us
51308 ms [UE 45868] UL Throughput = 0.07476 Mbps
51418 ms [UE 45868] UL Throughput = 0.69103 Mbps
51518 ms [UE 45868] UL Throughput = 0.45941 Mbps
51618 ms [UE 45868] UL Throughput = 0.46087 Mbps
51728 ms [UE 45868] UL Throughput = 0.34583 Mbps
51828 ms [UE 45868] UL Throughput = 0.70659 Mbps
51938 ms [UE 45868] UL Throughput = 0.76341 Mbps
52038 ms [UE 45868] UL Throughput = 0.46064 Mbps
52138 ms [UE 45868] UL Throughput = 0.37816 Mbps
52248 ms [UE 45868] UL Throughput = 0.76517 Mbps
52271 ms | now=1755737400993723 us | PDCP ind_msg latency=70870509 us
52348 ms [UE 45868] UL Throughput = 0.40958 Mbps
52448 ms [UE 45868] UL Throughput = 0.41969 Mbps
52558 ms [UE 45868] UL Throughput = 0.34430 Mbps
52660 ms [UE 45868] UL Throughput = 0.74510 Mbps
52769 ms [UE 45868] UL Throughput = 0.77202 Mbps
52878 ms [UE 45868] UL Throughput = 0.07462 Mbps
52988 ms [UE 45868] UL Throughput = 0.64471 Mbps
53088 ms [UE 45868] UL Throughput = 0.83780 Mbps
53198 ms [UE 45868] UL Throughput = 0.76405 Mbps
53296 ms | now=1755737402018595 us | PDCP ind_msg latency=70870326 us
53310 ms [UE 45868] UL Throughput = 0.00000 Mbps
53418 ms [UE 45868] UL Throughput = 0.42680 Mbps
53518 ms [UE 45868] UL Throughput = 0.40875 Mbps
53629 ms [UE 45868] UL Throughput = 0.34375 Mbps
53729 ms [UE 45868] UL Throughput = 0.00000 Mbps
53838 ms [UE 45868] UL Throughput = 0.69426 Mbps
53938 ms [UE 45868] UL Throughput = 0.75740 Mbps
54048 ms [UE 45868] UL Throughput = 0.71601 Mbps
54158 ms [UE 45868] UL Throughput = 0.41999 Mbps
54258 ms [UE 45868] UL Throughput = 0.37887 Mbps
54320 ms | now=1755737403042652 us | PDCP ind_msg latency=70870425 us
54358 ms [UE 45868] UL Throughput = 0.83883 Mbps
54458 ms [UE 45868] UL Throughput = 0.83641 Mbps
54568 ms [UE 45868] UL Throughput = 0.07478 Mbps
54668 ms [UE 45868] UL Throughput = 0.70402 Mbps
54778 ms [UE 45868] UL Throughput = 0.72899 Mbps
54878 ms [UE 45868] UL Throughput = 0.45991 Mbps
54978 ms [UE 45868] UL Throughput = 0.08181 Mbps
55080 ms [UE 45868] UL Throughput = 0.37272 Mbps
55188 ms [UE 45868] UL Throughput = 0.65534 Mbps
55288 ms [UE 45868] UL Throughput = 0.37765 Mbps
55345 ms | now=1755737404067582 us | PDCP ind_msg latency=70870364 us
55398 ms [UE 45868] UL Throughput = 0.34523 Mbps
55498 ms [UE 45868] UL Throughput = 0.46044 Mbps
55598 ms [UE 45868] UL Throughput = 0.45985 Mbps
55708 ms [UE 45868] UL Throughput = 0.34595 Mbps
55808 ms [UE 45868] UL Throughput = 0.32769 Mbps
55908 ms [UE 45868] UL Throughput = 0.37682 Mbps
56018 ms [UE 45868] UL Throughput = 0.41907 Mbps
56128 ms [UE 45868] UL Throughput = 0.69196 Mbps
56238 ms [UE 45868] UL Throughput = 0.00000 Mbps
56348 ms [UE 45868] UL Throughput = 0.64501 Mbps
56369 ms | now=1755737405092062 us | PDCP ind_msg latency=70870837 us
56448 ms [UE 45868] UL Throughput = 0.83526 Mbps
56558 ms [UE 45868] UL Throughput = 0.76710 Mbps
56658 ms [UE 45868] UL Throughput = 0.08149 Mbps
56768 ms [UE 45868] UL Throughput = 0.69147 Mbps
56878 ms [UE 45868] UL Throughput = 0.71570 Mbps
56979 ms [UE 45868] UL Throughput = 0.41520 Mbps
57088 ms [UE 45868] UL Throughput = 0.34782 Mbps
57198 ms [UE 45868] UL Throughput = 0.76460 Mbps
57298 ms [UE 45868] UL Throughput = 0.83895 Mbps
57394 ms | now=1755737406116772 us | PDCP ind_msg latency=70870497 us
57408 ms [UE 45868] UL Throughput = 0.41984 Mbps
57508 ms [UE 45868] UL Throughput = 0.32776 Mbps
57618 ms [UE 45868] UL Throughput = 0.41956 Mbps
57718 ms [UE 45868] UL Throughput = 0.83613 Mbps
57828 ms [UE 45868] UL Throughput = 0.00000 Mbps
57928 ms [UE 45868] UL Throughput = 0.75571 Mbps
58038 ms [UE 45868] UL Throughput = 0.71634 Mbps
58148 ms [UE 45868] UL Throughput = 0.41991 Mbps
58249 ms [UE 45868] UL Throughput = 0.00000 Mbps
58358 ms [UE 45868] UL Throughput = 0.76989 Mbps
58420 ms | now=1755737407142816 us | PDCP ind_msg latency=70870474 us
58458 ms [UE 45868] UL Throughput = 0.75683 Mbps
58568 ms [UE 45868] UL Throughput = 0.71792 Mbps
58668 ms [UE 45868] UL Throughput = 0.08181 Mbps
58768 ms [UE 45868] UL Throughput = 0.75744 Mbps
58868 ms [UE 45868] UL Throughput = 0.83902 Mbps
58978 ms [UE 45868] UL Throughput = 0.76373 Mbps
59079 ms [UE 45868] UL Throughput = 0.08128 Mbps
59188 ms [UE 45868] UL Throughput = 0.64881 Mbps
59288 ms [UE 45868] UL Throughput = 0.79829 Mbps
59398 ms [UE 45868] UL Throughput = 0.76325 Mbps
59445 ms | now=1755737408167743 us | PDCP ind_msg latency=70870485 us
59498 ms [UE 45868] UL Throughput = 0.00000 Mbps
59598 ms [UE 45868] UL Throughput = 0.83704 Mbps
59699 ms [UE 45868] UL Throughput = 0.78382 Mbps
59808 ms [UE 45868] UL Throughput = 0.07514 Mbps
59908 ms [UE 45868] UL Throughput = 0.37871 Mbps
60018 ms [UE 45868] UL Throughput = 0.41945 Mbps
60118 ms [UE 45868] UL Throughput = 0.37799 Mbps
60229 ms [UE 45868] UL Throughput = 0.34235 Mbps
60338 ms [UE 45868] UL Throughput = 0.64821 Mbps
60439 ms [UE 45868] UL Throughput = 0.45745 Mbps
60472 ms | now=1755737409194803 us | PDCP ind_msg latency=70870580 us
60548 ms [UE 45868] UL Throughput = 0.07478 Mbps
60649 ms [UE 45868] UL Throughput = 0.37517 Mbps
60758 ms [UE 45868] UL Throughput = 0.69571 Mbps
60858 ms [UE 45868] UL Throughput = 0.37857 Mbps
60968 ms [UE 45868] UL Throughput = 0.29777 Mbps
61078 ms [UE 45868] UL Throughput = 0.76572 Mbps
61178 ms [UE 45868] UL Throughput = 0.83862 Mbps
61279 ms [UE 45868] UL Throughput = 0.45835 Mbps
61388 ms [UE 45868] UL Throughput = 0.34726 Mbps
61488 ms [UE 45868] UL Throughput = 0.78656 Mbps
61497 ms | now=1755737410219754 us | PDCP ind_msg latency=70870466 us
61598 ms [UE 45868] UL Throughput = 0.72738 Mbps
61699 ms [UE 45868] UL Throughput = 0.08158 Mbps
61808 ms [UE 45868] UL Throughput = 0.34559 Mbps
61908 ms [UE 45868] UL Throughput = 0.83962 Mbps
62018 ms [UE 45868] UL Throughput = 0.34400 Mbps
62128 ms [UE 45868] UL Throughput = 0.07451 Mbps
62239 ms [UE 45868] UL Throughput = 0.34357 Mbps
62348 ms [UE 45868] UL Throughput = 0.76510 Mbps
62458 ms [UE 45868] UL Throughput = 0.68887 Mbps
62522 ms | now=1755737411244828 us | PDCP ind_msg latency=70870609 us
62568 ms [UE 45868] UL Throughput = 0.41970 Mbps
62668 ms [UE 45868] UL Throughput = 0.32703 Mbps
62778 ms [UE 45868] UL Throughput = 0.76600 Mbps
62878 ms [UE 45868] UL Throughput = 0.83652 Mbps
62988 ms [UE 45868] UL Throughput = 0.07466 Mbps
63088 ms [UE 45868] UL Throughput = 0.37830 Mbps
63198 ms [UE 45868] UL Throughput = 0.71814 Mbps
63298 ms [UE 45868] UL Throughput = 0.75787 Mbps
63399 ms [UE 45868] UL Throughput = 0.08144 Mbps
63509 ms [UE 45868] UL Throughput = 0.34516 Mbps
63546 ms | now=1755737412268830 us | PDCP ind_msg latency=70870610 us
63618 ms [UE 45868] UL Throughput = 0.76444 Mbps
63728 ms [UE 45868] UL Throughput = 0.64464 Mbps
63838 ms [UE 45868] UL Throughput = 0.72537 Mbps
63948 ms [UE 45868] UL Throughput = 0.07440 Mbps
64058 ms [UE 45868] UL Throughput = 0.68971 Mbps
64168 ms [UE 45868] UL Throughput = 0.76462 Mbps
64269 ms [UE 45868] UL Throughput = 0.78317 Mbps
64378 ms [UE 45868] UL Throughput = 0.42032 Mbps
64488 ms [UE 45868] UL Throughput = 0.34587 Mbps
64572 ms | now=1755737413294796 us | PDCP ind_msg latency=70870577 us
64588 ms [UE 45868] UL Throughput = 0.83822 Mbps
64689 ms [UE 45868] UL Throughput = 0.83579 Mbps
64798 ms [UE 45868] UL Throughput = 0.07463 Mbps
64908 ms [UE 45868] UL Throughput = 0.64408 Mbps
65018 ms [UE 45868] UL Throughput = 0.76317 Mbps
65128 ms [UE 45868] UL Throughput = 0.41838 Mbps
65238 ms [UE 45868] UL Throughput = 0.76308 Mbps
65348 ms [UE 45868] UL Throughput = 0.34474 Mbps
65460 ms [UE 45868] UL Throughput = 0.29397 Mbps
65568 ms [UE 45868] UL Throughput = 0.42565 Mbps
65597 ms | now=1755737414319822 us | PDCP ind_msg latency=70870522 us
65668 ms [UE 45868] UL Throughput = 0.83901 Mbps
65768 ms [UE 45868] UL Throughput = 0.37854 Mbps
65878 ms [UE 45868] UL Throughput = 0.34485 Mbps
65988 ms [UE 45868] UL Throughput = 0.37245 Mbps
66099 ms [UE 45868] UL Throughput = 0.72354 Mbps
66208 ms [UE 45868] UL Throughput = 0.69080 Mbps
66318 ms [UE 45868] UL Throughput = 0.42054 Mbps
66418 ms [UE 45868] UL Throughput = 0.37772 Mbps
66528 ms [UE 45868] UL Throughput = 0.71820 Mbps
66623 ms | now=1755737415345811 us | PDCP ind_msg latency=70870515 us
66628 ms [UE 45868] UL Throughput = 0.46029 Mbps
66728 ms [UE 45868] UL Throughput = 0.08183 Mbps
66838 ms [UE 45868] UL Throughput = 0.34496 Mbps
66948 ms [UE 45868] UL Throughput = 0.68993 Mbps
67048 ms [UE 45868] UL Throughput = 0.70586 Mbps
67160 ms [UE 45868] UL Throughput = 0.07355 Mbps
67268 ms [UE 45868] UL Throughput = 0.69631 Mbps
67378 ms [UE 45868] UL Throughput = 0.42024 Mbps
67479 ms [UE 45868] UL Throughput = 0.82838 Mbps
67588 ms [UE 45868] UL Throughput = 0.00000 Mbps
67648 ms | now=1755737416370699 us | PDCP ind_msg latency=70870470 us
67689 ms [UE 45868] UL Throughput = 0.70445 Mbps
67799 ms [UE 45868] UL Throughput = 0.76290 Mbps
67908 ms [UE 45868] UL Throughput = 0.76726 Mbps
68018 ms [UE 45868] UL Throughput = 0.41826 Mbps
68128 ms [UE 45868] UL Throughput = 0.34448 Mbps
68238 ms [UE 45868] UL Throughput = 0.71806 Mbps
68338 ms [UE 45868] UL Throughput = 0.79863 Mbps
68438 ms [UE 45868] UL Throughput = 0.46027 Mbps
68548 ms [UE 45868] UL Throughput = 0.34593 Mbps
68649 ms [UE 45868] UL Throughput = 0.83511 Mbps
68672 ms | now=1755737417394913 us | PDCP ind_msg latency=70870651 us
68758 ms [UE 45868] UL Throughput = 0.71935 Mbps
68858 ms [UE 45868] UL Throughput = 0.45974 Mbps
68958 ms [UE 45868] UL Throughput = 0.37888 Mbps
69068 ms [UE 45868] UL Throughput = 0.76613 Mbps
69168 ms [UE 45868] UL Throughput = 0.45976 Mbps
69269 ms [UE 45868] UL Throughput = 0.08149 Mbps
69378 ms [UE 45868] UL Throughput = 0.64566 Mbps
69488 ms [UE 45868] UL Throughput = 0.68998 Mbps
69588 ms [UE 45868] UL Throughput = 0.83861 Mbps
69688 ms [UE 45868] UL Throughput = 0.08181 Mbps
69698 ms | now=1755737418420860 us | PDCP ind_msg latency=70870588 us
69790 ms [UE 45868] UL Throughput = 0.74335 Mbps
69899 ms [UE 45868] UL Throughput = 0.72800 Mbps
70008 ms [UE 45868] UL Throughput = 0.76774 Mbps
70109 ms [UE 45868] UL Throughput = 0.08125 Mbps
70218 ms [UE 45868] UL Throughput = 0.69291 Mbps
70328 ms [UE 45868] UL Throughput = 0.41948 Mbps
70429 ms [UE 45868] UL Throughput = 0.78367 Mbps
70538 ms [UE 45868] UL Throughput = 0.00000 Mbps
70649 ms [UE 45868] UL Throughput = 0.34221 Mbps
70722 ms | now=1755737419444792 us | PDCP ind_msg latency=70870561 us
70760 ms [UE 45868] UL Throughput = 0.00000 Mbps
70869 ms [UE 45868] UL Throughput = 0.77340 Mbps
70978 ms [UE 45868] UL Throughput = 0.72068 Mbps
71088 ms [UE 45868] UL Throughput = 0.00000 Mbps
71198 ms [UE 45868] UL Throughput = 0.76385 Mbps
71308 ms [UE 45868] UL Throughput = 0.76332 Mbps
71408 ms [UE 45868] UL Throughput = 0.83865 Mbps
71518 ms [UE 45868] UL Throughput = 0.41938 Mbps
71618 ms [UE 45868] UL Throughput = 0.32773 Mbps
71728 ms [UE 45868] UL Throughput = 0.76274 Mbps
71746 ms | now=1755737420468779 us | PDCP ind_msg latency=70870527 us
71829 ms [UE 45868] UL Throughput = 0.83706 Mbps
71929 ms [UE 45868] UL Throughput = 0.08173 Mbps
72038 ms [UE 45868] UL Throughput = 0.69284 Mbps
72138 ms [UE 45868] UL Throughput = 0.78728 Mbps
72250 ms [UE 45868] UL Throughput = 0.41299 Mbps
72359 ms [UE 45868] UL Throughput = 0.07533 Mbps
72461 ms [UE 45868] UL Throughput = 0.36904 Mbps
72568 ms [UE 45868] UL Throughput = 0.71027 Mbps
72669 ms [UE 45868] UL Throughput = 0.70383 Mbps
72771 ms | now=1755737421493848 us | PDCP ind_msg latency=70870621 us
72778 ms [UE 45868] UL Throughput = 0.07467 Mbps
72879 ms [UE 45868] UL Throughput = 0.71411 Mbps
72988 ms [UE 45868] UL Throughput = 0.76687 Mbps
73088 ms [UE 45868] UL Throughput = 0.46049 Mbps
73189 ms [UE 45868] UL Throughput = 0.00000 Mbps
73298 ms [UE 45868] UL Throughput = 0.72477 Mbps
73398 ms [UE 45868] UL Throughput = 0.75706 Mbps
73509 ms [UE 45868] UL Throughput = 0.76012 Mbps
73618 ms [UE 45868] UL Throughput = 0.07490 Mbps
73718 ms [UE 45868] UL Throughput = 0.75689 Mbps
73798 ms | now=1755737422521124 us | PDCP ind_msg latency=70870897 us
73829 ms [UE 45868] UL Throughput = 0.71300 Mbps
73938 ms [UE 45868] UL Throughput = 0.76832 Mbps
74038 ms [UE 45868] UL Throughput = 0.08181 Mbps
74148 ms [UE 45868] UL Throughput = 0.34554 Mbps
74248 ms [UE 45868] UL Throughput = 0.08173 Mbps
74358 ms [UE 45868] UL Throughput = 0.64254 Mbps
74458 ms [UE 45868] UL Throughput = 0.00000 Mbps
74568 ms [UE 45868] UL Throughput = 0.68976 Mbps
74678 ms [UE 45868] UL Throughput = 0.76295 Mbps
74779 ms [UE 45868] UL Throughput = 0.83690 Mbps
74822 ms | now=1755737423544979 us | PDCP ind_msg latency=70870715 us
74880 ms [UE 45868] UL Throughput = 0.00000 Mbps
74981 ms [UE 45868] UL Throughput = 0.77998 Mbps
75089 ms [UE 45868] UL Throughput = 0.42645 Mbps
75198 ms [UE 45868] UL Throughput = 0.76743 Mbps
75299 ms [UE 45868] UL Throughput = 0.00000 Mbps
75409 ms [UE 45868] UL Throughput = 0.30955 Mbps
75518 ms [UE 45868] UL Throughput = 0.71914 Mbps
75618 ms [UE 45868] UL Throughput = 0.75620 Mbps
75728 ms [UE 45868] UL Throughput = 0.07451 Mbps
75838 ms [UE 45868] UL Throughput = 0.34511 Mbps
75847 ms | now=1755737424569969 us | PDCP ind_msg latency=70870708 us
75938 ms [UE 45868] UL Throughput = 0.83921 Mbps
76038 ms [UE 45868] UL Throughput = 0.70571 Mbps
76139 ms [UE 45868] UL Throughput = 0.00000 Mbps
76248 ms [UE 45868] UL Throughput = 0.76680 Mbps
76348 ms [UE 45868] UL Throughput = 0.83925 Mbps
76448 ms [UE 45868] UL Throughput = 0.83895 Mbps
76558 ms [UE 45868] UL Throughput = 0.07445 Mbps
76659 ms [UE 45868] UL Throughput = 0.32450 Mbps
76768 ms [UE 45868] UL Throughput = 0.77130 Mbps
76869 ms [UE 45868] UL Throughput = 0.75484 Mbps
76872 ms | now=1755737425595006 us | PDCP ind_msg latency=70870805 us
76978 ms [UE 45868] UL Throughput = 0.07482 Mbps
77088 ms [UE 45868] UL Throughput = 0.34390 Mbps
77198 ms [UE 45868] UL Throughput = 0.71859 Mbps
77299 ms [UE 45868] UL Throughput = 0.37620 Mbps
77408 ms [UE 45868] UL Throughput = 0.42193 Mbps
77508 ms [UE 45868] UL Throughput = 0.37795 Mbps
77608 ms [UE 45868] UL Throughput = 0.83926 Mbps
77709 ms [UE 45868] UL Throughput = 0.78387 Mbps
77818 ms [UE 45868] UL Throughput = 0.42166 Mbps
77897 ms | now=1755737426620113 us | PDCP ind_msg latency=70870845 us
77919 ms [UE 45868] UL Throughput = 0.37622 Mbps
78028 ms [UE 45868] UL Throughput = 0.42167 Mbps
78129 ms [UE 45868] UL Throughput = 0.83382 Mbps
78238 ms [UE 45868] UL Throughput = 0.00000 Mbps
78348 ms [UE 45868] UL Throughput = 0.64310 Mbps
78448 ms [UE 45868] UL Throughput = 0.83849 Mbps
78558 ms [UE 45868] UL Throughput = 0.76343 Mbps
78658 ms [UE 45868] UL Throughput = 0.08189 Mbps
78768 ms [UE 45868] UL Throughput = 0.68924 Mbps
78878 ms [UE 45868] UL Throughput = 0.37297 Mbps
78922 ms | now=1755737427644998 us | PDCP ind_msg latency=70870778 us
78978 ms [UE 45868] UL Throughput = 0.46020 Mbps
79088 ms [UE 45868] UL Throughput = 0.00000 Mbps
79189 ms [UE 45868] UL Throughput = 0.75431 Mbps
79298 ms [UE 45868] UL Throughput = 0.69199 Mbps
79398 ms [UE 45868] UL Throughput = 0.78764 Mbps
79499 ms [UE 45868] UL Throughput = 0.08142 Mbps
79609 ms [UE 45868] UL Throughput = 0.65435 Mbps
79709 ms [UE 45868] UL Throughput = 0.83332 Mbps
79819 ms [UE 45868] UL Throughput = 0.76738 Mbps
79929 ms [UE 45868] UL Throughput = 0.41838 Mbps
79947 ms | now=1755737428669917 us | PDCP ind_msg latency=70870697 us
80038 ms [UE 45868] UL Throughput = 0.29943 Mbps
80139 ms [UE 45868] UL Throughput = 0.75694 Mbps
80239 ms [UE 45868] UL Throughput = 0.83789 Mbps
80350 ms [UE 45868] UL Throughput = 0.75582 Mbps
80458 ms [UE 45868] UL Throughput = 0.07563 Mbps
80558 ms [UE 45868] UL Throughput = 0.70572 Mbps
80658 ms [UE 45868] UL Throughput = 0.83919 Mbps
80758 ms [UE 45868] UL Throughput = 0.83973 Mbps
80859 ms [UE 45868] UL Throughput = 0.00000 Mbps
80969 ms [UE 45868] UL Throughput = 0.76223 Mbps
80972 ms | now=1755737429695155 us | PDCP ind_msg latency=70870937 us
81079 ms [UE 45868] UL Throughput = 0.71889 Mbps
81189 ms [UE 45868] UL Throughput = 0.76134 Mbps
81298 ms [UE 45868] UL Throughput = 0.00000 Mbps
81398 ms [UE 45868] UL Throughput = 0.83942 Mbps
81509 ms [UE 45868] UL Throughput = 0.76251 Mbps
81610 ms [UE 45868] UL Throughput = 0.45501 Mbps
81719 ms [UE 45868] UL Throughput = 0.30142 Mbps
81828 ms [UE 45868] UL Throughput = 0.42090 Mbps
81929 ms [UE 45868] UL Throughput = 0.83480 Mbps
81996 ms | now=1755737430718798 us | PDCP ind_msg latency=70870561 us
82039 ms [UE 45868] UL Throughput = 0.65142 Mbps
82149 ms [UE 45868] UL Throughput = 0.00000 Mbps
82250 ms [UE 45868] UL Throughput = 0.77682 Mbps
82358 ms [UE 45868] UL Throughput = 0.77667 Mbps
82458 ms [UE 45868] UL Throughput = 0.83908 Mbps
82559 ms [UE 45868] UL Throughput = 0.00000 Mbps
82660 ms [UE 45868] UL Throughput = 0.45226 Mbps
82769 ms [UE 45868] UL Throughput = 0.72972 Mbps
82869 ms [UE 45868] UL Throughput = 0.37743 Mbps
82979 ms [UE 45868] UL Throughput = 0.34553 Mbps
83020 ms | now=1755737431742908 us | PDCP ind_msg latency=70870655 us
83079 ms [UE 45868] UL Throughput = 0.45992 Mbps
83189 ms [UE 45868] UL Throughput = 0.76453 Mbps
83299 ms [UE 45868] UL Throughput = 0.64250 Mbps
83408 ms [UE 45868] UL Throughput = 0.07470 Mbps
83519 ms [UE 45868] UL Throughput = 0.68262 Mbps
83629 ms [UE 45868] UL Throughput = 0.76703 Mbps
83739 ms [UE 45868] UL Throughput = 0.41869 Mbps
83848 ms [UE 45868] UL Throughput = 0.42138 Mbps
83949 ms [UE 45868] UL Throughput = 0.32699 Mbps
84045 ms | now=1755737432768070 us | PDCP ind_msg latency=70870787 us
84059 ms [UE 45868] UL Throughput = 0.34454 Mbps
84159 ms [UE 45868] UL Throughput = 0.45979 Mbps
84269 ms [UE 45868] UL Throughput = 0.41930 Mbps
84379 ms [UE 45868] UL Throughput = 0.00000 Mbps
84488 ms [UE 45868] UL Throughput = 0.64562 Mbps
84598 ms [UE 45868] UL Throughput = 0.68810 Mbps
84699 ms [UE 45868] UL Throughput = 0.46080 Mbps
84799 ms [UE 45868] UL Throughput = 0.00000 Mbps
84910 ms [UE 45868] UL Throughput = 0.75699 Mbps
85019 ms [UE 45868] UL Throughput = 0.64877 Mbps
85069 ms | now=1755737433791989 us | PDCP ind_msg latency=70870772 us
85129 ms [UE 45868] UL Throughput = 0.34368 Mbps
85239 ms [UE 45868] UL Throughput = 0.00000 Mbps
85339 ms [UE 45868] UL Throughput = 0.83950 Mbps
85439 ms [UE 45868] UL Throughput = 0.83844 Mbps
85549 ms [UE 45868] UL Throughput = 0.71805 Mbps
85659 ms [UE 45868] UL Throughput = 0.07421 Mbps
85768 ms [UE 45868] UL Throughput = 0.69454 Mbps
85869 ms [UE 45868] UL Throughput = 0.08168 Mbps
85969 ms [UE 45868] UL Throughput = 0.46020 Mbps
86079 ms [UE 45868] UL Throughput = 0.34344 Mbps
86093 ms | now=1755737434815881 us | PDCP ind_msg latency=70870658 us
86188 ms [UE 45868] UL Throughput = 0.34733 Mbps
86288 ms [UE 45868] UL Throughput = 0.37835 Mbps
86389 ms [UE 45868] UL Throughput = 0.45870 Mbps
86498 ms [UE 45868] UL Throughput = 0.07485 Mbps
86599 ms [UE 45868] UL Throughput = 0.37701 Mbps
86709 ms [UE 45868] UL Throughput = 0.64445 Mbps
86809 ms [UE 45868] UL Throughput = 0.37577 Mbps
86918 ms [UE 45868] UL Throughput = 0.42297 Mbps
87029 ms [UE 45868] UL Throughput = 0.34196 Mbps
87118 ms | now=1755737435841014 us | PDCP ind_msg latency=70870785 us
87139 ms [UE 45868] UL Throughput = 0.69301 Mbps
87248 ms [UE 45868] UL Throughput = 0.71770 Mbps
87349 ms [UE 45868] UL Throughput = 0.83840 Mbps
87449 ms [UE 45868] UL Throughput = 0.00000 Mbps
87559 ms [UE 45868] UL Throughput = 0.68964 Mbps
87659 ms [UE 45868] UL Throughput = 0.83813 Mbps
87769 ms [UE 45868] UL Throughput = 0.41882 Mbps
87879 ms [UE 45868] UL Throughput = 0.29853 Mbps
87979 ms [UE 45868] UL Throughput = 0.08156 Mbps
88079 ms [UE 45868] UL Throughput = 0.83681 Mbps
88143 ms | now=1755737436866062 us | PDCP ind_msg latency=70870842 us
88189 ms [UE 45868] UL Throughput = 0.00000 Mbps
88289 ms [UE 45868] UL Throughput = 0.75613 Mbps
88398 ms [UE 45868] UL Throughput = 0.37586 Mbps
88499 ms [UE 45868] UL Throughput = 0.79640 Mbps
88608 ms [UE 45868] UL Throughput = 0.00000 Mbps
88709 ms [UE 45868] UL Throughput = 0.75258 Mbps
88818 ms [UE 45868] UL Throughput = 0.76806 Mbps
88918 ms [UE 45868] UL Throughput = 0.46084 Mbps
89019 ms [UE 45868] UL Throughput = 0.32735 Mbps
89128 ms [UE 45868] UL Throughput = 0.76472 Mbps
89168 ms | now=1755737437890351 us | PDCP ind_msg latency=70871065 us
89229 ms [UE 45868] UL Throughput = 0.83699 Mbps
89339 ms [UE 45868] UL Throughput = 0.76332 Mbps
89440 ms [UE 45868] UL Throughput = 0.00000 Mbps
89548 ms [UE 45868] UL Throughput = 0.72401 Mbps
89659 ms [UE 45868] UL Throughput = 0.76213 Mbps
89759 ms [UE 45868] UL Throughput = 0.83852 Mbps
89869 ms [UE 45868] UL Throughput = 0.41938 Mbps
89979 ms [UE 45868] UL Throughput = 0.34473 Mbps
[xApp]: E42 RIC_SUBSCRIPTION_DELETE_REQUEST tx RAN_FUNC_ID 144 RIC_REQ_ID 1 
[xApp]: E42 SUBSCRIPTION DELETE RESPONSE rx
[xApp]: E42 RIC_SUBSCRIPTION_DELETE_REQUEST tx RAN_FUNC_ID 142 RIC_REQ_ID 2 
[xApp]: E42 SUBSCRIPTION DELETE RESPONSE rx
[xApp]: E42 RIC_SUBSCRIPTION_DELETE_REQUEST tx RAN_FUNC_ID 142 RIC_REQ_ID 3 
[xApp]: E42 SUBSCRIPTION DELETE RESPONSE rx
[xApp]: Sucessfully stopped 
MAC/PDCP xApp run SUCCESSFULLY
