[UTIL]: Setting the config -c file to /usr/local/etc/flexric/flexric.conf
[UTIL]: Setting path -p for the shared libraries to /usr/local/lib/flexric/
[xAapp]: Initializing ... 
[xApp]: nearRT-RIC IP Address = 192.168.70.150, PORT = 36422
[E2 AGENT]: Opening plugin from path = /usr/local/lib/flexric/libkpm_sm.so 
[E2 AGENT]: Opening plugin from path = /usr/local/lib/flexric/libmac_sm.so 
[E2 AGENT]: Opening plugin from path = /usr/local/lib/flexric/libpdcp_sm.so 
[E2 AGENT]: Opening plugin from path = /usr/local/lib/flexric/libgtp_sm.so 
[E2 AGENT]: Opening plugin from path = /usr/local/lib/flexric/librc_sm.so 
[E2 AGENT]: Opening plugin from path = /usr/local/lib/flexric/libtc_sm.so 
[E2 AGENT]: Opening plugin from path = /usr/local/lib/flexric/librlc_sm.so 
[E2 AGENT]: Opening plugin from path = /usr/local/lib/flexric/libslice_sm.so 
[NEAR-RIC]: Loading SM ID = 2 with def = ORAN-E2SM-KPM 
[NEAR-RIC]: Loading SM ID = 142 with def = MAC_STATS_V0 
[NEAR-RIC]: Loading SM ID = 144 with def = PDCP_STATS_V0 
[NEAR-RIC]: Loading SM ID = 148 with def = GTP_STATS_V0 
[NEAR-RIC]: Loading SM ID = 3 with def = ORAN-E2SM-RC 
[NEAR-RIC]: Loading SM ID = 146 with def = TC_STATS_V0 
[NEAR-RIC]: Loading SM ID = 143 with def = RLC_STATS_V0 
[NEAR-RIC]: Loading SM ID = 145 with def = SLICE_STATS_V0 
[xApp]: DB filename = /tmp/flexric/xapp_db 
 [xApp]: E42 SETUP-REQUEST tx
[xApp]: E42 SETUP-RESPONSE rx 
[xApp]: xApp ID = 11 
[xApp]: Registered E2 Nodes = 4 
Connected E2 nodes = 4
[xAPP] Registered node 0 ran func id = 2
[xAPP] Registered node 0 ran func id = 3
[xAPP] Registered node 0 ran func id = 142
[xAPP] Registered node 0 ran func id = 143
[xAPP] Registered node 0 ran func id = 144
[xAPP] Registered node 0 ran func id = 145
[xAPP] Registered node 0 ran func id = 146
[xAPP] Registered node 0 ran func id = 148
[xApp]: E42 RIC SUBSCRIPTION REQUEST tx RAN_FUNC_ID 144 RIC_REQ_ID 1 
[xApp]: SUBSCRIPTION RESPONSE rx
[xApp]: Successfully subscribed to RAN_FUNC_ID 144 
[xAPP] Registered node 1 ran func id = 2
[xAPP] Registered node 1 ran func id = 3
[xAPP] Registered node 1 ran func id = 142
[xAPP] Registered node 1 ran func id = 143
[xAPP] Registered node 1 ran func id = 144
[xAPP] Registered node 1 ran func id = 145
[xAPP] Registered node 1 ran func id = 146
[xAPP] Registered node 1 ran func id = 148
[xAPP] Registered node 2 ran func id = 2
[xAPP] Registered node 2 ran func id = 3
[xAPP] Registered node 2 ran func id = 142
[xAPP] Registered node 2 ran func id = 143
[xAPP] Registered node 2 ran func id = 144
[xAPP] Registered node 2 ran func id = 145
[xAPP] Registered node 2 ran func id = 146
[xAPP] Registered node 2 ran func id = 148
[xApp]: E42 RIC SUBSCRIPTION REQUEST tx RAN_FUNC_ID 142 RIC_REQ_ID 2 
3 ms | now=1755739005366510 us | PDCP ind_msg latency=70890094 us
[xApp]: SUBSCRIPTION RESPONSE rx
[xApp]: Successfully subscribed to RAN_FUNC_ID 142 
[xAPP] Registered node 3 ran func id = 2
[xAPP] Registered node 3 ran func id = 3
[xAPP] Registered node 3 ran func id = 142
[xAPP] Registered node 3 ran func id = 143
[xAPP] Registered node 3 ran func id = 144
[xAPP] Registered node 3 ran func id = 145
[xAPP] Registered node 3 ran func id = 146
[xAPP] Registered node 3 ran func id = 148
[xApp]: E42 RIC SUBSCRIPTION REQUEST tx RAN_FUNC_ID 142 RIC_REQ_ID 3 
[xApp]: SUBSCRIPTION RESPONSE rx
[xApp]: Successfully subscribed to RAN_FUNC_ID 142 
117 ms [UE 3210] UL Throughput = 0.83914 Mbps
226 ms [UE 3210] UL Throughput = 0.76442 Mbps
336 ms [UE 3210] UL Throughput = 0.41984 Mbps
446 ms [UE 3210] UL Throughput = 0.30715 Mbps
556 ms [UE 3210] UL Throughput = 0.76454 Mbps
656 ms [UE 3210] UL Throughput = 0.83886 Mbps
766 ms [UE 3210] UL Throughput = 0.76510 Mbps
866 ms [UE 3210] UL Throughput = 0.00000 Mbps
977 ms [UE 3210] UL Throughput = 0.72445 Mbps
1027 ms | now=1755739006390498 us | PDCP ind_msg latency=70890103 us
1086 ms [UE 3210] UL Throughput = 0.76410 Mbps
1196 ms [UE 3210] UL Throughput = 0.41891 Mbps
1306 ms [UE 3210] UL Throughput = 0.34517 Mbps
1416 ms [UE 3210] UL Throughput = 0.76258 Mbps
1526 ms [UE 3210] UL Throughput = 0.72579 Mbps
1636 ms [UE 3210] UL Throughput = 0.07450 Mbps
1746 ms [UE 3210] UL Throughput = 0.66134 Mbps
1856 ms [UE 3210] UL Throughput = 0.76336 Mbps
1966 ms [UE 3210] UL Throughput = 0.76547 Mbps
2051 ms | now=1755739007414551 us | PDCP ind_msg latency=70890139 us
2076 ms [UE 3210] UL Throughput = 0.41894 Mbps
2186 ms [UE 3210] UL Throughput = 0.30656 Mbps
2296 ms [UE 3210] UL Throughput = 0.76566 Mbps
2396 ms [UE 3210] UL Throughput = 0.83689 Mbps
2497 ms [UE 3210] UL Throughput = 0.83738 Mbps
2606 ms [UE 3210] UL Throughput = 0.07484 Mbps
2716 ms [UE 3210] UL Throughput = 0.65115 Mbps
2827 ms [UE 3210] UL Throughput = 0.76214 Mbps
2936 ms [UE 3210] UL Throughput = 0.76394 Mbps
3046 ms [UE 3210] UL Throughput = 0.42078 Mbps
3075 ms | now=1755739008438567 us | PDCP ind_msg latency=70890166 us
3146 ms [UE 3210] UL Throughput = 0.37810 Mbps
3246 ms [UE 3210] UL Throughput = 0.79702 Mbps
3356 ms [UE 3210] UL Throughput = 0.76582 Mbps
3457 ms [UE 3210] UL Throughput = 0.00000 Mbps
3566 ms [UE 3210] UL Throughput = 0.76692 Mbps
3666 ms [UE 3210] UL Throughput = 0.83767 Mbps
3776 ms [UE 3210] UL Throughput = 0.41863 Mbps
3887 ms [UE 3210] UL Throughput = 0.30698 Mbps
3997 ms [UE 3210] UL Throughput = 0.73476 Mbps
4101 ms | now=1755739009464507 us | PDCP ind_msg latency=70890104 us
4106 ms [UE 3210] UL Throughput = 0.76696 Mbps
4207 ms [UE 3210] UL Throughput = 0.45903 Mbps
4317 ms [UE 3210] UL Throughput = 0.41842 Mbps
4426 ms [UE 3210] UL Throughput = 0.65441 Mbps
4536 ms [UE 3210] UL Throughput = 0.76321 Mbps
4647 ms [UE 3210] UL Throughput = 0.76180 Mbps
4756 ms [UE 3210] UL Throughput = 0.41992 Mbps
4866 ms [UE 3210] UL Throughput = 0.34529 Mbps
4976 ms [UE 3210] UL Throughput = 0.72469 Mbps
5076 ms [UE 3210] UL Throughput = 0.83950 Mbps
5125 ms | now=1755739010488496 us | PDCP ind_msg latency=70890005 us
5176 ms [UE 3210] UL Throughput = 0.46085 Mbps
5276 ms [UE 3210] UL Throughput = 0.37889 Mbps
5386 ms [UE 3210] UL Throughput = 0.76313 Mbps
5496 ms [UE 3210] UL Throughput = 0.72822 Mbps
5596 ms [UE 3210] UL Throughput = 0.83834 Mbps
5706 ms [UE 3210] UL Throughput = 0.00000 Mbps
5816 ms [UE 3210] UL Throughput = 0.76334 Mbps
5926 ms [UE 3210] UL Throughput = 0.76426 Mbps
6026 ms [UE 3210] UL Throughput = 0.79824 Mbps
6137 ms [UE 3210] UL Throughput = 0.38972 Mbps
6149 ms | now=1755739011512930 us | PDCP ind_msg latency=70890451 us
6246 ms [UE 3210] UL Throughput = 0.34580 Mbps
6346 ms [UE 3210] UL Throughput = 0.83829 Mbps
6446 ms [UE 3210] UL Throughput = 0.83981 Mbps
6556 ms [UE 3210] UL Throughput = 0.07463 Mbps
6657 ms [UE 3210] UL Throughput = 0.71448 Mbps
6766 ms [UE 3210] UL Throughput = 0.76586 Mbps
6866 ms [UE 3210] UL Throughput = 0.83837 Mbps
6977 ms [UE 3210] UL Throughput = 0.07418 Mbps
7086 ms [UE 3210] UL Throughput = 0.69128 Mbps
7176 ms | now=1755739012539656 us | PDCP ind_msg latency=70890213 us
7197 ms [UE 3210] UL Throughput = 0.72531 Mbps
7297 ms [UE 3210] UL Throughput = 0.83929 Mbps
7397 ms [UE 3210] UL Throughput = 0.08169 Mbps
7506 ms [UE 3210] UL Throughput = 0.69319 Mbps
7616 ms [UE 3210] UL Throughput = 0.76432 Mbps
7716 ms [UE 3210] UL Throughput = 0.79860 Mbps
7816 ms [UE 3210] UL Throughput = 0.08174 Mbps
7926 ms [UE 3210] UL Throughput = 0.69127 Mbps
8027 ms [UE 3210] UL Throughput = 0.83330 Mbps
8136 ms [UE 3210] UL Throughput = 0.76746 Mbps
8202 ms | now=1755739013565568 us | PDCP ind_msg latency=70890169 us
8246 ms [UE 3210] UL Throughput = 0.07435 Mbps
8357 ms [UE 3210] UL Throughput = 0.65145 Mbps
8467 ms [UE 3210] UL Throughput = 0.73216 Mbps
8576 ms [UE 3210] UL Throughput = 0.76780 Mbps
8686 ms [UE 3210] UL Throughput = 0.00000 Mbps
8786 ms [UE 3210] UL Throughput = 0.00000 Mbps
8886 ms [UE 3210] UL Throughput = 0.79826 Mbps
8996 ms [UE 3210] UL Throughput = 0.76507 Mbps
9096 ms [UE 3210] UL Throughput = 0.45981 Mbps
9197 ms [UE 3210] UL Throughput = 0.37800 Mbps
9227 ms | now=1755739014590526 us | PDCP ind_msg latency=70890115 us
9306 ms [UE 3210] UL Throughput = 0.76740 Mbps
9406 ms [UE 3210] UL Throughput = 0.79616 Mbps
9507 ms [UE 3210] UL Throughput = 0.00000 Mbps
9616 ms [UE 3210] UL Throughput = 0.76684 Mbps
9717 ms [UE 3210] UL Throughput = 0.83566 Mbps
9827 ms [UE 3210] UL Throughput = 0.76340 Mbps
9936 ms [UE 3210] UL Throughput = 0.07470 Mbps
10037 ms [UE 3210] UL Throughput = 0.70445 Mbps
10146 ms [UE 3210] UL Throughput = 0.07475 Mbps
10252 ms | now=1755739015615070 us | PDCP ind_msg latency=70890611 us
10257 ms [UE 3210] UL Throughput = 0.76001 Mbps
10367 ms [UE 3210] UL Throughput = 0.00000 Mbps
10467 ms [UE 3210] UL Throughput = 0.75429 Mbps
10577 ms [UE 3210] UL Throughput = 0.37304 Mbps
10686 ms [UE 3210] UL Throughput = 0.38373 Mbps
10796 ms [UE 3210] UL Throughput = 0.00000 Mbps
10907 ms [UE 3210] UL Throughput = 0.68743 Mbps
11017 ms [UE 3210] UL Throughput = 0.34427 Mbps
11126 ms [UE 3210] UL Throughput = 0.71992 Mbps
11236 ms [UE 3210] UL Throughput = 0.00000 Mbps
11276 ms | now=1755739016639922 us | PDCP ind_msg latency=70890497 us
11346 ms [UE 3210] UL Throughput = 0.68926 Mbps
11456 ms [UE 3210] UL Throughput = 0.34473 Mbps
11557 ms [UE 3210] UL Throughput = 0.45954 Mbps
11666 ms [UE 3210] UL Throughput = 0.41993 Mbps
11776 ms [UE 3210] UL Throughput = 0.29823 Mbps
11876 ms [UE 3210] UL Throughput = 0.37893 Mbps
11986 ms [UE 3210] UL Throughput = 0.07439 Mbps
12096 ms [UE 3210] UL Throughput = 0.34492 Mbps
12197 ms [UE 3210] UL Throughput = 0.37740 Mbps
12301 ms | now=1755739017664678 us | PDCP ind_msg latency=70890206 us
12306 ms [UE 3210] UL Throughput = 0.34562 Mbps
12406 ms [UE 3210] UL Throughput = 0.37883 Mbps
12506 ms [UE 3210] UL Throughput = 0.00000 Mbps
12607 ms [UE 3210] UL Throughput = 0.45930 Mbps
12716 ms [UE 3210] UL Throughput = 0.69107 Mbps
12826 ms [UE 3210] UL Throughput = 0.34508 Mbps
12926 ms [UE 3210] UL Throughput = 0.32739 Mbps
13036 ms [UE 3210] UL Throughput = 0.72637 Mbps
13137 ms [UE 3210] UL Throughput = 0.46009 Mbps
13247 ms [UE 3210] UL Throughput = 0.07438 Mbps
13325 ms | now=1755739018688566 us | PDCP ind_msg latency=70890165 us
13357 ms [UE 3210] UL Throughput = 0.68990 Mbps
13466 ms [UE 3210] UL Throughput = 0.64407 Mbps
13576 ms [UE 3210] UL Throughput = 0.41902 Mbps
13676 ms [UE 3210] UL Throughput = 0.45983 Mbps
13777 ms [UE 3210] UL Throughput = 0.00000 Mbps
13886 ms [UE 3210] UL Throughput = 0.69000 Mbps
13987 ms [UE 3210] UL Throughput = 0.70334 Mbps
14096 ms [UE 3210] UL Throughput = 0.07481 Mbps
14196 ms [UE 3210] UL Throughput = 0.75747 Mbps
14306 ms [UE 3210] UL Throughput = 0.41951 Mbps
14349 ms | now=1755739019712704 us | PDCP ind_msg latency=70890303 us
14416 ms [UE 3210] UL Throughput = 0.76196 Mbps
14526 ms [UE 3210] UL Throughput = 0.00000 Mbps
14627 ms [UE 3210] UL Throughput = 0.70557 Mbps
14736 ms [UE 3210] UL Throughput = 0.42028 Mbps
14836 ms [UE 3210] UL Throughput = 0.83908 Mbps
14946 ms [UE 3210] UL Throughput = 0.00000 Mbps
15046 ms [UE 3210] UL Throughput = 0.75760 Mbps
15146 ms [UE 3210] UL Throughput = 0.32768 Mbps
15257 ms [UE 3210] UL Throughput = 0.41813 Mbps
15366 ms [UE 3210] UL Throughput = 0.41972 Mbps
15374 ms | now=1755739020737857 us | PDCP ind_msg latency=70890439 us
15467 ms [UE 3210] UL Throughput = 0.37813 Mbps
15567 ms [UE 3210] UL Throughput = 0.71696 Mbps
15667 ms [UE 3210] UL Throughput = 0.45911 Mbps
15776 ms [UE 3210] UL Throughput = 0.29981 Mbps
15877 ms [UE 3210] UL Throughput = 0.37773 Mbps
15987 ms [UE 3210] UL Throughput = 0.76322 Mbps
16097 ms [UE 3210] UL Throughput = 0.76383 Mbps
16197 ms [UE 3210] UL Throughput = 0.00000 Mbps
16306 ms [UE 3210] UL Throughput = 0.71849 Mbps
16398 ms | now=1755739021761672 us | PDCP ind_msg latency=70890276 us
16416 ms [UE 3210] UL Throughput = 0.41926 Mbps
16527 ms [UE 3210] UL Throughput = 0.76235 Mbps
16636 ms [UE 3210] UL Throughput = 0.00000 Mbps
16737 ms [UE 3210] UL Throughput = 0.75567 Mbps
16837 ms [UE 3210] UL Throughput = 0.78825 Mbps
16937 ms [UE 3210] UL Throughput = 0.08188 Mbps
17037 ms [UE 3210] UL Throughput = 0.75705 Mbps
17147 ms [UE 3210] UL Throughput = 0.76610 Mbps
17257 ms [UE 3210] UL Throughput = 0.07429 Mbps
17367 ms [UE 3210] UL Throughput = 0.07461 Mbps
17424 ms | now=1755739022788040 us | PDCP ind_msg latency=70890581 us
17477 ms [UE 3210] UL Throughput = 0.29791 Mbps
17577 ms [UE 3210] UL Throughput = 0.37750 Mbps
17686 ms [UE 3210] UL Throughput = 0.69392 Mbps
17787 ms [UE 3210] UL Throughput = 0.08112 Mbps
17897 ms [UE 3210] UL Throughput = 0.00000 Mbps
18006 ms [UE 3210] UL Throughput = 0.71825 Mbps
18116 ms [UE 3210] UL Throughput = 0.68962 Mbps
18217 ms [UE 3210] UL Throughput = 0.08158 Mbps
18327 ms [UE 3210] UL Throughput = 0.69039 Mbps
18427 ms [UE 3210] UL Throughput = 0.83833 Mbps
18450 ms | now=1755739023813803 us | PDCP ind_msg latency=70890337 us
18536 ms [UE 3210] UL Throughput = 0.37348 Mbps
18637 ms [UE 3210] UL Throughput = 0.08154 Mbps
18737 ms [UE 3210] UL Throughput = 0.00000 Mbps
18847 ms [UE 3210] UL Throughput = 0.69079 Mbps
18956 ms [UE 3210] UL Throughput = 0.69317 Mbps
19057 ms [UE 3210] UL Throughput = 0.08161 Mbps
19166 ms [UE 3210] UL Throughput = 0.29822 Mbps
19276 ms [UE 3210] UL Throughput = 0.42026 Mbps
19376 ms [UE 3210] UL Throughput = 0.75721 Mbps
19475 ms | now=1755739024838979 us | PDCP ind_msg latency=70890554 us
19476 ms [UE 3210] UL Throughput = 0.00000 Mbps
19577 ms [UE 3210] UL Throughput = 0.75708 Mbps
19687 ms [UE 3210] UL Throughput = 0.37050 Mbps
19797 ms [UE 3210] UL Throughput = 0.72873 Mbps
19907 ms [UE 3210] UL Throughput = 0.00000 Mbps
20007 ms [UE 3210] UL Throughput = 0.75614 Mbps
20116 ms [UE 3210] UL Throughput = 0.07507 Mbps
20226 ms [UE 3210] UL Throughput = 0.71538 Mbps
20336 ms [UE 3210] UL Throughput = 0.00000 Mbps
20436 ms [UE 3210] UL Throughput = 0.75726 Mbps
20499 ms | now=1755739025862662 us | PDCP ind_msg latency=70890193 us
20537 ms [UE 3210] UL Throughput = 0.83655 Mbps
20646 ms [UE 3210] UL Throughput = 0.34529 Mbps
20747 ms [UE 3210] UL Throughput = 0.37806 Mbps
20857 ms [UE 3210] UL Throughput = 0.37221 Mbps
20966 ms [UE 3210] UL Throughput = 0.42092 Mbps
21066 ms [UE 3210] UL Throughput = 0.37815 Mbps
21176 ms [UE 3210] UL Throughput = 0.00000 Mbps
21277 ms [UE 3210] UL Throughput = 0.37798 Mbps
21377 ms [UE 3210] UL Throughput = 0.70627 Mbps
21487 ms [UE 3210] UL Throughput = 0.68655 Mbps
21526 ms | now=1755739026889802 us | PDCP ind_msg latency=70890360 us
21596 ms [UE 3210] UL Throughput = 0.07487 Mbps
21697 ms [UE 3210] UL Throughput = 0.37834 Mbps
21807 ms [UE 3210] UL Throughput = 0.41899 Mbps
21917 ms [UE 3210] UL Throughput = 0.34396 Mbps
22027 ms [UE 3210] UL Throughput = 0.29815 Mbps
22136 ms [UE 3210] UL Throughput = 0.34510 Mbps
22246 ms [UE 3210] UL Throughput = 0.76333 Mbps
22356 ms [UE 3210] UL Throughput = 0.76416 Mbps
22457 ms [UE 3210] UL Throughput = 0.00000 Mbps
22550 ms | now=1755739027913777 us | PDCP ind_msg latency=70890349 us
22557 ms [UE 3210] UL Throughput = 0.70634 Mbps
22666 ms [UE 3210] UL Throughput = 0.76528 Mbps
22776 ms [UE 3210] UL Throughput = 0.07452 Mbps
22876 ms [UE 3210] UL Throughput = 0.37884 Mbps
22976 ms [UE 3210] UL Throughput = 0.08191 Mbps
23077 ms [UE 3210] UL Throughput = 0.00000 Mbps
23186 ms [UE 3210] UL Throughput = 0.64422 Mbps
23287 ms [UE 3210] UL Throughput = 0.75651 Mbps
23397 ms [UE 3210] UL Throughput = 0.07427 Mbps
23506 ms [UE 3210] UL Throughput = 0.34656 Mbps
23577 ms | now=1755739028940230 us | PDCP ind_msg latency=70890831 us
23606 ms [UE 3210] UL Throughput = 0.83817 Mbps
23707 ms [UE 3210] UL Throughput = 0.00000 Mbps
23817 ms [UE 3210] UL Throughput = 0.64254 Mbps
23917 ms [UE 3210] UL Throughput = 0.83956 Mbps
24017 ms [UE 3210] UL Throughput = 0.00000 Mbps
24127 ms [UE 3210] UL Throughput = 0.76422 Mbps
24237 ms [UE 3210] UL Throughput = 0.75975 Mbps
24347 ms [UE 3210] UL Throughput = 0.07456 Mbps
24447 ms [UE 3210] UL Throughput = 0.32749 Mbps
24556 ms [UE 3210] UL Throughput = 0.73121 Mbps
24602 ms | now=1755739029965751 us | PDCP ind_msg latency=70890442 us
24657 ms [UE 3210] UL Throughput = 0.00000 Mbps
24767 ms [UE 3210] UL Throughput = 0.68976 Mbps
24876 ms [UE 3210] UL Throughput = 0.42049 Mbps
24977 ms [UE 3210] UL Throughput = 0.45957 Mbps
25077 ms [UE 3210] UL Throughput = 0.32765 Mbps
25186 ms [UE 3210] UL Throughput = 0.69129 Mbps
25286 ms [UE 3210] UL Throughput = 0.83879 Mbps
25397 ms [UE 3210] UL Throughput = 0.07444 Mbps
25507 ms [UE 3210] UL Throughput = 0.68820 Mbps
25616 ms [UE 3210] UL Throughput = 0.71792 Mbps
25626 ms | now=1755739030989687 us | PDCP ind_msg latency=70890287 us
25717 ms [UE 3210] UL Throughput = 0.37680 Mbps
25827 ms [UE 3210] UL Throughput = 0.34621 Mbps
25927 ms [UE 3210] UL Throughput = 0.46027 Mbps
26037 ms [UE 3210] UL Throughput = 0.41793 Mbps
26146 ms [UE 3210] UL Throughput = 0.00000 Mbps
26257 ms [UE 3210] UL Throughput = 0.63789 Mbps
26367 ms [UE 3210] UL Throughput = 0.69109 Mbps
26477 ms [UE 3210] UL Throughput = 0.00000 Mbps
26587 ms [UE 3210] UL Throughput = 0.41876 Mbps
26653 ms | now=1755739032016465 us | PDCP ind_msg latency=70890978 us
26687 ms [UE 3210] UL Throughput = 0.83854 Mbps
26797 ms [UE 3210] UL Throughput = 0.00000 Mbps
26897 ms [UE 3210] UL Throughput = 0.70661 Mbps
27007 ms [UE 3210] UL Throughput = 0.72576 Mbps
27117 ms [UE 3210] UL Throughput = 0.41785 Mbps
27226 ms [UE 3210] UL Throughput = 0.00000 Mbps
27326 ms [UE 3210] UL Throughput = 0.00000 Mbps
27427 ms [UE 3210] UL Throughput = 0.37691 Mbps
27537 ms [UE 3210] UL Throughput = 0.29834 Mbps
27646 ms [UE 3210] UL Throughput = 0.42161 Mbps
27678 ms | now=1755739033041354 us | PDCP ind_msg latency=70890959 us
27746 ms [UE 3210] UL Throughput = 0.08174 Mbps
27847 ms [UE 3210] UL Throughput = 0.00000 Mbps
27956 ms [UE 3210] UL Throughput = 0.34499 Mbps
28057 ms [UE 3210] UL Throughput = 0.37767 Mbps
28166 ms [UE 3210] UL Throughput = 0.00000 Mbps
28267 ms [UE 3210] UL Throughput = 0.75658 Mbps
28377 ms [UE 3210] UL Throughput = 0.76396 Mbps
28477 ms [UE 3210] UL Throughput = 0.08150 Mbps
28577 ms [UE 3210] UL Throughput = 0.37890 Mbps
28687 ms [UE 3210] UL Throughput = 0.72035 Mbps
28701 ms | now=1755739034064791 us | PDCP ind_msg latency=70890395 us
28797 ms [UE 3210] UL Throughput = 0.34391 Mbps
28906 ms [UE 3210] UL Throughput = 0.34566 Mbps
29007 ms [UE 3210] UL Throughput = 0.45999 Mbps
29107 ms [UE 3210] UL Throughput = 0.46030 Mbps
29216 ms [UE 3210] UL Throughput = 0.34546 Mbps
29317 ms [UE 3210] UL Throughput = 0.70151 Mbps
29427 ms [UE 3210] UL Throughput = 0.38328 Mbps
29536 ms [UE 3210] UL Throughput = 0.07478 Mbps
29636 ms [UE 3210] UL Throughput = 0.37818 Mbps
29725 ms | now=1755739035088938 us | PDCP ind_msg latency=70890540 us
29747 ms [UE 3210] UL Throughput = 0.68874 Mbps
29847 ms [UE 3210] UL Throughput = 0.37792 Mbps
29947 ms [UE 3210] UL Throughput = 0.32775 Mbps
30057 ms [UE 3210] UL Throughput = 0.42005 Mbps
30167 ms [UE 3210] UL Throughput = 0.41562 Mbps
30277 ms [UE 3210] UL Throughput = 0.34678 Mbps
30386 ms [UE 3210] UL Throughput = 0.69151 Mbps
30486 ms [UE 3210] UL Throughput = 0.40920 Mbps
30587 ms [UE 3210] UL Throughput = 0.00000 Mbps
30696 ms [UE 3210] UL Throughput = 0.77038 Mbps
30751 ms | now=1755739036114843 us | PDCP ind_msg latency=70890448 us
30797 ms [UE 3210] UL Throughput = 0.37782 Mbps
30907 ms [UE 3210] UL Throughput = 0.00000 Mbps
31007 ms [UE 3210] UL Throughput = 0.00000 Mbps
31117 ms [UE 3210] UL Throughput = 0.64395 Mbps
31227 ms [UE 3210] UL Throughput = 0.07450 Mbps
31337 ms [UE 3210] UL Throughput = 0.68886 Mbps
31437 ms [UE 3210] UL Throughput = 0.00000 Mbps
31537 ms [UE 3210] UL Throughput = 0.08174 Mbps
31647 ms [UE 3210] UL Throughput = 0.69098 Mbps
31756 ms [UE 3210] UL Throughput = 0.41937 Mbps
31777 ms | now=1755739037140136 us | PDCP ind_msg latency=70890679 us
31857 ms [UE 3210] UL Throughput = 0.00000 Mbps
31957 ms [UE 3210] UL Throughput = 0.37880 Mbps
32067 ms [UE 3210] UL Throughput = 0.76397 Mbps
32177 ms [UE 3210] UL Throughput = 0.41912 Mbps
32277 ms [UE 3210] UL Throughput = 0.08187 Mbps
32386 ms [UE 3210] UL Throughput = 0.29871 Mbps
32487 ms [UE 3210] UL Throughput = 0.75482 Mbps
32597 ms [UE 3210] UL Throughput = 0.00000 Mbps
32707 ms [UE 3210] UL Throughput = 0.34429 Mbps
32801 ms | now=1755739038164355 us | PDCP ind_msg latency=70890925 us
32816 ms [UE 3210] UL Throughput = 0.00000 Mbps
32917 ms [UE 3210] UL Throughput = 0.70592 Mbps
33017 ms [UE 3210] UL Throughput = 0.00000 Mbps
33127 ms [UE 3210] UL Throughput = 0.76528 Mbps
33236 ms [UE 3210] UL Throughput = 0.76390 Mbps
33336 ms [UE 3210] UL Throughput = 0.00000 Mbps
33437 ms [UE 3210] UL Throughput = 0.83885 Mbps
33547 ms [UE 3210] UL Throughput = 0.72668 Mbps
33647 ms [UE 3210] UL Throughput = 0.00000 Mbps
33757 ms [UE 3210] UL Throughput = 0.76770 Mbps
33824 ms | now=1755739039188040 us | PDCP ind_msg latency=70890575 us
33857 ms [UE 3210] UL Throughput = 0.83962 Mbps
33957 ms [UE 3210] UL Throughput = 0.00000 Mbps
34067 ms [UE 3210] UL Throughput = 0.76594 Mbps
34176 ms [UE 3210] UL Throughput = 0.72724 Mbps
34277 ms [UE 3210] UL Throughput = 0.08166 Mbps
34386 ms [UE 3210] UL Throughput = 0.66291 Mbps
34487 ms [UE 3210] UL Throughput = 0.83842 Mbps
34587 ms [UE 3210] UL Throughput = 0.00000 Mbps
34697 ms [UE 3210] UL Throughput = 0.76226 Mbps
34807 ms [UE 3210] UL Throughput = 0.72318 Mbps
34850 ms | now=1755739040214006 us | PDCP ind_msg latency=70890600 us
34917 ms [UE 3210] UL Throughput = 0.07460 Mbps
35027 ms [UE 3210] UL Throughput = 0.69211 Mbps
35137 ms [UE 3210] UL Throughput = 0.76468 Mbps
35237 ms [UE 3210] UL Throughput = 0.08175 Mbps
35347 ms [UE 3210] UL Throughput = 0.68857 Mbps
35457 ms [UE 3210] UL Throughput = 0.72666 Mbps
35567 ms [UE 3210] UL Throughput = 0.41813 Mbps
35667 ms [UE 3210] UL Throughput = 0.37850 Mbps
35767 ms [UE 3210] UL Throughput = 0.83887 Mbps
35875 ms | now=1755739041238592 us | PDCP ind_msg latency=70890997 us
35877 ms [UE 3210] UL Throughput = 0.42061 Mbps
35977 ms [UE 3210] UL Throughput = 0.37860 Mbps
36087 ms [UE 3210] UL Throughput = 0.72871 Mbps
36187 ms [UE 3210] UL Throughput = 0.08184 Mbps
36297 ms [UE 3210] UL Throughput = 0.68954 Mbps
36406 ms [UE 3210] UL Throughput = 0.76389 Mbps
36507 ms [UE 3210] UL Throughput = 0.45954 Mbps
36616 ms [UE 3210] UL Throughput = 0.34549 Mbps
36726 ms [UE 3210] UL Throughput = 0.72675 Mbps
36827 ms [UE 3210] UL Throughput = 0.42896 Mbps
36898 ms | now=1755739042261924 us | PDCP ind_msg latency=70890526 us
36936 ms [UE 3210] UL Throughput = 0.34518 Mbps
37037 ms [UE 3210] UL Throughput = 0.83791 Mbps
37146 ms [UE 3210] UL Throughput = 0.76548 Mbps
37246 ms [UE 3210] UL Throughput = 0.00000 Mbps
37347 ms [UE 3210] UL Throughput = 0.79442 Mbps
37457 ms [UE 3210] UL Throughput = 0.76631 Mbps
37557 ms [UE 3210] UL Throughput = 0.00000 Mbps
37667 ms [UE 3210] UL Throughput = 0.76229 Mbps
37777 ms [UE 3210] UL Throughput = 0.76754 Mbps
37877 ms [UE 3210] UL Throughput = 0.00000 Mbps
37923 ms | now=1755739043286881 us | PDCP ind_msg latency=70890458 us
37987 ms [UE 3210] UL Throughput = 0.72684 Mbps
38097 ms [UE 3210] UL Throughput = 0.76426 Mbps
38197 ms [UE 3210] UL Throughput = 0.08158 Mbps
38307 ms [UE 3210] UL Throughput = 0.68981 Mbps
38417 ms [UE 3210] UL Throughput = 0.76483 Mbps
38526 ms [UE 3210] UL Throughput = 0.72802 Mbps
38627 ms [UE 3210] UL Throughput = 0.00000 Mbps
38727 ms [UE 3210] UL Throughput = 0.83869 Mbps
38836 ms [UE 3210] UL Throughput = 0.76543 Mbps
38937 ms [UE 3210] UL Throughput = 0.83813 Mbps
38947 ms | now=1755739044310911 us | PDCP ind_msg latency=70890512 us
39047 ms [UE 3210] UL Throughput = 0.07417 Mbps
39156 ms [UE 3210] UL Throughput = 0.65561 Mbps
39257 ms [UE 3210] UL Throughput = 0.80840 Mbps
39357 ms [UE 3210] UL Throughput = 0.83496 Mbps
39467 ms [UE 3210] UL Throughput = 0.00000 Mbps
39577 ms [UE 3210] UL Throughput = 0.76148 Mbps
39687 ms [UE 3210] UL Throughput = 0.72554 Mbps
39797 ms [UE 3210] UL Throughput = 0.76286 Mbps
39907 ms [UE 3210] UL Throughput = 0.41996 Mbps
39971 ms | now=1755739045334941 us | PDCP ind_msg latency=70890544 us
40017 ms [UE 3210] UL Throughput = 0.34504 Mbps
40127 ms [UE 3210] UL Throughput = 0.76487 Mbps
40227 ms [UE 3210] UL Throughput = 0.79818 Mbps
40327 ms [UE 3210] UL Throughput = 0.46084 Mbps
40427 ms [UE 3210] UL Throughput = 0.37721 Mbps
40536 ms [UE 3210] UL Throughput = 0.76832 Mbps
40637 ms [UE 3210] UL Throughput = 0.83719 Mbps
40737 ms [UE 3210] UL Throughput = 0.08186 Mbps
40847 ms [UE 3210] UL Throughput = 0.65068 Mbps
40957 ms [UE 3210] UL Throughput = 0.76608 Mbps
40996 ms | now=1755739046359491 us | PDCP ind_msg latency=70890992 us
41067 ms [UE 3210] UL Throughput = 0.76304 Mbps
41167 ms [UE 3210] UL Throughput = 0.83795 Mbps
41277 ms [UE 3210] UL Throughput = 0.07457 Mbps
41387 ms [UE 3210] UL Throughput = 0.65041 Mbps
41497 ms [UE 3210] UL Throughput = 0.73559 Mbps
41607 ms [UE 3210] UL Throughput = 0.76659 Mbps
41707 ms [UE 3210] UL Throughput = 0.08125 Mbps
41817 ms [UE 3210] UL Throughput = 0.69351 Mbps
41927 ms [UE 3210] UL Throughput = 0.72353 Mbps
42020 ms | now=1755739047383172 us | PDCP ind_msg latency=70890669 us
42037 ms [UE 3210] UL Throughput = 0.76684 Mbps
42147 ms [UE 3210] UL Throughput = 0.76241 Mbps
42257 ms [UE 3210] UL Throughput = 0.07441 Mbps
42358 ms [UE 3210] UL Throughput = 0.75114 Mbps
42466 ms [UE 3210] UL Throughput = 0.73523 Mbps
42577 ms [UE 3210] UL Throughput = 0.76135 Mbps
42686 ms [UE 3210] UL Throughput = 0.42009 Mbps
42786 ms [UE 3210] UL Throughput = 0.37893 Mbps
42897 ms [UE 3210] UL Throughput = 0.76116 Mbps
43006 ms [UE 3210] UL Throughput = 0.72870 Mbps
43043 ms | now=1755739048407060 us | PDCP ind_msg latency=70890590 us
43107 ms [UE 3210] UL Throughput = 0.45775 Mbps
43217 ms [UE 3210] UL Throughput = 0.34506 Mbps
43327 ms [UE 3210] UL Throughput = 0.76287 Mbps
43437 ms [UE 3210] UL Throughput = 0.76617 Mbps
43547 ms [UE 3210] UL Throughput = 0.72758 Mbps
43647 ms [UE 3210] UL Throughput = 0.00000 Mbps
43756 ms [UE 3210] UL Throughput = 0.73886 Mbps
43857 ms [UE 3210] UL Throughput = 0.83966 Mbps
43957 ms [UE 3210] UL Throughput = 0.83725 Mbps
44067 ms [UE 3210] UL Throughput = 0.00000 Mbps
44071 ms | now=1755739049434987 us | PDCP ind_msg latency=70893531 us
44167 ms [UE 3210] UL Throughput = 0.79763 Mbps
44277 ms [UE 3210] UL Throughput = 0.76352 Mbps
44377 ms [UE 3210] UL Throughput = 0.45993 Mbps
44487 ms [UE 3210] UL Throughput = 0.41993 Mbps
44587 ms [UE 3210] UL Throughput = 0.75449 Mbps
44697 ms [UE 3210] UL Throughput = 0.72780 Mbps
44807 ms [UE 3210] UL Throughput = 0.76497 Mbps
44907 ms [UE 3210] UL Throughput = 0.00000 Mbps
45017 ms [UE 3210] UL Throughput = 0.76491 Mbps
45094 ms | now=1755739050457115 us | PDCP ind_msg latency=70890664 us
45127 ms [UE 3210] UL Throughput = 0.76451 Mbps
45237 ms [UE 3210] UL Throughput = 0.72682 Mbps
45337 ms [UE 3210] UL Throughput = 0.08186 Mbps
45437 ms [UE 3210] UL Throughput = 0.75718 Mbps
45537 ms [UE 3210] UL Throughput = 0.83804 Mbps
45647 ms [UE 3210] UL Throughput = 0.76488 Mbps
45757 ms [UE 3210] UL Throughput = 0.07451 Mbps
45857 ms [UE 3210] UL Throughput = 0.71326 Mbps
45958 ms [UE 3210] UL Throughput = 0.80240 Mbps
46066 ms [UE 3210] UL Throughput = 0.77481 Mbps
46118 ms | now=1755739051481142 us | PDCP ind_msg latency=70890676 us
46167 ms [UE 3210] UL Throughput = 0.00000 Mbps
46277 ms [UE 3210] UL Throughput = 0.76597 Mbps
46387 ms [UE 3210] UL Throughput = 0.72608 Mbps
46497 ms [UE 3210] UL Throughput = 0.76341 Mbps
46597 ms [UE 3210] UL Throughput = 0.00000 Mbps
46707 ms [UE 3210] UL Throughput = 0.76398 Mbps
46817 ms [UE 3210] UL Throughput = 0.76215 Mbps
46927 ms [UE 3210] UL Throughput = 0.72706 Mbps
47027 ms [UE 3210] UL Throughput = 0.08176 Mbps
47137 ms [UE 3210] UL Throughput = 0.69295 Mbps
47143 ms | now=1755739052507040 us | PDCP ind_msg latency=70890563 us
47237 ms [UE 3210] UL Throughput = 0.83912 Mbps
47347 ms [UE 3210] UL Throughput = 0.76396 Mbps
47447 ms [UE 3210] UL Throughput = 0.00000 Mbps
47547 ms [UE 3210] UL Throughput = 0.79869 Mbps
47657 ms [UE 3210] UL Throughput = 0.76408 Mbps
47757 ms [UE 3210] UL Throughput = 0.08173 Mbps
47867 ms [UE 3210] UL Throughput = 0.68891 Mbps
47977 ms [UE 3210] UL Throughput = 0.76110 Mbps
48087 ms [UE 3210] UL Throughput = 0.72895 Mbps
48169 ms | now=1755739053532068 us | PDCP ind_msg latency=70890622 us
48187 ms [UE 3210] UL Throughput = 0.08189 Mbps
48287 ms [UE 3210] UL Throughput = 0.72654 Mbps
48397 ms [UE 3210] UL Throughput = 0.76516 Mbps
48507 ms [UE 3210] UL Throughput = 0.76416 Mbps
48617 ms [UE 3210] UL Throughput = 0.41889 Mbps
48717 ms [UE 3210] UL Throughput = 0.33800 Mbps
48817 ms [UE 3210] UL Throughput = 0.83578 Mbps
48927 ms [UE 3210] UL Throughput = 0.76754 Mbps
49037 ms [UE 3210] UL Throughput = 0.41864 Mbps
49137 ms [UE 3210] UL Throughput = 0.37826 Mbps
49193 ms | now=1755739054556955 us | PDCP ind_msg latency=70890548 us
49247 ms [UE 3210] UL Throughput = 0.72563 Mbps
49357 ms [UE 3210] UL Throughput = 0.76371 Mbps
49467 ms [UE 3210] UL Throughput = 0.76535 Mbps
49567 ms [UE 3210] UL Throughput = 0.00000 Mbps
49677 ms [UE 3210] UL Throughput = 0.76451 Mbps
49787 ms [UE 3210] UL Throughput = 0.72610 Mbps
49897 ms [UE 3210] UL Throughput = 0.76485 Mbps
49997 ms [UE 3210] UL Throughput = 0.00000 Mbps
50097 ms [UE 3210] UL Throughput = 0.83833 Mbps
50197 ms [UE 3210] UL Throughput = 0.83788 Mbps
50218 ms | now=1755739055581137 us | PDCP ind_msg latency=70890685 us
50297 ms [UE 3210] UL Throughput = 0.45992 Mbps
50397 ms [UE 3210] UL Throughput = 0.33793 Mbps
50507 ms [UE 3210] UL Throughput = 0.73837 Mbps
50616 ms [UE 3210] UL Throughput = 0.76606 Mbps
50717 ms [UE 3210] UL Throughput = 0.45681 Mbps
50827 ms [UE 3210] UL Throughput = 0.34610 Mbps
50937 ms [UE 3210] UL Throughput = 0.72517 Mbps
51047 ms [UE 3210] UL Throughput = 0.76592 Mbps
51157 ms [UE 3210] UL Throughput = 0.76075 Mbps
51244 ms | now=1755739056607772 us | PDCP ind_msg latency=70891336 us
51267 ms [UE 3210] UL Throughput = 0.42040 Mbps
51367 ms [UE 3210] UL Throughput = 0.37837 Mbps
51467 ms [UE 3210] UL Throughput = 0.79679 Mbps
51577 ms [UE 3210] UL Throughput = 0.76522 Mbps
51677 ms [UE 3210] UL Throughput = 0.08175 Mbps
51787 ms [UE 3210] UL Throughput = 0.68993 Mbps
51887 ms [UE 3210] UL Throughput = 0.83839 Mbps
51997 ms [UE 3210] UL Throughput = 0.73019 Mbps
52097 ms [UE 3210] UL Throughput = 0.45985 Mbps
52197 ms [UE 3210] UL Throughput = 0.37876 Mbps
52267 ms | now=1755739057630846 us | PDCP ind_msg latency=70890435 us
52307 ms [UE 3210] UL Throughput = 0.76529 Mbps
52407 ms [UE 3210] UL Throughput = 0.83758 Mbps
52517 ms [UE 3210] UL Throughput = 0.41747 Mbps
52627 ms [UE 3210] UL Throughput = 0.30834 Mbps
52737 ms [UE 3210] UL Throughput = 0.73476 Mbps
52847 ms [UE 3210] UL Throughput = 0.76532 Mbps
52947 ms [UE 3210] UL Throughput = 0.83789 Mbps
53047 ms [UE 3210] UL Throughput = 0.08170 Mbps
53157 ms [UE 3210] UL Throughput = 0.65606 Mbps
53257 ms [UE 3210] UL Throughput = 0.83862 Mbps
53292 ms | now=1755739058655211 us | PDCP ind_msg latency=70890764 us
53367 ms [UE 3210] UL Throughput = 0.76243 Mbps
53467 ms [UE 3210] UL Throughput = 0.08165 Mbps
53577 ms [UE 3210] UL Throughput = 0.69128 Mbps
53677 ms [UE 3210] UL Throughput = 0.79590 Mbps
53787 ms [UE 3210] UL Throughput = 0.76846 Mbps
53897 ms [UE 3210] UL Throughput = 0.07445 Mbps
53997 ms [UE 3210] UL Throughput = 0.75273 Mbps
54107 ms [UE 3210] UL Throughput = 0.76823 Mbps
54207 ms [UE 3210] UL Throughput = 0.45953 Mbps
54315 ms | now=1755739059679067 us | PDCP ind_msg latency=70890668 us
54317 ms [UE 3210] UL Throughput = 0.30732 Mbps
54417 ms [UE 3210] UL Throughput = 0.83548 Mbps
54527 ms [UE 3210] UL Throughput = 0.76746 Mbps
54627 ms [UE 3210] UL Throughput = 0.45897 Mbps
54737 ms [UE 3210] UL Throughput = 0.34641 Mbps
54837 ms [UE 3210] UL Throughput = 0.79843 Mbps
54947 ms [UE 3210] UL Throughput = 0.73423 Mbps
55057 ms [UE 3210] UL Throughput = 0.41945 Mbps
55167 ms [UE 3210] UL Throughput = 0.41911 Mbps
55277 ms [UE 3210] UL Throughput = 0.68685 Mbps
55342 ms | now=1755739060705084 us | PDCP ind_msg latency=70890566 us
55388 ms [UE 3210] UL Throughput = 0.72125 Mbps
55497 ms [UE 3210] UL Throughput = 0.76911 Mbps
55607 ms [UE 3210] UL Throughput = 0.07470 Mbps
55717 ms [UE 3210] UL Throughput = 0.68594 Mbps
55827 ms [UE 3210] UL Throughput = 0.76846 Mbps
55927 ms [UE 3210] UL Throughput = 0.79637 Mbps
56037 ms [UE 3210] UL Throughput = 0.41777 Mbps
56147 ms [UE 3210] UL Throughput = 0.34567 Mbps
56247 ms [UE 3210] UL Throughput = 0.83823 Mbps
56357 ms [UE 3210] UL Throughput = 0.76538 Mbps
56367 ms | now=1755739061730355 us | PDCP ind_msg latency=70890958 us
56457 ms [UE 3210] UL Throughput = 0.45910 Mbps
56567 ms [UE 3210] UL Throughput = 0.30871 Mbps
56667 ms [UE 3210] UL Throughput = 0.83931 Mbps
56777 ms [UE 3210] UL Throughput = 0.76129 Mbps
56887 ms [UE 3210] UL Throughput = 0.41946 Mbps
56997 ms [UE 3210] UL Throughput = 0.34541 Mbps
57097 ms [UE 3210] UL Throughput = 0.79479 Mbps
57207 ms [UE 3210] UL Throughput = 0.73708 Mbps
57317 ms [UE 3210] UL Throughput = 0.41919 Mbps
57390 ms | now=1755739062753987 us | PDCP ind_msg latency=70890582 us
57427 ms [UE 3210] UL Throughput = 0.34494 Mbps
57538 ms [UE 3210] UL Throughput = 0.75853 Mbps
57638 ms [UE 3210] UL Throughput = 0.79747 Mbps
57748 ms [UE 3210] UL Throughput = 0.76476 Mbps
57857 ms [UE 3210] UL Throughput = 0.07488 Mbps
57957 ms [UE 3210] UL Throughput = 0.75779 Mbps
58057 ms [UE 3210] UL Throughput = 0.83719 Mbps
58167 ms [UE 3210] UL Throughput = 0.42084 Mbps
58267 ms [UE 3210] UL Throughput = 0.33671 Mbps
58377 ms [UE 3210] UL Throughput = 0.76400 Mbps
58415 ms | now=1755739063778255 us | PDCP ind_msg latency=70890817 us
58487 ms [UE 3210] UL Throughput = 0.76451 Mbps
58597 ms [UE 3210] UL Throughput = 0.41864 Mbps
58707 ms [UE 3210] UL Throughput = 0.34510 Mbps
58807 ms [UE 3210] UL Throughput = 0.79856 Mbps
58908 ms [UE 3210] UL Throughput = 0.83009 Mbps
59017 ms [UE 3210] UL Throughput = 0.42477 Mbps
59117 ms [UE 3210] UL Throughput = 0.37846 Mbps
59217 ms [UE 3210] UL Throughput = 0.83841 Mbps
59327 ms [UE 3210] UL Throughput = 0.72457 Mbps
59437 ms [UE 3210] UL Throughput = 0.73793 Mbps
59439 ms | now=1755739064802340 us | PDCP ind_msg latency=70890904 us
59547 ms [UE 3210] UL Throughput = 0.07452 Mbps
59657 ms [UE 3210] UL Throughput = 0.68922 Mbps
59757 ms [UE 3210] UL Throughput = 0.83419 Mbps
59867 ms [UE 3210] UL Throughput = 0.73088 Mbps
59967 ms [UE 3210] UL Throughput = 0.45972 Mbps
60077 ms [UE 3210] UL Throughput = 0.34489 Mbps
60177 ms [UE 3210] UL Throughput = 0.83820 Mbps
60287 ms [UE 3210] UL Throughput = 0.76508 Mbps
60387 ms [UE 3210] UL Throughput = 0.08178 Mbps
60463 ms | now=1755739065826253 us | PDCP ind_msg latency=70890779 us
60497 ms [UE 3210] UL Throughput = 0.65277 Mbps
60597 ms [UE 3210] UL Throughput = 0.83928 Mbps
60697 ms [UE 3210] UL Throughput = 0.83953 Mbps
60797 ms [UE 3210] UL Throughput = 0.08166 Mbps
60907 ms [UE 3210] UL Throughput = 0.69242 Mbps
61007 ms [UE 3210] UL Throughput = 0.79621 Mbps
61107 ms [UE 3210] UL Throughput = 0.83979 Mbps
61208 ms [UE 3210] UL Throughput = 0.45731 Mbps
61317 ms [UE 3210] UL Throughput = 0.34715 Mbps
61417 ms [UE 3210] UL Throughput = 0.83835 Mbps
61490 ms | now=1755739066853350 us | PDCP ind_msg latency=70890909 us
61527 ms [UE 3210] UL Throughput = 0.73048 Mbps
61627 ms [UE 3210] UL Throughput = 0.42884 Mbps
61737 ms [UE 3210] UL Throughput = 0.34410 Mbps
61847 ms [UE 3210] UL Throughput = 0.76133 Mbps
61957 ms [UE 3210] UL Throughput = 0.76708 Mbps
62057 ms [UE 3210] UL Throughput = 0.45828 Mbps
62167 ms [UE 3210] UL Throughput = 0.30864 Mbps
62277 ms [UE 3210] UL Throughput = 0.76366 Mbps
62387 ms [UE 3210] UL Throughput = 0.76193 Mbps
62497 ms [UE 3210] UL Throughput = 0.76497 Mbps
62514 ms | now=1755739067877305 us | PDCP ind_msg latency=70890835 us
62597 ms [UE 3210] UL Throughput = 0.08172 Mbps
62707 ms [UE 3210] UL Throughput = 0.65452 Mbps
62807 ms [UE 3210] UL Throughput = 0.83859 Mbps
62917 ms [UE 3210] UL Throughput = 0.76329 Mbps
63017 ms [UE 3210] UL Throughput = 0.08190 Mbps
63117 ms [UE 3210] UL Throughput = 0.75783 Mbps
63217 ms [UE 3210] UL Throughput = 0.79836 Mbps
63327 ms [UE 3210] UL Throughput = 0.76391 Mbps
63437 ms [UE 3210] UL Throughput = 0.07456 Mbps
63538 ms [UE 3210] UL Throughput = 0.75332 Mbps
63538 ms | now=1755739068901086 us | PDCP ind_msg latency=70890637 us
63648 ms [UE 3210] UL Throughput = 0.76307 Mbps
63757 ms [UE 3210] UL Throughput = 0.73110 Mbps
63857 ms [UE 3210] UL Throughput = 0.08188 Mbps
63957 ms [UE 3210] UL Throughput = 0.72596 Mbps
64058 ms [UE 3210] UL Throughput = 0.83504 Mbps
64167 ms [UE 3210] UL Throughput = 0.76490 Mbps
64277 ms [UE 3210] UL Throughput = 0.42081 Mbps
64377 ms [UE 3210] UL Throughput = 0.33653 Mbps
64487 ms [UE 3210] UL Throughput = 0.76397 Mbps
64562 ms | now=1755739069925283 us | PDCP ind_msg latency=70890808 us
64597 ms [UE 3210] UL Throughput = 0.76748 Mbps
64697 ms [UE 3210] UL Throughput = 0.45949 Mbps
64797 ms [UE 3210] UL Throughput = 0.37880 Mbps
64907 ms [UE 3210] UL Throughput = 0.72741 Mbps
65007 ms [UE 3210] UL Throughput = 0.83934 Mbps
65107 ms [UE 3210] UL Throughput = 0.08179 Mbps
65207 ms [UE 3210] UL Throughput = 0.75786 Mbps
65307 ms [UE 3210] UL Throughput = 0.83867 Mbps
65407 ms [UE 3210] UL Throughput = 0.46029 Mbps
65517 ms [UE 3210] UL Throughput = 0.30945 Mbps
65586 ms | now=1755739070949455 us | PDCP ind_msg latency=70891023 us
65617 ms [UE 3210] UL Throughput = 0.83629 Mbps
65727 ms [UE 3210] UL Throughput = 0.76464 Mbps
65837 ms [UE 3210] UL Throughput = 0.07435 Mbps
65947 ms [UE 3210] UL Throughput = 0.68927 Mbps
66047 ms [UE 3210] UL Throughput = 0.79875 Mbps
66147 ms [UE 3210] UL Throughput = 0.80822 Mbps
66257 ms [UE 3210] UL Throughput = 0.07485 Mbps
66357 ms [UE 3210] UL Throughput = 0.75483 Mbps
66467 ms [UE 3210] UL Throughput = 0.76602 Mbps
66567 ms [UE 3210] UL Throughput = 0.79662 Mbps
66611 ms | now=1755739071974223 us | PDCP ind_msg latency=70890833 us
66677 ms [UE 3210] UL Throughput = 0.07431 Mbps
66787 ms [UE 3210] UL Throughput = 0.69132 Mbps
66887 ms [UE 3210] UL Throughput = 0.83962 Mbps
66987 ms [UE 3210] UL Throughput = 0.83960 Mbps
67097 ms [UE 3210] UL Throughput = 0.07426 Mbps
67207 ms [UE 3210] UL Throughput = 0.65288 Mbps
67317 ms [UE 3210] UL Throughput = 0.76158 Mbps
67418 ms [UE 3210] UL Throughput = 0.83933 Mbps
67527 ms [UE 3210] UL Throughput = 0.07454 Mbps
67636 ms | now=1755739072999279 us | PDCP ind_msg latency=70890845 us
67637 ms [UE 3210] UL Throughput = 0.34579 Mbps
67748 ms [UE 3210] UL Throughput = 0.71344 Mbps
67857 ms [UE 3210] UL Throughput = 0.69008 Mbps
67967 ms [UE 3210] UL Throughput = 0.76885 Mbps
68067 ms [UE 3210] UL Throughput = 0.00000 Mbps
68167 ms [UE 3210] UL Throughput = 0.46038 Mbps
68277 ms [UE 3210] UL Throughput = 0.71940 Mbps
68377 ms [UE 3210] UL Throughput = 0.00000 Mbps
68487 ms [UE 3210] UL Throughput = 0.34566 Mbps
68597 ms [UE 3210] UL Throughput = 0.76396 Mbps
68663 ms | now=1755739074026147 us | PDCP ind_msg latency=70890748 us
68697 ms [UE 3210] UL Throughput = 0.83925 Mbps
68797 ms [UE 3210] UL Throughput = 0.46019 Mbps
68897 ms [UE 3210] UL Throughput = 0.32757 Mbps
69007 ms [UE 3210] UL Throughput = 0.68791 Mbps
69117 ms [UE 3210] UL Throughput = 0.42098 Mbps
69217 ms [UE 3210] UL Throughput = 0.46058 Mbps
69317 ms [UE 3210] UL Throughput = 0.37865 Mbps
69417 ms [UE 3210] UL Throughput = 0.70527 Mbps
69527 ms [UE 3210] UL Throughput = 0.42020 Mbps
69627 ms [UE 3210] UL Throughput = 0.08161 Mbps
69688 ms | now=1755739075051127 us | PDCP ind_msg latency=70890706 us
69737 ms [UE 3210] UL Throughput = 0.00000 Mbps
69837 ms [UE 3210] UL Throughput = 0.75726 Mbps
69937 ms [UE 3210] UL Throughput = 0.37743 Mbps
70038 ms [UE 3210] UL Throughput = 0.00000 Mbps
70147 ms [UE 3210] UL Throughput = 0.69754 Mbps
70247 ms [UE 3210] UL Throughput = 0.45802 Mbps
70357 ms [UE 3210] UL Throughput = 0.07468 Mbps
70457 ms [UE 3210] UL Throughput = 0.37879 Mbps
70557 ms [UE 3210] UL Throughput = 0.70642 Mbps
70657 ms [UE 3210] UL Throughput = 0.37864 Mbps
70712 ms | now=1755739076075224 us | PDCP ind_msg latency=70890818 us
70758 ms [UE 3210] UL Throughput = 0.08152 Mbps
70867 ms [UE 3210] UL Throughput = 0.00000 Mbps
70977 ms [UE 3210] UL Throughput = 0.76619 Mbps
71077 ms [UE 3210] UL Throughput = 0.37811 Mbps
71177 ms [UE 3210] UL Throughput = 0.00000 Mbps
71287 ms [UE 3210] UL Throughput = 0.69187 Mbps
71387 ms [UE 3210] UL Throughput = 0.83984 Mbps
71487 ms [UE 3210] UL Throughput = 0.45973 Mbps
71597 ms [UE 3210] UL Throughput = 0.07466 Mbps
71697 ms [UE 3210] UL Throughput = 0.32767 Mbps
71737 ms | now=1755739077100206 us | PDCP ind_msg latency=70890802 us
71797 ms [UE 3210] UL Throughput = 0.75713 Mbps
71897 ms [UE 3210] UL Throughput = 0.37863 Mbps
72007 ms [UE 3210] UL Throughput = 0.07447 Mbps
72117 ms [UE 3210] UL Throughput = 0.00000 Mbps
72227 ms [UE 3210] UL Throughput = 0.64470 Mbps
72327 ms [UE 3210] UL Throughput = 0.75681 Mbps
72427 ms [UE 3210] UL Throughput = 0.00000 Mbps
72527 ms [UE 3210] UL Throughput = 0.45325 Mbps
72637 ms [UE 3210] UL Throughput = 0.42097 Mbps
72737 ms [UE 3210] UL Throughput = 0.70644 Mbps
72761 ms | now=1755739078124302 us | PDCP ind_msg latency=70890894 us
72847 ms [UE 3210] UL Throughput = 0.00000 Mbps
72947 ms [UE 3210] UL Throughput = 0.37846 Mbps
73048 ms [UE 3210] UL Throughput = 0.08155 Mbps
73158 ms [UE 3210] UL Throughput = 0.76216 Mbps
73267 ms [UE 3210] UL Throughput = 0.34634 Mbps
73377 ms [UE 3210] UL Throughput = 0.00000 Mbps
73487 ms [UE 3210] UL Throughput = 0.69259 Mbps
73588 ms [UE 3210] UL Throughput = 0.45796 Mbps
73688 ms [UE 3210] UL Throughput = 0.08183 Mbps
73788 ms | now=1755739079151366 us | PDCP ind_msg latency=70890936 us
73797 ms [UE 3210] UL Throughput = 0.34505 Mbps
73908 ms [UE 3210] UL Throughput = 0.64183 Mbps
74018 ms [UE 3210] UL Throughput = 0.34298 Mbps
74127 ms [UE 3210] UL Throughput = 0.06926 Mbps
74237 ms [UE 3210] UL Throughput = 0.00000 Mbps
74337 ms [UE 3210] UL Throughput = 0.37814 Mbps
74447 ms [UE 3210] UL Throughput = 0.34440 Mbps
74557 ms [UE 3210] UL Throughput = 0.34556 Mbps
74657 ms [UE 3210] UL Throughput = 0.37891 Mbps
74757 ms [UE 3210] UL Throughput = 0.83176 Mbps
74812 ms | now=1755739080175358 us | PDCP ind_msg latency=70890912 us
74867 ms [UE 3210] UL Throughput = 0.41965 Mbps
74977 ms [UE 3210] UL Throughput = 0.71103 Mbps
75087 ms [UE 3210] UL Throughput = 0.00000 Mbps
75197 ms [UE 3210] UL Throughput = 0.34406 Mbps
75297 ms [UE 3210] UL Throughput = 0.83258 Mbps
75407 ms [UE 3210] UL Throughput = 0.42099 Mbps
75507 ms [UE 3210] UL Throughput = 0.07552 Mbps
75607 ms [UE 3210] UL Throughput = 0.70403 Mbps
75717 ms [UE 3210] UL Throughput = 0.68878 Mbps
75827 ms [UE 3210] UL Throughput = 0.41287 Mbps
75838 ms | now=1755739081201509 us | PDCP ind_msg latency=70891109 us
75938 ms [UE 3210] UL Throughput = 0.00000 Mbps
76047 ms [UE 3210] UL Throughput = 0.42140 Mbps
76147 ms [UE 3210] UL Throughput = 0.70590 Mbps
76247 ms [UE 3210] UL Throughput = 0.37820 Mbps
76357 ms [UE 3210] UL Throughput = 0.34504 Mbps
76467 ms [UE 3210] UL Throughput = 0.69075 Mbps
76567 ms [UE 3210] UL Throughput = 0.46004 Mbps
76668 ms [UE 3210] UL Throughput = 0.08155 Mbps
76777 ms [UE 3210] UL Throughput = 0.29995 Mbps
76862 ms | now=1755739082225499 us | PDCP ind_msg latency=70891046 us
76877 ms [UE 3210] UL Throughput = 0.75791 Mbps
76977 ms [UE 3210] UL Throughput = 0.37773 Mbps
77087 ms [UE 3210] UL Throughput = 0.07445 Mbps
77197 ms [UE 3210] UL Throughput = 0.34437 Mbps
77307 ms [UE 3210] UL Throughput = 0.64447 Mbps
77407 ms [UE 3210] UL Throughput = 0.37782 Mbps
77507 ms [UE 3210] UL Throughput = 0.46000 Mbps
77617 ms [UE 3210] UL Throughput = 0.34520 Mbps
77718 ms [UE 3210] UL Throughput = 0.45926 Mbps
77828 ms [UE 3210] UL Throughput = 0.71597 Mbps
77887 ms | now=1755739083250551 us | PDCP ind_msg latency=70891139 us
77937 ms [UE 3210] UL Throughput = 0.69267 Mbps
78037 ms [UE 3210] UL Throughput = 0.08175 Mbps
78138 ms [UE 3210] UL Throughput = 0.75620 Mbps
78248 ms [UE 3210] UL Throughput = 0.34444 Mbps
78357 ms [UE 3210] UL Throughput = 0.72054 Mbps
78457 ms [UE 3210] UL Throughput = 0.00000 Mbps
78567 ms [UE 3210] UL Throughput = 0.76555 Mbps
78667 ms [UE 3210] UL Throughput = 0.00000 Mbps
78777 ms [UE 3210] UL Throughput = 0.41843 Mbps
78887 ms [UE 3210] UL Throughput = 0.07465 Mbps
78912 ms | now=1755739084275681 us | PDCP ind_msg latency=70891199 us
78988 ms [UE 3210] UL Throughput = 0.37742 Mbps
79098 ms [UE 3210] UL Throughput = 0.68854 Mbps
79207 ms [UE 3210] UL Throughput = 0.42143 Mbps
79307 ms [UE 3210] UL Throughput = 0.08161 Mbps
79417 ms [UE 3210] UL Throughput = 0.34497 Mbps
79527 ms [UE 3210] UL Throughput = 0.64365 Mbps
79627 ms [UE 3210] UL Throughput = 0.37882 Mbps
79737 ms [UE 3210] UL Throughput = 0.41799 Mbps
79847 ms [UE 3210] UL Throughput = 0.34487 Mbps
79936 ms | now=1755739085299288 us | PDCP ind_msg latency=70890894 us
79958 ms [UE 3210] UL Throughput = 0.75840 Mbps
80067 ms [UE 3210] UL Throughput = 0.72282 Mbps
80168 ms [UE 3210] UL Throughput = 0.45715 Mbps
80277 ms [UE 3210] UL Throughput = 0.07489 Mbps
80377 ms [UE 3210] UL Throughput = 0.37792 Mbps
80487 ms [UE 3210] UL Throughput = 0.69246 Mbps
80587 ms [UE 3210] UL Throughput = 0.37718 Mbps
80688 ms [UE 3210] UL Throughput = 0.32704 Mbps
80797 ms [UE 3210] UL Throughput = 0.42063 Mbps
80897 ms [UE 3210] UL Throughput = 0.46070 Mbps
80960 ms | now=1755739086323425 us | PDCP ind_msg latency=70890933 us
80997 ms [UE 3210] UL Throughput = 0.00000 Mbps
81107 ms [UE 3210] UL Throughput = 0.34396 Mbps
81208 ms [UE 3210] UL Throughput = 0.70636 Mbps
81317 ms [UE 3210] UL Throughput = 0.69118 Mbps
81427 ms [UE 3210] UL Throughput = 0.07446 Mbps
81527 ms [UE 3210] UL Throughput = 0.37841 Mbps
81637 ms [UE 3210] UL Throughput = 0.76552 Mbps
81738 ms [UE 3210] UL Throughput = 0.37701 Mbps
81847 ms [UE 3210] UL Throughput = 0.37360 Mbps
81957 ms [UE 3210] UL Throughput = 0.65306 Mbps
81984 ms | now=1755739087347343 us | PDCP ind_msg latency=70890852 us
82057 ms [UE 3210] UL Throughput = 0.45908 Mbps
82167 ms [UE 3210] UL Throughput = 0.76385 Mbps
82277 ms [UE 3210] UL Throughput = 0.34547 Mbps
82377 ms [UE 3210] UL Throughput = 0.32694 Mbps
82487 ms [UE 3210] UL Throughput = 0.41936 Mbps
82597 ms [UE 3210] UL Throughput = 0.07433 Mbps
82707 ms [UE 3210] UL Throughput = 0.34451 Mbps
82817 ms [UE 3210] UL Throughput = 0.00000 Mbps
82917 ms [UE 3210] UL Throughput = 0.37896 Mbps
83008 ms | now=1755739088371860 us | PDCP ind_msg latency=70891390 us
83027 ms [UE 3210] UL Throughput = 0.69022 Mbps
83127 ms [UE 3210] UL Throughput = 0.46002 Mbps
83227 ms [UE 3210] UL Throughput = 0.08185 Mbps
83337 ms [UE 3210] UL Throughput = 0.69039 Mbps
83437 ms [UE 3210] UL Throughput = 0.70435 Mbps
83547 ms [UE 3210] UL Throughput = 0.76570 Mbps
83657 ms [UE 3210] UL Throughput = 0.07431 Mbps
83767 ms [UE 3210] UL Throughput = 0.68891 Mbps
83877 ms [UE 3210] UL Throughput = 0.34525 Mbps
83977 ms [UE 3210] UL Throughput = 0.78769 Mbps
84033 ms | now=1755739089396716 us | PDCP ind_msg latency=70891235 us
84077 ms [UE 3210] UL Throughput = 0.08175 Mbps
84177 ms [UE 3210] UL Throughput = 0.37864 Mbps
84287 ms [UE 3210] UL Throughput = 0.07471 Mbps
84387 ms [UE 3210] UL Throughput = 0.45941 Mbps
84497 ms [UE 3210] UL Throughput = 0.00000 Mbps
84607 ms [UE 3210] UL Throughput = 0.34391 Mbps
84708 ms [UE 3210] UL Throughput = 0.75589 Mbps
84817 ms [UE 3210] UL Throughput = 0.76631 Mbps
84918 ms [UE 3210] UL Throughput = 0.00000 Mbps
85027 ms [UE 3210] UL Throughput = 0.76539 Mbps
85058 ms | now=1755739090421708 us | PDCP ind_msg latency=70891293 us
85137 ms [UE 3210] UL Throughput = 0.71634 Mbps
85247 ms [UE 3210] UL Throughput = 0.76515 Mbps
85347 ms [UE 3210] UL Throughput = 0.07523 Mbps
85457 ms [UE 3210] UL Throughput = 0.69099 Mbps
85557 ms [UE 3210] UL Throughput = 0.83939 Mbps
85667 ms [UE 3210] UL Throughput = 0.71152 Mbps
85777 ms [UE 3210] UL Throughput = 0.00000 Mbps
85887 ms [UE 3210] UL Throughput = 0.00000 Mbps
85987 ms [UE 3210] UL Throughput = 0.83257 Mbps
86083 ms | now=1755739091446421 us | PDCP ind_msg latency=70891026 us
86098 ms [UE 3210] UL Throughput = 0.76161 Mbps
86207 ms [UE 3210] UL Throughput = 0.00000 Mbps
86307 ms [UE 3210] UL Throughput = 0.00000 Mbps
86418 ms [UE 3210] UL Throughput = 0.41723 Mbps
86518 ms [UE 3210] UL Throughput = 0.08168 Mbps
86627 ms [UE 3210] UL Throughput = 0.00000 Mbps
86728 ms [UE 3210] UL Throughput = 0.33726 Mbps
86837 ms [UE 3210] UL Throughput = 0.34510 Mbps
86947 ms [UE 3210] UL Throughput = 0.34468 Mbps
87057 ms [UE 3210] UL Throughput = 0.34514 Mbps
87108 ms | now=1755739092471635 us | PDCP ind_msg latency=70891229 us
87168 ms [UE 3210] UL Throughput = 0.41751 Mbps
87277 ms [UE 3210] UL Throughput = 0.76536 Mbps
87387 ms [UE 3210] UL Throughput = 0.64233 Mbps
87497 ms [UE 3210] UL Throughput = 0.07455 Mbps
87597 ms [UE 3210] UL Throughput = 0.37813 Mbps
87707 ms [UE 3210] UL Throughput = 0.41420 Mbps
87817 ms [UE 3210] UL Throughput = 0.34419 Mbps
87918 ms [UE 3210] UL Throughput = 0.00000 Mbps
88028 ms [UE 3210] UL Throughput = 0.64181 Mbps
88133 ms | now=1755739093496506 us | PDCP ind_msg latency=70891073 us
88137 ms [UE 3210] UL Throughput = 0.34526 Mbps
88237 ms [UE 3210] UL Throughput = 0.82810 Mbps
88348 ms [UE 3210] UL Throughput = 0.34237 Mbps
88457 ms [UE 3210] UL Throughput = 0.34673 Mbps
88558 ms [UE 3210] UL Throughput = 0.75118 Mbps
88667 ms [UE 3210] UL Throughput = 0.72961 Mbps
88768 ms [UE 3210] UL Throughput = 0.07514 Mbps
88877 ms [UE 3210] UL Throughput = 0.69065 Mbps
88977 ms [UE 3210] UL Throughput = 0.46059 Mbps
89078 ms [UE 3210] UL Throughput = 0.77947 Mbps
89159 ms | now=1755739094522357 us | PDCP ind_msg latency=70890955 us
89188 ms [UE 3210] UL Throughput = 0.34497 Mbps
89297 ms [UE 3210] UL Throughput = 0.34600 Mbps
89397 ms [UE 3210] UL Throughput = 0.46012 Mbps
89507 ms [UE 3210] UL Throughput = 0.76364 Mbps
89618 ms [UE 3210] UL Throughput = 0.64081 Mbps
89728 ms [UE 3210] UL Throughput = 0.07446 Mbps
89837 ms [UE 3210] UL Throughput = 0.69191 Mbps
89937 ms [UE 3210] UL Throughput = 0.08184 Mbps
[xApp]: E42 RIC_SUBSCRIPTION_DELETE_REQUEST tx RAN_FUNC_ID 144 RIC_REQ_ID 1 
[xApp]: E42 SUBSCRIPTION DELETE RESPONSE rx
[xApp]: E42 RIC_SUBSCRIPTION_DELETE_REQUEST tx RAN_FUNC_ID 142 RIC_REQ_ID 2 
[xApp]: E42 SUBSCRIPTION DELETE RESPONSE rx
[xApp]: E42 RIC_SUBSCRIPTION_DELETE_REQUEST tx RAN_FUNC_ID 142 RIC_REQ_ID 3 
[xApp]: E42 SUBSCRIPTION DELETE RESPONSE rx
[xApp]: Sucessfully stopped 
MAC/PDCP xApp run SUCCESSFULLY
