[UTIL]: Setting the config -c file to /usr/local/etc/flexric/flexric.conf
[UTIL]: Setting path -p for the shared libraries to /usr/local/lib/flexric/
[xAapp]: Initializing ... 
[xApp]: nearRT-RIC IP Address = 192.168.70.150, PORT = 36422
[E2 AGENT]: Opening plugin from path = /usr/local/lib/flexric/libkpm_sm.so 
[E2 AGENT]: Opening plugin from path = /usr/local/lib/flexric/libmac_sm.so 
[E2 AGENT]: Opening plugin from path = /usr/local/lib/flexric/libpdcp_sm.so 
[E2 AGENT]: Opening plugin from path = /usr/local/lib/flexric/libgtp_sm.so 
[E2 AGENT]: Opening plugin from path = /usr/local/lib/flexric/librc_sm.so 
[E2 AGENT]: Opening plugin from path = /usr/local/lib/flexric/libtc_sm.so 
[E2 AGENT]: Opening plugin from path = /usr/local/lib/flexric/librlc_sm.so 
[E2 AGENT]: Opening plugin from path = /usr/local/lib/flexric/libslice_sm.so 
[NEAR-RIC]: Loading SM ID = 2 with def = ORAN-E2SM-KPM 
[NEAR-RIC]: Loading SM ID = 142 with def = MAC_STATS_V0 
[NEAR-RIC]: Loading SM ID = 144 with def = PDCP_STATS_V0 
[NEAR-RIC]: Loading SM ID = 148 with def = GTP_STATS_V0 
[NEAR-RIC]: Loading SM ID = 3 with def = ORAN-E2SM-RC 
[NEAR-RIC]: Loading SM ID = 146 with def = TC_STATS_V0 
[NEAR-RIC]: Loading SM ID = 143 with def = RLC_STATS_V0 
[NEAR-RIC]: Loading SM ID = 145 with def = SLICE_STATS_V0 
[xApp]: DB filename = /tmp/flexric/xapp_db 
 [xApp]: E42 SETUP-REQUEST tx
[xApp]: E42 SETUP-RESPONSE rx 
[xApp]: xApp ID = 8 
[xApp]: Registered E2 Nodes = 4 
Connected E2 nodes = 4
[xAPP] Registered node 0 ran func id = 2
[xAPP] Registered node 0 ran func id = 3
[xAPP] Registered node 0 ran func id = 142
[xAPP] Registered node 0 ran func id = 143
[xAPP] Registered node 0 ran func id = 144
[xAPP] Registered node 0 ran func id = 145
[xAPP] Registered node 0 ran func id = 146
[xAPP] Registered node 0 ran func id = 148
[xApp]: E42 RIC SUBSCRIPTION REQUEST tx RAN_FUNC_ID 144 RIC_REQ_ID 1 
[xApp]: SUBSCRIPTION RESPONSE rx
[xApp]: Successfully subscribed to RAN_FUNC_ID 144 
[xAPP] Registered node 1 ran func id = 2
[xAPP] Registered node 1 ran func id = 3
[xAPP] Registered node 1 ran func id = 142
[xAPP] Registered node 1 ran func id = 143
[xAPP] Registered node 1 ran func id = 144
[xAPP] Registered node 1 ran func id = 145
[xAPP] Registered node 1 ran func id = 146
[xAPP] Registered node 1 ran func id = 148
[xAPP] Registered node 2 ran func id = 2
[xAPP] Registered node 2 ran func id = 3
[xAPP] Registered node 2 ran func id = 142
[xAPP] Registered node 2 ran func id = 143
[xAPP] Registered node 2 ran func id = 144
[xAPP] Registered node 2 ran func id = 145
[xAPP] Registered node 2 ran func id = 146
[xAPP] Registered node 2 ran func id = 148
[xApp]: E42 RIC SUBSCRIPTION REQUEST tx RAN_FUNC_ID 142 RIC_REQ_ID 2 
4 ms | now=1755738681091679 us | PDCP ind_msg latency=70886455 us
[xApp]: SUBSCRIPTION RESPONSE rx
[xApp]: Successfully subscribed to RAN_FUNC_ID 142 
[xAPP] Registered node 3 ran func id = 2
[xAPP] Registered node 3 ran func id = 3
[xAPP] Registered node 3 ran func id = 142
[xAPP] Registered node 3 ran func id = 143
[xAPP] Registered node 3 ran func id = 144
[xAPP] Registered node 3 ran func id = 145
[xAPP] Registered node 3 ran func id = 146
[xAPP] Registered node 3 ran func id = 148
[xApp]: E42 RIC SUBSCRIPTION REQUEST tx RAN_FUNC_ID 142 RIC_REQ_ID 3 
[xApp]: SUBSCRIPTION RESPONSE rx
[xApp]: Successfully subscribed to RAN_FUNC_ID 142 
127 ms [UE 3210] UL Throughput = 0.76614 Mbps
227 ms [UE 3210] UL Throughput = 0.83725 Mbps
337 ms [UE 3210] UL Throughput = 0.07468 Mbps
447 ms [UE 3210] UL Throughput = 0.65161 Mbps
557 ms [UE 3210] UL Throughput = 0.76327 Mbps
658 ms [UE 3210] UL Throughput = 0.83607 Mbps
767 ms [UE 3210] UL Throughput = 0.07488 Mbps
867 ms [UE 3210] UL Throughput = 0.75759 Mbps
967 ms [UE 3210] UL Throughput = 0.79881 Mbps
1028 ms | now=1755738682115333 us | PDCP ind_msg latency=70886349 us
1077 ms [UE 3210] UL Throughput = 0.73719 Mbps
1177 ms [UE 3210] UL Throughput = 0.08149 Mbps
1287 ms [UE 3210] UL Throughput = 0.68932 Mbps
1397 ms [UE 3210] UL Throughput = 0.76417 Mbps
1498 ms [UE 3210] UL Throughput = 0.79667 Mbps
1607 ms [UE 3210] UL Throughput = 0.42167 Mbps
1707 ms [UE 3210] UL Throughput = 0.37843 Mbps
1807 ms [UE 3210] UL Throughput = 0.83936 Mbps
1917 ms [UE 3210] UL Throughput = 0.76438 Mbps
2017 ms [UE 3210] UL Throughput = 0.08159 Mbps
2052 ms | now=1755738683139157 us | PDCP ind_msg latency=70886130 us
2127 ms [UE 3210] UL Throughput = 0.65295 Mbps
2237 ms [UE 3210] UL Throughput = 0.76505 Mbps
2337 ms [UE 3210] UL Throughput = 0.83744 Mbps
2438 ms [UE 3210] UL Throughput = 0.45894 Mbps
2547 ms [UE 3210] UL Throughput = 0.34572 Mbps
2657 ms [UE 3210] UL Throughput = 0.72731 Mbps
2757 ms [UE 3210] UL Throughput = 0.83906 Mbps
2867 ms [UE 3210] UL Throughput = 0.07431 Mbps
2977 ms [UE 3210] UL Throughput = 0.69287 Mbps
3077 ms | now=1755738684164385 us | PDCP ind_msg latency=70886390 us
3077 ms [UE 3210] UL Throughput = 0.83481 Mbps
3187 ms [UE 3210] UL Throughput = 0.72920 Mbps
3287 ms [UE 3210] UL Throughput = 0.00000 Mbps
3397 ms [UE 3210] UL Throughput = 0.73577 Mbps
3497 ms [UE 3210] UL Throughput = 0.83811 Mbps
3607 ms [UE 3210] UL Throughput = 0.76545 Mbps
3707 ms [UE 3210] UL Throughput = 0.00000 Mbps
3817 ms [UE 3210] UL Throughput = 0.72647 Mbps
3918 ms [UE 3210] UL Throughput = 0.83616 Mbps
4027 ms [UE 3210] UL Throughput = 0.42060 Mbps
4101 ms | now=1755738685188351 us | PDCP ind_msg latency=70886355 us
4127 ms [UE 3210] UL Throughput = 0.37883 Mbps
4237 ms [UE 3210] UL Throughput = 0.76362 Mbps
4347 ms [UE 3210] UL Throughput = 0.72615 Mbps
4458 ms [UE 3210] UL Throughput = 0.07413 Mbps
4567 ms [UE 3210] UL Throughput = 0.69461 Mbps
4667 ms [UE 3210] UL Throughput = 0.83682 Mbps
4777 ms [UE 3210] UL Throughput = 0.76395 Mbps
4877 ms [UE 3210] UL Throughput = 0.00000 Mbps
4988 ms [UE 3210] UL Throughput = 0.72451 Mbps
5098 ms [UE 3210] UL Throughput = 0.76412 Mbps
5125 ms | now=1755738686212367 us | PDCP ind_msg latency=70886411 us
5207 ms [UE 3210] UL Throughput = 0.76570 Mbps
5317 ms [UE 3210] UL Throughput = 0.07450 Mbps
5427 ms [UE 3210] UL Throughput = 0.68938 Mbps
5538 ms [UE 3210] UL Throughput = 0.72417 Mbps
5647 ms [UE 3210] UL Throughput = 0.73767 Mbps
5748 ms [UE 3210] UL Throughput = 0.08161 Mbps
5857 ms [UE 3210] UL Throughput = 0.69144 Mbps
5958 ms [UE 3210] UL Throughput = 0.83599 Mbps
6067 ms [UE 3210] UL Throughput = 0.72801 Mbps
6150 ms | now=1755738687237189 us | PDCP ind_msg latency=70886194 us
6177 ms [UE 3210] UL Throughput = 0.42103 Mbps
6277 ms [UE 3210] UL Throughput = 0.37719 Mbps
6387 ms [UE 3210] UL Throughput = 0.76442 Mbps
6497 ms [UE 3210] UL Throughput = 0.76333 Mbps
6597 ms [UE 3210] UL Throughput = 0.46059 Mbps
6707 ms [UE 3210] UL Throughput = 0.30772 Mbps
6807 ms [UE 3210] UL Throughput = 0.83941 Mbps
6907 ms [UE 3210] UL Throughput = 0.83964 Mbps
7007 ms [UE 3210] UL Throughput = 0.08182 Mbps
7117 ms [UE 3210] UL Throughput = 0.69030 Mbps
7174 ms | now=1755738688261170 us | PDCP ind_msg latency=70886217 us
7217 ms [UE 3210] UL Throughput = 0.79751 Mbps
7318 ms [UE 3210] UL Throughput = 0.83772 Mbps
7427 ms [UE 3210] UL Throughput = 0.07485 Mbps
7527 ms [UE 3210] UL Throughput = 0.75675 Mbps
7637 ms [UE 3210] UL Throughput = 0.76380 Mbps
7737 ms [UE 3210] UL Throughput = 0.46043 Mbps
7847 ms [UE 3210] UL Throughput = 0.30826 Mbps
7947 ms [UE 3210] UL Throughput = 0.80793 Mbps
8057 ms [UE 3210] UL Throughput = 0.76337 Mbps
8157 ms [UE 3210] UL Throughput = 0.45966 Mbps
8197 ms | now=1755738689285103 us | PDCP ind_msg latency=70886150 us
8267 ms [UE 3210] UL Throughput = 0.34513 Mbps
8377 ms [UE 3210] UL Throughput = 0.72702 Mbps
8477 ms [UE 3210] UL Throughput = 0.83814 Mbps
8587 ms [UE 3210] UL Throughput = 0.76458 Mbps
8698 ms [UE 3210] UL Throughput = 0.07397 Mbps
8807 ms [UE 3210] UL Throughput = 0.69327 Mbps
8907 ms [UE 3210] UL Throughput = 0.79674 Mbps
9017 ms [UE 3210] UL Throughput = 0.41908 Mbps
9127 ms [UE 3210] UL Throughput = 0.34558 Mbps
9222 ms | now=1755738690310125 us | PDCP ind_msg latency=70886172 us
9227 ms [UE 3210] UL Throughput = 0.83965 Mbps
9337 ms [UE 3210] UL Throughput = 0.76375 Mbps
9437 ms [UE 3210] UL Throughput = 0.46040 Mbps
9537 ms [UE 3210] UL Throughput = 0.33812 Mbps
9647 ms [UE 3210] UL Throughput = 0.76167 Mbps
9757 ms [UE 3210] UL Throughput = 0.76575 Mbps
9858 ms [UE 3210] UL Throughput = 0.45657 Mbps
9967 ms [UE 3210] UL Throughput = 0.34735 Mbps
10067 ms [UE 3210] UL Throughput = 0.79868 Mbps
10167 ms [UE 3210] UL Throughput = 0.80749 Mbps
10247 ms | now=1755738691334691 us | PDCP ind_msg latency=70886565 us
10277 ms [UE 3210] UL Throughput = 0.41996 Mbps
10387 ms [UE 3210] UL Throughput = 0.34502 Mbps
10487 ms [UE 3210] UL Throughput = 0.83957 Mbps
10587 ms [UE 3210] UL Throughput = 0.79786 Mbps
10698 ms [UE 3210] UL Throughput = 0.41449 Mbps
10807 ms [UE 3210] UL Throughput = 0.34806 Mbps
10917 ms [UE 3210] UL Throughput = 0.76262 Mbps
11017 ms [UE 3210] UL Throughput = 0.83957 Mbps
11127 ms [UE 3210] UL Throughput = 0.72902 Mbps
11227 ms [UE 3210] UL Throughput = 0.00000 Mbps
11271 ms | now=1755738692359133 us | PDCP ind_msg latency=70886155 us
11327 ms [UE 3210] UL Throughput = 0.83972 Mbps
11427 ms [UE 3210] UL Throughput = 0.83961 Mbps
11527 ms [UE 3210] UL Throughput = 0.08177 Mbps
11638 ms [UE 3210] UL Throughput = 0.68807 Mbps
11747 ms [UE 3210] UL Throughput = 0.72738 Mbps
11857 ms [UE 3210] UL Throughput = 0.76314 Mbps
11967 ms [UE 3210] UL Throughput = 0.76347 Mbps
12068 ms [UE 3210] UL Throughput = 0.00000 Mbps
12177 ms [UE 3210] UL Throughput = 0.76566 Mbps
12287 ms [UE 3210] UL Throughput = 0.72594 Mbps
12296 ms | now=1755738693383185 us | PDCP ind_msg latency=70886229 us
12397 ms [UE 3210] UL Throughput = 0.73567 Mbps
12507 ms [UE 3210] UL Throughput = 0.07461 Mbps
12608 ms [UE 3210] UL Throughput = 0.75312 Mbps
12717 ms [UE 3210] UL Throughput = 0.76698 Mbps
12827 ms [UE 3210] UL Throughput = 0.72536 Mbps
12937 ms [UE 3210] UL Throughput = 0.42026 Mbps
13047 ms [UE 3210] UL Throughput = 0.34369 Mbps
13148 ms [UE 3210] UL Throughput = 0.83634 Mbps
13258 ms [UE 3210] UL Throughput = 0.76467 Mbps
13320 ms | now=1755738694407279 us | PDCP ind_msg latency=70886311 us
13367 ms [UE 3210] UL Throughput = 0.72815 Mbps
13477 ms [UE 3210] UL Throughput = 0.00000 Mbps
13577 ms [UE 3210] UL Throughput = 0.83693 Mbps
13687 ms [UE 3210] UL Throughput = 0.76444 Mbps
13788 ms [UE 3210] UL Throughput = 0.45931 Mbps
13897 ms [UE 3210] UL Throughput = 0.34559 Mbps
13997 ms [UE 3210] UL Throughput = 0.79784 Mbps
14108 ms [UE 3210] UL Throughput = 0.76051 Mbps
14217 ms [UE 3210] UL Throughput = 0.76791 Mbps
14317 ms [UE 3210] UL Throughput = 0.00000 Mbps
14346 ms | now=1755738695433431 us | PDCP ind_msg latency=70888404 us
14427 ms [UE 3210] UL Throughput = 0.76418 Mbps
14527 ms [UE 3210] UL Throughput = 0.79777 Mbps
14637 ms [UE 3210] UL Throughput = 0.39130 Mbps
14737 ms [UE 3210] UL Throughput = 0.37895 Mbps
14847 ms [UE 3210] UL Throughput = 0.76354 Mbps
14947 ms [UE 3210] UL Throughput = 0.83932 Mbps
15048 ms [UE 3210] UL Throughput = 0.79643 Mbps
15148 ms [UE 3210] UL Throughput = 0.00000 Mbps
15257 ms [UE 3210] UL Throughput = 0.76861 Mbps
15357 ms [UE 3210] UL Throughput = 0.83650 Mbps
15369 ms | now=1755738696456302 us | PDCP ind_msg latency=70886335 us
15457 ms [UE 3210] UL Throughput = 0.46053 Mbps
15557 ms [UE 3210] UL Throughput = 0.37878 Mbps
15658 ms [UE 3210] UL Throughput = 0.79796 Mbps
15767 ms [UE 3210] UL Throughput = 0.76623 Mbps
15867 ms [UE 3210] UL Throughput = 0.00000 Mbps
15967 ms [UE 3210] UL Throughput = 0.83897 Mbps
16077 ms [UE 3210] UL Throughput = 0.76391 Mbps
16178 ms [UE 3210] UL Throughput = 0.45636 Mbps
16287 ms [UE 3210] UL Throughput = 0.30957 Mbps
16393 ms | now=1755738697481146 us | PDCP ind_msg latency=70886195 us
16398 ms [UE 3210] UL Throughput = 0.76304 Mbps
16507 ms [UE 3210] UL Throughput = 0.76679 Mbps
16607 ms [UE 3210] UL Throughput = 0.08178 Mbps
16708 ms [UE 3210] UL Throughput = 0.75492 Mbps
16817 ms [UE 3210] UL Throughput = 0.72865 Mbps
16917 ms [UE 3210] UL Throughput = 0.80890 Mbps
17017 ms [UE 3210] UL Throughput = 0.00000 Mbps
17127 ms [UE 3210] UL Throughput = 0.76307 Mbps
17237 ms [UE 3210] UL Throughput = 0.76366 Mbps
17338 ms [UE 3210] UL Throughput = 0.79721 Mbps
17418 ms | now=1755738698505320 us | PDCP ind_msg latency=70886135 us
17447 ms [UE 3210] UL Throughput = 0.41939 Mbps
17548 ms [UE 3210] UL Throughput = 0.37851 Mbps
17657 ms [UE 3210] UL Throughput = 0.76499 Mbps
17758 ms [UE 3210] UL Throughput = 0.83565 Mbps
17867 ms [UE 3210] UL Throughput = 0.07491 Mbps
17978 ms [UE 3210] UL Throughput = 0.64948 Mbps
18078 ms [UE 3210] UL Throughput = 0.83849 Mbps
18187 ms [UE 3210] UL Throughput = 0.76693 Mbps
18288 ms [UE 3210] UL Throughput = 0.00000 Mbps
18388 ms [UE 3210] UL Throughput = 0.83909 Mbps
18443 ms | now=1755738699531143 us | PDCP ind_msg latency=70886179 us
18497 ms [UE 3210] UL Throughput = 0.73058 Mbps
18597 ms [UE 3210] UL Throughput = 0.08173 Mbps
18698 ms [UE 3210] UL Throughput = 0.75467 Mbps
18808 ms [UE 3210] UL Throughput = 0.76525 Mbps
18917 ms [UE 3210] UL Throughput = 0.76440 Mbps
19017 ms [UE 3210] UL Throughput = 0.08187 Mbps
19127 ms [UE 3210] UL Throughput = 0.65317 Mbps
19228 ms [UE 3210] UL Throughput = 0.80669 Mbps
19338 ms [UE 3210] UL Throughput = 0.41596 Mbps
19447 ms [UE 3210] UL Throughput = 0.34801 Mbps
19468 ms | now=1755738700555431 us | PDCP ind_msg latency=70886451 us
19557 ms [UE 3210] UL Throughput = 0.76425 Mbps
19657 ms [UE 3210] UL Throughput = 0.79842 Mbps
19757 ms [UE 3210] UL Throughput = 0.46003 Mbps
19858 ms [UE 3210] UL Throughput = 0.37787 Mbps
19967 ms [UE 3210] UL Throughput = 0.76561 Mbps
20068 ms [UE 3210] UL Throughput = 0.83780 Mbps
20177 ms [UE 3210] UL Throughput = 0.72760 Mbps
20288 ms [UE 3210] UL Throughput = 0.00000 Mbps
20388 ms [UE 3210] UL Throughput = 0.83916 Mbps
20493 ms | now=1755738701580329 us | PDCP ind_msg latency=70886346 us
20497 ms [UE 3210] UL Throughput = 0.76554 Mbps
20607 ms [UE 3210] UL Throughput = 0.76416 Mbps
20717 ms [UE 3210] UL Throughput = 0.07440 Mbps
20817 ms [UE 3210] UL Throughput = 0.71650 Mbps
20927 ms [UE 3210] UL Throughput = 0.76416 Mbps
21037 ms [UE 3210] UL Throughput = 0.76501 Mbps
21137 ms [UE 3210] UL Throughput = 0.08176 Mbps
21238 ms [UE 3210] UL Throughput = 0.75602 Mbps
21347 ms [UE 3210] UL Throughput = 0.72886 Mbps
21447 ms [UE 3210] UL Throughput = 0.80668 Mbps
21517 ms | now=1755738702604326 us | PDCP ind_msg latency=70886308 us
21548 ms [UE 3210] UL Throughput = 0.08180 Mbps
21657 ms [UE 3210] UL Throughput = 0.69187 Mbps
21758 ms [UE 3210] UL Throughput = 0.83521 Mbps
21867 ms [UE 3210] UL Throughput = 0.72829 Mbps
21968 ms [UE 3210] UL Throughput = 0.00000 Mbps
22078 ms [UE 3210] UL Throughput = 0.76377 Mbps
22187 ms [UE 3210] UL Throughput = 0.76411 Mbps
22297 ms [UE 3210] UL Throughput = 0.76524 Mbps
22397 ms [UE 3210] UL Throughput = 0.00000 Mbps
22507 ms [UE 3210] UL Throughput = 0.72729 Mbps
22540 ms | now=1755738703628081 us | PDCP ind_msg latency=70886120 us
22607 ms [UE 3210] UL Throughput = 0.83926 Mbps
22717 ms [UE 3210] UL Throughput = 0.76338 Mbps
22827 ms [UE 3210] UL Throughput = 0.07451 Mbps
22927 ms [UE 3210] UL Throughput = 0.75709 Mbps
23037 ms [UE 3210] UL Throughput = 0.72669 Mbps
23138 ms [UE 3210] UL Throughput = 0.83823 Mbps
23247 ms [UE 3210] UL Throughput = 0.00000 Mbps
23357 ms [UE 3210] UL Throughput = 0.76345 Mbps
23467 ms [UE 3210] UL Throughput = 0.76464 Mbps
23567 ms | now=1755738704654336 us | PDCP ind_msg latency=70886325 us
23577 ms [UE 3210] UL Throughput = 0.72593 Mbps
23688 ms [UE 3210] UL Throughput = 0.07423 Mbps
23797 ms [UE 3210] UL Throughput = 0.66251 Mbps
23897 ms [UE 3210] UL Throughput = 0.83955 Mbps
24007 ms [UE 3210] UL Throughput = 0.76392 Mbps
24108 ms [UE 3210] UL Throughput = 0.00000 Mbps
24217 ms [UE 3210] UL Throughput = 0.72904 Mbps
24318 ms [UE 3210] UL Throughput = 0.83792 Mbps
24428 ms [UE 3210] UL Throughput = 0.76010 Mbps
24537 ms [UE 3210] UL Throughput = 0.00000 Mbps
24593 ms | now=1755738705680329 us | PDCP ind_msg latency=70886366 us
24647 ms [UE 3210] UL Throughput = 0.76375 Mbps
24748 ms [UE 3210] UL Throughput = 0.79780 Mbps
24857 ms [UE 3210] UL Throughput = 0.41936 Mbps
24958 ms [UE 3210] UL Throughput = 0.37771 Mbps
25067 ms [UE 3210] UL Throughput = 0.76717 Mbps
25177 ms [UE 3210] UL Throughput = 0.76247 Mbps
25278 ms [UE 3210] UL Throughput = 0.08179 Mbps
25378 ms [UE 3210] UL Throughput = 0.71637 Mbps
25487 ms [UE 3210] UL Throughput = 0.76570 Mbps
25587 ms [UE 3210] UL Throughput = 0.46037 Mbps
25617 ms | now=1755738706704656 us | PDCP ind_msg latency=70886702 us
25688 ms [UE 3210] UL Throughput = 0.37829 Mbps
25798 ms [UE 3210] UL Throughput = 0.76317 Mbps
25907 ms [UE 3210] UL Throughput = 0.72759 Mbps
26008 ms [UE 3210] UL Throughput = 0.42993 Mbps
26117 ms [UE 3210] UL Throughput = 0.34487 Mbps
26227 ms [UE 3210] UL Throughput = 0.76487 Mbps
26327 ms [UE 3210] UL Throughput = 0.83831 Mbps
26427 ms [UE 3210] UL Throughput = 0.46086 Mbps
26537 ms [UE 3210] UL Throughput = 0.30747 Mbps
26641 ms | now=1755738707728214 us | PDCP ind_msg latency=70886259 us
26647 ms [UE 3210] UL Throughput = 0.76336 Mbps
26748 ms [UE 3210] UL Throughput = 0.83755 Mbps
26858 ms [UE 3210] UL Throughput = 0.07423 Mbps
26967 ms [UE 3210] UL Throughput = 0.07497 Mbps
27067 ms [UE 3210] UL Throughput = 0.70608 Mbps
27177 ms [UE 3210] UL Throughput = 0.68897 Mbps
27277 ms [UE 3210] UL Throughput = 0.83928 Mbps
27378 ms [UE 3210] UL Throughput = 0.08167 Mbps
27487 ms [UE 3210] UL Throughput = 0.34571 Mbps
27587 ms [UE 3210] UL Throughput = 0.78773 Mbps
27665 ms | now=1755738708752693 us | PDCP ind_msg latency=70886526 us
27697 ms [UE 3210] UL Throughput = 0.34539 Mbps
27797 ms [UE 3210] UL Throughput = 0.00000 Mbps
27898 ms [UE 3210] UL Throughput = 0.08171 Mbps
28008 ms [UE 3210] UL Throughput = 0.34362 Mbps
28117 ms [UE 3210] UL Throughput = 0.34639 Mbps
28218 ms [UE 3210] UL Throughput = 0.00000 Mbps
28328 ms [UE 3210] UL Throughput = 0.34442 Mbps
28437 ms [UE 3210] UL Throughput = 0.68977 Mbps
28538 ms [UE 3210] UL Throughput = 0.08170 Mbps
28647 ms [UE 3210] UL Throughput = 0.00000 Mbps
28691 ms | now=1755738709778760 us | PDCP ind_msg latency=70887788 us
28747 ms [UE 3210] UL Throughput = 0.40923 Mbps
28848 ms [UE 3210] UL Throughput = 0.75543 Mbps
28948 ms [UE 3210] UL Throughput = 0.00000 Mbps
29058 ms [UE 3210] UL Throughput = 0.68898 Mbps
29167 ms [UE 3210] UL Throughput = 0.76604 Mbps
29277 ms [UE 3210] UL Throughput = 0.71743 Mbps
29377 ms [UE 3210] UL Throughput = 0.08180 Mbps
29487 ms [UE 3210] UL Throughput = 0.34420 Mbps
29597 ms [UE 3210] UL Throughput = 0.00000 Mbps
29707 ms [UE 3210] UL Throughput = 0.69033 Mbps
29714 ms | now=1755738710801294 us | PDCP ind_msg latency=70886323 us
29807 ms [UE 3210] UL Throughput = 0.08184 Mbps
29917 ms [UE 3210] UL Throughput = 0.34464 Mbps
30017 ms [UE 3210] UL Throughput = 0.75741 Mbps
30118 ms [UE 3210] UL Throughput = 0.45957 Mbps
30227 ms [UE 3210] UL Throughput = 0.07471 Mbps
30337 ms [UE 3210] UL Throughput = 0.68929 Mbps
30437 ms [UE 3210] UL Throughput = 0.70632 Mbps
30538 ms [UE 3210] UL Throughput = 0.45932 Mbps
30648 ms [UE 3210] UL Throughput = 0.00000 Mbps
30739 ms | now=1755738711826528 us | PDCP ind_msg latency=70886502 us
30757 ms [UE 3210] UL Throughput = 0.69600 Mbps
30858 ms [UE 3210] UL Throughput = 0.71577 Mbps
30967 ms [UE 3210] UL Throughput = 0.37308 Mbps
31067 ms [UE 3210] UL Throughput = 0.46066 Mbps
31178 ms [UE 3210] UL Throughput = 0.34296 Mbps
31288 ms [UE 3210] UL Throughput = 0.69118 Mbps
31397 ms [UE 3210] UL Throughput = 0.42019 Mbps
31497 ms [UE 3210] UL Throughput = 0.46070 Mbps
31597 ms [UE 3210] UL Throughput = 0.32754 Mbps
31700 ms [UE 3210] UL Throughput = 0.73910 Mbps
31763 ms | now=1755738712850552 us | PDCP ind_msg latency=70886543 us
31808 ms [UE 3210] UL Throughput = 0.42787 Mbps
31917 ms [UE 3210] UL Throughput = 0.07478 Mbps
32017 ms [UE 3210] UL Throughput = 0.75718 Mbps
32117 ms [UE 3210] UL Throughput = 0.70601 Mbps
32218 ms [UE 3210] UL Throughput = 0.00000 Mbps
32318 ms [UE 3210] UL Throughput = 0.37843 Mbps
32427 ms [UE 3210] UL Throughput = 0.76462 Mbps
32538 ms [UE 3210] UL Throughput = 0.41888 Mbps
32647 ms [UE 3210] UL Throughput = 0.37347 Mbps
32748 ms [UE 3210] UL Throughput = 0.00000 Mbps
32788 ms | now=1755738713875918 us | PDCP ind_msg latency=70886964 us
32858 ms [UE 3210] UL Throughput = 0.34459 Mbps
32968 ms [UE 3210] UL Throughput = 0.68924 Mbps
33078 ms [UE 3210] UL Throughput = 0.41980 Mbps
33187 ms [UE 3210] UL Throughput = 0.07459 Mbps
33287 ms [UE 3210] UL Throughput = 0.32758 Mbps
33397 ms [UE 3210] UL Throughput = 0.34478 Mbps
33497 ms [UE 3210] UL Throughput = 0.37867 Mbps
33598 ms [UE 3210] UL Throughput = 0.37845 Mbps
33698 ms [UE 3210] UL Throughput = 0.00000 Mbps
33808 ms [UE 3210] UL Throughput = 0.64322 Mbps
33813 ms | now=1755738714900505 us | PDCP ind_msg latency=70886544 us
33908 ms [UE 3210] UL Throughput = 0.75498 Mbps
34017 ms [UE 3210] UL Throughput = 0.07496 Mbps
34118 ms [UE 3210] UL Throughput = 0.75217 Mbps
34228 ms [UE 3210] UL Throughput = 0.41921 Mbps
34338 ms [UE 3210] UL Throughput = 0.71943 Mbps
34448 ms [UE 3210] UL Throughput = 0.68726 Mbps
34557 ms [UE 3210] UL Throughput = 0.07481 Mbps
34667 ms [UE 3210] UL Throughput = 0.68998 Mbps
34767 ms [UE 3210] UL Throughput = 0.83843 Mbps
34839 ms | now=1755738715926572 us | PDCP ind_msg latency=70886559 us
34877 ms [UE 3210] UL Throughput = 0.37235 Mbps
34978 ms [UE 3210] UL Throughput = 0.08180 Mbps
35088 ms [UE 3210] UL Throughput = 0.30668 Mbps
35188 ms [UE 3210] UL Throughput = 0.75735 Mbps
35298 ms [UE 3210] UL Throughput = 0.34589 Mbps
35398 ms [UE 3210] UL Throughput = 0.08182 Mbps
35508 ms [UE 3210] UL Throughput = 0.29792 Mbps
35617 ms [UE 3210] UL Throughput = 0.34542 Mbps
35728 ms [UE 3210] UL Throughput = 0.68629 Mbps
35828 ms [UE 3210] UL Throughput = 0.37854 Mbps
35864 ms | now=1755738716951440 us | PDCP ind_msg latency=70886486 us
35928 ms [UE 3210] UL Throughput = 0.37876 Mbps
36028 ms [UE 3210] UL Throughput = 0.78758 Mbps
36138 ms [UE 3210] UL Throughput = 0.42121 Mbps
36247 ms [UE 3210] UL Throughput = 0.41977 Mbps
36347 ms [UE 3210] UL Throughput = 0.00000 Mbps
36457 ms [UE 3210] UL Throughput = 0.34496 Mbps
36558 ms [UE 3210] UL Throughput = 0.70416 Mbps
36658 ms [UE 3210] UL Throughput = 0.37824 Mbps
36768 ms [UE 3210] UL Throughput = 0.34522 Mbps
36878 ms [UE 3210] UL Throughput = 0.76465 Mbps
36888 ms | now=1755738717975483 us | PDCP ind_msg latency=70886501 us
36987 ms [UE 3210] UL Throughput = 0.07469 Mbps
37087 ms [UE 3210] UL Throughput = 0.40878 Mbps
37187 ms [UE 3210] UL Throughput = 0.00000 Mbps
37288 ms [UE 3210] UL Throughput = 0.37851 Mbps
37398 ms [UE 3210] UL Throughput = 0.68892 Mbps
37498 ms [UE 3210] UL Throughput = 0.45923 Mbps
37608 ms [UE 3210] UL Throughput = 0.07463 Mbps
37718 ms [UE 3210] UL Throughput = 0.64336 Mbps
37818 ms [UE 3210] UL Throughput = 0.37883 Mbps
37913 ms | now=1755738719000845 us | PDCP ind_msg latency=70886809 us
37928 ms [UE 3210] UL Throughput = 0.76063 Mbps
38038 ms [UE 3210] UL Throughput = 0.34554 Mbps
38148 ms [UE 3210] UL Throughput = 0.41841 Mbps
38258 ms [UE 3210] UL Throughput = 0.64298 Mbps
38367 ms [UE 3210] UL Throughput = 0.42051 Mbps
38467 ms [UE 3210] UL Throughput = 0.83936 Mbps
38577 ms [UE 3210] UL Throughput = 0.00000 Mbps
38677 ms [UE 3210] UL Throughput = 0.75753 Mbps
38778 ms [UE 3210] UL Throughput = 0.40847 Mbps
38888 ms [UE 3210] UL Throughput = 0.41953 Mbps
38937 ms | now=1755738720024411 us | PDCP ind_msg latency=70886449 us
38998 ms [UE 3210] UL Throughput = 0.34433 Mbps
39098 ms [UE 3210] UL Throughput = 0.75729 Mbps
39208 ms [UE 3210] UL Throughput = 0.34412 Mbps
39318 ms [UE 3210] UL Throughput = 0.41942 Mbps
39428 ms [UE 3210] UL Throughput = 0.29808 Mbps
39538 ms [UE 3210] UL Throughput = 0.41795 Mbps
39648 ms [UE 3210] UL Throughput = 0.07473 Mbps
39758 ms [UE 3210] UL Throughput = 0.41900 Mbps
39858 ms [UE 3210] UL Throughput = 0.00000 Mbps
39962 ms | now=1755738721049507 us | PDCP ind_msg latency=70886549 us
39968 ms [UE 3210] UL Throughput = 0.34509 Mbps
40068 ms [UE 3210] UL Throughput = 0.75240 Mbps
40178 ms [UE 3210] UL Throughput = 0.42188 Mbps
40288 ms [UE 3210] UL Throughput = 0.00000 Mbps
40397 ms [UE 3210] UL Throughput = 0.76670 Mbps
40507 ms [UE 3210] UL Throughput = 0.64255 Mbps
40608 ms [UE 3210] UL Throughput = 0.83559 Mbps
40718 ms [UE 3210] UL Throughput = 0.07449 Mbps
40828 ms [UE 3210] UL Throughput = 0.34511 Mbps
40928 ms [UE 3210] UL Throughput = 0.46073 Mbps
40988 ms | now=1755738722075434 us | PDCP ind_msg latency=70886445 us
41028 ms [UE 3210] UL Throughput = 0.37666 Mbps
41137 ms [UE 3210] UL Throughput = 0.30006 Mbps
41248 ms [UE 3210] UL Throughput = 0.68564 Mbps
41358 ms [UE 3210] UL Throughput = 0.34548 Mbps
41468 ms [UE 3210] UL Throughput = 0.07460 Mbps
41568 ms [UE 3210] UL Throughput = 0.08158 Mbps
41678 ms [UE 3210] UL Throughput = 0.64501 Mbps
41778 ms [UE 3210] UL Throughput = 0.37852 Mbps
41878 ms [UE 3210] UL Throughput = 0.37795 Mbps
41988 ms [UE 3210] UL Throughput = 0.07467 Mbps
42014 ms | now=1755738723101625 us | PDCP ind_msg latency=70886680 us
42088 ms [UE 3210] UL Throughput = 0.37887 Mbps
42188 ms [UE 3210] UL Throughput = 0.70196 Mbps
42297 ms [UE 3210] UL Throughput = 0.34717 Mbps
42398 ms [UE 3210] UL Throughput = 0.37814 Mbps
42508 ms [UE 3210] UL Throughput = 0.41933 Mbps
42608 ms [UE 3210] UL Throughput = 0.83913 Mbps
42708 ms [UE 3210] UL Throughput = 0.37870 Mbps
42818 ms [UE 3210] UL Throughput = 0.29758 Mbps
42927 ms [UE 3210] UL Throughput = 0.76674 Mbps
43028 ms [UE 3210] UL Throughput = 0.45787 Mbps
43038 ms | now=1755738724125405 us | PDCP ind_msg latency=70886389 us
43138 ms [UE 3210] UL Throughput = 0.42108 Mbps
43238 ms [UE 3210] UL Throughput = 0.37874 Mbps
43348 ms [UE 3210] UL Throughput = 0.64208 Mbps
43448 ms [UE 3210] UL Throughput = 0.83777 Mbps
43558 ms [UE 3210] UL Throughput = 0.42012 Mbps
43669 ms [UE 3210] UL Throughput = 0.00000 Mbps
43778 ms [UE 3210] UL Throughput = 0.42285 Mbps
43878 ms [UE 3210] UL Throughput = 0.70589 Mbps
43988 ms [UE 3210] UL Throughput = 0.34314 Mbps
44063 ms | now=1755738725150551 us | PDCP ind_msg latency=70886542 us
44098 ms [UE 3210] UL Throughput = 0.07469 Mbps
44208 ms [UE 3210] UL Throughput = 0.34443 Mbps
44317 ms [UE 3210] UL Throughput = 0.69209 Mbps
44418 ms [UE 3210] UL Throughput = 0.70390 Mbps
44528 ms [UE 3210] UL Throughput = 0.07458 Mbps
44628 ms [UE 3210] UL Throughput = 0.75650 Mbps
44728 ms [UE 3210] UL Throughput = 0.45932 Mbps
44838 ms [UE 3210] UL Throughput = 0.42104 Mbps
44938 ms [UE 3210] UL Throughput = 0.00000 Mbps
45038 ms [UE 3210] UL Throughput = 0.70659 Mbps
45089 ms | now=1755738726176684 us | PDCP ind_msg latency=70886706 us
45148 ms [UE 3210] UL Throughput = 0.68736 Mbps
45258 ms [UE 3210] UL Throughput = 0.07449 Mbps
45358 ms [UE 3210] UL Throughput = 0.00000 Mbps
45468 ms [UE 3210] UL Throughput = 0.76748 Mbps
45578 ms [UE 3210] UL Throughput = 0.34419 Mbps
45688 ms [UE 3210] UL Throughput = 0.00000 Mbps
45788 ms [UE 3210] UL Throughput = 0.37845 Mbps
45898 ms [UE 3210] UL Throughput = 0.41785 Mbps
46008 ms [UE 3210] UL Throughput = 0.68810 Mbps
46113 ms | now=1755738727200463 us | PDCP ind_msg latency=70886492 us
46118 ms [UE 3210] UL Throughput = 0.00000 Mbps
46218 ms [UE 3210] UL Throughput = 0.70379 Mbps
46328 ms [UE 3210] UL Throughput = 0.42093 Mbps
46438 ms [UE 3210] UL Throughput = 0.41889 Mbps
46538 ms [UE 3210] UL Throughput = 0.00000 Mbps
46648 ms [UE 3210] UL Throughput = 0.65239 Mbps
46757 ms [UE 3210] UL Throughput = 0.65256 Mbps
46858 ms [UE 3210] UL Throughput = 0.83816 Mbps
46968 ms [UE 3210] UL Throughput = 0.07444 Mbps
47078 ms [UE 3210] UL Throughput = 0.68862 Mbps
47137 ms | now=1755738728224498 us | PDCP ind_msg latency=70886543 us
47188 ms [UE 3210] UL Throughput = 0.76440 Mbps
47298 ms [UE 3210] UL Throughput = 0.72317 Mbps
47408 ms [UE 3210] UL Throughput = 0.42124 Mbps
47508 ms [UE 3210] UL Throughput = 0.37828 Mbps
47618 ms [UE 3210] UL Throughput = 0.76071 Mbps
47728 ms [UE 3210] UL Throughput = 0.76139 Mbps
47837 ms [UE 3210] UL Throughput = 0.42262 Mbps
47938 ms [UE 3210] UL Throughput = 0.33747 Mbps
48048 ms [UE 3210] UL Throughput = 0.76442 Mbps
48148 ms [UE 3210] UL Throughput = 0.83936 Mbps
48162 ms | now=1755738729249896 us | PDCP ind_msg latency=70886850 us
48248 ms [UE 3210] UL Throughput = 0.08142 Mbps
48358 ms [UE 3210] UL Throughput = 0.69113 Mbps
48458 ms [UE 3210] UL Throughput = 0.79748 Mbps
48568 ms [UE 3210] UL Throughput = 0.73754 Mbps
48668 ms [UE 3210] UL Throughput = 0.00000 Mbps
48778 ms [UE 3210] UL Throughput = 0.76312 Mbps
48888 ms [UE 3210] UL Throughput = 0.76691 Mbps
48988 ms [UE 3210] UL Throughput = 0.08181 Mbps
49088 ms [UE 3210] UL Throughput = 0.71708 Mbps
49186 ms | now=1755738730273502 us | PDCP ind_msg latency=70886515 us
49198 ms [UE 3210] UL Throughput = 0.76330 Mbps
49308 ms [UE 3210] UL Throughput = 0.76487 Mbps
49408 ms [UE 3210] UL Throughput = 0.08181 Mbps
49518 ms [UE 3210] UL Throughput = 0.68997 Mbps
49618 ms [UE 3210] UL Throughput = 0.79700 Mbps
49728 ms [UE 3210] UL Throughput = 0.76230 Mbps
49838 ms [UE 3210] UL Throughput = 0.41925 Mbps
49948 ms [UE 3210] UL Throughput = 0.34502 Mbps
50058 ms [UE 3210] UL Throughput = 0.76155 Mbps
50167 ms [UE 3210] UL Throughput = 0.73093 Mbps
50211 ms | now=1755738731298644 us | PDCP ind_msg latency=70886686 us
50268 ms [UE 3210] UL Throughput = 0.00000 Mbps
50378 ms [UE 3210] UL Throughput = 0.76269 Mbps
50488 ms [UE 3210] UL Throughput = 0.76617 Mbps
50588 ms [UE 3210] UL Throughput = 0.46039 Mbps
50698 ms [UE 3210] UL Throughput = 0.34305 Mbps
50808 ms [UE 3210] UL Throughput = 0.73008 Mbps
50908 ms [UE 3210] UL Throughput = 0.80888 Mbps
51008 ms [UE 3210] UL Throughput = 0.46021 Mbps
51108 ms [UE 3210] UL Throughput = 0.37764 Mbps
51218 ms [UE 3210] UL Throughput = 0.76576 Mbps
51236 ms | now=1755738732323839 us | PDCP ind_msg latency=70886767 us
51328 ms [UE 3210] UL Throughput = 0.72727 Mbps
51438 ms [UE 3210] UL Throughput = 0.41848 Mbps
51548 ms [UE 3210] UL Throughput = 0.34413 Mbps
51648 ms [UE 3210] UL Throughput = 0.83916 Mbps
51758 ms [UE 3210] UL Throughput = 0.76524 Mbps
51858 ms [UE 3210] UL Throughput = 0.46071 Mbps
51958 ms [UE 3210] UL Throughput = 0.33785 Mbps
52058 ms [UE 3210] UL Throughput = 0.83816 Mbps
52158 ms [UE 3210] UL Throughput = 0.83929 Mbps
52260 ms | now=1755738733347629 us | PDCP ind_msg latency=70886673 us
52268 ms [UE 3210] UL Throughput = 0.42094 Mbps
52378 ms [UE 3210] UL Throughput = 0.34433 Mbps
52479 ms [UE 3210] UL Throughput = 0.79061 Mbps
52587 ms [UE 3210] UL Throughput = 0.77188 Mbps
52688 ms [UE 3210] UL Throughput = 0.45876 Mbps
52798 ms [UE 3210] UL Throughput = 0.34412 Mbps
52908 ms [UE 3210] UL Throughput = 0.76654 Mbps
53008 ms [UE 3210] UL Throughput = 0.79602 Mbps
53118 ms [UE 3210] UL Throughput = 0.73690 Mbps
53228 ms [UE 3210] UL Throughput = 0.07438 Mbps
53286 ms | now=1755738734373562 us | PDCP ind_msg latency=70886602 us
53328 ms [UE 3210] UL Throughput = 0.75789 Mbps
53438 ms [UE 3210] UL Throughput = 0.76395 Mbps
53548 ms [UE 3210] UL Throughput = 0.41970 Mbps
53648 ms [UE 3210] UL Throughput = 0.33742 Mbps
53758 ms [UE 3210] UL Throughput = 0.76274 Mbps
53868 ms [UE 3210] UL Throughput = 0.76470 Mbps
53968 ms [UE 3210] UL Throughput = 0.45932 Mbps
54078 ms [UE 3210] UL Throughput = 0.34549 Mbps
54178 ms [UE 3210] UL Throughput = 0.79899 Mbps
54288 ms [UE 3210] UL Throughput = 0.76035 Mbps
54310 ms | now=1755738735397958 us | PDCP ind_msg latency=70886970 us
54398 ms [UE 3210] UL Throughput = 0.41959 Mbps
54508 ms [UE 3210] UL Throughput = 0.34609 Mbps
54618 ms [UE 3210] UL Throughput = 0.76239 Mbps
54728 ms [UE 3210] UL Throughput = 0.72596 Mbps
54838 ms [UE 3210] UL Throughput = 0.76547 Mbps
54938 ms [UE 3210] UL Throughput = 0.08179 Mbps
55048 ms [UE 3210] UL Throughput = 0.68860 Mbps
55148 ms [UE 3210] UL Throughput = 0.83914 Mbps
55258 ms [UE 3210] UL Throughput = 0.00000 Mbps
55335 ms | now=1755738736422864 us | PDCP ind_msg latency=70886708 us
55368 ms [UE 3210] UL Throughput = 0.39058 Mbps
55478 ms [UE 3210] UL Throughput = 0.34578 Mbps
55578 ms [UE 3210] UL Throughput = 0.83924 Mbps
55678 ms [UE 3210] UL Throughput = 0.83709 Mbps
55788 ms [UE 3210] UL Throughput = 0.41966 Mbps
55888 ms [UE 3210] UL Throughput = 0.33769 Mbps
55988 ms [UE 3210] UL Throughput = 0.83715 Mbps
56098 ms [UE 3210] UL Throughput = 0.76636 Mbps
56198 ms [UE 3210] UL Throughput = 0.08184 Mbps
56298 ms [UE 3210] UL Throughput = 0.75538 Mbps
56365 ms | now=1755738737452637 us | PDCP ind_msg latency=70887535 us
56408 ms [UE 3210] UL Throughput = 0.72914 Mbps
56518 ms [UE 3210] UL Throughput = 0.76362 Mbps
56618 ms [UE 3210] UL Throughput = 0.08170 Mbps
56728 ms [UE 3210] UL Throughput = 0.69002 Mbps
56838 ms [UE 3210] UL Throughput = 0.76547 Mbps
56948 ms [UE 3210] UL Throughput = 0.72641 Mbps
57048 ms [UE 3210] UL Throughput = 0.08160 Mbps
57158 ms [UE 3210] UL Throughput = 0.68914 Mbps
57269 ms [UE 3210] UL Throughput = 0.75789 Mbps
57378 ms [UE 3210] UL Throughput = 0.76987 Mbps
57389 ms | now=1755738738476535 us | PDCP ind_msg latency=70886580 us
57478 ms [UE 3210] UL Throughput = 0.08189 Mbps
57588 ms [UE 3210] UL Throughput = 0.65241 Mbps
57688 ms [UE 3210] UL Throughput = 0.80783 Mbps
57798 ms [UE 3210] UL Throughput = 0.76421 Mbps
57908 ms [UE 3210] UL Throughput = 0.42001 Mbps
58008 ms [UE 3210] UL Throughput = 0.37868 Mbps
58108 ms [UE 3210] UL Throughput = 0.79775 Mbps
58208 ms [UE 3210] UL Throughput = 0.46070 Mbps
58318 ms [UE 3210] UL Throughput = 0.34517 Mbps
58413 ms | now=1755738739500730 us | PDCP ind_msg latency=70886763 us
58418 ms [UE 3210] UL Throughput = 0.83796 Mbps
58518 ms [UE 3210] UL Throughput = 0.83571 Mbps
58628 ms [UE 3210] UL Throughput = 0.42115 Mbps
58728 ms [UE 3210] UL Throughput = 0.33730 Mbps
58838 ms [UE 3210] UL Throughput = 0.76323 Mbps
58938 ms [UE 3210] UL Throughput = 0.83953 Mbps
59048 ms [UE 3210] UL Throughput = 0.41964 Mbps
59158 ms [UE 3210] UL Throughput = 0.34538 Mbps
59268 ms [UE 3210] UL Throughput = 0.72393 Mbps
59378 ms [UE 3210] UL Throughput = 0.76463 Mbps
59438 ms | now=1755738740525972 us | PDCP ind_msg latency=70886963 us
59478 ms [UE 3210] UL Throughput = 0.83847 Mbps
59588 ms [UE 3210] UL Throughput = 0.07476 Mbps
59688 ms [UE 3210] UL Throughput = 0.75633 Mbps
59798 ms [UE 3210] UL Throughput = 0.72824 Mbps
59898 ms [UE 3210] UL Throughput = 0.80609 Mbps
60008 ms [UE 3210] UL Throughput = 0.07467 Mbps
60108 ms [UE 3210] UL Throughput = 0.75629 Mbps
60218 ms [UE 3210] UL Throughput = 0.76522 Mbps
60318 ms [UE 3210] UL Throughput = 0.79894 Mbps
60428 ms [UE 3210] UL Throughput = 0.07446 Mbps
60462 ms | now=1755738741550047 us | PDCP ind_msg latency=70886968 us
60528 ms [UE 3210] UL Throughput = 0.75505 Mbps
60628 ms [UE 3210] UL Throughput = 0.83957 Mbps
60738 ms [UE 3210] UL Throughput = 0.76283 Mbps
60848 ms [UE 3210] UL Throughput = 0.07453 Mbps
60958 ms [UE 3210] UL Throughput = 0.65251 Mbps
61068 ms [UE 3210] UL Throughput = 0.76269 Mbps
61178 ms [UE 3210] UL Throughput = 0.76726 Mbps
61278 ms [UE 3210] UL Throughput = 0.08145 Mbps
61388 ms [UE 3210] UL Throughput = 0.69262 Mbps
61486 ms | now=1755738742573762 us | PDCP ind_msg latency=70886801 us
61489 ms [UE 3210] UL Throughput = 0.78933 Mbps
61598 ms [UE 3210] UL Throughput = 0.77021 Mbps
61699 ms [UE 3210] UL Throughput = 0.08136 Mbps
61808 ms [UE 3210] UL Throughput = 0.69289 Mbps
61908 ms [UE 3210] UL Throughput = 0.83686 Mbps
62018 ms [UE 3210] UL Throughput = 0.72746 Mbps
62128 ms [UE 3210] UL Throughput = 0.07478 Mbps
62238 ms [UE 3210] UL Throughput = 0.66094 Mbps
62338 ms [UE 3210] UL Throughput = 0.83896 Mbps
62438 ms [UE 3210] UL Throughput = 0.83919 Mbps
62511 ms | now=1755738743598830 us | PDCP ind_msg latency=70886807 us
62538 ms [UE 3210] UL Throughput = 0.00000 Mbps
62638 ms [UE 3210] UL Throughput = 0.79725 Mbps
62748 ms [UE 3210] UL Throughput = 0.76403 Mbps
62858 ms [UE 3210] UL Throughput = 0.76462 Mbps
62968 ms [UE 3210] UL Throughput = 0.07458 Mbps
63068 ms [UE 3210] UL Throughput = 0.75729 Mbps
63178 ms [UE 3210] UL Throughput = 0.72808 Mbps
63278 ms [UE 3210] UL Throughput = 0.83784 Mbps
63378 ms [UE 3210] UL Throughput = 0.45892 Mbps
63488 ms [UE 3210] UL Throughput = 0.34474 Mbps
63535 ms | now=1755738744622964 us | PDCP ind_msg latency=70886950 us
63598 ms [UE 3210] UL Throughput = 0.76794 Mbps
63698 ms [UE 3210] UL Throughput = 0.79517 Mbps
63808 ms [UE 3210] UL Throughput = 0.07463 Mbps
63908 ms [UE 3210] UL Throughput = 0.75694 Mbps
64008 ms [UE 3210] UL Throughput = 0.83704 Mbps
64118 ms [UE 3210] UL Throughput = 0.76610 Mbps
64218 ms [UE 3210] UL Throughput = 0.00000 Mbps
64328 ms [UE 3210] UL Throughput = 0.72788 Mbps
64428 ms [UE 3210] UL Throughput = 0.80295 Mbps
64538 ms [UE 3210] UL Throughput = 0.76666 Mbps
64560 ms | now=1755738745647952 us | PDCP ind_msg latency=70886979 us
64648 ms [UE 3210] UL Throughput = 0.00000 Mbps
64758 ms [UE 3210] UL Throughput = 0.76430 Mbps
64858 ms [UE 3210] UL Throughput = 0.79858 Mbps
64968 ms [UE 3210] UL Throughput = 0.07457 Mbps
65068 ms [UE 3210] UL Throughput = 0.75711 Mbps
65178 ms [UE 3210] UL Throughput = 0.76301 Mbps
65288 ms [UE 3210] UL Throughput = 0.76285 Mbps
65398 ms [UE 3210] UL Throughput = 0.41876 Mbps
65498 ms [UE 3210] UL Throughput = 0.33814 Mbps
65584 ms | now=1755738746671749 us | PDCP ind_msg latency=70886789 us
65608 ms [UE 3210] UL Throughput = 0.76337 Mbps
65718 ms [UE 3210] UL Throughput = 0.76556 Mbps
65818 ms [UE 3210] UL Throughput = 0.46015 Mbps
65918 ms [UE 3210] UL Throughput = 0.37866 Mbps
66028 ms [UE 3210] UL Throughput = 0.72742 Mbps
66128 ms [UE 3210] UL Throughput = 0.83947 Mbps
66238 ms [UE 3210] UL Throughput = 0.07452 Mbps
66338 ms [UE 3210] UL Throughput = 0.75679 Mbps
66448 ms [UE 3210] UL Throughput = 0.76564 Mbps
66548 ms [UE 3210] UL Throughput = 0.79693 Mbps
66608 ms | now=1755738747695778 us | PDCP ind_msg latency=70886761 us
66658 ms [UE 3210] UL Throughput = 0.07471 Mbps
66758 ms [UE 3210] UL Throughput = 0.72221 Mbps
66868 ms [UE 3210] UL Throughput = 0.76465 Mbps
66978 ms [UE 3210] UL Throughput = 0.76711 Mbps
67088 ms [UE 3210] UL Throughput = 0.07415 Mbps
67198 ms [UE 3210] UL Throughput = 0.65364 Mbps
67308 ms [UE 3210] UL Throughput = 0.76457 Mbps
67408 ms [UE 3210] UL Throughput = 0.83934 Mbps
67508 ms [UE 3210] UL Throughput = 0.46037 Mbps
67618 ms [UE 3210] UL Throughput = 0.34449 Mbps
67632 ms | now=1755738748719804 us | PDCP ind_msg latency=70886788 us
67718 ms [UE 3210] UL Throughput = 0.79671 Mbps
67828 ms [UE 3210] UL Throughput = 0.76380 Mbps
67938 ms [UE 3210] UL Throughput = 0.41931 Mbps
68048 ms [UE 3210] UL Throughput = 0.34513 Mbps
68148 ms [UE 3210] UL Throughput = 0.83971 Mbps
68258 ms [UE 3210] UL Throughput = 0.72423 Mbps
68368 ms [UE 3210] UL Throughput = 0.76533 Mbps
68468 ms [UE 3210] UL Throughput = 0.00000 Mbps
68578 ms [UE 3210] UL Throughput = 0.76466 Mbps
68657 ms | now=1755738749745052 us | PDCP ind_msg latency=70887034 us
68678 ms [UE 3210] UL Throughput = 0.83940 Mbps
68778 ms [UE 3210] UL Throughput = 0.46019 Mbps
68888 ms [UE 3210] UL Throughput = 0.30738 Mbps
68998 ms [UE 3210] UL Throughput = 0.73656 Mbps
69108 ms [UE 3210] UL Throughput = 0.76430 Mbps
69208 ms [UE 3210] UL Throughput = 0.08188 Mbps
69308 ms [UE 3210] UL Throughput = 0.75651 Mbps
69418 ms [UE 3210] UL Throughput = 0.72808 Mbps
69518 ms [UE 3210] UL Throughput = 0.83867 Mbps
69628 ms [UE 3210] UL Throughput = 0.07453 Mbps
69681 ms | now=1755738750769077 us | PDCP ind_msg latency=70887119 us
69728 ms [UE 3210] UL Throughput = 0.75778 Mbps
69828 ms [UE 3210] UL Throughput = 0.83899 Mbps
69928 ms [UE 3210] UL Throughput = 0.79605 Mbps
70038 ms [UE 3210] UL Throughput = 0.07446 Mbps
70148 ms [UE 3210] UL Throughput = 0.69052 Mbps
70258 ms [UE 3210] UL Throughput = 0.76355 Mbps
70368 ms [UE 3210] UL Throughput = 0.76524 Mbps
70468 ms [UE 3210] UL Throughput = 0.08161 Mbps
70578 ms [UE 3210] UL Throughput = 0.65392 Mbps
70678 ms [UE 3210] UL Throughput = 0.83847 Mbps
70706 ms | now=1755738751793934 us | PDCP ind_msg latency=70886874 us
70778 ms [UE 3210] UL Throughput = 0.46054 Mbps
70888 ms [UE 3210] UL Throughput = 0.34469 Mbps
70998 ms [UE 3210] UL Throughput = 0.76463 Mbps
71098 ms [UE 3210] UL Throughput = 0.79903 Mbps
71198 ms [UE 3210] UL Throughput = 0.80895 Mbps
71308 ms [UE 3210] UL Throughput = 0.07462 Mbps
71408 ms [UE 3210] UL Throughput = 0.75635 Mbps
71508 ms [UE 3210] UL Throughput = 0.83900 Mbps
71619 ms [UE 3210] UL Throughput = 0.41685 Mbps
71728 ms [UE 3210] UL Throughput = 0.30954 Mbps
71730 ms | now=1755738752818048 us | PDCP ind_msg latency=70887016 us
71828 ms [UE 3210] UL Throughput = 0.00000 Mbps
71928 ms [UE 3210] UL Throughput = 0.83959 Mbps
72038 ms [UE 3210] UL Throughput = 0.41965 Mbps
72138 ms [UE 3210] UL Throughput = 0.37866 Mbps
72238 ms [UE 3210] UL Throughput = 0.79668 Mbps
72348 ms [UE 3210] UL Throughput = 0.76799 Mbps
72448 ms [UE 3210] UL Throughput = 0.45811 Mbps
72558 ms [UE 3210] UL Throughput = 0.34479 Mbps
72668 ms [UE 3210] UL Throughput = 0.76187 Mbps
72754 ms | now=1755738753842040 us | PDCP ind_msg latency=70887040 us
72778 ms [UE 3210] UL Throughput = 0.72996 Mbps
72888 ms [UE 3210] UL Throughput = 0.76094 Mbps
72998 ms [UE 3210] UL Throughput = 0.41935 Mbps
73108 ms [UE 3210] UL Throughput = 0.34400 Mbps
73218 ms [UE 3210] UL Throughput = 0.76378 Mbps
73328 ms [UE 3210] UL Throughput = 0.72785 Mbps
73438 ms [UE 3210] UL Throughput = 0.39169 Mbps
73539 ms [UE 3210] UL Throughput = 0.37587 Mbps
73648 ms [UE 3210] UL Throughput = 0.76749 Mbps
73758 ms [UE 3210] UL Throughput = 0.76530 Mbps
73779 ms | now=1755738754866322 us | PDCP ind_msg latency=70887176 us
73858 ms [UE 3210] UL Throughput = 0.45987 Mbps
73968 ms [UE 3210] UL Throughput = 0.30740 Mbps
74078 ms [UE 3210] UL Throughput = 0.76627 Mbps
74178 ms [UE 3210] UL Throughput = 0.83733 Mbps
74278 ms [UE 3210] UL Throughput = 0.08178 Mbps
74388 ms [UE 3210] UL Throughput = 0.69090 Mbps
74488 ms [UE 3210] UL Throughput = 0.79888 Mbps
74588 ms [UE 3210] UL Throughput = 0.83949 Mbps
74689 ms [UE 3210] UL Throughput = 0.00000 Mbps
74789 ms [UE 3210] UL Throughput = 0.83883 Mbps
74802 ms | now=1755738755890073 us | PDCP ind_msg latency=70887119 us
74898 ms [UE 3210] UL Throughput = 0.76828 Mbps
74998 ms [UE 3210] UL Throughput = 0.08177 Mbps
75099 ms [UE 3210] UL Throughput = 0.70972 Mbps
75208 ms [UE 3210] UL Throughput = 0.77045 Mbps
75309 ms [UE 3210] UL Throughput = 0.83724 Mbps
75418 ms [UE 3210] UL Throughput = 0.07492 Mbps
75518 ms [UE 3210] UL Throughput = 0.75459 Mbps
75628 ms [UE 3210] UL Throughput = 0.72682 Mbps
75738 ms [UE 3210] UL Throughput = 0.73735 Mbps
75827 ms | now=1755738756914411 us | PDCP ind_msg latency=70887181 us
75838 ms [UE 3210] UL Throughput = 0.08176 Mbps
75948 ms [UE 3210] UL Throughput = 0.69199 Mbps
76048 ms [UE 3210] UL Throughput = 0.83820 Mbps
76148 ms [UE 3210] UL Throughput = 0.45963 Mbps
76258 ms [UE 3210] UL Throughput = 0.30810 Mbps
76368 ms [UE 3210] UL Throughput = 0.76355 Mbps
76468 ms [UE 3210] UL Throughput = 0.83872 Mbps
76568 ms [UE 3210] UL Throughput = 0.45997 Mbps
76678 ms [UE 3210] UL Throughput = 0.34586 Mbps
76778 ms [UE 3210] UL Throughput = 0.79819 Mbps
76852 ms | now=1755738757939392 us | PDCP ind_msg latency=70887342 us
76879 ms [UE 3210] UL Throughput = 0.83448 Mbps
76988 ms [UE 3210] UL Throughput = 0.42084 Mbps
77098 ms [UE 3210] UL Throughput = 0.34399 Mbps
77208 ms [UE 3210] UL Throughput = 0.76233 Mbps
77318 ms [UE 3210] UL Throughput = 0.72690 Mbps
77428 ms [UE 3210] UL Throughput = 0.76664 Mbps
77528 ms [UE 3210] UL Throughput = 0.08171 Mbps
77638 ms [UE 3210] UL Throughput = 0.69046 Mbps
77748 ms [UE 3210] UL Throughput = 0.76236 Mbps
77848 ms [UE 3210] UL Throughput = 0.78709 Mbps
77876 ms | now=1755738758963614 us | PDCP ind_msg latency=70887545 us
77958 ms [UE 3210] UL Throughput = 0.38140 Mbps
78068 ms [UE 3210] UL Throughput = 0.34603 Mbps
78168 ms [UE 3210] UL Throughput = 0.08162 Mbps
78278 ms [UE 3210] UL Throughput = 0.42040 Mbps
78388 ms [UE 3210] UL Throughput = 0.34321 Mbps
78498 ms [UE 3210] UL Throughput = 0.00000 Mbps
78598 ms [UE 3210] UL Throughput = 0.75723 Mbps
78698 ms [UE 3210] UL Throughput = 0.83940 Mbps
78808 ms [UE 3210] UL Throughput = 0.41945 Mbps
78900 ms | now=1755738759987950 us | PDCP ind_msg latency=70886983 us
78918 ms [UE 3210] UL Throughput = 0.34535 Mbps
79018 ms [UE 3210] UL Throughput = 0.40814 Mbps
79128 ms [UE 3210] UL Throughput = 0.41964 Mbps
79238 ms [UE 3210] UL Throughput = 0.34466 Mbps
79338 ms [UE 3210] UL Throughput = 0.00000 Mbps
79438 ms [UE 3210] UL Throughput = 0.75660 Mbps
79548 ms [UE 3210] UL Throughput = 0.64392 Mbps
79659 ms [UE 3210] UL Throughput = 0.41715 Mbps
79768 ms [UE 3210] UL Throughput = 0.34687 Mbps
79878 ms [UE 3210] UL Throughput = 0.68663 Mbps
79924 ms | now=1755738761011911 us | PDCP ind_msg latency=70886958 us
79988 ms [UE 3210] UL Throughput = 0.41820 Mbps
80098 ms [UE 3210] UL Throughput = 0.71870 Mbps
80208 ms [UE 3210] UL Throughput = 0.00000 Mbps
80318 ms [UE 3210] UL Throughput = 0.34503 Mbps
80428 ms [UE 3210] UL Throughput = 0.76518 Mbps
80528 ms [UE 3210] UL Throughput = 0.83679 Mbps
80638 ms [UE 3210] UL Throughput = 0.41981 Mbps
80748 ms [UE 3210] UL Throughput = 0.29855 Mbps
80849 ms [UE 3210] UL Throughput = 0.37523 Mbps
80950 ms | now=1755738762037573 us | PDCP ind_msg latency=70887607 us
80958 ms [UE 3210] UL Throughput = 0.42202 Mbps
81058 ms [UE 3210] UL Throughput = 0.45986 Mbps
81158 ms [UE 3210] UL Throughput = 0.37859 Mbps
81268 ms [UE 3210] UL Throughput = 0.64252 Mbps
81378 ms [UE 3210] UL Throughput = 0.07448 Mbps
81488 ms [UE 3210] UL Throughput = 0.42033 Mbps
81588 ms [UE 3210] UL Throughput = 0.37800 Mbps
81699 ms [UE 3210] UL Throughput = 0.68723 Mbps
81808 ms [UE 3210] UL Throughput = 0.71878 Mbps
81918 ms [UE 3210] UL Throughput = 0.34548 Mbps
81973 ms | now=1755738763061068 us | PDCP ind_msg latency=70887119 us
82018 ms [UE 3210] UL Throughput = 0.00000 Mbps
82128 ms [UE 3210] UL Throughput = 0.76300 Mbps
82229 ms [UE 3210] UL Throughput = 0.83481 Mbps
82339 ms [UE 3210] UL Throughput = 0.64216 Mbps
82448 ms [UE 3210] UL Throughput = 0.00000 Mbps
82558 ms [UE 3210] UL Throughput = 0.72613 Mbps
82658 ms [UE 3210] UL Throughput = 0.46041 Mbps
82768 ms [UE 3210] UL Throughput = 0.07448 Mbps
82878 ms [UE 3210] UL Throughput = 0.00000 Mbps
82978 ms [UE 3210] UL Throughput = 0.70586 Mbps
82998 ms | now=1755738764085202 us | PDCP ind_msg latency=70887241 us
83088 ms [UE 3210] UL Throughput = 0.68908 Mbps
83198 ms [UE 3210] UL Throughput = 0.76501 Mbps
83308 ms [UE 3210] UL Throughput = 0.07423 Mbps
83418 ms [UE 3210] UL Throughput = 0.07493 Mbps
83518 ms [UE 3210] UL Throughput = 0.70468 Mbps
83618 ms [UE 3210] UL Throughput = 0.75775 Mbps
83719 ms [UE 3210] UL Throughput = 0.08146 Mbps
83828 ms [UE 3210] UL Throughput = 0.34492 Mbps
83938 ms [UE 3210] UL Throughput = 0.41949 Mbps
84021 ms | now=1755738765108945 us | PDCP ind_msg latency=70886982 us
84048 ms [UE 3210] UL Throughput = 0.64402 Mbps
84148 ms [UE 3210] UL Throughput = 0.37742 Mbps
84258 ms [UE 3210] UL Throughput = 0.34647 Mbps
84368 ms [UE 3210] UL Throughput = 0.41882 Mbps
84468 ms [UE 3210] UL Throughput = 0.45988 Mbps
84568 ms [UE 3210] UL Throughput = 0.00000 Mbps
84678 ms [UE 3210] UL Throughput = 0.64135 Mbps
84788 ms [UE 3210] UL Throughput = 0.34513 Mbps
84888 ms [UE 3210] UL Throughput = 0.46084 Mbps
84989 ms [UE 3210] UL Throughput = 0.00000 Mbps
85046 ms | now=1755738766134042 us | PDCP ind_msg latency=70887093 us
85098 ms [UE 3210] UL Throughput = 0.42005 Mbps
85208 ms [UE 3210] UL Throughput = 0.64257 Mbps
85308 ms [UE 3210] UL Throughput = 0.00000 Mbps
85418 ms [UE 3210] UL Throughput = 0.68940 Mbps
85528 ms [UE 3210] UL Throughput = 0.00000 Mbps
85638 ms [UE 3210] UL Throughput = 0.07450 Mbps
85748 ms [UE 3210] UL Throughput = 0.41843 Mbps
85849 ms [UE 3210] UL Throughput = 0.00000 Mbps
85959 ms [UE 3210] UL Throughput = 0.68946 Mbps
86068 ms [UE 3210] UL Throughput = 0.69225 Mbps
86070 ms | now=1755738767157963 us | PDCP ind_msg latency=70887002 us
86168 ms [UE 3210] UL Throughput = 0.08170 Mbps
86278 ms [UE 3210] UL Throughput = 0.34521 Mbps
86378 ms [UE 3210] UL Throughput = 0.70635 Mbps
86478 ms [UE 3210] UL Throughput = 0.75719 Mbps
86588 ms [UE 3210] UL Throughput = 0.76458 Mbps
86699 ms [UE 3210] UL Throughput = 0.00000 Mbps
86808 ms [UE 3210] UL Throughput = 0.76431 Mbps
86918 ms [UE 3210] UL Throughput = 0.72081 Mbps
87018 ms [UE 3210] UL Throughput = 0.41913 Mbps
87096 ms | now=1755738768183962 us | PDCP ind_msg latency=70887009 us
87118 ms [UE 3210] UL Throughput = 0.37718 Mbps
87228 ms [UE 3210] UL Throughput = 0.41964 Mbps
87338 ms [UE 3210] UL Throughput = 0.07473 Mbps
87448 ms [UE 3210] UL Throughput = 0.64254 Mbps
87548 ms [UE 3210] UL Throughput = 0.00000 Mbps
87658 ms [UE 3210] UL Throughput = 0.68859 Mbps
87768 ms [UE 3210] UL Throughput = 0.41955 Mbps
87868 ms [UE 3210] UL Throughput = 0.46059 Mbps
87978 ms [UE 3210] UL Throughput = 0.34490 Mbps
88078 ms [UE 3210] UL Throughput = 0.70637 Mbps
88123 ms | now=1755738769210696 us | PDCP ind_msg latency=70888747 us
88178 ms [UE 3210] UL Throughput = 0.46064 Mbps
88278 ms [UE 3210] UL Throughput = 0.08176 Mbps
88388 ms [UE 3210] UL Throughput = 0.34459 Mbps
88498 ms [UE 3210] UL Throughput = 0.34460 Mbps
88608 ms [UE 3210] UL Throughput = 0.64316 Mbps
88708 ms [UE 3210] UL Throughput = 0.00000 Mbps
88818 ms [UE 3210] UL Throughput = 0.34472 Mbps
88919 ms [UE 3210] UL Throughput = 0.83783 Mbps
89028 ms [UE 3210] UL Throughput = 0.69058 Mbps
89128 ms [UE 3210] UL Throughput = 0.08188 Mbps
89145 ms | now=1755738770232241 us | PDCP ind_msg latency=70887221 us
89238 ms [UE 3210] UL Throughput = 0.29854 Mbps
89348 ms [UE 3210] UL Throughput = 0.07434 Mbps
89458 ms [UE 3210] UL Throughput = 0.34539 Mbps
89558 ms [UE 3210] UL Throughput = 0.00000 Mbps
89658 ms [UE 3210] UL Throughput = 0.71688 Mbps
89758 ms [UE 3210] UL Throughput = 0.70655 Mbps
89868 ms [UE 3210] UL Throughput = 0.41854 Mbps
89969 ms [UE 3210] UL Throughput = 0.37747 Mbps
[xApp]: E42 RIC_SUBSCRIPTION_DELETE_REQUEST tx RAN_FUNC_ID 144 RIC_REQ_ID 1 
[xApp]: E42 SUBSCRIPTION DELETE RESPONSE rx
[xApp]: E42 RIC_SUBSCRIPTION_DELETE_REQUEST tx RAN_FUNC_ID 142 RIC_REQ_ID 2 
[xApp]: E42 SUBSCRIPTION DELETE RESPONSE rx
[xApp]: E42 RIC_SUBSCRIPTION_DELETE_REQUEST tx RAN_FUNC_ID 142 RIC_REQ_ID 3 
[xApp]: E42 SUBSCRIPTION DELETE RESPONSE rx
[xApp]: Sucessfully stopped 
MAC/PDCP xApp run SUCCESSFULLY
