[UTIL]: Setting the config -c file to /usr/local/etc/flexric/flexric.conf
[UTIL]: Setting path -p for the shared libraries to /usr/local/lib/flexric/
[xAapp]: Initializing ... 
[xApp]: nearRT-RIC IP Address = 192.168.70.150, PORT = 36422
[E2 AGENT]: Opening plugin from path = /usr/local/lib/flexric/libkpm_sm.so 
[E2 AGENT]: Opening plugin from path = /usr/local/lib/flexric/libmac_sm.so 
[E2 AGENT]: Opening plugin from path = /usr/local/lib/flexric/libpdcp_sm.so 
[E2 AGENT]: Opening plugin from path = /usr/local/lib/flexric/libgtp_sm.so 
[E2 AGENT]: Opening plugin from path = /usr/local/lib/flexric/librc_sm.so 
[E2 AGENT]: Opening plugin from path = /usr/local/lib/flexric/libtc_sm.so 
[E2 AGENT]: Opening plugin from path = /usr/local/lib/flexric/librlc_sm.so 
[E2 AGENT]: Opening plugin from path = /usr/local/lib/flexric/libslice_sm.so 
[NEAR-RIC]: Loading SM ID = 2 with def = ORAN-E2SM-KPM 
[NEAR-RIC]: Loading SM ID = 142 with def = MAC_STATS_V0 
[NEAR-RIC]: Loading SM ID = 144 with def = PDCP_STATS_V0 
[NEAR-RIC]: Loading SM ID = 148 with def = GTP_STATS_V0 
[NEAR-RIC]: Loading SM ID = 3 with def = ORAN-E2SM-RC 
[NEAR-RIC]: Loading SM ID = 146 with def = TC_STATS_V0 
[NEAR-RIC]: Loading SM ID = 143 with def = RLC_STATS_V0 
[NEAR-RIC]: Loading SM ID = 145 with def = SLICE_STATS_V0 
[xApp]: DB filename = /tmp/flexric/xapp_db 
 [xApp]: E42 SETUP-REQUEST tx
[xApp]: E42 SETUP-RESPONSE rx 
[xApp]: xApp ID = 13
[xApp]: Registered E2 Nodes = 4 
Connected E2 nodes = 4
[xAPP] Registered node 0 ran func id = 2
[xAPP] Registered node 0 ran func id = 3
[xAPP] Registered node 0 ran func id = 142
[xAPP] Registered node 0 ran func id = 143
[xAPP] Registered node 0 ran func id = 144
[xAPP] Registered node 0 ran func id = 145
[xAPP] Registered node 0 ran func id = 146
[xAPP] Registered node 0 ran func id = 148
[xApp]: E42 RIC SUBSCRIPTION REQUEST tx RAN_FUNC_ID 144 RIC_REQ_ID 1 
[xApp]: SUBSCRIPTION RESPONSE rx
[xApp]: Successfully subscribed to RAN_FUNC_ID 144 
[xAPP] Registered node 1 ran func id = 2
[xAPP] Registered node 1 ran func id = 3
[xAPP] Registered node 1 ran func id = 142
[xAPP] Registered node 1 ran func id = 143
[xAPP] Registered node 1 ran func id = 144
[xAPP] Registered node 1 ran func id = 145
[xAPP] Registered node 1 ran func id = 146
[xAPP] Registered node 1 ran func id = 148
[xAPP] Registered node 2 ran func id = 2
[xAPP] Registered node 2 ran func id = 3
[xAPP] Registered node 2 ran func id = 142
[xAPP] Registered node 2 ran func id = 143
[xAPP] Registered node 2 ran func id = 144
[xAPP] Registered node 2 ran func id = 145
[xAPP] Registered node 2 ran func id = 146
[xAPP] Registered node 2 ran func id = 148
[xApp]: E42 RIC SUBSCRIPTION REQUEST tx RAN_FUNC_ID 142 RIC_REQ_ID 2 
7 ms | now=1755815452085481 us | PDCP ind_msg latency=71856988 us
[xApp]: SUBSCRIPTION RESPONSE rx
[xApp]: Successfully subscribed to RAN_FUNC_ID 142 
[xAPP] Registered node 3 ran func id = 2
[xAPP] Registered node 3 ran func id = 3
[xAPP] Registered node 3 ran func id = 142
[xAPP] Registered node 3 ran func id = 143
[xAPP] Registered node 3 ran func id = 144
[xAPP] Registered node 3 ran func id = 145
[xAPP] Registered node 3 ran func id = 146
[xAPP] Registered node 3 ran func id = 148
[xApp]: E42 RIC SUBSCRIPTION REQUEST tx RAN_FUNC_ID 142 RIC_REQ_ID 3 
[xApp]: SUBSCRIPTION RESPONSE rx
[xApp]: Successfully subscribed to RAN_FUNC_ID 142 
627 ms [UE 42234] UL Throughput = 0.20698 Mbps
717 ms [UE 30040] UL Throughput = 0.0 Mbps
717 ms [UE 42234] UL Throughput = 0.0 Mbps
823 ms [UE 30040] UL Throughput = 0.15004 Mbps
823 ms [UE 42234] UL Throughput = 0.08367 Mbps
897 ms [UE 30040] UL Throughput = 0.05502 Mbps
897 ms [UE 42234] UL Throughput = 0.0 Mbps
976 ms [UE 30040] UL Throughput = 0.0888 Mbps
976 ms [UE 42234] UL Throughput = 0.0 Mbps
1072 ms [UE 30040] UL Throughput = 0.08361 Mbps
1072 ms [UE 42234] UL Throughput = 0.09253 Mbps
1206 ms [UE 30040] UL Throughput = 0.04336 Mbps
1206 ms [UE 42234] UL Throughput = 0.05587 Mbps
1309 ms [UE 30040] UL Throughput = 0.0 Mbps
1309 ms [UE 42234] UL Throughput = 0.0 Mbps
1405 ms [UE 30040] UL Throughput = 0.04244 Mbps
1405 ms [UE 42234] UL Throughput = 0.0 Mbps
1496 ms [UE 30040] UL Throughput = 0.0 Mbps
1496 ms [UE 42234] UL Throughput = 0.01629 Mbps
1610 ms [UE 42234] UL Throughput = 0.0 Mbps
1614 ms [UE 30040] UL Throughput = 0.0 Mbps
1614 ms [UE 42234] UL Throughput = 0.0 Mbps
1616 ms [UE 30040] UL Throughput = 0.07332 Mbps
1616 ms [UE 42234] UL Throughput = 0.0 Mbps
1617 ms [UE 30040] UL Throughput = 0.02703 Mbps
1617 ms [UE 42234] UL Throughput = 0.16997 Mbps
1715 ms [UE 30040] UL Throughput = 0.06066 Mbps
1715 ms [UE 42234] UL Throughput = 0.02661 Mbps
1820 ms [UE 30040] UL Throughput = 0.06149 Mbps
1820 ms [UE 42234] UL Throughput = 0.07835 Mbps
1938 ms [UE 30040] UL Throughput = 0.0 Mbps
1938 ms [UE 42234] UL Throughput = 0.0 Mbps
1941 ms [UE 30040] UL Throughput = 0.0 Mbps
1941 ms [UE 42234] UL Throughput = 0.03066 Mbps
2051 ms [UE 30040] UL Throughput = 0.07727 Mbps
2051 ms [UE 42234] UL Throughput = 0.17845 Mbps
2147 ms [UE 30040] UL Throughput = 0.02603 Mbps
2147 ms [UE 42234] UL Throughput = 0.04449 Mbps
2150 ms [UE 30040] UL Throughput = 0.07232 Mbps
2150 ms [UE 42234] UL Throughput = 0.0 Mbps
2270 ms [UE 30040] UL Throughput = 0.02321 Mbps
2270 ms [UE 42234] UL Throughput = 0.02696 Mbps
2371 ms [UE 30040] UL Throughput = 0.15764 Mbps
2371 ms [UE 42234] UL Throughput = 0.07981 Mbps
2483 ms [UE 30040] UL Throughput = 0.04945 Mbps
2483 ms [UE 42234] UL Throughput = 0.09948 Mbps
2576 ms [UE 30040] UL Throughput = 0.10303 Mbps
2576 ms [UE 42234] UL Throughput = 0.0 Mbps
2579 ms [UE 30040] UL Throughput = 0.0 Mbps
2706 ms [UE 42234] UL Throughput = 0.0 Mbps
2809 ms [UE 30040] UL Throughput = 0.05761 Mbps
2809 ms [UE 42234] UL Throughput = 0.0881 Mbps
2811 ms [UE 30040] UL Throughput = 0.0 Mbps
2811 ms [UE 42234] UL Throughput = 0.0 Mbps
2899 ms [UE 30040] UL Throughput = 0.0 Mbps
2993 ms [UE 30040] UL Throughput = 0.0 Mbps
2993 ms [UE 42234] UL Throughput = 0.04212 Mbps
3097 ms [UE 30040] UL Throughput = 0.0996 Mbps
3097 ms [UE 42234] UL Throughput = 0.0 Mbps
3178 ms [UE 30040] UL Throughput = 0.0 Mbps
3178 ms [UE 42234] UL Throughput = 0.0 Mbps
3277 ms [UE 30040] UL Throughput = 0.0 Mbps
3277 ms [UE 42234] UL Throughput = 0.02639 Mbps
3365 ms [UE 30040] UL Throughput = 0.0 Mbps
3365 ms [UE 42234] UL Throughput = 0.02442 Mbps
3477 ms [UE 30040] UL Throughput = 0.0 Mbps
3477 ms [UE 42234] UL Throughput = 0.02659 Mbps
3582 ms [UE 30040] UL Throughput = 0.04165 Mbps
3582 ms [UE 42234] UL Throughput = 0.0 Mbps
3685 ms [UE 30040] UL Throughput = 0.0794 Mbps
3685 ms [UE 42234] UL Throughput = 0.0 Mbps
3688 ms [UE 30040] UL Throughput = 0.08125 Mbps
3688 ms [UE 42234] UL Throughput = 0.0 Mbps
3807 ms [UE 30040] UL Throughput = 0.0 Mbps
3807 ms [UE 42234] UL Throughput = 0.0159 Mbps
3808 ms [UE 30040] UL Throughput = 0.0 Mbps
3808 ms [UE 42234] UL Throughput = 0.099 Mbps
3879 ms [UE 30040] UL Throughput = 0.0 Mbps
3879 ms [UE 42234] UL Throughput = 0.0 Mbps
3980 ms [UE 30040] UL Throughput = 0.0 Mbps
3980 ms [UE 42234] UL Throughput = 0.0668 Mbps
3984 ms [UE 30040] UL Throughput = 0.0 Mbps
3984 ms [UE 42234] UL Throughput = 0.02021 Mbps
4058 ms [UE 30040] UL Throughput = 0.0 Mbps
4058 ms [UE 42234] UL Throughput = 0.08087 Mbps
4159 ms [UE 42234] UL Throughput = 0.0 Mbps
4251 ms [UE 30040] UL Throughput = 0.0 Mbps
4251 ms [UE 42234] UL Throughput = 0.0 Mbps
4257 ms [UE 30040] UL Throughput = 0.0 Mbps
4257 ms [UE 42234] UL Throughput = 0.0 Mbps
4332 ms [UE 30040] UL Throughput = 0.0 Mbps
4332 ms [UE 42234] UL Throughput = 0.07125 Mbps
4335 ms [UE 42234] UL Throughput = 0.0 Mbps
4435 ms [UE 30040] UL Throughput = 0.04501 Mbps
4435 ms [UE 42234] UL Throughput = 0.08494 Mbps
4536 ms [UE 42234] UL Throughput = 0.05533 Mbps
4542 ms [UE 30040] UL Throughput = 0.01747 Mbps
4542 ms [UE 42234] UL Throughput = 0.03379 Mbps
4545 ms [UE 30040] UL Throughput = 0.09346 Mbps
4545 ms [UE 42234] UL Throughput = 0.0 Mbps
4549 ms [UE 30040] UL Throughput = 0.02162 Mbps
4549 ms [UE 42234] UL Throughput = 0.02528 Mbps
4641 ms [UE 30040] UL Throughput = 0.03794 Mbps
4641 ms [UE 42234] UL Throughput = 0.04503 Mbps
4756 ms [UE 30040] UL Throughput = 0.0 Mbps
4756 ms [UE 42234] UL Throughput = 0.02095 Mbps
4858 ms [UE 30040] UL Throughput = 0.0 Mbps
4858 ms [UE 42234] UL Throughput = 0.0 Mbps
4942 ms [UE 30040] UL Throughput = 0.06332 Mbps
4942 ms [UE 42234] UL Throughput = 0.0449 Mbps
5038 ms [UE 42234] UL Throughput = 0.08813 Mbps
5133 ms [UE 30040] UL Throughput = 0.0 Mbps
5133 ms [UE 42234] UL Throughput = 0.0 Mbps
5227 ms [UE 30040] UL Throughput = 0.0 Mbps
5227 ms [UE 42234] UL Throughput = 0.0 Mbps
5230 ms [UE 30040] UL Throughput = 0.0 Mbps
5230 ms [UE 42234] UL Throughput = 0.01758 Mbps
5231 ms [UE 30040] UL Throughput = 0.0 Mbps
5335 ms [UE 30040] UL Throughput = 0.0 Mbps
5335 ms [UE 42234] UL Throughput = 0.10512 Mbps
5336 ms [UE 30040] UL Throughput = 0.04884 Mbps
5429 ms [UE 30040] UL Throughput = 0.0 Mbps
5429 ms [UE 42234] UL Throughput = 0.0 Mbps
5522 ms [UE 30040] UL Throughput = 0.07833 Mbps
5522 ms [UE 42234] UL Throughput = 0.0 Mbps
5600 ms [UE 30040] UL Throughput = 0.10423 Mbps
5694 ms [UE 30040] UL Throughput = 0.12068 Mbps
5694 ms [UE 42234] UL Throughput = 0.0 Mbps
5781 ms [UE 30040] UL Throughput = 0.02021 Mbps
5890 ms [UE 30040] UL Throughput = 0.08943 Mbps
5890 ms [UE 42234] UL Throughput = 0.0203 Mbps
5999 ms [UE 30040] UL Throughput = 0.04691 Mbps
5999 ms [UE 42234] UL Throughput = 0.0 Mbps
6101 ms [UE 42234] UL Throughput = 0.04524 Mbps
6195 ms [UE 30040] UL Throughput = 0.0 Mbps
6311 ms [UE 30040] UL Throughput = 0.01073 Mbps
6314 ms [UE 30040] UL Throughput = 0.10051 Mbps
6314 ms [UE 42234] UL Throughput = 0.05033 Mbps
6442 ms [UE 42234] UL Throughput = 0.0 Mbps
6547 ms [UE 30040] UL Throughput = 0.0 Mbps
6547 ms [UE 42234] UL Throughput = 0.0 Mbps
6665 ms [UE 30040] UL Throughput = 0.10384 Mbps
6665 ms [UE 42234] UL Throughput = 0.0 Mbps
6778 ms [UE 30040] UL Throughput = 0.0 Mbps
6778 ms [UE 42234] UL Throughput = 0.0 Mbps
6874 ms [UE 30040] UL Throughput = 0.07803 Mbps
6874 ms [UE 42234] UL Throughput = 0.0 Mbps
6951 ms [UE 30040] UL Throughput = 0.06416 Mbps
7056 ms [UE 30040] UL Throughput = 0.0 Mbps
7056 ms [UE 42234] UL Throughput = 0.0 Mbps
7146 ms [UE 30040] UL Throughput = 0.08264 Mbps
7221 ms [UE 30040] UL Throughput = 0.09513 Mbps
7221 ms [UE 42234] UL Throughput = 0.01677 Mbps
7314 ms [UE 30040] UL Throughput = 0.01685 Mbps
7314 ms [UE 42234] UL Throughput = 0.0 Mbps
7320 ms [UE 30040] UL Throughput = 0.12386 Mbps
7320 ms [UE 42234] UL Throughput = 0.0983 Mbps
7420 ms [UE 30040] UL Throughput = 0.0697 Mbps
7420 ms [UE 42234] UL Throughput = 0.0 Mbps
7493 ms [UE 30040] UL Throughput = 0.06365 Mbps
7493 ms [UE 42234] UL Throughput = 0.0 Mbps
7597 ms [UE 30040] UL Throughput = 0.07908 Mbps
7597 ms [UE 42234] UL Throughput = 0.01268 Mbps
7702 ms [UE 30040] UL Throughput = 0.06709 Mbps
7702 ms [UE 42234] UL Throughput = 0.0 Mbps
7820 ms [UE 30040] UL Throughput = 0.05164 Mbps
7820 ms [UE 42234] UL Throughput = 0.07643 Mbps
7913 ms [UE 30040] UL Throughput = 0.0 Mbps
7913 ms [UE 42234] UL Throughput = 0.0 Mbps
8035 ms [UE 30040] UL Throughput = 0.0 Mbps
8035 ms [UE 42234] UL Throughput = 0.09327 Mbps
8145 ms [UE 30040] UL Throughput = 0.0 Mbps
8145 ms [UE 42234] UL Throughput = 0.0 Mbps
8147 ms [UE 30040] UL Throughput = 0.06875 Mbps
8147 ms [UE 42234] UL Throughput = 0.06172 Mbps
8221 ms [UE 30040] UL Throughput = 0.0 Mbps
8221 ms [UE 42234] UL Throughput = 0.03881 Mbps
8227 ms [UE 30040] UL Throughput = 0.03579 Mbps
8227 ms [UE 42234] UL Throughput = 0.2146 Mbps
8316 ms [UE 30040] UL Throughput = 0.13383 Mbps
8316 ms [UE 42234] UL Throughput = 0.0 Mbps
8317 ms [UE 30040] UL Throughput = 0.05893 Mbps
8317 ms [UE 42234] UL Throughput = 0.0 Mbps
8419 ms [UE 30040] UL Throughput = 0.08154 Mbps
8419 ms [UE 42234] UL Throughput = 0.0 Mbps
8533 ms [UE 30040] UL Throughput = 0.05404 Mbps
8533 ms [UE 42234] UL Throughput = 0.03699 Mbps
8620 ms [UE 30040] UL Throughput = 0.03365 Mbps
8620 ms [UE 42234] UL Throughput = 0.09298 Mbps
8693 ms [UE 30040] UL Throughput = 0.0 Mbps
8693 ms [UE 42234] UL Throughput = 0.07367 Mbps
8786 ms [UE 30040] UL Throughput = 0.0 Mbps
8786 ms [UE 42234] UL Throughput = 0.07088 Mbps
8863 ms [UE 30040] UL Throughput = 0.07018 Mbps
8863 ms [UE 42234] UL Throughput = 0.03796 Mbps
8969 ms [UE 30040] UL Throughput = 0.05864 Mbps
8969 ms [UE 42234] UL Throughput = 0.02998 Mbps
9057 ms [UE 30040] UL Throughput = 0.0 Mbps
9057 ms [UE 42234] UL Throughput = 0.09697 Mbps
9063 ms [UE 30040] UL Throughput = 0.06209 Mbps
9063 ms [UE 42234] UL Throughput = 0.0 Mbps
9167 ms [UE 30040] UL Throughput = 0.0 Mbps
9167 ms [UE 42234] UL Throughput = 0.07444 Mbps
9265 ms [UE 30040] UL Throughput = 0.0 Mbps
9265 ms [UE 42234] UL Throughput = 0.0 Mbps
9349 ms [UE 30040] UL Throughput = 0.0 Mbps
9349 ms [UE 42234] UL Throughput = 0.0735 Mbps
9434 ms [UE 30040] UL Throughput = 0.09904 Mbps
9434 ms [UE 42234] UL Throughput = 0.03081 Mbps
9524 ms [UE 30040] UL Throughput = 0.11271 Mbps
9524 ms [UE 42234] UL Throughput = 0.08879 Mbps
9610 ms [UE 42234] UL Throughput = 0.0 Mbps
9612 ms [UE 30040] UL Throughput = 0.01903 Mbps
9612 ms [UE 42234] UL Throughput = 0.0611 Mbps
9709 ms [UE 30040] UL Throughput = 0.0 Mbps
9709 ms [UE 42234] UL Throughput = 0.0 Mbps
9797 ms [UE 30040] UL Throughput = 0.05483 Mbps
9797 ms [UE 42234] UL Throughput = 0.0 Mbps
9801 ms [UE 30040] UL Throughput = 0.0 Mbps
9801 ms [UE 42234] UL Throughput = 0.01156 Mbps
9892 ms [UE 30040] UL Throughput = 0.09523 Mbps
9892 ms [UE 42234] UL Throughput = 0.09266 Mbps
9897 ms [UE 30040] UL Throughput = 0.0 Mbps
9998 ms [UE 30040] UL Throughput = 0.0 Mbps
9998 ms [UE 42234] UL Throughput = 0.08685 Mbps
9999 ms [UE 30040] UL Throughput = 0.0 Mbps
9999 ms [UE 42234] UL Throughput = 0.0 Mbps
10112 ms [UE 30040] UL Throughput = 0.02467 Mbps
10112 ms [UE 42234] UL Throughput = 0.09727 Mbps
10213 ms [UE 30040] UL Throughput = 0.0 Mbps
10213 ms [UE 42234] UL Throughput = 0.09286 Mbps
10218 ms [UE 30040] UL Throughput = 0.0 Mbps
10218 ms [UE 42234] UL Throughput = 0.0 Mbps
10293 ms [UE 42234] UL Throughput = 0.05641 Mbps
10399 ms [UE 30040] UL Throughput = 0.0377 Mbps
10399 ms [UE 42234] UL Throughput = 0.16942 Mbps
10493 ms [UE 30040] UL Throughput = 0.04978 Mbps
10493 ms [UE 42234] UL Throughput = 0.0 Mbps
10499 ms [UE 30040] UL Throughput = 0.0 Mbps
10499 ms [UE 42234] UL Throughput = 0.0 Mbps
10600 ms [UE 30040] UL Throughput = 0.07511 Mbps
10600 ms [UE 42234] UL Throughput = 0.0 Mbps
10693 ms [UE 30040] UL Throughput = 0.0 Mbps
10693 ms [UE 42234] UL Throughput = 0.0 Mbps
10815 ms [UE 30040] UL Throughput = 0.07308 Mbps
10815 ms [UE 42234] UL Throughput = 0.0 Mbps
10821 ms [UE 30040] UL Throughput = 0.08412 Mbps
10821 ms [UE 42234] UL Throughput = 0.0 Mbps
10823 ms [UE 30040] UL Throughput = 0.02824 Mbps
10827 ms [UE 30040] UL Throughput = 0.05431 Mbps
10827 ms [UE 42234] UL Throughput = 0.0 Mbps
10828 ms [UE 30040] UL Throughput = 0.07679 Mbps
10828 ms [UE 42234] UL Throughput = 0.0 Mbps
10914 ms [UE 30040] UL Throughput = 0.01165 Mbps
10914 ms [UE 42234] UL Throughput = 0.04373 Mbps
10917 ms [UE 30040] UL Throughput = 0.0 Mbps
10917 ms [UE 42234] UL Throughput = 0.0 Mbps
10999 ms [UE 42234] UL Throughput = 0.0 Mbps
11000 ms [UE 30040] UL Throughput = 0.0 Mbps
11004 ms [UE 30040] UL Throughput = 0.02776 Mbps
11004 ms [UE 42234] UL Throughput = 0.0 Mbps
11064 ms [UE 42234] UL Throughput = 0.0 Mbps
11155 ms [UE 30040] UL Throughput = 0.01974 Mbps
11155 ms [UE 42234] UL Throughput = 0.0 Mbps
11249 ms [UE 30040] UL Throughput = 0.0 Mbps
11249 ms [UE 42234] UL Throughput = 0.07935 Mbps
11348 ms [UE 30040] UL Throughput = 0.0 Mbps
11348 ms [UE 42234] UL Throughput = 0.01113 Mbps
11449 ms [UE 30040] UL Throughput = 0.09384 Mbps
11449 ms [UE 42234] UL Throughput = 0.09109 Mbps
11562 ms [UE 30040] UL Throughput = 0.0381 Mbps
11562 ms [UE 42234] UL Throughput = 0.0 Mbps
11654 ms [UE 30040] UL Throughput = 0.0 Mbps
11654 ms [UE 42234] UL Throughput = 0.0 Mbps
11658 ms [UE 30040] UL Throughput = 0.0 Mbps
11733 ms [UE 30040] UL Throughput = 0.09692 Mbps
11733 ms [UE 42234] UL Throughput = 0.0 Mbps
11737 ms [UE 30040] UL Throughput = 0.0 Mbps
11737 ms [UE 42234] UL Throughput = 0.09931 Mbps
11835 ms [UE 30040] UL Throughput = 0.09668 Mbps
11943 ms [UE 30040] UL Throughput = 0.0 Mbps
11943 ms [UE 42234] UL Throughput = 0.07504 Mbps
11948 ms [UE 30040] UL Throughput = 0.04118 Mbps
11948 ms [UE 42234] UL Throughput = 0.0 Mbps
12037 ms [UE 30040] UL Throughput = 0.08412 Mbps
12037 ms [UE 42234] UL Throughput = 0.0 Mbps
12043 ms [UE 30040] UL Throughput = 0.0 Mbps
12043 ms [UE 42234] UL Throughput = 0.0 Mbps
12143 ms [UE 30040] UL Throughput = 0.0567 Mbps
12143 ms [UE 42234] UL Throughput = 0.03811 Mbps
12236 ms [UE 30040] UL Throughput = 0.0 Mbps
12236 ms [UE 42234] UL Throughput = 0.0 Mbps
12339 ms [UE 30040] UL Throughput = 0.0 Mbps
12339 ms [UE 42234] UL Throughput = 0.0 Mbps
12435 ms [UE 30040] UL Throughput = 0.09682 Mbps
12435 ms [UE 42234] UL Throughput = 0.0 Mbps
12438 ms [UE 30040] UL Throughput = 0.0 Mbps
12531 ms [UE 30040] UL Throughput = 0.04445 Mbps
12531 ms [UE 42234] UL Throughput = 0.09565 Mbps
12626 ms [UE 30040] UL Throughput = 0.04287 Mbps
12626 ms [UE 42234] UL Throughput = 0.11736 Mbps
12730 ms [UE 30040] UL Throughput = 0.09025 Mbps
12730 ms [UE 42234] UL Throughput = 0.0 Mbps
12736 ms [UE 30040] UL Throughput = 0.0 Mbps
12736 ms [UE 42234] UL Throughput = 0.03904 Mbps
12739 ms [UE 30040] UL Throughput = 0.06713 Mbps
12739 ms [UE 42234] UL Throughput = 0.0993 Mbps
12819 ms [UE 30040] UL Throughput = 0.09252 Mbps
12819 ms [UE 42234] UL Throughput = 0.04465 Mbps
12922 ms [UE 30040] UL Throughput = 0.0 Mbps
12922 ms [UE 42234] UL Throughput = 0.0 Mbps
13043 ms [UE 30040] UL Throughput = 0.01332 Mbps
13043 ms [UE 42234] UL Throughput = 0.0 Mbps
13171 ms [UE 30040] UL Throughput = 0.06293 Mbps
13171 ms [UE 42234] UL Throughput = 0.0 Mbps
13270 ms [UE 30040] UL Throughput = 0.09923 Mbps
13270 ms [UE 42234] UL Throughput = 0.07941 Mbps
13374 ms [UE 30040] UL Throughput = 0.04485 Mbps
13374 ms [UE 42234] UL Throughput = 0.0 Mbps
13479 ms [UE 30040] UL Throughput = 0.0 Mbps
13479 ms [UE 42234] UL Throughput = 0.09727 Mbps
13579 ms [UE 30040] UL Throughput = 0.0 Mbps
13699 ms [UE 30040] UL Throughput = 0.0 Mbps
13699 ms [UE 42234] UL Throughput = 0.07157 Mbps
13807 ms [UE 30040] UL Throughput = 0.04317 Mbps
13807 ms [UE 42234] UL Throughput = 0.0 Mbps
13887 ms [UE 30040] UL Throughput = 0.03123 Mbps
13887 ms [UE 42234] UL Throughput = 0.0 Mbps
13981 ms [UE 30040] UL Throughput = 0.13424 Mbps
14098 ms [UE 30040] UL Throughput = 0.08233 Mbps
14098 ms [UE 42234] UL Throughput = 0.06129 Mbps
14192 ms [UE 42234] UL Throughput = 0.0 Mbps
14197 ms [UE 30040] UL Throughput = 0.0 Mbps
14197 ms [UE 42234] UL Throughput = 0.0 Mbps
14296 ms [UE 30040] UL Throughput = 0.04924 Mbps
14296 ms [UE 42234] UL Throughput = 0.0 Mbps
14416 ms [UE 30040] UL Throughput = 0.01101 Mbps
14416 ms [UE 42234] UL Throughput = 0.02048 Mbps
14418 ms [UE 30040] UL Throughput = 0.0 Mbps
14418 ms [UE 42234] UL Throughput = 0.04986 Mbps
14536 ms [UE 30040] UL Throughput = 0.0 Mbps
14536 ms [UE 42234] UL Throughput = 0.08518 Mbps
14621 ms [UE 30040] UL Throughput = 0.0 Mbps
14627 ms [UE 42234] UL Throughput = 0.0 Mbps
14715 ms [UE 30040] UL Throughput = 0.09408 Mbps
14715 ms [UE 42234] UL Throughput = 0.0 Mbps
14837 ms [UE 30040] UL Throughput = 0.05988 Mbps
14837 ms [UE 42234] UL Throughput = 0.0 Mbps
14958 ms [UE 42234] UL Throughput = 0.01278 Mbps
15055 ms [UE 30040] UL Throughput = 0.05444 Mbps
15162 ms [UE 30040] UL Throughput = 0.0698 Mbps
15250 ms [UE 42234] UL Throughput = 0.0 Mbps
15363 ms [UE 30040] UL Throughput = 0.0465 Mbps
15363 ms [UE 42234] UL Throughput = 0.0 Mbps
15469 ms [UE 30040] UL Throughput = 0.0 Mbps
15469 ms [UE 42234] UL Throughput = 0.0 Mbps
15564 ms [UE 30040] UL Throughput = 0.0 Mbps
15564 ms [UE 42234] UL Throughput = 0.0 Mbps
15692 ms [UE 30040] UL Throughput = 0.0 Mbps
15692 ms [UE 42234] UL Throughput = 0.0 Mbps
15791 ms [UE 30040] UL Throughput = 0.0 Mbps
15791 ms [UE 42234] UL Throughput = 0.0 Mbps
15794 ms [UE 30040] UL Throughput = 0.0 Mbps
15794 ms [UE 42234] UL Throughput = 0.0 Mbps
15876 ms [UE 42234] UL Throughput = 0.12624 Mbps
15973 ms [UE 30040] UL Throughput = 0.0 Mbps
15973 ms [UE 42234] UL Throughput = 0.0 Mbps
16095 ms [UE 30040] UL Throughput = 0.0 Mbps
16095 ms [UE 42234] UL Throughput = 0.01603 Mbps
16203 ms [UE 30040] UL Throughput = 0.03962 Mbps
16203 ms [UE 42234] UL Throughput = 0.0607 Mbps
16332 ms [UE 30040] UL Throughput = 0.0 Mbps
16332 ms [UE 42234] UL Throughput = 0.0 Mbps
16411 ms [UE 30040] UL Throughput = 0.13195 Mbps
16525 ms [UE 30040] UL Throughput = 0.0 Mbps
16525 ms [UE 42234] UL Throughput = 0.0 Mbps
16672 ms [UE 30040] UL Throughput = 0.01965 Mbps
16672 ms [UE 42234] UL Throughput = 0.0 Mbps
16768 ms [UE 42234] UL Throughput = 0.01758 Mbps
16770 ms [UE 30040] UL Throughput = 0.06046 Mbps
16770 ms [UE 42234] UL Throughput = 0.04955 Mbps
16860 ms [UE 30040] UL Throughput = 0.0 Mbps
16860 ms [UE 42234] UL Throughput = 0.0 Mbps
16972 ms [UE 30040] UL Throughput = 0.04014 Mbps
16972 ms [UE 42234] UL Throughput = 0.0 Mbps
17077 ms [UE 30040] UL Throughput = 0.0 Mbps
17182 ms [UE 42234] UL Throughput = 0.0 Mbps
17274 ms [UE 30040] UL Throughput = 0.0 Mbps
17274 ms [UE 42234] UL Throughput = 0.0771 Mbps
17361 ms [UE 30040] UL Throughput = 0.0 Mbps
17361 ms [UE 42234] UL Throughput = 0.01633 Mbps
17464 ms [UE 30040] UL Throughput = 0.0 Mbps
17464 ms [UE 42234] UL Throughput = 0.05846 Mbps
17467 ms [UE 30040] UL Throughput = 0.03237 Mbps
17467 ms [UE 42234] UL Throughput = 0.0 Mbps
17559 ms [UE 30040] UL Throughput = 0.06456 Mbps
17559 ms [UE 42234] UL Throughput = 0.07546 Mbps
17656 ms [UE 42234] UL Throughput = 0.0 Mbps
17741 ms [UE 30040] UL Throughput = 0.0 Mbps
17836 ms [UE 30040] UL Throughput = 0.0 Mbps
17836 ms [UE 42234] UL Throughput = 0.06641 Mbps
17918 ms [UE 30040] UL Throughput = 0.0 Mbps
17918 ms [UE 42234] UL Throughput = 0.094 Mbps
18007 ms [UE 30040] UL Throughput = 0.0 Mbps
18007 ms [UE 42234] UL Throughput = 0.0 Mbps
18123 ms [UE 30040] UL Throughput = 0.03598 Mbps
18124 ms [UE 30040] UL Throughput = 0.0 Mbps
18124 ms [UE 42234] UL Throughput = 0.0 Mbps
18225 ms [UE 30040] UL Throughput = 0.06134 Mbps
18225 ms [UE 42234] UL Throughput = 0.09427 Mbps
18332 ms [UE 30040] UL Throughput = 0.08799 Mbps
18336 ms [UE 30040] UL Throughput = 0.04654 Mbps
18336 ms [UE 42234] UL Throughput = 0.0 Mbps
18338 ms [UE 42234] UL Throughput = 0.0722 Mbps
18439 ms [UE 30040] UL Throughput = 0.0 Mbps
18439 ms [UE 42234] UL Throughput = 0.05669 Mbps
18553 ms [UE 30040] UL Throughput = 0.0668 Mbps
18553 ms [UE 42234] UL Throughput = 0.0 Mbps
18557 ms [UE 30040] UL Throughput = 0.0 Mbps
18558 ms [UE 30040] UL Throughput = 0.01728 Mbps
18558 ms [UE 42234] UL Throughput = 0.0 Mbps
18667 ms [UE 42234] UL Throughput = 0.0 Mbps
18741 ms [UE 30040] UL Throughput = 0.0 Mbps
18741 ms [UE 42234] UL Throughput = 0.01295 Mbps
18742 ms [UE 30040] UL Throughput = 0.0 Mbps
18742 ms [UE 42234] UL Throughput = 0.0 Mbps
18745 ms [UE 30040] UL Throughput = 0.04221 Mbps
18745 ms [UE 42234] UL Throughput = 0.0 Mbps
18840 ms [UE 30040] UL Throughput = 0.07672 Mbps
18840 ms [UE 42234] UL Throughput = 0.0 Mbps
18909 ms [UE 30040] UL Throughput = 0.07428 Mbps
18909 ms [UE 42234] UL Throughput = 0.13641 Mbps
18913 ms [UE 30040] UL Throughput = 0.0 Mbps
18913 ms [UE 42234] UL Throughput = 0.0549 Mbps
19008 ms [UE 42234] UL Throughput = 0.0 Mbps
19013 ms [UE 30040] UL Throughput = 0.08066 Mbps
19013 ms [UE 42234] UL Throughput = 0.04436 Mbps
19128 ms [UE 30040] UL Throughput = 0.04305 Mbps
19128 ms [UE 42234] UL Throughput = 0.02241 Mbps
19222 ms [UE 30040] UL Throughput = 0.09466 Mbps
19222 ms [UE 42234] UL Throughput = 0.0 Mbps
19227 ms [UE 30040] UL Throughput = 0.06918 Mbps
19227 ms [UE 42234] UL Throughput = 0.0 Mbps
19319 ms [UE 30040] UL Throughput = 0.0 Mbps
19319 ms [UE 42234] UL Throughput = 0.05948 Mbps
19396 ms [UE 30040] UL Throughput = 0.0 Mbps
19396 ms [UE 42234] UL Throughput = 0.09617 Mbps
19497 ms [UE 30040] UL Throughput = 0.01131 Mbps
19497 ms [UE 42234] UL Throughput = 0.01904 Mbps
19502 ms [UE 30040] UL Throughput = 0.0 Mbps
19502 ms [UE 42234] UL Throughput = 0.0 Mbps
19592 ms [UE 30040] UL Throughput = 0.0 Mbps
19592 ms [UE 42234] UL Throughput = 0.0 Mbps
19708 ms [UE 30040] UL Throughput = 0.0 Mbps
19708 ms [UE 42234] UL Throughput = 0.06389 Mbps
19793 ms [UE 30040] UL Throughput = 0.04882 Mbps
19793 ms [UE 42234] UL Throughput = 0.0 Mbps
19882 ms [UE 30040] UL Throughput = 0.0 Mbps
19882 ms [UE 42234] UL Throughput = 0.07912 Mbps
19974 ms [UE 30040] UL Throughput = 0.0 Mbps
19974 ms [UE 42234] UL Throughput = 0.0 Mbps
20068 ms [UE 42234] UL Throughput = 0.0 Mbps
20201 ms [UE 30040] UL Throughput = 0.0 Mbps
20201 ms [UE 42234] UL Throughput = 0.0 Mbps
20289 ms [UE 30040] UL Throughput = 0.0 Mbps
20289 ms [UE 42234] UL Throughput = 0.08002 Mbps
20419 ms [UE 30040] UL Throughput = 0.06658 Mbps
20419 ms [UE 42234] UL Throughput = 0.07628 Mbps
20527 ms [UE 42234] UL Throughput = 0.06415 Mbps
20529 ms [UE 30040] UL Throughput = 0.0949 Mbps
20529 ms [UE 42234] UL Throughput = 0.0 Mbps
20626 ms [UE 30040] UL Throughput = 0.0 Mbps
20626 ms [UE 42234] UL Throughput = 0.07289 Mbps
20699 ms [UE 30040] UL Throughput = 0.04179 Mbps
20699 ms [UE 42234] UL Throughput = 0.09733 Mbps
20701 ms [UE 30040] UL Throughput = 0.06323 Mbps
20701 ms [UE 42234] UL Throughput = 0.0 Mbps
20782 ms [UE 30040] UL Throughput = 0.01655 Mbps
20916 ms [UE 30040] UL Throughput = 0.09204 Mbps
20916 ms [UE 42234] UL Throughput = 0.0 Mbps
21006 ms [UE 30040] UL Throughput = 0.0 Mbps
21095 ms [UE 30040] UL Throughput = 0.0 Mbps
21095 ms [UE 42234] UL Throughput = 0.0 Mbps
21223 ms [UE 30040] UL Throughput = 0.07833 Mbps
21223 ms [UE 42234] UL Throughput = 0.02135 Mbps
21317 ms [UE 30040] UL Throughput = 0.0 Mbps
21317 ms [UE 42234] UL Throughput = 0.0 Mbps
21428 ms [UE 42234] UL Throughput = 0.0 Mbps
21545 ms [UE 30040] UL Throughput = 0.0 Mbps
21545 ms [UE 42234] UL Throughput = 0.0 Mbps
21642 ms [UE 42234] UL Throughput = 0.0 Mbps
21775 ms [UE 30040] UL Throughput = 0.06102 Mbps
21775 ms [UE 42234] UL Throughput = 0.0 Mbps
21855 ms [UE 30040] UL Throughput = 0.0 Mbps
21855 ms [UE 42234] UL Throughput = 0.0 Mbps
21858 ms [UE 30040] UL Throughput = 0.07608 Mbps
21858 ms [UE 42234] UL Throughput = 0.0 Mbps
21948 ms [UE 42234] UL Throughput = 0.04789 Mbps
21950 ms [UE 30040] UL Throughput = 0.05582 Mbps
21950 ms [UE 42234] UL Throughput = 0.02363 Mbps
22037 ms [UE 30040] UL Throughput = 0.0 Mbps
22037 ms [UE 42234] UL Throughput = 0.09278 Mbps
22116 ms [UE 30040] UL Throughput = 0.0 Mbps
22116 ms [UE 42234] UL Throughput = 0.0 Mbps
22235 ms [UE 30040] UL Throughput = 0.0 Mbps
22235 ms [UE 42234] UL Throughput = 0.05877 Mbps
22239 ms [UE 30040] UL Throughput = 0.0 Mbps
22239 ms [UE 42234] UL Throughput = 0.0 Mbps
22338 ms [UE 30040] UL Throughput = 0.09299 Mbps
22338 ms [UE 42234] UL Throughput = 0.05018 Mbps
22416 ms [UE 30040] UL Throughput = 0.0 Mbps
22416 ms [UE 42234] UL Throughput = 0.0 Mbps
22526 ms [UE 30040] UL Throughput = 0.04021 Mbps
22526 ms [UE 42234] UL Throughput = 0.0 Mbps
22631 ms [UE 30040] UL Throughput = 0.0 Mbps
22631 ms [UE 42234] UL Throughput = 0.06568 Mbps
22743 ms [UE 30040] UL Throughput = 0.0953 Mbps
22745 ms [UE 30040] UL Throughput = 0.0 Mbps
22745 ms [UE 42234] UL Throughput = 0.07846 Mbps
22749 ms [UE 30040] UL Throughput = 0.0 Mbps
22749 ms [UE 42234] UL Throughput = 0.0 Mbps
22752 ms [UE 30040] UL Throughput = 0.07378 Mbps
22752 ms [UE 42234] UL Throughput = 0.13511 Mbps
22861 ms [UE 30040] UL Throughput = 0.11165 Mbps
22861 ms [UE 42234] UL Throughput = 0.0 Mbps
22940 ms [UE 30040] UL Throughput = 0.09139 Mbps
22940 ms [UE 42234] UL Throughput = 0.05283 Mbps
22941 ms [UE 30040] UL Throughput = 0.02891 Mbps
22941 ms [UE 42234] UL Throughput = 0.01975 Mbps
22944 ms [UE 30040] UL Throughput = 0.0 Mbps
22944 ms [UE 42234] UL Throughput = 0.0 Mbps
23050 ms [UE 30040] UL Throughput = 0.0 Mbps
23050 ms [UE 42234] UL Throughput = 0.04886 Mbps
23168 ms [UE 30040] UL Throughput = 0.07348 Mbps
23168 ms [UE 42234] UL Throughput = 0.0 Mbps
23264 ms [UE 30040] UL Throughput = 0.02465 Mbps
23264 ms [UE 42234] UL Throughput = 0.09839 Mbps
23265 ms [UE 30040] UL Throughput = 0.06513 Mbps
23265 ms [UE 42234] UL Throughput = 0.0 Mbps
23359 ms [UE 30040] UL Throughput = 0.0 Mbps
23464 ms [UE 30040] UL Throughput = 0.05251 Mbps
23468 ms [UE 30040] UL Throughput = 0.0 Mbps
23468 ms [UE 42234] UL Throughput = 0.0 Mbps
23471 ms [UE 30040] UL Throughput = 0.01005 Mbps
23471 ms [UE 42234] UL Throughput = 0.0239 Mbps
23559 ms [UE 30040] UL Throughput = 0.04025 Mbps
23559 ms [UE 42234] UL Throughput = 0.06364 Mbps
23697 ms [UE 30040] UL Throughput = 0.0 Mbps
23697 ms [UE 42234] UL Throughput = 0.04337 Mbps
23810 ms [UE 30040] UL Throughput = 0.01752 Mbps
23919 ms [UE 30040] UL Throughput = 0.09851 Mbps
23919 ms [UE 42234] UL Throughput = 0.0 Mbps
24036 ms [UE 30040] UL Throughput = 0.04637 Mbps
24039 ms [UE 42234] UL Throughput = 0.06746 Mbps
24184 ms [UE 30040] UL Throughput = 0.0 Mbps
24184 ms [UE 42234] UL Throughput = 0.02189 Mbps
24286 ms [UE 30040] UL Throughput = 0.02895 Mbps
24286 ms [UE 42234] UL Throughput = 0.0 Mbps
24384 ms [UE 30040] UL Throughput = 0.10756 Mbps
24384 ms [UE 42234] UL Throughput = 0.0 Mbps
24485 ms [UE 30040] UL Throughput = 0.0 Mbps
24485 ms [UE 42234] UL Throughput = 0.01398 Mbps
24583 ms [UE 30040] UL Throughput = 0.07817 Mbps
24583 ms [UE 42234] UL Throughput = 0.0174 Mbps
24670 ms [UE 42234] UL Throughput = 0.0 Mbps
24673 ms [UE 30040] UL Throughput = 0.07817 Mbps
24673 ms [UE 42234] UL Throughput = 0.05112 Mbps
24784 ms [UE 30040] UL Throughput = 0.08879 Mbps
24784 ms [UE 42234] UL Throughput = 0.0 Mbps
24872 ms [UE 30040] UL Throughput = 0.0 Mbps
24872 ms [UE 42234] UL Throughput = 0.04257 Mbps
24985 ms [UE 30040] UL Throughput = 0.06229 Mbps
25100 ms [UE 30040] UL Throughput = 0.02794 Mbps
25100 ms [UE 42234] UL Throughput = 0.0 Mbps
25202 ms [UE 30040] UL Throughput = 0.0 Mbps
25202 ms [UE 42234] UL Throughput = 0.0 Mbps
25312 ms [UE 30040] UL Throughput = 0.0 Mbps
25312 ms [UE 42234] UL Throughput = 0.03738 Mbps
25465 ms [UE 30040] UL Throughput = 0.08359 Mbps
25465 ms [UE 42234] UL Throughput = 0.0 Mbps
25568 ms [UE 30040] UL Throughput = 0.0 Mbps
25568 ms [UE 42234] UL Throughput = 0.09849 Mbps
25574 ms [UE 30040] UL Throughput = 0.0 Mbps
25574 ms [UE 42234] UL Throughput = 0.0 Mbps
25660 ms [UE 30040] UL Throughput = 0.0 Mbps
25660 ms [UE 42234] UL Throughput = 0.09352 Mbps
25750 ms [UE 30040] UL Throughput = 0.074 Mbps
25855 ms [UE 30040] UL Throughput = 0.0 Mbps
25855 ms [UE 42234] UL Throughput = 0.03614 Mbps
25943 ms [UE 42234] UL Throughput = 0.07515 Mbps
26035 ms [UE 30040] UL Throughput = 0.03124 Mbps
26035 ms [UE 42234] UL Throughput = 0.0661 Mbps
26096 ms [UE 30040] UL Throughput = 0.0 Mbps
26096 ms [UE 42234] UL Throughput = 0.04269 Mbps
26178 ms [UE 30040] UL Throughput = 0.0 Mbps
26178 ms [UE 42234] UL Throughput = 0.0 Mbps
26181 ms [UE 42234] UL Throughput = 0.0 Mbps
26264 ms [UE 30040] UL Throughput = 0.0 Mbps
26264 ms [UE 42234] UL Throughput = 0.09572 Mbps
26359 ms [UE 30040] UL Throughput = 0.02803 Mbps
26359 ms [UE 42234] UL Throughput = 0.0 Mbps
26452 ms [UE 30040] UL Throughput = 0.09596 Mbps
26452 ms [UE 42234] UL Throughput = 0.05748 Mbps
26555 ms [UE 30040] UL Throughput = 0.0 Mbps
26555 ms [UE 42234] UL Throughput = 0.0 Mbps
26561 ms [UE 30040] UL Throughput = 0.0 Mbps
26561 ms [UE 42234] UL Throughput = 0.06872 Mbps
26643 ms [UE 30040] UL Throughput = 0.09885 Mbps
26643 ms [UE 42234] UL Throughput = 0.0 Mbps
26748 ms [UE 30040] UL Throughput = 0.0 Mbps
26748 ms [UE 42234] UL Throughput = 0.0323 Mbps
26836 ms [UE 30040] UL Throughput = 0.0 Mbps
26836 ms [UE 42234] UL Throughput = 0.05136 Mbps
26940 ms [UE 30040] UL Throughput = 0.0 Mbps
26940 ms [UE 42234] UL Throughput = 0.05741 Mbps
27040 ms [UE 42234] UL Throughput = 0.0 Mbps
27109 ms [UE 30040] UL Throughput = 0.08627 Mbps
27109 ms [UE 42234] UL Throughput = 0.09385 Mbps
27178 ms [UE 30040] UL Throughput = 0.0 Mbps
27178 ms [UE 42234] UL Throughput = 0.0 Mbps
27183 ms [UE 30040] UL Throughput = 0.0669 Mbps
27286 ms [UE 30040] UL Throughput = 0.06048 Mbps
27286 ms [UE 42234] UL Throughput = 0.03234 Mbps
27378 ms [UE 30040] UL Throughput = 0.0 Mbps
27378 ms [UE 42234] UL Throughput = 0.0 Mbps
27492 ms [UE 30040] UL Throughput = 0.0 Mbps
27492 ms [UE 42234] UL Throughput = 0.0 Mbps
27582 ms [UE 30040] UL Throughput = 0.08496 Mbps
27582 ms [UE 42234] UL Throughput = 0.0 Mbps
27588 ms [UE 30040] UL Throughput = 0.0 Mbps
27588 ms [UE 42234] UL Throughput = 0.0729 Mbps
27722 ms [UE 30040] UL Throughput = 0.06844 Mbps
27722 ms [UE 42234] UL Throughput = 0.0 Mbps
27830 ms [UE 30040] UL Throughput = 0.0 Mbps
27830 ms [UE 42234] UL Throughput = 0.0 Mbps
27930 ms [UE 42234] UL Throughput = 0.02679 Mbps
28021 ms [UE 30040] UL Throughput = 0.03528 Mbps
28025 ms [UE 30040] UL Throughput = 0.0 Mbps
28025 ms [UE 42234] UL Throughput = 0.0 Mbps
28137 ms [UE 30040] UL Throughput = 0.0 Mbps
28137 ms [UE 42234] UL Throughput = 0.0 Mbps
28140 ms [UE 30040] UL Throughput = 0.01059 Mbps
28261 ms [UE 30040] UL Throughput = 0.0 Mbps
28261 ms [UE 42234] UL Throughput = 0.02811 Mbps
28353 ms [UE 30040] UL Throughput = 0.0 Mbps
28353 ms [UE 42234] UL Throughput = 0.0 Mbps
28458 ms [UE 30040] UL Throughput = 0.08686 Mbps
28458 ms [UE 42234] UL Throughput = 0.0 Mbps
28563 ms [UE 30040] UL Throughput = 0.06555 Mbps
28563 ms [UE 42234] UL Throughput = 0.02992 Mbps
28672 ms [UE 30040] UL Throughput = 0.06445 Mbps
28672 ms [UE 42234] UL Throughput = 0.05816 Mbps
28673 ms [UE 30040] UL Throughput = 0.0 Mbps
28673 ms [UE 42234] UL Throughput = 0.05782 Mbps
28757 ms [UE 30040] UL Throughput = 0.0 Mbps
28757 ms [UE 42234] UL Throughput = 0.0 Mbps
28879 ms [UE 30040] UL Throughput = 0.0 Mbps
28960 ms [UE 30040] UL Throughput = 0.01729 Mbps
28960 ms [UE 42234] UL Throughput = 0.0 Mbps
29080 ms [UE 30040] UL Throughput = 0.0 Mbps
29080 ms [UE 42234] UL Throughput = 0.084 Mbps
29161 ms [UE 42234] UL Throughput = 0.0 Mbps
29247 ms [UE 30040] UL Throughput = 0.07415 Mbps
29247 ms [UE 42234] UL Throughput = 0.0 Mbps
29356 ms [UE 30040] UL Throughput = 0.0 Mbps
29356 ms [UE 42234] UL Throughput = 0.07274 Mbps
29458 ms [UE 30040] UL Throughput = 0.0 Mbps
29463 ms [UE 30040] UL Throughput = 0.09557 Mbps
29560 ms [UE 30040] UL Throughput = 0.0 Mbps
29659 ms [UE 30040] UL Throughput = 0.02717 Mbps
29659 ms [UE 42234] UL Throughput = 0.09042 Mbps
29765 ms [UE 30040] UL Throughput = 0.0 Mbps
29845 ms [UE 30040] UL Throughput = 0.06215 Mbps
29845 ms [UE 42234] UL Throughput = 0.07165 Mbps
29925 ms [UE 30040] UL Throughput = 0.0 Mbps
29925 ms [UE 42234] UL Throughput = 0.03664 Mbps
29992 ms [UE 30040] UL Throughput = 0.02809 Mbps
29992 ms [UE 42234] UL Throughput = 0.0 Mbps
30089 ms [UE 42234] UL Throughput = 0.0 Mbps
30215 ms [UE 30040] UL Throughput = 0.01598 Mbps
30215 ms [UE 42234] UL Throughput = 0.0 Mbps
30217 ms [UE 30040] UL Throughput = 0.0 Mbps
30217 ms [UE 42234] UL Throughput = 0.0 Mbps
30296 ms [UE 30040] UL Throughput = 0.0 Mbps
30393 ms [UE 30040] UL Throughput = 0.0221 Mbps
30393 ms [UE 42234] UL Throughput = 0.0497 Mbps
30466 ms [UE 30040] UL Throughput = 0.04147 Mbps
30466 ms [UE 42234] UL Throughput = 0.0 Mbps
30577 ms [UE 30040] UL Throughput = 0.03163 Mbps
30577 ms [UE 42234] UL Throughput = 0.0 Mbps
30685 ms [UE 30040] UL Throughput = 0.06668 Mbps
30685 ms [UE 42234] UL Throughput = 0.01456 Mbps
30792 ms [UE 30040] UL Throughput = 0.06286 Mbps
30792 ms [UE 42234] UL Throughput = 0.01311 Mbps
30869 ms [UE 30040] UL Throughput = 0.01801 Mbps
30869 ms [UE 42234] UL Throughput = 0.04773 Mbps
30990 ms [UE 30040] UL Throughput = 0.01081 Mbps
30990 ms [UE 42234] UL Throughput = 0.0 Mbps
31098 ms [UE 30040] UL Throughput = 0.07009 Mbps
31098 ms [UE 42234] UL Throughput = 0.0 Mbps
31208 ms [UE 30040] UL Throughput = 0.0 Mbps
31208 ms [UE 42234] UL Throughput = 0.0 Mbps
31303 ms [UE 42234] UL Throughput = 0.08803 Mbps
31377 ms [UE 30040] UL Throughput = 0.0 Mbps
31380 ms [UE 30040] UL Throughput = 0.11437 Mbps
31380 ms [UE 42234] UL Throughput = 0.0 Mbps
31464 ms [UE 30040] UL Throughput = 0.03938 Mbps
31464 ms [UE 42234] UL Throughput = 0.0 Mbps
31575 ms [UE 42234] UL Throughput = 0.0 Mbps
31650 ms [UE 42234] UL Throughput = 0.0 Mbps
31762 ms [UE 30040] UL Throughput = 0.04629 Mbps
31762 ms [UE 42234] UL Throughput = 0.06323 Mbps
31869 ms [UE 30040] UL Throughput = 0.03401 Mbps
31869 ms [UE 42234] UL Throughput = 0.0 Mbps
31961 ms [UE 30040] UL Throughput = 0.0 Mbps
31961 ms [UE 42234] UL Throughput = 0.02508 Mbps
32062 ms [UE 30040] UL Throughput = 0.05251 Mbps
32062 ms [UE 42234] UL Throughput = 0.0 Mbps
32142 ms [UE 30040] UL Throughput = 0.0 Mbps
32142 ms [UE 42234] UL Throughput = 0.0 Mbps
32246 ms [UE 30040] UL Throughput = 0.0 Mbps
32246 ms [UE 42234] UL Throughput = 0.01102 Mbps
32374 ms [UE 30040] UL Throughput = 0.09348 Mbps
32374 ms [UE 42234] UL Throughput = 0.0 Mbps
32439 ms [UE 30040] UL Throughput = 0.01275 Mbps
32439 ms [UE 42234] UL Throughput = 0.0 Mbps
32520 ms [UE 30040] UL Throughput = 0.05125 Mbps
32520 ms [UE 42234] UL Throughput = 0.06037 Mbps
32524 ms [UE 30040] UL Throughput = 0.0 Mbps
32524 ms [UE 42234] UL Throughput = 0.0 Mbps
32621 ms [UE 42234] UL Throughput = 0.01112 Mbps
32622 ms [UE 30040] UL Throughput = 0.0 Mbps
32706 ms [UE 30040] UL Throughput = 0.09318 Mbps
32706 ms [UE 42234] UL Throughput = 0.09467 Mbps
32801 ms [UE 30040] UL Throughput = 0.0 Mbps
32801 ms [UE 42234] UL Throughput = 0.08601 Mbps
32906 ms [UE 30040] UL Throughput = 0.03637 Mbps
32968 ms [UE 30040] UL Throughput = 0.12802 Mbps
32968 ms [UE 42234] UL Throughput = 0.0 Mbps
33066 ms [UE 30040] UL Throughput = 0.0 Mbps
33066 ms [UE 42234] UL Throughput = 0.0 Mbps
33184 ms [UE 30040] UL Throughput = 0.10031 Mbps
33184 ms [UE 42234] UL Throughput = 0.0 Mbps
33290 ms [UE 30040] UL Throughput = 0.04767 Mbps
33290 ms [UE 42234] UL Throughput = 0.07759 Mbps
33395 ms [UE 30040] UL Throughput = 0.0786 Mbps
33395 ms [UE 42234] UL Throughput = 0.01929 Mbps
33502 ms [UE 30040] UL Throughput = 0.0 Mbps
33622 ms [UE 42234] UL Throughput = 0.07738 Mbps
33715 ms [UE 30040] UL Throughput = 0.0 Mbps
33715 ms [UE 42234] UL Throughput = 0.01633 Mbps
33796 ms [UE 30040] UL Throughput = 0.09705 Mbps
33796 ms [UE 42234] UL Throughput = 0.0 Mbps
33890 ms [UE 30040] UL Throughput = 0.0 Mbps
33890 ms [UE 42234] UL Throughput = 0.0 Mbps
33999 ms [UE 30040] UL Throughput = 0.01318 Mbps
33999 ms [UE 42234] UL Throughput = 0.0389 Mbps
34110 ms [UE 30040] UL Throughput = 0.0 Mbps
34110 ms [UE 42234] UL Throughput = 0.0 Mbps
34203 ms [UE 30040] UL Throughput = 0.03043 Mbps
34208 ms [UE 30040] UL Throughput = 0.0 Mbps
34208 ms [UE 42234] UL Throughput = 0.0 Mbps
34209 ms [UE 30040] UL Throughput = 0.14133 Mbps
34209 ms [UE 42234] UL Throughput = 0.02205 Mbps
34292 ms [UE 30040] UL Throughput = 0.03096 Mbps
34292 ms [UE 42234] UL Throughput = 0.04486 Mbps
34397 ms [UE 30040] UL Throughput = 0.0 Mbps
34397 ms [UE 42234] UL Throughput = 0.0 Mbps
34480 ms [UE 30040] UL Throughput = 0.02316 Mbps
34486 ms [UE 30040] UL Throughput = 0.0 Mbps
34486 ms [UE 42234] UL Throughput = 0.0 Mbps
34567 ms [UE 30040] UL Throughput = 0.0 Mbps
34567 ms [UE 42234] UL Throughput = 0.0 Mbps
34569 ms [UE 30040] UL Throughput = 0.0 Mbps
34569 ms [UE 42234] UL Throughput = 0.0 Mbps
34676 ms [UE 42234] UL Throughput = 0.0 Mbps
34677 ms [UE 42234] UL Throughput = 0.0 Mbps
34682 ms [UE 42234] UL Throughput = 0.0 Mbps
34768 ms [UE 30040] UL Throughput = 0.0 Mbps
34857 ms [UE 30040] UL Throughput = 0.02773 Mbps
34862 ms [UE 42234] UL Throughput = 0.0 Mbps
34941 ms [UE 30040] UL Throughput = 0.0547 Mbps
34941 ms [UE 42234] UL Throughput = 0.05337 Mbps
35035 ms [UE 30040] UL Throughput = 0.09175 Mbps
35035 ms [UE 42234] UL Throughput = 0.0 Mbps
35132 ms [UE 42234] UL Throughput = 0.0 Mbps
35224 ms [UE 30040] UL Throughput = 0.0 Mbps
35224 ms [UE 42234] UL Throughput = 0.0 Mbps
35328 ms [UE 30040] UL Throughput = 0.0 Mbps
35334 ms [UE 30040] UL Throughput = 0.11724 Mbps
35334 ms [UE 42234] UL Throughput = 0.0 Mbps
35410 ms [UE 30040] UL Throughput = 0.08073 Mbps
35410 ms [UE 42234] UL Throughput = 0.0 Mbps
35499 ms [UE 42234] UL Throughput = 0.0 Mbps
35594 ms [UE 30040] UL Throughput = 0.04267 Mbps
35594 ms [UE 42234] UL Throughput = 0.0 Mbps
35695 ms [UE 30040] UL Throughput = 0.01663 Mbps
35695 ms [UE 42234] UL Throughput = 0.0 Mbps
35775 ms [UE 30040] UL Throughput = 0.0 Mbps
35775 ms [UE 42234] UL Throughput = 0.0 Mbps
35866 ms [UE 30040] UL Throughput = 0.0 Mbps
35964 ms [UE 30040] UL Throughput = 0.0 Mbps
35964 ms [UE 42234] UL Throughput = 0.08915 Mbps
36085 ms [UE 30040] UL Throughput = 0.06286 Mbps
36168 ms [UE 30040] UL Throughput = 0.05136 Mbps
36168 ms [UE 42234] UL Throughput = 0.0 Mbps
36266 ms [UE 30040] UL Throughput = 0.0 Mbps
36266 ms [UE 42234] UL Throughput = 0.0 Mbps
36374 ms [UE 30040] UL Throughput = 0.06096 Mbps
36374 ms [UE 42234] UL Throughput = 0.0 Mbps
36502 ms [UE 30040] UL Throughput = 0.0 Mbps
36573 ms [UE 30040] UL Throughput = 0.0 Mbps
36573 ms [UE 42234] UL Throughput = 0.0 Mbps
36675 ms [UE 30040] UL Throughput = 0.04422 Mbps
36675 ms [UE 42234] UL Throughput = 0.03542 Mbps
36760 ms [UE 30040] UL Throughput = 0.08643 Mbps
36760 ms [UE 42234] UL Throughput = 0.0 Mbps
36818 ms [UE 30040] UL Throughput = 0.0 Mbps
36818 ms [UE 42234] UL Throughput = 0.04962 Mbps
36819 ms [UE 42234] UL Throughput = 0.08152 Mbps
36929 ms [UE 30040] UL Throughput = 0.03721 Mbps
36929 ms [UE 42234] UL Throughput = 0.08715 Mbps
37030 ms [UE 30040] UL Throughput = 0.05833 Mbps
37030 ms [UE 42234] UL Throughput = 0.08417 Mbps
37036 ms [UE 30040] UL Throughput = 0.0749 Mbps
37036 ms [UE 42234] UL Throughput = 0.0 Mbps
37037 ms [UE 30040] UL Throughput = 0.0 Mbps
37037 ms [UE 42234] UL Throughput = 0.03305 Mbps
37136 ms [UE 30040] UL Throughput = 0.0 Mbps
37136 ms [UE 42234] UL Throughput = 0.0 Mbps
37257 ms [UE 42234] UL Throughput = 0.0 Mbps
37364 ms [UE 30040] UL Throughput = 0.0601 Mbps
37364 ms [UE 42234] UL Throughput = 0.0 Mbps
37477 ms [UE 30040] UL Throughput = 0.0 Mbps
37477 ms [UE 42234] UL Throughput = 0.03813 Mbps
37559 ms [UE 30040] UL Throughput = 0.0 Mbps
37559 ms [UE 42234] UL Throughput = 0.0 Mbps
37651 ms [UE 30040] UL Throughput = 0.0 Mbps
37654 ms [UE 30040] UL Throughput = 0.06568 Mbps
37654 ms [UE 42234] UL Throughput = 0.01476 Mbps
37749 ms [UE 30040] UL Throughput = 0.0 Mbps
37858 ms [UE 30040] UL Throughput = 0.051 Mbps
37858 ms [UE 42234] UL Throughput = 0.0 Mbps
37984 ms [UE 30040] UL Throughput = 0.0192 Mbps
37984 ms [UE 42234] UL Throughput = 0.04149 Mbps
37985 ms [UE 30040] UL Throughput = 0.0 Mbps
37985 ms [UE 42234] UL Throughput = 0.09015 Mbps
37991 ms [UE 30040] UL Throughput = 0.06908 Mbps
38080 ms [UE 30040] UL Throughput = 0.06979 Mbps
38080 ms [UE 42234] UL Throughput = 0.09441 Mbps
38177 ms [UE 30040] UL Throughput = 0.05231 Mbps
38177 ms [UE 42234] UL Throughput = 0.04473 Mbps
38179 ms [UE 30040] UL Throughput = 0.0 Mbps
38179 ms [UE 42234] UL Throughput = 0.0 Mbps
38289 ms [UE 30040] UL Throughput = 0.08819 Mbps
38289 ms [UE 42234] UL Throughput = 0.0454 Mbps
38383 ms [UE 30040] UL Throughput = 0.0 Mbps
38383 ms [UE 42234] UL Throughput = 0.0 Mbps
38493 ms [UE 30040] UL Throughput = 0.10444 Mbps
38493 ms [UE 42234] UL Throughput = 0.0 Mbps
38562 ms [UE 42234] UL Throughput = 0.0 Mbps
38671 ms [UE 30040] UL Throughput = 0.07581 Mbps
38671 ms [UE 42234] UL Throughput = 0.0 Mbps
38795 ms [UE 30040] UL Throughput = 0.08969 Mbps
38795 ms [UE 42234] UL Throughput = 0.12267 Mbps
38799 ms [UE 30040] UL Throughput = 0.09804 Mbps
38799 ms [UE 42234] UL Throughput = 0.04263 Mbps
38804 ms [UE 30040] UL Throughput = 0.10587 Mbps
38804 ms [UE 42234] UL Throughput = 0.09198 Mbps
38939 ms [UE 30040] UL Throughput = 0.06174 Mbps
38939 ms [UE 42234] UL Throughput = 0.06022 Mbps
39028 ms [UE 30040] UL Throughput = 0.0 Mbps
39028 ms [UE 42234] UL Throughput = 0.13273 Mbps
39131 ms [UE 30040] UL Throughput = 0.0 Mbps
39131 ms [UE 42234] UL Throughput = 0.03486 Mbps
39229 ms [UE 30040] UL Throughput = 0.0154 Mbps
39229 ms [UE 42234] UL Throughput = 0.05479 Mbps
39230 ms [UE 30040] UL Throughput = 0.0 Mbps
39230 ms [UE 42234] UL Throughput = 0.0284 Mbps
39236 ms [UE 30040] UL Throughput = 0.07556 Mbps
39236 ms [UE 42234] UL Throughput = 0.0 Mbps
39343 ms [UE 30040] UL Throughput = 0.08389 Mbps
39343 ms [UE 42234] UL Throughput = 0.0 Mbps
39464 ms [UE 42234] UL Throughput = 0.08112 Mbps
39574 ms [UE 30040] UL Throughput = 0.0 Mbps
39574 ms [UE 42234] UL Throughput = 0.0 Mbps
39654 ms [UE 30040] UL Throughput = 0.02822 Mbps
39654 ms [UE 42234] UL Throughput = 0.07593 Mbps
39730 ms [UE 30040] UL Throughput = 0.04213 Mbps
39730 ms [UE 42234] UL Throughput = 0.0 Mbps
39825 ms [UE 30040] UL Throughput = 0.0 Mbps
39825 ms [UE 42234] UL Throughput = 0.0 Mbps
39956 ms [UE 30040] UL Throughput = 0.02111 Mbps
39956 ms [UE 42234] UL Throughput = 0.08981 Mbps
40075 ms [UE 30040] UL Throughput = 0.0 Mbps
40075 ms [UE 42234] UL Throughput = 0.02979 Mbps
40162 ms [UE 30040] UL Throughput = 0.01127 Mbps
40162 ms [UE 42234] UL Throughput = 0.08874 Mbps
40278 ms [UE 30040] UL Throughput = 0.09715 Mbps
40278 ms [UE 42234] UL Throughput = 0.0 Mbps
40379 ms [UE 30040] UL Throughput = 0.0 Mbps
40379 ms [UE 42234] UL Throughput = 0.16108 Mbps
40384 ms [UE 30040] UL Throughput = 0.09954 Mbps
40384 ms [UE 42234] UL Throughput = 0.01736 Mbps
40473 ms [UE 30040] UL Throughput = 0.0 Mbps
40547 ms [UE 30040] UL Throughput = 0.0 Mbps
40547 ms [UE 42234] UL Throughput = 0.02346 Mbps
40629 ms [UE 30040] UL Throughput = 0.09796 Mbps
40629 ms [UE 42234] UL Throughput = 0.02392 Mbps
40727 ms [UE 30040] UL Throughput = 0.02903 Mbps
40727 ms [UE 42234] UL Throughput = 0.0 Mbps
40835 ms [UE 30040] UL Throughput = 0.0122 Mbps
40835 ms [UE 42234] UL Throughput = 0.086 Mbps
40950 ms [UE 42234] UL Throughput = 0.0 Mbps
40955 ms [UE 30040] UL Throughput = 0.05972 Mbps
40955 ms [UE 42234] UL Throughput = 0.0 Mbps
41057 ms [UE 30040] UL Throughput = 0.0 Mbps
41057 ms [UE 42234] UL Throughput = 0.0 Mbps
41141 ms [UE 30040] UL Throughput = 0.03311 Mbps
41141 ms [UE 42234] UL Throughput = 0.05072 Mbps
41217 ms [UE 30040] UL Throughput = 0.04198 Mbps
41217 ms [UE 42234] UL Throughput = 0.06972 Mbps
41316 ms [UE 30040] UL Throughput = 0.05584 Mbps
41316 ms [UE 42234] UL Throughput = 0.0 Mbps
41415 ms [UE 30040] UL Throughput = 0.0 Mbps
41415 ms [UE 42234] UL Throughput = 0.0 Mbps
41505 ms [UE 30040] UL Throughput = 0.0 Mbps
41505 ms [UE 42234] UL Throughput = 0.03023 Mbps
41618 ms [UE 42234] UL Throughput = 0.07681 Mbps
41709 ms [UE 30040] UL Throughput = 0.0 Mbps
41709 ms [UE 42234] UL Throughput = 0.0106 Mbps
41808 ms [UE 30040] UL Throughput = 0.0 Mbps
41808 ms [UE 42234] UL Throughput = 0.09676 Mbps
41893 ms [UE 30040] UL Throughput = 0.0 Mbps
41893 ms [UE 42234] UL Throughput = 0.0 Mbps
41983 ms [UE 30040] UL Throughput = 0.0 Mbps
41983 ms [UE 42234] UL Throughput = 0.07557 Mbps
42078 ms [UE 30040] UL Throughput = 0.0 Mbps
42078 ms [UE 42234] UL Throughput = 0.0 Mbps
42196 ms [UE 42234] UL Throughput = 0.0 Mbps
42303 ms [UE 30040] UL Throughput = 0.0 Mbps
42303 ms [UE 42234] UL Throughput = 0.09353 Mbps
42412 ms [UE 30040] UL Throughput = 0.09546 Mbps
42412 ms [UE 42234] UL Throughput = 0.0 Mbps
42522 ms [UE 42234] UL Throughput = 0.0 Mbps
42526 ms [UE 30040] UL Throughput = 0.0 Mbps
42526 ms [UE 42234] UL Throughput = 0.03848 Mbps
42621 ms [UE 30040] UL Throughput = 0.07511 Mbps
42706 ms [UE 30040] UL Throughput = 0.05907 Mbps
42706 ms [UE 42234] UL Throughput = 0.0 Mbps
42793 ms [UE 42234] UL Throughput = 0.0 Mbps
42795 ms [UE 30040] UL Throughput = 0.06085 Mbps
42795 ms [UE 42234] UL Throughput = 0.06973 Mbps
42888 ms [UE 30040] UL Throughput = 0.01885 Mbps
42888 ms [UE 42234] UL Throughput = 0.0 Mbps
42977 ms [UE 30040] UL Throughput = 0.07957 Mbps
42977 ms [UE 42234] UL Throughput = 0.0 Mbps
43067 ms [UE 30040] UL Throughput = 0.01378 Mbps
43067 ms [UE 42234] UL Throughput = 0.0 Mbps
43164 ms [UE 30040] UL Throughput = 0.0 Mbps
43164 ms [UE 42234] UL Throughput = 0.11265 Mbps
43267 ms [UE 42234] UL Throughput = 0.07877 Mbps
43378 ms [UE 30040] UL Throughput = 0.16577 Mbps
43378 ms [UE 42234] UL Throughput = 0.0 Mbps
43472 ms [UE 30040] UL Throughput = 0.09729 Mbps
43472 ms [UE 42234] UL Throughput = 0.0 Mbps
43574 ms [UE 30040] UL Throughput = 0.08112 Mbps
43574 ms [UE 42234] UL Throughput = 0.07107 Mbps
43580 ms [UE 30040] UL Throughput = 0.07328 Mbps
43663 ms [UE 30040] UL Throughput = 0.0 Mbps
43669 ms [UE 42234] UL Throughput = 0.0 Mbps
43789 ms [UE 30040] UL Throughput = 0.06822 Mbps
43789 ms [UE 42234] UL Throughput = 0.07137 Mbps
43907 ms [UE 30040] UL Throughput = 0.04406 Mbps
43907 ms [UE 42234] UL Throughput = 0.0 Mbps
44009 ms [UE 42234] UL Throughput = 0.07528 Mbps
44015 ms [UE 30040] UL Throughput = 0.0 Mbps
44015 ms [UE 42234] UL Throughput = 0.08184 Mbps
44108 ms [UE 30040] UL Throughput = 0.0 Mbps
44108 ms [UE 42234] UL Throughput = 0.0 Mbps
44112 ms [UE 30040] UL Throughput = 0.07392 Mbps
44112 ms [UE 42234] UL Throughput = 0.0 Mbps
44231 ms [UE 30040] UL Throughput = 0.10722 Mbps
44231 ms [UE 42234] UL Throughput = 0.0 Mbps
44322 ms [UE 30040] UL Throughput = 0.0 Mbps
44322 ms [UE 42234] UL Throughput = 0.0 Mbps
44403 ms [UE 30040] UL Throughput = 0.09541 Mbps
44403 ms [UE 42234] UL Throughput = 0.0 Mbps
44505 ms [UE 30040] UL Throughput = 0.0 Mbps
44505 ms [UE 42234] UL Throughput = 0.07621 Mbps
44591 ms [UE 30040] UL Throughput = 0.0 Mbps
44591 ms [UE 42234] UL Throughput = 0.0 Mbps
44684 ms [UE 30040] UL Throughput = 0.0 Mbps
44789 ms [UE 30040] UL Throughput = 0.0 Mbps
44892 ms [UE 30040] UL Throughput = 0.02621 Mbps
44892 ms [UE 42234] UL Throughput = 0.0 Mbps
44969 ms [UE 42234] UL Throughput = 0.10858 Mbps
44970 ms [UE 30040] UL Throughput = 0.0 Mbps
44970 ms [UE 42234] UL Throughput = 0.08337 Mbps
45071 ms [UE 42234] UL Throughput = 0.0 Mbps
45173 ms [UE 30040] UL Throughput = 0.01869 Mbps
45173 ms [UE 42234] UL Throughput = 0.0 Mbps
45177 ms [UE 30040] UL Throughput = 0.05949 Mbps
45177 ms [UE 42234] UL Throughput = 0.06702 Mbps
45282 ms [UE 30040] UL Throughput = 0.0 Mbps
45282 ms [UE 42234] UL Throughput = 0.0 Mbps
45380 ms [UE 30040] UL Throughput = 0.0 Mbps
45380 ms [UE 42234] UL Throughput = 0.02505 Mbps
45468 ms [UE 30040] UL Throughput = 0.0 Mbps
45468 ms [UE 42234] UL Throughput = 0.0606 Mbps
45554 ms [UE 30040] UL Throughput = 0.07282 Mbps
45554 ms [UE 42234] UL Throughput = 0.19269 Mbps
45559 ms [UE 30040] UL Throughput = 0.04777 Mbps
45559 ms [UE 42234] UL Throughput = 0.05879 Mbps
45649 ms [UE 30040] UL Throughput = 0.07441 Mbps
45649 ms [UE 42234] UL Throughput = 0.11996 Mbps
45755 ms [UE 30040] UL Throughput = 0.0 Mbps
45755 ms [UE 42234] UL Throughput = 0.0 Mbps
45842 ms [UE 30040] UL Throughput = 0.06155 Mbps
45842 ms [UE 42234] UL Throughput = 0.0 Mbps
45931 ms [UE 30040] UL Throughput = 0.03789 Mbps
45931 ms [UE 42234] UL Throughput = 0.0 Mbps
45936 ms [UE 30040] UL Throughput = 0.04866 Mbps
45936 ms [UE 42234] UL Throughput = 0.04031 Mbps
46009 ms [UE 42234] UL Throughput = 0.05081 Mbps
46104 ms [UE 30040] UL Throughput = 0.0 Mbps
46104 ms [UE 42234] UL Throughput = 0.0 Mbps
46193 ms [UE 30040] UL Throughput = 0.126 Mbps
46193 ms [UE 42234] UL Throughput = 0.05813 Mbps
46277 ms [UE 42234] UL Throughput = 0.0 Mbps
46279 ms [UE 30040] UL Throughput = 0.0 Mbps
46279 ms [UE 42234] UL Throughput = 0.10414 Mbps
46373 ms [UE 30040] UL Throughput = 0.02671 Mbps
46373 ms [UE 42234] UL Throughput = 0.0 Mbps
46468 ms [UE 30040] UL Throughput = 0.09545 Mbps
46468 ms [UE 42234] UL Throughput = 0.09501 Mbps
46547 ms [UE 42234] UL Throughput = 0.07389 Mbps
46651 ms [UE 42234] UL Throughput = 0.0 Mbps
46769 ms [UE 30040] UL Throughput = 0.0 Mbps
46769 ms [UE 42234] UL Throughput = 0.0 Mbps
46845 ms [UE 30040] UL Throughput = 0.0 Mbps
46845 ms [UE 42234] UL Throughput = 0.0784 Mbps
46947 ms [UE 30040] UL Throughput = 0.06264 Mbps
47059 ms [UE 30040] UL Throughput = 0.0 Mbps
47065 ms [UE 30040] UL Throughput = 0.0 Mbps
47065 ms [UE 42234] UL Throughput = 0.01262 Mbps
47066 ms [UE 30040] UL Throughput = 0.0 Mbps
47066 ms [UE 42234] UL Throughput = 0.0 Mbps
47068 ms [UE 30040] UL Throughput = 0.0 Mbps
47068 ms [UE 42234] UL Throughput = 0.0651 Mbps
47177 ms [UE 30040] UL Throughput = 0.0 Mbps
47261 ms [UE 42234] UL Throughput = 0.01237 Mbps
47380 ms [UE 30040] UL Throughput = 0.07581 Mbps
47380 ms [UE 42234] UL Throughput = 0.0 Mbps
47453 ms [UE 30040] UL Throughput = 0.0 Mbps
47541 ms [UE 30040] UL Throughput = 0.06563 Mbps
47541 ms [UE 42234] UL Throughput = 0.06207 Mbps
47636 ms [UE 30040] UL Throughput = 0.0 Mbps
47636 ms [UE 42234] UL Throughput = 0.0 Mbps
47731 ms [UE 30040] UL Throughput = 0.08216 Mbps
47731 ms [UE 42234] UL Throughput = 0.0 Mbps
47808 ms [UE 30040] UL Throughput = 0.0 Mbps
47808 ms [UE 42234] UL Throughput = 0.0 Mbps
47897 ms [UE 30040] UL Throughput = 0.0 Mbps
47897 ms [UE 42234] UL Throughput = 0.0 Mbps
48014 ms [UE 30040] UL Throughput = 0.02144 Mbps
48014 ms [UE 42234] UL Throughput = 0.0 Mbps
48015 ms [UE 30040] UL Throughput = 0.09007 Mbps
48015 ms [UE 42234] UL Throughput = 0.0683 Mbps
48108 ms [UE 30040] UL Throughput = 0.08864 Mbps
48108 ms [UE 42234] UL Throughput = 0.04863 Mbps
48114 ms [UE 42234] UL Throughput = 0.0346 Mbps
48118 ms [UE 30040] UL Throughput = 0.0 Mbps
48213 ms [UE 30040] UL Throughput = 0.02173 Mbps
48213 ms [UE 42234] UL Throughput = 0.0278 Mbps
48330 ms [UE 30040] UL Throughput = 0.0 Mbps
48330 ms [UE 42234] UL Throughput = 0.11505 Mbps
48415 ms [UE 30040] UL Throughput = 0.0 Mbps
48415 ms [UE 42234] UL Throughput = 0.0 Mbps
48521 ms [UE 30040] UL Throughput = 0.08915 Mbps
48521 ms [UE 42234] UL Throughput = 0.0 Mbps
48525 ms [UE 30040] UL Throughput = 0.18686 Mbps
48525 ms [UE 42234] UL Throughput = 0.03666 Mbps
48597 ms [UE 30040] UL Throughput = 0.0 Mbps
48597 ms [UE 42234] UL Throughput = 0.0 Mbps
48698 ms [UE 30040] UL Throughput = 0.17054 Mbps
48698 ms [UE 42234] UL Throughput = 0.11464 Mbps
48807 ms [UE 30040] UL Throughput = 0.04808 Mbps
48807 ms [UE 42234] UL Throughput = 0.02413 Mbps
48884 ms [UE 30040] UL Throughput = 0.0 Mbps
48884 ms [UE 42234] UL Throughput = 0.01537 Mbps
48975 ms [UE 30040] UL Throughput = 0.0 Mbps
48975 ms [UE 42234] UL Throughput = 0.0 Mbps
49067 ms [UE 30040] UL Throughput = 0.0495 Mbps
49067 ms [UE 42234] UL Throughput = 0.02147 Mbps
49179 ms [UE 30040] UL Throughput = 0.02164 Mbps
49179 ms [UE 42234] UL Throughput = 0.0 Mbps
49298 ms [UE 30040] UL Throughput = 0.0 Mbps
49298 ms [UE 42234] UL Throughput = 0.0 Mbps
49407 ms [UE 30040] UL Throughput = 0.07591 Mbps
49407 ms [UE 42234] UL Throughput = 0.0 Mbps
49522 ms [UE 30040] UL Throughput = 0.0 Mbps
49522 ms [UE 42234] UL Throughput = 0.0 Mbps
49612 ms [UE 30040] UL Throughput = 0.07226 Mbps
49612 ms [UE 42234] UL Throughput = 0.05673 Mbps
49709 ms [UE 30040] UL Throughput = 0.07333 Mbps
49709 ms [UE 42234] UL Throughput = 0.0737 Mbps
49809 ms [UE 42234] UL Throughput = 0.06709 Mbps
49896 ms [UE 30040] UL Throughput = 0.0 Mbps
49898 ms [UE 30040] UL Throughput = 0.09323 Mbps
49898 ms [UE 42234] UL Throughput = 0.0 Mbps
49993 ms [UE 30040] UL Throughput = 0.07448 Mbps
49993 ms [UE 42234] UL Throughput = 0.0 Mbps
50108 ms [UE 42234] UL Throughput = 0.08038 Mbps
50185 ms [UE 30040] UL Throughput = 0.0 Mbps
50185 ms [UE 42234] UL Throughput = 0.06185 Mbps
50285 ms [UE 30040] UL Throughput = 0.0248 Mbps
50285 ms [UE 42234] UL Throughput = 0.02393 Mbps
50396 ms [UE 30040] UL Throughput = 0.0 Mbps
50396 ms [UE 42234] UL Throughput = 0.05678 Mbps
50481 ms [UE 30040] UL Throughput = 0.0 Mbps
50481 ms [UE 42234] UL Throughput = 0.0 Mbps
50565 ms [UE 30040] UL Throughput = 0.08531 Mbps
50565 ms [UE 42234] UL Throughput = 0.0 Mbps
50662 ms [UE 30040] UL Throughput = 0.01795 Mbps
50662 ms [UE 42234] UL Throughput = 0.04438 Mbps
50665 ms [UE 30040] UL Throughput = 0.0 Mbps
50665 ms [UE 42234] UL Throughput = 0.06113 Mbps
50774 ms [UE 30040] UL Throughput = 0.0156 Mbps
50774 ms [UE 42234] UL Throughput = 0.02369 Mbps
50885 ms [UE 30040] UL Throughput = 0.07859 Mbps
50993 ms [UE 30040] UL Throughput = 0.0643 Mbps
50993 ms [UE 42234] UL Throughput = 0.0 Mbps
51091 ms [UE 30040] UL Throughput = 0.06286 Mbps
51091 ms [UE 42234] UL Throughput = 0.0 Mbps
51222 ms [UE 30040] UL Throughput = 0.05494 Mbps
51222 ms [UE 42234] UL Throughput = 0.09627 Mbps
51336 ms [UE 30040] UL Throughput = 0.0 Mbps
51336 ms [UE 42234] UL Throughput = 0.05792 Mbps
51444 ms [UE 30040] UL Throughput = 0.0 Mbps
51444 ms [UE 42234] UL Throughput = 0.0 Mbps
51445 ms [UE 30040] UL Throughput = 0.05987 Mbps
51445 ms [UE 42234] UL Throughput = 0.04939 Mbps
51521 ms [UE 30040] UL Throughput = 0.01569 Mbps
51635 ms [UE 30040] UL Throughput = 0.0 Mbps
51635 ms [UE 42234] UL Throughput = 0.0 Mbps
51641 ms [UE 30040] UL Throughput = 0.04019 Mbps
51641 ms [UE 42234] UL Throughput = 0.07079 Mbps
51739 ms [UE 30040] UL Throughput = 0.03834 Mbps
51739 ms [UE 42234] UL Throughput = 0.0 Mbps
51742 ms [UE 30040] UL Throughput = 0.0 Mbps
51742 ms [UE 42234] UL Throughput = 0.08142 Mbps
51745 ms [UE 30040] UL Throughput = 0.0 Mbps
51745 ms [UE 42234] UL Throughput = 0.03272 Mbps
51844 ms [UE 30040] UL Throughput = 0.0 Mbps
51844 ms [UE 42234] UL Throughput = 0.03854 Mbps
51850 ms [UE 30040] UL Throughput = 0.05011 Mbps
51850 ms [UE 42234] UL Throughput = 0.01213 Mbps
51947 ms [UE 30040] UL Throughput = 0.07463 Mbps
52069 ms [UE 30040] UL Throughput = 0.0 Mbps
52069 ms [UE 42234] UL Throughput = 0.0547 Mbps
52148 ms [UE 42234] UL Throughput = 0.0 Mbps
52239 ms [UE 30040] UL Throughput = 0.0 Mbps
52243 ms [UE 30040] UL Throughput = 0.0 Mbps
52243 ms [UE 42234] UL Throughput = 0.0 Mbps
52345 ms [UE 30040] UL Throughput = 0.0 Mbps
52345 ms [UE 42234] UL Throughput = 0.0 Mbps
52438 ms [UE 30040] UL Throughput = 0.0 Mbps
52438 ms [UE 42234] UL Throughput = 0.1081 Mbps
52530 ms [UE 30040] UL Throughput = 0.02149 Mbps
52530 ms [UE 42234] UL Throughput = 0.03263 Mbps
52622 ms [UE 30040] UL Throughput = 0.02557 Mbps
52622 ms [UE 42234] UL Throughput = 0.03438 Mbps
52713 ms [UE 30040] UL Throughput = 0.09448 Mbps
52713 ms [UE 42234] UL Throughput = 0.03792 Mbps
52819 ms [UE 30040] UL Throughput = 0.0 Mbps
52819 ms [UE 42234] UL Throughput = 0.0 Mbps
52914 ms [UE 30040] UL Throughput = 0.08741 Mbps
52914 ms [UE 42234] UL Throughput = 0.07673 Mbps
53026 ms [UE 42234] UL Throughput = 0.0 Mbps
53028 ms [UE 42234] UL Throughput = 0.03778 Mbps
53115 ms [UE 30040] UL Throughput = 0.0 Mbps
53115 ms [UE 42234] UL Throughput = 0.09644 Mbps
53210 ms [UE 30040] UL Throughput = 0.0 Mbps
53325 ms [UE 30040] UL Throughput = 0.0985 Mbps
53325 ms [UE 42234] UL Throughput = 0.06093 Mbps
53415 ms [UE 42234] UL Throughput = 0.0 Mbps
53525 ms [UE 30040] UL Throughput = 0.0 Mbps
53525 ms [UE 42234] UL Throughput = 0.0 Mbps
53627 ms [UE 30040] UL Throughput = 0.0 Mbps
53627 ms [UE 42234] UL Throughput = 0.06898 Mbps
53757 ms [UE 30040] UL Throughput = 0.0 Mbps
53757 ms [UE 42234] UL Throughput = 0.0 Mbps
53845 ms [UE 30040] UL Throughput = 0.0 Mbps
53845 ms [UE 42234] UL Throughput = 0.07247 Mbps
53962 ms [UE 30040] UL Throughput = 0.04058 Mbps
53964 ms [UE 30040] UL Throughput = 0.0 Mbps
53964 ms [UE 42234] UL Throughput = 0.07299 Mbps
54035 ms [UE 30040] UL Throughput = 0.0 Mbps
54035 ms [UE 42234] UL Throughput = 0.03028 Mbps
54147 ms [UE 30040] UL Throughput = 0.0 Mbps
54147 ms [UE 42234] UL Throughput = 0.08251 Mbps
54227 ms [UE 30040] UL Throughput = 0.0805 Mbps
54227 ms [UE 42234] UL Throughput = 0.0 Mbps
54333 ms [UE 30040] UL Throughput = 0.0 Mbps
54428 ms [UE 30040] UL Throughput = 0.02182 Mbps
54428 ms [UE 42234] UL Throughput = 0.01827 Mbps
54430 ms [UE 30040] UL Throughput = 0.0 Mbps
54430 ms [UE 42234] UL Throughput = 0.0 Mbps
54527 ms [UE 42234] UL Throughput = 0.0 Mbps
54530 ms [UE 30040] UL Throughput = 0.0 Mbps
54530 ms [UE 42234] UL Throughput = 0.01546 Mbps
54624 ms [UE 30040] UL Throughput = 0.0 Mbps
54624 ms [UE 42234] UL Throughput = 0.0 Mbps
54626 ms [UE 30040] UL Throughput = 0.0 Mbps
54626 ms [UE 42234] UL Throughput = 0.09521 Mbps
54689 ms [UE 30040] UL Throughput = 0.04139 Mbps
54689 ms [UE 42234] UL Throughput = 0.0 Mbps
54792 ms [UE 30040] UL Throughput = 0.08966 Mbps
54792 ms [UE 42234] UL Throughput = 0.0 Mbps
54883 ms [UE 30040] UL Throughput = 0.0301 Mbps
54883 ms [UE 42234] UL Throughput = 0.0 Mbps
54972 ms [UE 30040] UL Throughput = 0.0 Mbps
54972 ms [UE 42234] UL Throughput = 0.0 Mbps
55067 ms [UE 30040] UL Throughput = 0.03613 Mbps
55067 ms [UE 42234] UL Throughput = 0.0 Mbps
55174 ms [UE 30040] UL Throughput = 0.03468 Mbps
55300 ms [UE 30040] UL Throughput = 0.0 Mbps
55300 ms [UE 42234] UL Throughput = 0.0 Mbps
55389 ms [UE 30040] UL Throughput = 0.0 Mbps
55389 ms [UE 42234] UL Throughput = 0.04637 Mbps
55514 ms [UE 30040] UL Throughput = 0.0508 Mbps
55514 ms [UE 42234] UL Throughput = 0.07512 Mbps
55630 ms [UE 30040] UL Throughput = 0.07328 Mbps
55722 ms [UE 30040] UL Throughput = 0.0 Mbps
55722 ms [UE 42234] UL Throughput = 0.06098 Mbps
55725 ms [UE 30040] UL Throughput = 0.0 Mbps
55725 ms [UE 42234] UL Throughput = 0.0 Mbps
55838 ms [UE 30040] UL Throughput = 0.01834 Mbps
55915 ms [UE 30040] UL Throughput = 0.0 Mbps
56016 ms [UE 30040] UL Throughput = 0.0 Mbps
56016 ms [UE 42234] UL Throughput = 0.0 Mbps
56021 ms [UE 30040] UL Throughput = 0.0 Mbps
56108 ms [UE 30040] UL Throughput = 0.0 Mbps
56108 ms [UE 42234] UL Throughput = 0.06356 Mbps
56197 ms [UE 30040] UL Throughput = 0.02132 Mbps
56197 ms [UE 42234] UL Throughput = 0.01046 Mbps
56287 ms [UE 30040] UL Throughput = 0.0 Mbps
56287 ms [UE 42234] UL Throughput = 0.04339 Mbps
56291 ms [UE 30040] UL Throughput = 0.04312 Mbps
56291 ms [UE 42234] UL Throughput = 0.0 Mbps
56391 ms [UE 42234] UL Throughput = 0.0 Mbps
56458 ms [UE 30040] UL Throughput = 0.05976 Mbps
56458 ms [UE 42234] UL Throughput = 0.08762 Mbps
56563 ms [UE 30040] UL Throughput = 0.0 Mbps
56563 ms [UE 42234] UL Throughput = 0.0 Mbps
56663 ms [UE 30040] UL Throughput = 0.0 Mbps
56663 ms [UE 42234] UL Throughput = 0.0 Mbps
56774 ms [UE 30040] UL Throughput = 0.0 Mbps
56774 ms [UE 42234] UL Throughput = 0.02854 Mbps
56877 ms [UE 30040] UL Throughput = 0.02695 Mbps
56877 ms [UE 42234] UL Throughput = 0.0 Mbps
56949 ms [UE 30040] UL Throughput = 0.0 Mbps
56949 ms [UE 42234] UL Throughput = 0.02619 Mbps
56950 ms [UE 30040] UL Throughput = 0.01322 Mbps
56950 ms [UE 42234] UL Throughput = 0.08417 Mbps
56956 ms [UE 30040] UL Throughput = 0.0 Mbps
56956 ms [UE 42234] UL Throughput = 0.0 Mbps
57021 ms [UE 30040] UL Throughput = 0.0 Mbps
57021 ms [UE 42234] UL Throughput = 0.0 Mbps
57121 ms [UE 30040] UL Throughput = 0.0 Mbps
57121 ms [UE 42234] UL Throughput = 0.0588 Mbps
57210 ms [UE 30040] UL Throughput = 0.0 Mbps
57210 ms [UE 42234] UL Throughput = 0.06753 Mbps
57288 ms [UE 30040] UL Throughput = 0.0 Mbps
57288 ms [UE 42234] UL Throughput = 0.0 Mbps
57404 ms [UE 42234] UL Throughput = 0.0 Mbps
57533 ms [UE 30040] UL Throughput = 0.0 Mbps
57533 ms [UE 42234] UL Throughput = 0.06771 Mbps
57611 ms [UE 30040] UL Throughput = 0.06337 Mbps
57611 ms [UE 42234] UL Throughput = 0.03571 Mbps
57732 ms [UE 30040] UL Throughput = 0.0 Mbps
57732 ms [UE 42234] UL Throughput = 0.0 Mbps
57835 ms [UE 30040] UL Throughput = 0.05628 Mbps
57835 ms [UE 42234] UL Throughput = 0.0 Mbps
57836 ms [UE 30040] UL Throughput = 0.0 Mbps
57836 ms [UE 42234] UL Throughput = 0.0 Mbps
57949 ms [UE 30040] UL Throughput = 0.0 Mbps
57949 ms [UE 42234] UL Throughput = 0.05346 Mbps
58026 ms [UE 30040] UL Throughput = 0.0 Mbps
58026 ms [UE 42234] UL Throughput = 0.03576 Mbps
58129 ms [UE 30040] UL Throughput = 0.08581 Mbps
58129 ms [UE 42234] UL Throughput = 0.02573 Mbps
58244 ms [UE 30040] UL Throughput = 0.0 Mbps
58244 ms [UE 42234] UL Throughput = 0.0 Mbps
58341 ms [UE 30040] UL Throughput = 0.05057 Mbps
58341 ms [UE 42234] UL Throughput = 0.08098 Mbps
58432 ms [UE 30040] UL Throughput = 0.0 Mbps
58432 ms [UE 42234] UL Throughput = 0.0 Mbps
58437 ms [UE 30040] UL Throughput = 0.0 Mbps
58563 ms [UE 30040] UL Throughput = 0.0 Mbps
58646 ms [UE 30040] UL Throughput = 0.06181 Mbps
58646 ms [UE 42234] UL Throughput = 0.0 Mbps
58651 ms [UE 30040] UL Throughput = 0.05806 Mbps
58651 ms [UE 42234] UL Throughput = 0.0 Mbps
58751 ms [UE 30040] UL Throughput = 0.11469 Mbps
58754 ms [UE 30040] UL Throughput = 0.0 Mbps
58754 ms [UE 42234] UL Throughput = 0.01096 Mbps
58867 ms [UE 30040] UL Throughput = 0.04281 Mbps
58867 ms [UE 42234] UL Throughput = 0.0 Mbps
58870 ms [UE 42234] UL Throughput = 0.0 Mbps
58977 ms [UE 30040] UL Throughput = 0.02157 Mbps
59052 ms [UE 30040] UL Throughput = 0.0 Mbps
59052 ms [UE 42234] UL Throughput = 0.02875 Mbps
59152 ms [UE 42234] UL Throughput = 0.0 Mbps
59218 ms [UE 30040] UL Throughput = 0.11442 Mbps
59218 ms [UE 42234] UL Throughput = 0.02825 Mbps
59220 ms [UE 30040] UL Throughput = 0.05299 Mbps
59220 ms [UE 42234] UL Throughput = 0.04932 Mbps
59311 ms [UE 30040] UL Throughput = 0.0 Mbps
59311 ms [UE 42234] UL Throughput = 0.0 Mbps
59412 ms [UE 30040] UL Throughput = 0.0 Mbps
59412 ms [UE 42234] UL Throughput = 0.07291 Mbps
59514 ms [UE 30040] UL Throughput = 0.0707 Mbps
59640 ms [UE 30040] UL Throughput = 0.0 Mbps
59741 ms [UE 30040] UL Throughput = 0.0 Mbps
59741 ms [UE 42234] UL Throughput = 0.04368 Mbps
59862 ms [UE 30040] UL Throughput = 0.0 Mbps
59862 ms [UE 42234] UL Throughput = 0.07794 Mbps
59868 ms [UE 30040] UL Throughput = 0.04619 Mbps
59868 ms [UE 42234] UL Throughput = 0.01023 Mbps
59969 ms [UE 30040] UL Throughput = 0.0 Mbps
59969 ms [UE 42234] UL Throughput = 0.04062 Mbps
60054 ms [UE 30040] UL Throughput = 0.0 Mbps
60054 ms [UE 42234] UL Throughput = 0.07501 Mbps
60174 ms [UE 30040] UL Throughput = 0.09285 Mbps
60174 ms [UE 42234] UL Throughput = 0.0 Mbps
60279 ms [UE 30040] UL Throughput = 0.07453 Mbps
60279 ms [UE 42234] UL Throughput = 0.0 Mbps
60285 ms [UE 30040] UL Throughput = 0.02841 Mbps
60285 ms [UE 42234] UL Throughput = 0.05388 Mbps
60354 ms [UE 30040] UL Throughput = 0.03911 Mbps
60354 ms [UE 42234] UL Throughput = 0.04975 Mbps
60359 ms [UE 30040] UL Throughput = 0.0 Mbps
60359 ms [UE 42234] UL Throughput = 0.07204 Mbps
60451 ms [UE 30040] UL Throughput = 0.03215 Mbps
60451 ms [UE 42234] UL Throughput = 0.07753 Mbps
60561 ms [UE 30040] UL Throughput = 0.03748 Mbps
60561 ms [UE 42234] UL Throughput = 0.05328 Mbps
60566 ms [UE 30040] UL Throughput = 0.12449 Mbps
60566 ms [UE 42234] UL Throughput = 0.0 Mbps
60663 ms [UE 30040] UL Throughput = 0.0 Mbps
60663 ms [UE 42234] UL Throughput = 0.05146 Mbps
60762 ms [UE 30040] UL Throughput = 0.0 Mbps
60762 ms [UE 42234] UL Throughput = 0.08003 Mbps
60849 ms [UE 30040] UL Throughput = 0.08188 Mbps
60849 ms [UE 42234] UL Throughput = 0.04254 Mbps
60936 ms [UE 30040] UL Throughput = 0.0 Mbps
61015 ms [UE 30040] UL Throughput = 0.03477 Mbps
61015 ms [UE 42234] UL Throughput = 0.0 Mbps
61018 ms [UE 30040] UL Throughput = 0.0 Mbps
61018 ms [UE 42234] UL Throughput = 0.0 Mbps
61132 ms [UE 30040] UL Throughput = 0.01808 Mbps
61132 ms [UE 42234] UL Throughput = 0.0 Mbps
61233 ms [UE 30040] UL Throughput = 0.0 Mbps
61233 ms [UE 42234] UL Throughput = 0.02632 Mbps
61340 ms [UE 30040] UL Throughput = 0.0 Mbps
61340 ms [UE 42234] UL Throughput = 0.0 Mbps
61459 ms [UE 30040] UL Throughput = 0.09983 Mbps
61459 ms [UE 42234] UL Throughput = 0.03942 Mbps
61576 ms [UE 30040] UL Throughput = 0.09665 Mbps
61667 ms [UE 30040] UL Throughput = 0.09511 Mbps
61667 ms [UE 42234] UL Throughput = 0.01656 Mbps
61787 ms [UE 42234] UL Throughput = 0.0 Mbps
61906 ms [UE 30040] UL Throughput = 0.0 Mbps
61967 ms [UE 30040] UL Throughput = 0.05488 Mbps
61967 ms [UE 42234] UL Throughput = 0.0 Mbps
62072 ms [UE 30040] UL Throughput = 0.0 Mbps
62147 ms [UE 30040] UL Throughput = 0.0 Mbps
62147 ms [UE 42234] UL Throughput = 0.0 Mbps
62239 ms [UE 30040] UL Throughput = 0.01392 Mbps
62239 ms [UE 42234] UL Throughput = 0.07011 Mbps
62326 ms [UE 30040] UL Throughput = 0.02813 Mbps
62326 ms [UE 42234] UL Throughput = 0.0 Mbps
62327 ms [UE 30040] UL Throughput = 0.0 Mbps
62327 ms [UE 42234] UL Throughput = 0.0 Mbps
62331 ms [UE 42234] UL Throughput = 0.02792 Mbps
62437 ms [UE 30040] UL Throughput = 0.0 Mbps
62437 ms [UE 42234] UL Throughput = 0.0 Mbps
62525 ms [UE 30040] UL Throughput = 0.09996 Mbps
62525 ms [UE 42234] UL Throughput = 0.0 Mbps
62622 ms [UE 30040] UL Throughput = 0.05443 Mbps
62622 ms [UE 42234] UL Throughput = 0.09404 Mbps
62703 ms [UE 30040] UL Throughput = 0.08685 Mbps
62703 ms [UE 42234] UL Throughput = 0.0 Mbps
62799 ms [UE 30040] UL Throughput = 0.03675 Mbps
62799 ms [UE 42234] UL Throughput = 0.0 Mbps
62804 ms [UE 30040] UL Throughput = 0.0 Mbps
62804 ms [UE 42234] UL Throughput = 0.01101 Mbps
62910 ms [UE 30040] UL Throughput = 0.01203 Mbps
62910 ms [UE 42234] UL Throughput = 0.03021 Mbps
63019 ms [UE 30040] UL Throughput = 0.07041 Mbps
63019 ms [UE 42234] UL Throughput = 0.05863 Mbps
63129 ms [UE 30040] UL Throughput = 0.0 Mbps
63129 ms [UE 42234] UL Throughput = 0.0 Mbps
63221 ms [UE 30040] UL Throughput = 0.01874 Mbps
63221 ms [UE 42234] UL Throughput = 0.0 Mbps
63339 ms [UE 30040] UL Throughput = 0.16767 Mbps
63339 ms [UE 42234] UL Throughput = 0.0 Mbps
63427 ms [UE 30040] UL Throughput = 0.0 Mbps
63532 ms [UE 30040] UL Throughput = 0.10416 Mbps
63532 ms [UE 42234] UL Throughput = 0.04523 Mbps
63643 ms [UE 30040] UL Throughput = 0.01884 Mbps
63643 ms [UE 42234] UL Throughput = 0.02519 Mbps
63649 ms [UE 30040] UL Throughput = 0.03801 Mbps
63649 ms [UE 42234] UL Throughput = 0.0 Mbps
63750 ms [UE 30040] UL Throughput = 0.03725 Mbps
63750 ms [UE 42234] UL Throughput = 0.06766 Mbps
63753 ms [UE 30040] UL Throughput = 0.0 Mbps
63753 ms [UE 42234] UL Throughput = 0.07698 Mbps
63754 ms [UE 30040] UL Throughput = 0.0 Mbps
63754 ms [UE 42234] UL Throughput = 0.07251 Mbps
63849 ms [UE 30040] UL Throughput = 0.0 Mbps
63849 ms [UE 42234] UL Throughput = 0.13911 Mbps
63943 ms [UE 30040] UL Throughput = 0.0 Mbps
63943 ms [UE 42234] UL Throughput = 0.07911 Mbps
64069 ms [UE 42234] UL Throughput = 0.03153 Mbps
64132 ms [UE 30040] UL Throughput = 0.05289 Mbps
64132 ms [UE 42234] UL Throughput = 0.09794 Mbps
64248 ms [UE 30040] UL Throughput = 0.0 Mbps
64248 ms [UE 42234] UL Throughput = 0.06063 Mbps
64249 ms [UE 30040] UL Throughput = 0.04685 Mbps
64249 ms [UE 42234] UL Throughput = 0.07113 Mbps
64353 ms [UE 30040] UL Throughput = 0.07048 Mbps
64353 ms [UE 42234] UL Throughput = 0.0 Mbps
64441 ms [UE 30040] UL Throughput = 0.0 Mbps
64441 ms [UE 42234] UL Throughput = 0.0 Mbps
64540 ms [UE 30040] UL Throughput = 0.04354 Mbps
64540 ms [UE 42234] UL Throughput = 0.0 Mbps
64639 ms [UE 30040] UL Throughput = 0.0 Mbps
64639 ms [UE 42234] UL Throughput = 0.04889 Mbps
64735 ms [UE 30040] UL Throughput = 0.0 Mbps
64735 ms [UE 42234] UL Throughput = 0.0 Mbps
64833 ms [UE 30040] UL Throughput = 0.03476 Mbps
64912 ms [UE 30040] UL Throughput = 0.01141 Mbps
64912 ms [UE 42234] UL Throughput = 0.01609 Mbps
65001 ms [UE 30040] UL Throughput = 0.05513 Mbps
65001 ms [UE 42234] UL Throughput = 0.0 Mbps
65100 ms [UE 30040] UL Throughput = 0.0 Mbps
65100 ms [UE 42234] UL Throughput = 0.03169 Mbps
65221 ms [UE 30040] UL Throughput = 0.12285 Mbps
65221 ms [UE 42234] UL Throughput = 0.0 Mbps
65336 ms [UE 30040] UL Throughput = 0.0 Mbps
65336 ms [UE 42234] UL Throughput = 0.04504 Mbps
65339 ms [UE 30040] UL Throughput = 0.18937 Mbps
65339 ms [UE 42234] UL Throughput = 0.0 Mbps
65456 ms [UE 30040] UL Throughput = 0.0 Mbps
65456 ms [UE 42234] UL Throughput = 0.0 Mbps
65462 ms [UE 42234] UL Throughput = 0.09555 Mbps
65570 ms [UE 30040] UL Throughput = 0.0 Mbps
65570 ms [UE 42234] UL Throughput = 0.08683 Mbps
65665 ms [UE 30040] UL Throughput = 0.0 Mbps
65665 ms [UE 42234] UL Throughput = 0.0 Mbps
65745 ms [UE 30040] UL Throughput = 0.0 Mbps
65745 ms [UE 42234] UL Throughput = 0.0 Mbps
65850 ms [UE 30040] UL Throughput = 0.01632 Mbps
65952 ms [UE 30040] UL Throughput = 0.01432 Mbps
65952 ms [UE 42234] UL Throughput = 0.0 Mbps
66048 ms [UE 30040] UL Throughput = 0.02651 Mbps
66048 ms [UE 42234] UL Throughput = 0.07594 Mbps
66049 ms [UE 30040] UL Throughput = 0.08339 Mbps
66049 ms [UE 42234] UL Throughput = 0.0 Mbps
66124 ms [UE 42234] UL Throughput = 0.0 Mbps
66191 ms [UE 30040] UL Throughput = 0.03908 Mbps
66191 ms [UE 42234] UL Throughput = 0.19813 Mbps
66197 ms [UE 30040] UL Throughput = 0.0 Mbps
66197 ms [UE 42234] UL Throughput = 0.0 Mbps
66326 ms [UE 30040] UL Throughput = 0.09115 Mbps
66326 ms [UE 42234] UL Throughput = 0.0 Mbps
66329 ms [UE 42234] UL Throughput = 0.03839 Mbps
66433 ms [UE 30040] UL Throughput = 0.09451 Mbps
66433 ms [UE 42234] UL Throughput = 0.0 Mbps
66524 ms [UE 30040] UL Throughput = 0.07755 Mbps
66644 ms [UE 30040] UL Throughput = 0.0 Mbps
66644 ms [UE 42234] UL Throughput = 0.08944 Mbps
66743 ms [UE 42234] UL Throughput = 0.0 Mbps
66852 ms [UE 30040] UL Throughput = 0.0139 Mbps
66852 ms [UE 42234] UL Throughput = 0.05987 Mbps
66929 ms [UE 30040] UL Throughput = 0.0 Mbps
66929 ms [UE 42234] UL Throughput = 0.0 Mbps
67059 ms [UE 42234] UL Throughput = 0.03285 Mbps
67184 ms [UE 30040] UL Throughput = 0.07761 Mbps
67184 ms [UE 42234] UL Throughput = 0.0 Mbps
67188 ms [UE 30040] UL Throughput = 0.07887 Mbps
67188 ms [UE 42234] UL Throughput = 0.0 Mbps
67274 ms [UE 30040] UL Throughput = 0.03745 Mbps
67274 ms [UE 42234] UL Throughput = 0.02394 Mbps
67278 ms [UE 30040] UL Throughput = 0.0 Mbps
67278 ms [UE 42234] UL Throughput = 0.09634 Mbps
67368 ms [UE 30040] UL Throughput = 0.0 Mbps
67368 ms [UE 42234] UL Throughput = 0.0 Mbps
67490 ms [UE 30040] UL Throughput = 0.0 Mbps
67490 ms [UE 42234] UL Throughput = 0.03838 Mbps
67492 ms [UE 42234] UL Throughput = 0.0 Mbps
67596 ms [UE 30040] UL Throughput = 0.10484 Mbps
67596 ms [UE 42234] UL Throughput = 0.063 Mbps
67679 ms [UE 42234] UL Throughput = 0.0 Mbps
67767 ms [UE 42234] UL Throughput = 0.0 Mbps
67856 ms [UE 30040] UL Throughput = 0.01534 Mbps
67856 ms [UE 42234] UL Throughput = 0.0 Mbps
67958 ms [UE 30040] UL Throughput = 0.0 Mbps
67958 ms [UE 42234] UL Throughput = 0.13034 Mbps
68067 ms [UE 30040] UL Throughput = 0.0 Mbps
68067 ms [UE 42234] UL Throughput = 0.03981 Mbps
68150 ms [UE 30040] UL Throughput = 0.12542 Mbps
68150 ms [UE 42234] UL Throughput = 0.07722 Mbps
68156 ms [UE 30040] UL Throughput = 0.07197 Mbps
68156 ms [UE 42234] UL Throughput = 0.06924 Mbps
68286 ms [UE 30040] UL Throughput = 0.08179 Mbps
68286 ms [UE 42234] UL Throughput = 0.11901 Mbps
68291 ms [UE 30040] UL Throughput = 0.0 Mbps
68291 ms [UE 42234] UL Throughput = 0.0739 Mbps
68384 ms [UE 30040] UL Throughput = 0.11309 Mbps
68384 ms [UE 42234] UL Throughput = 0.08931 Mbps
68499 ms [UE 30040] UL Throughput = 0.0 Mbps
68499 ms [UE 42234] UL Throughput = 0.0 Mbps
68606 ms [UE 30040] UL Throughput = 0.01707 Mbps
68606 ms [UE 42234] UL Throughput = 0.03411 Mbps
68699 ms [UE 30040] UL Throughput = 0.02433 Mbps
68791 ms [UE 30040] UL Throughput = 0.0 Mbps
68901 ms [UE 30040] UL Throughput = 0.0 Mbps
68901 ms [UE 42234] UL Throughput = 0.0 Mbps
69009 ms [UE 30040] UL Throughput = 0.0 Mbps
69009 ms [UE 42234] UL Throughput = 0.0 Mbps
69085 ms [UE 30040] UL Throughput = 0.0 Mbps
69085 ms [UE 42234] UL Throughput = 0.0 Mbps
69198 ms [UE 30040] UL Throughput = 0.0 Mbps
69198 ms [UE 42234] UL Throughput = 0.04225 Mbps
69302 ms [UE 30040] UL Throughput = 0.09466 Mbps
69302 ms [UE 42234] UL Throughput = 0.0 Mbps
69394 ms [UE 30040] UL Throughput = 0.05539 Mbps
69394 ms [UE 42234] UL Throughput = 0.0 Mbps
69471 ms [UE 30040] UL Throughput = 0.0 Mbps
69476 ms [UE 30040] UL Throughput = 0.0 Mbps
69476 ms [UE 42234] UL Throughput = 0.02343 Mbps
69563 ms [UE 30040] UL Throughput = 0.0 Mbps
69563 ms [UE 42234] UL Throughput = 0.0 Mbps
69687 ms [UE 30040] UL Throughput = 0.02791 Mbps
69687 ms [UE 42234] UL Throughput = 0.01274 Mbps
69797 ms [UE 30040] UL Throughput = 0.07439 Mbps
69797 ms [UE 42234] UL Throughput = 0.0 Mbps
69895 ms [UE 30040] UL Throughput = 0.0 Mbps
69895 ms [UE 42234] UL Throughput = 0.06464 Mbps
69899 ms [UE 30040] UL Throughput = 0.0 Mbps
69899 ms [UE 42234] UL Throughput = 0.0 Mbps
69905 ms [UE 30040] UL Throughput = 0.04603 Mbps
69905 ms [UE 42234] UL Throughput = 0.0 Mbps
69995 ms [UE 30040] UL Throughput = 0.08744 Mbps
69995 ms [UE 42234] UL Throughput = 0.02068 Mbps
70001 ms [UE 42234] UL Throughput = 0.06538 Mbps
70068 ms [UE 30040] UL Throughput = 0.0 Mbps
70068 ms [UE 42234] UL Throughput = 0.0878 Mbps
70191 ms [UE 42234] UL Throughput = 0.0 Mbps
70306 ms [UE 30040] UL Throughput = 0.0 Mbps
70306 ms [UE 42234] UL Throughput = 0.0 Mbps
70385 ms [UE 30040] UL Throughput = 0.0 Mbps
70385 ms [UE 42234] UL Throughput = 0.0 Mbps
70501 ms [UE 30040] UL Throughput = 0.08281 Mbps
70501 ms [UE 42234] UL Throughput = 0.0 Mbps
70640 ms [UE 42234] UL Throughput = 0.07072 Mbps
70713 ms [UE 30040] UL Throughput = 0.08847 Mbps
70713 ms [UE 42234] UL Throughput = 0.0 Mbps
70812 ms [UE 30040] UL Throughput = 0.0 Mbps
70812 ms [UE 42234] UL Throughput = 0.03985 Mbps
70930 ms [UE 30040] UL Throughput = 0.17294 Mbps
70930 ms [UE 42234] UL Throughput = 0.04772 Mbps
71036 ms [UE 30040] UL Throughput = 0.04369 Mbps
71036 ms [UE 42234] UL Throughput = 0.03896 Mbps
71137 ms [UE 30040] UL Throughput = 0.02551 Mbps
71137 ms [UE 42234] UL Throughput = 0.07442 Mbps
71260 ms [UE 30040] UL Throughput = 0.06925 Mbps
71260 ms [UE 42234] UL Throughput = 0.06233 Mbps
71262 ms [UE 30040] UL Throughput = 0.0 Mbps
71262 ms [UE 42234] UL Throughput = 0.02551 Mbps
71353 ms [UE 30040] UL Throughput = 0.0 Mbps
71353 ms [UE 42234] UL Throughput = 0.0 Mbps
71461 ms [UE 30040] UL Throughput = 0.0939 Mbps
71461 ms [UE 42234] UL Throughput = 0.03405 Mbps
71561 ms [UE 30040] UL Throughput = 0.12218 Mbps
71561 ms [UE 42234] UL Throughput = 0.03978 Mbps
71631 ms [UE 30040] UL Throughput = 0.0 Mbps
71631 ms [UE 42234] UL Throughput = 0.0214 Mbps
71741 ms [UE 30040] UL Throughput = 0.0391 Mbps
71843 ms [UE 30040] UL Throughput = 0.04804 Mbps
71843 ms [UE 42234] UL Throughput = 0.0 Mbps
71938 ms [UE 30040] UL Throughput = 0.07665 Mbps
71938 ms [UE 42234] UL Throughput = 0.0 Mbps
72037 ms [UE 30040] UL Throughput = 0.0 Mbps
72037 ms [UE 42234] UL Throughput = 0.07361 Mbps
72110 ms [UE 30040] UL Throughput = 0.0 Mbps
72176 ms [UE 30040] UL Throughput = 0.02323 Mbps
72176 ms [UE 42234] UL Throughput = 0.08803 Mbps
72262 ms [UE 30040] UL Throughput = 0.04294 Mbps
72262 ms [UE 42234] UL Throughput = 0.059 Mbps
72368 ms [UE 30040] UL Throughput = 0.05344 Mbps
72368 ms [UE 42234] UL Throughput = 0.01067 Mbps
72465 ms [UE 30040] UL Throughput = 0.01585 Mbps
72465 ms [UE 42234] UL Throughput = 0.08382 Mbps
72568 ms [UE 42234] UL Throughput = 0.06987 Mbps
72673 ms [UE 30040] UL Throughput = 0.0627 Mbps
72673 ms [UE 42234] UL Throughput = 0.06959 Mbps
72771 ms [UE 30040] UL Throughput = 0.0 Mbps
72771 ms [UE 42234] UL Throughput = 0.04261 Mbps
72776 ms [UE 30040] UL Throughput = 0.05311 Mbps
72776 ms [UE 42234] UL Throughput = 0.07263 Mbps
72869 ms [UE 30040] UL Throughput = 0.02461 Mbps
72869 ms [UE 42234] UL Throughput = 0.14475 Mbps
72873 ms [UE 42234] UL Throughput = 0.08642 Mbps
72977 ms [UE 30040] UL Throughput = 0.02961 Mbps
72977 ms [UE 42234] UL Throughput = 0.04803 Mbps
73072 ms [UE 30040] UL Throughput = 0.06044 Mbps
73190 ms [UE 30040] UL Throughput = 0.06065 Mbps
73190 ms [UE 42234] UL Throughput = 0.11368 Mbps
73322 ms [UE 30040] UL Throughput = 0.08074 Mbps
73322 ms [UE 42234] UL Throughput = 0.08234 Mbps
73328 ms [UE 30040] UL Throughput = 0.0 Mbps
73328 ms [UE 42234] UL Throughput = 0.06444 Mbps
73432 ms [UE 30040] UL Throughput = 0.0 Mbps
73432 ms [UE 42234] UL Throughput = 0.0 Mbps
73512 ms [UE 30040] UL Throughput = 0.0 Mbps
73512 ms [UE 42234] UL Throughput = 0.02046 Mbps
73580 ms [UE 30040] UL Throughput = 0.0 Mbps
73580 ms [UE 42234] UL Throughput = 0.03783 Mbps
73585 ms [UE 30040] UL Throughput = 0.0 Mbps
73585 ms [UE 42234] UL Throughput = 0.0 Mbps
73688 ms [UE 30040] UL Throughput = 0.0385 Mbps
73688 ms [UE 42234] UL Throughput = 0.06657 Mbps
73795 ms [UE 30040] UL Throughput = 0.02097 Mbps
73795 ms [UE 42234] UL Throughput = 0.0 Mbps
73874 ms [UE 42234] UL Throughput = 0.08974 Mbps
73970 ms [UE 30040] UL Throughput = 0.0 Mbps
73970 ms [UE 42234] UL Throughput = 0.0 Mbps
74078 ms [UE 30040] UL Throughput = 0.09533 Mbps
74078 ms [UE 42234] UL Throughput = 0.0 Mbps
74188 ms [UE 30040] UL Throughput = 0.0 Mbps
74188 ms [UE 42234] UL Throughput = 0.0 Mbps
74190 ms [UE 30040] UL Throughput = 0.09019 Mbps
74190 ms [UE 42234] UL Throughput = 0.0 Mbps
74282 ms [UE 30040] UL Throughput = 0.09427 Mbps
74282 ms [UE 42234] UL Throughput = 0.0 Mbps
74377 ms [UE 30040] UL Throughput = 0.01586 Mbps
74377 ms [UE 42234] UL Throughput = 0.11224 Mbps
74464 ms [UE 30040] UL Throughput = 0.01667 Mbps
74464 ms [UE 42234] UL Throughput = 0.0 Mbps
74572 ms [UE 30040] UL Throughput = 0.09647 Mbps
74572 ms [UE 42234] UL Throughput = 0.0 Mbps
74667 ms [UE 42234] UL Throughput = 0.09383 Mbps
74777 ms [UE 30040] UL Throughput = 0.09857 Mbps
74777 ms [UE 42234] UL Throughput = 0.07159 Mbps
74856 ms [UE 30040] UL Throughput = 0.0 Mbps
74856 ms [UE 42234] UL Throughput = 0.05214 Mbps
74999 ms [UE 30040] UL Throughput = 0.09466 Mbps
74999 ms [UE 42234] UL Throughput = 0.07206 Mbps
75001 ms [UE 30040] UL Throughput = 0.01044 Mbps
75001 ms [UE 42234] UL Throughput = 0.05235 Mbps
75103 ms [UE 30040] UL Throughput = 0.01081 Mbps
75103 ms [UE 42234] UL Throughput = 0.0 Mbps
75196 ms [UE 30040] UL Throughput = 0.09573 Mbps
75196 ms [UE 42234] UL Throughput = 0.0 Mbps
75306 ms [UE 30040] UL Throughput = 0.06171 Mbps
75306 ms [UE 42234] UL Throughput = 0.08511 Mbps
75436 ms [UE 30040] UL Throughput = 0.0 Mbps
75436 ms [UE 42234] UL Throughput = 0.08863 Mbps
75437 ms [UE 42234] UL Throughput = 0.04386 Mbps
75542 ms [UE 30040] UL Throughput = 0.0 Mbps
75542 ms [UE 42234] UL Throughput = 0.01293 Mbps
75638 ms [UE 30040] UL Throughput = 0.0 Mbps
75638 ms [UE 42234] UL Throughput = 0.0 Mbps
75639 ms [UE 30040] UL Throughput = 0.0 Mbps
75639 ms [UE 42234] UL Throughput = 0.01558 Mbps
75742 ms [UE 42234] UL Throughput = 0.0 Mbps
75862 ms [UE 42234] UL Throughput = 0.09922 Mbps
75941 ms [UE 30040] UL Throughput = 0.09214 Mbps
75941 ms [UE 42234] UL Throughput = 0.07538 Mbps
76041 ms [UE 30040] UL Throughput = 0.12944 Mbps
76041 ms [UE 42234] UL Throughput = 0.0 Mbps
76151 ms [UE 30040] UL Throughput = 0.03834 Mbps
76151 ms [UE 42234] UL Throughput = 0.06255 Mbps
76232 ms [UE 30040] UL Throughput = 0.0 Mbps
76364 ms [UE 30040] UL Throughput = 0.0 Mbps
76364 ms [UE 42234] UL Throughput = 0.0 Mbps
76443 ms [UE 30040] UL Throughput = 0.01074 Mbps
76443 ms [UE 42234] UL Throughput = 0.0 Mbps
76526 ms [UE 30040] UL Throughput = 0.14409 Mbps
76622 ms [UE 30040] UL Throughput = 0.0 Mbps
76622 ms [UE 42234] UL Throughput = 0.0 Mbps
76728 ms [UE 30040] UL Throughput = 0.0 Mbps
76829 ms [UE 30040] UL Throughput = 0.0 Mbps
76829 ms [UE 42234] UL Throughput = 0.15211 Mbps
76913 ms [UE 30040] UL Throughput = 0.02731 Mbps
76913 ms [UE 42234] UL Throughput = 0.08368 Mbps
77010 ms [UE 30040] UL Throughput = 0.0 Mbps
77010 ms [UE 42234] UL Throughput = 0.06872 Mbps
77124 ms [UE 30040] UL Throughput = 0.0 Mbps
77124 ms [UE 42234] UL Throughput = 0.0 Mbps
77130 ms [UE 30040] UL Throughput = 0.0 Mbps
77222 ms [UE 30040] UL Throughput = 0.01387 Mbps
77222 ms [UE 42234] UL Throughput = 0.05304 Mbps
77305 ms [UE 30040] UL Throughput = 0.06919 Mbps
77305 ms [UE 42234] UL Throughput = 0.0 Mbps
77307 ms [UE 42234] UL Throughput = 0.0 Mbps
77413 ms [UE 30040] UL Throughput = 0.0 Mbps
77413 ms [UE 42234] UL Throughput = 0.0 Mbps
77521 ms [UE 30040] UL Throughput = 0.03889 Mbps
77521 ms [UE 42234] UL Throughput = 0.0 Mbps
77522 ms [UE 30040] UL Throughput = 0.0 Mbps
77522 ms [UE 42234] UL Throughput = 0.0 Mbps
77528 ms [UE 30040] UL Throughput = 0.0 Mbps
77528 ms [UE 42234] UL Throughput = 0.1086 Mbps
77630 ms [UE 30040] UL Throughput = 0.0 Mbps
77630 ms [UE 42234] UL Throughput = 0.0 Mbps
77636 ms [UE 30040] UL Throughput = 0.08164 Mbps
77636 ms [UE 42234] UL Throughput = 0.03663 Mbps
77722 ms [UE 30040] UL Throughput = 0.02462 Mbps
77799 ms [UE 30040] UL Throughput = 0.0 Mbps
77799 ms [UE 42234] UL Throughput = 0.09414 Mbps
77887 ms [UE 30040] UL Throughput = 0.06926 Mbps
77887 ms [UE 42234] UL Throughput = 0.0 Mbps
77888 ms [UE 30040] UL Throughput = 0.0 Mbps
77888 ms [UE 42234] UL Throughput = 0.0 Mbps
77960 ms [UE 30040] UL Throughput = 0.03451 Mbps
77960 ms [UE 42234] UL Throughput = 0.0 Mbps
78070 ms [UE 30040] UL Throughput = 0.06485 Mbps
78070 ms [UE 42234] UL Throughput = 0.0 Mbps
78163 ms [UE 30040] UL Throughput = 0.03843 Mbps
78258 ms [UE 30040] UL Throughput = 0.01463 Mbps
78373 ms [UE 30040] UL Throughput = 0.06751 Mbps
78373 ms [UE 42234] UL Throughput = 0.0 Mbps
78471 ms [UE 30040] UL Throughput = 0.08708 Mbps
78471 ms [UE 42234] UL Throughput = 0.07401 Mbps
78563 ms [UE 30040] UL Throughput = 0.0 Mbps
78563 ms [UE 42234] UL Throughput = 0.03061 Mbps
78659 ms [UE 30040] UL Throughput = 0.08558 Mbps
78659 ms [UE 42234] UL Throughput = 0.0 Mbps
78775 ms [UE 30040] UL Throughput = 0.0 Mbps
78775 ms [UE 42234] UL Throughput = 0.0 Mbps
78900 ms [UE 42234] UL Throughput = 0.02038 Mbps
78972 ms [UE 30040] UL Throughput = 0.0 Mbps
78972 ms [UE 42234] UL Throughput = 0.0 Mbps
79075 ms [UE 30040] UL Throughput = 0.1018 Mbps
79075 ms [UE 42234] UL Throughput = 0.0 Mbps
79169 ms [UE 30040] UL Throughput = 0.07377 Mbps
79169 ms [UE 42234] UL Throughput = 0.0334 Mbps
79267 ms [UE 42234] UL Throughput = 0.0 Mbps
79271 ms [UE 42234] UL Throughput = 0.06257 Mbps
79363 ms [UE 30040] UL Throughput = 0.07108 Mbps
79363 ms [UE 42234] UL Throughput = 0.05174 Mbps
79452 ms [UE 30040] UL Throughput = 0.07519 Mbps
79452 ms [UE 42234] UL Throughput = 0.07814 Mbps
79559 ms [UE 30040] UL Throughput = 0.06741 Mbps
79559 ms [UE 42234] UL Throughput = 0.0 Mbps
79685 ms [UE 30040] UL Throughput = 0.01705 Mbps
79685 ms [UE 42234] UL Throughput = 0.0 Mbps
79797 ms [UE 30040] UL Throughput = 0.06014 Mbps
79797 ms [UE 42234] UL Throughput = 0.0 Mbps
79894 ms [UE 30040] UL Throughput = 0.07537 Mbps
79894 ms [UE 42234] UL Throughput = 0.08878 Mbps
79979 ms [UE 30040] UL Throughput = 0.0366 Mbps
79979 ms [UE 42234] UL Throughput = 0.0 Mbps
80040 ms [UE 30040] UL Throughput = 0.02995 Mbps
80040 ms [UE 42234] UL Throughput = 0.0 Mbps
80160 ms [UE 30040] UL Throughput = 0.0 Mbps
80163 ms [UE 30040] UL Throughput = 0.0 Mbps
80163 ms [UE 42234] UL Throughput = 0.0 Mbps
80234 ms [UE 30040] UL Throughput = 0.07383 Mbps
80234 ms [UE 42234] UL Throughput = 0.0 Mbps
80237 ms [UE 30040] UL Throughput = 0.0 Mbps
80237 ms [UE 42234] UL Throughput = 0.0 Mbps
80340 ms [UE 30040] UL Throughput = 0.0 Mbps
80434 ms [UE 30040] UL Throughput = 0.03314 Mbps
80434 ms [UE 42234] UL Throughput = 0.0 Mbps
80529 ms [UE 42234] UL Throughput = 0.0 Mbps
80637 ms [UE 42234] UL Throughput = 0.0633 Mbps
80747 ms [UE 30040] UL Throughput = 0.0 Mbps
80858 ms [UE 30040] UL Throughput = 0.07694 Mbps
80951 ms [UE 30040] UL Throughput = 0.0 Mbps
80951 ms [UE 42234] UL Throughput = 0.0 Mbps
80953 ms [UE 30040] UL Throughput = 0.0 Mbps
80953 ms [UE 42234] UL Throughput = 0.0 Mbps
81035 ms [UE 30040] UL Throughput = 0.04119 Mbps
81035 ms [UE 42234] UL Throughput = 0.04064 Mbps
81134 ms [UE 30040] UL Throughput = 0.02049 Mbps
81134 ms [UE 42234] UL Throughput = 0.0982 Mbps
81256 ms [UE 30040] UL Throughput = 0.11941 Mbps
81256 ms [UE 42234] UL Throughput = 0.0 Mbps
81351 ms [UE 30040] UL Throughput = 0.07168 Mbps
81351 ms [UE 42234] UL Throughput = 0.0 Mbps
81455 ms [UE 30040] UL Throughput = 0.04541 Mbps
81455 ms [UE 42234] UL Throughput = 0.0432 Mbps
81459 ms [UE 30040] UL Throughput = 0.06765 Mbps
81459 ms [UE 42234] UL Throughput = 0.07234 Mbps
81556 ms [UE 30040] UL Throughput = 0.0 Mbps
81556 ms [UE 42234] UL Throughput = 0.0 Mbps
81652 ms [UE 30040] UL Throughput = 0.02708 Mbps
81652 ms [UE 42234] UL Throughput = 0.0 Mbps
81653 ms [UE 30040] UL Throughput = 0.0 Mbps
81653 ms [UE 42234] UL Throughput = 0.0171 Mbps
81762 ms [UE 30040] UL Throughput = 0.02006 Mbps
81762 ms [UE 42234] UL Throughput = 0.08112 Mbps
81901 ms [UE 30040] UL Throughput = 0.03781 Mbps
81901 ms [UE 42234] UL Throughput = 0.0 Mbps
81994 ms [UE 30040] UL Throughput = 0.06828 Mbps
81994 ms [UE 42234] UL Throughput = 0.0 Mbps
82076 ms [UE 30040] UL Throughput = 0.0 Mbps
82076 ms [UE 42234] UL Throughput = 0.03832 Mbps
82154 ms [UE 30040] UL Throughput = 0.0 Mbps
82154 ms [UE 42234] UL Throughput = 0.07532 Mbps
82265 ms [UE 30040] UL Throughput = 0.0 Mbps
82265 ms [UE 42234] UL Throughput = 0.01865 Mbps
82388 ms [UE 30040] UL Throughput = 0.0 Mbps
82388 ms [UE 42234] UL Throughput = 0.05849 Mbps
82491 ms [UE 30040] UL Throughput = 0.0 Mbps
82491 ms [UE 42234] UL Throughput = 0.0754 Mbps
82492 ms [UE 30040] UL Throughput = 0.0 Mbps
82492 ms [UE 42234] UL Throughput = 0.09247 Mbps
82573 ms [UE 30040] UL Throughput = 0.03032 Mbps
82573 ms [UE 42234] UL Throughput = 0.04383 Mbps
82680 ms [UE 30040] UL Throughput = 0.0 Mbps
82680 ms [UE 42234] UL Throughput = 0.0 Mbps
82686 ms [UE 30040] UL Throughput = 0.0 Mbps
82686 ms [UE 42234] UL Throughput = 0.05145 Mbps
82801 ms [UE 30040] UL Throughput = 0.0 Mbps
82801 ms [UE 42234] UL Throughput = 0.05942 Mbps
82899 ms [UE 30040] UL Throughput = 0.03684 Mbps
82899 ms [UE 42234] UL Throughput = 0.05156 Mbps
82995 ms [UE 30040] UL Throughput = 0.0 Mbps
83113 ms [UE 30040] UL Throughput = 0.05272 Mbps
83113 ms [UE 42234] UL Throughput = 0.0 Mbps
83118 ms [UE 30040] UL Throughput = 0.0 Mbps
83118 ms [UE 42234] UL Throughput = 0.0 Mbps
83211 ms [UE 30040] UL Throughput = 0.0 Mbps
83211 ms [UE 42234] UL Throughput = 0.0896 Mbps
83295 ms [UE 30040] UL Throughput = 0.03517 Mbps
83295 ms [UE 42234] UL Throughput = 0.0 Mbps
83410 ms [UE 30040] UL Throughput = 0.0 Mbps
83410 ms [UE 42234] UL Throughput = 0.0183 Mbps
83525 ms [UE 30040] UL Throughput = 0.0 Mbps
83525 ms [UE 42234] UL Throughput = 0.09992 Mbps
83634 ms [UE 42234] UL Throughput = 0.0 Mbps
83733 ms [UE 30040] UL Throughput = 0.0 Mbps
83733 ms [UE 42234] UL Throughput = 0.08356 Mbps
83807 ms [UE 30040] UL Throughput = 0.02184 Mbps
83807 ms [UE 42234] UL Throughput = 0.03592 Mbps
83813 ms [UE 30040] UL Throughput = 0.0 Mbps
83813 ms [UE 42234] UL Throughput = 0.0 Mbps
83926 ms [UE 30040] UL Throughput = 0.12667 Mbps
83928 ms [UE 30040] UL Throughput = 0.0 Mbps
83928 ms [UE 42234] UL Throughput = 0.04207 Mbps
84018 ms [UE 42234] UL Throughput = 0.12069 Mbps
84115 ms [UE 30040] UL Throughput = 0.0 Mbps
84115 ms [UE 42234] UL Throughput = 0.06718 Mbps
84233 ms [UE 30040] UL Throughput = 0.0 Mbps
84233 ms [UE 42234] UL Throughput = 0.09352 Mbps
84334 ms [UE 30040] UL Throughput = 0.0 Mbps
84334 ms [UE 42234] UL Throughput = 0.03653 Mbps
84427 ms [UE 30040] UL Throughput = 0.01695 Mbps
84542 ms [UE 30040] UL Throughput = 0.05244 Mbps
84542 ms [UE 42234] UL Throughput = 0.0 Mbps
84657 ms [UE 30040] UL Throughput = 0.14373 Mbps
84750 ms [UE 30040] UL Throughput = 0.0 Mbps
84750 ms [UE 42234] UL Throughput = 0.13326 Mbps
84828 ms [UE 30040] UL Throughput = 0.04582 Mbps
84828 ms [UE 42234] UL Throughput = 0.0 Mbps
84949 ms [UE 30040] UL Throughput = 0.0 Mbps
84949 ms [UE 42234] UL Throughput = 0.05687 Mbps
85055 ms [UE 30040] UL Throughput = 0.0 Mbps
85055 ms [UE 42234] UL Throughput = 0.06111 Mbps
85156 ms [UE 30040] UL Throughput = 0.07981 Mbps
85156 ms [UE 42234] UL Throughput = 0.0 Mbps
85256 ms [UE 30040] UL Throughput = 0.0 Mbps
85256 ms [UE 42234] UL Throughput = 0.0 Mbps
85364 ms [UE 30040] UL Throughput = 0.04314 Mbps
85364 ms [UE 42234] UL Throughput = 0.0 Mbps
85469 ms [UE 42234] UL Throughput = 0.0 Mbps
85559 ms [UE 30040] UL Throughput = 0.03806 Mbps
85559 ms [UE 42234] UL Throughput = 0.09945 Mbps
85646 ms [UE 30040] UL Throughput = 0.0877 Mbps
85646 ms [UE 42234] UL Throughput = 0.0 Mbps
85755 ms [UE 30040] UL Throughput = 0.0 Mbps
85755 ms [UE 42234] UL Throughput = 0.0 Mbps
85869 ms [UE 30040] UL Throughput = 0.0 Mbps
85872 ms [UE 30040] UL Throughput = 0.06159 Mbps
85872 ms [UE 42234] UL Throughput = 0.0 Mbps
85877 ms [UE 30040] UL Throughput = 0.06898 Mbps
85877 ms [UE 42234] UL Throughput = 0.04746 Mbps
85942 ms [UE 30040] UL Throughput = 0.09481 Mbps
85942 ms [UE 42234] UL Throughput = 0.0 Mbps
86054 ms [UE 30040] UL Throughput = 0.07559 Mbps
86054 ms [UE 42234] UL Throughput = 0.0 Mbps
86057 ms [UE 30040] UL Throughput = 0.08057 Mbps
86057 ms [UE 42234] UL Throughput = 0.0 Mbps
86142 ms [UE 30040] UL Throughput = 0.10048 Mbps
86142 ms [UE 42234] UL Throughput = 0.0 Mbps
86244 ms [UE 30040] UL Throughput = 0.05756 Mbps
86244 ms [UE 42234] UL Throughput = 0.0 Mbps
86335 ms [UE 30040] UL Throughput = 0.07106 Mbps
86335 ms [UE 42234] UL Throughput = 0.0 Mbps
86430 ms [UE 30040] UL Throughput = 0.08322 Mbps
86430 ms [UE 42234] UL Throughput = 0.0 Mbps
86519 ms [UE 30040] UL Throughput = 0.0 Mbps
86519 ms [UE 42234] UL Throughput = 0.0497 Mbps
86523 ms [UE 30040] UL Throughput = 0.0 Mbps
86523 ms [UE 42234] UL Throughput = 0.0 Mbps
86621 ms [UE 30040] UL Throughput = 0.0 Mbps
86621 ms [UE 42234] UL Throughput = 0.07795 Mbps
86711 ms [UE 30040] UL Throughput = 0.07626 Mbps
86813 ms [UE 30040] UL Throughput = 0.05045 Mbps
86813 ms [UE 42234] UL Throughput = 0.03278 Mbps
86921 ms [UE 30040] UL Throughput = 0.02119 Mbps
86921 ms [UE 42234] UL Throughput = 0.0 Mbps
87022 ms [UE 30040] UL Throughput = 0.0 Mbps
87022 ms [UE 42234] UL Throughput = 0.0 Mbps
87111 ms [UE 30040] UL Throughput = 0.0 Mbps
87111 ms [UE 42234] UL Throughput = 0.0 Mbps
87190 ms [UE 30040] UL Throughput = 0.0 Mbps
87190 ms [UE 42234] UL Throughput = 0.0 Mbps
87317 ms [UE 42234] UL Throughput = 0.07075 Mbps
87444 ms [UE 30040] UL Throughput = 0.09753 Mbps
87444 ms [UE 42234] UL Throughput = 0.08511 Mbps
87559 ms [UE 42234] UL Throughput = 0.0 Mbps
87565 ms [UE 30040] UL Throughput = 0.0 Mbps
87565 ms [UE 42234] UL Throughput = 0.06405 Mbps
87661 ms [UE 30040] UL Throughput = 0.06848 Mbps
87667 ms [UE 30040] UL Throughput = 0.09454 Mbps
87667 ms [UE 42234] UL Throughput = 0.09021 Mbps
87755 ms [UE 30040] UL Throughput = 0.0 Mbps
87755 ms [UE 42234] UL Throughput = 0.0 Mbps
87841 ms [UE 30040] UL Throughput = 0.0 Mbps
87841 ms [UE 42234] UL Throughput = 0.02662 Mbps
87845 ms [UE 30040] UL Throughput = 0.0 Mbps
87845 ms [UE 42234] UL Throughput = 0.08723 Mbps
87920 ms [UE 30040] UL Throughput = 0.06328 Mbps
87920 ms [UE 42234] UL Throughput = 0.04242 Mbps
88009 ms [UE 30040] UL Throughput = 0.0101 Mbps
88009 ms [UE 42234] UL Throughput = 0.03721 Mbps
88116 ms [UE 30040] UL Throughput = 0.01356 Mbps
88116 ms [UE 42234] UL Throughput = 0.07417 Mbps
88249 ms [UE 30040] UL Throughput = 0.05154 Mbps
88249 ms [UE 42234] UL Throughput = 0.0 Mbps
88363 ms [UE 30040] UL Throughput = 0.0 Mbps
88363 ms [UE 42234] UL Throughput = 0.07081 Mbps
88453 ms [UE 30040] UL Throughput = 0.0 Mbps
88453 ms [UE 42234] UL Throughput = 0.07978 Mbps
88540 ms [UE 42234] UL Throughput = 0.0 Mbps
88652 ms [UE 30040] UL Throughput = 0.0537 Mbps
88652 ms [UE 42234] UL Throughput = 0.05034 Mbps
88768 ms [UE 30040] UL Throughput = 0.01238 Mbps
88768 ms [UE 42234] UL Throughput = 0.0 Mbps
88864 ms [UE 30040] UL Throughput = 0.0 Mbps
88864 ms [UE 42234] UL Throughput = 0.02672 Mbps
88869 ms [UE 30040] UL Throughput = 0.0557 Mbps
88869 ms [UE 42234] UL Throughput = 0.03493 Mbps
88983 ms [UE 42234] UL Throughput = 0.08895 Mbps
89085 ms [UE 30040] UL Throughput = 0.06372 Mbps
89085 ms [UE 42234] UL Throughput = 0.09283 Mbps
89192 ms [UE 30040] UL Throughput = 0.06484 Mbps
89192 ms [UE 42234] UL Throughput = 0.05542 Mbps
89299 ms [UE 30040] UL Throughput = 0.04774 Mbps
89299 ms [UE 42234] UL Throughput = 0.0 Mbps
89301 ms [UE 30040] UL Throughput = 0.01004 Mbps
89301 ms [UE 42234] UL Throughput = 0.0 Mbps
89302 ms [UE 30040] UL Throughput = 0.0 Mbps
89302 ms [UE 42234] UL Throughput = 0.09686 Mbps
89381 ms [UE 30040] UL Throughput = 0.03735 Mbps
89381 ms [UE 42234] UL Throughput = 0.01 Mbps
89385 ms [UE 30040] UL Throughput = 0.03695 Mbps
89385 ms [UE 42234] UL Throughput = 0.07805 Mbps
89456 ms [UE 42234] UL Throughput = 0.06501 Mbps
89560 ms [UE 30040] UL Throughput = 0.09794 Mbps
89560 ms [UE 42234] UL Throughput = 0.06629 Mbps
89653 ms [UE 30040] UL Throughput = 0.0686 Mbps
89653 ms [UE 42234] UL Throughput = 0.0 Mbps
89723 ms [UE 30040] UL Throughput = 0.01823 Mbps
89723 ms [UE 42234] UL Throughput = 0.0 Mbps
89833 ms [UE 30040] UL Throughput = 0.09633 Mbps
