[UTIL]: Setting the config -c file to /usr/local/etc/flexric/flexric.conf
[UTIL]: Setting path -p for the shared libraries to /usr/local/lib/flexric/
[xAapp]: Initializing ... 
[xApp]: nearRT-RIC IP Address = 192.168.70.150, PORT = 36422
[E2 AGENT]: Opening plugin from path = /usr/local/lib/flexric/libkpm_sm.so 
[E2 AGENT]: Opening plugin from path = /usr/local/lib/flexric/libmac_sm.so 
[E2 AGENT]: Opening plugin from path = /usr/local/lib/flexric/libpdcp_sm.so 
[E2 AGENT]: Opening plugin from path = /usr/local/lib/flexric/libgtp_sm.so 
[E2 AGENT]: Opening plugin from path = /usr/local/lib/flexric/librc_sm.so 
[E2 AGENT]: Opening plugin from path = /usr/local/lib/flexric/libtc_sm.so 
[E2 AGENT]: Opening plugin from path = /usr/local/lib/flexric/librlc_sm.so 
[E2 AGENT]: Opening plugin from path = /usr/local/lib/flexric/libslice_sm.so 
[NEAR-RIC]: Loading SM ID = 2 with def = ORAN-E2SM-KPM 
[NEAR-RIC]: Loading SM ID = 142 with def = MAC_STATS_V0 
[NEAR-RIC]: Loading SM ID = 144 with def = PDCP_STATS_V0 
[NEAR-RIC]: Loading SM ID = 148 with def = GTP_STATS_V0 
[NEAR-RIC]: Loading SM ID = 3 with def = ORAN-E2SM-RC 
[NEAR-RIC]: Loading SM ID = 146 with def = TC_STATS_V0 
[NEAR-RIC]: Loading SM ID = 143 with def = RLC_STATS_V0 
[NEAR-RIC]: Loading SM ID = 145 with def = SLICE_STATS_V0 
[xApp]: DB filename = /tmp/flexric/xapp_db 
 [xApp]: E42 SETUP-REQUEST tx
[xApp]: E42 SETUP-RESPONSE rx 
[xApp]: xApp ID = 11 
[xApp]: Registered E2 Nodes = 4 
Connected E2 nodes = 4
[xAPP] Registered node 0 ran func id = 2
[xAPP] Registered node 0 ran func id = 3
[xAPP] Registered node 0 ran func id = 142
[xAPP] Registered node 0 ran func id = 143
[xAPP] Registered node 0 ran func id = 144
[xAPP] Registered node 0 ran func id = 145
[xAPP] Registered node 0 ran func id = 146
[xAPP] Registered node 0 ran func id = 148
[xApp]: E42 RIC SUBSCRIPTION REQUEST tx RAN_FUNC_ID 144 RIC_REQ_ID 1 
[xApp]: SUBSCRIPTION RESPONSE rx
[xApp]: Successfully subscribed to RAN_FUNC_ID 144 
[xAPP] Registered node 1 ran func id = 2
[xAPP] Registered node 1 ran func id = 3
[xAPP] Registered node 1 ran func id = 142
[xAPP] Registered node 1 ran func id = 143
[xAPP] Registered node 1 ran func id = 144
[xAPP] Registered node 1 ran func id = 145
[xAPP] Registered node 1 ran func id = 146
[xAPP] Registered node 1 ran func id = 148
[xAPP] Registered node 2 ran func id = 2
[xAPP] Registered node 2 ran func id = 3
[xAPP] Registered node 2 ran func id = 142
[xAPP] Registered node 2 ran func id = 143
[xAPP] Registered node 2 ran func id = 144
[xAPP] Registered node 2 ran func id = 145
[xAPP] Registered node 2 ran func id = 146
[xAPP] Registered node 2 ran func id = 148
[xApp]: E42 RIC SUBSCRIPTION REQUEST tx RAN_FUNC_ID 142 RIC_REQ_ID 2 
7 ms | now=1755815452085481 us | PDCP ind_msg latency=71856988 us
[xApp]: SUBSCRIPTION RESPONSE rx
[xApp]: Successfully subscribed to RAN_FUNC_ID 142 
[xAPP] Registered node 3 ran func id = 2
[xAPP] Registered node 3 ran func id = 3
[xAPP] Registered node 3 ran func id = 142
[xAPP] Registered node 3 ran func id = 143
[xAPP] Registered node 3 ran func id = 144
[xAPP] Registered node 3 ran func id = 145
[xAPP] Registered node 3 ran func id = 146
[xAPP] Registered node 3 ran func id = 148
[xApp]: E42 RIC SUBSCRIPTION REQUEST tx RAN_FUNC_ID 142 RIC_REQ_ID 3 
[xApp]: SUBSCRIPTION RESPONSE rx
[xApp]: Successfully subscribed to RAN_FUNC_ID 142 
492 ms [UE 30040] UL Throughput = 0.08267 Mbps
492 ms [UE 42234] UL Throughput = 0.0 Mbps
495 ms [UE 30040] UL Throughput = 0.06333 Mbps
495 ms [UE 42234] UL Throughput = 0.0 Mbps
592 ms [UE 30040] UL Throughput = 0.0 Mbps
692 ms [UE 30040] UL Throughput = 0.0 Mbps
799 ms [UE 30040] UL Throughput = 0.0 Mbps
799 ms [UE 42234] UL Throughput = 0.04462 Mbps
858 ms [UE 30040] UL Throughput = 0.0 Mbps
858 ms [UE 42234] UL Throughput = 0.0 Mbps
971 ms [UE 30040] UL Throughput = 0.0 Mbps
971 ms [UE 42234] UL Throughput = 0.09531 Mbps
976 ms [UE 30040] UL Throughput = 0.07902 Mbps
1063 ms [UE 30040] UL Throughput = 0.0 Mbps
1063 ms [UE 42234] UL Throughput = 0.0 Mbps
1065 ms [UE 30040] UL Throughput = 0.0 Mbps
1065 ms [UE 42234] UL Throughput = 0.0 Mbps
1188 ms [UE 30040] UL Throughput = 0.07127 Mbps
1188 ms [UE 42234] UL Throughput = 0.0 Mbps
1270 ms [UE 30040] UL Throughput = 0.0 Mbps
1270 ms [UE 42234] UL Throughput = 0.0 Mbps
1359 ms [UE 30040] UL Throughput = 0.01136 Mbps
1359 ms [UE 42234] UL Throughput = 0.0 Mbps
1484 ms [UE 30040] UL Throughput = 0.0 Mbps
1484 ms [UE 42234] UL Throughput = 0.01182 Mbps
1593 ms [UE 30040] UL Throughput = 0.0 Mbps
1593 ms [UE 42234] UL Throughput = 0.0 Mbps
1597 ms [UE 30040] UL Throughput = 0.14573 Mbps
1707 ms [UE 30040] UL Throughput = 0.0575 Mbps
1707 ms [UE 42234] UL Throughput = 0.12846 Mbps
1822 ms [UE 30040] UL Throughput = 0.04977 Mbps
1822 ms [UE 42234] UL Throughput = 0.0 Mbps
1942 ms [UE 42234] UL Throughput = 0.0 Mbps
2056 ms [UE 30040] UL Throughput = 0.0 Mbps
2056 ms [UE 42234] UL Throughput = 0.0 Mbps
2061 ms [UE 30040] UL Throughput = 0.09068 Mbps
2061 ms [UE 42234] UL Throughput = 0.04575 Mbps
2148 ms [UE 30040] UL Throughput = 0.05276 Mbps
2148 ms [UE 42234] UL Throughput = 0.08938 Mbps
2259 ms [UE 30040] UL Throughput = 0.0 Mbps
2259 ms [UE 42234] UL Throughput = 0.0 Mbps
2378 ms [UE 30040] UL Throughput = 0.04891 Mbps
2462 ms [UE 42234] UL Throughput = 0.08798 Mbps
2565 ms [UE 30040] UL Throughput = 0.0 Mbps
2565 ms [UE 42234] UL Throughput = 0.0 Mbps
2570 ms [UE 42234] UL Throughput = 0.07366 Mbps
2574 ms [UE 42234] UL Throughput = 0.0 Mbps
2644 ms [UE 30040] UL Throughput = 0.0 Mbps
2644 ms [UE 42234] UL Throughput = 0.05656 Mbps
2761 ms [UE 30040] UL Throughput = 0.02684 Mbps
2761 ms [UE 42234] UL Throughput = 0.07086 Mbps
2863 ms [UE 30040] UL Throughput = 0.09525 Mbps
2863 ms [UE 42234] UL Throughput = 0.0 Mbps
2968 ms [UE 30040] UL Throughput = 0.04518 Mbps
2968 ms [UE 42234] UL Throughput = 0.06832 Mbps
3081 ms [UE 30040] UL Throughput = 0.02329 Mbps
3081 ms [UE 42234] UL Throughput = 0.0952 Mbps
3156 ms [UE 30040] UL Throughput = 0.0 Mbps
3156 ms [UE 42234] UL Throughput = 0.0 Mbps
3250 ms [UE 30040] UL Throughput = 0.03837 Mbps
3250 ms [UE 42234] UL Throughput = 0.03609 Mbps
3363 ms [UE 30040] UL Throughput = 0.07236 Mbps
3363 ms [UE 42234] UL Throughput = 0.09783 Mbps
3369 ms [UE 30040] UL Throughput = 0.0 Mbps
3369 ms [UE 42234] UL Throughput = 0.0 Mbps
3466 ms [UE 30040] UL Throughput = 0.0 Mbps
3466 ms [UE 42234] UL Throughput = 0.0 Mbps
3562 ms [UE 30040] UL Throughput = 0.05659 Mbps
3562 ms [UE 42234] UL Throughput = 0.11023 Mbps
3671 ms [UE 42234] UL Throughput = 0.0 Mbps
3775 ms [UE 30040] UL Throughput = 0.0 Mbps
3775 ms [UE 42234] UL Throughput = 0.0 Mbps
3781 ms [UE 30040] UL Throughput = 0.02727 Mbps
3781 ms [UE 42234] UL Throughput = 0.08153 Mbps
3879 ms [UE 30040] UL Throughput = 0.0 Mbps
3879 ms [UE 42234] UL Throughput = 0.02879 Mbps
4000 ms [UE 30040] UL Throughput = 0.0 Mbps
4000 ms [UE 42234] UL Throughput = 0.0 Mbps
4138 ms [UE 30040] UL Throughput = 0.0 Mbps
4138 ms [UE 42234] UL Throughput = 0.0 Mbps
4226 ms [UE 30040] UL Throughput = 0.02372 Mbps
4226 ms [UE 42234] UL Throughput = 0.0 Mbps
4344 ms [UE 30040] UL Throughput = 0.0 Mbps
4344 ms [UE 42234] UL Throughput = 0.09405 Mbps
4432 ms [UE 30040] UL Throughput = 0.06807 Mbps
4432 ms [UE 42234] UL Throughput = 0.01209 Mbps
4534 ms [UE 42234] UL Throughput = 0.01699 Mbps
4617 ms [UE 30040] UL Throughput = 0.0 Mbps
4617 ms [UE 42234] UL Throughput = 0.01301 Mbps
4720 ms [UE 30040] UL Throughput = 0.0 Mbps
4720 ms [UE 42234] UL Throughput = 0.0 Mbps
4824 ms [UE 30040] UL Throughput = 0.0 Mbps
4824 ms [UE 42234] UL Throughput = 0.08826 Mbps
4919 ms [UE 30040] UL Throughput = 0.09081 Mbps
5008 ms [UE 30040] UL Throughput = 0.06656 Mbps
5008 ms [UE 42234] UL Throughput = 0.07399 Mbps
5098 ms [UE 42234] UL Throughput = 0.09627 Mbps
5196 ms [UE 30040] UL Throughput = 0.0 Mbps
5196 ms [UE 42234] UL Throughput = 0.01348 Mbps
5276 ms [UE 30040] UL Throughput = 0.0 Mbps
5276 ms [UE 42234] UL Throughput = 0.03233 Mbps
5281 ms [UE 30040] UL Throughput = 0.0 Mbps
5281 ms [UE 42234] UL Throughput = 0.04369 Mbps
5384 ms [UE 30040] UL Throughput = 0.06699 Mbps
5384 ms [UE 42234] UL Throughput = 0.0 Mbps
5460 ms [UE 30040] UL Throughput = 0.05023 Mbps
5460 ms [UE 42234] UL Throughput = 0.0 Mbps
5532 ms [UE 42234] UL Throughput = 0.0 Mbps
5609 ms [UE 30040] UL Throughput = 0.07903 Mbps
5609 ms [UE 42234] UL Throughput = 0.0 Mbps
5718 ms [UE 30040] UL Throughput = 0.0 Mbps
5718 ms [UE 42234] UL Throughput = 0.0 Mbps
5847 ms [UE 30040] UL Throughput = 0.02256 Mbps
5847 ms [UE 42234] UL Throughput = 0.06303 Mbps
5954 ms [UE 30040] UL Throughput = 0.0601 Mbps
5954 ms [UE 42234] UL Throughput = 0.0 Mbps
6029 ms [UE 30040] UL Throughput = 0.07846 Mbps
6029 ms [UE 42234] UL Throughput = 0.05156 Mbps
6033 ms [UE 42234] UL Throughput = 0.11544 Mbps
6111 ms [UE 30040] UL Throughput = 0.05245 Mbps
6111 ms [UE 42234] UL Throughput = 0.01763 Mbps
6206 ms [UE 30040] UL Throughput = 0.0 Mbps
6206 ms [UE 42234] UL Throughput = 0.0 Mbps
6309 ms [UE 30040] UL Throughput = 0.0 Mbps
6309 ms [UE 42234] UL Throughput = 0.0 Mbps
6381 ms [UE 30040] UL Throughput = 0.02067 Mbps
6381 ms [UE 42234] UL Throughput = 0.03898 Mbps
6385 ms [UE 42234] UL Throughput = 0.03304 Mbps
6488 ms [UE 30040] UL Throughput = 0.02392 Mbps
6578 ms [UE 30040] UL Throughput = 0.0315 Mbps
6667 ms [UE 30040] UL Throughput = 0.01928 Mbps
6775 ms [UE 42234] UL Throughput = 0.0 Mbps
6891 ms [UE 30040] UL Throughput = 0.07959 Mbps
6891 ms [UE 42234] UL Throughput = 0.04359 Mbps
6955 ms [UE 30040] UL Throughput = 0.0 Mbps
6955 ms [UE 42234] UL Throughput = 0.02437 Mbps
7022 ms [UE 30040] UL Throughput = 0.0 Mbps
7022 ms [UE 42234] UL Throughput = 0.08173 Mbps
7108 ms [UE 30040] UL Throughput = 0.0 Mbps
7108 ms [UE 42234] UL Throughput = 0.0 Mbps
7207 ms [UE 30040] UL Throughput = 0.0 Mbps
7207 ms [UE 42234] UL Throughput = 0.0 Mbps
7310 ms [UE 30040] UL Throughput = 0.0 Mbps
7310 ms [UE 42234] UL Throughput = 0.0 Mbps
7442 ms [UE 30040] UL Throughput = 0.0 Mbps
7442 ms [UE 42234] UL Throughput = 0.09241 Mbps
7443 ms [UE 30040] UL Throughput = 0.09363 Mbps
7443 ms [UE 42234] UL Throughput = 0.09504 Mbps
7550 ms [UE 30040] UL Throughput = 0.071 Mbps
7550 ms [UE 42234] UL Throughput = 0.0 Mbps
7667 ms [UE 30040] UL Throughput = 0.0 Mbps
7667 ms [UE 42234] UL Throughput = 0.0 Mbps
7747 ms [UE 30040] UL Throughput = 0.08389 Mbps
7747 ms [UE 42234] UL Throughput = 0.02848 Mbps
7852 ms [UE 42234] UL Throughput = 0.09915 Mbps
7945 ms [UE 42234] UL Throughput = 0.01799 Mbps
8030 ms [UE 30040] UL Throughput = 0.04261 Mbps
8030 ms [UE 42234] UL Throughput = 0.0 Mbps
8136 ms [UE 30040] UL Throughput = 0.06722 Mbps
8136 ms [UE 42234] UL Throughput = 0.0 Mbps
8140 ms [UE 30040] UL Throughput = 0.08196 Mbps
8146 ms [UE 30040] UL Throughput = 0.0433 Mbps
8235 ms [UE 30040] UL Throughput = 0.05641 Mbps
8235 ms [UE 42234] UL Throughput = 0.08963 Mbps
8326 ms [UE 30040] UL Throughput = 0.05562 Mbps
8326 ms [UE 42234] UL Throughput = 0.0 Mbps
8331 ms [UE 30040] UL Throughput = 0.0174 Mbps
8331 ms [UE 42234] UL Throughput = 0.0 Mbps
8435 ms [UE 42234] UL Throughput = 0.0 Mbps
8545 ms [UE 30040] UL Throughput = 0.0 Mbps
8545 ms [UE 42234] UL Throughput = 0.0 Mbps
8604 ms [UE 30040] UL Throughput = 0.05999 Mbps
8604 ms [UE 42234] UL Throughput = 0.03441 Mbps
8691 ms [UE 30040] UL Throughput = 0.04218 Mbps
8798 ms [UE 30040] UL Throughput = 0.09005 Mbps
8798 ms [UE 42234] UL Throughput = 0.0 Mbps
8889 ms [UE 30040] UL Throughput = 0.07503 Mbps
8889 ms [UE 42234] UL Throughput = 0.0 Mbps
8959 ms [UE 30040] UL Throughput = 0.10719 Mbps
8959 ms [UE 42234] UL Throughput = 0.0 Mbps
9078 ms [UE 30040] UL Throughput = 0.06388 Mbps
9078 ms [UE 42234] UL Throughput = 0.0 Mbps
9157 ms [UE 30040] UL Throughput = 0.07865 Mbps
9157 ms [UE 42234] UL Throughput = 0.0 Mbps
9260 ms [UE 30040] UL Throughput = 0.04164 Mbps
9260 ms [UE 42234] UL Throughput = 0.11436 Mbps
9384 ms [UE 30040] UL Throughput = 0.0853 Mbps
9384 ms [UE 42234] UL Throughput = 0.0 Mbps
9489 ms [UE 30040] UL Throughput = 0.02522 Mbps
9489 ms [UE 42234] UL Throughput = 0.10494 Mbps
9623 ms [UE 30040] UL Throughput = 0.03681 Mbps
9623 ms [UE 42234] UL Throughput = 0.0 Mbps
9720 ms [UE 30040] UL Throughput = 0.04158 Mbps
9720 ms [UE 42234] UL Throughput = 0.08829 Mbps
9795 ms [UE 30040] UL Throughput = 0.0 Mbps
9929 ms [UE 42234] UL Throughput = 0.02726 Mbps
10002 ms [UE 30040] UL Throughput = 0.0 Mbps
10002 ms [UE 42234] UL Throughput = 0.08198 Mbps
10094 ms [UE 30040] UL Throughput = 0.0 Mbps
10094 ms [UE 42234] UL Throughput = 0.0 Mbps
10181 ms [UE 30040] UL Throughput = 0.05056 Mbps
10181 ms [UE 42234] UL Throughput = 0.05941 Mbps
10283 ms [UE 30040] UL Throughput = 0.0 Mbps
10283 ms [UE 42234] UL Throughput = 0.0 Mbps
10402 ms [UE 30040] UL Throughput = 0.0 Mbps
10402 ms [UE 42234] UL Throughput = 0.0 Mbps
10505 ms [UE 42234] UL Throughput = 0.0 Mbps
10612 ms [UE 30040] UL Throughput = 0.09879 Mbps
10612 ms [UE 42234] UL Throughput = 0.0 Mbps
10734 ms [UE 30040] UL Throughput = 0.09916 Mbps
10734 ms [UE 42234] UL Throughput = 0.01274 Mbps
10807 ms [UE 30040] UL Throughput = 0.0 Mbps
10807 ms [UE 42234] UL Throughput = 0.0 Mbps
10884 ms [UE 30040] UL Throughput = 0.03182 Mbps
10884 ms [UE 42234] UL Throughput = 0.03565 Mbps
10977 ms [UE 30040] UL Throughput = 0.0 Mbps
10977 ms [UE 42234] UL Throughput = 0.03422 Mbps
10979 ms [UE 30040] UL Throughput = 0.05796 Mbps
11076 ms [UE 30040] UL Throughput = 0.08234 Mbps
11076 ms [UE 42234] UL Throughput = 0.03243 Mbps
11167 ms [UE 30040] UL Throughput = 0.06274 Mbps
11167 ms [UE 42234] UL Throughput = 0.09317 Mbps
11172 ms [UE 30040] UL Throughput = 0.08128 Mbps
11172 ms [UE 42234] UL Throughput = 0.0591 Mbps
11278 ms [UE 30040] UL Throughput = 0.02478 Mbps
11278 ms [UE 42234] UL Throughput = 0.0 Mbps
11382 ms [UE 30040] UL Throughput = 0.02053 Mbps
11382 ms [UE 42234] UL Throughput = 0.058 Mbps
11482 ms [UE 30040] UL Throughput = 0.0 Mbps
11482 ms [UE 42234] UL Throughput = 0.07454 Mbps
11486 ms [UE 30040] UL Throughput = 0.07444 Mbps
11486 ms [UE 42234] UL Throughput = 0.08982 Mbps
11579 ms [UE 30040] UL Throughput = 0.0 Mbps
11686 ms [UE 30040] UL Throughput = 0.0 Mbps
11686 ms [UE 42234] UL Throughput = 0.0905 Mbps
11796 ms [UE 30040] UL Throughput = 0.0 Mbps
11796 ms [UE 42234] UL Throughput = 0.0 Mbps
11891 ms [UE 30040] UL Throughput = 0.02201 Mbps
11891 ms [UE 42234] UL Throughput = 0.0 Mbps
11896 ms [UE 30040] UL Throughput = 0.02865 Mbps
11896 ms [UE 42234] UL Throughput = 0.09812 Mbps
11901 ms [UE 30040] UL Throughput = 0.0 Mbps
11901 ms [UE 42234] UL Throughput = 0.05036 Mbps
11987 ms [UE 30040] UL Throughput = 0.09603 Mbps
11987 ms [UE 42234] UL Throughput = 0.01824 Mbps
12059 ms [UE 30040] UL Throughput = 0.0 Mbps
12059 ms [UE 42234] UL Throughput = 0.06024 Mbps
12164 ms [UE 30040] UL Throughput = 0.10232 Mbps
12164 ms [UE 42234] UL Throughput = 0.0 Mbps
12166 ms [UE 30040] UL Throughput = 0.09704 Mbps
12166 ms [UE 42234] UL Throughput = 0.0 Mbps
12169 ms [UE 30040] UL Throughput = 0.0 Mbps
12169 ms [UE 42234] UL Throughput = 0.0 Mbps
12260 ms [UE 30040] UL Throughput = 0.0 Mbps
12260 ms [UE 42234] UL Throughput = 0.04853 Mbps
12380 ms [UE 30040] UL Throughput = 0.0 Mbps
12380 ms [UE 42234] UL Throughput = 0.0 Mbps
12385 ms [UE 30040] UL Throughput = 0.09902 Mbps
12475 ms [UE 30040] UL Throughput = 0.0 Mbps
12571 ms [UE 30040] UL Throughput = 0.0 Mbps
12571 ms [UE 42234] UL Throughput = 0.02867 Mbps
12667 ms [UE 42234] UL Throughput = 0.0 Mbps
12770 ms [UE 30040] UL Throughput = 0.04313 Mbps
12770 ms [UE 42234] UL Throughput = 0.0872 Mbps
12864 ms [UE 42234] UL Throughput = 0.03247 Mbps
12968 ms [UE 30040] UL Throughput = 0.0 Mbps
12968 ms [UE 42234] UL Throughput = 0.02149 Mbps
13080 ms [UE 30040] UL Throughput = 0.02343 Mbps
13080 ms [UE 42234] UL Throughput = 0.05755 Mbps
13171 ms [UE 42234] UL Throughput = 0.0 Mbps
13262 ms [UE 30040] UL Throughput = 0.0 Mbps
13262 ms [UE 42234] UL Throughput = 0.0 Mbps
13368 ms [UE 30040] UL Throughput = 0.0 Mbps
13368 ms [UE 42234] UL Throughput = 0.08918 Mbps
13451 ms [UE 30040] UL Throughput = 0.04507 Mbps
13451 ms [UE 42234] UL Throughput = 0.0 Mbps
13456 ms [UE 42234] UL Throughput = 0.02061 Mbps
13550 ms [UE 30040] UL Throughput = 0.0 Mbps
13550 ms [UE 42234] UL Throughput = 0.0942 Mbps
13679 ms [UE 30040] UL Throughput = 0.0 Mbps
13679 ms [UE 42234] UL Throughput = 0.0731 Mbps
13787 ms [UE 30040] UL Throughput = 0.12707 Mbps
13787 ms [UE 42234] UL Throughput = 0.07811 Mbps
13879 ms [UE 30040] UL Throughput = 0.09433 Mbps
13885 ms [UE 30040] UL Throughput = 0.0956 Mbps
13970 ms [UE 30040] UL Throughput = 0.0 Mbps
13970 ms [UE 42234] UL Throughput = 0.0 Mbps
13976 ms [UE 30040] UL Throughput = 0.07021 Mbps
13976 ms [UE 42234] UL Throughput = 0.0 Mbps
14077 ms [UE 42234] UL Throughput = 0.0 Mbps
14186 ms [UE 30040] UL Throughput = 0.02331 Mbps
14186 ms [UE 42234] UL Throughput = 0.0 Mbps
14289 ms [UE 30040] UL Throughput = 0.0 Mbps
14289 ms [UE 42234] UL Throughput = 0.0 Mbps
14373 ms [UE 30040] UL Throughput = 0.07903 Mbps
14492 ms [UE 30040] UL Throughput = 0.08977 Mbps
14492 ms [UE 42234] UL Throughput = 0.07334 Mbps
14593 ms [UE 30040] UL Throughput = 0.03916 Mbps
14593 ms [UE 42234] UL Throughput = 0.0 Mbps
14678 ms [UE 30040] UL Throughput = 0.0 Mbps
14680 ms [UE 42234] UL Throughput = 0.06264 Mbps
14774 ms [UE 42234] UL Throughput = 0.06375 Mbps
14851 ms [UE 30040] UL Throughput = 0.0 Mbps
14851 ms [UE 42234] UL Throughput = 0.0 Mbps
14942 ms [UE 30040] UL Throughput = 0.0561 Mbps
14942 ms [UE 42234] UL Throughput = 0.01851 Mbps
15030 ms [UE 30040] UL Throughput = 0.07197 Mbps
15030 ms [UE 42234] UL Throughput = 0.0 Mbps
15122 ms [UE 42234] UL Throughput = 0.0 Mbps
15224 ms [UE 30040] UL Throughput = 0.05834 Mbps
15224 ms [UE 42234] UL Throughput = 0.02643 Mbps
15335 ms [UE 30040] UL Throughput = 0.01975 Mbps
15335 ms [UE 42234] UL Throughput = 0.07943 Mbps
15442 ms [UE 30040] UL Throughput = 0.0 Mbps
15442 ms [UE 42234] UL Throughput = 0.0 Mbps
15549 ms [UE 30040] UL Throughput = 0.0 Mbps
15549 ms [UE 42234] UL Throughput = 0.04487 Mbps
15644 ms [UE 30040] UL Throughput = 0.0694 Mbps
15644 ms [UE 42234] UL Throughput = 0.0647 Mbps
15751 ms [UE 30040] UL Throughput = 0.01035 Mbps
15751 ms [UE 42234] UL Throughput = 0.05135 Mbps
15871 ms [UE 30040] UL Throughput = 0.08202 Mbps
15871 ms [UE 42234] UL Throughput = 0.0 Mbps
15986 ms [UE 30040] UL Throughput = 0.03197 Mbps
15986 ms [UE 42234] UL Throughput = 0.09414 Mbps
16077 ms [UE 30040] UL Throughput = 0.09091 Mbps
16077 ms [UE 42234] UL Throughput = 0.03978 Mbps
16174 ms [UE 30040] UL Throughput = 0.0 Mbps
16174 ms [UE 42234] UL Throughput = 0.08953 Mbps
16282 ms [UE 30040] UL Throughput = 0.09965 Mbps
16282 ms [UE 42234] UL Throughput = 0.06087 Mbps
16374 ms [UE 30040] UL Throughput = 0.09032 Mbps
16374 ms [UE 42234] UL Throughput = 0.0 Mbps
16464 ms [UE 30040] UL Throughput = 0.04754 Mbps
16464 ms [UE 42234] UL Throughput = 0.0 Mbps
16570 ms [UE 30040] UL Throughput = 0.07408 Mbps
16570 ms [UE 42234] UL Throughput = 0.09777 Mbps
16571 ms [UE 30040] UL Throughput = 0.09384 Mbps
16571 ms [UE 42234] UL Throughput = 0.0 Mbps
16670 ms [UE 30040] UL Throughput = 0.0 Mbps
16670 ms [UE 42234] UL Throughput = 0.08404 Mbps
16781 ms [UE 30040] UL Throughput = 0.0 Mbps
16781 ms [UE 42234] UL Throughput = 0.07761 Mbps
16783 ms [UE 30040] UL Throughput = 0.0 Mbps
16783 ms [UE 42234] UL Throughput = 0.03721 Mbps
16868 ms [UE 42234] UL Throughput = 0.01903 Mbps
16958 ms [UE 30040] UL Throughput = 0.0 Mbps
16958 ms [UE 42234] UL Throughput = 0.0 Mbps
17083 ms [UE 30040] UL Throughput = 0.0 Mbps
17083 ms [UE 42234] UL Throughput = 0.0 Mbps
17188 ms [UE 30040] UL Throughput = 0.15833 Mbps
17188 ms [UE 42234] UL Throughput = 0.09583 Mbps
17277 ms [UE 30040] UL Throughput = 0.0 Mbps
17394 ms [UE 30040] UL Throughput = 0.02129 Mbps
17394 ms [UE 42234] UL Throughput = 0.01591 Mbps
17519 ms [UE 30040] UL Throughput = 0.05913 Mbps
17519 ms [UE 42234] UL Throughput = 0.0 Mbps
17639 ms [UE 30040] UL Throughput = 0.02032 Mbps
17639 ms [UE 42234] UL Throughput = 0.0 Mbps
17727 ms [UE 30040] UL Throughput = 0.0 Mbps
17727 ms [UE 42234] UL Throughput = 0.0 Mbps
17730 ms [UE 30040] UL Throughput = 0.0 Mbps
17831 ms [UE 30040] UL Throughput = 0.0 Mbps
17831 ms [UE 42234] UL Throughput = 0.07468 Mbps
17918 ms [UE 42234] UL Throughput = 0.0 Mbps
18013 ms [UE 30040] UL Throughput = 0.0 Mbps
18013 ms [UE 42234] UL Throughput = 0.06033 Mbps
18122 ms [UE 30040] UL Throughput = 0.06711 Mbps
18122 ms [UE 42234] UL Throughput = 0.08664 Mbps
18128 ms [UE 30040] UL Throughput = 0.0 Mbps
18128 ms [UE 42234] UL Throughput = 0.0 Mbps
18241 ms [UE 30040] UL Throughput = 0.09942 Mbps
18337 ms [UE 30040] UL Throughput = 0.12854 Mbps
18337 ms [UE 42234] UL Throughput = 0.09955 Mbps
18457 ms [UE 30040] UL Throughput = 0.06495 Mbps
18457 ms [UE 42234] UL Throughput = 0.01019 Mbps
18550 ms [UE 30040] UL Throughput = 0.0 Mbps
18550 ms [UE 42234] UL Throughput = 0.0 Mbps
18676 ms [UE 30040] UL Throughput = 0.03899 Mbps
18676 ms [UE 42234] UL Throughput = 0.03416 Mbps
18677 ms [UE 30040] UL Throughput = 0.08924 Mbps
18677 ms [UE 42234] UL Throughput = 0.05141 Mbps
18760 ms [UE 30040] UL Throughput = 0.02833 Mbps
18760 ms [UE 42234] UL Throughput = 0.04578 Mbps
18766 ms [UE 30040] UL Throughput = 0.06925 Mbps
18766 ms [UE 42234] UL Throughput = 0.0 Mbps
18862 ms [UE 30040] UL Throughput = 0.0 Mbps
18862 ms [UE 42234] UL Throughput = 0.0 Mbps
18865 ms [UE 30040] UL Throughput = 0.04497 Mbps
18865 ms [UE 42234] UL Throughput = 0.06092 Mbps
18870 ms [UE 30040] UL Throughput = 0.01054 Mbps
18960 ms [UE 30040] UL Throughput = 0.07275 Mbps
18960 ms [UE 42234] UL Throughput = 0.036 Mbps
19083 ms [UE 30040] UL Throughput = 0.0 Mbps
19087 ms [UE 30040] UL Throughput = 0.02569 Mbps
19087 ms [UE 42234] UL Throughput = 0.02217 Mbps
19202 ms [UE 30040] UL Throughput = 0.0 Mbps
19202 ms [UE 42234] UL Throughput = 0.0 Mbps
19312 ms [UE 30040] UL Throughput = 0.0 Mbps
19312 ms [UE 42234] UL Throughput = 0.0679 Mbps
19413 ms [UE 42234] UL Throughput = 0.09749 Mbps
19529 ms [UE 30040] UL Throughput = 0.0 Mbps
19609 ms [UE 30040] UL Throughput = 0.0 Mbps
19609 ms [UE 42234] UL Throughput = 0.07869 Mbps
19714 ms [UE 30040] UL Throughput = 0.01262 Mbps
19714 ms [UE 42234] UL Throughput = 0.0 Mbps
19818 ms [UE 30040] UL Throughput = 0.09667 Mbps
19818 ms [UE 42234] UL Throughput = 0.02025 Mbps
19824 ms [UE 30040] UL Throughput = 0.0 Mbps
19824 ms [UE 42234] UL Throughput = 0.02342 Mbps
19908 ms [UE 30040] UL Throughput = 0.0 Mbps
19908 ms [UE 42234] UL Throughput = 0.0 Mbps
19911 ms [UE 30040] UL Throughput = 0.0 Mbps
19911 ms [UE 42234] UL Throughput = 0.0 Mbps
20006 ms [UE 30040] UL Throughput = 0.0 Mbps
20006 ms [UE 42234] UL Throughput = 0.0 Mbps
20010 ms [UE 30040] UL Throughput = 0.0 Mbps
20010 ms [UE 42234] UL Throughput = 0.04158 Mbps
20117 ms [UE 30040] UL Throughput = 0.08378 Mbps
20117 ms [UE 42234] UL Throughput = 0.0 Mbps
20239 ms [UE 30040] UL Throughput = 0.05983 Mbps
20239 ms [UE 42234] UL Throughput = 0.0 Mbps
20243 ms [UE 30040] UL Throughput = 0.0 Mbps
20243 ms [UE 42234] UL Throughput = 0.0661 Mbps
20348 ms [UE 30040] UL Throughput = 0.0 Mbps
20348 ms [UE 42234] UL Throughput = 0.0 Mbps
20350 ms [UE 30040] UL Throughput = 0.0 Mbps
20353 ms [UE 30040] UL Throughput = 0.0 Mbps
20353 ms [UE 42234] UL Throughput = 0.0 Mbps
20457 ms [UE 30040] UL Throughput = 0.08088 Mbps
20535 ms [UE 30040] UL Throughput = 0.05283 Mbps
20535 ms [UE 42234] UL Throughput = 0.0 Mbps
20635 ms [UE 30040] UL Throughput = 0.09031 Mbps
20768 ms [UE 30040] UL Throughput = 0.0 Mbps
20768 ms [UE 42234] UL Throughput = 0.01322 Mbps
20877 ms [UE 42234] UL Throughput = 0.06725 Mbps
20879 ms [UE 30040] UL Throughput = 0.07071 Mbps
20879 ms [UE 42234] UL Throughput = 0.08044 Mbps
20993 ms [UE 30040] UL Throughput = 0.0 Mbps
20993 ms [UE 42234] UL Throughput = 0.0641 Mbps
21093 ms [UE 30040] UL Throughput = 0.0532 Mbps
21093 ms [UE 42234] UL Throughput = 0.0 Mbps
21098 ms [UE 30040] UL Throughput = 0.05847 Mbps
21098 ms [UE 42234] UL Throughput = 0.0 Mbps
21206 ms [UE 30040] UL Throughput = 0.0 Mbps
21206 ms [UE 42234] UL Throughput = 0.01434 Mbps
21207 ms [UE 30040] UL Throughput = 0.02909 Mbps
21207 ms [UE 42234] UL Throughput = 0.21884 Mbps
21211 ms [UE 30040] UL Throughput = 0.02859 Mbps
21211 ms [UE 42234] UL Throughput = 0.0 Mbps
21327 ms [UE 42234] UL Throughput = 0.09166 Mbps
21329 ms [UE 30040] UL Throughput = 0.0 Mbps
21329 ms [UE 42234] UL Throughput = 0.0 Mbps
21438 ms [UE 30040] UL Throughput = 0.05726 Mbps
21438 ms [UE 42234] UL Throughput = 0.0 Mbps
21532 ms [UE 30040] UL Throughput = 0.07974 Mbps
21532 ms [UE 42234] UL Throughput = 0.01199 Mbps
21649 ms [UE 30040] UL Throughput = 0.13462 Mbps
21724 ms [UE 30040] UL Throughput = 0.02388 Mbps
21724 ms [UE 42234] UL Throughput = 0.05391 Mbps
21830 ms [UE 30040] UL Throughput = 0.0 Mbps
21830 ms [UE 42234] UL Throughput = 0.0 Mbps
21922 ms [UE 30040] UL Throughput = 0.06807 Mbps
21922 ms [UE 42234] UL Throughput = 0.0 Mbps
22031 ms [UE 30040] UL Throughput = 0.0 Mbps
22031 ms [UE 42234] UL Throughput = 0.0 Mbps
22036 ms [UE 30040] UL Throughput = 0.09464 Mbps
22036 ms [UE 42234] UL Throughput = 0.07255 Mbps
22132 ms [UE 30040] UL Throughput = 0.0 Mbps
22132 ms [UE 42234] UL Throughput = 0.0427 Mbps
22251 ms [UE 42234] UL Throughput = 0.0 Mbps
22348 ms [UE 30040] UL Throughput = 0.0 Mbps
22348 ms [UE 42234] UL Throughput = 0.09004 Mbps
22352 ms [UE 30040] UL Throughput = 0.12387 Mbps
22352 ms [UE 42234] UL Throughput = 0.0 Mbps
22456 ms [UE 30040] UL Throughput = 0.01806 Mbps
22456 ms [UE 42234] UL Throughput = 0.0 Mbps
22561 ms [UE 30040] UL Throughput = 0.0668 Mbps
22561 ms [UE 42234] UL Throughput = 0.17891 Mbps
22642 ms [UE 30040] UL Throughput = 0.0 Mbps
22642 ms [UE 42234] UL Throughput = 0.0 Mbps
22647 ms [UE 30040] UL Throughput = 0.02592 Mbps
22647 ms [UE 42234] UL Throughput = 0.0 Mbps
22744 ms [UE 30040] UL Throughput = 0.0 Mbps
22744 ms [UE 42234] UL Throughput = 0.02271 Mbps
22846 ms [UE 30040] UL Throughput = 0.08273 Mbps
22846 ms [UE 42234] UL Throughput = 0.0 Mbps
22849 ms [UE 30040] UL Throughput = 0.08533 Mbps
22849 ms [UE 42234] UL Throughput = 0.0 Mbps
22952 ms [UE 30040] UL Throughput = 0.03594 Mbps
23043 ms [UE 30040] UL Throughput = 0.15285 Mbps
23043 ms [UE 42234] UL Throughput = 0.0 Mbps
23140 ms [UE 30040] UL Throughput = 0.0 Mbps
23142 ms [UE 42234] UL Throughput = 0.07855 Mbps
23235 ms [UE 30040] UL Throughput = 0.0 Mbps
23235 ms [UE 42234] UL Throughput = 0.0 Mbps
23352 ms [UE 30040] UL Throughput = 0.01306 Mbps
23352 ms [UE 42234] UL Throughput = 0.0 Mbps
23451 ms [UE 30040] UL Throughput = 0.08816 Mbps
23451 ms [UE 42234] UL Throughput = 0.07071 Mbps
23558 ms [UE 30040] UL Throughput = 0.0 Mbps
23647 ms [UE 30040] UL Throughput = 0.07358 Mbps
23647 ms [UE 42234] UL Throughput = 0.0 Mbps
23757 ms [UE 30040] UL Throughput = 0.03711 Mbps
23757 ms [UE 42234] UL Throughput = 0.0 Mbps
23763 ms [UE 30040] UL Throughput = 0.06481 Mbps
23763 ms [UE 42234] UL Throughput = 0.08896 Mbps
23818 ms [UE 30040] UL Throughput = 0.0 Mbps
23912 ms [UE 30040] UL Throughput = 0.04787 Mbps
23912 ms [UE 42234] UL Throughput = 0.0833 Mbps
23989 ms [UE 30040] UL Throughput = 0.07778 Mbps
23989 ms [UE 42234] UL Throughput = 0.09109 Mbps
23992 ms [UE 42234] UL Throughput = 0.12613 Mbps
23996 ms [UE 30040] UL Throughput = 0.0 Mbps
23996 ms [UE 42234] UL Throughput = 0.0 Mbps
24117 ms [UE 30040] UL Throughput = 0.0 Mbps
24221 ms [UE 30040] UL Throughput = 0.15682 Mbps
24221 ms [UE 42234] UL Throughput = 0.0 Mbps
24224 ms [UE 30040] UL Throughput = 0.0 Mbps
24339 ms [UE 30040] UL Throughput = 0.0 Mbps
24339 ms [UE 42234] UL Throughput = 0.08265 Mbps
24415 ms [UE 30040] UL Throughput = 0.05557 Mbps
24415 ms [UE 42234] UL Throughput = 0.0881 Mbps
24515 ms [UE 30040] UL Throughput = 0.09771 Mbps
24515 ms [UE 42234] UL Throughput = 0.12369 Mbps
24616 ms [UE 30040] UL Throughput = 0.0 Mbps
24616 ms [UE 42234] UL Throughput = 0.04936 Mbps
24617 ms [UE 30040] UL Throughput = 0.0 Mbps
24617 ms [UE 42234] UL Throughput = 0.0 Mbps
24721 ms [UE 30040] UL Throughput = 0.06278 Mbps
24721 ms [UE 42234] UL Throughput = 0.0 Mbps
24809 ms [UE 30040] UL Throughput = 0.02035 Mbps
24809 ms [UE 42234] UL Throughput = 0.0 Mbps
24814 ms [UE 42234] UL Throughput = 0.05784 Mbps
24817 ms [UE 30040] UL Throughput = 0.02385 Mbps
24906 ms [UE 30040] UL Throughput = 0.14177 Mbps
25038 ms [UE 30040] UL Throughput = 0.0 Mbps
25038 ms [UE 42234] UL Throughput = 0.0 Mbps
25129 ms [UE 30040] UL Throughput = 0.0 Mbps
25129 ms [UE 42234] UL Throughput = 0.0 Mbps
25247 ms [UE 30040] UL Throughput = 0.03616 Mbps
25247 ms [UE 42234] UL Throughput = 0.0883 Mbps
25345 ms [UE 30040] UL Throughput = 0.07042 Mbps
25345 ms [UE 42234] UL Throughput = 0.07479 Mbps
25431 ms [UE 42234] UL Throughput = 0.03976 Mbps
25522 ms [UE 30040] UL Throughput = 0.0396 Mbps
25522 ms [UE 42234] UL Throughput = 0.09763 Mbps
25597 ms [UE 30040] UL Throughput = 0.11156 Mbps
25597 ms [UE 42234] UL Throughput = 0.0 Mbps
25695 ms [UE 42234] UL Throughput = 0.03765 Mbps
25777 ms [UE 30040] UL Throughput = 0.07875 Mbps
25777 ms [UE 42234] UL Throughput = 0.18468 Mbps
25782 ms [UE 30040] UL Throughput = 0.0 Mbps
25782 ms [UE 42234] UL Throughput = 0.0 Mbps
25864 ms [UE 30040] UL Throughput = 0.05609 Mbps
25864 ms [UE 42234] UL Throughput = 0.0 Mbps
25978 ms [UE 30040] UL Throughput = 0.03502 Mbps
25980 ms [UE 30040] UL Throughput = 0.01188 Mbps
25980 ms [UE 42234] UL Throughput = 0.04804 Mbps
26071 ms [UE 30040] UL Throughput = 0.02524 Mbps
26071 ms [UE 42234] UL Throughput = 0.07988 Mbps
26172 ms [UE 30040] UL Throughput = 0.09677 Mbps
26172 ms [UE 42234] UL Throughput = 0.0 Mbps
26283 ms [UE 30040] UL Throughput = 0.03015 Mbps
26283 ms [UE 42234] UL Throughput = 0.0538 Mbps
26287 ms [UE 30040] UL Throughput = 0.0 Mbps
26287 ms [UE 42234] UL Throughput = 0.07799 Mbps
26393 ms [UE 30040] UL Throughput = 0.0 Mbps
26393 ms [UE 42234] UL Throughput = 0.02733 Mbps
26492 ms [UE 30040] UL Throughput = 0.0 Mbps
26492 ms [UE 42234] UL Throughput = 0.0 Mbps
26496 ms [UE 30040] UL Throughput = 0.06964 Mbps
26496 ms [UE 42234] UL Throughput = 0.0 Mbps
26581 ms [UE 42234] UL Throughput = 0.07966 Mbps
26693 ms [UE 30040] UL Throughput = 0.07406 Mbps
26693 ms [UE 42234] UL Throughput = 0.05088 Mbps
26794 ms [UE 30040] UL Throughput = 0.11686 Mbps
26794 ms [UE 42234] UL Throughput = 0.08299 Mbps
26892 ms [UE 30040] UL Throughput = 0.03753 Mbps
26892 ms [UE 42234] UL Throughput = 0.02087 Mbps
26996 ms [UE 30040] UL Throughput = 0.0 Mbps
26996 ms [UE 42234] UL Throughput = 0.0 Mbps
27086 ms [UE 30040] UL Throughput = 0.0 Mbps
27086 ms [UE 42234] UL Throughput = 0.0693 Mbps
27171 ms [UE 30040] UL Throughput = 0.0 Mbps
27171 ms [UE 42234] UL Throughput = 0.0 Mbps
27288 ms [UE 30040] UL Throughput = 0.0 Mbps
27288 ms [UE 42234] UL Throughput = 0.04716 Mbps
27397 ms [UE 30040] UL Throughput = 0.0 Mbps
27397 ms [UE 42234] UL Throughput = 0.03588 Mbps
27401 ms [UE 30040] UL Throughput = 0.08935 Mbps
27401 ms [UE 42234] UL Throughput = 0.02797 Mbps
27402 ms [UE 30040] UL Throughput = 0.0 Mbps
27402 ms [UE 42234] UL Throughput = 0.03796 Mbps
27510 ms [UE 30040] UL Throughput = 0.06697 Mbps
27510 ms [UE 42234] UL Throughput = 0.05008 Mbps
27602 ms [UE 30040] UL Throughput = 0.07653 Mbps
27602 ms [UE 42234] UL Throughput = 0.0 Mbps
27721 ms [UE 30040] UL Throughput = 0.0 Mbps
27721 ms [UE 42234] UL Throughput = 0.04958 Mbps
27723 ms [UE 30040] UL Throughput = 0.0 Mbps
27723 ms [UE 42234] UL Throughput = 0.09867 Mbps
27729 ms [UE 30040] UL Throughput = 0.0 Mbps
27729 ms [UE 42234] UL Throughput = 0.09025 Mbps
27816 ms [UE 30040] UL Throughput = 0.01736 Mbps
27816 ms [UE 42234] UL Throughput = 0.0 Mbps
27901 ms [UE 30040] UL Throughput = 0.0 Mbps
27983 ms [UE 30040] UL Throughput = 0.05017 Mbps
27983 ms [UE 42234] UL Throughput = 0.0 Mbps
27985 ms [UE 30040] UL Throughput = 0.0 Mbps
27985 ms [UE 42234] UL Throughput = 0.0 Mbps
28071 ms [UE 30040] UL Throughput = 0.06125 Mbps
28071 ms [UE 42234] UL Throughput = 0.05229 Mbps
28181 ms [UE 30040] UL Throughput = 0.0813 Mbps
28181 ms [UE 42234] UL Throughput = 0.0 Mbps
28186 ms [UE 30040] UL Throughput = 0.0317 Mbps
28186 ms [UE 42234] UL Throughput = 0.03118 Mbps
28277 ms [UE 30040] UL Throughput = 0.0 Mbps
28277 ms [UE 42234] UL Throughput = 0.08481 Mbps
28383 ms [UE 30040] UL Throughput = 0.0 Mbps
28383 ms [UE 42234] UL Throughput = 0.01849 Mbps
28487 ms [UE 30040] UL Throughput = 0.04178 Mbps
28487 ms [UE 42234] UL Throughput = 0.0 Mbps
28576 ms [UE 30040] UL Throughput = 0.06245 Mbps
28576 ms [UE 42234] UL Throughput = 0.0 Mbps
28663 ms [UE 30040] UL Throughput = 0.0 Mbps
28663 ms [UE 42234] UL Throughput = 0.08945 Mbps
28785 ms [UE 30040] UL Throughput = 0.0 Mbps
28785 ms [UE 42234] UL Throughput = 0.0 Mbps
28886 ms [UE 30040] UL Throughput = 0.02082 Mbps
28886 ms [UE 42234] UL Throughput = 0.0 Mbps
28974 ms [UE 30040] UL Throughput = 0.02488 Mbps
28974 ms [UE 42234] UL Throughput = 0.0783 Mbps
29084 ms [UE 30040] UL Throughput = 0.03734 Mbps
29084 ms [UE 42234] UL Throughput = 0.08522 Mbps
29199 ms [UE 30040] UL Throughput = 0.05409 Mbps
29199 ms [UE 42234] UL Throughput = 0.06035 Mbps
29304 ms [UE 30040] UL Throughput = 0.04267 Mbps
29393 ms [UE 30040] UL Throughput = 0.03346 Mbps
29393 ms [UE 42234] UL Throughput = 0.0 Mbps
29502 ms [UE 30040] UL Throughput = 0.02418 Mbps
29502 ms [UE 42234] UL Throughput = 0.05976 Mbps
29575 ms [UE 30040] UL Throughput = 0.0 Mbps
29575 ms [UE 42234] UL Throughput = 0.05553 Mbps
29658 ms [UE 30040] UL Throughput = 0.0 Mbps
29658 ms [UE 42234] UL Throughput = 0.01226 Mbps
29749 ms [UE 30040] UL Throughput = 0.05371 Mbps
29749 ms [UE 42234] UL Throughput = 0.0 Mbps
29851 ms [UE 30040] UL Throughput = 0.02334 Mbps
29851 ms [UE 42234] UL Throughput = 0.0 Mbps
29959 ms [UE 30040] UL Throughput = 0.0 Mbps
29959 ms [UE 42234] UL Throughput = 0.0 Mbps
30045 ms [UE 30040] UL Throughput = 0.0 Mbps
30045 ms [UE 42234] UL Throughput = 0.0 Mbps
30047 ms [UE 30040] UL Throughput = 0.0 Mbps
30047 ms [UE 42234] UL Throughput = 0.0 Mbps
30147 ms [UE 30040] UL Throughput = 0.06555 Mbps
30147 ms [UE 42234] UL Throughput = 0.0932 Mbps
30243 ms [UE 30040] UL Throughput = 0.0 Mbps
30243 ms [UE 42234] UL Throughput = 0.07136 Mbps
30244 ms [UE 30040] UL Throughput = 0.04989 Mbps
30244 ms [UE 42234] UL Throughput = 0.11989 Mbps
30356 ms [UE 30040] UL Throughput = 0.0 Mbps
30356 ms [UE 42234] UL Throughput = 0.0 Mbps
30448 ms [UE 30040] UL Throughput = 0.0 Mbps
30448 ms [UE 42234] UL Throughput = 0.0 Mbps
30571 ms [UE 30040] UL Throughput = 0.0 Mbps
30571 ms [UE 42234] UL Throughput = 0.0 Mbps
30683 ms [UE 30040] UL Throughput = 0.0322 Mbps
30683 ms [UE 42234] UL Throughput = 0.0 Mbps
30754 ms [UE 42234] UL Throughput = 0.0 Mbps
30755 ms [UE 30040] UL Throughput = 0.0 Mbps
30755 ms [UE 42234] UL Throughput = 0.02234 Mbps
30834 ms [UE 30040] UL Throughput = 0.0 Mbps
30834 ms [UE 42234] UL Throughput = 0.08582 Mbps
30925 ms [UE 30040] UL Throughput = 0.0 Mbps
31014 ms [UE 30040] UL Throughput = 0.06733 Mbps
31014 ms [UE 42234] UL Throughput = 0.0 Mbps
31098 ms [UE 30040] UL Throughput = 0.08558 Mbps
31098 ms [UE 42234] UL Throughput = 0.07234 Mbps
31208 ms [UE 42234] UL Throughput = 0.02764 Mbps
31297 ms [UE 30040] UL Throughput = 0.0 Mbps
31297 ms [UE 42234] UL Throughput = 0.0 Mbps
31421 ms [UE 30040] UL Throughput = 0.08943 Mbps
31421 ms [UE 42234] UL Throughput = 0.0 Mbps
31529 ms [UE 30040] UL Throughput = 0.01424 Mbps
31529 ms [UE 42234] UL Throughput = 0.0 Mbps
31610 ms [UE 30040] UL Throughput = 0.0 Mbps
31610 ms [UE 42234] UL Throughput = 0.08497 Mbps
31709 ms [UE 30040] UL Throughput = 0.06944 Mbps
31709 ms [UE 42234] UL Throughput = 0.08974 Mbps
31798 ms [UE 30040] UL Throughput = 0.0 Mbps
31798 ms [UE 42234] UL Throughput = 0.0 Mbps
31917 ms [UE 30040] UL Throughput = 0.0 Mbps
31917 ms [UE 42234] UL Throughput = 0.0 Mbps
31921 ms [UE 30040] UL Throughput = 0.0 Mbps
31921 ms [UE 42234] UL Throughput = 0.0 Mbps
32040 ms [UE 42234] UL Throughput = 0.07516 Mbps
32043 ms [UE 30040] UL Throughput = 0.02914 Mbps
32043 ms [UE 42234] UL Throughput = 0.0 Mbps
32048 ms [UE 42234] UL Throughput = 0.02927 Mbps
32052 ms [UE 42234] UL Throughput = 0.09604 Mbps
32165 ms [UE 30040] UL Throughput = 0.0 Mbps
32165 ms [UE 42234] UL Throughput = 0.03209 Mbps
32254 ms [UE 42234] UL Throughput = 0.06774 Mbps
32364 ms [UE 30040] UL Throughput = 0.04389 Mbps
32364 ms [UE 42234] UL Throughput = 0.0 Mbps
32463 ms [UE 30040] UL Throughput = 0.0 Mbps
32463 ms [UE 42234] UL Throughput = 0.0 Mbps
32552 ms [UE 30040] UL Throughput = 0.09635 Mbps
32552 ms [UE 42234] UL Throughput = 0.0 Mbps
32673 ms [UE 30040] UL Throughput = 0.0 Mbps
32673 ms [UE 42234] UL Throughput = 0.06773 Mbps
32786 ms [UE 42234] UL Throughput = 0.0 Mbps
32888 ms [UE 42234] UL Throughput = 0.07615 Mbps
32996 ms [UE 30040] UL Throughput = 0.0 Mbps
32996 ms [UE 42234] UL Throughput = 0.10942 Mbps
33102 ms [UE 42234] UL Throughput = 0.0 Mbps
33105 ms [UE 30040] UL Throughput = 0.06461 Mbps
33105 ms [UE 42234] UL Throughput = 0.0 Mbps
33234 ms [UE 30040] UL Throughput = 0.0 Mbps
33234 ms [UE 42234] UL Throughput = 0.0 Mbps
33340 ms [UE 30040] UL Throughput = 0.0 Mbps
33340 ms [UE 42234] UL Throughput = 0.06437 Mbps
33421 ms [UE 30040] UL Throughput = 0.0 Mbps
33421 ms [UE 42234] UL Throughput = 0.08321 Mbps
33529 ms [UE 30040] UL Throughput = 0.09257 Mbps
33529 ms [UE 42234] UL Throughput = 0.09238 Mbps
33639 ms [UE 30040] UL Throughput = 0.0 Mbps
33639 ms [UE 42234] UL Throughput = 0.0 Mbps
33642 ms [UE 30040] UL Throughput = 0.0 Mbps
33642 ms [UE 42234] UL Throughput = 0.0 Mbps
33742 ms [UE 42234] UL Throughput = 0.01086 Mbps
33839 ms [UE 30040] UL Throughput = 0.09753 Mbps
33839 ms [UE 42234] UL Throughput = 0.0796 Mbps
33950 ms [UE 30040] UL Throughput = 0.0 Mbps
33950 ms [UE 42234] UL Throughput = 0.0 Mbps
34042 ms [UE 30040] UL Throughput = 0.0 Mbps
34042 ms [UE 42234] UL Throughput = 0.02586 Mbps
34128 ms [UE 30040] UL Throughput = 0.08749 Mbps
34223 ms [UE 30040] UL Throughput = 0.0 Mbps
34223 ms [UE 42234] UL Throughput = 0.0 Mbps
34324 ms [UE 30040] UL Throughput = 0.0 Mbps
34324 ms [UE 42234] UL Throughput = 0.0443 Mbps
34325 ms [UE 30040] UL Throughput = 0.0 Mbps
34325 ms [UE 42234] UL Throughput = 0.0 Mbps
34435 ms [UE 30040] UL Throughput = 0.0 Mbps
34435 ms [UE 42234] UL Throughput = 0.0 Mbps
34522 ms [UE 30040] UL Throughput = 0.01575 Mbps
34522 ms [UE 42234] UL Throughput = 0.06025 Mbps
34595 ms [UE 30040] UL Throughput = 0.08547 Mbps
34595 ms [UE 42234] UL Throughput = 0.0 Mbps
34723 ms [UE 30040] UL Throughput = 0.13996 Mbps
34723 ms [UE 42234] UL Throughput = 0.0767 Mbps
34831 ms [UE 30040] UL Throughput = 0.0 Mbps
34831 ms [UE 42234] UL Throughput = 0.0 Mbps
34941 ms [UE 30040] UL Throughput = 0.09337 Mbps
34941 ms [UE 42234] UL Throughput = 0.0 Mbps
35056 ms [UE 30040] UL Throughput = 0.0 Mbps
35056 ms [UE 42234] UL Throughput = 0.1869 Mbps
35149 ms [UE 30040] UL Throughput = 0.05396 Mbps
35149 ms [UE 42234] UL Throughput = 0.0962 Mbps
35249 ms [UE 30040] UL Throughput = 0.08747 Mbps
35249 ms [UE 42234] UL Throughput = 0.07798 Mbps
35361 ms [UE 30040] UL Throughput = 0.0 Mbps
35361 ms [UE 42234] UL Throughput = 0.0 Mbps
35445 ms [UE 30040] UL Throughput = 0.06475 Mbps
35445 ms [UE 42234] UL Throughput = 0.09734 Mbps
35533 ms [UE 30040] UL Throughput = 0.0 Mbps
35623 ms [UE 30040] UL Throughput = 0.0 Mbps
35711 ms [UE 30040] UL Throughput = 0.0 Mbps
35711 ms [UE 42234] UL Throughput = 0.0438 Mbps
35798 ms [UE 30040] UL Throughput = 0.0 Mbps
35798 ms [UE 42234] UL Throughput = 0.0 Mbps
35888 ms [UE 30040] UL Throughput = 0.0 Mbps
35888 ms [UE 42234] UL Throughput = 0.07268 Mbps
35994 ms [UE 30040] UL Throughput = 0.0 Mbps
36067 ms [UE 30040] UL Throughput = 0.08173 Mbps
36067 ms [UE 42234] UL Throughput = 0.04531 Mbps
36160 ms [UE 30040] UL Throughput = 0.08564 Mbps
36273 ms [UE 42234] UL Throughput = 0.0 Mbps
36377 ms [UE 42234] UL Throughput = 0.04344 Mbps
36472 ms [UE 30040] UL Throughput = 0.0 Mbps
36472 ms [UE 42234] UL Throughput = 0.0 Mbps
36575 ms [UE 30040] UL Throughput = 0.03208 Mbps
36575 ms [UE 42234] UL Throughput = 0.03341 Mbps
36671 ms [UE 30040] UL Throughput = 0.03565 Mbps
36671 ms [UE 42234] UL Throughput = 0.02859 Mbps
36672 ms [UE 30040] UL Throughput = 0.0 Mbps
36672 ms [UE 42234] UL Throughput = 0.07244 Mbps
36777 ms [UE 30040] UL Throughput = 0.07395 Mbps
36777 ms [UE 42234] UL Throughput = 0.0 Mbps
36864 ms [UE 30040] UL Throughput = 0.08569 Mbps
36864 ms [UE 42234] UL Throughput = 0.03825 Mbps
36963 ms [UE 30040] UL Throughput = 0.05948 Mbps
36963 ms [UE 42234] UL Throughput = 0.06591 Mbps
37035 ms [UE 30040] UL Throughput = 0.0 Mbps
37035 ms [UE 42234] UL Throughput = 0.08002 Mbps
37157 ms [UE 30040] UL Throughput = 0.08888 Mbps
37157 ms [UE 42234] UL Throughput = 0.0 Mbps
37159 ms [UE 30040] UL Throughput = 0.0 Mbps
37159 ms [UE 42234] UL Throughput = 0.04466 Mbps
37252 ms [UE 30040] UL Throughput = 0.0 Mbps
37252 ms [UE 42234] UL Throughput = 0.06883 Mbps
37321 ms [UE 30040] UL Throughput = 0.05576 Mbps
37433 ms [UE 30040] UL Throughput = 0.01302 Mbps
37433 ms [UE 42234] UL Throughput = 0.02487 Mbps
37555 ms [UE 30040] UL Throughput = 0.0 Mbps
37555 ms [UE 42234] UL Throughput = 0.0754 Mbps
37661 ms [UE 30040] UL Throughput = 0.0853 Mbps
37661 ms [UE 42234] UL Throughput = 0.05641 Mbps
37665 ms [UE 30040] UL Throughput = 0.08059 Mbps
37665 ms [UE 42234] UL Throughput = 0.0 Mbps
37771 ms [UE 30040] UL Throughput = 0.06554 Mbps
37771 ms [UE 42234] UL Throughput = 0.06318 Mbps
37874 ms [UE 30040] UL Throughput = 0.07232 Mbps
37874 ms [UE 42234] UL Throughput = 0.09868 Mbps
37950 ms [UE 30040] UL Throughput = 0.0 Mbps
37950 ms [UE 42234] UL Throughput = 0.0 Mbps
38044 ms [UE 30040] UL Throughput = 0.04915 Mbps
38044 ms [UE 42234] UL Throughput = 0.07607 Mbps
38046 ms [UE 30040] UL Throughput = 0.09547 Mbps
38046 ms [UE 42234] UL Throughput = 0.09771 Mbps
38141 ms [UE 30040] UL Throughput = 0.03198 Mbps
38141 ms [UE 42234] UL Throughput = 0.10676 Mbps
38250 ms [UE 30040] UL Throughput = 0.0 Mbps
38250 ms [UE 42234] UL Throughput = 0.12438 Mbps
38342 ms [UE 30040] UL Throughput = 0.0 Mbps
38342 ms [UE 42234] UL Throughput = 0.02908 Mbps
38346 ms [UE 30040] UL Throughput = 0.0 Mbps
38346 ms [UE 42234] UL Throughput = 0.0 Mbps
38428 ms [UE 30040] UL Throughput = 0.03865 Mbps
38428 ms [UE 42234] UL Throughput = 0.0 Mbps
38522 ms [UE 30040] UL Throughput = 0.0 Mbps
38522 ms [UE 42234] UL Throughput = 0.0 Mbps
38630 ms [UE 30040] UL Throughput = 0.02857 Mbps
38635 ms [UE 30040] UL Throughput = 0.0 Mbps
38635 ms [UE 42234] UL Throughput = 0.06894 Mbps
38737 ms [UE 30040] UL Throughput = 0.07286 Mbps
38737 ms [UE 42234] UL Throughput = 0.04001 Mbps
38813 ms [UE 30040] UL Throughput = 0.03421 Mbps
38813 ms [UE 42234] UL Throughput = 0.0852 Mbps
38920 ms [UE 30040] UL Throughput = 0.07733 Mbps
38920 ms [UE 42234] UL Throughput = 0.06984 Mbps
39019 ms [UE 30040] UL Throughput = 0.04367 Mbps
39129 ms [UE 30040] UL Throughput = 0.0 Mbps
39129 ms [UE 42234] UL Throughput = 0.02559 Mbps
39228 ms [UE 30040] UL Throughput = 0.0 Mbps
39228 ms [UE 42234] UL Throughput = 0.08416 Mbps
39303 ms [UE 30040] UL Throughput = 0.047 Mbps
39303 ms [UE 42234] UL Throughput = 0.03707 Mbps
39403 ms [UE 30040] UL Throughput = 0.08587 Mbps
39403 ms [UE 42234] UL Throughput = 0.05453 Mbps
39493 ms [UE 30040] UL Throughput = 0.0 Mbps
39493 ms [UE 42234] UL Throughput = 0.05857 Mbps
39496 ms [UE 30040] UL Throughput = 0.0 Mbps
39496 ms [UE 42234] UL Throughput = 0.0777 Mbps
39500 ms [UE 30040] UL Throughput = 0.03586 Mbps
39500 ms [UE 42234] UL Throughput = 0.05479 Mbps
39504 ms [UE 42234] UL Throughput = 0.0 Mbps
39510 ms [UE 30040] UL Throughput = 0.0 Mbps
39510 ms [UE 42234] UL Throughput = 0.0 Mbps
39613 ms [UE 30040] UL Throughput = 0.0 Mbps
39613 ms [UE 42234] UL Throughput = 0.05637 Mbps
39693 ms [UE 30040] UL Throughput = 0.07082 Mbps
39693 ms [UE 42234] UL Throughput = 0.09386 Mbps
39782 ms [UE 30040] UL Throughput = 0.0 Mbps
39782 ms [UE 42234] UL Throughput = 0.05719 Mbps
39907 ms [UE 30040] UL Throughput = 0.0 Mbps
39907 ms [UE 42234] UL Throughput = 0.08412 Mbps
39945 ms [UE 30040] UL Throughput = 0.0 Mbps
39945 ms [UE 42234] UL Throughput = 0.04578 Mbps
40024 ms [UE 30040] UL Throughput = 0.0 Mbps
40024 ms [UE 42234] UL Throughput = 0.0996 Mbps
40145 ms [UE 30040] UL Throughput = 0.0 Mbps
40243 ms [UE 30040] UL Throughput = 0.0 Mbps
40243 ms [UE 42234] UL Throughput = 0.08953 Mbps
40244 ms [UE 30040] UL Throughput = 0.0 Mbps
40244 ms [UE 42234] UL Throughput = 0.02594 Mbps
40396 ms [UE 30040] UL Throughput = 0.03593 Mbps
40396 ms [UE 42234] UL Throughput = 0.07336 Mbps
40492 ms [UE 30040] UL Throughput = 0.0 Mbps
40492 ms [UE 42234] UL Throughput = 0.04261 Mbps
40590 ms [UE 30040] UL Throughput = 0.09685 Mbps
40590 ms [UE 42234] UL Throughput = 0.0754 Mbps
40726 ms [UE 42234] UL Throughput = 0.01009 Mbps
40812 ms [UE 30040] UL Throughput = 0.0 Mbps
40812 ms [UE 42234] UL Throughput = 0.0 Mbps
40934 ms [UE 30040] UL Throughput = 0.0 Mbps
40934 ms [UE 42234] UL Throughput = 0.0 Mbps
41021 ms [UE 30040] UL Throughput = 0.0 Mbps
41021 ms [UE 42234] UL Throughput = 0.03154 Mbps
41091 ms [UE 30040] UL Throughput = 0.0 Mbps
41091 ms [UE 42234] UL Throughput = 0.0 Mbps
41175 ms [UE 30040] UL Throughput = 0.0 Mbps
41259 ms [UE 30040] UL Throughput = 0.0 Mbps
41259 ms [UE 42234] UL Throughput = 0.0359 Mbps
41317 ms [UE 30040] UL Throughput = 0.0 Mbps
41317 ms [UE 42234] UL Throughput = 0.0 Mbps
41435 ms [UE 30040] UL Throughput = 0.01045 Mbps
41435 ms [UE 42234] UL Throughput = 0.0 Mbps
41518 ms [UE 30040] UL Throughput = 0.0 Mbps
41518 ms [UE 42234] UL Throughput = 0.03295 Mbps
41519 ms [UE 30040] UL Throughput = 0.0 Mbps
41519 ms [UE 42234] UL Throughput = 0.03785 Mbps
41637 ms [UE 30040] UL Throughput = 0.0 Mbps
41637 ms [UE 42234] UL Throughput = 0.03348 Mbps
41639 ms [UE 30040] UL Throughput = 0.05376 Mbps
41639 ms [UE 42234] UL Throughput = 0.0 Mbps
41711 ms [UE 30040] UL Throughput = 0.07488 Mbps
41711 ms [UE 42234] UL Throughput = 0.0 Mbps
41822 ms [UE 30040] UL Throughput = 0.0666 Mbps
41822 ms [UE 42234] UL Throughput = 0.04557 Mbps
41918 ms [UE 30040] UL Throughput = 0.0 Mbps
41918 ms [UE 42234] UL Throughput = 0.08291 Mbps
42031 ms [UE 30040] UL Throughput = 0.0 Mbps
42031 ms [UE 42234] UL Throughput = 0.02837 Mbps
42131 ms [UE 30040] UL Throughput = 0.0 Mbps
42131 ms [UE 42234] UL Throughput = 0.08658 Mbps
42244 ms [UE 30040] UL Throughput = 0.08736 Mbps
42244 ms [UE 42234] UL Throughput = 0.0 Mbps
42366 ms [UE 42234] UL Throughput = 0.03679 Mbps
42465 ms [UE 30040] UL Throughput = 0.09872 Mbps
42465 ms [UE 42234] UL Throughput = 0.05276 Mbps
42554 ms [UE 42234] UL Throughput = 0.0 Mbps
42555 ms [UE 30040] UL Throughput = 0.0 Mbps
42555 ms [UE 42234] UL Throughput = 0.0 Mbps
42651 ms [UE 30040] UL Throughput = 0.0 Mbps
42651 ms [UE 42234] UL Throughput = 0.0101 Mbps
42749 ms [UE 42234] UL Throughput = 0.01591 Mbps
42890 ms [UE 30040] UL Throughput = 0.0 Mbps
42890 ms [UE 42234] UL Throughput = 0.0 Mbps
42996 ms [UE 30040] UL Throughput = 0.0 Mbps
42996 ms [UE 42234] UL Throughput = 0.0525 Mbps
43137 ms [UE 42234] UL Throughput = 0.0 Mbps
43226 ms [UE 30040] UL Throughput = 0.08084 Mbps
43226 ms [UE 42234] UL Throughput = 0.03509 Mbps
43299 ms [UE 30040] UL Throughput = 0.0 Mbps
43299 ms [UE 42234] UL Throughput = 0.0 Mbps
43384 ms [UE 30040] UL Throughput = 0.0 Mbps
43384 ms [UE 42234] UL Throughput = 0.0 Mbps
43473 ms [UE 42234] UL Throughput = 0.0491 Mbps
43584 ms [UE 30040] UL Throughput = 0.04087 Mbps
43584 ms [UE 42234] UL Throughput = 0.0 Mbps
43687 ms [UE 30040] UL Throughput = 0.0 Mbps
43687 ms [UE 42234] UL Throughput = 0.0902 Mbps
43690 ms [UE 30040] UL Throughput = 0.0406 Mbps
43690 ms [UE 42234] UL Throughput = 0.05401 Mbps
43695 ms [UE 42234] UL Throughput = 0.10831 Mbps
43784 ms [UE 30040] UL Throughput = 0.0 Mbps
43784 ms [UE 42234] UL Throughput = 0.03265 Mbps
43891 ms [UE 30040] UL Throughput = 0.09324 Mbps
43891 ms [UE 42234] UL Throughput = 0.07556 Mbps
43975 ms [UE 42234] UL Throughput = 0.08166 Mbps
43980 ms [UE 42234] UL Throughput = 0.08625 Mbps
43985 ms [UE 30040] UL Throughput = 0.06699 Mbps
43985 ms [UE 42234] UL Throughput = 0.09588 Mbps
44079 ms [UE 30040] UL Throughput = 0.0 Mbps
44079 ms [UE 42234] UL Throughput = 0.06766 Mbps
44158 ms [UE 30040] UL Throughput = 0.02825 Mbps
44158 ms [UE 42234] UL Throughput = 0.0 Mbps
44255 ms [UE 30040] UL Throughput = 0.01962 Mbps
44255 ms [UE 42234] UL Throughput = 0.0 Mbps
44380 ms [UE 30040] UL Throughput = 0.03659 Mbps
44380 ms [UE 42234] UL Throughput = 0.05331 Mbps
44385 ms [UE 30040] UL Throughput = 0.08273 Mbps
44385 ms [UE 42234] UL Throughput = 0.07003 Mbps
44465 ms [UE 30040] UL Throughput = 0.15029 Mbps
44465 ms [UE 42234] UL Throughput = 0.04861 Mbps
44574 ms [UE 30040] UL Throughput = 0.08191 Mbps
44574 ms [UE 42234] UL Throughput = 0.03582 Mbps
44702 ms [UE 30040] UL Throughput = 0.0 Mbps
44702 ms [UE 42234] UL Throughput = 0.0 Mbps
44783 ms [UE 42234] UL Throughput = 0.05389 Mbps
44919 ms [UE 30040] UL Throughput = 0.05754 Mbps
44919 ms [UE 42234] UL Throughput = 0.09557 Mbps
45017 ms [UE 42234] UL Throughput = 0.07469 Mbps
45113 ms [UE 30040] UL Throughput = 0.08626 Mbps
45113 ms [UE 42234] UL Throughput = 0.07072 Mbps
45204 ms [UE 30040] UL Throughput = 0.0 Mbps
45204 ms [UE 42234] UL Throughput = 0.0 Mbps
45340 ms [UE 30040] UL Throughput = 0.01941 Mbps
45340 ms [UE 42234] UL Throughput = 0.0294 Mbps
45449 ms [UE 30040] UL Throughput = 0.0 Mbps
45449 ms [UE 42234] UL Throughput = 0.0 Mbps
45564 ms [UE 42234] UL Throughput = 0.0 Mbps
45640 ms [UE 30040] UL Throughput = 0.0 Mbps
45640 ms [UE 42234] UL Throughput = 0.03197 Mbps
45729 ms [UE 30040] UL Throughput = 0.02633 Mbps
45729 ms [UE 42234] UL Throughput = 0.0 Mbps
45827 ms [UE 30040] UL Throughput = 0.02094 Mbps
45827 ms [UE 42234] UL Throughput = 0.03631 Mbps
45921 ms [UE 30040] UL Throughput = 0.0 Mbps
45921 ms [UE 42234] UL Throughput = 0.0 Mbps
45925 ms [UE 30040] UL Throughput = 0.04217 Mbps
45925 ms [UE 42234] UL Throughput = 0.0 Mbps
46039 ms [UE 30040] UL Throughput = 0.0 Mbps
46039 ms [UE 42234] UL Throughput = 0.0 Mbps
46145 ms [UE 30040] UL Throughput = 0.03326 Mbps
46145 ms [UE 42234] UL Throughput = 0.0 Mbps
46148 ms [UE 30040] UL Throughput = 0.02222 Mbps
46148 ms [UE 42234] UL Throughput = 0.05966 Mbps
46249 ms [UE 30040] UL Throughput = 0.0 Mbps
46249 ms [UE 42234] UL Throughput = 0.0 Mbps
46347 ms [UE 30040] UL Throughput = 0.06494 Mbps
46347 ms [UE 42234] UL Throughput = 0.17988 Mbps
46460 ms [UE 30040] UL Throughput = 0.08466 Mbps
46460 ms [UE 42234] UL Throughput = 0.0923 Mbps
46588 ms [UE 30040] UL Throughput = 0.0 Mbps
46588 ms [UE 42234] UL Throughput = 0.0 Mbps
46589 ms [UE 30040] UL Throughput = 0.06907 Mbps
46589 ms [UE 42234] UL Throughput = 0.0274 Mbps
46685 ms [UE 30040] UL Throughput = 0.0 Mbps
46685 ms [UE 42234] UL Throughput = 0.03503 Mbps
46780 ms [UE 30040] UL Throughput = 0.0 Mbps
46782 ms [UE 30040] UL Throughput = 0.0 Mbps
46782 ms [UE 42234] UL Throughput = 0.08181 Mbps
46871 ms [UE 30040] UL Throughput = 0.0513 Mbps
46871 ms [UE 42234] UL Throughput = 0.0 Mbps
46875 ms [UE 30040] UL Throughput = 0.0 Mbps
46875 ms [UE 42234] UL Throughput = 0.0 Mbps
46994 ms [UE 30040] UL Throughput = 0.06076 Mbps
46994 ms [UE 42234] UL Throughput = 0.0 Mbps
46998 ms [UE 30040] UL Throughput = 0.0 Mbps
46998 ms [UE 42234] UL Throughput = 0.0 Mbps
47121 ms [UE 30040] UL Throughput = 0.02677 Mbps
47121 ms [UE 42234] UL Throughput = 0.0 Mbps
47123 ms [UE 30040] UL Throughput = 0.0 Mbps
47123 ms [UE 42234] UL Throughput = 0.06226 Mbps
47223 ms [UE 30040] UL Throughput = 0.04994 Mbps
47223 ms [UE 42234] UL Throughput = 0.14494 Mbps
47358 ms [UE 42234] UL Throughput = 0.0 Mbps
47364 ms [UE 30040] UL Throughput = 0.0 Mbps
47364 ms [UE 42234] UL Throughput = 0.0448 Mbps
47479 ms [UE 42234] UL Throughput = 0.0641 Mbps
47570 ms [UE 30040] UL Throughput = 0.0 Mbps
47570 ms [UE 42234] UL Throughput = 0.07108 Mbps
47655 ms [UE 30040] UL Throughput = 0.0 Mbps
47655 ms [UE 42234] UL Throughput = 0.0 Mbps
47739 ms [UE 30040] UL Throughput = 0.0185 Mbps
47739 ms [UE 42234] UL Throughput = 0.0 Mbps
47863 ms [UE 30040] UL Throughput = 0.1369 Mbps
47863 ms [UE 42234] UL Throughput = 0.02272 Mbps
47949 ms [UE 30040] UL Throughput = 0.15636 Mbps
47949 ms [UE 42234] UL Throughput = 0.04032 Mbps
47950 ms [UE 30040] UL Throughput = 0.0 Mbps
47950 ms [UE 42234] UL Throughput = 0.04755 Mbps
48061 ms [UE 30040] UL Throughput = 0.0 Mbps
48061 ms [UE 42234] UL Throughput = 0.0 Mbps
48066 ms [UE 42234] UL Throughput = 0.11342 Mbps
48071 ms [UE 30040] UL Throughput = 0.0656 Mbps
48071 ms [UE 42234] UL Throughput = 0.05048 Mbps
48194 ms [UE 30040] UL Throughput = 0.08867 Mbps
48194 ms [UE 42234] UL Throughput = 0.0 Mbps
48314 ms [UE 30040] UL Throughput = 0.06388 Mbps
48314 ms [UE 42234] UL Throughput = 0.0 Mbps
48320 ms [UE 30040] UL Throughput = 0.08992 Mbps
48436 ms [UE 30040] UL Throughput = 0.09357 Mbps
48535 ms [UE 42234] UL Throughput = 0.0 Mbps
48667 ms [UE 30040] UL Throughput = 0.04905 Mbps
48667 ms [UE 42234] UL Throughput = 0.05674 Mbps
48780 ms [UE 30040] UL Throughput = 0.0 Mbps
48890 ms [UE 30040] UL Throughput = 0.06768 Mbps
48997 ms [UE 30040] UL Throughput = 0.0 Mbps
48997 ms [UE 42234] UL Throughput = 0.0739 Mbps
49114 ms [UE 30040] UL Throughput = 0.09823 Mbps
49114 ms [UE 42234] UL Throughput = 0.04243 Mbps
49234 ms [UE 30040] UL Throughput = 0.05381 Mbps
49234 ms [UE 42234] UL Throughput = 0.0 Mbps
49340 ms [UE 30040] UL Throughput = 0.04566 Mbps
49340 ms [UE 42234] UL Throughput = 0.04143 Mbps
49429 ms [UE 30040] UL Throughput = 0.06191 Mbps
49429 ms [UE 42234] UL Throughput = 0.0 Mbps
49533 ms [UE 30040] UL Throughput = 0.0 Mbps
49533 ms [UE 42234] UL Throughput = 0.06286 Mbps
49624 ms [UE 30040] UL Throughput = 0.01586 Mbps
49624 ms [UE 42234] UL Throughput = 0.01651 Mbps
49737 ms [UE 30040] UL Throughput = 0.07506 Mbps
49737 ms [UE 42234] UL Throughput = 0.09278 Mbps
49843 ms [UE 30040] UL Throughput = 0.0 Mbps
49843 ms [UE 42234] UL Throughput = 0.01338 Mbps
49958 ms [UE 30040] UL Throughput = 0.0 Mbps
49960 ms [UE 30040] UL Throughput = 0.09732 Mbps
49960 ms [UE 42234] UL Throughput = 0.0635 Mbps
50061 ms [UE 30040] UL Throughput = 0.02146 Mbps
50165 ms [UE 30040] UL Throughput = 0.0235 Mbps
50165 ms [UE 42234] UL Throughput = 0.09638 Mbps
50265 ms [UE 30040] UL Throughput = 0.05178 Mbps
50265 ms [UE 42234] UL Throughput = 0.07516 Mbps
50382 ms [UE 30040] UL Throughput = 0.01794 Mbps
50382 ms [UE 42234] UL Throughput = 0.0 Mbps
50383 ms [UE 30040] UL Throughput = 0.0 Mbps
50383 ms [UE 42234] UL Throughput = 0.02062 Mbps
50388 ms [UE 30040] UL Throughput = 0.09304 Mbps
50388 ms [UE 42234] UL Throughput = 0.0 Mbps
50471 ms [UE 30040] UL Throughput = 0.0 Mbps
50471 ms [UE 42234] UL Throughput = 0.0 Mbps
50586 ms [UE 30040] UL Throughput = 0.02653 Mbps
50586 ms [UE 42234] UL Throughput = 0.06827 Mbps
50684 ms [UE 30040] UL Throughput = 0.06656 Mbps
50684 ms [UE 42234] UL Throughput = 0.03529 Mbps
50685 ms [UE 30040] UL Throughput = 0.0 Mbps
50685 ms [UE 42234] UL Throughput = 0.05528 Mbps
50792 ms [UE 30040] UL Throughput = 0.0 Mbps
50792 ms [UE 42234] UL Throughput = 0.0 Mbps
50913 ms [UE 30040] UL Throughput = 0.06955 Mbps
50913 ms [UE 42234] UL Throughput = 0.03878 Mbps
51023 ms [UE 30040] UL Throughput = 0.0 Mbps
51023 ms [UE 42234] UL Throughput = 0.0 Mbps
51118 ms [UE 30040] UL Throughput = 0.07577 Mbps
51118 ms [UE 42234] UL Throughput = 0.0 Mbps
51230 ms [UE 30040] UL Throughput = 0.06738 Mbps
51230 ms [UE 42234] UL Throughput = 0.01551 Mbps
51352 ms [UE 30040] UL Throughput = 0.0 Mbps
51352 ms [UE 42234] UL Throughput = 0.05814 Mbps
51433 ms [UE 30040] UL Throughput = 0.08013 Mbps
51433 ms [UE 42234] UL Throughput = 0.0 Mbps
51556 ms [UE 30040] UL Throughput = 0.03959 Mbps
51556 ms [UE 42234] UL Throughput = 0.0 Mbps
51679 ms [UE 30040] UL Throughput = 0.0 Mbps
51679 ms [UE 42234] UL Throughput = 0.0 Mbps
51764 ms [UE 30040] UL Throughput = 0.0 Mbps
51871 ms [UE 30040] UL Throughput = 0.02714 Mbps
51871 ms [UE 42234] UL Throughput = 0.0 Mbps
51948 ms [UE 30040] UL Throughput = 0.0 Mbps
51948 ms [UE 42234] UL Throughput = 0.0 Mbps
51951 ms [UE 30040] UL Throughput = 0.08853 Mbps
51951 ms [UE 42234] UL Throughput = 0.0105 Mbps
52057 ms [UE 30040] UL Throughput = 0.03151 Mbps
52057 ms [UE 42234] UL Throughput = 0.07868 Mbps
52166 ms [UE 30040] UL Throughput = 0.0633 Mbps
52166 ms [UE 42234] UL Throughput = 0.0 Mbps
52294 ms [UE 30040] UL Throughput = 0.18432 Mbps
52296 ms [UE 30040] UL Throughput = 0.08863 Mbps
52296 ms [UE 42234] UL Throughput = 0.07692 Mbps
52386 ms [UE 42234] UL Throughput = 0.0 Mbps
52467 ms [UE 30040] UL Throughput = 0.06521 Mbps
52467 ms [UE 42234] UL Throughput = 0.0 Mbps
52537 ms [UE 30040] UL Throughput = 0.06067 Mbps
52537 ms [UE 42234] UL Throughput = 0.05505 Mbps
52655 ms [UE 30040] UL Throughput = 0.07865 Mbps
52661 ms [UE 30040] UL Throughput = 0.0 Mbps
52661 ms [UE 42234] UL Throughput = 0.03704 Mbps
52733 ms [UE 30040] UL Throughput = 0.0 Mbps
52733 ms [UE 42234] UL Throughput = 0.0 Mbps
52825 ms [UE 30040] UL Throughput = 0.06126 Mbps
52825 ms [UE 42234] UL Throughput = 0.08121 Mbps
52827 ms [UE 30040] UL Throughput = 0.08602 Mbps
52827 ms [UE 42234] UL Throughput = 0.07356 Mbps
52912 ms [UE 42234] UL Throughput = 0.0 Mbps
53024 ms [UE 30040] UL Throughput = 0.07051 Mbps
53024 ms [UE 42234] UL Throughput = 0.0 Mbps
53030 ms [UE 30040] UL Throughput = 0.0 Mbps
53030 ms [UE 42234] UL Throughput = 0.0 Mbps
53123 ms [UE 42234] UL Throughput = 0.0 Mbps
53215 ms [UE 42234] UL Throughput = 0.0 Mbps
53331 ms [UE 30040] UL Throughput = 0.0 Mbps
53331 ms [UE 42234] UL Throughput = 0.01763 Mbps
53334 ms [UE 30040] UL Throughput = 0.02342 Mbps
53334 ms [UE 42234] UL Throughput = 0.0 Mbps
53339 ms [UE 30040] UL Throughput = 0.0 Mbps
53339 ms [UE 42234] UL Throughput = 0.13806 Mbps
53344 ms [UE 30040] UL Throughput = 0.0 Mbps
53469 ms [UE 42234] UL Throughput = 0.03514 Mbps
53583 ms [UE 30040] UL Throughput = 0.08079 Mbps
53583 ms [UE 42234] UL Throughput = 0.06916 Mbps
53696 ms [UE 30040] UL Throughput = 0.0 Mbps
53696 ms [UE 42234] UL Throughput = 0.0 Mbps
53808 ms [UE 42234] UL Throughput = 0.02761 Mbps
53901 ms [UE 30040] UL Throughput = 0.0 Mbps
53989 ms [UE 42234] UL Throughput = 0.1527 Mbps
54081 ms [UE 30040] UL Throughput = 0.0 Mbps
54081 ms [UE 42234] UL Throughput = 0.08371 Mbps
54188 ms [UE 30040] UL Throughput = 0.02762 Mbps
54188 ms [UE 42234] UL Throughput = 0.07833 Mbps
54278 ms [UE 30040] UL Throughput = 0.09643 Mbps
54386 ms [UE 30040] UL Throughput = 0.03514 Mbps
54386 ms [UE 42234] UL Throughput = 0.05067 Mbps
54477 ms [UE 30040] UL Throughput = 0.0 Mbps
54477 ms [UE 42234] UL Throughput = 0.04689 Mbps
54569 ms [UE 30040] UL Throughput = 0.0 Mbps
54569 ms [UE 42234] UL Throughput = 0.08322 Mbps
54571 ms [UE 30040] UL Throughput = 0.10554 Mbps
54571 ms [UE 42234] UL Throughput = 0.0 Mbps
54574 ms [UE 30040] UL Throughput = 0.0 Mbps
54574 ms [UE 42234] UL Throughput = 0.07136 Mbps
54671 ms [UE 30040] UL Throughput = 0.09376 Mbps
54671 ms [UE 42234] UL Throughput = 0.0 Mbps
54773 ms [UE 42234] UL Throughput = 0.0 Mbps
54856 ms [UE 42234] UL Throughput = 0.04649 Mbps
54961 ms [UE 30040] UL Throughput = 0.0 Mbps
55060 ms [UE 30040] UL Throughput = 0.0 Mbps
55060 ms [UE 42234] UL Throughput = 0.07825 Mbps
55165 ms [UE 42234] UL Throughput = 0.04445 Mbps
55166 ms [UE 30040] UL Throughput = 0.0 Mbps
55166 ms [UE 42234] UL Throughput = 0.04413 Mbps
55276 ms [UE 30040] UL Throughput = 0.0 Mbps
55276 ms [UE 42234] UL Throughput = 0.09025 Mbps
55373 ms [UE 30040] UL Throughput = 0.02221 Mbps
55373 ms [UE 42234] UL Throughput = 0.05492 Mbps
55479 ms [UE 30040] UL Throughput = 0.04173 Mbps
55479 ms [UE 42234] UL Throughput = 0.03085 Mbps
55593 ms [UE 30040] UL Throughput = 0.0 Mbps
55593 ms [UE 42234] UL Throughput = 0.0 Mbps
55668 ms [UE 30040] UL Throughput = 0.05385 Mbps
55668 ms [UE 42234] UL Throughput = 0.01105 Mbps
55771 ms [UE 42234] UL Throughput = 0.0 Mbps
55879 ms [UE 30040] UL Throughput = 0.09251 Mbps
55879 ms [UE 42234] UL Throughput = 0.03483 Mbps
55990 ms [UE 30040] UL Throughput = 0.0 Mbps
55990 ms [UE 42234] UL Throughput = 0.0 Mbps
56079 ms [UE 30040] UL Throughput = 0.08767 Mbps
56079 ms [UE 42234] UL Throughput = 0.0 Mbps
56178 ms [UE 30040] UL Throughput = 0.09583 Mbps
56178 ms [UE 42234] UL Throughput = 0.05116 Mbps
56279 ms [UE 42234] UL Throughput = 0.08819 Mbps
56282 ms [UE 30040] UL Throughput = 0.0 Mbps
56282 ms [UE 42234] UL Throughput = 0.02513 Mbps
56378 ms [UE 30040] UL Throughput = 0.0 Mbps
56378 ms [UE 42234] UL Throughput = 0.02648 Mbps
56495 ms [UE 30040] UL Throughput = 0.0 Mbps
56495 ms [UE 42234] UL Throughput = 0.0 Mbps
56584 ms [UE 30040] UL Throughput = 0.0528 Mbps
56584 ms [UE 42234] UL Throughput = 0.0 Mbps
56586 ms [UE 30040] UL Throughput = 0.0 Mbps
56586 ms [UE 42234] UL Throughput = 0.0 Mbps
56662 ms [UE 30040] UL Throughput = 0.08168 Mbps
56662 ms [UE 42234] UL Throughput = 0.0 Mbps
56748 ms [UE 42234] UL Throughput = 0.03603 Mbps
56846 ms [UE 30040] UL Throughput = 0.0 Mbps
56846 ms [UE 42234] UL Throughput = 0.0546 Mbps
56939 ms [UE 30040] UL Throughput = 0.04148 Mbps
56939 ms [UE 42234] UL Throughput = 0.06859 Mbps
57050 ms [UE 30040] UL Throughput = 0.0 Mbps
57050 ms [UE 42234] UL Throughput = 0.0 Mbps
57142 ms [UE 30040] UL Throughput = 0.0 Mbps
57142 ms [UE 42234] UL Throughput = 0.0 Mbps
57234 ms [UE 42234] UL Throughput = 0.02833 Mbps
57350 ms [UE 30040] UL Throughput = 0.0 Mbps
57350 ms [UE 42234] UL Throughput = 0.0 Mbps
57351 ms [UE 30040] UL Throughput = 0.0 Mbps
57351 ms [UE 42234] UL Throughput = 0.0 Mbps
57452 ms [UE 30040] UL Throughput = 0.0 Mbps
57452 ms [UE 42234] UL Throughput = 0.0 Mbps
57567 ms [UE 30040] UL Throughput = 0.0 Mbps
57567 ms [UE 42234] UL Throughput = 0.0 Mbps
57659 ms [UE 30040] UL Throughput = 0.08429 Mbps
57659 ms [UE 42234] UL Throughput = 0.0 Mbps
57747 ms [UE 30040] UL Throughput = 0.0453 Mbps
57747 ms [UE 42234] UL Throughput = 0.0 Mbps
57842 ms [UE 30040] UL Throughput = 0.0 Mbps
57842 ms [UE 42234] UL Throughput = 0.04322 Mbps
57962 ms [UE 30040] UL Throughput = 0.0 Mbps
57962 ms [UE 42234] UL Throughput = 0.0 Mbps
57963 ms [UE 30040] UL Throughput = 0.0 Mbps
57963 ms [UE 42234] UL Throughput = 0.04257 Mbps
58082 ms [UE 30040] UL Throughput = 0.0274 Mbps
58082 ms [UE 42234] UL Throughput = 0.03528 Mbps
58184 ms [UE 30040] UL Throughput = 0.08361 Mbps
58184 ms [UE 42234] UL Throughput = 0.08898 Mbps
58287 ms [UE 30040] UL Throughput = 0.03816 Mbps
58287 ms [UE 42234] UL Throughput = 0.09702 Mbps
58292 ms [UE 30040] UL Throughput = 0.0 Mbps
58292 ms [UE 42234] UL Throughput = 0.0 Mbps
58376 ms [UE 30040] UL Throughput = 0.0 Mbps
58376 ms [UE 42234] UL Throughput = 0.05045 Mbps
58454 ms [UE 30040] UL Throughput = 0.09918 Mbps
58454 ms [UE 42234] UL Throughput = 0.0 Mbps
58538 ms [UE 30040] UL Throughput = 0.0 Mbps
58538 ms [UE 42234] UL Throughput = 0.0 Mbps
58640 ms [UE 30040] UL Throughput = 0.10297 Mbps
58640 ms [UE 42234] UL Throughput = 0.0 Mbps
58716 ms [UE 30040] UL Throughput = 0.0 Mbps
58716 ms [UE 42234] UL Throughput = 0.0 Mbps
58810 ms [UE 30040] UL Throughput = 0.0 Mbps
58810 ms [UE 42234] UL Throughput = 0.08287 Mbps
58899 ms [UE 30040] UL Throughput = 0.0 Mbps
58899 ms [UE 42234] UL Throughput = 0.03673 Mbps
59036 ms [UE 30040] UL Throughput = 0.0 Mbps
59036 ms [UE 42234] UL Throughput = 0.04726 Mbps
59120 ms [UE 30040] UL Throughput = 0.07965 Mbps
59120 ms [UE 42234] UL Throughput = 0.0 Mbps
59239 ms [UE 30040] UL Throughput = 0.0 Mbps
59239 ms [UE 42234] UL Throughput = 0.0 Mbps
59339 ms [UE 42234] UL Throughput = 0.06986 Mbps
59428 ms [UE 30040] UL Throughput = 0.0 Mbps
59428 ms [UE 42234] UL Throughput = 0.0 Mbps
59550 ms [UE 42234] UL Throughput = 0.05927 Mbps
59657 ms [UE 30040] UL Throughput = 0.0 Mbps
59657 ms [UE 42234] UL Throughput = 0.09081 Mbps
59660 ms [UE 30040] UL Throughput = 0.0 Mbps
59660 ms [UE 42234] UL Throughput = 0.0 Mbps
59778 ms [UE 30040] UL Throughput = 0.03362 Mbps
59778 ms [UE 42234] UL Throughput = 0.05375 Mbps
59882 ms [UE 30040] UL Throughput = 0.0 Mbps
59882 ms [UE 42234] UL Throughput = 0.0197 Mbps
59887 ms [UE 30040] UL Throughput = 0.0 Mbps
59979 ms [UE 30040] UL Throughput = 0.05639 Mbps
59979 ms [UE 42234] UL Throughput = 0.04883 Mbps
59981 ms [UE 30040] UL Throughput = 0.08849 Mbps
59981 ms [UE 42234] UL Throughput = 0.09822 Mbps
60107 ms [UE 30040] UL Throughput = 0.03089 Mbps
60107 ms [UE 42234] UL Throughput = 0.0 Mbps
60191 ms [UE 30040] UL Throughput = 0.0 Mbps
60191 ms [UE 42234] UL Throughput = 0.0 Mbps
60283 ms [UE 30040] UL Throughput = 0.0 Mbps
60283 ms [UE 42234] UL Throughput = 0.06951 Mbps
60392 ms [UE 30040] UL Throughput = 0.11822 Mbps
60392 ms [UE 42234] UL Throughput = 0.0 Mbps
60461 ms [UE 30040] UL Throughput = 0.0 Mbps
60461 ms [UE 42234] UL Throughput = 0.0 Mbps
60582 ms [UE 30040] UL Throughput = 0.09478 Mbps
60582 ms [UE 42234] UL Throughput = 0.0 Mbps
60681 ms [UE 30040] UL Throughput = 0.07443 Mbps
60686 ms [UE 30040] UL Throughput = 0.08088 Mbps
60686 ms [UE 42234] UL Throughput = 0.0 Mbps
60805 ms [UE 30040] UL Throughput = 0.07897 Mbps
60805 ms [UE 42234] UL Throughput = 0.10971 Mbps
60899 ms [UE 30040] UL Throughput = 0.0 Mbps
60899 ms [UE 42234] UL Throughput = 0.07954 Mbps
61007 ms [UE 42234] UL Throughput = 0.0 Mbps
61013 ms [UE 30040] UL Throughput = 0.0 Mbps
61013 ms [UE 42234] UL Throughput = 0.02686 Mbps
61149 ms [UE 30040] UL Throughput = 0.0 Mbps
61149 ms [UE 42234] UL Throughput = 0.07882 Mbps
61150 ms [UE 30040] UL Throughput = 0.0 Mbps
61150 ms [UE 42234] UL Throughput = 0.07646 Mbps
61236 ms [UE 30040] UL Throughput = 0.0 Mbps
61236 ms [UE 42234] UL Throughput = 0.0 Mbps
61342 ms [UE 30040] UL Throughput = 0.08122 Mbps
61342 ms [UE 42234] UL Throughput = 0.0 Mbps
61344 ms [UE 42234] UL Throughput = 0.04574 Mbps
61445 ms [UE 30040] UL Throughput = 0.06492 Mbps
61445 ms [UE 42234] UL Throughput = 0.0 Mbps
61523 ms [UE 30040] UL Throughput = 0.099 Mbps
61523 ms [UE 42234] UL Throughput = 0.0 Mbps
61623 ms [UE 30040] UL Throughput = 0.06072 Mbps
61623 ms [UE 42234] UL Throughput = 0.0 Mbps
61704 ms [UE 30040] UL Throughput = 0.0 Mbps
61704 ms [UE 42234] UL Throughput = 0.05812 Mbps
61792 ms [UE 42234] UL Throughput = 0.0 Mbps
61898 ms [UE 30040] UL Throughput = 0.05508 Mbps
61898 ms [UE 42234] UL Throughput = 0.0 Mbps
62009 ms [UE 30040] UL Throughput = 0.01315 Mbps
62009 ms [UE 42234] UL Throughput = 0.05093 Mbps
62123 ms [UE 30040] UL Throughput = 0.11307 Mbps
62123 ms [UE 42234] UL Throughput = 0.0 Mbps
62129 ms [UE 30040] UL Throughput = 0.0 Mbps
62129 ms [UE 42234] UL Throughput = 0.0 Mbps
62246 ms [UE 30040] UL Throughput = 0.02682 Mbps
62246 ms [UE 42234] UL Throughput = 0.0 Mbps
62250 ms [UE 30040] UL Throughput = 0.0 Mbps
62250 ms [UE 42234] UL Throughput = 0.07615 Mbps
62253 ms [UE 30040] UL Throughput = 0.0 Mbps
62253 ms [UE 42234] UL Throughput = 0.0 Mbps
62345 ms [UE 30040] UL Throughput = 0.0 Mbps
62345 ms [UE 42234] UL Throughput = 0.09236 Mbps
62462 ms [UE 30040] UL Throughput = 0.0 Mbps
62462 ms [UE 42234] UL Throughput = 0.05079 Mbps
62547 ms [UE 30040] UL Throughput = 0.0 Mbps
62547 ms [UE 42234] UL Throughput = 0.0 Mbps
62665 ms [UE 30040] UL Throughput = 0.0 Mbps
62665 ms [UE 42234] UL Throughput = 0.06969 Mbps
62752 ms [UE 30040] UL Throughput = 0.01459 Mbps
62866 ms [UE 30040] UL Throughput = 0.05156 Mbps
62866 ms [UE 42234] UL Throughput = 0.0 Mbps
62869 ms [UE 30040] UL Throughput = 0.0 Mbps
62869 ms [UE 42234] UL Throughput = 0.11845 Mbps
62973 ms [UE 30040] UL Throughput = 0.04883 Mbps
63075 ms [UE 30040] UL Throughput = 0.04285 Mbps
63075 ms [UE 42234] UL Throughput = 0.07036 Mbps
63175 ms [UE 30040] UL Throughput = 0.0 Mbps
63175 ms [UE 42234] UL Throughput = 0.08815 Mbps
63258 ms [UE 30040] UL Throughput = 0.0 Mbps
63262 ms [UE 30040] UL Throughput = 0.043 Mbps
63262 ms [UE 42234] UL Throughput = 0.03123 Mbps
63268 ms [UE 30040] UL Throughput = 0.0 Mbps
63268 ms [UE 42234] UL Throughput = 0.09305 Mbps
63361 ms [UE 30040] UL Throughput = 0.0 Mbps
63361 ms [UE 42234] UL Throughput = 0.0 Mbps
63471 ms [UE 42234] UL Throughput = 0.0 Mbps
63474 ms [UE 30040] UL Throughput = 0.0 Mbps
63474 ms [UE 42234] UL Throughput = 0.03695 Mbps
63574 ms [UE 30040] UL Throughput = 0.0 Mbps
63574 ms [UE 42234] UL Throughput = 0.0 Mbps
63665 ms [UE 30040] UL Throughput = 0.0 Mbps
63665 ms [UE 42234] UL Throughput = 0.06214 Mbps
63757 ms [UE 30040] UL Throughput = 0.05535 Mbps
63757 ms [UE 42234] UL Throughput = 0.02918 Mbps
63762 ms [UE 30040] UL Throughput = 0.0 Mbps
63762 ms [UE 42234] UL Throughput = 0.08133 Mbps
63860 ms [UE 30040] UL Throughput = 0.0 Mbps
63860 ms [UE 42234] UL Throughput = 0.06795 Mbps
63974 ms [UE 30040] UL Throughput = 0.0632 Mbps
63974 ms [UE 42234] UL Throughput = 0.04965 Mbps
64085 ms [UE 30040] UL Throughput = 0.03752 Mbps
64085 ms [UE 42234] UL Throughput = 0.0 Mbps
64195 ms [UE 30040] UL Throughput = 0.0 Mbps
64195 ms [UE 42234] UL Throughput = 0.0 Mbps
64287 ms [UE 30040] UL Throughput = 0.06769 Mbps
64290 ms [UE 30040] UL Throughput = 0.0 Mbps
64290 ms [UE 42234] UL Throughput = 0.0 Mbps
64295 ms [UE 30040] UL Throughput = 0.09405 Mbps
64295 ms [UE 42234] UL Throughput = 0.0 Mbps
64391 ms [UE 30040] UL Throughput = 0.06967 Mbps
64391 ms [UE 42234] UL Throughput = 0.06873 Mbps
64497 ms [UE 30040] UL Throughput = 0.09808 Mbps
64497 ms [UE 42234] UL Throughput = 0.0 Mbps
64586 ms [UE 30040] UL Throughput = 0.08445 Mbps
64586 ms [UE 42234] UL Throughput = 0.02404 Mbps
64692 ms [UE 30040] UL Throughput = 0.0 Mbps
64692 ms [UE 42234] UL Throughput = 0.08915 Mbps
64747 ms [UE 30040] UL Throughput = 0.04039 Mbps
64747 ms [UE 42234] UL Throughput = 0.0 Mbps
64753 ms [UE 30040] UL Throughput = 0.0 Mbps
64753 ms [UE 42234] UL Throughput = 0.0 Mbps
64849 ms [UE 30040] UL Throughput = 0.0 Mbps
64849 ms [UE 42234] UL Throughput = 0.0 Mbps
64952 ms [UE 42234] UL Throughput = 0.04793 Mbps
65040 ms [UE 30040] UL Throughput = 0.0 Mbps
65040 ms [UE 42234] UL Throughput = 0.0 Mbps
65046 ms [UE 30040] UL Throughput = 0.0 Mbps
65046 ms [UE 42234] UL Throughput = 0.0 Mbps
65162 ms [UE 30040] UL Throughput = 0.03513 Mbps
65162 ms [UE 42234] UL Throughput = 0.06459 Mbps
65164 ms [UE 30040] UL Throughput = 0.06924 Mbps
65164 ms [UE 42234] UL Throughput = 0.01725 Mbps
65261 ms [UE 30040] UL Throughput = 0.07845 Mbps
65261 ms [UE 42234] UL Throughput = 0.0575 Mbps
65369 ms [UE 30040] UL Throughput = 0.09162 Mbps
65369 ms [UE 42234] UL Throughput = 0.0 Mbps
65456 ms [UE 30040] UL Throughput = 0.05957 Mbps
65456 ms [UE 42234] UL Throughput = 0.03382 Mbps
65558 ms [UE 30040] UL Throughput = 0.03699 Mbps
65558 ms [UE 42234] UL Throughput = 0.0 Mbps
65687 ms [UE 30040] UL Throughput = 0.01005 Mbps
65687 ms [UE 42234] UL Throughput = 0.06836 Mbps
65790 ms [UE 30040] UL Throughput = 0.08499 Mbps
65942 ms [UE 30040] UL Throughput = 0.07654 Mbps
65942 ms [UE 42234] UL Throughput = 0.0 Mbps
66047 ms [UE 30040] UL Throughput = 0.04105 Mbps
66047 ms [UE 42234] UL Throughput = 0.0 Mbps
66134 ms [UE 30040] UL Throughput = 0.0 Mbps
66134 ms [UE 42234] UL Throughput = 0.06313 Mbps
66225 ms [UE 30040] UL Throughput = 0.07765 Mbps
66225 ms [UE 42234] UL Throughput = 0.0122 Mbps
66336 ms [UE 42234] UL Throughput = 0.09204 Mbps
66427 ms [UE 30040] UL Throughput = 0.0 Mbps
66427 ms [UE 42234] UL Throughput = 0.0 Mbps
66433 ms [UE 30040] UL Throughput = 0.0 Mbps
66433 ms [UE 42234] UL Throughput = 0.0 Mbps
66529 ms [UE 30040] UL Throughput = 0.0 Mbps
66529 ms [UE 42234] UL Throughput = 0.13808 Mbps
66617 ms [UE 30040] UL Throughput = 0.0 Mbps
66617 ms [UE 42234] UL Throughput = 0.08533 Mbps
66716 ms [UE 30040] UL Throughput = 0.01547 Mbps
66716 ms [UE 42234] UL Throughput = 0.0 Mbps
66722 ms [UE 30040] UL Throughput = 0.02321 Mbps
66722 ms [UE 42234] UL Throughput = 0.01072 Mbps
66723 ms [UE 42234] UL Throughput = 0.03883 Mbps
66815 ms [UE 30040] UL Throughput = 0.0 Mbps
66815 ms [UE 42234] UL Throughput = 0.07166 Mbps
66900 ms [UE 30040] UL Throughput = 0.0 Mbps
66904 ms [UE 30040] UL Throughput = 0.0 Mbps
66904 ms [UE 42234] UL Throughput = 0.067 Mbps
66997 ms [UE 30040] UL Throughput = 0.05958 Mbps
66997 ms [UE 42234] UL Throughput = 0.06787 Mbps
67117 ms [UE 30040] UL Throughput = 0.0 Mbps
67117 ms [UE 42234] UL Throughput = 0.0 Mbps
67221 ms [UE 30040] UL Throughput = 0.01489 Mbps
67221 ms [UE 42234] UL Throughput = 0.04893 Mbps
67226 ms [UE 30040] UL Throughput = 0.0 Mbps
67226 ms [UE 42234] UL Throughput = 0.03279 Mbps
67338 ms [UE 30040] UL Throughput = 0.03712 Mbps
67419 ms [UE 30040] UL Throughput = 0.0 Mbps
67419 ms [UE 42234] UL Throughput = 0.06367 Mbps
67546 ms [UE 30040] UL Throughput = 0.0189 Mbps
67546 ms [UE 42234] UL Throughput = 0.0862 Mbps
67652 ms [UE 30040] UL Throughput = 0.0 Mbps
67654 ms [UE 30040] UL Throughput = 0.12298 Mbps
67654 ms [UE 42234] UL Throughput = 0.0 Mbps
67747 ms [UE 30040] UL Throughput = 0.10053 Mbps
67747 ms [UE 42234] UL Throughput = 0.084 Mbps
67753 ms [UE 30040] UL Throughput = 0.0 Mbps
67755 ms [UE 30040] UL Throughput = 0.0 Mbps
67755 ms [UE 42234] UL Throughput = 0.0 Mbps
67819 ms [UE 30040] UL Throughput = 0.03028 Mbps
67819 ms [UE 42234] UL Throughput = 0.0614 Mbps
67940 ms [UE 30040] UL Throughput = 0.0 Mbps
67940 ms [UE 42234] UL Throughput = 0.01649 Mbps
68044 ms [UE 30040] UL Throughput = 0.0 Mbps
68044 ms [UE 42234] UL Throughput = 0.08356 Mbps
68048 ms [UE 30040] UL Throughput = 0.0 Mbps
68048 ms [UE 42234] UL Throughput = 0.0826 Mbps
68135 ms [UE 42234] UL Throughput = 0.03651 Mbps
68236 ms [UE 30040] UL Throughput = 0.05962 Mbps
68236 ms [UE 42234] UL Throughput = 0.1372 Mbps
68350 ms [UE 30040] UL Throughput = 0.0 Mbps
68350 ms [UE 42234] UL Throughput = 0.08305 Mbps
68465 ms [UE 42234] UL Throughput = 0.0 Mbps
68471 ms [UE 42234] UL Throughput = 0.0 Mbps
68577 ms [UE 30040] UL Throughput = 0.0 Mbps
68577 ms [UE 42234] UL Throughput = 0.0 Mbps
68688 ms [UE 30040] UL Throughput = 0.0 Mbps
68688 ms [UE 42234] UL Throughput = 0.03032 Mbps
68750 ms [UE 30040] UL Throughput = 0.0 Mbps
68750 ms [UE 42234] UL Throughput = 0.0 Mbps
68860 ms [UE 30040] UL Throughput = 0.09812 Mbps
68860 ms [UE 42234] UL Throughput = 0.0 Mbps
68866 ms [UE 30040] UL Throughput = 0.06759 Mbps
68866 ms [UE 42234] UL Throughput = 0.0 Mbps
68950 ms [UE 30040] UL Throughput = 0.02762 Mbps
68950 ms [UE 42234] UL Throughput = 0.08107 Mbps
69053 ms [UE 30040] UL Throughput = 0.08478 Mbps
69053 ms [UE 42234] UL Throughput = 0.0176 Mbps
69170 ms [UE 30040] UL Throughput = 0.0 Mbps
69170 ms [UE 42234] UL Throughput = 0.0 Mbps
69267 ms [UE 30040] UL Throughput = 0.0 Mbps
69267 ms [UE 42234] UL Throughput = 0.08118 Mbps
69345 ms [UE 30040] UL Throughput = 0.0 Mbps
69345 ms [UE 42234] UL Throughput = 0.0 Mbps
69419 ms [UE 30040] UL Throughput = 0.0 Mbps
69419 ms [UE 42234] UL Throughput = 0.05286 Mbps
69527 ms [UE 30040] UL Throughput = 0.0 Mbps
69527 ms [UE 42234] UL Throughput = 0.04447 Mbps
69636 ms [UE 30040] UL Throughput = 0.0 Mbps
69636 ms [UE 42234] UL Throughput = 0.02354 Mbps
69722 ms [UE 30040] UL Throughput = 0.08216 Mbps
69722 ms [UE 42234] UL Throughput = 0.0313 Mbps
69820 ms [UE 30040] UL Throughput = 0.0 Mbps
69820 ms [UE 42234] UL Throughput = 0.0 Mbps
69823 ms [UE 30040] UL Throughput = 0.0 Mbps
69823 ms [UE 42234] UL Throughput = 0.0 Mbps
69911 ms [UE 30040] UL Throughput = 0.0 Mbps
69911 ms [UE 42234] UL Throughput = 0.0 Mbps
70018 ms [UE 30040] UL Throughput = 0.03545 Mbps
70018 ms [UE 42234] UL Throughput = 0.07662 Mbps
70091 ms [UE 30040] UL Throughput = 0.0 Mbps
70091 ms [UE 42234] UL Throughput = 0.07879 Mbps
70196 ms [UE 30040] UL Throughput = 0.0 Mbps
70196 ms [UE 42234] UL Throughput = 0.05429 Mbps
70286 ms [UE 42234] UL Throughput = 0.0783 Mbps
70292 ms [UE 30040] UL Throughput = 0.0 Mbps
70292 ms [UE 42234] UL Throughput = 0.0 Mbps
70388 ms [UE 30040] UL Throughput = 0.0795 Mbps
70388 ms [UE 42234] UL Throughput = 0.07076 Mbps
70511 ms [UE 30040] UL Throughput = 0.0 Mbps
70511 ms [UE 42234] UL Throughput = 0.08762 Mbps
70627 ms [UE 30040] UL Throughput = 0.0 Mbps
70627 ms [UE 42234] UL Throughput = 0.0 Mbps
70727 ms [UE 30040] UL Throughput = 0.0 Mbps
70727 ms [UE 42234] UL Throughput = 0.0 Mbps
70826 ms [UE 30040] UL Throughput = 0.04654 Mbps
70826 ms [UE 42234] UL Throughput = 0.0 Mbps
70948 ms [UE 30040] UL Throughput = 0.01388 Mbps
70948 ms [UE 42234] UL Throughput = 0.15006 Mbps
70952 ms [UE 30040] UL Throughput = 0.0 Mbps
70952 ms [UE 42234] UL Throughput = 0.07307 Mbps
70953 ms [UE 30040] UL Throughput = 0.0 Mbps
70953 ms [UE 42234] UL Throughput = 0.0 Mbps
71016 ms [UE 30040] UL Throughput = 0.03698 Mbps
71016 ms [UE 42234] UL Throughput = 0.0 Mbps
71098 ms [UE 30040] UL Throughput = 0.0 Mbps
71098 ms [UE 42234] UL Throughput = 0.05768 Mbps
71181 ms [UE 30040] UL Throughput = 0.0 Mbps
71181 ms [UE 42234] UL Throughput = 0.0 Mbps
71271 ms [UE 30040] UL Throughput = 0.0 Mbps
71277 ms [UE 30040] UL Throughput = 0.08484 Mbps
71277 ms [UE 42234] UL Throughput = 0.04511 Mbps
71374 ms [UE 30040] UL Throughput = 0.0 Mbps
71374 ms [UE 42234] UL Throughput = 0.09264 Mbps
71474 ms [UE 30040] UL Throughput = 0.05123 Mbps
71474 ms [UE 42234] UL Throughput = 0.09364 Mbps
71564 ms [UE 30040] UL Throughput = 0.09828 Mbps
71570 ms [UE 30040] UL Throughput = 0.10701 Mbps
71570 ms [UE 42234] UL Throughput = 0.0 Mbps
71576 ms [UE 30040] UL Throughput = 0.0 Mbps
71576 ms [UE 42234] UL Throughput = 0.09366 Mbps
71653 ms [UE 42234] UL Throughput = 0.0 Mbps
71734 ms [UE 30040] UL Throughput = 0.05085 Mbps
71734 ms [UE 42234] UL Throughput = 0.0 Mbps
71800 ms [UE 30040] UL Throughput = 0.01463 Mbps
71800 ms [UE 42234] UL Throughput = 0.01902 Mbps
71892 ms [UE 30040] UL Throughput = 0.0 Mbps
71892 ms [UE 42234] UL Throughput = 0.03859 Mbps
72009 ms [UE 30040] UL Throughput = 0.0 Mbps
72009 ms [UE 42234] UL Throughput = 0.0 Mbps
72106 ms [UE 42234] UL Throughput = 0.09056 Mbps
72199 ms [UE 30040] UL Throughput = 0.0497 Mbps
72199 ms [UE 42234] UL Throughput = 0.0 Mbps
72285 ms [UE 42234] UL Throughput = 0.0963 Mbps
72401 ms [UE 30040] UL Throughput = 0.0 Mbps
72401 ms [UE 42234] UL Throughput = 0.0 Mbps
72501 ms [UE 30040] UL Throughput = 0.07579 Mbps
72501 ms [UE 42234] UL Throughput = 0.01069 Mbps
72604 ms [UE 30040] UL Throughput = 0.0 Mbps
72604 ms [UE 42234] UL Throughput = 0.0 Mbps
72698 ms [UE 30040] UL Throughput = 0.04458 Mbps
72698 ms [UE 42234] UL Throughput = 0.09041 Mbps
72704 ms [UE 30040] UL Throughput = 0.08233 Mbps
72704 ms [UE 42234] UL Throughput = 0.04861 Mbps
72796 ms [UE 42234] UL Throughput = 0.0 Mbps
72883 ms [UE 30040] UL Throughput = 0.02158 Mbps
72883 ms [UE 42234] UL Throughput = 0.09324 Mbps
72980 ms [UE 30040] UL Throughput = 0.0 Mbps
72980 ms [UE 42234] UL Throughput = 0.09293 Mbps
73098 ms [UE 30040] UL Throughput = 0.01835 Mbps
73098 ms [UE 42234] UL Throughput = 0.0 Mbps
73103 ms [UE 30040] UL Throughput = 0.0 Mbps
73210 ms [UE 42234] UL Throughput = 0.0 Mbps
73211 ms [UE 30040] UL Throughput = 0.0 Mbps
73211 ms [UE 42234] UL Throughput = 0.0 Mbps
73294 ms [UE 42234] UL Throughput = 0.0 Mbps
73391 ms [UE 30040] UL Throughput = 0.0 Mbps
73490 ms [UE 30040] UL Throughput = 0.0 Mbps
73600 ms [UE 30040] UL Throughput = 0.0 Mbps
73600 ms [UE 42234] UL Throughput = 0.0 Mbps
73698 ms [UE 30040] UL Throughput = 0.03927 Mbps
73698 ms [UE 42234] UL Throughput = 0.0853 Mbps
73793 ms [UE 30040] UL Throughput = 0.04451 Mbps
73793 ms [UE 42234] UL Throughput = 0.09115 Mbps
73879 ms [UE 30040] UL Throughput = 0.07199 Mbps
73879 ms [UE 42234] UL Throughput = 0.01372 Mbps
73967 ms [UE 30040] UL Throughput = 0.0 Mbps
73967 ms [UE 42234] UL Throughput = 0.0 Mbps
74059 ms [UE 30040] UL Throughput = 0.04202 Mbps
74059 ms [UE 42234] UL Throughput = 0.0 Mbps
74144 ms [UE 30040] UL Throughput = 0.0 Mbps
74144 ms [UE 42234] UL Throughput = 0.04892 Mbps
74233 ms [UE 30040] UL Throughput = 0.01744 Mbps
74233 ms [UE 42234] UL Throughput = 0.0 Mbps
74330 ms [UE 30040] UL Throughput = 0.05731 Mbps
74330 ms [UE 42234] UL Throughput = 0.08549 Mbps
74426 ms [UE 30040] UL Throughput = 0.0 Mbps
74552 ms [UE 30040] UL Throughput = 0.0 Mbps
74552 ms [UE 42234] UL Throughput = 0.0 Mbps
74611 ms [UE 30040] UL Throughput = 0.08433 Mbps
74611 ms [UE 42234] UL Throughput = 0.04761 Mbps
74714 ms [UE 42234] UL Throughput = 0.0 Mbps
74825 ms [UE 30040] UL Throughput = 0.04104 Mbps
74825 ms [UE 42234] UL Throughput = 0.0 Mbps
74829 ms [UE 30040] UL Throughput = 0.0 Mbps
74928 ms [UE 30040] UL Throughput = 0.0 Mbps
74928 ms [UE 42234] UL Throughput = 0.0 Mbps
74929 ms [UE 30040] UL Throughput = 0.07832 Mbps
74929 ms [UE 42234] UL Throughput = 0.0 Mbps
75007 ms [UE 30040] UL Throughput = 0.0 Mbps
75007 ms [UE 42234] UL Throughput = 0.05308 Mbps
75100 ms [UE 30040] UL Throughput = 0.0 Mbps
75100 ms [UE 42234] UL Throughput = 0.0214 Mbps
75193 ms [UE 30040] UL Throughput = 0.09287 Mbps
75193 ms [UE 42234] UL Throughput = 0.0 Mbps
75282 ms [UE 30040] UL Throughput = 0.09804 Mbps
75282 ms [UE 42234] UL Throughput = 0.0 Mbps
75393 ms [UE 30040] UL Throughput = 0.09095 Mbps
75513 ms [UE 30040] UL Throughput = 0.09507 Mbps
75513 ms [UE 42234] UL Throughput = 0.14177 Mbps
75515 ms [UE 30040] UL Throughput = 0.08922 Mbps
75515 ms [UE 42234] UL Throughput = 0.0 Mbps
75517 ms [UE 30040] UL Throughput = 0.02379 Mbps
75517 ms [UE 42234] UL Throughput = 0.0 Mbps
75523 ms [UE 30040] UL Throughput = 0.08996 Mbps
75523 ms [UE 42234] UL Throughput = 0.0 Mbps
75622 ms [UE 30040] UL Throughput = 0.01424 Mbps
75622 ms [UE 42234] UL Throughput = 0.0 Mbps
75736 ms [UE 30040] UL Throughput = 0.09639 Mbps
75736 ms [UE 42234] UL Throughput = 0.0 Mbps
75824 ms [UE 30040] UL Throughput = 0.0 Mbps
75824 ms [UE 42234] UL Throughput = 0.09327 Mbps
75915 ms [UE 30040] UL Throughput = 0.06723 Mbps
75915 ms [UE 42234] UL Throughput = 0.04203 Mbps
75994 ms [UE 30040] UL Throughput = 0.01203 Mbps
75994 ms [UE 42234] UL Throughput = 0.0 Mbps
75995 ms [UE 30040] UL Throughput = 0.07096 Mbps
75995 ms [UE 42234] UL Throughput = 0.0 Mbps
76061 ms [UE 30040] UL Throughput = 0.07275 Mbps
76061 ms [UE 42234] UL Throughput = 0.0 Mbps
76065 ms [UE 30040] UL Throughput = 0.08911 Mbps
76065 ms [UE 42234] UL Throughput = 0.05994 Mbps
76108 ms [UE 30040] UL Throughput = 0.03255 Mbps
76108 ms [UE 42234] UL Throughput = 0.01737 Mbps
76239 ms [UE 30040] UL Throughput = 0.04915 Mbps
76345 ms [UE 30040] UL Throughput = 0.0 Mbps
76345 ms [UE 42234] UL Throughput = 0.0 Mbps
76472 ms [UE 30040] UL Throughput = 0.03547 Mbps
76472 ms [UE 42234] UL Throughput = 0.0892 Mbps
76573 ms [UE 30040] UL Throughput = 0.11672 Mbps
76573 ms [UE 42234] UL Throughput = 0.0 Mbps
76575 ms [UE 30040] UL Throughput = 0.0 Mbps
76575 ms [UE 42234] UL Throughput = 0.09417 Mbps
76657 ms [UE 30040] UL Throughput = 0.0 Mbps
76657 ms [UE 42234] UL Throughput = 0.0 Mbps
76772 ms [UE 30040] UL Throughput = 0.0 Mbps
76772 ms [UE 42234] UL Throughput = 0.0 Mbps
76878 ms [UE 30040] UL Throughput = 0.0 Mbps
76878 ms [UE 42234] UL Throughput = 0.01983 Mbps
76988 ms [UE 30040] UL Throughput = 0.0 Mbps
76988 ms [UE 42234] UL Throughput = 0.0 Mbps
77095 ms [UE 30040] UL Throughput = 0.0 Mbps
77095 ms [UE 42234] UL Throughput = 0.0 Mbps
77212 ms [UE 30040] UL Throughput = 0.0 Mbps
77212 ms [UE 42234] UL Throughput = 0.0 Mbps
77329 ms [UE 42234] UL Throughput = 0.05735 Mbps
77426 ms [UE 30040] UL Throughput = 0.03401 Mbps
77426 ms [UE 42234] UL Throughput = 0.0 Mbps
77520 ms [UE 30040] UL Throughput = 0.0 Mbps
77520 ms [UE 42234] UL Throughput = 0.0 Mbps
77635 ms [UE 30040] UL Throughput = 0.0 Mbps
77635 ms [UE 42234] UL Throughput = 0.05776 Mbps
77735 ms [UE 30040] UL Throughput = 0.0 Mbps
77735 ms [UE 42234] UL Throughput = 0.0 Mbps
77820 ms [UE 30040] UL Throughput = 0.0 Mbps
77820 ms [UE 42234] UL Throughput = 0.0 Mbps
77921 ms [UE 30040] UL Throughput = 0.0376 Mbps
77921 ms [UE 42234] UL Throughput = 0.06296 Mbps
77990 ms [UE 30040] UL Throughput = 0.0 Mbps
78078 ms [UE 30040] UL Throughput = 0.0 Mbps
78078 ms [UE 42234] UL Throughput = 0.0 Mbps
78081 ms [UE 30040] UL Throughput = 0.0 Mbps
78181 ms [UE 30040] UL Throughput = 0.01439 Mbps
78181 ms [UE 42234] UL Throughput = 0.0 Mbps
78292 ms [UE 30040] UL Throughput = 0.0 Mbps
78292 ms [UE 42234] UL Throughput = 0.0 Mbps
78383 ms [UE 30040] UL Throughput = 0.01956 Mbps
78383 ms [UE 42234] UL Throughput = 0.0 Mbps
78478 ms [UE 30040] UL Throughput = 0.0 Mbps
78478 ms [UE 42234] UL Throughput = 0.08022 Mbps
78576 ms [UE 30040] UL Throughput = 0.0 Mbps
78576 ms [UE 42234] UL Throughput = 0.0 Mbps
78672 ms [UE 30040] UL Throughput = 0.08122 Mbps
78672 ms [UE 42234] UL Throughput = 0.06813 Mbps
78780 ms [UE 30040] UL Throughput = 0.08204 Mbps
78780 ms [UE 42234] UL Throughput = 0.09978 Mbps
78884 ms [UE 30040] UL Throughput = 0.03517 Mbps
78884 ms [UE 42234] UL Throughput = 0.0 Mbps
78964 ms [UE 30040] UL Throughput = 0.08307 Mbps
78964 ms [UE 42234] UL Throughput = 0.03836 Mbps
79068 ms [UE 30040] UL Throughput = 0.06828 Mbps
79068 ms [UE 42234] UL Throughput = 0.07722 Mbps
79173 ms [UE 30040] UL Throughput = 0.0 Mbps
79173 ms [UE 42234] UL Throughput = 0.04143 Mbps
79266 ms [UE 30040] UL Throughput = 0.02577 Mbps
79266 ms [UE 42234] UL Throughput = 0.08798 Mbps
79371 ms [UE 42234] UL Throughput = 0.15022 Mbps
79470 ms [UE 30040] UL Throughput = 0.0 Mbps
79470 ms [UE 42234] UL Throughput = 0.04365 Mbps
79575 ms [UE 30040] UL Throughput = 0.0 Mbps
79575 ms [UE 42234] UL Throughput = 0.0 Mbps
79662 ms [UE 30040] UL Throughput = 0.04504 Mbps
79662 ms [UE 42234] UL Throughput = 0.0182 Mbps
79755 ms [UE 30040] UL Throughput = 0.0 Mbps
79755 ms [UE 42234] UL Throughput = 0.07513 Mbps
79854 ms [UE 30040] UL Throughput = 0.06486 Mbps
79854 ms [UE 42234] UL Throughput = 0.0 Mbps
79857 ms [UE 30040] UL Throughput = 0.07852 Mbps
79857 ms [UE 42234] UL Throughput = 0.0 Mbps
79952 ms [UE 30040] UL Throughput = 0.0 Mbps
79952 ms [UE 42234] UL Throughput = 0.0 Mbps
80061 ms [UE 30040] UL Throughput = 0.08831 Mbps
80061 ms [UE 42234] UL Throughput = 0.0 Mbps
80158 ms [UE 30040] UL Throughput = 0.03019 Mbps
80158 ms [UE 42234] UL Throughput = 0.01349 Mbps
80254 ms [UE 30040] UL Throughput = 0.08491 Mbps
80254 ms [UE 42234] UL Throughput = 0.02431 Mbps
80256 ms [UE 30040] UL Throughput = 0.0 Mbps
80346 ms [UE 30040] UL Throughput = 0.08799 Mbps
80346 ms [UE 42234] UL Throughput = 0.0 Mbps
80437 ms [UE 30040] UL Throughput = 0.0 Mbps
80437 ms [UE 42234] UL Throughput = 0.0 Mbps
80569 ms [UE 42234] UL Throughput = 0.0 Mbps
80687 ms [UE 30040] UL Throughput = 0.0 Mbps
80687 ms [UE 42234] UL Throughput = 0.06661 Mbps
80689 ms [UE 30040] UL Throughput = 0.0 Mbps
80689 ms [UE 42234] UL Throughput = 0.08761 Mbps
80791 ms [UE 30040] UL Throughput = 0.0282 Mbps
80791 ms [UE 42234] UL Throughput = 0.01445 Mbps
80796 ms [UE 30040] UL Throughput = 0.0 Mbps
80796 ms [UE 42234] UL Throughput = 0.0 Mbps
80802 ms [UE 30040] UL Throughput = 0.20565 Mbps
80802 ms [UE 42234] UL Throughput = 0.0 Mbps
80897 ms [UE 30040] UL Throughput = 0.01481 Mbps
80897 ms [UE 42234] UL Throughput = 0.0 Mbps
80999 ms [UE 30040] UL Throughput = 0.0 Mbps
81122 ms [UE 30040] UL Throughput = 0.0 Mbps
81122 ms [UE 42234] UL Throughput = 0.06701 Mbps
81219 ms [UE 30040] UL Throughput = 0.0 Mbps
81356 ms [UE 30040] UL Throughput = 0.0 Mbps
81356 ms [UE 42234] UL Throughput = 0.04031 Mbps
81487 ms [UE 30040] UL Throughput = 0.0 Mbps
81487 ms [UE 42234] UL Throughput = 0.0437 Mbps
81579 ms [UE 42234] UL Throughput = 0.05635 Mbps
81667 ms [UE 30040] UL Throughput = 0.07501 Mbps
81667 ms [UE 42234] UL Throughput = 0.02211 Mbps
81778 ms [UE 30040] UL Throughput = 0.01431 Mbps
81867 ms [UE 30040] UL Throughput = 0.05888 Mbps
81952 ms [UE 30040] UL Throughput = 0.06332 Mbps
81952 ms [UE 42234] UL Throughput = 0.07836 Mbps
82044 ms [UE 30040] UL Throughput = 0.04045 Mbps
82044 ms [UE 42234] UL Throughput = 0.04268 Mbps
82045 ms [UE 30040] UL Throughput = 0.07032 Mbps
82045 ms [UE 42234] UL Throughput = 0.0 Mbps
82118 ms [UE 30040] UL Throughput = 0.05151 Mbps
82118 ms [UE 42234] UL Throughput = 0.07829 Mbps
82221 ms [UE 42234] UL Throughput = 0.0 Mbps
82224 ms [UE 30040] UL Throughput = 0.0 Mbps
82328 ms [UE 30040] UL Throughput = 0.06369 Mbps
82328 ms [UE 42234] UL Throughput = 0.0452 Mbps
82329 ms [UE 30040] UL Throughput = 0.01065 Mbps
82329 ms [UE 42234] UL Throughput = 0.03285 Mbps
82331 ms [UE 30040] UL Throughput = 0.0 Mbps
82331 ms [UE 42234] UL Throughput = 0.0 Mbps
82423 ms [UE 30040] UL Throughput = 0.0 Mbps
82423 ms [UE 42234] UL Throughput = 0.0 Mbps
82537 ms [UE 42234] UL Throughput = 0.0 Mbps
82628 ms [UE 30040] UL Throughput = 0.01264 Mbps
82628 ms [UE 42234] UL Throughput = 0.03085 Mbps
82710 ms [UE 42234] UL Throughput = 0.02102 Mbps
82808 ms [UE 42234] UL Throughput = 0.0135 Mbps
82936 ms [UE 30040] UL Throughput = 0.0 Mbps
82939 ms [UE 30040] UL Throughput = 0.0 Mbps
83032 ms [UE 30040] UL Throughput = 0.11215 Mbps
83032 ms [UE 42234] UL Throughput = 0.0 Mbps
83117 ms [UE 30040] UL Throughput = 0.02981 Mbps
83117 ms [UE 42234] UL Throughput = 0.0 Mbps
83119 ms [UE 30040] UL Throughput = 0.09264 Mbps
83119 ms [UE 42234] UL Throughput = 0.0 Mbps
83237 ms [UE 30040] UL Throughput = 0.09083 Mbps
83237 ms [UE 42234] UL Throughput = 0.0 Mbps
83340 ms [UE 30040] UL Throughput = 0.0 Mbps
83340 ms [UE 42234] UL Throughput = 0.08182 Mbps
83450 ms [UE 30040] UL Throughput = 0.0 Mbps
83450 ms [UE 42234] UL Throughput = 0.07009 Mbps
83455 ms [UE 30040] UL Throughput = 0.0506 Mbps
83455 ms [UE 42234] UL Throughput = 0.02382 Mbps
83562 ms [UE 30040] UL Throughput = 0.05618 Mbps
83562 ms [UE 42234] UL Throughput = 0.05897 Mbps
83667 ms [UE 30040] UL Throughput = 0.06529 Mbps
83667 ms [UE 42234] UL Throughput = 0.09111 Mbps
83776 ms [UE 30040] UL Throughput = 0.06538 Mbps
83776 ms [UE 42234] UL Throughput = 0.0 Mbps
83890 ms [UE 30040] UL Throughput = 0.0 Mbps
83890 ms [UE 42234] UL Throughput = 0.04396 Mbps
83984 ms [UE 42234] UL Throughput = 0.07569 Mbps
84099 ms [UE 30040] UL Throughput = 0.0 Mbps
84099 ms [UE 42234] UL Throughput = 0.06991 Mbps
84103 ms [UE 30040] UL Throughput = 0.0 Mbps
84103 ms [UE 42234] UL Throughput = 0.0 Mbps
84214 ms [UE 30040] UL Throughput = 0.08327 Mbps
84214 ms [UE 42234] UL Throughput = 0.07932 Mbps
84289 ms [UE 30040] UL Throughput = 0.0 Mbps
84289 ms [UE 42234] UL Throughput = 0.0 Mbps
84293 ms [UE 30040] UL Throughput = 0.0 Mbps
84293 ms [UE 42234] UL Throughput = 0.01011 Mbps
84386 ms [UE 30040] UL Throughput = 0.09588 Mbps
84390 ms [UE 30040] UL Throughput = 0.09681 Mbps
84390 ms [UE 42234] UL Throughput = 0.0 Mbps
84493 ms [UE 30040] UL Throughput = 0.0 Mbps
84493 ms [UE 42234] UL Throughput = 0.03809 Mbps
84495 ms [UE 30040] UL Throughput = 0.03099 Mbps
84495 ms [UE 42234] UL Throughput = 0.07189 Mbps
84603 ms [UE 30040] UL Throughput = 0.02209 Mbps
84603 ms [UE 42234] UL Throughput = 0.0 Mbps
84691 ms [UE 30040] UL Throughput = 0.0 Mbps
84691 ms [UE 42234] UL Throughput = 0.09592 Mbps
84791 ms [UE 30040] UL Throughput = 0.04024 Mbps
84791 ms [UE 42234] UL Throughput = 0.03922 Mbps
84880 ms [UE 30040] UL Throughput = 0.06179 Mbps
84985 ms [UE 30040] UL Throughput = 0.0257 Mbps
84985 ms [UE 42234] UL Throughput = 0.0 Mbps
85069 ms [UE 30040] UL Throughput = 0.10275 Mbps
85069 ms [UE 42234] UL Throughput = 0.0 Mbps
85178 ms [UE 30040] UL Throughput = 0.0 Mbps
85178 ms [UE 42234] UL Throughput = 0.08607 Mbps
85181 ms [UE 30040] UL Throughput = 0.05625 Mbps
85279 ms [UE 30040] UL Throughput = 0.0 Mbps
85279 ms [UE 42234] UL Throughput = 0.07535 Mbps
85377 ms [UE 30040] UL Throughput = 0.05658 Mbps
85377 ms [UE 42234] UL Throughput = 0.0 Mbps
85489 ms [UE 30040] UL Throughput = 0.06278 Mbps
85489 ms [UE 42234] UL Throughput = 0.06809 Mbps
85495 ms [UE 30040] UL Throughput = 0.14788 Mbps
85495 ms [UE 42234] UL Throughput = 0.09787 Mbps
85579 ms [UE 30040] UL Throughput = 0.0 Mbps
85579 ms [UE 42234] UL Throughput = 0.06357 Mbps
85681 ms [UE 30040] UL Throughput = 0.01802 Mbps
85681 ms [UE 42234] UL Throughput = 0.06318 Mbps
85767 ms [UE 30040] UL Throughput = 0.0 Mbps
85767 ms [UE 42234] UL Throughput = 0.04108 Mbps
85878 ms [UE 30040] UL Throughput = 0.0 Mbps
85878 ms [UE 42234] UL Throughput = 0.0 Mbps
85985 ms [UE 30040] UL Throughput = 0.07963 Mbps
85985 ms [UE 42234] UL Throughput = 0.07876 Mbps
86102 ms [UE 30040] UL Throughput = 0.05363 Mbps
86206 ms [UE 30040] UL Throughput = 0.0 Mbps
86305 ms [UE 30040] UL Throughput = 0.0 Mbps
86305 ms [UE 42234] UL Throughput = 0.0 Mbps
86390 ms [UE 30040] UL Throughput = 0.0 Mbps
86390 ms [UE 42234] UL Throughput = 0.04358 Mbps
86395 ms [UE 30040] UL Throughput = 0.0943 Mbps
86395 ms [UE 42234] UL Throughput = 0.0 Mbps
86397 ms [UE 42234] UL Throughput = 0.0 Mbps
86497 ms [UE 30040] UL Throughput = 0.0 Mbps
86497 ms [UE 42234] UL Throughput = 0.08987 Mbps
86597 ms [UE 30040] UL Throughput = 0.0 Mbps
86597 ms [UE 42234] UL Throughput = 0.04669 Mbps
86601 ms [UE 30040] UL Throughput = 0.0 Mbps
86601 ms [UE 42234] UL Throughput = 0.01814 Mbps
86710 ms [UE 30040] UL Throughput = 0.0 Mbps
86710 ms [UE 42234] UL Throughput = 0.0 Mbps
86820 ms [UE 30040] UL Throughput = 0.02399 Mbps
86820 ms [UE 42234] UL Throughput = 0.0646 Mbps
86935 ms [UE 30040] UL Throughput = 0.0 Mbps
86935 ms [UE 42234] UL Throughput = 0.02969 Mbps
87038 ms [UE 30040] UL Throughput = 0.05707 Mbps
87038 ms [UE 42234] UL Throughput = 0.0 Mbps
87114 ms [UE 42234] UL Throughput = 0.01776 Mbps
87185 ms [UE 30040] UL Throughput = 0.09641 Mbps
87185 ms [UE 42234] UL Throughput = 0.09155 Mbps
87294 ms [UE 30040] UL Throughput = 0.05299 Mbps
87294 ms [UE 42234] UL Throughput = 0.07906 Mbps
87393 ms [UE 30040] UL Throughput = 0.04491 Mbps
87393 ms [UE 42234] UL Throughput = 0.09211 Mbps
87462 ms [UE 30040] UL Throughput = 0.09267 Mbps
87462 ms [UE 42234] UL Throughput = 0.0407 Mbps
87577 ms [UE 30040] UL Throughput = 0.09524 Mbps
87577 ms [UE 42234] UL Throughput = 0.09188 Mbps
87665 ms [UE 42234] UL Throughput = 0.0 Mbps
87759 ms [UE 30040] UL Throughput = 0.02227 Mbps
87759 ms [UE 42234] UL Throughput = 0.0 Mbps
87851 ms [UE 30040] UL Throughput = 0.02895 Mbps
87851 ms [UE 42234] UL Throughput = 0.0 Mbps
87853 ms [UE 30040] UL Throughput = 0.03617 Mbps
87853 ms [UE 42234] UL Throughput = 0.06555 Mbps
87965 ms [UE 42234] UL Throughput = 0.04615 Mbps
88075 ms [UE 30040] UL Throughput = 0.07232 Mbps
88075 ms [UE 42234] UL Throughput = 0.02279 Mbps
88166 ms [UE 30040] UL Throughput = 0.0 Mbps
88166 ms [UE 42234] UL Throughput = 0.0 Mbps
88247 ms [UE 42234] UL Throughput = 0.0582 Mbps
88335 ms [UE 30040] UL Throughput = 0.0 Mbps
88335 ms [UE 42234] UL Throughput = 0.0609 Mbps
88339 ms [UE 30040] UL Throughput = 0.08332 Mbps
88339 ms [UE 42234] UL Throughput = 0.0 Mbps
88449 ms [UE 30040] UL Throughput = 0.07431 Mbps
88550 ms [UE 30040] UL Throughput = 0.0 Mbps
88550 ms [UE 42234] UL Throughput = 0.06453 Mbps
88552 ms [UE 30040] UL Throughput = 0.08282 Mbps
88552 ms [UE 42234] UL Throughput = 0.0 Mbps
88653 ms [UE 30040] UL Throughput = 0.0 Mbps
88653 ms [UE 42234] UL Throughput = 0.0 Mbps
88657 ms [UE 30040] UL Throughput = 0.05134 Mbps
88657 ms [UE 42234] UL Throughput = 0.0 Mbps
88750 ms [UE 30040] UL Throughput = 0.0 Mbps
88843 ms [UE 30040] UL Throughput = 0.0 Mbps
88843 ms [UE 42234] UL Throughput = 0.01094 Mbps
88964 ms [UE 42234] UL Throughput = 0.0 Mbps
89086 ms [UE 30040] UL Throughput = 0.0 Mbps
89086 ms [UE 42234] UL Throughput = 0.08851 Mbps
89177 ms [UE 30040] UL Throughput = 0.08081 Mbps
89177 ms [UE 42234] UL Throughput = 0.02691 Mbps
89291 ms [UE 30040] UL Throughput = 0.0 Mbps
89291 ms [UE 42234] UL Throughput = 0.04025 Mbps
89379 ms [UE 30040] UL Throughput = 0.02851 Mbps
89379 ms [UE 42234] UL Throughput = 0.04815 Mbps
89491 ms [UE 30040] UL Throughput = 0.0 Mbps
89491 ms [UE 42234] UL Throughput = 0.04854 Mbps
89620 ms [UE 30040] UL Throughput = 0.14573 Mbps
89620 ms [UE 42234] UL Throughput = 0.0 Mbps
89714 ms [UE 30040] UL Throughput = 0.0 Mbps
89714 ms [UE 42234] UL Throughput = 0.05414 Mbps
89807 ms [UE 42234] UL Throughput = 0.0 Mbps
