[UTIL]: Setting the config -c file to /usr/local/etc/flexric/flexric.conf
[UTIL]: Setting path -p for the shared libraries to /usr/local/lib/flexric/
[xAapp]: Initializing ... 
[xApp]: nearRT-RIC IP Address = 192.168.70.150, PORT = 36422
[E2 AGENT]: Opening plugin from path = /usr/local/lib/flexric/libkpm_sm.so 
[E2 AGENT]: Opening plugin from path = /usr/local/lib/flexric/libmac_sm.so 
[E2 AGENT]: Opening plugin from path = /usr/local/lib/flexric/libpdcp_sm.so 
[E2 AGENT]: Opening plugin from path = /usr/local/lib/flexric/libgtp_sm.so 
[E2 AGENT]: Opening plugin from path = /usr/local/lib/flexric/librc_sm.so 
[E2 AGENT]: Opening plugin from path = /usr/local/lib/flexric/libtc_sm.so 
[E2 AGENT]: Opening plugin from path = /usr/local/lib/flexric/librlc_sm.so 
[E2 AGENT]: Opening plugin from path = /usr/local/lib/flexric/libslice_sm.so 
[NEAR-RIC]: Loading SM ID = 2 with def = ORAN-E2SM-KPM 
[NEAR-RIC]: Loading SM ID = 142 with def = MAC_STATS_V0 
[NEAR-RIC]: Loading SM ID = 144 with def = PDCP_STATS_V0 
[NEAR-RIC]: Loading SM ID = 148 with def = GTP_STATS_V0 
[NEAR-RIC]: Loading SM ID = 3 with def = ORAN-E2SM-RC 
[NEAR-RIC]: Loading SM ID = 146 with def = TC_STATS_V0 
[NEAR-RIC]: Loading SM ID = 143 with def = RLC_STATS_V0 
[NEAR-RIC]: Loading SM ID = 145 with def = SLICE_STATS_V0 
[xApp]: DB filename = /tmp/flexric/xapp_db 
 [xApp]: E42 SETUP-REQUEST tx
[xApp]: E42 SETUP-RESPONSE rx 
[xApp]: xApp ID = 20 
[xApp]: Registered E2 Nodes = 4 
Connected E2 nodes = 4
[xAPP] Registered node 0 ran func id = 2
[xAPP] Registered node 0 ran func id = 3
[xAPP] Registered node 0 ran func id = 142
[xAPP] Registered node 0 ran func id = 143
[xAPP] Registered node 0 ran func id = 144
[xAPP] Registered node 0 ran func id = 145
[xAPP] Registered node 0 ran func id = 146
[xAPP] Registered node 0 ran func id = 148
[xApp]: E42 RIC SUBSCRIPTION REQUEST tx RAN_FUNC_ID 144 RIC_REQ_ID 1 
[xApp]: SUBSCRIPTION RESPONSE rx
[xApp]: Successfully subscribed to RAN_FUNC_ID 144 
[xAPP] Registered node 1 ran func id = 2
[xAPP] Registered node 1 ran func id = 3
[xAPP] Registered node 1 ran func id = 142
[xAPP] Registered node 1 ran func id = 143
[xAPP] Registered node 1 ran func id = 144
[xAPP] Registered node 1 ran func id = 145
[xAPP] Registered node 1 ran func id = 146
[xAPP] Registered node 1 ran func id = 148
[xAPP] Registered node 2 ran func id = 2
[xAPP] Registered node 2 ran func id = 3
[xAPP] Registered node 2 ran func id = 142
[xAPP] Registered node 2 ran func id = 143
[xAPP] Registered node 2 ran func id = 144
[xAPP] Registered node 2 ran func id = 145
[xAPP] Registered node 2 ran func id = 146
[xAPP] Registered node 2 ran func id = 148
[xApp]: E42 RIC SUBSCRIPTION REQUEST tx RAN_FUNC_ID 142 RIC_REQ_ID 2 
7 ms | now=1755815452085481 us | PDCP ind_msg latency=71856988 us
[xApp]: SUBSCRIPTION RESPONSE rx
[xApp]: Successfully subscribed to RAN_FUNC_ID 142 
[xAPP] Registered node 3 ran func id = 2
[xAPP] Registered node 3 ran func id = 3
[xAPP] Registered node 3 ran func id = 142
[xAPP] Registered node 3 ran func id = 143
[xAPP] Registered node 3 ran func id = 144
[xAPP] Registered node 3 ran func id = 145
[xAPP] Registered node 3 ran func id = 146
[xAPP] Registered node 3 ran func id = 148
[xApp]: E42 RIC SUBSCRIPTION REQUEST tx RAN_FUNC_ID 142 RIC_REQ_ID 3 
[xApp]: SUBSCRIPTION RESPONSE rx
[xApp]: Successfully subscribed to RAN_FUNC_ID 142 
475 ms [UE 30040] UL Throughput = 0.0 Mbps
475 ms [UE 42234] UL Throughput = 0.0 Mbps
570 ms [UE 30040] UL Throughput = 0.0 Mbps
570 ms [UE 42234] UL Throughput = 0.0 Mbps
572 ms [UE 30040] UL Throughput = 0.03762 Mbps
572 ms [UE 42234] UL Throughput = 0.06319 Mbps
673 ms [UE 30040] UL Throughput = 0.0 Mbps
673 ms [UE 42234] UL Throughput = 0.0 Mbps
784 ms [UE 30040] UL Throughput = 0.0 Mbps
784 ms [UE 42234] UL Throughput = 0.06704 Mbps
888 ms [UE 30040] UL Throughput = 0.09267 Mbps
888 ms [UE 42234] UL Throughput = 0.0 Mbps
999 ms [UE 42234] UL Throughput = 0.08117 Mbps
1090 ms [UE 30040] UL Throughput = 0.09395 Mbps
1090 ms [UE 42234] UL Throughput = 0.03447 Mbps
1176 ms [UE 30040] UL Throughput = 0.0 Mbps
1176 ms [UE 42234] UL Throughput = 0.04204 Mbps
1258 ms [UE 42234] UL Throughput = 0.0 Mbps
1350 ms [UE 30040] UL Throughput = 0.0 Mbps
1350 ms [UE 42234] UL Throughput = 0.05579 Mbps
1351 ms [UE 30040] UL Throughput = 0.06095 Mbps
1351 ms [UE 42234] UL Throughput = 0.0837 Mbps
1352 ms [UE 30040] UL Throughput = 0.0 Mbps
1352 ms [UE 42234] UL Throughput = 0.05914 Mbps
1481 ms [UE 30040] UL Throughput = 0.02184 Mbps
1481 ms [UE 42234] UL Throughput = 0.02862 Mbps
1585 ms [UE 30040] UL Throughput = 0.09551 Mbps
1585 ms [UE 42234] UL Throughput = 0.0 Mbps
1588 ms [UE 30040] UL Throughput = 0.0 Mbps
1588 ms [UE 42234] UL Throughput = 0.07672 Mbps
1667 ms [UE 30040] UL Throughput = 0.0 Mbps
1667 ms [UE 42234] UL Throughput = 0.03518 Mbps
1776 ms [UE 42234] UL Throughput = 0.08778 Mbps
1781 ms [UE 30040] UL Throughput = 0.0 Mbps
1781 ms [UE 42234] UL Throughput = 0.0 Mbps
1887 ms [UE 30040] UL Throughput = 0.08677 Mbps
1887 ms [UE 42234] UL Throughput = 0.08566 Mbps
1999 ms [UE 30040] UL Throughput = 0.0 Mbps
1999 ms [UE 42234] UL Throughput = 0.0 Mbps
2102 ms [UE 30040] UL Throughput = 0.0 Mbps
2102 ms [UE 42234] UL Throughput = 0.07694 Mbps
2201 ms [UE 30040] UL Throughput = 0.05855 Mbps
2201 ms [UE 42234] UL Throughput = 0.0 Mbps
2286 ms [UE 42234] UL Throughput = 0.0 Mbps
2292 ms [UE 30040] UL Throughput = 0.0 Mbps
2294 ms [UE 30040] UL Throughput = 0.03821 Mbps
2294 ms [UE 42234] UL Throughput = 0.10604 Mbps
2300 ms [UE 30040] UL Throughput = 0.03705 Mbps
2300 ms [UE 42234] UL Throughput = 0.0 Mbps
2412 ms [UE 42234] UL Throughput = 0.05726 Mbps
2414 ms [UE 30040] UL Throughput = 0.05702 Mbps
2414 ms [UE 42234] UL Throughput = 0.03738 Mbps
2505 ms [UE 30040] UL Throughput = 0.05288 Mbps
2505 ms [UE 42234] UL Throughput = 0.05261 Mbps
2607 ms [UE 30040] UL Throughput = 0.0 Mbps
2607 ms [UE 42234] UL Throughput = 0.0 Mbps
2610 ms [UE 30040] UL Throughput = 0.08751 Mbps
2610 ms [UE 42234] UL Throughput = 0.01119 Mbps
2616 ms [UE 30040] UL Throughput = 0.02608 Mbps
2616 ms [UE 42234] UL Throughput = 0.0 Mbps
2714 ms [UE 30040] UL Throughput = 0.0 Mbps
2714 ms [UE 42234] UL Throughput = 0.08066 Mbps
2812 ms [UE 30040] UL Throughput = 0.08148 Mbps
2904 ms [UE 30040] UL Throughput = 0.01168 Mbps
2904 ms [UE 42234] UL Throughput = 0.08354 Mbps
3011 ms [UE 30040] UL Throughput = 0.12373 Mbps
3011 ms [UE 42234] UL Throughput = 0.0 Mbps
3017 ms [UE 30040] UL Throughput = 0.0917 Mbps
3126 ms [UE 30040] UL Throughput = 0.01286 Mbps
3126 ms [UE 42234] UL Throughput = 0.04147 Mbps
3130 ms [UE 30040] UL Throughput = 0.07645 Mbps
3130 ms [UE 42234] UL Throughput = 0.03079 Mbps
3132 ms [UE 30040] UL Throughput = 0.0 Mbps
3132 ms [UE 42234] UL Throughput = 0.02919 Mbps
3215 ms [UE 30040] UL Throughput = 0.0 Mbps
3215 ms [UE 42234] UL Throughput = 0.0 Mbps
3334 ms [UE 30040] UL Throughput = 0.03789 Mbps
3334 ms [UE 42234] UL Throughput = 0.124 Mbps
3335 ms [UE 30040] UL Throughput = 0.0 Mbps
3335 ms [UE 42234] UL Throughput = 0.03568 Mbps
3428 ms [UE 30040] UL Throughput = 0.06324 Mbps
3428 ms [UE 42234] UL Throughput = 0.0 Mbps
3532 ms [UE 42234] UL Throughput = 0.05477 Mbps
3619 ms [UE 30040] UL Throughput = 0.13559 Mbps
3619 ms [UE 42234] UL Throughput = 0.08327 Mbps
3727 ms [UE 42234] UL Throughput = 0.0 Mbps
3839 ms [UE 30040] UL Throughput = 0.05109 Mbps
3839 ms [UE 42234] UL Throughput = 0.0 Mbps
3844 ms [UE 30040] UL Throughput = 0.0 Mbps
3844 ms [UE 42234] UL Throughput = 0.05688 Mbps
3972 ms [UE 30040] UL Throughput = 0.0 Mbps
3972 ms [UE 42234] UL Throughput = 0.04248 Mbps
4077 ms [UE 30040] UL Throughput = 0.0 Mbps
4077 ms [UE 42234] UL Throughput = 0.0 Mbps
4193 ms [UE 30040] UL Throughput = 0.08668 Mbps
4193 ms [UE 42234] UL Throughput = 0.0 Mbps
4288 ms [UE 30040] UL Throughput = 0.09002 Mbps
4288 ms [UE 42234] UL Throughput = 0.0 Mbps
4376 ms [UE 30040] UL Throughput = 0.0 Mbps
4376 ms [UE 42234] UL Throughput = 0.0 Mbps
4381 ms [UE 30040] UL Throughput = 0.03198 Mbps
4381 ms [UE 42234] UL Throughput = 0.09138 Mbps
4469 ms [UE 30040] UL Throughput = 0.04157 Mbps
4469 ms [UE 42234] UL Throughput = 0.02189 Mbps
4559 ms [UE 30040] UL Throughput = 0.09829 Mbps
4559 ms [UE 42234] UL Throughput = 0.0 Mbps
4637 ms [UE 42234] UL Throughput = 0.09262 Mbps
4736 ms [UE 42234] UL Throughput = 0.01645 Mbps
4844 ms [UE 30040] UL Throughput = 0.0 Mbps
4844 ms [UE 42234] UL Throughput = 0.073 Mbps
4847 ms [UE 30040] UL Throughput = 0.02969 Mbps
4847 ms [UE 42234] UL Throughput = 0.08773 Mbps
4945 ms [UE 30040] UL Throughput = 0.0964 Mbps
4945 ms [UE 42234] UL Throughput = 0.0 Mbps
4948 ms [UE 42234] UL Throughput = 0.0 Mbps
5056 ms [UE 30040] UL Throughput = 0.0 Mbps
5056 ms [UE 42234] UL Throughput = 0.09507 Mbps
5166 ms [UE 30040] UL Throughput = 0.0 Mbps
5166 ms [UE 42234] UL Throughput = 0.0 Mbps
5265 ms [UE 30040] UL Throughput = 0.0 Mbps
5265 ms [UE 42234] UL Throughput = 0.0 Mbps
5357 ms [UE 30040] UL Throughput = 0.0 Mbps
5357 ms [UE 42234] UL Throughput = 0.05799 Mbps
5461 ms [UE 30040] UL Throughput = 0.07879 Mbps
5461 ms [UE 42234] UL Throughput = 0.01228 Mbps
5577 ms [UE 30040] UL Throughput = 0.0 Mbps
5577 ms [UE 42234] UL Throughput = 0.0 Mbps
5705 ms [UE 30040] UL Throughput = 0.0 Mbps
5705 ms [UE 42234] UL Throughput = 0.09568 Mbps
5805 ms [UE 30040] UL Throughput = 0.01127 Mbps
5805 ms [UE 42234] UL Throughput = 0.0171 Mbps
5902 ms [UE 30040] UL Throughput = 0.0 Mbps
5902 ms [UE 42234] UL Throughput = 0.07791 Mbps
5907 ms [UE 30040] UL Throughput = 0.06589 Mbps
5907 ms [UE 42234] UL Throughput = 0.03254 Mbps
6020 ms [UE 30040] UL Throughput = 0.03055 Mbps
6020 ms [UE 42234] UL Throughput = 0.0 Mbps
6109 ms [UE 30040] UL Throughput = 0.0 Mbps
6109 ms [UE 42234] UL Throughput = 0.0 Mbps
6231 ms [UE 30040] UL Throughput = 0.02034 Mbps
6318 ms [UE 30040] UL Throughput = 0.06384 Mbps
6318 ms [UE 42234] UL Throughput = 0.0 Mbps
6407 ms [UE 30040] UL Throughput = 0.0 Mbps
6407 ms [UE 42234] UL Throughput = 0.08545 Mbps
6500 ms [UE 30040] UL Throughput = 0.0 Mbps
6600 ms [UE 42234] UL Throughput = 0.0 Mbps
6706 ms [UE 42234] UL Throughput = 0.0 Mbps
6796 ms [UE 30040] UL Throughput = 0.0 Mbps
6796 ms [UE 42234] UL Throughput = 0.0 Mbps
6893 ms [UE 30040] UL Throughput = 0.0 Mbps
6893 ms [UE 42234] UL Throughput = 0.07762 Mbps
6993 ms [UE 30040] UL Throughput = 0.09235 Mbps
6993 ms [UE 42234] UL Throughput = 0.0 Mbps
7088 ms [UE 30040] UL Throughput = 0.0214 Mbps
7088 ms [UE 42234] UL Throughput = 0.0 Mbps
7168 ms [UE 30040] UL Throughput = 0.0222 Mbps
7168 ms [UE 42234] UL Throughput = 0.0 Mbps
7169 ms [UE 42234] UL Throughput = 0.08089 Mbps
7268 ms [UE 30040] UL Throughput = 0.04109 Mbps
7268 ms [UE 42234] UL Throughput = 0.0722 Mbps
7362 ms [UE 30040] UL Throughput = 0.06533 Mbps
7362 ms [UE 42234] UL Throughput = 0.0 Mbps
7423 ms [UE 30040] UL Throughput = 0.03627 Mbps
7423 ms [UE 42234] UL Throughput = 0.08742 Mbps
7531 ms [UE 30040] UL Throughput = 0.06117 Mbps
7531 ms [UE 42234] UL Throughput = 0.07058 Mbps
7534 ms [UE 30040] UL Throughput = 0.0 Mbps
7534 ms [UE 42234] UL Throughput = 0.0 Mbps
7536 ms [UE 42234] UL Throughput = 0.05164 Mbps
7622 ms [UE 30040] UL Throughput = 0.0 Mbps
7622 ms [UE 42234] UL Throughput = 0.0 Mbps
7729 ms [UE 30040] UL Throughput = 0.07958 Mbps
7832 ms [UE 42234] UL Throughput = 0.0 Mbps
7913 ms [UE 42234] UL Throughput = 0.05391 Mbps
8011 ms [UE 30040] UL Throughput = 0.11569 Mbps
8011 ms [UE 42234] UL Throughput = 0.07785 Mbps
8084 ms [UE 30040] UL Throughput = 0.04438 Mbps
8084 ms [UE 42234] UL Throughput = 0.06904 Mbps
8184 ms [UE 30040] UL Throughput = 0.10424 Mbps
8184 ms [UE 42234] UL Throughput = 0.0 Mbps
8278 ms [UE 30040] UL Throughput = 0.04316 Mbps
8278 ms [UE 42234] UL Throughput = 0.03897 Mbps
8382 ms [UE 30040] UL Throughput = 0.02516 Mbps
8382 ms [UE 42234] UL Throughput = 0.02209 Mbps
8387 ms [UE 30040] UL Throughput = 0.0 Mbps
8387 ms [UE 42234] UL Throughput = 0.03401 Mbps
8390 ms [UE 30040] UL Throughput = 0.08854 Mbps
8390 ms [UE 42234] UL Throughput = 0.06461 Mbps
8394 ms [UE 30040] UL Throughput = 0.02559 Mbps
8394 ms [UE 42234] UL Throughput = 0.0 Mbps
8495 ms [UE 30040] UL Throughput = 0.08066 Mbps
8495 ms [UE 42234] UL Throughput = 0.0 Mbps
8597 ms [UE 30040] UL Throughput = 0.03184 Mbps
8598 ms [UE 30040] UL Throughput = 0.0 Mbps
8598 ms [UE 42234] UL Throughput = 0.02255 Mbps
8716 ms [UE 30040] UL Throughput = 0.0 Mbps
8716 ms [UE 42234] UL Throughput = 0.06177 Mbps
8830 ms [UE 30040] UL Throughput = 0.0 Mbps
8830 ms [UE 42234] UL Throughput = 0.0488 Mbps
8833 ms [UE 30040] UL Throughput = 0.01193 Mbps
8833 ms [UE 42234] UL Throughput = 0.0 Mbps
8927 ms [UE 30040] UL Throughput = 0.01985 Mbps
8927 ms [UE 42234] UL Throughput = 0.0 Mbps
9011 ms [UE 42234] UL Throughput = 0.05506 Mbps
9112 ms [UE 30040] UL Throughput = 0.0 Mbps
9112 ms [UE 42234] UL Throughput = 0.03862 Mbps
9115 ms [UE 30040] UL Throughput = 0.0 Mbps
9115 ms [UE 42234] UL Throughput = 0.09416 Mbps
9236 ms [UE 30040] UL Throughput = 0.06852 Mbps
9236 ms [UE 42234] UL Throughput = 0.0 Mbps
9325 ms [UE 30040] UL Throughput = 0.0 Mbps
9414 ms [UE 30040] UL Throughput = 0.0 Mbps
9414 ms [UE 42234] UL Throughput = 0.10305 Mbps
9534 ms [UE 30040] UL Throughput = 0.0 Mbps
9534 ms [UE 42234] UL Throughput = 0.0 Mbps
9651 ms [UE 30040] UL Throughput = 0.09535 Mbps
9651 ms [UE 42234] UL Throughput = 0.0 Mbps
9736 ms [UE 30040] UL Throughput = 0.0 Mbps
9741 ms [UE 30040] UL Throughput = 0.0 Mbps
9741 ms [UE 42234] UL Throughput = 0.0 Mbps
9839 ms [UE 42234] UL Throughput = 0.0 Mbps
9840 ms [UE 42234] UL Throughput = 0.07462 Mbps
9947 ms [UE 30040] UL Throughput = 0.02245 Mbps
10059 ms [UE 30040] UL Throughput = 0.0 Mbps
10059 ms [UE 42234] UL Throughput = 0.0 Mbps
10153 ms [UE 30040] UL Throughput = 0.0 Mbps
10240 ms [UE 30040] UL Throughput = 0.02368 Mbps
10324 ms [UE 30040] UL Throughput = 0.0 Mbps
10324 ms [UE 42234] UL Throughput = 0.01872 Mbps
10427 ms [UE 30040] UL Throughput = 0.0 Mbps
10427 ms [UE 42234] UL Throughput = 0.07202 Mbps
10534 ms [UE 30040] UL Throughput = 0.0 Mbps
10534 ms [UE 42234] UL Throughput = 0.0 Mbps
10663 ms [UE 42234] UL Throughput = 0.01083 Mbps
10759 ms [UE 30040] UL Throughput = 0.0 Mbps
10759 ms [UE 42234] UL Throughput = 0.0 Mbps
10875 ms [UE 30040] UL Throughput = 0.06717 Mbps
10875 ms [UE 42234] UL Throughput = 0.04519 Mbps
10967 ms [UE 30040] UL Throughput = 0.0 Mbps
10967 ms [UE 42234] UL Throughput = 0.07066 Mbps
11099 ms [UE 30040] UL Throughput = 0.0 Mbps
11099 ms [UE 42234] UL Throughput = 0.0 Mbps
11103 ms [UE 30040] UL Throughput = 0.08572 Mbps
11103 ms [UE 42234] UL Throughput = 0.06299 Mbps
11207 ms [UE 30040] UL Throughput = 0.0 Mbps
11207 ms [UE 42234] UL Throughput = 0.0 Mbps
11313 ms [UE 30040] UL Throughput = 0.07519 Mbps
11313 ms [UE 42234] UL Throughput = 0.0 Mbps
11414 ms [UE 30040] UL Throughput = 0.0 Mbps
11414 ms [UE 42234] UL Throughput = 0.06758 Mbps
11501 ms [UE 30040] UL Throughput = 0.0277 Mbps
11501 ms [UE 42234] UL Throughput = 0.07923 Mbps
11595 ms [UE 30040] UL Throughput = 0.08534 Mbps
11595 ms [UE 42234] UL Throughput = 0.027 Mbps
11673 ms [UE 30040] UL Throughput = 0.10786 Mbps
11673 ms [UE 42234] UL Throughput = 0.0 Mbps
11674 ms [UE 30040] UL Throughput = 0.0 Mbps
11674 ms [UE 42234] UL Throughput = 0.08077 Mbps
11745 ms [UE 30040] UL Throughput = 0.04452 Mbps
11745 ms [UE 42234] UL Throughput = 0.0 Mbps
11749 ms [UE 30040] UL Throughput = 0.0 Mbps
11749 ms [UE 42234] UL Throughput = 0.08538 Mbps
11832 ms [UE 30040] UL Throughput = 0.0 Mbps
11832 ms [UE 42234] UL Throughput = 0.09448 Mbps
11835 ms [UE 30040] UL Throughput = 0.0 Mbps
11835 ms [UE 42234] UL Throughput = 0.06069 Mbps
11838 ms [UE 30040] UL Throughput = 0.0 Mbps
11838 ms [UE 42234] UL Throughput = 0.0 Mbps
11946 ms [UE 30040] UL Throughput = 0.02205 Mbps
11946 ms [UE 42234] UL Throughput = 0.0 Mbps
12045 ms [UE 30040] UL Throughput = 0.15411 Mbps
12045 ms [UE 42234] UL Throughput = 0.0755 Mbps
12170 ms [UE 30040] UL Throughput = 0.13033 Mbps
12170 ms [UE 42234] UL Throughput = 0.14241 Mbps
12265 ms [UE 30040] UL Throughput = 0.0 Mbps
12265 ms [UE 42234] UL Throughput = 0.0 Mbps
12360 ms [UE 30040] UL Throughput = 0.0 Mbps
12360 ms [UE 42234] UL Throughput = 0.0 Mbps
12428 ms [UE 30040] UL Throughput = 0.0 Mbps
12428 ms [UE 42234] UL Throughput = 0.02566 Mbps
12540 ms [UE 30040] UL Throughput = 0.0 Mbps
12540 ms [UE 42234] UL Throughput = 0.0 Mbps
12629 ms [UE 30040] UL Throughput = 0.08261 Mbps
12633 ms [UE 30040] UL Throughput = 0.04814 Mbps
12633 ms [UE 42234] UL Throughput = 0.03453 Mbps
12731 ms [UE 30040] UL Throughput = 0.04548 Mbps
12731 ms [UE 42234] UL Throughput = 0.04987 Mbps
12845 ms [UE 42234] UL Throughput = 0.0999 Mbps
12965 ms [UE 30040] UL Throughput = 0.08636 Mbps
12965 ms [UE 42234] UL Throughput = 0.0 Mbps
13058 ms [UE 30040] UL Throughput = 0.0 Mbps
13140 ms [UE 42234] UL Throughput = 0.0 Mbps
13248 ms [UE 30040] UL Throughput = 0.0861 Mbps
13248 ms [UE 42234] UL Throughput = 0.0 Mbps
13251 ms [UE 30040] UL Throughput = 0.0 Mbps
13251 ms [UE 42234] UL Throughput = 0.03769 Mbps
13366 ms [UE 30040] UL Throughput = 0.0 Mbps
13366 ms [UE 42234] UL Throughput = 0.06538 Mbps
13472 ms [UE 30040] UL Throughput = 0.02972 Mbps
13472 ms [UE 42234] UL Throughput = 0.0 Mbps
13574 ms [UE 42234] UL Throughput = 0.03312 Mbps
13709 ms [UE 42234] UL Throughput = 0.14082 Mbps
13818 ms [UE 30040] UL Throughput = 0.09743 Mbps
13818 ms [UE 42234] UL Throughput = 0.0 Mbps
13925 ms [UE 30040] UL Throughput = 0.02046 Mbps
13925 ms [UE 42234] UL Throughput = 0.0 Mbps
14063 ms [UE 30040] UL Throughput = 0.04329 Mbps
14063 ms [UE 42234] UL Throughput = 0.07306 Mbps
14167 ms [UE 42234] UL Throughput = 0.08199 Mbps
14244 ms [UE 30040] UL Throughput = 0.0 Mbps
14244 ms [UE 42234] UL Throughput = 0.0 Mbps
14355 ms [UE 42234] UL Throughput = 0.09529 Mbps
14452 ms [UE 30040] UL Throughput = 0.04584 Mbps
14452 ms [UE 42234] UL Throughput = 0.0 Mbps
14458 ms [UE 30040] UL Throughput = 0.0 Mbps
14458 ms [UE 42234] UL Throughput = 0.0 Mbps
14554 ms [UE 30040] UL Throughput = 0.09317 Mbps
14554 ms [UE 42234] UL Throughput = 0.08841 Mbps
14657 ms [UE 30040] UL Throughput = 0.0 Mbps
14657 ms [UE 42234] UL Throughput = 0.04921 Mbps
14774 ms [UE 30040] UL Throughput = 0.04611 Mbps
14774 ms [UE 42234] UL Throughput = 0.09564 Mbps
14859 ms [UE 30040] UL Throughput = 0.0 Mbps
14859 ms [UE 42234] UL Throughput = 0.08579 Mbps
14951 ms [UE 30040] UL Throughput = 0.04603 Mbps
14951 ms [UE 42234] UL Throughput = 0.08342 Mbps
15062 ms [UE 30040] UL Throughput = 0.03597 Mbps
15062 ms [UE 42234] UL Throughput = 0.06961 Mbps
15177 ms [UE 42234] UL Throughput = 0.09203 Mbps
15274 ms [UE 30040] UL Throughput = 0.0 Mbps
15274 ms [UE 42234] UL Throughput = 0.03371 Mbps
15389 ms [UE 30040] UL Throughput = 0.0 Mbps
15389 ms [UE 42234] UL Throughput = 0.05772 Mbps
15496 ms [UE 30040] UL Throughput = 0.0 Mbps
15594 ms [UE 30040] UL Throughput = 0.0 Mbps
15594 ms [UE 42234] UL Throughput = 0.0 Mbps
15699 ms [UE 30040] UL Throughput = 0.0 Mbps
15794 ms [UE 30040] UL Throughput = 0.0 Mbps
15794 ms [UE 42234] UL Throughput = 0.0 Mbps
15886 ms [UE 30040] UL Throughput = 0.07735 Mbps
15886 ms [UE 42234] UL Throughput = 0.04305 Mbps
15978 ms [UE 30040] UL Throughput = 0.0384 Mbps
15978 ms [UE 42234] UL Throughput = 0.0 Mbps
16052 ms [UE 30040] UL Throughput = 0.0 Mbps
16052 ms [UE 42234] UL Throughput = 0.12516 Mbps
16144 ms [UE 30040] UL Throughput = 0.0 Mbps
16144 ms [UE 42234] UL Throughput = 0.0 Mbps
16242 ms [UE 30040] UL Throughput = 0.02744 Mbps
16242 ms [UE 42234] UL Throughput = 0.07023 Mbps
16335 ms [UE 30040] UL Throughput = 0.02349 Mbps
16335 ms [UE 42234] UL Throughput = 0.08551 Mbps
16423 ms [UE 30040] UL Throughput = 0.09424 Mbps
16518 ms [UE 30040] UL Throughput = 0.0 Mbps
16603 ms [UE 30040] UL Throughput = 0.07334 Mbps
16603 ms [UE 42234] UL Throughput = 0.05965 Mbps
16718 ms [UE 30040] UL Throughput = 0.0 Mbps
16718 ms [UE 42234] UL Throughput = 0.0 Mbps
16835 ms [UE 30040] UL Throughput = 0.0 Mbps
16835 ms [UE 42234] UL Throughput = 0.04565 Mbps
16839 ms [UE 30040] UL Throughput = 0.0 Mbps
16839 ms [UE 42234] UL Throughput = 0.01177 Mbps
16845 ms [UE 30040] UL Throughput = 0.0 Mbps
16845 ms [UE 42234] UL Throughput = 0.0 Mbps
16974 ms [UE 42234] UL Throughput = 0.13369 Mbps
16975 ms [UE 30040] UL Throughput = 0.0 Mbps
16975 ms [UE 42234] UL Throughput = 0.08013 Mbps
16978 ms [UE 30040] UL Throughput = 0.0 Mbps
16978 ms [UE 42234] UL Throughput = 0.0 Mbps
16979 ms [UE 30040] UL Throughput = 0.01995 Mbps
16979 ms [UE 42234] UL Throughput = 0.0 Mbps
16984 ms [UE 30040] UL Throughput = 0.08637 Mbps
16984 ms [UE 42234] UL Throughput = 0.0 Mbps
16988 ms [UE 30040] UL Throughput = 0.0 Mbps
16988 ms [UE 42234] UL Throughput = 0.06656 Mbps
17081 ms [UE 30040] UL Throughput = 0.0 Mbps
17081 ms [UE 42234] UL Throughput = 0.0 Mbps
17187 ms [UE 30040] UL Throughput = 0.0 Mbps
17187 ms [UE 42234] UL Throughput = 0.09431 Mbps
17264 ms [UE 42234] UL Throughput = 0.0 Mbps
17358 ms [UE 30040] UL Throughput = 0.03595 Mbps
17483 ms [UE 30040] UL Throughput = 0.0 Mbps
17483 ms [UE 42234] UL Throughput = 0.08287 Mbps
17484 ms [UE 42234] UL Throughput = 0.0 Mbps
17547 ms [UE 30040] UL Throughput = 0.0 Mbps
17547 ms [UE 42234] UL Throughput = 0.05114 Mbps
17653 ms [UE 30040] UL Throughput = 0.06215 Mbps
17653 ms [UE 42234] UL Throughput = 0.0 Mbps
17654 ms [UE 30040] UL Throughput = 0.0 Mbps
17654 ms [UE 42234] UL Throughput = 0.05789 Mbps
17736 ms [UE 30040] UL Throughput = 0.01043 Mbps
17736 ms [UE 42234] UL Throughput = 0.0 Mbps
17842 ms [UE 30040] UL Throughput = 0.10558 Mbps
17842 ms [UE 42234] UL Throughput = 0.0 Mbps
17935 ms [UE 30040] UL Throughput = 0.06639 Mbps
17935 ms [UE 42234] UL Throughput = 0.02635 Mbps
17937 ms [UE 30040] UL Throughput = 0.0 Mbps
17937 ms [UE 42234] UL Throughput = 0.01063 Mbps
18028 ms [UE 30040] UL Throughput = 0.0 Mbps
18028 ms [UE 42234] UL Throughput = 0.0 Mbps
18127 ms [UE 30040] UL Throughput = 0.03048 Mbps
18253 ms [UE 30040] UL Throughput = 0.13492 Mbps
18253 ms [UE 42234] UL Throughput = 0.05866 Mbps
18369 ms [UE 30040] UL Throughput = 0.0 Mbps
18369 ms [UE 42234] UL Throughput = 0.02471 Mbps
18453 ms [UE 30040] UL Throughput = 0.0 Mbps
18453 ms [UE 42234] UL Throughput = 0.0 Mbps
18549 ms [UE 30040] UL Throughput = 0.0 Mbps
18549 ms [UE 42234] UL Throughput = 0.01751 Mbps
18653 ms [UE 30040] UL Throughput = 0.0 Mbps
18653 ms [UE 42234] UL Throughput = 0.0 Mbps
18776 ms [UE 30040] UL Throughput = 0.07979 Mbps
18776 ms [UE 42234] UL Throughput = 0.09517 Mbps
18846 ms [UE 30040] UL Throughput = 0.08498 Mbps
18846 ms [UE 42234] UL Throughput = 0.0 Mbps
18927 ms [UE 30040] UL Throughput = 0.0 Mbps
18927 ms [UE 42234] UL Throughput = 0.0 Mbps
19048 ms [UE 30040] UL Throughput = 0.0805 Mbps
19048 ms [UE 42234] UL Throughput = 0.04184 Mbps
19049 ms [UE 30040] UL Throughput = 0.0 Mbps
19049 ms [UE 42234] UL Throughput = 0.0 Mbps
19147 ms [UE 30040] UL Throughput = 0.0 Mbps
19147 ms [UE 42234] UL Throughput = 0.0 Mbps
19148 ms [UE 30040] UL Throughput = 0.0 Mbps
19148 ms [UE 42234] UL Throughput = 0.01986 Mbps
19249 ms [UE 30040] UL Throughput = 0.0 Mbps
19331 ms [UE 30040] UL Throughput = 0.08942 Mbps
19331 ms [UE 42234] UL Throughput = 0.04757 Mbps
19336 ms [UE 30040] UL Throughput = 0.04483 Mbps
19336 ms [UE 42234] UL Throughput = 0.07948 Mbps
19462 ms [UE 30040] UL Throughput = 0.0 Mbps
19462 ms [UE 42234] UL Throughput = 0.0 Mbps
19548 ms [UE 42234] UL Throughput = 0.05467 Mbps
19553 ms [UE 30040] UL Throughput = 0.0 Mbps
19553 ms [UE 42234] UL Throughput = 0.07158 Mbps
19639 ms [UE 30040] UL Throughput = 0.0 Mbps
19639 ms [UE 42234] UL Throughput = 0.09338 Mbps
19729 ms [UE 30040] UL Throughput = 0.01101 Mbps
19729 ms [UE 42234] UL Throughput = 0.01183 Mbps
19838 ms [UE 30040] UL Throughput = 0.01833 Mbps
19838 ms [UE 42234] UL Throughput = 0.0 Mbps
19940 ms [UE 30040] UL Throughput = 0.07912 Mbps
19941 ms [UE 30040] UL Throughput = 0.0 Mbps
20039 ms [UE 42234] UL Throughput = 0.02077 Mbps
20116 ms [UE 30040] UL Throughput = 0.0 Mbps
20116 ms [UE 42234] UL Throughput = 0.05592 Mbps
20227 ms [UE 30040] UL Throughput = 0.0 Mbps
20227 ms [UE 42234] UL Throughput = 0.0 Mbps
20334 ms [UE 42234] UL Throughput = 0.0 Mbps
20336 ms [UE 30040] UL Throughput = 0.01898 Mbps
20336 ms [UE 42234] UL Throughput = 0.0 Mbps
20340 ms [UE 30040] UL Throughput = 0.09597 Mbps
20340 ms [UE 42234] UL Throughput = 0.0 Mbps
20453 ms [UE 30040] UL Throughput = 0.05689 Mbps
20453 ms [UE 42234] UL Throughput = 0.08969 Mbps
20542 ms [UE 30040] UL Throughput = 0.0 Mbps
20542 ms [UE 42234] UL Throughput = 0.0 Mbps
20639 ms [UE 30040] UL Throughput = 0.07048 Mbps
20730 ms [UE 30040] UL Throughput = 0.08671 Mbps
20730 ms [UE 42234] UL Throughput = 0.0 Mbps
20734 ms [UE 30040] UL Throughput = 0.0 Mbps
20734 ms [UE 42234] UL Throughput = 0.06756 Mbps
20834 ms [UE 30040] UL Throughput = 0.0 Mbps
20937 ms [UE 30040] UL Throughput = 0.0 Mbps
21029 ms [UE 30040] UL Throughput = 0.0 Mbps
21029 ms [UE 42234] UL Throughput = 0.02303 Mbps
21113 ms [UE 30040] UL Throughput = 0.0 Mbps
21113 ms [UE 42234] UL Throughput = 0.04928 Mbps
21118 ms [UE 30040] UL Throughput = 0.0 Mbps
21118 ms [UE 42234] UL Throughput = 0.0529 Mbps
21243 ms [UE 30040] UL Throughput = 0.08611 Mbps
21243 ms [UE 42234] UL Throughput = 0.0 Mbps
21351 ms [UE 30040] UL Throughput = 0.0 Mbps
21351 ms [UE 42234] UL Throughput = 0.0 Mbps
21353 ms [UE 30040] UL Throughput = 0.0 Mbps
21353 ms [UE 42234] UL Throughput = 0.0 Mbps
21469 ms [UE 30040] UL Throughput = 0.07408 Mbps
21469 ms [UE 42234] UL Throughput = 0.01277 Mbps
21568 ms [UE 30040] UL Throughput = 0.01874 Mbps
21568 ms [UE 42234] UL Throughput = 0.0257 Mbps
21671 ms [UE 30040] UL Throughput = 0.09371 Mbps
21671 ms [UE 42234] UL Throughput = 0.0 Mbps
21757 ms [UE 30040] UL Throughput = 0.0 Mbps
21757 ms [UE 42234] UL Throughput = 0.0284 Mbps
21865 ms [UE 42234] UL Throughput = 0.05883 Mbps
21951 ms [UE 30040] UL Throughput = 0.0 Mbps
21951 ms [UE 42234] UL Throughput = 0.07931 Mbps
21956 ms [UE 30040] UL Throughput = 0.0282 Mbps
21956 ms [UE 42234] UL Throughput = 0.03789 Mbps
22043 ms [UE 30040] UL Throughput = 0.0 Mbps
22043 ms [UE 42234] UL Throughput = 0.0459 Mbps
22144 ms [UE 30040] UL Throughput = 0.0 Mbps
22144 ms [UE 42234] UL Throughput = 0.09834 Mbps
22255 ms [UE 30040] UL Throughput = 0.0 Mbps
22255 ms [UE 42234] UL Throughput = 0.01354 Mbps
22366 ms [UE 30040] UL Throughput = 0.0 Mbps
22366 ms [UE 42234] UL Throughput = 0.18396 Mbps
22465 ms [UE 42234] UL Throughput = 0.0 Mbps
22575 ms [UE 30040] UL Throughput = 0.0 Mbps
22575 ms [UE 42234] UL Throughput = 0.07303 Mbps
22693 ms [UE 30040] UL Throughput = 0.03477 Mbps
22693 ms [UE 42234] UL Throughput = 0.05704 Mbps
22762 ms [UE 30040] UL Throughput = 0.0 Mbps
22762 ms [UE 42234] UL Throughput = 0.0 Mbps
22874 ms [UE 30040] UL Throughput = 0.0 Mbps
22874 ms [UE 42234] UL Throughput = 0.0 Mbps
22879 ms [UE 42234] UL Throughput = 0.13778 Mbps
22983 ms [UE 30040] UL Throughput = 0.04481 Mbps
22983 ms [UE 42234] UL Throughput = 0.0 Mbps
22988 ms [UE 30040] UL Throughput = 0.0 Mbps
22988 ms [UE 42234] UL Throughput = 0.0 Mbps
23095 ms [UE 30040] UL Throughput = 0.07061 Mbps
23095 ms [UE 42234] UL Throughput = 0.0 Mbps
23100 ms [UE 30040] UL Throughput = 0.0 Mbps
23100 ms [UE 42234] UL Throughput = 0.10402 Mbps
23194 ms [UE 30040] UL Throughput = 0.05278 Mbps
23194 ms [UE 42234] UL Throughput = 0.0761 Mbps
23264 ms [UE 30040] UL Throughput = 0.09315 Mbps
23393 ms [UE 42234] UL Throughput = 0.0 Mbps
23467 ms [UE 30040] UL Throughput = 0.03209 Mbps
23467 ms [UE 42234] UL Throughput = 0.0 Mbps
23569 ms [UE 30040] UL Throughput = 0.07165 Mbps
23569 ms [UE 42234] UL Throughput = 0.03557 Mbps
23653 ms [UE 42234] UL Throughput = 0.0 Mbps
23772 ms [UE 30040] UL Throughput = 0.0 Mbps
23772 ms [UE 42234] UL Throughput = 0.0 Mbps
23866 ms [UE 30040] UL Throughput = 0.0 Mbps
23866 ms [UE 42234] UL Throughput = 0.0 Mbps
23953 ms [UE 30040] UL Throughput = 0.0 Mbps
23953 ms [UE 42234] UL Throughput = 0.0 Mbps
24066 ms [UE 30040] UL Throughput = 0.0 Mbps
24066 ms [UE 42234] UL Throughput = 0.09364 Mbps
24070 ms [UE 30040] UL Throughput = 0.0 Mbps
24187 ms [UE 30040] UL Throughput = 0.18502 Mbps
24187 ms [UE 42234] UL Throughput = 0.07443 Mbps
24274 ms [UE 30040] UL Throughput = 0.01993 Mbps
24274 ms [UE 42234] UL Throughput = 0.09532 Mbps
24362 ms [UE 30040] UL Throughput = 0.07876 Mbps
24362 ms [UE 42234] UL Throughput = 0.03704 Mbps
24445 ms [UE 30040] UL Throughput = 0.0 Mbps
24445 ms [UE 42234] UL Throughput = 0.0 Mbps
24561 ms [UE 30040] UL Throughput = 0.14788 Mbps
24561 ms [UE 42234] UL Throughput = 0.05563 Mbps
24679 ms [UE 30040] UL Throughput = 0.02899 Mbps
24679 ms [UE 42234] UL Throughput = 0.015 Mbps
24794 ms [UE 30040] UL Throughput = 0.0 Mbps
24897 ms [UE 30040] UL Throughput = 0.0 Mbps
24897 ms [UE 42234] UL Throughput = 0.02352 Mbps
24991 ms [UE 30040] UL Throughput = 0.0 Mbps
24991 ms [UE 42234] UL Throughput = 0.0 Mbps
25093 ms [UE 30040] UL Throughput = 0.0 Mbps
25093 ms [UE 42234] UL Throughput = 0.031 Mbps
25187 ms [UE 30040] UL Throughput = 0.0305 Mbps
25266 ms [UE 42234] UL Throughput = 0.02748 Mbps
25374 ms [UE 30040] UL Throughput = 0.0 Mbps
25374 ms [UE 42234] UL Throughput = 0.06468 Mbps
25481 ms [UE 30040] UL Throughput = 0.0 Mbps
25481 ms [UE 42234] UL Throughput = 0.03102 Mbps
25548 ms [UE 30040] UL Throughput = 0.0 Mbps
25548 ms [UE 42234] UL Throughput = 0.05071 Mbps
25636 ms [UE 42234] UL Throughput = 0.09949 Mbps
25719 ms [UE 30040] UL Throughput = 0.09142 Mbps
25719 ms [UE 42234] UL Throughput = 0.0316 Mbps
25817 ms [UE 30040] UL Throughput = 0.05478 Mbps
25817 ms [UE 42234] UL Throughput = 0.0891 Mbps
25925 ms [UE 30040] UL Throughput = 0.14224 Mbps
25925 ms [UE 42234] UL Throughput = 0.03292 Mbps
26040 ms [UE 30040] UL Throughput = 0.04776 Mbps
26040 ms [UE 42234] UL Throughput = 0.0 Mbps
26045 ms [UE 30040] UL Throughput = 0.10594 Mbps
26045 ms [UE 42234] UL Throughput = 0.0 Mbps
26047 ms [UE 30040] UL Throughput = 0.03487 Mbps
26047 ms [UE 42234] UL Throughput = 0.0 Mbps
26137 ms [UE 30040] UL Throughput = 0.08851 Mbps
26137 ms [UE 42234] UL Throughput = 0.11652 Mbps
26239 ms [UE 30040] UL Throughput = 0.0 Mbps
26239 ms [UE 42234] UL Throughput = 0.06253 Mbps
26328 ms [UE 30040] UL Throughput = 0.0 Mbps
26328 ms [UE 42234] UL Throughput = 0.06022 Mbps
26401 ms [UE 30040] UL Throughput = 0.06728 Mbps
26401 ms [UE 42234] UL Throughput = 0.0 Mbps
26500 ms [UE 30040] UL Throughput = 0.0495 Mbps
26500 ms [UE 42234] UL Throughput = 0.03286 Mbps
26636 ms [UE 30040] UL Throughput = 0.0642 Mbps
26636 ms [UE 42234] UL Throughput = 0.0 Mbps
26642 ms [UE 30040] UL Throughput = 0.0 Mbps
26642 ms [UE 42234] UL Throughput = 0.0 Mbps
26756 ms [UE 30040] UL Throughput = 0.03961 Mbps
26756 ms [UE 42234] UL Throughput = 0.02091 Mbps
26860 ms [UE 30040] UL Throughput = 0.0 Mbps
26860 ms [UE 42234] UL Throughput = 0.0 Mbps
26977 ms [UE 30040] UL Throughput = 0.1052 Mbps
26977 ms [UE 42234] UL Throughput = 0.0 Mbps
27058 ms [UE 30040] UL Throughput = 0.11064 Mbps
27058 ms [UE 42234] UL Throughput = 0.0 Mbps
27165 ms [UE 30040] UL Throughput = 0.0476 Mbps
27165 ms [UE 42234] UL Throughput = 0.04555 Mbps
27285 ms [UE 42234] UL Throughput = 0.0 Mbps
27371 ms [UE 30040] UL Throughput = 0.03037 Mbps
27371 ms [UE 42234] UL Throughput = 0.0 Mbps
27466 ms [UE 30040] UL Throughput = 0.0 Mbps
27466 ms [UE 42234] UL Throughput = 0.09121 Mbps
27472 ms [UE 30040] UL Throughput = 0.01611 Mbps
27555 ms [UE 30040] UL Throughput = 0.0511 Mbps
27555 ms [UE 42234] UL Throughput = 0.08837 Mbps
27558 ms [UE 30040] UL Throughput = 0.0 Mbps
27558 ms [UE 42234] UL Throughput = 0.0 Mbps
27564 ms [UE 30040] UL Throughput = 0.0 Mbps
27564 ms [UE 42234] UL Throughput = 0.08075 Mbps
27567 ms [UE 30040] UL Throughput = 0.06121 Mbps
27660 ms [UE 30040] UL Throughput = 0.04752 Mbps
27744 ms [UE 30040] UL Throughput = 0.0 Mbps
27744 ms [UE 42234] UL Throughput = 0.03629 Mbps
27835 ms [UE 30040] UL Throughput = 0.0459 Mbps
27835 ms [UE 42234] UL Throughput = 0.0 Mbps
27910 ms [UE 30040] UL Throughput = 0.05271 Mbps
27999 ms [UE 30040] UL Throughput = 0.0 Mbps
27999 ms [UE 42234] UL Throughput = 0.0 Mbps
28080 ms [UE 30040] UL Throughput = 0.03382 Mbps
28171 ms [UE 30040] UL Throughput = 0.0 Mbps
28171 ms [UE 42234] UL Throughput = 0.09628 Mbps
28174 ms [UE 30040] UL Throughput = 0.07767 Mbps
28174 ms [UE 42234] UL Throughput = 0.0 Mbps
28283 ms [UE 30040] UL Throughput = 0.0 Mbps
28283 ms [UE 42234] UL Throughput = 0.05123 Mbps
28383 ms [UE 30040] UL Throughput = 0.04174 Mbps
28383 ms [UE 42234] UL Throughput = 0.0 Mbps
28494 ms [UE 30040] UL Throughput = 0.02557 Mbps
28494 ms [UE 42234] UL Throughput = 0.02948 Mbps
28613 ms [UE 30040] UL Throughput = 0.06395 Mbps
28613 ms [UE 42234] UL Throughput = 0.06323 Mbps
28720 ms [UE 30040] UL Throughput = 0.04432 Mbps
28720 ms [UE 42234] UL Throughput = 0.0 Mbps
28828 ms [UE 30040] UL Throughput = 0.04899 Mbps
28828 ms [UE 42234] UL Throughput = 0.0 Mbps
28918 ms [UE 30040] UL Throughput = 0.08598 Mbps
28918 ms [UE 42234] UL Throughput = 0.02627 Mbps
29048 ms [UE 30040] UL Throughput = 0.0 Mbps
29048 ms [UE 42234] UL Throughput = 0.0 Mbps
29163 ms [UE 30040] UL Throughput = 0.03509 Mbps
29163 ms [UE 42234] UL Throughput = 0.16248 Mbps
29246 ms [UE 30040] UL Throughput = 0.08097 Mbps
29246 ms [UE 42234] UL Throughput = 0.0 Mbps
29250 ms [UE 30040] UL Throughput = 0.0 Mbps
29250 ms [UE 42234] UL Throughput = 0.0 Mbps
29252 ms [UE 30040] UL Throughput = 0.0 Mbps
29252 ms [UE 42234] UL Throughput = 0.0832 Mbps
29359 ms [UE 30040] UL Throughput = 0.0 Mbps
29359 ms [UE 42234] UL Throughput = 0.05985 Mbps
29460 ms [UE 30040] UL Throughput = 0.0 Mbps
29460 ms [UE 42234] UL Throughput = 0.03365 Mbps
29548 ms [UE 30040] UL Throughput = 0.0 Mbps
29548 ms [UE 42234] UL Throughput = 0.0 Mbps
29553 ms [UE 30040] UL Throughput = 0.0437 Mbps
29666 ms [UE 30040] UL Throughput = 0.04781 Mbps
29666 ms [UE 42234] UL Throughput = 0.0 Mbps
29780 ms [UE 30040] UL Throughput = 0.0 Mbps
29780 ms [UE 42234] UL Throughput = 0.05131 Mbps
29871 ms [UE 30040] UL Throughput = 0.01512 Mbps
29871 ms [UE 42234] UL Throughput = 0.04862 Mbps
29988 ms [UE 30040] UL Throughput = 0.0 Mbps
29988 ms [UE 42234] UL Throughput = 0.04312 Mbps
30101 ms [UE 30040] UL Throughput = 0.0 Mbps
30101 ms [UE 42234] UL Throughput = 0.08372 Mbps
30200 ms [UE 30040] UL Throughput = 0.0 Mbps
30200 ms [UE 42234] UL Throughput = 0.03828 Mbps
30287 ms [UE 30040] UL Throughput = 0.0 Mbps
30287 ms [UE 42234] UL Throughput = 0.04174 Mbps
30390 ms [UE 30040] UL Throughput = 0.03344 Mbps
30491 ms [UE 30040] UL Throughput = 0.0 Mbps
30491 ms [UE 42234] UL Throughput = 0.017 Mbps
30588 ms [UE 30040] UL Throughput = 0.05948 Mbps
30588 ms [UE 42234] UL Throughput = 0.04705 Mbps
30690 ms [UE 30040] UL Throughput = 0.05187 Mbps
30690 ms [UE 42234] UL Throughput = 0.02999 Mbps
30693 ms [UE 30040] UL Throughput = 0.0 Mbps
30693 ms [UE 42234] UL Throughput = 0.0 Mbps
30774 ms [UE 30040] UL Throughput = 0.08585 Mbps
30774 ms [UE 42234] UL Throughput = 0.03614 Mbps
30884 ms [UE 30040] UL Throughput = 0.08536 Mbps
30884 ms [UE 42234] UL Throughput = 0.04682 Mbps
30993 ms [UE 30040] UL Throughput = 0.0 Mbps
30993 ms [UE 42234] UL Throughput = 0.07973 Mbps
31084 ms [UE 30040] UL Throughput = 0.09936 Mbps
31084 ms [UE 42234] UL Throughput = 0.03642 Mbps
31200 ms [UE 42234] UL Throughput = 0.04932 Mbps
31204 ms [UE 30040] UL Throughput = 0.03407 Mbps
31204 ms [UE 42234] UL Throughput = 0.06297 Mbps
31305 ms [UE 30040] UL Throughput = 0.0 Mbps
31305 ms [UE 42234] UL Throughput = 0.0 Mbps
31397 ms [UE 30040] UL Throughput = 0.0 Mbps
31397 ms [UE 42234] UL Throughput = 0.0 Mbps
31501 ms [UE 30040] UL Throughput = 0.05499 Mbps
31501 ms [UE 42234] UL Throughput = 0.04877 Mbps
31586 ms [UE 42234] UL Throughput = 0.05036 Mbps
31592 ms [UE 30040] UL Throughput = 0.06991 Mbps
31592 ms [UE 42234] UL Throughput = 0.0 Mbps
31593 ms [UE 30040] UL Throughput = 0.0 Mbps
31593 ms [UE 42234] UL Throughput = 0.05184 Mbps
31595 ms [UE 30040] UL Throughput = 0.09757 Mbps
31600 ms [UE 30040] UL Throughput = 0.06041 Mbps
31600 ms [UE 42234] UL Throughput = 0.0 Mbps
31721 ms [UE 30040] UL Throughput = 0.0 Mbps
31721 ms [UE 42234] UL Throughput = 0.07156 Mbps
31799 ms [UE 30040] UL Throughput = 0.03812 Mbps
31799 ms [UE 42234] UL Throughput = 0.0 Mbps
31803 ms [UE 30040] UL Throughput = 0.06211 Mbps
31803 ms [UE 42234] UL Throughput = 0.0 Mbps
31886 ms [UE 30040] UL Throughput = 0.0 Mbps
31886 ms [UE 42234] UL Throughput = 0.06921 Mbps
31974 ms [UE 30040] UL Throughput = 0.0 Mbps
31974 ms [UE 42234] UL Throughput = 0.03977 Mbps
32076 ms [UE 30040] UL Throughput = 0.0 Mbps
32076 ms [UE 42234] UL Throughput = 0.06976 Mbps
32080 ms [UE 30040] UL Throughput = 0.09692 Mbps
32085 ms [UE 30040] UL Throughput = 0.0 Mbps
32085 ms [UE 42234] UL Throughput = 0.0 Mbps
32089 ms [UE 30040] UL Throughput = 0.05507 Mbps
32089 ms [UE 42234] UL Throughput = 0.0 Mbps
32206 ms [UE 30040] UL Throughput = 0.04031 Mbps
32206 ms [UE 42234] UL Throughput = 0.0 Mbps
32328 ms [UE 30040] UL Throughput = 0.0 Mbps
32328 ms [UE 42234] UL Throughput = 0.07603 Mbps
32461 ms [UE 30040] UL Throughput = 0.09552 Mbps
32461 ms [UE 42234] UL Throughput = 0.01829 Mbps
32550 ms [UE 30040] UL Throughput = 0.07817 Mbps
32550 ms [UE 42234] UL Throughput = 0.07942 Mbps
32668 ms [UE 30040] UL Throughput = 0.02768 Mbps
32668 ms [UE 42234] UL Throughput = 0.09236 Mbps
32772 ms [UE 30040] UL Throughput = 0.01245 Mbps
32772 ms [UE 42234] UL Throughput = 0.0 Mbps
32882 ms [UE 30040] UL Throughput = 0.05988 Mbps
32882 ms [UE 42234] UL Throughput = 0.0 Mbps
32979 ms [UE 30040] UL Throughput = 0.0 Mbps
32979 ms [UE 42234] UL Throughput = 0.0 Mbps
33064 ms [UE 30040] UL Throughput = 0.07761 Mbps
33064 ms [UE 42234] UL Throughput = 0.08864 Mbps
33181 ms [UE 30040] UL Throughput = 0.02972 Mbps
33181 ms [UE 42234] UL Throughput = 0.07315 Mbps
33291 ms [UE 30040] UL Throughput = 0.0 Mbps
33408 ms [UE 30040] UL Throughput = 0.05344 Mbps
33408 ms [UE 42234] UL Throughput = 0.02195 Mbps
33494 ms [UE 30040] UL Throughput = 0.08704 Mbps
33494 ms [UE 42234] UL Throughput = 0.12519 Mbps
33499 ms [UE 30040] UL Throughput = 0.03534 Mbps
33499 ms [UE 42234] UL Throughput = 0.04485 Mbps
33609 ms [UE 42234] UL Throughput = 0.0 Mbps
33693 ms [UE 30040] UL Throughput = 0.0 Mbps
33693 ms [UE 42234] UL Throughput = 0.05584 Mbps
33699 ms [UE 30040] UL Throughput = 0.10848 Mbps
33699 ms [UE 42234] UL Throughput = 0.05577 Mbps
33704 ms [UE 30040] UL Throughput = 0.0 Mbps
33704 ms [UE 42234] UL Throughput = 0.07659 Mbps
33803 ms [UE 30040] UL Throughput = 0.01434 Mbps
33877 ms [UE 30040] UL Throughput = 0.02344 Mbps
33877 ms [UE 42234] UL Throughput = 0.0 Mbps
33880 ms [UE 30040] UL Throughput = 0.0 Mbps
33880 ms [UE 42234] UL Throughput = 0.0 Mbps
33991 ms [UE 30040] UL Throughput = 0.08897 Mbps
33991 ms [UE 42234] UL Throughput = 0.0 Mbps
34084 ms [UE 30040] UL Throughput = 0.02277 Mbps
34084 ms [UE 42234] UL Throughput = 0.0 Mbps
34175 ms [UE 30040] UL Throughput = 0.0 Mbps
34175 ms [UE 42234] UL Throughput = 0.0 Mbps
34292 ms [UE 42234] UL Throughput = 0.0 Mbps
34367 ms [UE 30040] UL Throughput = 0.0 Mbps
34367 ms [UE 42234] UL Throughput = 0.0 Mbps
34465 ms [UE 30040] UL Throughput = 0.01385 Mbps
34465 ms [UE 42234] UL Throughput = 0.0 Mbps
34564 ms [UE 30040] UL Throughput = 0.0 Mbps
34564 ms [UE 42234] UL Throughput = 0.19352 Mbps
34667 ms [UE 30040] UL Throughput = 0.07938 Mbps
34667 ms [UE 42234] UL Throughput = 0.04834 Mbps
34669 ms [UE 30040] UL Throughput = 0.02458 Mbps
34761 ms [UE 30040] UL Throughput = 0.0 Mbps
34761 ms [UE 42234] UL Throughput = 0.0 Mbps
34845 ms [UE 30040] UL Throughput = 0.0 Mbps
34845 ms [UE 42234] UL Throughput = 0.0 Mbps
34947 ms [UE 30040] UL Throughput = 0.0 Mbps
34947 ms [UE 42234] UL Throughput = 0.0 Mbps
35067 ms [UE 30040] UL Throughput = 0.09501 Mbps
35067 ms [UE 42234] UL Throughput = 0.0 Mbps
35140 ms [UE 42234] UL Throughput = 0.0 Mbps
35258 ms [UE 30040] UL Throughput = 0.02876 Mbps
35258 ms [UE 42234] UL Throughput = 0.07254 Mbps
35330 ms [UE 30040] UL Throughput = 0.09911 Mbps
35330 ms [UE 42234] UL Throughput = 0.05924 Mbps
35431 ms [UE 30040] UL Throughput = 0.0 Mbps
35431 ms [UE 42234] UL Throughput = 0.0 Mbps
35521 ms [UE 30040] UL Throughput = 0.07142 Mbps
35521 ms [UE 42234] UL Throughput = 0.0943 Mbps
35594 ms [UE 30040] UL Throughput = 0.02623 Mbps
35594 ms [UE 42234] UL Throughput = 0.01693 Mbps
35701 ms [UE 30040] UL Throughput = 0.0 Mbps
35701 ms [UE 42234] UL Throughput = 0.06803 Mbps
35789 ms [UE 30040] UL Throughput = 0.0 Mbps
35789 ms [UE 42234] UL Throughput = 0.02068 Mbps
35885 ms [UE 30040] UL Throughput = 0.09562 Mbps
35885 ms [UE 42234] UL Throughput = 0.0 Mbps
35891 ms [UE 30040] UL Throughput = 0.0 Mbps
35891 ms [UE 42234] UL Throughput = 0.10305 Mbps
35897 ms [UE 30040] UL Throughput = 0.0 Mbps
35970 ms [UE 30040] UL Throughput = 0.05863 Mbps
35970 ms [UE 42234] UL Throughput = 0.0 Mbps
36078 ms [UE 30040] UL Throughput = 0.0 Mbps
36078 ms [UE 42234] UL Throughput = 0.0 Mbps
36177 ms [UE 30040] UL Throughput = 0.04337 Mbps
36177 ms [UE 42234] UL Throughput = 0.0 Mbps
36268 ms [UE 30040] UL Throughput = 0.02338 Mbps
36268 ms [UE 42234] UL Throughput = 0.0 Mbps
36354 ms [UE 30040] UL Throughput = 0.0 Mbps
36354 ms [UE 42234] UL Throughput = 0.0 Mbps
36360 ms [UE 30040] UL Throughput = 0.08569 Mbps
36360 ms [UE 42234] UL Throughput = 0.06543 Mbps
36364 ms [UE 42234] UL Throughput = 0.04887 Mbps
36445 ms [UE 30040] UL Throughput = 0.0 Mbps
36448 ms [UE 30040] UL Throughput = 0.06279 Mbps
36448 ms [UE 42234] UL Throughput = 0.0 Mbps
36548 ms [UE 30040] UL Throughput = 0.05588 Mbps
36548 ms [UE 42234] UL Throughput = 0.08758 Mbps
36695 ms [UE 30040] UL Throughput = 0.0 Mbps
36695 ms [UE 42234] UL Throughput = 0.0235 Mbps
36786 ms [UE 30040] UL Throughput = 0.08976 Mbps
36786 ms [UE 42234] UL Throughput = 0.09352 Mbps
36888 ms [UE 30040] UL Throughput = 0.01739 Mbps
36888 ms [UE 42234] UL Throughput = 0.03174 Mbps
36980 ms [UE 30040] UL Throughput = 0.0 Mbps
36980 ms [UE 42234] UL Throughput = 0.06077 Mbps
37072 ms [UE 30040] UL Throughput = 0.0 Mbps
37193 ms [UE 30040] UL Throughput = 0.01764 Mbps
37193 ms [UE 42234] UL Throughput = 0.0 Mbps
37196 ms [UE 30040] UL Throughput = 0.0 Mbps
37196 ms [UE 42234] UL Throughput = 0.06563 Mbps
37297 ms [UE 30040] UL Throughput = 0.07974 Mbps
37297 ms [UE 42234] UL Throughput = 0.09199 Mbps
37302 ms [UE 30040] UL Throughput = 0.09151 Mbps
37302 ms [UE 42234] UL Throughput = 0.0 Mbps
37308 ms [UE 30040] UL Throughput = 0.0 Mbps
37308 ms [UE 42234] UL Throughput = 0.05651 Mbps
37430 ms [UE 30040] UL Throughput = 0.04067 Mbps
37430 ms [UE 42234] UL Throughput = 0.05682 Mbps
37531 ms [UE 30040] UL Throughput = 0.02776 Mbps
37531 ms [UE 42234] UL Throughput = 0.04569 Mbps
37634 ms [UE 30040] UL Throughput = 0.0825 Mbps
37737 ms [UE 30040] UL Throughput = 0.0 Mbps
37737 ms [UE 42234] UL Throughput = 0.1174 Mbps
37822 ms [UE 30040] UL Throughput = 0.05973 Mbps
37822 ms [UE 42234] UL Throughput = 0.0 Mbps
37909 ms [UE 30040] UL Throughput = 0.0 Mbps
37909 ms [UE 42234] UL Throughput = 0.0278 Mbps
37915 ms [UE 42234] UL Throughput = 0.0 Mbps
37982 ms [UE 42234] UL Throughput = 0.0 Mbps
38067 ms [UE 30040] UL Throughput = 0.0 Mbps
38067 ms [UE 42234] UL Throughput = 0.0 Mbps
38070 ms [UE 30040] UL Throughput = 0.04767 Mbps
38070 ms [UE 42234] UL Throughput = 0.0 Mbps
38185 ms [UE 42234] UL Throughput = 0.03212 Mbps
38291 ms [UE 30040] UL Throughput = 0.04739 Mbps
38291 ms [UE 42234] UL Throughput = 0.0 Mbps
38293 ms [UE 30040] UL Throughput = 0.04277 Mbps
38293 ms [UE 42234] UL Throughput = 0.08452 Mbps
38299 ms [UE 30040] UL Throughput = 0.0 Mbps
38387 ms [UE 42234] UL Throughput = 0.04874 Mbps
38475 ms [UE 30040] UL Throughput = 0.10501 Mbps
38475 ms [UE 42234] UL Throughput = 0.02227 Mbps
38594 ms [UE 30040] UL Throughput = 0.02773 Mbps
38594 ms [UE 42234] UL Throughput = 0.0 Mbps
38678 ms [UE 30040] UL Throughput = 0.0 Mbps
38678 ms [UE 42234] UL Throughput = 0.0 Mbps
38791 ms [UE 30040] UL Throughput = 0.02226 Mbps
38791 ms [UE 42234] UL Throughput = 0.0 Mbps
38903 ms [UE 30040] UL Throughput = 0.09956 Mbps
38903 ms [UE 42234] UL Throughput = 0.0 Mbps
39003 ms [UE 30040] UL Throughput = 0.09454 Mbps
39003 ms [UE 42234] UL Throughput = 0.0 Mbps
39104 ms [UE 30040] UL Throughput = 0.12336 Mbps
39104 ms [UE 42234] UL Throughput = 0.0 Mbps
39193 ms [UE 30040] UL Throughput = 0.0 Mbps
39193 ms [UE 42234] UL Throughput = 0.04913 Mbps
39276 ms [UE 30040] UL Throughput = 0.0 Mbps
39276 ms [UE 42234] UL Throughput = 0.0 Mbps
39405 ms [UE 30040] UL Throughput = 0.06294 Mbps
39406 ms [UE 30040] UL Throughput = 0.0668 Mbps
39515 ms [UE 30040] UL Throughput = 0.0 Mbps
39515 ms [UE 42234] UL Throughput = 0.0 Mbps
39601 ms [UE 30040] UL Throughput = 0.08507 Mbps
39601 ms [UE 42234] UL Throughput = 0.03013 Mbps
39713 ms [UE 30040] UL Throughput = 0.0 Mbps
39713 ms [UE 42234] UL Throughput = 0.09886 Mbps
39798 ms [UE 30040] UL Throughput = 0.0 Mbps
39920 ms [UE 30040] UL Throughput = 0.05151 Mbps
39920 ms [UE 42234] UL Throughput = 0.03133 Mbps
39923 ms [UE 30040] UL Throughput = 0.0 Mbps
39923 ms [UE 42234] UL Throughput = 0.09219 Mbps
40019 ms [UE 30040] UL Throughput = 0.05352 Mbps
40019 ms [UE 42234] UL Throughput = 0.02294 Mbps
40023 ms [UE 30040] UL Throughput = 0.03468 Mbps
40023 ms [UE 42234] UL Throughput = 0.0 Mbps
40114 ms [UE 30040] UL Throughput = 0.0 Mbps
40114 ms [UE 42234] UL Throughput = 0.02315 Mbps
40120 ms [UE 30040] UL Throughput = 0.0 Mbps
40120 ms [UE 42234] UL Throughput = 0.0 Mbps
40206 ms [UE 30040] UL Throughput = 0.0 Mbps
40206 ms [UE 42234] UL Throughput = 0.0 Mbps
40323 ms [UE 30040] UL Throughput = 0.05363 Mbps
40323 ms [UE 42234] UL Throughput = 0.04839 Mbps
40424 ms [UE 30040] UL Throughput = 0.10324 Mbps
40424 ms [UE 42234] UL Throughput = 0.09345 Mbps
40425 ms [UE 30040] UL Throughput = 0.0 Mbps
40426 ms [UE 30040] UL Throughput = 0.0895 Mbps
40426 ms [UE 42234] UL Throughput = 0.0 Mbps
40523 ms [UE 30040] UL Throughput = 0.0 Mbps
40523 ms [UE 42234] UL Throughput = 0.01472 Mbps
40614 ms [UE 42234] UL Throughput = 0.01919 Mbps
40731 ms [UE 30040] UL Throughput = 0.0 Mbps
40731 ms [UE 42234] UL Throughput = 0.0 Mbps
40829 ms [UE 30040] UL Throughput = 0.0 Mbps
40829 ms [UE 42234] UL Throughput = 0.09686 Mbps
40930 ms [UE 30040] UL Throughput = 0.0 Mbps
41034 ms [UE 30040] UL Throughput = 0.01066 Mbps
41141 ms [UE 30040] UL Throughput = 0.0 Mbps
41141 ms [UE 42234] UL Throughput = 0.01721 Mbps
41224 ms [UE 30040] UL Throughput = 0.12145 Mbps
41224 ms [UE 42234] UL Throughput = 0.0 Mbps
41306 ms [UE 30040] UL Throughput = 0.0571 Mbps
41306 ms [UE 42234] UL Throughput = 0.05697 Mbps
41407 ms [UE 30040] UL Throughput = 0.0 Mbps
41407 ms [UE 42234] UL Throughput = 0.0 Mbps
41508 ms [UE 30040] UL Throughput = 0.04068 Mbps
41508 ms [UE 42234] UL Throughput = 0.01319 Mbps
41614 ms [UE 30040] UL Throughput = 0.09785 Mbps
41614 ms [UE 42234] UL Throughput = 0.07848 Mbps
41738 ms [UE 30040] UL Throughput = 0.04321 Mbps
41854 ms [UE 30040] UL Throughput = 0.0 Mbps
41854 ms [UE 42234] UL Throughput = 0.0341 Mbps
41941 ms [UE 30040] UL Throughput = 0.0 Mbps
41941 ms [UE 42234] UL Throughput = 0.0 Mbps
41944 ms [UE 30040] UL Throughput = 0.04244 Mbps
41944 ms [UE 42234] UL Throughput = 0.0 Mbps
42045 ms [UE 30040] UL Throughput = 0.0 Mbps
42045 ms [UE 42234] UL Throughput = 0.0 Mbps
42140 ms [UE 30040] UL Throughput = 0.07354 Mbps
42140 ms [UE 42234] UL Throughput = 0.06084 Mbps
42144 ms [UE 30040] UL Throughput = 0.0 Mbps
42144 ms [UE 42234] UL Throughput = 0.0 Mbps
42246 ms [UE 30040] UL Throughput = 0.0 Mbps
42246 ms [UE 42234] UL Throughput = 0.0 Mbps
42248 ms [UE 30040] UL Throughput = 0.06938 Mbps
42248 ms [UE 42234] UL Throughput = 0.01707 Mbps
42350 ms [UE 30040] UL Throughput = 0.05079 Mbps
42350 ms [UE 42234] UL Throughput = 0.0 Mbps
42356 ms [UE 30040] UL Throughput = 0.01105 Mbps
42356 ms [UE 42234] UL Throughput = 0.0 Mbps
42359 ms [UE 30040] UL Throughput = 0.02011 Mbps
42359 ms [UE 42234] UL Throughput = 0.05625 Mbps
42365 ms [UE 42234] UL Throughput = 0.09692 Mbps
42459 ms [UE 42234] UL Throughput = 0.0 Mbps
42556 ms [UE 30040] UL Throughput = 0.06897 Mbps
42556 ms [UE 42234] UL Throughput = 0.05042 Mbps
42660 ms [UE 30040] UL Throughput = 0.0 Mbps
42660 ms [UE 42234] UL Throughput = 0.02573 Mbps
42662 ms [UE 30040] UL Throughput = 0.08909 Mbps
42662 ms [UE 42234] UL Throughput = 0.0 Mbps
42758 ms [UE 30040] UL Throughput = 0.0 Mbps
42758 ms [UE 42234] UL Throughput = 0.0 Mbps
42857 ms [UE 30040] UL Throughput = 0.03948 Mbps
42857 ms [UE 42234] UL Throughput = 0.06876 Mbps
42961 ms [UE 30040] UL Throughput = 0.0 Mbps
42961 ms [UE 42234] UL Throughput = 0.0 Mbps
43085 ms [UE 30040] UL Throughput = 0.0 Mbps
43085 ms [UE 42234] UL Throughput = 0.05687 Mbps
43220 ms [UE 30040] UL Throughput = 0.02752 Mbps
43311 ms [UE 30040] UL Throughput = 0.0 Mbps
43311 ms [UE 42234] UL Throughput = 0.04366 Mbps
43418 ms [UE 30040] UL Throughput = 0.0 Mbps
43418 ms [UE 42234] UL Throughput = 0.0 Mbps
43537 ms [UE 42234] UL Throughput = 0.0 Mbps
43637 ms [UE 30040] UL Throughput = 0.07295 Mbps
43637 ms [UE 42234] UL Throughput = 0.06933 Mbps
43734 ms [UE 30040] UL Throughput = 0.0 Mbps
43734 ms [UE 42234] UL Throughput = 0.04801 Mbps
43817 ms [UE 30040] UL Throughput = 0.0 Mbps
43817 ms [UE 42234] UL Throughput = 0.0 Mbps
43820 ms [UE 30040] UL Throughput = 0.02451 Mbps
43820 ms [UE 42234] UL Throughput = 0.09496 Mbps
43928 ms [UE 30040] UL Throughput = 0.03016 Mbps
43928 ms [UE 42234] UL Throughput = 0.14791 Mbps
44013 ms [UE 30040] UL Throughput = 0.10308 Mbps
44127 ms [UE 30040] UL Throughput = 0.0 Mbps
44209 ms [UE 30040] UL Throughput = 0.0 Mbps
44209 ms [UE 42234] UL Throughput = 0.04891 Mbps
44320 ms [UE 42234] UL Throughput = 0.0 Mbps
44448 ms [UE 30040] UL Throughput = 0.0 Mbps
44448 ms [UE 42234] UL Throughput = 0.0 Mbps
44453 ms [UE 30040] UL Throughput = 0.0 Mbps
44564 ms [UE 30040] UL Throughput = 0.0 Mbps
44564 ms [UE 42234] UL Throughput = 0.0 Mbps
44569 ms [UE 30040] UL Throughput = 0.0836 Mbps
44569 ms [UE 42234] UL Throughput = 0.0 Mbps
44574 ms [UE 30040] UL Throughput = 0.0 Mbps
44574 ms [UE 42234] UL Throughput = 0.06051 Mbps
44655 ms [UE 30040] UL Throughput = 0.0 Mbps
44655 ms [UE 42234] UL Throughput = 0.0 Mbps
44772 ms [UE 30040] UL Throughput = 0.02117 Mbps
44772 ms [UE 42234] UL Throughput = 0.0 Mbps
44879 ms [UE 30040] UL Throughput = 0.02534 Mbps
44879 ms [UE 42234] UL Throughput = 0.0 Mbps
44880 ms [UE 30040] UL Throughput = 0.0 Mbps
44880 ms [UE 42234] UL Throughput = 0.09173 Mbps
44965 ms [UE 30040] UL Throughput = 0.02626 Mbps
44965 ms [UE 42234] UL Throughput = 0.07717 Mbps
45085 ms [UE 30040] UL Throughput = 0.05668 Mbps
45162 ms [UE 30040] UL Throughput = 0.03193 Mbps
45162 ms [UE 42234] UL Throughput = 0.09509 Mbps
45168 ms [UE 30040] UL Throughput = 0.07571 Mbps
45168 ms [UE 42234] UL Throughput = 0.0 Mbps
45271 ms [UE 42234] UL Throughput = 0.0934 Mbps
45345 ms [UE 30040] UL Throughput = 0.0477 Mbps
45432 ms [UE 30040] UL Throughput = 0.06856 Mbps
45432 ms [UE 42234] UL Throughput = 0.06551 Mbps
45434 ms [UE 30040] UL Throughput = 0.0 Mbps
45434 ms [UE 42234] UL Throughput = 0.05011 Mbps
45521 ms [UE 30040] UL Throughput = 0.0 Mbps
45521 ms [UE 42234] UL Throughput = 0.0 Mbps
45522 ms [UE 42234] UL Throughput = 0.07044 Mbps
45623 ms [UE 30040] UL Throughput = 0.04709 Mbps
45623 ms [UE 42234] UL Throughput = 0.0 Mbps
45754 ms [UE 42234] UL Throughput = 0.03992 Mbps
45849 ms [UE 30040] UL Throughput = 0.0 Mbps
45849 ms [UE 42234] UL Throughput = 0.06797 Mbps
45934 ms [UE 30040] UL Throughput = 0.0 Mbps
45934 ms [UE 42234] UL Throughput = 0.0576 Mbps
46051 ms [UE 30040] UL Throughput = 0.08853 Mbps
46051 ms [UE 42234] UL Throughput = 0.07621 Mbps
46132 ms [UE 30040] UL Throughput = 0.0 Mbps
46138 ms [UE 30040] UL Throughput = 0.05611 Mbps
46138 ms [UE 42234] UL Throughput = 0.05958 Mbps
46228 ms [UE 30040] UL Throughput = 0.0 Mbps
46228 ms [UE 42234] UL Throughput = 0.0571 Mbps
46345 ms [UE 30040] UL Throughput = 0.0 Mbps
46345 ms [UE 42234] UL Throughput = 0.0696 Mbps
46453 ms [UE 30040] UL Throughput = 0.0 Mbps
46453 ms [UE 42234] UL Throughput = 0.09567 Mbps
46459 ms [UE 30040] UL Throughput = 0.0 Mbps
46459 ms [UE 42234] UL Throughput = 0.0 Mbps
46461 ms [UE 30040] UL Throughput = 0.02497 Mbps
46461 ms [UE 42234] UL Throughput = 0.14254 Mbps
46573 ms [UE 30040] UL Throughput = 0.0798 Mbps
46573 ms [UE 42234] UL Throughput = 0.10573 Mbps
46578 ms [UE 30040] UL Throughput = 0.0 Mbps
46578 ms [UE 42234] UL Throughput = 0.04739 Mbps
46584 ms [UE 30040] UL Throughput = 0.0 Mbps
46584 ms [UE 42234] UL Throughput = 0.0 Mbps
46685 ms [UE 30040] UL Throughput = 0.0 Mbps
46685 ms [UE 42234] UL Throughput = 0.07357 Mbps
46690 ms [UE 30040] UL Throughput = 0.08002 Mbps
46690 ms [UE 42234] UL Throughput = 0.07355 Mbps
46771 ms [UE 42234] UL Throughput = 0.0 Mbps
46776 ms [UE 30040] UL Throughput = 0.0 Mbps
46776 ms [UE 42234] UL Throughput = 0.0 Mbps
46861 ms [UE 30040] UL Throughput = 0.01206 Mbps
46861 ms [UE 42234] UL Throughput = 0.04088 Mbps
46951 ms [UE 30040] UL Throughput = 0.0 Mbps
46951 ms [UE 42234] UL Throughput = 0.07038 Mbps
47049 ms [UE 30040] UL Throughput = 0.0 Mbps
47049 ms [UE 42234] UL Throughput = 0.0 Mbps
47138 ms [UE 30040] UL Throughput = 0.0 Mbps
47138 ms [UE 42234] UL Throughput = 0.0545 Mbps
47229 ms [UE 42234] UL Throughput = 0.0 Mbps
47330 ms [UE 30040] UL Throughput = 0.07837 Mbps
47330 ms [UE 42234] UL Throughput = 0.0 Mbps
47427 ms [UE 30040] UL Throughput = 0.04786 Mbps
47517 ms [UE 30040] UL Throughput = 0.08852 Mbps
47517 ms [UE 42234] UL Throughput = 0.0526 Mbps
47613 ms [UE 30040] UL Throughput = 0.0 Mbps
47613 ms [UE 42234] UL Throughput = 0.07906 Mbps
47742 ms [UE 30040] UL Throughput = 0.0378 Mbps
47742 ms [UE 42234] UL Throughput = 0.0 Mbps
47832 ms [UE 30040] UL Throughput = 0.05778 Mbps
47832 ms [UE 42234] UL Throughput = 0.0907 Mbps
47837 ms [UE 30040] UL Throughput = 0.0 Mbps
47837 ms [UE 42234] UL Throughput = 0.0 Mbps
47945 ms [UE 30040] UL Throughput = 0.0686 Mbps
47945 ms [UE 42234] UL Throughput = 0.02458 Mbps
47946 ms [UE 30040] UL Throughput = 0.0 Mbps
47946 ms [UE 42234] UL Throughput = 0.06114 Mbps
48036 ms [UE 30040] UL Throughput = 0.0 Mbps
48036 ms [UE 42234] UL Throughput = 0.0 Mbps
48042 ms [UE 42234] UL Throughput = 0.0 Mbps
48131 ms [UE 30040] UL Throughput = 0.0 Mbps
48220 ms [UE 30040] UL Throughput = 0.14924 Mbps
48220 ms [UE 42234] UL Throughput = 0.04278 Mbps
48224 ms [UE 30040] UL Throughput = 0.1258 Mbps
48230 ms [UE 30040] UL Throughput = 0.20456 Mbps
48230 ms [UE 42234] UL Throughput = 0.04653 Mbps
48346 ms [UE 30040] UL Throughput = 0.0 Mbps
48346 ms [UE 42234] UL Throughput = 0.0 Mbps
48421 ms [UE 30040] UL Throughput = 0.01934 Mbps
48500 ms [UE 42234] UL Throughput = 0.06879 Mbps
48622 ms [UE 30040] UL Throughput = 0.0 Mbps
48622 ms [UE 42234] UL Throughput = 0.05241 Mbps
48707 ms [UE 30040] UL Throughput = 0.02998 Mbps
48707 ms [UE 42234] UL Throughput = 0.0 Mbps
48806 ms [UE 30040] UL Throughput = 0.0 Mbps
48806 ms [UE 42234] UL Throughput = 0.07223 Mbps
48918 ms [UE 30040] UL Throughput = 0.09711 Mbps
48918 ms [UE 42234] UL Throughput = 0.0 Mbps
49005 ms [UE 30040] UL Throughput = 0.02613 Mbps
49005 ms [UE 42234] UL Throughput = 0.09023 Mbps
49008 ms [UE 30040] UL Throughput = 0.06003 Mbps
49008 ms [UE 42234] UL Throughput = 0.09138 Mbps
49013 ms [UE 30040] UL Throughput = 0.0 Mbps
49013 ms [UE 42234] UL Throughput = 0.08381 Mbps
49116 ms [UE 30040] UL Throughput = 0.08674 Mbps
49116 ms [UE 42234] UL Throughput = 0.0 Mbps
49220 ms [UE 30040] UL Throughput = 0.06898 Mbps
49220 ms [UE 42234] UL Throughput = 0.0 Mbps
49308 ms [UE 42234] UL Throughput = 0.07625 Mbps
49311 ms [UE 30040] UL Throughput = 0.0 Mbps
49426 ms [UE 42234] UL Throughput = 0.02834 Mbps
49427 ms [UE 30040] UL Throughput = 0.09436 Mbps
49530 ms [UE 30040] UL Throughput = 0.08228 Mbps
49530 ms [UE 42234] UL Throughput = 0.02993 Mbps
49613 ms [UE 30040] UL Throughput = 0.03316 Mbps
49613 ms [UE 42234] UL Throughput = 0.09428 Mbps
49722 ms [UE 30040] UL Throughput = 0.0 Mbps
49722 ms [UE 42234] UL Throughput = 0.03084 Mbps
49844 ms [UE 30040] UL Throughput = 0.0 Mbps
49844 ms [UE 42234] UL Throughput = 0.04347 Mbps
49964 ms [UE 30040] UL Throughput = 0.0 Mbps
49964 ms [UE 42234] UL Throughput = 0.0 Mbps
50079 ms [UE 30040] UL Throughput = 0.05941 Mbps
50079 ms [UE 42234] UL Throughput = 0.0 Mbps
50085 ms [UE 30040] UL Throughput = 0.0 Mbps
50085 ms [UE 42234] UL Throughput = 0.0 Mbps
50174 ms [UE 30040] UL Throughput = 0.0 Mbps
50174 ms [UE 42234] UL Throughput = 0.0 Mbps
50260 ms [UE 30040] UL Throughput = 0.02259 Mbps
50347 ms [UE 30040] UL Throughput = 0.0 Mbps
50347 ms [UE 42234] UL Throughput = 0.0 Mbps
50436 ms [UE 30040] UL Throughput = 0.06174 Mbps
50436 ms [UE 42234] UL Throughput = 0.01827 Mbps
50526 ms [UE 30040] UL Throughput = 0.03312 Mbps
50526 ms [UE 42234] UL Throughput = 0.01666 Mbps
50528 ms [UE 30040] UL Throughput = 0.01183 Mbps
50528 ms [UE 42234] UL Throughput = 0.08469 Mbps
50611 ms [UE 30040] UL Throughput = 0.0 Mbps
50611 ms [UE 42234] UL Throughput = 0.0 Mbps
50715 ms [UE 30040] UL Throughput = 0.0 Mbps
50715 ms [UE 42234] UL Throughput = 0.05112 Mbps
50829 ms [UE 30040] UL Throughput = 0.0 Mbps
50829 ms [UE 42234] UL Throughput = 0.07212 Mbps
50913 ms [UE 30040] UL Throughput = 0.0 Mbps
50913 ms [UE 42234] UL Throughput = 0.08539 Mbps
51035 ms [UE 42234] UL Throughput = 0.0 Mbps
51038 ms [UE 30040] UL Throughput = 0.08966 Mbps
51038 ms [UE 42234] UL Throughput = 0.0 Mbps
51139 ms [UE 30040] UL Throughput = 0.0 Mbps
51139 ms [UE 42234] UL Throughput = 0.09789 Mbps
51233 ms [UE 30040] UL Throughput = 0.08516 Mbps
51233 ms [UE 42234] UL Throughput = 0.0 Mbps
51337 ms [UE 30040] UL Throughput = 0.0 Mbps
51337 ms [UE 42234] UL Throughput = 0.0 Mbps
51460 ms [UE 30040] UL Throughput = 0.0 Mbps
51460 ms [UE 42234] UL Throughput = 0.0 Mbps
51563 ms [UE 30040] UL Throughput = 0.09622 Mbps
51563 ms [UE 42234] UL Throughput = 0.01527 Mbps
51688 ms [UE 30040] UL Throughput = 0.0 Mbps
51688 ms [UE 42234] UL Throughput = 0.0357 Mbps
51784 ms [UE 30040] UL Throughput = 0.0 Mbps
51784 ms [UE 42234] UL Throughput = 0.08396 Mbps
51790 ms [UE 30040] UL Throughput = 0.0 Mbps
51877 ms [UE 30040] UL Throughput = 0.0 Mbps
51877 ms [UE 42234] UL Throughput = 0.0 Mbps
51999 ms [UE 30040] UL Throughput = 0.01377 Mbps
51999 ms [UE 42234] UL Throughput = 0.11925 Mbps
52106 ms [UE 30040] UL Throughput = 0.0 Mbps
52112 ms [UE 30040] UL Throughput = 0.0 Mbps
52112 ms [UE 42234] UL Throughput = 0.01015 Mbps
52226 ms [UE 30040] UL Throughput = 0.08165 Mbps
52226 ms [UE 42234] UL Throughput = 0.0 Mbps
52228 ms [UE 30040] UL Throughput = 0.0 Mbps
52228 ms [UE 42234] UL Throughput = 0.0 Mbps
52332 ms [UE 30040] UL Throughput = 0.0 Mbps
52332 ms [UE 42234] UL Throughput = 0.12429 Mbps
52463 ms [UE 30040] UL Throughput = 0.0 Mbps
52463 ms [UE 42234] UL Throughput = 0.13313 Mbps
52537 ms [UE 30040] UL Throughput = 0.0 Mbps
52537 ms [UE 42234] UL Throughput = 0.0427 Mbps
52620 ms [UE 42234] UL Throughput = 0.0 Mbps
52703 ms [UE 30040] UL Throughput = 0.09299 Mbps
52703 ms [UE 42234] UL Throughput = 0.0 Mbps
52801 ms [UE 30040] UL Throughput = 0.0 Mbps
52801 ms [UE 42234] UL Throughput = 0.0 Mbps
52898 ms [UE 30040] UL Throughput = 0.07786 Mbps
52898 ms [UE 42234] UL Throughput = 0.0 Mbps
52989 ms [UE 30040] UL Throughput = 0.0 Mbps
52989 ms [UE 42234] UL Throughput = 0.06664 Mbps
53102 ms [UE 30040] UL Throughput = 0.05715 Mbps
53102 ms [UE 42234] UL Throughput = 0.0 Mbps
53104 ms [UE 30040] UL Throughput = 0.0 Mbps
53108 ms [UE 30040] UL Throughput = 0.0 Mbps
53108 ms [UE 42234] UL Throughput = 0.04708 Mbps
53109 ms [UE 42234] UL Throughput = 0.0 Mbps
53115 ms [UE 30040] UL Throughput = 0.0648 Mbps
53115 ms [UE 42234] UL Throughput = 0.0 Mbps
53206 ms [UE 30040] UL Throughput = 0.0 Mbps
53206 ms [UE 42234] UL Throughput = 0.0 Mbps
53314 ms [UE 30040] UL Throughput = 0.08412 Mbps
53314 ms [UE 42234] UL Throughput = 0.0 Mbps
53424 ms [UE 42234] UL Throughput = 0.0 Mbps
53511 ms [UE 42234] UL Throughput = 0.0 Mbps
53611 ms [UE 30040] UL Throughput = 0.03522 Mbps
53611 ms [UE 42234] UL Throughput = 0.0 Mbps
53715 ms [UE 30040] UL Throughput = 0.07388 Mbps
53715 ms [UE 42234] UL Throughput = 0.07104 Mbps
53835 ms [UE 30040] UL Throughput = 0.0 Mbps
53835 ms [UE 42234] UL Throughput = 0.0 Mbps
53949 ms [UE 42234] UL Throughput = 0.0848 Mbps
54043 ms [UE 42234] UL Throughput = 0.0 Mbps
54149 ms [UE 30040] UL Throughput = 0.0 Mbps
54149 ms [UE 42234] UL Throughput = 0.07428 Mbps
54151 ms [UE 30040] UL Throughput = 0.0925 Mbps
54151 ms [UE 42234] UL Throughput = 0.0 Mbps
54249 ms [UE 30040] UL Throughput = 0.0 Mbps
54249 ms [UE 42234] UL Throughput = 0.0 Mbps
54366 ms [UE 30040] UL Throughput = 0.0 Mbps
54366 ms [UE 42234] UL Throughput = 0.07055 Mbps
54369 ms [UE 30040] UL Throughput = 0.0 Mbps
54369 ms [UE 42234] UL Throughput = 0.0 Mbps
54473 ms [UE 30040] UL Throughput = 0.04492 Mbps
54473 ms [UE 42234] UL Throughput = 0.05228 Mbps
54594 ms [UE 30040] UL Throughput = 0.0 Mbps
54594 ms [UE 42234] UL Throughput = 0.0 Mbps
54701 ms [UE 30040] UL Throughput = 0.0 Mbps
54701 ms [UE 42234] UL Throughput = 0.02255 Mbps
54809 ms [UE 30040] UL Throughput = 0.0 Mbps
54809 ms [UE 42234] UL Throughput = 0.0 Mbps
54923 ms [UE 30040] UL Throughput = 0.05571 Mbps
54923 ms [UE 42234] UL Throughput = 0.0 Mbps
55020 ms [UE 30040] UL Throughput = 0.04973 Mbps
55128 ms [UE 30040] UL Throughput = 0.06762 Mbps
55128 ms [UE 42234] UL Throughput = 0.09091 Mbps
55132 ms [UE 30040] UL Throughput = 0.0 Mbps
55132 ms [UE 42234] UL Throughput = 0.06744 Mbps
55244 ms [UE 30040] UL Throughput = 0.0 Mbps
55244 ms [UE 42234] UL Throughput = 0.0 Mbps
55250 ms [UE 30040] UL Throughput = 0.01245 Mbps
55250 ms [UE 42234] UL Throughput = 0.0 Mbps
55350 ms [UE 30040] UL Throughput = 0.09799 Mbps
55350 ms [UE 42234] UL Throughput = 0.0 Mbps
55355 ms [UE 42234] UL Throughput = 0.09952 Mbps
55450 ms [UE 30040] UL Throughput = 0.06752 Mbps
55450 ms [UE 42234] UL Throughput = 0.06014 Mbps
55545 ms [UE 30040] UL Throughput = 0.0 Mbps
55651 ms [UE 30040] UL Throughput = 0.09671 Mbps
55651 ms [UE 42234] UL Throughput = 0.094 Mbps
55743 ms [UE 30040] UL Throughput = 0.0 Mbps
55743 ms [UE 42234] UL Throughput = 0.09323 Mbps
55838 ms [UE 30040] UL Throughput = 0.0 Mbps
55838 ms [UE 42234] UL Throughput = 0.13184 Mbps
55930 ms [UE 30040] UL Throughput = 0.0917 Mbps
55930 ms [UE 42234] UL Throughput = 0.0 Mbps
56035 ms [UE 30040] UL Throughput = 0.08066 Mbps
56035 ms [UE 42234] UL Throughput = 0.0 Mbps
56141 ms [UE 30040] UL Throughput = 0.13739 Mbps
56210 ms [UE 30040] UL Throughput = 0.0 Mbps
56210 ms [UE 42234] UL Throughput = 0.0 Mbps
56320 ms [UE 30040] UL Throughput = 0.04659 Mbps
56320 ms [UE 42234] UL Throughput = 0.0 Mbps
56409 ms [UE 30040] UL Throughput = 0.09528 Mbps
56409 ms [UE 42234] UL Throughput = 0.03852 Mbps
56508 ms [UE 42234] UL Throughput = 0.08731 Mbps
56602 ms [UE 30040] UL Throughput = 0.01936 Mbps
56602 ms [UE 42234] UL Throughput = 0.02716 Mbps
56710 ms [UE 30040] UL Throughput = 0.0 Mbps
56710 ms [UE 42234] UL Throughput = 0.04313 Mbps
56826 ms [UE 30040] UL Throughput = 0.09166 Mbps
56826 ms [UE 42234] UL Throughput = 0.09346 Mbps
56934 ms [UE 30040] UL Throughput = 0.0 Mbps
56934 ms [UE 42234] UL Throughput = 0.0 Mbps
57019 ms [UE 30040] UL Throughput = 0.0 Mbps
57019 ms [UE 42234] UL Throughput = 0.03735 Mbps
57133 ms [UE 30040] UL Throughput = 0.0 Mbps
57135 ms [UE 30040] UL Throughput = 0.11309 Mbps
57135 ms [UE 42234] UL Throughput = 0.02406 Mbps
57239 ms [UE 30040] UL Throughput = 0.0 Mbps
57239 ms [UE 42234] UL Throughput = 0.0 Mbps
57341 ms [UE 30040] UL Throughput = 0.09805 Mbps
57341 ms [UE 42234] UL Throughput = 0.0 Mbps
57429 ms [UE 30040] UL Throughput = 0.04572 Mbps
57432 ms [UE 30040] UL Throughput = 0.0 Mbps
57432 ms [UE 42234] UL Throughput = 0.01699 Mbps
57436 ms [UE 30040] UL Throughput = 0.03953 Mbps
57439 ms [UE 30040] UL Throughput = 0.0 Mbps
57441 ms [UE 30040] UL Throughput = 0.0 Mbps
57441 ms [UE 42234] UL Throughput = 0.09337 Mbps
57531 ms [UE 30040] UL Throughput = 0.0 Mbps
57531 ms [UE 42234] UL Throughput = 0.0 Mbps
57629 ms [UE 30040] UL Throughput = 0.0 Mbps
57629 ms [UE 42234] UL Throughput = 0.04777 Mbps
57740 ms [UE 30040] UL Throughput = 0.02771 Mbps
57740 ms [UE 42234] UL Throughput = 0.04774 Mbps
57848 ms [UE 30040] UL Throughput = 0.0 Mbps
57848 ms [UE 42234] UL Throughput = 0.07549 Mbps
57925 ms [UE 30040] UL Throughput = 0.06551 Mbps
57925 ms [UE 42234] UL Throughput = 0.0 Mbps
57998 ms [UE 30040] UL Throughput = 0.08814 Mbps
57998 ms [UE 42234] UL Throughput = 0.05186 Mbps
58081 ms [UE 30040] UL Throughput = 0.0 Mbps
58081 ms [UE 42234] UL Throughput = 0.0 Mbps
58085 ms [UE 30040] UL Throughput = 0.0 Mbps
58085 ms [UE 42234] UL Throughput = 0.213 Mbps
58090 ms [UE 30040] UL Throughput = 0.0 Mbps
58090 ms [UE 42234] UL Throughput = 0.0 Mbps
58092 ms [UE 30040] UL Throughput = 0.04477 Mbps
58092 ms [UE 42234] UL Throughput = 0.11981 Mbps
58208 ms [UE 30040] UL Throughput = 0.04159 Mbps
58208 ms [UE 42234] UL Throughput = 0.0 Mbps
58214 ms [UE 30040] UL Throughput = 0.0 Mbps
58214 ms [UE 42234] UL Throughput = 0.0 Mbps
58218 ms [UE 30040] UL Throughput = 0.0 Mbps
58218 ms [UE 42234] UL Throughput = 0.0 Mbps
58324 ms [UE 30040] UL Throughput = 0.09555 Mbps
58324 ms [UE 42234] UL Throughput = 0.0 Mbps
58328 ms [UE 30040] UL Throughput = 0.09161 Mbps
58328 ms [UE 42234] UL Throughput = 0.07267 Mbps
58330 ms [UE 30040] UL Throughput = 0.06281 Mbps
58330 ms [UE 42234] UL Throughput = 0.03252 Mbps
58416 ms [UE 30040] UL Throughput = 0.09027 Mbps
58416 ms [UE 42234] UL Throughput = 0.01417 Mbps
58512 ms [UE 42234] UL Throughput = 0.0 Mbps
58585 ms [UE 42234] UL Throughput = 0.07382 Mbps
58688 ms [UE 30040] UL Throughput = 0.01261 Mbps
58688 ms [UE 42234] UL Throughput = 0.04213 Mbps
58694 ms [UE 30040] UL Throughput = 0.0 Mbps
58694 ms [UE 42234] UL Throughput = 0.0 Mbps
58696 ms [UE 30040] UL Throughput = 0.08316 Mbps
58696 ms [UE 42234] UL Throughput = 0.14825 Mbps
58796 ms [UE 30040] UL Throughput = 0.0 Mbps
58796 ms [UE 42234] UL Throughput = 0.0 Mbps
58798 ms [UE 30040] UL Throughput = 0.04088 Mbps
58798 ms [UE 42234] UL Throughput = 0.07568 Mbps
58882 ms [UE 42234] UL Throughput = 0.0 Mbps
58978 ms [UE 30040] UL Throughput = 0.0 Mbps
58978 ms [UE 42234] UL Throughput = 0.0344 Mbps
59077 ms [UE 30040] UL Throughput = 0.08308 Mbps
59077 ms [UE 42234] UL Throughput = 0.0 Mbps
59176 ms [UE 30040] UL Throughput = 0.07881 Mbps
59176 ms [UE 42234] UL Throughput = 0.09754 Mbps
59254 ms [UE 30040] UL Throughput = 0.08661 Mbps
59254 ms [UE 42234] UL Throughput = 0.17818 Mbps
59339 ms [UE 42234] UL Throughput = 0.0 Mbps
59424 ms [UE 30040] UL Throughput = 0.0 Mbps
59424 ms [UE 42234] UL Throughput = 0.0402 Mbps
59530 ms [UE 30040] UL Throughput = 0.0 Mbps
59530 ms [UE 42234] UL Throughput = 0.0 Mbps
59606 ms [UE 30040] UL Throughput = 0.02717 Mbps
59606 ms [UE 42234] UL Throughput = 0.0 Mbps
59738 ms [UE 30040] UL Throughput = 0.03012 Mbps
59827 ms [UE 30040] UL Throughput = 0.0 Mbps
59827 ms [UE 42234] UL Throughput = 0.0313 Mbps
59934 ms [UE 30040] UL Throughput = 0.0 Mbps
59934 ms [UE 42234] UL Throughput = 0.03303 Mbps
60027 ms [UE 30040] UL Throughput = 0.02796 Mbps
60027 ms [UE 42234] UL Throughput = 0.04375 Mbps
60136 ms [UE 42234] UL Throughput = 0.0 Mbps
60249 ms [UE 42234] UL Throughput = 0.0 Mbps
60348 ms [UE 30040] UL Throughput = 0.0 Mbps
60348 ms [UE 42234] UL Throughput = 0.0 Mbps
60457 ms [UE 30040] UL Throughput = 0.0 Mbps
60457 ms [UE 42234] UL Throughput = 0.0 Mbps
60460 ms [UE 30040] UL Throughput = 0.0 Mbps
60460 ms [UE 42234] UL Throughput = 0.0 Mbps
60548 ms [UE 30040] UL Throughput = 0.0 Mbps
60548 ms [UE 42234] UL Throughput = 0.0 Mbps
60554 ms [UE 30040] UL Throughput = 0.0 Mbps
60554 ms [UE 42234] UL Throughput = 0.08982 Mbps
60654 ms [UE 30040] UL Throughput = 0.0 Mbps
60654 ms [UE 42234] UL Throughput = 0.04921 Mbps
60659 ms [UE 30040] UL Throughput = 0.0 Mbps
60659 ms [UE 42234] UL Throughput = 0.08219 Mbps
60768 ms [UE 30040] UL Throughput = 0.0 Mbps
60768 ms [UE 42234] UL Throughput = 0.06826 Mbps
60885 ms [UE 30040] UL Throughput = 0.05039 Mbps
60885 ms [UE 42234] UL Throughput = 0.0 Mbps
60976 ms [UE 30040] UL Throughput = 0.07069 Mbps
60976 ms [UE 42234] UL Throughput = 0.0 Mbps
60982 ms [UE 30040] UL Throughput = 0.0 Mbps
60982 ms [UE 42234] UL Throughput = 0.06053 Mbps
61083 ms [UE 30040] UL Throughput = 0.09461 Mbps
61191 ms [UE 30040] UL Throughput = 0.09533 Mbps
61191 ms [UE 42234] UL Throughput = 0.05565 Mbps
61306 ms [UE 30040] UL Throughput = 0.0 Mbps
61306 ms [UE 42234] UL Throughput = 0.04414 Mbps
61405 ms [UE 30040] UL Throughput = 0.0 Mbps
61405 ms [UE 42234] UL Throughput = 0.06089 Mbps
61481 ms [UE 30040] UL Throughput = 0.0 Mbps
61481 ms [UE 42234] UL Throughput = 0.0 Mbps
61560 ms [UE 30040] UL Throughput = 0.0 Mbps
61560 ms [UE 42234] UL Throughput = 0.01124 Mbps
61565 ms [UE 30040] UL Throughput = 0.0 Mbps
61565 ms [UE 42234] UL Throughput = 0.07468 Mbps
61567 ms [UE 30040] UL Throughput = 0.06277 Mbps
61567 ms [UE 42234] UL Throughput = 0.06224 Mbps
61660 ms [UE 30040] UL Throughput = 0.0369 Mbps
61660 ms [UE 42234] UL Throughput = 0.07527 Mbps
61750 ms [UE 30040] UL Throughput = 0.0 Mbps
61750 ms [UE 42234] UL Throughput = 0.0 Mbps
61846 ms [UE 30040] UL Throughput = 0.0 Mbps
61846 ms [UE 42234] UL Throughput = 0.07989 Mbps
61955 ms [UE 30040] UL Throughput = 0.082 Mbps
62047 ms [UE 30040] UL Throughput = 0.12001 Mbps
62047 ms [UE 42234] UL Throughput = 0.02095 Mbps
62153 ms [UE 30040] UL Throughput = 0.04941 Mbps
62153 ms [UE 42234] UL Throughput = 0.0 Mbps
62253 ms [UE 30040] UL Throughput = 0.07949 Mbps
62253 ms [UE 42234] UL Throughput = 0.06943 Mbps
62369 ms [UE 30040] UL Throughput = 0.0 Mbps
62369 ms [UE 42234] UL Throughput = 0.0 Mbps
62372 ms [UE 30040] UL Throughput = 0.0 Mbps
62372 ms [UE 42234] UL Throughput = 0.10553 Mbps
62471 ms [UE 30040] UL Throughput = 0.0 Mbps
62475 ms [UE 30040] UL Throughput = 0.13082 Mbps
62475 ms [UE 42234] UL Throughput = 0.0 Mbps
62481 ms [UE 30040] UL Throughput = 0.0 Mbps
62481 ms [UE 42234] UL Throughput = 0.0 Mbps
62595 ms [UE 42234] UL Throughput = 0.0 Mbps
62599 ms [UE 30040] UL Throughput = 0.0373 Mbps
62599 ms [UE 42234] UL Throughput = 0.0 Mbps
62702 ms [UE 30040] UL Throughput = 0.03722 Mbps
62702 ms [UE 42234] UL Throughput = 0.01958 Mbps
62780 ms [UE 30040] UL Throughput = 0.09476 Mbps
62780 ms [UE 42234] UL Throughput = 0.0 Mbps
62854 ms [UE 30040] UL Throughput = 0.0 Mbps
62854 ms [UE 42234] UL Throughput = 0.03247 Mbps
62859 ms [UE 30040] UL Throughput = 0.0429 Mbps
62859 ms [UE 42234] UL Throughput = 0.0 Mbps
62965 ms [UE 30040] UL Throughput = 0.0 Mbps
62965 ms [UE 42234] UL Throughput = 0.01079 Mbps
63045 ms [UE 42234] UL Throughput = 0.0 Mbps
63140 ms [UE 30040] UL Throughput = 0.0 Mbps
63140 ms [UE 42234] UL Throughput = 0.05924 Mbps
63251 ms [UE 30040] UL Throughput = 0.06308 Mbps
63251 ms [UE 42234] UL Throughput = 0.045 Mbps
63255 ms [UE 42234] UL Throughput = 0.0 Mbps
63347 ms [UE 30040] UL Throughput = 0.0 Mbps
63347 ms [UE 42234] UL Throughput = 0.0 Mbps
63440 ms [UE 30040] UL Throughput = 0.0 Mbps
63440 ms [UE 42234] UL Throughput = 0.0 Mbps
63550 ms [UE 30040] UL Throughput = 0.08212 Mbps
63550 ms [UE 42234] UL Throughput = 0.0 Mbps
63554 ms [UE 30040] UL Throughput = 0.0 Mbps
63554 ms [UE 42234] UL Throughput = 0.0874 Mbps
63559 ms [UE 30040] UL Throughput = 0.08133 Mbps
63559 ms [UE 42234] UL Throughput = 0.09667 Mbps
63659 ms [UE 30040] UL Throughput = 0.05267 Mbps
63659 ms [UE 42234] UL Throughput = 0.05028 Mbps
63767 ms [UE 42234] UL Throughput = 0.04605 Mbps
63877 ms [UE 30040] UL Throughput = 0.02995 Mbps
63877 ms [UE 42234] UL Throughput = 0.04351 Mbps
63988 ms [UE 30040] UL Throughput = 0.0 Mbps
63988 ms [UE 42234] UL Throughput = 0.05606 Mbps
64099 ms [UE 30040] UL Throughput = 0.0 Mbps
64099 ms [UE 42234] UL Throughput = 0.0 Mbps
64104 ms [UE 30040] UL Throughput = 0.03151 Mbps
64104 ms [UE 42234] UL Throughput = 0.12934 Mbps
64180 ms [UE 30040] UL Throughput = 0.01814 Mbps
64180 ms [UE 42234] UL Throughput = 0.01538 Mbps
64255 ms [UE 42234] UL Throughput = 0.0 Mbps
64339 ms [UE 30040] UL Throughput = 0.0 Mbps
64466 ms [UE 42234] UL Throughput = 0.0 Mbps
64566 ms [UE 30040] UL Throughput = 0.05419 Mbps
64566 ms [UE 42234] UL Throughput = 0.03329 Mbps
64692 ms [UE 42234] UL Throughput = 0.08692 Mbps
64697 ms [UE 30040] UL Throughput = 0.0 Mbps
64697 ms [UE 42234] UL Throughput = 0.0 Mbps
64794 ms [UE 30040] UL Throughput = 0.0 Mbps
64794 ms [UE 42234] UL Throughput = 0.0 Mbps
64797 ms [UE 30040] UL Throughput = 0.03633 Mbps
64797 ms [UE 42234] UL Throughput = 0.03902 Mbps
64873 ms [UE 42234] UL Throughput = 0.0 Mbps
64983 ms [UE 30040] UL Throughput = 0.0 Mbps
64983 ms [UE 42234] UL Throughput = 0.0 Mbps
65092 ms [UE 30040] UL Throughput = 0.05011 Mbps
65092 ms [UE 42234] UL Throughput = 0.0 Mbps
65095 ms [UE 30040] UL Throughput = 0.0832 Mbps
65095 ms [UE 42234] UL Throughput = 0.0 Mbps
65100 ms [UE 30040] UL Throughput = 0.13279 Mbps
65100 ms [UE 42234] UL Throughput = 0.03226 Mbps
65106 ms [UE 30040] UL Throughput = 0.0 Mbps
65106 ms [UE 42234] UL Throughput = 0.0 Mbps
65190 ms [UE 42234] UL Throughput = 0.0 Mbps
65277 ms [UE 30040] UL Throughput = 0.08772 Mbps
65378 ms [UE 30040] UL Throughput = 0.03353 Mbps
65378 ms [UE 42234] UL Throughput = 0.06594 Mbps
65473 ms [UE 30040] UL Throughput = 0.0 Mbps
65473 ms [UE 42234] UL Throughput = 0.01045 Mbps
65479 ms [UE 30040] UL Throughput = 0.0 Mbps
65479 ms [UE 42234] UL Throughput = 0.0 Mbps
65569 ms [UE 30040] UL Throughput = 0.09714 Mbps
65569 ms [UE 42234] UL Throughput = 0.05514 Mbps
65575 ms [UE 42234] UL Throughput = 0.0 Mbps
65576 ms [UE 30040] UL Throughput = 0.0 Mbps
65576 ms [UE 42234] UL Throughput = 0.0917 Mbps
65580 ms [UE 30040] UL Throughput = 0.01803 Mbps
65580 ms [UE 42234] UL Throughput = 0.0 Mbps
65684 ms [UE 30040] UL Throughput = 0.04933 Mbps
65684 ms [UE 42234] UL Throughput = 0.0 Mbps
65778 ms [UE 30040] UL Throughput = 0.0164 Mbps
65778 ms [UE 42234] UL Throughput = 0.04332 Mbps
65878 ms [UE 30040] UL Throughput = 0.0 Mbps
65884 ms [UE 42234] UL Throughput = 0.0 Mbps
65992 ms [UE 30040] UL Throughput = 0.08113 Mbps
65992 ms [UE 42234] UL Throughput = 0.12387 Mbps
66114 ms [UE 30040] UL Throughput = 0.0391 Mbps
66114 ms [UE 42234] UL Throughput = 0.08317 Mbps
66222 ms [UE 30040] UL Throughput = 0.03427 Mbps
66222 ms [UE 42234] UL Throughput = 0.0 Mbps
66228 ms [UE 30040] UL Throughput = 0.09837 Mbps
66228 ms [UE 42234] UL Throughput = 0.02119 Mbps
66348 ms [UE 30040] UL Throughput = 0.0 Mbps
66348 ms [UE 42234] UL Throughput = 0.06335 Mbps
66456 ms [UE 42234] UL Throughput = 0.02065 Mbps
66562 ms [UE 30040] UL Throughput = 0.0 Mbps
66562 ms [UE 42234] UL Throughput = 0.0 Mbps
66663 ms [UE 30040] UL Throughput = 0.0 Mbps
66663 ms [UE 42234] UL Throughput = 0.01464 Mbps
66767 ms [UE 30040] UL Throughput = 0.09584 Mbps
66767 ms [UE 42234] UL Throughput = 0.0 Mbps
66858 ms [UE 42234] UL Throughput = 0.01165 Mbps
66945 ms [UE 30040] UL Throughput = 0.0 Mbps
66945 ms [UE 42234] UL Throughput = 0.0 Mbps
67041 ms [UE 30040] UL Throughput = 0.07514 Mbps
67041 ms [UE 42234] UL Throughput = 0.08636 Mbps
67045 ms [UE 30040] UL Throughput = 0.0 Mbps
67045 ms [UE 42234] UL Throughput = 0.0 Mbps
67147 ms [UE 30040] UL Throughput = 0.0 Mbps
67147 ms [UE 42234] UL Throughput = 0.0 Mbps
67243 ms [UE 42234] UL Throughput = 0.0 Mbps
67248 ms [UE 42234] UL Throughput = 0.05833 Mbps
67343 ms [UE 30040] UL Throughput = 0.0 Mbps
67343 ms [UE 42234] UL Throughput = 0.08085 Mbps
67458 ms [UE 30040] UL Throughput = 0.08326 Mbps
67458 ms [UE 42234] UL Throughput = 0.03234 Mbps
67556 ms [UE 30040] UL Throughput = 0.0 Mbps
67556 ms [UE 42234] UL Throughput = 0.06868 Mbps
67655 ms [UE 30040] UL Throughput = 0.05844 Mbps
67755 ms [UE 30040] UL Throughput = 0.02913 Mbps
67755 ms [UE 42234] UL Throughput = 0.0 Mbps
67756 ms [UE 30040] UL Throughput = 0.03113 Mbps
67756 ms [UE 42234] UL Throughput = 0.06562 Mbps
67857 ms [UE 42234] UL Throughput = 0.0 Mbps
67937 ms [UE 30040] UL Throughput = 0.03637 Mbps
67937 ms [UE 42234] UL Throughput = 0.05739 Mbps
68032 ms [UE 42234] UL Throughput = 0.09911 Mbps
68127 ms [UE 30040] UL Throughput = 0.0 Mbps
68127 ms [UE 42234] UL Throughput = 0.0 Mbps
68223 ms [UE 30040] UL Throughput = 0.01932 Mbps
68223 ms [UE 42234] UL Throughput = 0.04075 Mbps
68316 ms [UE 30040] UL Throughput = 0.0 Mbps
68316 ms [UE 42234] UL Throughput = 0.02125 Mbps
68319 ms [UE 30040] UL Throughput = 0.04421 Mbps
68325 ms [UE 30040] UL Throughput = 0.0 Mbps
68325 ms [UE 42234] UL Throughput = 0.04759 Mbps
68414 ms [UE 30040] UL Throughput = 0.0 Mbps
68414 ms [UE 42234] UL Throughput = 0.06075 Mbps
68537 ms [UE 30040] UL Throughput = 0.06331 Mbps
68537 ms [UE 42234] UL Throughput = 0.0 Mbps
68651 ms [UE 30040] UL Throughput = 0.0 Mbps
68651 ms [UE 42234] UL Throughput = 0.0 Mbps
68751 ms [UE 30040] UL Throughput = 0.0 Mbps
68751 ms [UE 42234] UL Throughput = 0.03077 Mbps
68845 ms [UE 30040] UL Throughput = 0.0 Mbps
68845 ms [UE 42234] UL Throughput = 0.0 Mbps
68939 ms [UE 30040] UL Throughput = 0.0 Mbps
68939 ms [UE 42234] UL Throughput = 0.0 Mbps
69033 ms [UE 42234] UL Throughput = 0.06951 Mbps
69167 ms [UE 30040] UL Throughput = 0.02292 Mbps
69289 ms [UE 30040] UL Throughput = 0.06145 Mbps
69289 ms [UE 42234] UL Throughput = 0.0 Mbps
69290 ms [UE 30040] UL Throughput = 0.07104 Mbps
69290 ms [UE 42234] UL Throughput = 0.04054 Mbps
69406 ms [UE 30040] UL Throughput = 0.0 Mbps
69406 ms [UE 42234] UL Throughput = 0.02851 Mbps
69502 ms [UE 30040] UL Throughput = 0.0 Mbps
69502 ms [UE 42234] UL Throughput = 0.04564 Mbps
69503 ms [UE 30040] UL Throughput = 0.0 Mbps
69503 ms [UE 42234] UL Throughput = 0.04424 Mbps
69596 ms [UE 30040] UL Throughput = 0.0 Mbps
69596 ms [UE 42234] UL Throughput = 0.0 Mbps
69684 ms [UE 30040] UL Throughput = 0.0 Mbps
69684 ms [UE 42234] UL Throughput = 0.0 Mbps
69803 ms [UE 30040] UL Throughput = 0.0 Mbps
69806 ms [UE 30040] UL Throughput = 0.0 Mbps
69806 ms [UE 42234] UL Throughput = 0.0 Mbps
69809 ms [UE 30040] UL Throughput = 0.07053 Mbps
69809 ms [UE 42234] UL Throughput = 0.0 Mbps
69915 ms [UE 30040] UL Throughput = 0.0 Mbps
69915 ms [UE 42234] UL Throughput = 0.0 Mbps
70010 ms [UE 42234] UL Throughput = 0.0 Mbps
70157 ms [UE 30040] UL Throughput = 0.0 Mbps
70157 ms [UE 42234] UL Throughput = 0.0761 Mbps
70158 ms [UE 30040] UL Throughput = 0.0 Mbps
70158 ms [UE 42234] UL Throughput = 0.0 Mbps
70248 ms [UE 30040] UL Throughput = 0.13143 Mbps
70248 ms [UE 42234] UL Throughput = 0.08867 Mbps
70354 ms [UE 30040] UL Throughput = 0.0 Mbps
70354 ms [UE 42234] UL Throughput = 0.08645 Mbps
70459 ms [UE 30040] UL Throughput = 0.14389 Mbps
70459 ms [UE 42234] UL Throughput = 0.02987 Mbps
70591 ms [UE 30040] UL Throughput = 0.11525 Mbps
70591 ms [UE 42234] UL Throughput = 0.08566 Mbps
70686 ms [UE 30040] UL Throughput = 0.0 Mbps
70686 ms [UE 42234] UL Throughput = 0.0 Mbps
70802 ms [UE 30040] UL Throughput = 0.0 Mbps
70802 ms [UE 42234] UL Throughput = 0.0 Mbps
70904 ms [UE 30040] UL Throughput = 0.0 Mbps
70904 ms [UE 42234] UL Throughput = 0.0 Mbps
71016 ms [UE 30040] UL Throughput = 0.0 Mbps
71016 ms [UE 42234] UL Throughput = 0.0 Mbps
71128 ms [UE 30040] UL Throughput = 0.0 Mbps
71128 ms [UE 42234] UL Throughput = 0.01724 Mbps
71229 ms [UE 30040] UL Throughput = 0.0 Mbps
71229 ms [UE 42234] UL Throughput = 0.02447 Mbps
71234 ms [UE 30040] UL Throughput = 0.06742 Mbps
71234 ms [UE 42234] UL Throughput = 0.0 Mbps
71321 ms [UE 30040] UL Throughput = 0.03113 Mbps
71321 ms [UE 42234] UL Throughput = 0.0 Mbps
71387 ms [UE 30040] UL Throughput = 0.0 Mbps
71387 ms [UE 42234] UL Throughput = 0.03895 Mbps
71496 ms [UE 30040] UL Throughput = 0.0 Mbps
71496 ms [UE 42234] UL Throughput = 0.0 Mbps
71502 ms [UE 30040] UL Throughput = 0.07683 Mbps
71502 ms [UE 42234] UL Throughput = 0.06769 Mbps
71506 ms [UE 30040] UL Throughput = 0.0 Mbps
71506 ms [UE 42234] UL Throughput = 0.0 Mbps
71629 ms [UE 30040] UL Throughput = 0.0 Mbps
71629 ms [UE 42234] UL Throughput = 0.0 Mbps
71718 ms [UE 30040] UL Throughput = 0.02196 Mbps
71718 ms [UE 42234] UL Throughput = 0.06528 Mbps
71832 ms [UE 30040] UL Throughput = 0.0 Mbps
71832 ms [UE 42234] UL Throughput = 0.0 Mbps
71953 ms [UE 30040] UL Throughput = 0.07292 Mbps
71953 ms [UE 42234] UL Throughput = 0.0 Mbps
72036 ms [UE 30040] UL Throughput = 0.08615 Mbps
72036 ms [UE 42234] UL Throughput = 0.08067 Mbps
72136 ms [UE 30040] UL Throughput = 0.03773 Mbps
72136 ms [UE 42234] UL Throughput = 0.0 Mbps
72218 ms [UE 30040] UL Throughput = 0.02947 Mbps
72218 ms [UE 42234] UL Throughput = 0.14744 Mbps
72224 ms [UE 30040] UL Throughput = 0.05735 Mbps
72224 ms [UE 42234] UL Throughput = 0.02254 Mbps
72322 ms [UE 42234] UL Throughput = 0.0 Mbps
72395 ms [UE 30040] UL Throughput = 0.0 Mbps
72395 ms [UE 42234] UL Throughput = 0.09041 Mbps
72489 ms [UE 30040] UL Throughput = 0.0 Mbps
72489 ms [UE 42234] UL Throughput = 0.0695 Mbps
72561 ms [UE 30040] UL Throughput = 0.08216 Mbps
72672 ms [UE 30040] UL Throughput = 0.05696 Mbps
72672 ms [UE 42234] UL Throughput = 0.07054 Mbps
72743 ms [UE 30040] UL Throughput = 0.07489 Mbps
72743 ms [UE 42234] UL Throughput = 0.06659 Mbps
72838 ms [UE 30040] UL Throughput = 0.0 Mbps
72838 ms [UE 42234] UL Throughput = 0.02371 Mbps
72925 ms [UE 30040] UL Throughput = 0.0 Mbps
72925 ms [UE 42234] UL Throughput = 0.0 Mbps
73013 ms [UE 30040] UL Throughput = 0.0581 Mbps
73013 ms [UE 42234] UL Throughput = 0.0 Mbps
73019 ms [UE 30040] UL Throughput = 0.0 Mbps
73019 ms [UE 42234] UL Throughput = 0.0 Mbps
73116 ms [UE 30040] UL Throughput = 0.0 Mbps
73231 ms [UE 30040] UL Throughput = 0.09121 Mbps
73319 ms [UE 30040] UL Throughput = 0.08998 Mbps
73319 ms [UE 42234] UL Throughput = 0.0 Mbps
73435 ms [UE 30040] UL Throughput = 0.01812 Mbps
73435 ms [UE 42234] UL Throughput = 0.0 Mbps
73440 ms [UE 30040] UL Throughput = 0.05445 Mbps
73440 ms [UE 42234] UL Throughput = 0.02721 Mbps
73513 ms [UE 42234] UL Throughput = 0.0349 Mbps
73517 ms [UE 30040] UL Throughput = 0.0 Mbps
73517 ms [UE 42234] UL Throughput = 0.0 Mbps
73614 ms [UE 30040] UL Throughput = 0.04281 Mbps
73614 ms [UE 42234] UL Throughput = 0.0 Mbps
73709 ms [UE 30040] UL Throughput = 0.0 Mbps
73709 ms [UE 42234] UL Throughput = 0.0 Mbps
73793 ms [UE 30040] UL Throughput = 0.04976 Mbps
73793 ms [UE 42234] UL Throughput = 0.0 Mbps
73869 ms [UE 30040] UL Throughput = 0.03022 Mbps
73869 ms [UE 42234] UL Throughput = 0.0 Mbps
73967 ms [UE 42234] UL Throughput = 0.03129 Mbps
74073 ms [UE 30040] UL Throughput = 0.06426 Mbps
74073 ms [UE 42234] UL Throughput = 0.0 Mbps
74144 ms [UE 30040] UL Throughput = 0.08619 Mbps
74144 ms [UE 42234] UL Throughput = 0.03221 Mbps
74259 ms [UE 42234] UL Throughput = 0.08885 Mbps
74355 ms [UE 30040] UL Throughput = 0.0 Mbps
74355 ms [UE 42234] UL Throughput = 0.0 Mbps
74437 ms [UE 30040] UL Throughput = 0.0 Mbps
74437 ms [UE 42234] UL Throughput = 0.03873 Mbps
74552 ms [UE 30040] UL Throughput = 0.0 Mbps
74666 ms [UE 30040] UL Throughput = 0.02295 Mbps
74666 ms [UE 42234] UL Throughput = 0.0 Mbps
74739 ms [UE 30040] UL Throughput = 0.0 Mbps
74739 ms [UE 42234] UL Throughput = 0.07568 Mbps
74822 ms [UE 30040] UL Throughput = 0.0 Mbps
74822 ms [UE 42234] UL Throughput = 0.0 Mbps
74826 ms [UE 30040] UL Throughput = 0.11626 Mbps
74826 ms [UE 42234] UL Throughput = 0.09343 Mbps
74942 ms [UE 30040] UL Throughput = 0.05633 Mbps
74942 ms [UE 42234] UL Throughput = 0.0 Mbps
75064 ms [UE 30040] UL Throughput = 0.08198 Mbps
75070 ms [UE 30040] UL Throughput = 0.0 Mbps
75070 ms [UE 42234] UL Throughput = 0.0 Mbps
75167 ms [UE 30040] UL Throughput = 0.03911 Mbps
75167 ms [UE 42234] UL Throughput = 0.0 Mbps
75272 ms [UE 30040] UL Throughput = 0.0 Mbps
75272 ms [UE 42234] UL Throughput = 0.04918 Mbps
75392 ms [UE 30040] UL Throughput = 0.0 Mbps
75392 ms [UE 42234] UL Throughput = 0.0 Mbps
75494 ms [UE 30040] UL Throughput = 0.07777 Mbps
75494 ms [UE 42234] UL Throughput = 0.01633 Mbps
75565 ms [UE 30040] UL Throughput = 0.0 Mbps
75565 ms [UE 42234] UL Throughput = 0.0 Mbps
75566 ms [UE 42234] UL Throughput = 0.0 Mbps
75667 ms [UE 30040] UL Throughput = 0.0333 Mbps
75667 ms [UE 42234] UL Throughput = 0.0 Mbps
75748 ms [UE 30040] UL Throughput = 0.07024 Mbps
75748 ms [UE 42234] UL Throughput = 0.0 Mbps
75753 ms [UE 30040] UL Throughput = 0.14602 Mbps
75753 ms [UE 42234] UL Throughput = 0.08841 Mbps
75841 ms [UE 42234] UL Throughput = 0.03249 Mbps
75945 ms [UE 42234] UL Throughput = 0.04124 Mbps
76046 ms [UE 30040] UL Throughput = 0.0243 Mbps
76046 ms [UE 42234] UL Throughput = 0.01699 Mbps
76160 ms [UE 30040] UL Throughput = 0.0 Mbps
76164 ms [UE 30040] UL Throughput = 0.0994 Mbps
76164 ms [UE 42234] UL Throughput = 0.12343 Mbps
76268 ms [UE 30040] UL Throughput = 0.0 Mbps
76268 ms [UE 42234] UL Throughput = 0.10222 Mbps
76355 ms [UE 30040] UL Throughput = 0.06144 Mbps
76355 ms [UE 42234] UL Throughput = 0.0783 Mbps
76449 ms [UE 30040] UL Throughput = 0.05425 Mbps
76449 ms [UE 42234] UL Throughput = 0.05046 Mbps
76570 ms [UE 30040] UL Throughput = 0.0 Mbps
76576 ms [UE 30040] UL Throughput = 0.0 Mbps
76576 ms [UE 42234] UL Throughput = 0.0 Mbps
76665 ms [UE 30040] UL Throughput = 0.0 Mbps
76665 ms [UE 42234] UL Throughput = 0.0 Mbps
76734 ms [UE 30040] UL Throughput = 0.05887 Mbps
76821 ms [UE 30040] UL Throughput = 0.071 Mbps
76821 ms [UE 42234] UL Throughput = 0.0 Mbps
76925 ms [UE 30040] UL Throughput = 0.0 Mbps
76925 ms [UE 42234] UL Throughput = 0.04738 Mbps
77047 ms [UE 30040] UL Throughput = 0.0 Mbps
77047 ms [UE 42234] UL Throughput = 0.09942 Mbps
77141 ms [UE 30040] UL Throughput = 0.0 Mbps
77141 ms [UE 42234] UL Throughput = 0.0 Mbps
77142 ms [UE 30040] UL Throughput = 0.0 Mbps
77142 ms [UE 42234] UL Throughput = 0.0 Mbps
77244 ms [UE 30040] UL Throughput = 0.0 Mbps
77244 ms [UE 42234] UL Throughput = 0.06219 Mbps
77332 ms [UE 30040] UL Throughput = 0.0 Mbps
77332 ms [UE 42234] UL Throughput = 0.02594 Mbps
77427 ms [UE 30040] UL Throughput = 0.078 Mbps
77427 ms [UE 42234] UL Throughput = 0.02724 Mbps
77515 ms [UE 30040] UL Throughput = 0.0 Mbps
77515 ms [UE 42234] UL Throughput = 0.06233 Mbps
77615 ms [UE 30040] UL Throughput = 0.09222 Mbps
77615 ms [UE 42234] UL Throughput = 0.06611 Mbps
77746 ms [UE 30040] UL Throughput = 0.0 Mbps
77746 ms [UE 42234] UL Throughput = 0.03839 Mbps
77864 ms [UE 30040] UL Throughput = 0.0 Mbps
77868 ms [UE 30040] UL Throughput = 0.10912 Mbps
77868 ms [UE 42234] UL Throughput = 0.0 Mbps
77964 ms [UE 30040] UL Throughput = 0.0 Mbps
77964 ms [UE 42234] UL Throughput = 0.02976 Mbps
77966 ms [UE 30040] UL Throughput = 0.0 Mbps
77966 ms [UE 42234] UL Throughput = 0.0266 Mbps
77967 ms [UE 30040] UL Throughput = 0.073 Mbps
77967 ms [UE 42234] UL Throughput = 0.05627 Mbps
78093 ms [UE 30040] UL Throughput = 0.03504 Mbps
78093 ms [UE 42234] UL Throughput = 0.04471 Mbps
78177 ms [UE 30040] UL Throughput = 0.08009 Mbps
78181 ms [UE 30040] UL Throughput = 0.0 Mbps
78181 ms [UE 42234] UL Throughput = 0.09519 Mbps
78283 ms [UE 30040] UL Throughput = 0.0 Mbps
78283 ms [UE 42234] UL Throughput = 0.05274 Mbps
78285 ms [UE 30040] UL Throughput = 0.0 Mbps
78285 ms [UE 42234] UL Throughput = 0.0 Mbps
78368 ms [UE 30040] UL Throughput = 0.04445 Mbps
78455 ms [UE 30040] UL Throughput = 0.0 Mbps
78455 ms [UE 42234] UL Throughput = 0.0 Mbps
78459 ms [UE 30040] UL Throughput = 0.0 Mbps
78459 ms [UE 42234] UL Throughput = 0.07376 Mbps
78543 ms [UE 30040] UL Throughput = 0.0 Mbps
78543 ms [UE 42234] UL Throughput = 0.01947 Mbps
78621 ms [UE 30040] UL Throughput = 0.0 Mbps
78621 ms [UE 42234] UL Throughput = 0.08436 Mbps
78681 ms [UE 30040] UL Throughput = 0.0 Mbps
78681 ms [UE 42234] UL Throughput = 0.0 Mbps
78786 ms [UE 30040] UL Throughput = 0.06035 Mbps
78786 ms [UE 42234] UL Throughput = 0.07449 Mbps
78883 ms [UE 30040] UL Throughput = 0.0 Mbps
78883 ms [UE 42234] UL Throughput = 0.0 Mbps
78885 ms [UE 30040] UL Throughput = 0.07142 Mbps
78885 ms [UE 42234] UL Throughput = 0.08617 Mbps
78968 ms [UE 30040] UL Throughput = 0.13502 Mbps
78968 ms [UE 42234] UL Throughput = 0.05505 Mbps
79063 ms [UE 42234] UL Throughput = 0.0 Mbps
79175 ms [UE 30040] UL Throughput = 0.05317 Mbps
79175 ms [UE 42234] UL Throughput = 0.0 Mbps
79291 ms [UE 30040] UL Throughput = 0.0 Mbps
79291 ms [UE 42234] UL Throughput = 0.0 Mbps
79388 ms [UE 42234] UL Throughput = 0.07587 Mbps
79477 ms [UE 30040] UL Throughput = 0.05691 Mbps
79581 ms [UE 30040] UL Throughput = 0.04389 Mbps
79581 ms [UE 42234] UL Throughput = 0.0 Mbps
79661 ms [UE 30040] UL Throughput = 0.06534 Mbps
79661 ms [UE 42234] UL Throughput = 0.08471 Mbps
79667 ms [UE 30040] UL Throughput = 0.0197 Mbps
79667 ms [UE 42234] UL Throughput = 0.0 Mbps
79780 ms [UE 30040] UL Throughput = 0.0 Mbps
79780 ms [UE 42234] UL Throughput = 0.01208 Mbps
79881 ms [UE 30040] UL Throughput = 0.09426 Mbps
79881 ms [UE 42234] UL Throughput = 0.0 Mbps
79978 ms [UE 30040] UL Throughput = 0.08981 Mbps
79978 ms [UE 42234] UL Throughput = 0.0 Mbps
80087 ms [UE 30040] UL Throughput = 0.0 Mbps
80087 ms [UE 42234] UL Throughput = 0.0 Mbps
80174 ms [UE 30040] UL Throughput = 0.0 Mbps
80265 ms [UE 30040] UL Throughput = 0.0 Mbps
80265 ms [UE 42234] UL Throughput = 0.0 Mbps
80365 ms [UE 30040] UL Throughput = 0.11197 Mbps
80365 ms [UE 42234] UL Throughput = 0.01942 Mbps
80453 ms [UE 42234] UL Throughput = 0.0 Mbps
80567 ms [UE 30040] UL Throughput = 0.01009 Mbps
80567 ms [UE 42234] UL Throughput = 0.02082 Mbps
80661 ms [UE 30040] UL Throughput = 0.08729 Mbps
80661 ms [UE 42234] UL Throughput = 0.0 Mbps
80754 ms [UE 30040] UL Throughput = 0.0 Mbps
80757 ms [UE 30040] UL Throughput = 0.0 Mbps
80757 ms [UE 42234] UL Throughput = 0.0 Mbps
80871 ms [UE 30040] UL Throughput = 0.0 Mbps
80871 ms [UE 42234] UL Throughput = 0.0 Mbps
80982 ms [UE 30040] UL Throughput = 0.0878 Mbps
80982 ms [UE 42234] UL Throughput = 0.0 Mbps
81082 ms [UE 30040] UL Throughput = 0.0 Mbps
81082 ms [UE 42234] UL Throughput = 0.05519 Mbps
81156 ms [UE 30040] UL Throughput = 0.0 Mbps
81156 ms [UE 42234] UL Throughput = 0.0 Mbps
81268 ms [UE 42234] UL Throughput = 0.0 Mbps
81392 ms [UE 30040] UL Throughput = 0.05108 Mbps
81392 ms [UE 42234] UL Throughput = 0.08693 Mbps
81483 ms [UE 30040] UL Throughput = 0.0 Mbps
81483 ms [UE 42234] UL Throughput = 0.0 Mbps
81580 ms [UE 30040] UL Throughput = 0.0 Mbps
81583 ms [UE 30040] UL Throughput = 0.0 Mbps
81583 ms [UE 42234] UL Throughput = 0.0 Mbps
81680 ms [UE 30040] UL Throughput = 0.0 Mbps
81680 ms [UE 42234] UL Throughput = 0.0 Mbps
81684 ms [UE 30040] UL Throughput = 0.09839 Mbps
81684 ms [UE 42234] UL Throughput = 0.04785 Mbps
81787 ms [UE 30040] UL Throughput = 0.06121 Mbps
81787 ms [UE 42234] UL Throughput = 0.0 Mbps
81870 ms [UE 42234] UL Throughput = 0.05549 Mbps
81875 ms [UE 30040] UL Throughput = 0.0 Mbps
81875 ms [UE 42234] UL Throughput = 0.0 Mbps
81958 ms [UE 30040] UL Throughput = 0.0947 Mbps
81958 ms [UE 42234] UL Throughput = 0.04922 Mbps
82053 ms [UE 30040] UL Throughput = 0.0 Mbps
82053 ms [UE 42234] UL Throughput = 0.0 Mbps
82131 ms [UE 42234] UL Throughput = 0.0 Mbps
82229 ms [UE 30040] UL Throughput = 0.0 Mbps
82229 ms [UE 42234] UL Throughput = 0.09283 Mbps
82349 ms [UE 42234] UL Throughput = 0.04982 Mbps
82445 ms [UE 30040] UL Throughput = 0.02734 Mbps
82445 ms [UE 42234] UL Throughput = 0.0 Mbps
82538 ms [UE 30040] UL Throughput = 0.06141 Mbps
82538 ms [UE 42234] UL Throughput = 0.07061 Mbps
82543 ms [UE 30040] UL Throughput = 0.0 Mbps
82543 ms [UE 42234] UL Throughput = 0.0 Mbps
82658 ms [UE 30040] UL Throughput = 0.04294 Mbps
82658 ms [UE 42234] UL Throughput = 0.02205 Mbps
82778 ms [UE 30040] UL Throughput = 0.0 Mbps
82778 ms [UE 42234] UL Throughput = 0.0 Mbps
82900 ms [UE 30040] UL Throughput = 0.0 Mbps
82900 ms [UE 42234] UL Throughput = 0.10582 Mbps
83012 ms [UE 30040] UL Throughput = 0.0 Mbps
83012 ms [UE 42234] UL Throughput = 0.08173 Mbps
83126 ms [UE 30040] UL Throughput = 0.0 Mbps
83126 ms [UE 42234] UL Throughput = 0.0 Mbps
83237 ms [UE 42234] UL Throughput = 0.01937 Mbps
83368 ms [UE 30040] UL Throughput = 0.0 Mbps
83368 ms [UE 42234] UL Throughput = 0.06157 Mbps
83449 ms [UE 30040] UL Throughput = 0.03729 Mbps
83449 ms [UE 42234] UL Throughput = 0.05592 Mbps
83573 ms [UE 30040] UL Throughput = 0.0314 Mbps
83573 ms [UE 42234] UL Throughput = 0.0 Mbps
83662 ms [UE 30040] UL Throughput = 0.04898 Mbps
83662 ms [UE 42234] UL Throughput = 0.0 Mbps
83792 ms [UE 30040] UL Throughput = 0.0 Mbps
83792 ms [UE 42234] UL Throughput = 0.02746 Mbps
83911 ms [UE 30040] UL Throughput = 0.04649 Mbps
83911 ms [UE 42234] UL Throughput = 0.0286 Mbps
84009 ms [UE 30040] UL Throughput = 0.05533 Mbps
84009 ms [UE 42234] UL Throughput = 0.0 Mbps
84130 ms [UE 30040] UL Throughput = 0.01487 Mbps
84130 ms [UE 42234] UL Throughput = 0.0 Mbps
84224 ms [UE 30040] UL Throughput = 0.0151 Mbps
84224 ms [UE 42234] UL Throughput = 0.0 Mbps
84328 ms [UE 42234] UL Throughput = 0.0431 Mbps
84333 ms [UE 30040] UL Throughput = 0.11069 Mbps
84333 ms [UE 42234] UL Throughput = 0.0 Mbps
84337 ms [UE 30040] UL Throughput = 0.0 Mbps
84337 ms [UE 42234] UL Throughput = 0.08324 Mbps
84458 ms [UE 30040] UL Throughput = 0.0 Mbps
84458 ms [UE 42234] UL Throughput = 0.0 Mbps
84566 ms [UE 30040] UL Throughput = 0.0827 Mbps
84566 ms [UE 42234] UL Throughput = 0.01031 Mbps
84654 ms [UE 42234] UL Throughput = 0.18691 Mbps
84750 ms [UE 42234] UL Throughput = 0.0 Mbps
84823 ms [UE 30040] UL Throughput = 0.0291 Mbps
84823 ms [UE 42234] UL Throughput = 0.1575 Mbps
84905 ms [UE 42234] UL Throughput = 0.0 Mbps
84909 ms [UE 30040] UL Throughput = 0.0 Mbps
84909 ms [UE 42234] UL Throughput = 0.0 Mbps
85000 ms [UE 30040] UL Throughput = 0.0 Mbps
85000 ms [UE 42234] UL Throughput = 0.0201 Mbps
85105 ms [UE 30040] UL Throughput = 0.0796 Mbps
85105 ms [UE 42234] UL Throughput = 0.06999 Mbps
85199 ms [UE 30040] UL Throughput = 0.01619 Mbps
85199 ms [UE 42234] UL Throughput = 0.04362 Mbps
85315 ms [UE 30040] UL Throughput = 0.05948 Mbps
85315 ms [UE 42234] UL Throughput = 0.0 Mbps
85406 ms [UE 30040] UL Throughput = 0.0 Mbps
85406 ms [UE 42234] UL Throughput = 0.08144 Mbps
85472 ms [UE 30040] UL Throughput = 0.0 Mbps
85472 ms [UE 42234] UL Throughput = 0.05674 Mbps
85583 ms [UE 30040] UL Throughput = 0.07844 Mbps
85583 ms [UE 42234] UL Throughput = 0.05509 Mbps
85685 ms [UE 30040] UL Throughput = 0.05119 Mbps
85685 ms [UE 42234] UL Throughput = 0.0 Mbps
85687 ms [UE 42234] UL Throughput = 0.0 Mbps
85777 ms [UE 30040] UL Throughput = 0.05103 Mbps
85777 ms [UE 42234] UL Throughput = 0.0 Mbps
85779 ms [UE 30040] UL Throughput = 0.0 Mbps
85779 ms [UE 42234] UL Throughput = 0.0 Mbps
85861 ms [UE 30040] UL Throughput = 0.0 Mbps
85861 ms [UE 42234] UL Throughput = 0.08333 Mbps
85865 ms [UE 30040] UL Throughput = 0.0 Mbps
85865 ms [UE 42234] UL Throughput = 0.0 Mbps
85871 ms [UE 30040] UL Throughput = 0.07948 Mbps
85871 ms [UE 42234] UL Throughput = 0.0 Mbps
85970 ms [UE 30040] UL Throughput = 0.14049 Mbps
85970 ms [UE 42234] UL Throughput = 0.08557 Mbps
86081 ms [UE 42234] UL Throughput = 0.0 Mbps
86178 ms [UE 30040] UL Throughput = 0.08487 Mbps
86178 ms [UE 42234] UL Throughput = 0.0 Mbps
86278 ms [UE 30040] UL Throughput = 0.06881 Mbps
86278 ms [UE 42234] UL Throughput = 0.10004 Mbps
86394 ms [UE 30040] UL Throughput = 0.0 Mbps
86394 ms [UE 42234] UL Throughput = 0.0 Mbps
86491 ms [UE 30040] UL Throughput = 0.0637 Mbps
86491 ms [UE 42234] UL Throughput = 0.02263 Mbps
86597 ms [UE 30040] UL Throughput = 0.0 Mbps
86597 ms [UE 42234] UL Throughput = 0.0 Mbps
86671 ms [UE 30040] UL Throughput = 0.0 Mbps
86671 ms [UE 42234] UL Throughput = 0.08735 Mbps
86737 ms [UE 30040] UL Throughput = 0.01998 Mbps
86831 ms [UE 30040] UL Throughput = 0.07704 Mbps
86831 ms [UE 42234] UL Throughput = 0.0 Mbps
86925 ms [UE 30040] UL Throughput = 0.0 Mbps
86925 ms [UE 42234] UL Throughput = 0.05554 Mbps
87042 ms [UE 30040] UL Throughput = 0.02352 Mbps
87042 ms [UE 42234] UL Throughput = 0.0 Mbps
87144 ms [UE 30040] UL Throughput = 0.0 Mbps
87144 ms [UE 42234] UL Throughput = 0.07363 Mbps
87237 ms [UE 30040] UL Throughput = 0.09928 Mbps
87237 ms [UE 42234] UL Throughput = 0.0 Mbps
87336 ms [UE 30040] UL Throughput = 0.0 Mbps
87336 ms [UE 42234] UL Throughput = 0.0 Mbps
87447 ms [UE 30040] UL Throughput = 0.0574 Mbps
87447 ms [UE 42234] UL Throughput = 0.0 Mbps
87552 ms [UE 30040] UL Throughput = 0.0 Mbps
87552 ms [UE 42234] UL Throughput = 0.0 Mbps
87666 ms [UE 42234] UL Throughput = 0.03053 Mbps
87776 ms [UE 30040] UL Throughput = 0.01244 Mbps
87776 ms [UE 42234] UL Throughput = 0.02187 Mbps
87779 ms [UE 30040] UL Throughput = 0.04157 Mbps
87779 ms [UE 42234] UL Throughput = 0.08634 Mbps
87868 ms [UE 30040] UL Throughput = 0.05578 Mbps
87868 ms [UE 42234] UL Throughput = 0.0 Mbps
87994 ms [UE 30040] UL Throughput = 0.0 Mbps
87994 ms [UE 42234] UL Throughput = 0.087 Mbps
88120 ms [UE 30040] UL Throughput = 0.12503 Mbps
88120 ms [UE 42234] UL Throughput = 0.16211 Mbps
88213 ms [UE 30040] UL Throughput = 0.0 Mbps
88213 ms [UE 42234] UL Throughput = 0.05617 Mbps
88332 ms [UE 30040] UL Throughput = 0.08409 Mbps
88332 ms [UE 42234] UL Throughput = 0.0 Mbps
88336 ms [UE 30040] UL Throughput = 0.0744 Mbps
88336 ms [UE 42234] UL Throughput = 0.06218 Mbps
88459 ms [UE 30040] UL Throughput = 0.0 Mbps
88459 ms [UE 42234] UL Throughput = 0.01847 Mbps
88579 ms [UE 30040] UL Throughput = 0.05718 Mbps
88579 ms [UE 42234] UL Throughput = 0.0 Mbps
88652 ms [UE 30040] UL Throughput = 0.0 Mbps
88652 ms [UE 42234] UL Throughput = 0.09759 Mbps
88741 ms [UE 30040] UL Throughput = 0.0 Mbps
88741 ms [UE 42234] UL Throughput = 0.0 Mbps
88847 ms [UE 30040] UL Throughput = 0.0 Mbps
88847 ms [UE 42234] UL Throughput = 0.0 Mbps
88944 ms [UE 30040] UL Throughput = 0.0579 Mbps
88944 ms [UE 42234] UL Throughput = 0.0 Mbps
89030 ms [UE 42234] UL Throughput = 0.0 Mbps
89035 ms [UE 30040] UL Throughput = 0.02822 Mbps
89035 ms [UE 42234] UL Throughput = 0.06841 Mbps
89156 ms [UE 42234] UL Throughput = 0.0 Mbps
89273 ms [UE 30040] UL Throughput = 0.0 Mbps
89273 ms [UE 42234] UL Throughput = 0.03659 Mbps
89377 ms [UE 30040] UL Throughput = 0.12415 Mbps
89377 ms [UE 42234] UL Throughput = 0.0977 Mbps
89484 ms [UE 30040] UL Throughput = 0.11639 Mbps
89484 ms [UE 42234] UL Throughput = 0.07441 Mbps
89593 ms [UE 42234] UL Throughput = 0.02944 Mbps
89702 ms [UE 30040] UL Throughput = 0.09853 Mbps
89702 ms [UE 42234] UL Throughput = 0.01965 Mbps
89833 ms [UE 30040] UL Throughput = 0.0 Mbps
