[UTIL]: Setting the config -c file to /usr/local/etc/flexric/flexric.conf
[UTIL]: Setting path -p for the shared libraries to /usr/local/lib/flexric/
[xAapp]: Initializing ... 
[xApp]: nearRT-RIC IP Address = 192.168.70.150, PORT = 36422
[E2 AGENT]: Opening plugin from path = /usr/local/lib/flexric/libkpm_sm.so 
[E2 AGENT]: Opening plugin from path = /usr/local/lib/flexric/libmac_sm.so 
[E2 AGENT]: Opening plugin from path = /usr/local/lib/flexric/libpdcp_sm.so 
[E2 AGENT]: Opening plugin from path = /usr/local/lib/flexric/libgtp_sm.so 
[E2 AGENT]: Opening plugin from path = /usr/local/lib/flexric/librc_sm.so 
[E2 AGENT]: Opening plugin from path = /usr/local/lib/flexric/libtc_sm.so 
[E2 AGENT]: Opening plugin from path = /usr/local/lib/flexric/librlc_sm.so 
[E2 AGENT]: Opening plugin from path = /usr/local/lib/flexric/libslice_sm.so 
[NEAR-RIC]: Loading SM ID = 2 with def = ORAN-E2SM-KPM 
[NEAR-RIC]: Loading SM ID = 142 with def = MAC_STATS_V0 
[NEAR-RIC]: Loading SM ID = 144 with def = PDCP_STATS_V0 
[NEAR-RIC]: Loading SM ID = 148 with def = GTP_STATS_V0 
[NEAR-RIC]: Loading SM ID = 3 with def = ORAN-E2SM-RC 
[NEAR-RIC]: Loading SM ID = 146 with def = TC_STATS_V0 
[NEAR-RIC]: Loading SM ID = 143 with def = RLC_STATS_V0 
[NEAR-RIC]: Loading SM ID = 145 with def = SLICE_STATS_V0 
[xApp]: DB filename = /tmp/flexric/xapp_db 
 [xApp]: E42 SETUP-REQUEST tx
[xApp]: E42 SETUP-RESPONSE rx 
[xApp]: xApp ID = 15 
[xApp]: Registered E2 Nodes = 4 
Connected E2 nodes = 4
[xAPP] Registered node 0 ran func id = 2
[xAPP] Registered node 0 ran func id = 3
[xAPP] Registered node 0 ran func id = 142
[xAPP] Registered node 0 ran func id = 143
[xAPP] Registered node 0 ran func id = 144
[xAPP] Registered node 0 ran func id = 145
[xAPP] Registered node 0 ran func id = 146
[xAPP] Registered node 0 ran func id = 148
[xApp]: E42 RIC SUBSCRIPTION REQUEST tx RAN_FUNC_ID 144 RIC_REQ_ID 1 
[xApp]: SUBSCRIPTION RESPONSE rx
[xApp]: Successfully subscribed to RAN_FUNC_ID 144 
[xAPP] Registered node 1 ran func id = 2
[xAPP] Registered node 1 ran func id = 3
[xAPP] Registered node 1 ran func id = 142
[xAPP] Registered node 1 ran func id = 143
[xAPP] Registered node 1 ran func id = 144
[xAPP] Registered node 1 ran func id = 145
[xAPP] Registered node 1 ran func id = 146
[xAPP] Registered node 1 ran func id = 148
[xAPP] Registered node 2 ran func id = 2
[xAPP] Registered node 2 ran func id = 3
[xAPP] Registered node 2 ran func id = 142
[xAPP] Registered node 2 ran func id = 143
[xAPP] Registered node 2 ran func id = 144
[xAPP] Registered node 2 ran func id = 145
[xAPP] Registered node 2 ran func id = 146
[xAPP] Registered node 2 ran func id = 148
[xApp]: E42 RIC SUBSCRIPTION REQUEST tx RAN_FUNC_ID 142 RIC_REQ_ID 2 
7 ms | now=1755815452085481 us | PDCP ind_msg latency=71856988 us
[xApp]: SUBSCRIPTION RESPONSE rx
[xApp]: Successfully subscribed to RAN_FUNC_ID 142 
[xAPP] Registered node 3 ran func id = 2
[xAPP] Registered node 3 ran func id = 3
[xAPP] Registered node 3 ran func id = 142
[xAPP] Registered node 3 ran func id = 143
[xAPP] Registered node 3 ran func id = 144
[xAPP] Registered node 3 ran func id = 145
[xAPP] Registered node 3 ran func id = 146
[xAPP] Registered node 3 ran func id = 148
[xApp]: E42 RIC SUBSCRIPTION REQUEST tx RAN_FUNC_ID 142 RIC_REQ_ID 3 
[xApp]: SUBSCRIPTION RESPONSE rx
[xApp]: Successfully subscribed to RAN_FUNC_ID 142 
86 ms [UE 30040] UL Throughput = 0.04216 Mbps
86 ms [UE 42234] UL Throughput = 0.0 Mbps
197 ms [UE 30040] UL Throughput = 0.01169 Mbps
197 ms [UE 42234] UL Throughput = 0.04374 Mbps
302 ms [UE 30040] UL Throughput = 0.05146 Mbps
302 ms [UE 42234] UL Throughput = 0.0 Mbps
402 ms [UE 30040] UL Throughput = 0.04065 Mbps
407 ms [UE 30040] UL Throughput = 0.0 Mbps
407 ms [UE 42234] UL Throughput = 0.0 Mbps
413 ms [UE 30040] UL Throughput = 0.05299 Mbps
413 ms [UE 42234] UL Throughput = 0.0 Mbps
527 ms [UE 30040] UL Throughput = 0.07056 Mbps
527 ms [UE 42234] UL Throughput = 0.03502 Mbps
618 ms [UE 30040] UL Throughput = 0.05385 Mbps
618 ms [UE 42234] UL Throughput = 0.0 Mbps
691 ms [UE 30040] UL Throughput = 0.0 Mbps
691 ms [UE 42234] UL Throughput = 0.0 Mbps
793 ms [UE 30040] UL Throughput = 0.0 Mbps
793 ms [UE 42234] UL Throughput = 0.01224 Mbps
906 ms [UE 30040] UL Throughput = 0.05552 Mbps
910 ms [UE 30040] UL Throughput = 0.0 Mbps
910 ms [UE 42234] UL Throughput = 0.06474 Mbps
980 ms [UE 30040] UL Throughput = 0.0555 Mbps
980 ms [UE 42234] UL Throughput = 0.04866 Mbps
982 ms [UE 30040] UL Throughput = 0.0285 Mbps
982 ms [UE 42234] UL Throughput = 0.0 Mbps
1083 ms [UE 30040] UL Throughput = 0.05116 Mbps
1083 ms [UE 42234] UL Throughput = 0.09851 Mbps
1086 ms [UE 30040] UL Throughput = 0.04208 Mbps
1086 ms [UE 42234] UL Throughput = 0.0823 Mbps
1087 ms [UE 30040] UL Throughput = 0.0 Mbps
1087 ms [UE 42234] UL Throughput = 0.0278 Mbps
1192 ms [UE 30040] UL Throughput = 0.0 Mbps
1283 ms [UE 30040] UL Throughput = 0.0 Mbps
1283 ms [UE 42234] UL Throughput = 0.0 Mbps
1388 ms [UE 30040] UL Throughput = 0.01363 Mbps
1388 ms [UE 42234] UL Throughput = 0.0 Mbps
1499 ms [UE 30040] UL Throughput = 0.01022 Mbps
1499 ms [UE 42234] UL Throughput = 0.0 Mbps
1505 ms [UE 30040] UL Throughput = 0.02592 Mbps
1505 ms [UE 42234] UL Throughput = 0.0 Mbps
1601 ms [UE 30040] UL Throughput = 0.0 Mbps
1601 ms [UE 42234] UL Throughput = 0.13376 Mbps
1604 ms [UE 30040] UL Throughput = 0.09135 Mbps
1604 ms [UE 42234] UL Throughput = 0.03886 Mbps
1690 ms [UE 30040] UL Throughput = 0.0 Mbps
1690 ms [UE 42234] UL Throughput = 0.05935 Mbps
1818 ms [UE 30040] UL Throughput = 0.0 Mbps
1818 ms [UE 42234] UL Throughput = 0.0963 Mbps
1934 ms [UE 30040] UL Throughput = 0.0 Mbps
1934 ms [UE 42234] UL Throughput = 0.0 Mbps
2021 ms [UE 30040] UL Throughput = 0.02754 Mbps
2021 ms [UE 42234] UL Throughput = 0.0 Mbps
2102 ms [UE 30040] UL Throughput = 0.09309 Mbps
2102 ms [UE 42234] UL Throughput = 0.0 Mbps
2106 ms [UE 42234] UL Throughput = 0.09009 Mbps
2110 ms [UE 30040] UL Throughput = 0.03854 Mbps
2114 ms [UE 30040] UL Throughput = 0.09689 Mbps
2114 ms [UE 42234] UL Throughput = 0.0 Mbps
2231 ms [UE 30040] UL Throughput = 0.0 Mbps
2231 ms [UE 42234] UL Throughput = 0.08536 Mbps
2363 ms [UE 42234] UL Throughput = 0.0 Mbps
2364 ms [UE 30040] UL Throughput = 0.08406 Mbps
2364 ms [UE 42234] UL Throughput = 0.04018 Mbps
2483 ms [UE 30040] UL Throughput = 0.0 Mbps
2483 ms [UE 42234] UL Throughput = 0.0 Mbps
2598 ms [UE 30040] UL Throughput = 0.09925 Mbps
2701 ms [UE 30040] UL Throughput = 0.10747 Mbps
2701 ms [UE 42234] UL Throughput = 0.0 Mbps
2805 ms [UE 30040] UL Throughput = 0.0 Mbps
2805 ms [UE 42234] UL Throughput = 0.0 Mbps
2899 ms [UE 30040] UL Throughput = 0.07937 Mbps
2899 ms [UE 42234] UL Throughput = 0.0 Mbps
3002 ms [UE 30040] UL Throughput = 0.08351 Mbps
3002 ms [UE 42234] UL Throughput = 0.0 Mbps
3114 ms [UE 42234] UL Throughput = 0.0 Mbps
3117 ms [UE 42234] UL Throughput = 0.0 Mbps
3206 ms [UE 30040] UL Throughput = 0.05144 Mbps
3206 ms [UE 42234] UL Throughput = 0.03759 Mbps
3286 ms [UE 30040] UL Throughput = 0.0 Mbps
3286 ms [UE 42234] UL Throughput = 0.0 Mbps
3391 ms [UE 30040] UL Throughput = 0.05631 Mbps
3391 ms [UE 42234] UL Throughput = 0.0 Mbps
3481 ms [UE 30040] UL Throughput = 0.05783 Mbps
3481 ms [UE 42234] UL Throughput = 0.07501 Mbps
3483 ms [UE 30040] UL Throughput = 0.05003 Mbps
3483 ms [UE 42234] UL Throughput = 0.0 Mbps
3600 ms [UE 30040] UL Throughput = 0.01638 Mbps
3600 ms [UE 42234] UL Throughput = 0.09783 Mbps
3685 ms [UE 30040] UL Throughput = 0.03319 Mbps
3685 ms [UE 42234] UL Throughput = 0.0 Mbps
3785 ms [UE 30040] UL Throughput = 0.14403 Mbps
3785 ms [UE 42234] UL Throughput = 0.0201 Mbps
3883 ms [UE 30040] UL Throughput = 0.09181 Mbps
3883 ms [UE 42234] UL Throughput = 0.0 Mbps
3996 ms [UE 30040] UL Throughput = 0.0612 Mbps
3996 ms [UE 42234] UL Throughput = 0.07711 Mbps
4075 ms [UE 30040] UL Throughput = 0.05242 Mbps
4075 ms [UE 42234] UL Throughput = 0.05741 Mbps
4079 ms [UE 30040] UL Throughput = 0.09906 Mbps
4079 ms [UE 42234] UL Throughput = 0.0 Mbps
4081 ms [UE 30040] UL Throughput = 0.0 Mbps
4081 ms [UE 42234] UL Throughput = 0.02114 Mbps
4178 ms [UE 30040] UL Throughput = 0.0 Mbps
4178 ms [UE 42234] UL Throughput = 0.0 Mbps
4284 ms [UE 30040] UL Throughput = 0.01709 Mbps
4284 ms [UE 42234] UL Throughput = 0.0 Mbps
4285 ms [UE 42234] UL Throughput = 0.03133 Mbps
4382 ms [UE 30040] UL Throughput = 0.09656 Mbps
4382 ms [UE 42234] UL Throughput = 0.04406 Mbps
4471 ms [UE 42234] UL Throughput = 0.0 Mbps
4477 ms [UE 30040] UL Throughput = 0.0 Mbps
4477 ms [UE 42234] UL Throughput = 0.07446 Mbps
4576 ms [UE 30040] UL Throughput = 0.0 Mbps
4576 ms [UE 42234] UL Throughput = 0.16084 Mbps
4667 ms [UE 30040] UL Throughput = 0.06576 Mbps
4667 ms [UE 42234] UL Throughput = 0.0 Mbps
4767 ms [UE 30040] UL Throughput = 0.05317 Mbps
4767 ms [UE 42234] UL Throughput = 0.0 Mbps
4856 ms [UE 30040] UL Throughput = 0.0 Mbps
4856 ms [UE 42234] UL Throughput = 0.0 Mbps
4958 ms [UE 30040] UL Throughput = 0.09914 Mbps
5058 ms [UE 30040] UL Throughput = 0.05651 Mbps
5058 ms [UE 42234] UL Throughput = 0.12538 Mbps
5059 ms [UE 30040] UL Throughput = 0.0372 Mbps
5059 ms [UE 42234] UL Throughput = 0.0 Mbps
5061 ms [UE 30040] UL Throughput = 0.0 Mbps
5061 ms [UE 42234] UL Throughput = 0.0 Mbps
5064 ms [UE 30040] UL Throughput = 0.0 Mbps
5154 ms [UE 30040] UL Throughput = 0.07467 Mbps
5247 ms [UE 30040] UL Throughput = 0.12286 Mbps
5247 ms [UE 42234] UL Throughput = 0.0 Mbps
5319 ms [UE 30040] UL Throughput = 0.08045 Mbps
5319 ms [UE 42234] UL Throughput = 0.0 Mbps
5325 ms [UE 30040] UL Throughput = 0.05442 Mbps
5325 ms [UE 42234] UL Throughput = 0.0 Mbps
5444 ms [UE 30040] UL Throughput = 0.0 Mbps
5444 ms [UE 42234] UL Throughput = 0.01299 Mbps
5548 ms [UE 30040] UL Throughput = 0.08137 Mbps
5548 ms [UE 42234] UL Throughput = 0.01213 Mbps
5681 ms [UE 30040] UL Throughput = 0.0 Mbps
5681 ms [UE 42234] UL Throughput = 0.01515 Mbps
5782 ms [UE 30040] UL Throughput = 0.0 Mbps
5782 ms [UE 42234] UL Throughput = 0.0 Mbps
5861 ms [UE 30040] UL Throughput = 0.0786 Mbps
5861 ms [UE 42234] UL Throughput = 0.0 Mbps
5972 ms [UE 42234] UL Throughput = 0.02353 Mbps
6057 ms [UE 30040] UL Throughput = 0.08736 Mbps
6057 ms [UE 42234] UL Throughput = 0.0 Mbps
6117 ms [UE 30040] UL Throughput = 0.04947 Mbps
6117 ms [UE 42234] UL Throughput = 0.0 Mbps
6220 ms [UE 42234] UL Throughput = 0.01955 Mbps
6224 ms [UE 30040] UL Throughput = 0.04264 Mbps
6224 ms [UE 42234] UL Throughput = 0.0 Mbps
6225 ms [UE 30040] UL Throughput = 0.0 Mbps
6225 ms [UE 42234] UL Throughput = 0.0 Mbps
6317 ms [UE 30040] UL Throughput = 0.0298 Mbps
6317 ms [UE 42234] UL Throughput = 0.0 Mbps
6431 ms [UE 30040] UL Throughput = 0.0 Mbps
6431 ms [UE 42234] UL Throughput = 0.06336 Mbps
6509 ms [UE 30040] UL Throughput = 0.09352 Mbps
6509 ms [UE 42234] UL Throughput = 0.01905 Mbps
6625 ms [UE 30040] UL Throughput = 0.02702 Mbps
6625 ms [UE 42234] UL Throughput = 0.12325 Mbps
6767 ms [UE 30040] UL Throughput = 0.0 Mbps
6848 ms [UE 42234] UL Throughput = 0.0 Mbps
6948 ms [UE 30040] UL Throughput = 0.03306 Mbps
6948 ms [UE 42234] UL Throughput = 0.0 Mbps
7049 ms [UE 30040] UL Throughput = 0.04631 Mbps
7049 ms [UE 42234] UL Throughput = 0.09145 Mbps
7190 ms [UE 30040] UL Throughput = 0.07103 Mbps
7190 ms [UE 42234] UL Throughput = 0.0 Mbps
7288 ms [UE 30040] UL Throughput = 0.0 Mbps
7288 ms [UE 42234] UL Throughput = 0.0 Mbps
7394 ms [UE 30040] UL Throughput = 0.02346 Mbps
7394 ms [UE 42234] UL Throughput = 0.02062 Mbps
7512 ms [UE 30040] UL Throughput = 0.0 Mbps
7512 ms [UE 42234] UL Throughput = 0.06079 Mbps
7634 ms [UE 42234] UL Throughput = 0.0 Mbps
7748 ms [UE 30040] UL Throughput = 0.0 Mbps
7753 ms [UE 30040] UL Throughput = 0.03872 Mbps
7753 ms [UE 42234] UL Throughput = 0.0 Mbps
7838 ms [UE 42234] UL Throughput = 0.04585 Mbps
7947 ms [UE 30040] UL Throughput = 0.09895 Mbps
7947 ms [UE 42234] UL Throughput = 0.05529 Mbps
8022 ms [UE 30040] UL Throughput = 0.0 Mbps
8022 ms [UE 42234] UL Throughput = 0.07767 Mbps
8117 ms [UE 42234] UL Throughput = 0.0 Mbps
8121 ms [UE 30040] UL Throughput = 0.0 Mbps
8208 ms [UE 30040] UL Throughput = 0.09751 Mbps
8208 ms [UE 42234] UL Throughput = 0.0 Mbps
8303 ms [UE 30040] UL Throughput = 0.01457 Mbps
8308 ms [UE 30040] UL Throughput = 0.0 Mbps
8308 ms [UE 42234] UL Throughput = 0.0 Mbps
8412 ms [UE 30040] UL Throughput = 0.0 Mbps
8412 ms [UE 42234] UL Throughput = 0.0 Mbps
8414 ms [UE 30040] UL Throughput = 0.0 Mbps
8414 ms [UE 42234] UL Throughput = 0.0 Mbps
8523 ms [UE 30040] UL Throughput = 0.03565 Mbps
8523 ms [UE 42234] UL Throughput = 0.0 Mbps
8635 ms [UE 30040] UL Throughput = 0.01034 Mbps
8635 ms [UE 42234] UL Throughput = 0.0 Mbps
8641 ms [UE 30040] UL Throughput = 0.06205 Mbps
8641 ms [UE 42234] UL Throughput = 0.0 Mbps
8759 ms [UE 30040] UL Throughput = 0.0 Mbps
8759 ms [UE 42234] UL Throughput = 0.0 Mbps
8863 ms [UE 30040] UL Throughput = 0.0 Mbps
8863 ms [UE 42234] UL Throughput = 0.0 Mbps
8866 ms [UE 30040] UL Throughput = 0.0 Mbps
8866 ms [UE 42234] UL Throughput = 0.0 Mbps
8983 ms [UE 30040] UL Throughput = 0.0776 Mbps
8983 ms [UE 42234] UL Throughput = 0.0 Mbps
9094 ms [UE 30040] UL Throughput = 0.04258 Mbps
9194 ms [UE 30040] UL Throughput = 0.08454 Mbps
9194 ms [UE 42234] UL Throughput = 0.06718 Mbps
9280 ms [UE 30040] UL Throughput = 0.05318 Mbps
9280 ms [UE 42234] UL Throughput = 0.06825 Mbps
9405 ms [UE 30040] UL Throughput = 0.052 Mbps
9405 ms [UE 42234] UL Throughput = 0.0 Mbps
9483 ms [UE 30040] UL Throughput = 0.04518 Mbps
9483 ms [UE 42234] UL Throughput = 0.0 Mbps
9559 ms [UE 30040] UL Throughput = 0.07177 Mbps
9559 ms [UE 42234] UL Throughput = 0.05619 Mbps
9659 ms [UE 42234] UL Throughput = 0.05129 Mbps
9750 ms [UE 30040] UL Throughput = 0.03329 Mbps
9750 ms [UE 42234] UL Throughput = 0.0 Mbps
9752 ms [UE 30040] UL Throughput = 0.04042 Mbps
9752 ms [UE 42234] UL Throughput = 0.08101 Mbps
9838 ms [UE 30040] UL Throughput = 0.08328 Mbps
9838 ms [UE 42234] UL Throughput = 0.0 Mbps
9921 ms [UE 30040] UL Throughput = 0.0 Mbps
9921 ms [UE 42234] UL Throughput = 0.09794 Mbps
10029 ms [UE 42234] UL Throughput = 0.0 Mbps
10138 ms [UE 30040] UL Throughput = 0.07316 Mbps
10138 ms [UE 42234] UL Throughput = 0.06709 Mbps
10255 ms [UE 30040] UL Throughput = 0.05019 Mbps
10255 ms [UE 42234] UL Throughput = 0.0 Mbps
10351 ms [UE 30040] UL Throughput = 0.0 Mbps
10351 ms [UE 42234] UL Throughput = 0.02939 Mbps
10352 ms [UE 30040] UL Throughput = 0.05106 Mbps
10352 ms [UE 42234] UL Throughput = 0.0551 Mbps
10356 ms [UE 30040] UL Throughput = 0.07898 Mbps
10356 ms [UE 42234] UL Throughput = 0.0 Mbps
10437 ms [UE 30040] UL Throughput = 0.0 Mbps
10437 ms [UE 42234] UL Throughput = 0.08812 Mbps
10557 ms [UE 30040] UL Throughput = 0.02395 Mbps
10557 ms [UE 42234] UL Throughput = 0.0 Mbps
10655 ms [UE 30040] UL Throughput = 0.0 Mbps
10655 ms [UE 42234] UL Throughput = 0.04977 Mbps
10732 ms [UE 42234] UL Throughput = 0.0 Mbps
10801 ms [UE 30040] UL Throughput = 0.03025 Mbps
10801 ms [UE 42234] UL Throughput = 0.0919 Mbps
10894 ms [UE 30040] UL Throughput = 0.0 Mbps
10894 ms [UE 42234] UL Throughput = 0.0 Mbps
10993 ms [UE 30040] UL Throughput = 0.0 Mbps
10993 ms [UE 42234] UL Throughput = 0.0 Mbps
10994 ms [UE 30040] UL Throughput = 0.06733 Mbps
11096 ms [UE 30040] UL Throughput = 0.0 Mbps
11096 ms [UE 42234] UL Throughput = 0.0 Mbps
11225 ms [UE 30040] UL Throughput = 0.0 Mbps
11225 ms [UE 42234] UL Throughput = 0.10814 Mbps
11336 ms [UE 30040] UL Throughput = 0.0 Mbps
11336 ms [UE 42234] UL Throughput = 0.0 Mbps
11409 ms [UE 30040] UL Throughput = 0.08796 Mbps
11409 ms [UE 42234] UL Throughput = 0.0 Mbps
11508 ms [UE 30040] UL Throughput = 0.09967 Mbps
11508 ms [UE 42234] UL Throughput = 0.04949 Mbps
11596 ms [UE 30040] UL Throughput = 0.08497 Mbps
11596 ms [UE 42234] UL Throughput = 0.0 Mbps
11695 ms [UE 30040] UL Throughput = 0.0 Mbps
11695 ms [UE 42234] UL Throughput = 0.03478 Mbps
11785 ms [UE 30040] UL Throughput = 0.0579 Mbps
11853 ms [UE 30040] UL Throughput = 0.06373 Mbps
11853 ms [UE 42234] UL Throughput = 0.0 Mbps
11856 ms [UE 30040] UL Throughput = 0.07366 Mbps
11856 ms [UE 42234] UL Throughput = 0.0 Mbps
11952 ms [UE 30040] UL Throughput = 0.0 Mbps
11952 ms [UE 42234] UL Throughput = 0.04974 Mbps
12041 ms [UE 30040] UL Throughput = 0.02271 Mbps
12151 ms [UE 30040] UL Throughput = 0.0 Mbps
12151 ms [UE 42234] UL Throughput = 0.0 Mbps
12261 ms [UE 30040] UL Throughput = 0.01683 Mbps
12261 ms [UE 42234] UL Throughput = 0.06413 Mbps
12366 ms [UE 30040] UL Throughput = 0.02782 Mbps
12477 ms [UE 30040] UL Throughput = 0.0 Mbps
12477 ms [UE 42234] UL Throughput = 0.0 Mbps
12567 ms [UE 30040] UL Throughput = 0.0348 Mbps
12658 ms [UE 42234] UL Throughput = 0.0 Mbps
12725 ms [UE 30040] UL Throughput = 0.0 Mbps
12725 ms [UE 42234] UL Throughput = 0.0 Mbps
12819 ms [UE 30040] UL Throughput = 0.01892 Mbps
12926 ms [UE 30040] UL Throughput = 0.10541 Mbps
12926 ms [UE 42234] UL Throughput = 0.03458 Mbps
13015 ms [UE 30040] UL Throughput = 0.03592 Mbps
13015 ms [UE 42234] UL Throughput = 0.09076 Mbps
13114 ms [UE 30040] UL Throughput = 0.0 Mbps
13114 ms [UE 42234] UL Throughput = 0.0 Mbps
13231 ms [UE 30040] UL Throughput = 0.06676 Mbps
13231 ms [UE 42234] UL Throughput = 0.07843 Mbps
13233 ms [UE 30040] UL Throughput = 0.05249 Mbps
13233 ms [UE 42234] UL Throughput = 0.08861 Mbps
13347 ms [UE 30040] UL Throughput = 0.06876 Mbps
13347 ms [UE 42234] UL Throughput = 0.0 Mbps
13454 ms [UE 30040] UL Throughput = 0.05343 Mbps
13454 ms [UE 42234] UL Throughput = 0.0488 Mbps
13455 ms [UE 30040] UL Throughput = 0.02358 Mbps
13455 ms [UE 42234] UL Throughput = 0.08882 Mbps
13562 ms [UE 30040] UL Throughput = 0.0 Mbps
13562 ms [UE 42234] UL Throughput = 0.08219 Mbps
13647 ms [UE 30040] UL Throughput = 0.0 Mbps
13647 ms [UE 42234] UL Throughput = 0.0 Mbps
13652 ms [UE 30040] UL Throughput = 0.0 Mbps
13652 ms [UE 42234] UL Throughput = 0.08506 Mbps
13751 ms [UE 30040] UL Throughput = 0.03601 Mbps
13751 ms [UE 42234] UL Throughput = 0.02103 Mbps
13823 ms [UE 30040] UL Throughput = 0.0 Mbps
13823 ms [UE 42234] UL Throughput = 0.0 Mbps
13889 ms [UE 30040] UL Throughput = 0.06201 Mbps
13889 ms [UE 42234] UL Throughput = 0.0905 Mbps
13891 ms [UE 30040] UL Throughput = 0.09876 Mbps
13891 ms [UE 42234] UL Throughput = 0.0 Mbps
13986 ms [UE 30040] UL Throughput = 0.0 Mbps
13986 ms [UE 42234] UL Throughput = 0.04976 Mbps
13988 ms [UE 30040] UL Throughput = 0.0866 Mbps
13988 ms [UE 42234] UL Throughput = 0.03695 Mbps
14075 ms [UE 30040] UL Throughput = 0.08933 Mbps
14075 ms [UE 42234] UL Throughput = 0.0526 Mbps
14176 ms [UE 30040] UL Throughput = 0.0 Mbps
14176 ms [UE 42234] UL Throughput = 0.0 Mbps
14269 ms [UE 30040] UL Throughput = 0.0 Mbps
14356 ms [UE 30040] UL Throughput = 0.14761 Mbps
14356 ms [UE 42234] UL Throughput = 0.0 Mbps
14463 ms [UE 30040] UL Throughput = 0.03708 Mbps
14463 ms [UE 42234] UL Throughput = 0.0 Mbps
14556 ms [UE 30040] UL Throughput = 0.09631 Mbps
14556 ms [UE 42234] UL Throughput = 0.0 Mbps
14562 ms [UE 30040] UL Throughput = 0.0 Mbps
14562 ms [UE 42234] UL Throughput = 0.08864 Mbps
14661 ms [UE 30040] UL Throughput = 0.0872 Mbps
14661 ms [UE 42234] UL Throughput = 0.02201 Mbps
14737 ms [UE 30040] UL Throughput = 0.09788 Mbps
14737 ms [UE 42234] UL Throughput = 0.04421 Mbps
14739 ms [UE 30040] UL Throughput = 0.08705 Mbps
14739 ms [UE 42234] UL Throughput = 0.0 Mbps
14824 ms [UE 30040] UL Throughput = 0.0 Mbps
14824 ms [UE 42234] UL Throughput = 0.0 Mbps
14941 ms [UE 30040] UL Throughput = 0.0 Mbps
14941 ms [UE 42234] UL Throughput = 0.0 Mbps
14946 ms [UE 30040] UL Throughput = 0.0 Mbps
14946 ms [UE 42234] UL Throughput = 0.02587 Mbps
15057 ms [UE 30040] UL Throughput = 0.0 Mbps
15057 ms [UE 42234] UL Throughput = 0.01829 Mbps
15148 ms [UE 30040] UL Throughput = 0.0 Mbps
15220 ms [UE 30040] UL Throughput = 0.0 Mbps
15303 ms [UE 30040] UL Throughput = 0.0 Mbps
15303 ms [UE 42234] UL Throughput = 0.04669 Mbps
15439 ms [UE 30040] UL Throughput = 0.0 Mbps
15439 ms [UE 42234] UL Throughput = 0.0 Mbps
15440 ms [UE 30040] UL Throughput = 0.0 Mbps
15440 ms [UE 42234] UL Throughput = 0.0578 Mbps
15539 ms [UE 42234] UL Throughput = 0.0 Mbps
15646 ms [UE 42234] UL Throughput = 0.0333 Mbps
15651 ms [UE 30040] UL Throughput = 0.05323 Mbps
15651 ms [UE 42234] UL Throughput = 0.01962 Mbps
15753 ms [UE 30040] UL Throughput = 0.0 Mbps
15867 ms [UE 30040] UL Throughput = 0.0 Mbps
15867 ms [UE 42234] UL Throughput = 0.05631 Mbps
15972 ms [UE 30040] UL Throughput = 0.01805 Mbps
15972 ms [UE 42234] UL Throughput = 0.05063 Mbps
16075 ms [UE 30040] UL Throughput = 0.03345 Mbps
16075 ms [UE 42234] UL Throughput = 0.01417 Mbps
16165 ms [UE 30040] UL Throughput = 0.0 Mbps
16165 ms [UE 42234] UL Throughput = 0.0 Mbps
16168 ms [UE 30040] UL Throughput = 0.0 Mbps
16168 ms [UE 42234] UL Throughput = 0.0 Mbps
16252 ms [UE 30040] UL Throughput = 0.01994 Mbps
16372 ms [UE 30040] UL Throughput = 0.06066 Mbps
16372 ms [UE 42234] UL Throughput = 0.0 Mbps
16468 ms [UE 30040] UL Throughput = 0.09315 Mbps
16468 ms [UE 42234] UL Throughput = 0.02386 Mbps
16470 ms [UE 30040] UL Throughput = 0.0 Mbps
16471 ms [UE 30040] UL Throughput = 0.05809 Mbps
16471 ms [UE 42234] UL Throughput = 0.0 Mbps
16563 ms [UE 30040] UL Throughput = 0.05875 Mbps
16563 ms [UE 42234] UL Throughput = 0.15939 Mbps
16665 ms [UE 30040] UL Throughput = 0.0 Mbps
16665 ms [UE 42234] UL Throughput = 0.09207 Mbps
16783 ms [UE 30040] UL Throughput = 0.05558 Mbps
16785 ms [UE 30040] UL Throughput = 0.02724 Mbps
16785 ms [UE 42234] UL Throughput = 0.0 Mbps
16891 ms [UE 30040] UL Throughput = 0.0 Mbps
16891 ms [UE 42234] UL Throughput = 0.0 Mbps
17003 ms [UE 30040] UL Throughput = 0.0 Mbps
17003 ms [UE 42234] UL Throughput = 0.0 Mbps
17096 ms [UE 30040] UL Throughput = 0.07916 Mbps
17096 ms [UE 42234] UL Throughput = 0.07562 Mbps
17203 ms [UE 30040] UL Throughput = 0.0 Mbps
17203 ms [UE 42234] UL Throughput = 0.07031 Mbps
17285 ms [UE 30040] UL Throughput = 0.0 Mbps
17285 ms [UE 42234] UL Throughput = 0.0 Mbps
17378 ms [UE 42234] UL Throughput = 0.0 Mbps
17495 ms [UE 30040] UL Throughput = 0.06495 Mbps
17495 ms [UE 42234] UL Throughput = 0.0977 Mbps
17614 ms [UE 30040] UL Throughput = 0.0 Mbps
17614 ms [UE 42234] UL Throughput = 0.05571 Mbps
17615 ms [UE 30040] UL Throughput = 0.0 Mbps
17615 ms [UE 42234] UL Throughput = 0.0 Mbps
17692 ms [UE 30040] UL Throughput = 0.09512 Mbps
17692 ms [UE 42234] UL Throughput = 0.0 Mbps
17799 ms [UE 30040] UL Throughput = 0.06238 Mbps
17799 ms [UE 42234] UL Throughput = 0.0 Mbps
17801 ms [UE 30040] UL Throughput = 0.05649 Mbps
17801 ms [UE 42234] UL Throughput = 0.03253 Mbps
17896 ms [UE 30040] UL Throughput = 0.0 Mbps
17896 ms [UE 42234] UL Throughput = 0.02479 Mbps
17990 ms [UE 30040] UL Throughput = 0.0 Mbps
17990 ms [UE 42234] UL Throughput = 0.0 Mbps
18090 ms [UE 30040] UL Throughput = 0.15627 Mbps
18090 ms [UE 42234] UL Throughput = 0.0 Mbps
18199 ms [UE 30040] UL Throughput = 0.0 Mbps
18199 ms [UE 42234] UL Throughput = 0.02801 Mbps
18294 ms [UE 30040] UL Throughput = 0.0 Mbps
18296 ms [UE 30040] UL Throughput = 0.0 Mbps
18296 ms [UE 42234] UL Throughput = 0.0 Mbps
18302 ms [UE 30040] UL Throughput = 0.022 Mbps
18302 ms [UE 42234] UL Throughput = 0.13912 Mbps
18368 ms [UE 30040] UL Throughput = 0.08344 Mbps
18368 ms [UE 42234] UL Throughput = 0.01586 Mbps
18459 ms [UE 30040] UL Throughput = 0.02368 Mbps
18459 ms [UE 42234] UL Throughput = 0.0 Mbps
18553 ms [UE 30040] UL Throughput = 0.0234 Mbps
18553 ms [UE 42234] UL Throughput = 0.07597 Mbps
18668 ms [UE 30040] UL Throughput = 0.16122 Mbps
18668 ms [UE 42234] UL Throughput = 0.0 Mbps
18764 ms [UE 30040] UL Throughput = 0.01356 Mbps
18764 ms [UE 42234] UL Throughput = 0.15669 Mbps
18873 ms [UE 30040] UL Throughput = 0.0 Mbps
18995 ms [UE 42234] UL Throughput = 0.07457 Mbps
19081 ms [UE 42234] UL Throughput = 0.0 Mbps
19187 ms [UE 30040] UL Throughput = 0.0 Mbps
19187 ms [UE 42234] UL Throughput = 0.06715 Mbps
19285 ms [UE 42234] UL Throughput = 0.0 Mbps
19377 ms [UE 30040] UL Throughput = 0.09878 Mbps
19377 ms [UE 42234] UL Throughput = 0.0 Mbps
19488 ms [UE 30040] UL Throughput = 0.03805 Mbps
19488 ms [UE 42234] UL Throughput = 0.0 Mbps
19596 ms [UE 30040] UL Throughput = 0.09339 Mbps
19596 ms [UE 42234] UL Throughput = 0.0546 Mbps
19693 ms [UE 30040] UL Throughput = 0.08481 Mbps
19804 ms [UE 30040] UL Throughput = 0.18138 Mbps
19804 ms [UE 42234] UL Throughput = 0.0 Mbps
19924 ms [UE 30040] UL Throughput = 0.0 Mbps
19924 ms [UE 42234] UL Throughput = 0.09122 Mbps
20014 ms [UE 30040] UL Throughput = 0.12018 Mbps
20097 ms [UE 30040] UL Throughput = 0.0 Mbps
20097 ms [UE 42234] UL Throughput = 0.0 Mbps
20178 ms [UE 42234] UL Throughput = 0.14876 Mbps
20272 ms [UE 30040] UL Throughput = 0.05338 Mbps
20272 ms [UE 42234] UL Throughput = 0.0253 Mbps
20368 ms [UE 30040] UL Throughput = 0.06497 Mbps
20368 ms [UE 42234] UL Throughput = 0.0 Mbps
20496 ms [UE 30040] UL Throughput = 0.03596 Mbps
20496 ms [UE 42234] UL Throughput = 0.07614 Mbps
20586 ms [UE 30040] UL Throughput = 0.07118 Mbps
20586 ms [UE 42234] UL Throughput = 0.0 Mbps
20667 ms [UE 30040] UL Throughput = 0.0 Mbps
20667 ms [UE 42234] UL Throughput = 0.0 Mbps
20760 ms [UE 30040] UL Throughput = 0.04256 Mbps
20760 ms [UE 42234] UL Throughput = 0.0 Mbps
20863 ms [UE 30040] UL Throughput = 0.05824 Mbps
20863 ms [UE 42234] UL Throughput = 0.04176 Mbps
20967 ms [UE 30040] UL Throughput = 0.0 Mbps
20967 ms [UE 42234] UL Throughput = 0.0 Mbps
20970 ms [UE 30040] UL Throughput = 0.0 Mbps
20970 ms [UE 42234] UL Throughput = 0.0 Mbps
21067 ms [UE 30040] UL Throughput = 0.07313 Mbps
21067 ms [UE 42234] UL Throughput = 0.0 Mbps
21069 ms [UE 42234] UL Throughput = 0.04627 Mbps
21160 ms [UE 30040] UL Throughput = 0.0 Mbps
21160 ms [UE 42234] UL Throughput = 0.0 Mbps
21229 ms [UE 30040] UL Throughput = 0.17377 Mbps
21229 ms [UE 42234] UL Throughput = 0.0 Mbps
21318 ms [UE 30040] UL Throughput = 0.03749 Mbps
21318 ms [UE 42234] UL Throughput = 0.0 Mbps
21455 ms [UE 30040] UL Throughput = 0.05724 Mbps
21455 ms [UE 42234] UL Throughput = 0.0 Mbps
21560 ms [UE 30040] UL Throughput = 0.0842 Mbps
21560 ms [UE 42234] UL Throughput = 0.01801 Mbps
21661 ms [UE 30040] UL Throughput = 0.0 Mbps
21661 ms [UE 42234] UL Throughput = 0.0 Mbps
21782 ms [UE 30040] UL Throughput = 0.0 Mbps
21782 ms [UE 42234] UL Throughput = 0.03949 Mbps
21880 ms [UE 42234] UL Throughput = 0.0 Mbps
21993 ms [UE 30040] UL Throughput = 0.01884 Mbps
21993 ms [UE 42234] UL Throughput = 0.01057 Mbps
21998 ms [UE 30040] UL Throughput = 0.0 Mbps
21998 ms [UE 42234] UL Throughput = 0.0529 Mbps
22004 ms [UE 30040] UL Throughput = 0.0 Mbps
22004 ms [UE 42234] UL Throughput = 0.0 Mbps
22006 ms [UE 30040] UL Throughput = 0.0 Mbps
22006 ms [UE 42234] UL Throughput = 0.01618 Mbps
22111 ms [UE 30040] UL Throughput = 0.01134 Mbps
22111 ms [UE 42234] UL Throughput = 0.0431 Mbps
22117 ms [UE 30040] UL Throughput = 0.01182 Mbps
22117 ms [UE 42234] UL Throughput = 0.09513 Mbps
22203 ms [UE 30040] UL Throughput = 0.09391 Mbps
22203 ms [UE 42234] UL Throughput = 0.07141 Mbps
22204 ms [UE 30040] UL Throughput = 0.02577 Mbps
22204 ms [UE 42234] UL Throughput = 0.0 Mbps
22291 ms [UE 30040] UL Throughput = 0.06776 Mbps
22291 ms [UE 42234] UL Throughput = 0.07562 Mbps
22381 ms [UE 30040] UL Throughput = 0.02543 Mbps
22381 ms [UE 42234] UL Throughput = 0.08811 Mbps
22490 ms [UE 30040] UL Throughput = 0.04588 Mbps
22496 ms [UE 30040] UL Throughput = 0.09069 Mbps
22496 ms [UE 42234] UL Throughput = 0.0 Mbps
22612 ms [UE 30040] UL Throughput = 0.0 Mbps
22612 ms [UE 42234] UL Throughput = 0.15271 Mbps
22706 ms [UE 30040] UL Throughput = 0.0 Mbps
22706 ms [UE 42234] UL Throughput = 0.0 Mbps
22775 ms [UE 30040] UL Throughput = 0.0 Mbps
22775 ms [UE 42234] UL Throughput = 0.08719 Mbps
22867 ms [UE 30040] UL Throughput = 0.0 Mbps
22867 ms [UE 42234] UL Throughput = 0.05789 Mbps
22967 ms [UE 30040] UL Throughput = 0.0 Mbps
22967 ms [UE 42234] UL Throughput = 0.0 Mbps
23076 ms [UE 30040] UL Throughput = 0.0 Mbps
23076 ms [UE 42234] UL Throughput = 0.0 Mbps
23167 ms [UE 30040] UL Throughput = 0.05562 Mbps
23167 ms [UE 42234] UL Throughput = 0.0 Mbps
23260 ms [UE 30040] UL Throughput = 0.02389 Mbps
23354 ms [UE 30040] UL Throughput = 0.14227 Mbps
23354 ms [UE 42234] UL Throughput = 0.0 Mbps
23447 ms [UE 30040] UL Throughput = 0.02354 Mbps
23447 ms [UE 42234] UL Throughput = 0.06423 Mbps
23532 ms [UE 30040] UL Throughput = 0.11481 Mbps
23532 ms [UE 42234] UL Throughput = 0.06554 Mbps
23611 ms [UE 30040] UL Throughput = 0.0 Mbps
23611 ms [UE 42234] UL Throughput = 0.0 Mbps
23712 ms [UE 30040] UL Throughput = 0.11801 Mbps
23712 ms [UE 42234] UL Throughput = 0.0 Mbps
23799 ms [UE 30040] UL Throughput = 0.0 Mbps
23799 ms [UE 42234] UL Throughput = 0.0255 Mbps
23919 ms [UE 30040] UL Throughput = 0.05971 Mbps
23919 ms [UE 42234] UL Throughput = 0.0 Mbps
24016 ms [UE 30040] UL Throughput = 0.0 Mbps
24016 ms [UE 42234] UL Throughput = 0.04588 Mbps
24121 ms [UE 30040] UL Throughput = 0.0 Mbps
24121 ms [UE 42234] UL Throughput = 0.0 Mbps
24240 ms [UE 30040] UL Throughput = 0.09659 Mbps
24240 ms [UE 42234] UL Throughput = 0.0 Mbps
24344 ms [UE 30040] UL Throughput = 0.02774 Mbps
24344 ms [UE 42234] UL Throughput = 0.0 Mbps
24348 ms [UE 30040] UL Throughput = 0.0 Mbps
24429 ms [UE 30040] UL Throughput = 0.0 Mbps
24429 ms [UE 42234] UL Throughput = 0.0 Mbps
24432 ms [UE 42234] UL Throughput = 0.0 Mbps
24532 ms [UE 30040] UL Throughput = 0.0 Mbps
24532 ms [UE 42234] UL Throughput = 0.03065 Mbps
24536 ms [UE 30040] UL Throughput = 0.0969 Mbps
24536 ms [UE 42234] UL Throughput = 0.06031 Mbps
24628 ms [UE 30040] UL Throughput = 0.14448 Mbps
24628 ms [UE 42234] UL Throughput = 0.0 Mbps
24731 ms [UE 30040] UL Throughput = 0.09335 Mbps
24731 ms [UE 42234] UL Throughput = 0.07423 Mbps
24821 ms [UE 30040] UL Throughput = 0.0 Mbps
24821 ms [UE 42234] UL Throughput = 0.0 Mbps
24941 ms [UE 30040] UL Throughput = 0.01503 Mbps
24941 ms [UE 42234] UL Throughput = 0.0 Mbps
25046 ms [UE 30040] UL Throughput = 0.0 Mbps
25046 ms [UE 42234] UL Throughput = 0.0 Mbps
25108 ms [UE 42234] UL Throughput = 0.02443 Mbps
25191 ms [UE 30040] UL Throughput = 0.0 Mbps
25285 ms [UE 30040] UL Throughput = 0.09974 Mbps
25285 ms [UE 42234] UL Throughput = 0.0706 Mbps
25376 ms [UE 30040] UL Throughput = 0.10769 Mbps
25376 ms [UE 42234] UL Throughput = 0.04576 Mbps
25379 ms [UE 30040] UL Throughput = 0.0 Mbps
25479 ms [UE 30040] UL Throughput = 0.0 Mbps
25479 ms [UE 42234] UL Throughput = 0.0 Mbps
25563 ms [UE 30040] UL Throughput = 0.0 Mbps
25665 ms [UE 30040] UL Throughput = 0.06199 Mbps
25665 ms [UE 42234] UL Throughput = 0.07395 Mbps
25671 ms [UE 30040] UL Throughput = 0.03412 Mbps
25671 ms [UE 42234] UL Throughput = 0.0 Mbps
25795 ms [UE 30040] UL Throughput = 0.0 Mbps
25795 ms [UE 42234] UL Throughput = 0.0 Mbps
25904 ms [UE 30040] UL Throughput = 0.0 Mbps
25904 ms [UE 42234] UL Throughput = 0.07126 Mbps
26010 ms [UE 30040] UL Throughput = 0.05704 Mbps
26010 ms [UE 42234] UL Throughput = 0.01738 Mbps
26011 ms [UE 30040] UL Throughput = 0.03604 Mbps
26017 ms [UE 30040] UL Throughput = 0.0101 Mbps
26017 ms [UE 42234] UL Throughput = 0.0 Mbps
26018 ms [UE 30040] UL Throughput = 0.0 Mbps
26018 ms [UE 42234] UL Throughput = 0.08739 Mbps
26140 ms [UE 30040] UL Throughput = 0.0395 Mbps
26140 ms [UE 42234] UL Throughput = 0.0 Mbps
26236 ms [UE 42234] UL Throughput = 0.07183 Mbps
26338 ms [UE 30040] UL Throughput = 0.0541 Mbps
26338 ms [UE 42234] UL Throughput = 0.05522 Mbps
26447 ms [UE 30040] UL Throughput = 0.0 Mbps
26538 ms [UE 30040] UL Throughput = 0.01222 Mbps
26626 ms [UE 30040] UL Throughput = 0.05853 Mbps
26626 ms [UE 42234] UL Throughput = 0.02941 Mbps
26700 ms [UE 30040] UL Throughput = 0.0 Mbps
26700 ms [UE 42234] UL Throughput = 0.0 Mbps
26807 ms [UE 30040] UL Throughput = 0.0 Mbps
26807 ms [UE 42234] UL Throughput = 0.0 Mbps
26916 ms [UE 30040] UL Throughput = 0.12761 Mbps
26916 ms [UE 42234] UL Throughput = 0.0 Mbps
27022 ms [UE 30040] UL Throughput = 0.09985 Mbps
27022 ms [UE 42234] UL Throughput = 0.0 Mbps
27123 ms [UE 30040] UL Throughput = 0.0 Mbps
27123 ms [UE 42234] UL Throughput = 0.0758 Mbps
27252 ms [UE 30040] UL Throughput = 0.15569 Mbps
27252 ms [UE 42234] UL Throughput = 0.07814 Mbps
27258 ms [UE 30040] UL Throughput = 0.01333 Mbps
27258 ms [UE 42234] UL Throughput = 0.01502 Mbps
27342 ms [UE 30040] UL Throughput = 0.0 Mbps
27342 ms [UE 42234] UL Throughput = 0.0 Mbps
27451 ms [UE 30040] UL Throughput = 0.07016 Mbps
27451 ms [UE 42234] UL Throughput = 0.11752 Mbps
27535 ms [UE 30040] UL Throughput = 0.0 Mbps
27535 ms [UE 42234] UL Throughput = 0.0 Mbps
27640 ms [UE 30040] UL Throughput = 0.0 Mbps
27640 ms [UE 42234] UL Throughput = 0.0 Mbps
27764 ms [UE 30040] UL Throughput = 0.0 Mbps
27764 ms [UE 42234] UL Throughput = 0.0 Mbps
27766 ms [UE 30040] UL Throughput = 0.06909 Mbps
27766 ms [UE 42234] UL Throughput = 0.0 Mbps
27769 ms [UE 30040] UL Throughput = 0.05773 Mbps
27769 ms [UE 42234] UL Throughput = 0.0 Mbps
27772 ms [UE 30040] UL Throughput = 0.0 Mbps
27772 ms [UE 42234] UL Throughput = 0.04275 Mbps
27850 ms [UE 30040] UL Throughput = 0.05622 Mbps
27850 ms [UE 42234] UL Throughput = 0.06116 Mbps
27853 ms [UE 30040] UL Throughput = 0.0 Mbps
27853 ms [UE 42234] UL Throughput = 0.03833 Mbps
27945 ms [UE 30040] UL Throughput = 0.0 Mbps
27945 ms [UE 42234] UL Throughput = 0.0 Mbps
27946 ms [UE 30040] UL Throughput = 0.0 Mbps
27946 ms [UE 42234] UL Throughput = 0.03723 Mbps
28065 ms [UE 30040] UL Throughput = 0.0 Mbps
28065 ms [UE 42234] UL Throughput = 0.0 Mbps
28162 ms [UE 30040] UL Throughput = 0.07033 Mbps
28246 ms [UE 30040] UL Throughput = 0.0 Mbps
28246 ms [UE 42234] UL Throughput = 0.07759 Mbps
28359 ms [UE 30040] UL Throughput = 0.0 Mbps
28359 ms [UE 42234] UL Throughput = 0.0 Mbps
28451 ms [UE 30040] UL Throughput = 0.04332 Mbps
28451 ms [UE 42234] UL Throughput = 0.0 Mbps
28454 ms [UE 30040] UL Throughput = 0.0 Mbps
28454 ms [UE 42234] UL Throughput = 0.0 Mbps
28542 ms [UE 30040] UL Throughput = 0.0 Mbps
28542 ms [UE 42234] UL Throughput = 0.0 Mbps
28647 ms [UE 30040] UL Throughput = 0.10537 Mbps
28647 ms [UE 42234] UL Throughput = 0.09452 Mbps
28765 ms [UE 30040] UL Throughput = 0.0 Mbps
28765 ms [UE 42234] UL Throughput = 0.02137 Mbps
28897 ms [UE 30040] UL Throughput = 0.0 Mbps
28899 ms [UE 30040] UL Throughput = 0.01532 Mbps
28899 ms [UE 42234] UL Throughput = 0.02751 Mbps
28993 ms [UE 30040] UL Throughput = 0.0 Mbps
28993 ms [UE 42234] UL Throughput = 0.0 Mbps
28995 ms [UE 30040] UL Throughput = 0.0 Mbps
28995 ms [UE 42234] UL Throughput = 0.0 Mbps
29096 ms [UE 30040] UL Throughput = 0.05726 Mbps
29096 ms [UE 42234] UL Throughput = 0.06996 Mbps
29208 ms [UE 30040] UL Throughput = 0.06256 Mbps
29208 ms [UE 42234] UL Throughput = 0.0 Mbps
29327 ms [UE 30040] UL Throughput = 0.02944 Mbps
29327 ms [UE 42234] UL Throughput = 0.0 Mbps
29452 ms [UE 30040] UL Throughput = 0.0 Mbps
29452 ms [UE 42234] UL Throughput = 0.07678 Mbps
29456 ms [UE 30040] UL Throughput = 0.0 Mbps
29456 ms [UE 42234] UL Throughput = 0.08809 Mbps
29526 ms [UE 30040] UL Throughput = 0.03973 Mbps
29526 ms [UE 42234] UL Throughput = 0.02433 Mbps
29629 ms [UE 30040] UL Throughput = 0.0 Mbps
29629 ms [UE 42234] UL Throughput = 0.0 Mbps
29729 ms [UE 30040] UL Throughput = 0.09375 Mbps
29729 ms [UE 42234] UL Throughput = 0.0 Mbps
29801 ms [UE 30040] UL Throughput = 0.0 Mbps
29801 ms [UE 42234] UL Throughput = 0.02862 Mbps
29894 ms [UE 30040] UL Throughput = 0.01737 Mbps
29894 ms [UE 42234] UL Throughput = 0.0 Mbps
29990 ms [UE 30040] UL Throughput = 0.03342 Mbps
29990 ms [UE 42234] UL Throughput = 0.0 Mbps
30114 ms [UE 42234] UL Throughput = 0.0 Mbps
30216 ms [UE 30040] UL Throughput = 0.08863 Mbps
30216 ms [UE 42234] UL Throughput = 0.0184 Mbps
30320 ms [UE 30040] UL Throughput = 0.0 Mbps
30320 ms [UE 42234] UL Throughput = 0.02558 Mbps
30425 ms [UE 30040] UL Throughput = 0.0 Mbps
30425 ms [UE 42234] UL Throughput = 0.0 Mbps
30524 ms [UE 30040] UL Throughput = 0.0 Mbps
30524 ms [UE 42234] UL Throughput = 0.06203 Mbps
30629 ms [UE 30040] UL Throughput = 0.0 Mbps
30629 ms [UE 42234] UL Throughput = 0.07838 Mbps
30730 ms [UE 30040] UL Throughput = 0.0 Mbps
30822 ms [UE 30040] UL Throughput = 0.05607 Mbps
30932 ms [UE 30040] UL Throughput = 0.0 Mbps
30932 ms [UE 42234] UL Throughput = 0.0 Mbps
31050 ms [UE 30040] UL Throughput = 0.0 Mbps
31050 ms [UE 42234] UL Throughput = 0.0 Mbps
31134 ms [UE 42234] UL Throughput = 0.07595 Mbps
31236 ms [UE 30040] UL Throughput = 0.0 Mbps
31236 ms [UE 42234] UL Throughput = 0.0 Mbps
31366 ms [UE 30040] UL Throughput = 0.037 Mbps
31366 ms [UE 42234] UL Throughput = 0.06503 Mbps
31369 ms [UE 30040] UL Throughput = 0.0 Mbps
31369 ms [UE 42234] UL Throughput = 0.06399 Mbps
31506 ms [UE 30040] UL Throughput = 0.06152 Mbps
31506 ms [UE 42234] UL Throughput = 0.05028 Mbps
31599 ms [UE 30040] UL Throughput = 0.0 Mbps
31599 ms [UE 42234] UL Throughput = 0.0 Mbps
31603 ms [UE 30040] UL Throughput = 0.0 Mbps
31603 ms [UE 42234] UL Throughput = 0.0 Mbps
31682 ms [UE 30040] UL Throughput = 0.08378 Mbps
31682 ms [UE 42234] UL Throughput = 0.0 Mbps
31761 ms [UE 30040] UL Throughput = 0.0 Mbps
31864 ms [UE 30040] UL Throughput = 0.04844 Mbps
31864 ms [UE 42234] UL Throughput = 0.08121 Mbps
31870 ms [UE 30040] UL Throughput = 0.0 Mbps
31870 ms [UE 42234] UL Throughput = 0.0 Mbps
31963 ms [UE 30040] UL Throughput = 0.03649 Mbps
31963 ms [UE 42234] UL Throughput = 0.04376 Mbps
32065 ms [UE 30040] UL Throughput = 0.05608 Mbps
32134 ms [UE 30040] UL Throughput = 0.04774 Mbps
32134 ms [UE 42234] UL Throughput = 0.05663 Mbps
32220 ms [UE 30040] UL Throughput = 0.02983 Mbps
32220 ms [UE 42234] UL Throughput = 0.05756 Mbps
32321 ms [UE 30040] UL Throughput = 0.04652 Mbps
32321 ms [UE 42234] UL Throughput = 0.03686 Mbps
32406 ms [UE 30040] UL Throughput = 0.0 Mbps
32501 ms [UE 30040] UL Throughput = 0.0 Mbps
32501 ms [UE 42234] UL Throughput = 0.0 Mbps
32601 ms [UE 30040] UL Throughput = 0.0 Mbps
32601 ms [UE 42234] UL Throughput = 0.03024 Mbps
32721 ms [UE 30040] UL Throughput = 0.0 Mbps
32823 ms [UE 30040] UL Throughput = 0.01345 Mbps
32823 ms [UE 42234] UL Throughput = 0.04112 Mbps
32919 ms [UE 30040] UL Throughput = 0.05569 Mbps
32919 ms [UE 42234] UL Throughput = 0.03494 Mbps
33027 ms [UE 30040] UL Throughput = 0.0 Mbps
33027 ms [UE 42234] UL Throughput = 0.0 Mbps
33101 ms [UE 30040] UL Throughput = 0.05142 Mbps
33206 ms [UE 30040] UL Throughput = 0.0 Mbps
33206 ms [UE 42234] UL Throughput = 0.0 Mbps
33328 ms [UE 30040] UL Throughput = 0.01155 Mbps
33416 ms [UE 30040] UL Throughput = 0.01158 Mbps
33416 ms [UE 42234] UL Throughput = 0.08919 Mbps
33514 ms [UE 30040] UL Throughput = 0.09938 Mbps
33517 ms [UE 30040] UL Throughput = 0.0 Mbps
33517 ms [UE 42234] UL Throughput = 0.0918 Mbps
33615 ms [UE 30040] UL Throughput = 0.0 Mbps
33712 ms [UE 30040] UL Throughput = 0.15326 Mbps
33712 ms [UE 42234] UL Throughput = 0.08476 Mbps
33807 ms [UE 30040] UL Throughput = 0.0 Mbps
33908 ms [UE 30040] UL Throughput = 0.0 Mbps
33908 ms [UE 42234] UL Throughput = 0.07456 Mbps
34036 ms [UE 30040] UL Throughput = 0.0 Mbps
34036 ms [UE 42234] UL Throughput = 0.0 Mbps
34130 ms [UE 30040] UL Throughput = 0.04109 Mbps
34130 ms [UE 42234] UL Throughput = 0.0 Mbps
34183 ms [UE 30040] UL Throughput = 0.0399 Mbps
34240 ms [UE 30040] UL Throughput = 0.0 Mbps
34240 ms [UE 42234] UL Throughput = 0.0 Mbps
34337 ms [UE 30040] UL Throughput = 0.0 Mbps
34337 ms [UE 42234] UL Throughput = 0.07979 Mbps
34477 ms [UE 30040] UL Throughput = 0.0 Mbps
34477 ms [UE 42234] UL Throughput = 0.0 Mbps
34587 ms [UE 30040] UL Throughput = 0.11378 Mbps
34587 ms [UE 42234] UL Throughput = 0.0 Mbps
34690 ms [UE 30040] UL Throughput = 0.07601 Mbps
34690 ms [UE 42234] UL Throughput = 0.04023 Mbps
34793 ms [UE 30040] UL Throughput = 0.0744 Mbps
34793 ms [UE 42234] UL Throughput = 0.0 Mbps
34795 ms [UE 30040] UL Throughput = 0.0 Mbps
34795 ms [UE 42234] UL Throughput = 0.02537 Mbps
34896 ms [UE 30040] UL Throughput = 0.04689 Mbps
34896 ms [UE 42234] UL Throughput = 0.08009 Mbps
35026 ms [UE 42234] UL Throughput = 0.0 Mbps
35113 ms [UE 30040] UL Throughput = 0.09105 Mbps
35113 ms [UE 42234] UL Throughput = 0.0 Mbps
35207 ms [UE 30040] UL Throughput = 0.0 Mbps
35207 ms [UE 42234] UL Throughput = 0.0 Mbps
35312 ms [UE 30040] UL Throughput = 0.07783 Mbps
35312 ms [UE 42234] UL Throughput = 0.06069 Mbps
35417 ms [UE 30040] UL Throughput = 0.0 Mbps
35417 ms [UE 42234] UL Throughput = 0.01152 Mbps
35509 ms [UE 30040] UL Throughput = 0.03671 Mbps
35509 ms [UE 42234] UL Throughput = 0.0 Mbps
35638 ms [UE 30040] UL Throughput = 0.08727 Mbps
35638 ms [UE 42234] UL Throughput = 0.09269 Mbps
35742 ms [UE 30040] UL Throughput = 0.0 Mbps
35742 ms [UE 42234] UL Throughput = 0.0 Mbps
35857 ms [UE 30040] UL Throughput = 0.03721 Mbps
35857 ms [UE 42234] UL Throughput = 0.0 Mbps
35952 ms [UE 30040] UL Throughput = 0.0818 Mbps
35952 ms [UE 42234] UL Throughput = 0.03014 Mbps
35957 ms [UE 30040] UL Throughput = 0.04436 Mbps
35957 ms [UE 42234] UL Throughput = 0.12103 Mbps
36051 ms [UE 30040] UL Throughput = 0.04051 Mbps
36051 ms [UE 42234] UL Throughput = 0.03993 Mbps
36142 ms [UE 30040] UL Throughput = 0.02724 Mbps
36142 ms [UE 42234] UL Throughput = 0.0 Mbps
36240 ms [UE 42234] UL Throughput = 0.0 Mbps
36353 ms [UE 30040] UL Throughput = 0.01254 Mbps
36353 ms [UE 42234] UL Throughput = 0.0 Mbps
36437 ms [UE 30040] UL Throughput = 0.0 Mbps
36437 ms [UE 42234] UL Throughput = 0.0508 Mbps
36529 ms [UE 30040] UL Throughput = 0.09946 Mbps
36529 ms [UE 42234] UL Throughput = 0.0 Mbps
36632 ms [UE 42234] UL Throughput = 0.0 Mbps
36747 ms [UE 30040] UL Throughput = 0.09304 Mbps
36747 ms [UE 42234] UL Throughput = 0.0551 Mbps
36856 ms [UE 30040] UL Throughput = 0.0 Mbps
36856 ms [UE 42234] UL Throughput = 0.0 Mbps
36973 ms [UE 30040] UL Throughput = 0.0 Mbps
36973 ms [UE 42234] UL Throughput = 0.0 Mbps
36975 ms [UE 30040] UL Throughput = 0.02899 Mbps
36975 ms [UE 42234] UL Throughput = 0.0 Mbps
37077 ms [UE 42234] UL Throughput = 0.05757 Mbps
37078 ms [UE 30040] UL Throughput = 0.06933 Mbps
37078 ms [UE 42234] UL Throughput = 0.0 Mbps
37084 ms [UE 30040] UL Throughput = 0.06268 Mbps
37148 ms [UE 30040] UL Throughput = 0.0 Mbps
37148 ms [UE 42234] UL Throughput = 0.02205 Mbps
37149 ms [UE 30040] UL Throughput = 0.0 Mbps
37149 ms [UE 42234] UL Throughput = 0.06482 Mbps
37152 ms [UE 30040] UL Throughput = 0.04743 Mbps
37152 ms [UE 42234] UL Throughput = 0.02482 Mbps
37232 ms [UE 30040] UL Throughput = 0.0 Mbps
37232 ms [UE 42234] UL Throughput = 0.0 Mbps
37317 ms [UE 30040] UL Throughput = 0.0 Mbps
37317 ms [UE 42234] UL Throughput = 0.0 Mbps
37370 ms [UE 30040] UL Throughput = 0.09411 Mbps
37370 ms [UE 42234] UL Throughput = 0.04765 Mbps
37453 ms [UE 30040] UL Throughput = 0.0 Mbps
37453 ms [UE 42234] UL Throughput = 0.0 Mbps
37459 ms [UE 30040] UL Throughput = 0.01884 Mbps
37459 ms [UE 42234] UL Throughput = 0.09675 Mbps
37575 ms [UE 30040] UL Throughput = 0.01653 Mbps
37575 ms [UE 42234] UL Throughput = 0.08294 Mbps
37682 ms [UE 30040] UL Throughput = 0.01105 Mbps
37682 ms [UE 42234] UL Throughput = 0.0149 Mbps
37794 ms [UE 42234] UL Throughput = 0.09343 Mbps
37896 ms [UE 30040] UL Throughput = 0.02465 Mbps
37896 ms [UE 42234] UL Throughput = 0.09137 Mbps
37989 ms [UE 30040] UL Throughput = 0.0 Mbps
37989 ms [UE 42234] UL Throughput = 0.0 Mbps
38081 ms [UE 30040] UL Throughput = 0.0 Mbps
38081 ms [UE 42234] UL Throughput = 0.08209 Mbps
38186 ms [UE 30040] UL Throughput = 0.05852 Mbps
38304 ms [UE 30040] UL Throughput = 0.0 Mbps
38304 ms [UE 42234] UL Throughput = 0.0 Mbps
38419 ms [UE 30040] UL Throughput = 0.09407 Mbps
38419 ms [UE 42234] UL Throughput = 0.0 Mbps
38525 ms [UE 30040] UL Throughput = 0.04567 Mbps
38612 ms [UE 30040] UL Throughput = 0.0 Mbps
38612 ms [UE 42234] UL Throughput = 0.06877 Mbps
38701 ms [UE 30040] UL Throughput = 0.0 Mbps
38701 ms [UE 42234] UL Throughput = 0.0 Mbps
38781 ms [UE 30040] UL Throughput = 0.0 Mbps
38781 ms [UE 42234] UL Throughput = 0.0 Mbps
38898 ms [UE 30040] UL Throughput = 0.0 Mbps
38898 ms [UE 42234] UL Throughput = 0.0 Mbps
39005 ms [UE 30040] UL Throughput = 0.07178 Mbps
39005 ms [UE 42234] UL Throughput = 0.0 Mbps
39007 ms [UE 30040] UL Throughput = 0.02139 Mbps
39084 ms [UE 30040] UL Throughput = 0.09078 Mbps
39084 ms [UE 42234] UL Throughput = 0.0 Mbps
39194 ms [UE 30040] UL Throughput = 0.0 Mbps
39294 ms [UE 30040] UL Throughput = 0.0 Mbps
39294 ms [UE 42234] UL Throughput = 0.08907 Mbps
39379 ms [UE 30040] UL Throughput = 0.0 Mbps
39379 ms [UE 42234] UL Throughput = 0.0 Mbps
39497 ms [UE 30040] UL Throughput = 0.0 Mbps
39497 ms [UE 42234] UL Throughput = 0.02668 Mbps
39601 ms [UE 30040] UL Throughput = 0.03902 Mbps
39601 ms [UE 42234] UL Throughput = 0.05394 Mbps
39721 ms [UE 30040] UL Throughput = 0.02648 Mbps
39721 ms [UE 42234] UL Throughput = 0.08902 Mbps
39824 ms [UE 30040] UL Throughput = 0.0 Mbps
39824 ms [UE 42234] UL Throughput = 0.09806 Mbps
39930 ms [UE 30040] UL Throughput = 0.04114 Mbps
39930 ms [UE 42234] UL Throughput = 0.0 Mbps
40036 ms [UE 30040] UL Throughput = 0.0 Mbps
40036 ms [UE 42234] UL Throughput = 0.09265 Mbps
40144 ms [UE 30040] UL Throughput = 0.0 Mbps
40144 ms [UE 42234] UL Throughput = 0.0321 Mbps
40255 ms [UE 30040] UL Throughput = 0.13654 Mbps
40362 ms [UE 30040] UL Throughput = 0.0 Mbps
40362 ms [UE 42234] UL Throughput = 0.08503 Mbps
40486 ms [UE 30040] UL Throughput = 0.11674 Mbps
40486 ms [UE 42234] UL Throughput = 0.08949 Mbps
40489 ms [UE 30040] UL Throughput = 0.14301 Mbps
40489 ms [UE 42234] UL Throughput = 0.0 Mbps
40593 ms [UE 42234] UL Throughput = 0.05335 Mbps
40599 ms [UE 30040] UL Throughput = 0.03054 Mbps
40599 ms [UE 42234] UL Throughput = 0.0 Mbps
40692 ms [UE 30040] UL Throughput = 0.02248 Mbps
40801 ms [UE 30040] UL Throughput = 0.0 Mbps
40801 ms [UE 42234] UL Throughput = 0.05449 Mbps
40900 ms [UE 30040] UL Throughput = 0.0 Mbps
40900 ms [UE 42234] UL Throughput = 0.0 Mbps
40906 ms [UE 30040] UL Throughput = 0.04979 Mbps
40906 ms [UE 42234] UL Throughput = 0.05128 Mbps
41014 ms [UE 30040] UL Throughput = 0.09803 Mbps
41014 ms [UE 42234] UL Throughput = 0.0913 Mbps
41141 ms [UE 30040] UL Throughput = 0.0 Mbps
41224 ms [UE 30040] UL Throughput = 0.05305 Mbps
41224 ms [UE 42234] UL Throughput = 0.07458 Mbps
41228 ms [UE 30040] UL Throughput = 0.06499 Mbps
41228 ms [UE 42234] UL Throughput = 0.06553 Mbps
41233 ms [UE 30040] UL Throughput = 0.0 Mbps
41233 ms [UE 42234] UL Throughput = 0.02534 Mbps
41350 ms [UE 30040] UL Throughput = 0.0 Mbps
41350 ms [UE 42234] UL Throughput = 0.0 Mbps
41352 ms [UE 30040] UL Throughput = 0.0 Mbps
41352 ms [UE 42234] UL Throughput = 0.0 Mbps
41436 ms [UE 30040] UL Throughput = 0.02971 Mbps
41436 ms [UE 42234] UL Throughput = 0.0 Mbps
41549 ms [UE 30040] UL Throughput = 0.09653 Mbps
41549 ms [UE 42234] UL Throughput = 0.08022 Mbps
41627 ms [UE 30040] UL Throughput = 0.04663 Mbps
41627 ms [UE 42234] UL Throughput = 0.01309 Mbps
41767 ms [UE 30040] UL Throughput = 0.0 Mbps
41876 ms [UE 30040] UL Throughput = 0.04373 Mbps
41876 ms [UE 42234] UL Throughput = 0.08948 Mbps
41994 ms [UE 30040] UL Throughput = 0.0 Mbps
41994 ms [UE 42234] UL Throughput = 0.0 Mbps
42081 ms [UE 30040] UL Throughput = 0.0 Mbps
42081 ms [UE 42234] UL Throughput = 0.0 Mbps
42164 ms [UE 30040] UL Throughput = 0.06137 Mbps
42164 ms [UE 42234] UL Throughput = 0.06051 Mbps
42280 ms [UE 42234] UL Throughput = 0.10167 Mbps
42378 ms [UE 30040] UL Throughput = 0.13384 Mbps
42378 ms [UE 42234] UL Throughput = 0.0 Mbps
42475 ms [UE 30040] UL Throughput = 0.08397 Mbps
42475 ms [UE 42234] UL Throughput = 0.0 Mbps
42477 ms [UE 30040] UL Throughput = 0.0 Mbps
42477 ms [UE 42234] UL Throughput = 0.0 Mbps
42601 ms [UE 30040] UL Throughput = 0.0 Mbps
42601 ms [UE 42234] UL Throughput = 0.0 Mbps
42709 ms [UE 30040] UL Throughput = 0.09226 Mbps
42709 ms [UE 42234] UL Throughput = 0.0 Mbps
42809 ms [UE 30040] UL Throughput = 0.07062 Mbps
42809 ms [UE 42234] UL Throughput = 0.0 Mbps
42904 ms [UE 30040] UL Throughput = 0.02032 Mbps
42904 ms [UE 42234] UL Throughput = 0.0 Mbps
42909 ms [UE 30040] UL Throughput = 0.05043 Mbps
42909 ms [UE 42234] UL Throughput = 0.0 Mbps
42996 ms [UE 30040] UL Throughput = 0.14216 Mbps
42996 ms [UE 42234] UL Throughput = 0.0 Mbps
43122 ms [UE 30040] UL Throughput = 0.01068 Mbps
43122 ms [UE 42234] UL Throughput = 0.03699 Mbps
43233 ms [UE 30040] UL Throughput = 0.05339 Mbps
43233 ms [UE 42234] UL Throughput = 0.11064 Mbps
43330 ms [UE 42234] UL Throughput = 0.0 Mbps
43429 ms [UE 30040] UL Throughput = 0.0 Mbps
43429 ms [UE 42234] UL Throughput = 0.0 Mbps
43434 ms [UE 30040] UL Throughput = 0.0 Mbps
43434 ms [UE 42234] UL Throughput = 0.0 Mbps
43515 ms [UE 30040] UL Throughput = 0.0 Mbps
43515 ms [UE 42234] UL Throughput = 0.0 Mbps
43616 ms [UE 30040] UL Throughput = 0.03712 Mbps
43616 ms [UE 42234] UL Throughput = 0.09682 Mbps
43618 ms [UE 30040] UL Throughput = 0.03377 Mbps
43618 ms [UE 42234] UL Throughput = 0.01955 Mbps
43622 ms [UE 30040] UL Throughput = 0.0 Mbps
43736 ms [UE 30040] UL Throughput = 0.10054 Mbps
43736 ms [UE 42234] UL Throughput = 0.02962 Mbps
43739 ms [UE 30040] UL Throughput = 0.0 Mbps
43739 ms [UE 42234] UL Throughput = 0.0 Mbps
43855 ms [UE 30040] UL Throughput = 0.0 Mbps
43855 ms [UE 42234] UL Throughput = 0.08936 Mbps
43984 ms [UE 30040] UL Throughput = 0.0 Mbps
43984 ms [UE 42234] UL Throughput = 0.0722 Mbps
44084 ms [UE 30040] UL Throughput = 0.0 Mbps
44084 ms [UE 42234] UL Throughput = 0.0 Mbps
44193 ms [UE 30040] UL Throughput = 0.02541 Mbps
44193 ms [UE 42234] UL Throughput = 0.0 Mbps
44196 ms [UE 30040] UL Throughput = 0.0 Mbps
44196 ms [UE 42234] UL Throughput = 0.0 Mbps
44317 ms [UE 30040] UL Throughput = 0.03713 Mbps
44317 ms [UE 42234] UL Throughput = 0.08977 Mbps
44407 ms [UE 30040] UL Throughput = 0.06253 Mbps
44407 ms [UE 42234] UL Throughput = 0.15614 Mbps
44504 ms [UE 30040] UL Throughput = 0.0 Mbps
44504 ms [UE 42234] UL Throughput = 0.0 Mbps
44600 ms [UE 30040] UL Throughput = 0.0 Mbps
44600 ms [UE 42234] UL Throughput = 0.0 Mbps
44699 ms [UE 30040] UL Throughput = 0.06879 Mbps
44699 ms [UE 42234] UL Throughput = 0.04366 Mbps
44815 ms [UE 30040] UL Throughput = 0.08276 Mbps
44815 ms [UE 42234] UL Throughput = 0.05422 Mbps
44927 ms [UE 30040] UL Throughput = 0.08041 Mbps
44927 ms [UE 42234] UL Throughput = 0.0 Mbps
44929 ms [UE 30040] UL Throughput = 0.0 Mbps
44929 ms [UE 42234] UL Throughput = 0.06661 Mbps
45040 ms [UE 30040] UL Throughput = 0.08962 Mbps
45041 ms [UE 30040] UL Throughput = 0.0 Mbps
45041 ms [UE 42234] UL Throughput = 0.0 Mbps
45045 ms [UE 30040] UL Throughput = 0.02334 Mbps
45045 ms [UE 42234] UL Throughput = 0.03911 Mbps
45128 ms [UE 30040] UL Throughput = 0.0 Mbps
45128 ms [UE 42234] UL Throughput = 0.09847 Mbps
45213 ms [UE 30040] UL Throughput = 0.0 Mbps
45213 ms [UE 42234] UL Throughput = 0.04099 Mbps
45296 ms [UE 30040] UL Throughput = 0.0 Mbps
45296 ms [UE 42234] UL Throughput = 0.11278 Mbps
45411 ms [UE 30040] UL Throughput = 0.0 Mbps
45411 ms [UE 42234] UL Throughput = 0.0902 Mbps
45501 ms [UE 30040] UL Throughput = 0.08851 Mbps
45501 ms [UE 42234] UL Throughput = 0.04488 Mbps
45589 ms [UE 30040] UL Throughput = 0.01534 Mbps
45589 ms [UE 42234] UL Throughput = 0.03806 Mbps
45595 ms [UE 30040] UL Throughput = 0.06827 Mbps
45595 ms [UE 42234] UL Throughput = 0.06476 Mbps
45704 ms [UE 30040] UL Throughput = 0.0 Mbps
45704 ms [UE 42234] UL Throughput = 0.05608 Mbps
45817 ms [UE 30040] UL Throughput = 0.01909 Mbps
45817 ms [UE 42234] UL Throughput = 0.08466 Mbps
45916 ms [UE 30040] UL Throughput = 0.07999 Mbps
45999 ms [UE 30040] UL Throughput = 0.0 Mbps
45999 ms [UE 42234] UL Throughput = 0.0 Mbps
46100 ms [UE 30040] UL Throughput = 0.0 Mbps
46100 ms [UE 42234] UL Throughput = 0.0 Mbps
46201 ms [UE 30040] UL Throughput = 0.08245 Mbps
46201 ms [UE 42234] UL Throughput = 0.0581 Mbps
46308 ms [UE 30040] UL Throughput = 0.0 Mbps
46308 ms [UE 42234] UL Throughput = 0.0 Mbps
46403 ms [UE 30040] UL Throughput = 0.02243 Mbps
46403 ms [UE 42234] UL Throughput = 0.06281 Mbps
46505 ms [UE 30040] UL Throughput = 0.04968 Mbps
46505 ms [UE 42234] UL Throughput = 0.0 Mbps
46598 ms [UE 30040] UL Throughput = 0.04407 Mbps
46598 ms [UE 42234] UL Throughput = 0.0 Mbps
46604 ms [UE 30040] UL Throughput = 0.0 Mbps
46604 ms [UE 42234] UL Throughput = 0.04762 Mbps
46605 ms [UE 30040] UL Throughput = 0.0 Mbps
46605 ms [UE 42234] UL Throughput = 0.07302 Mbps
46608 ms [UE 30040] UL Throughput = 0.0 Mbps
46608 ms [UE 42234] UL Throughput = 0.04831 Mbps
46688 ms [UE 30040] UL Throughput = 0.03488 Mbps
46688 ms [UE 42234] UL Throughput = 0.05588 Mbps
46781 ms [UE 30040] UL Throughput = 0.0 Mbps
46781 ms [UE 42234] UL Throughput = 0.02047 Mbps
46867 ms [UE 30040] UL Throughput = 0.04204 Mbps
46867 ms [UE 42234] UL Throughput = 0.09687 Mbps
46977 ms [UE 30040] UL Throughput = 0.0 Mbps
46977 ms [UE 42234] UL Throughput = 0.03832 Mbps
47097 ms [UE 30040] UL Throughput = 0.0 Mbps
47097 ms [UE 42234] UL Throughput = 0.075 Mbps
47102 ms [UE 30040] UL Throughput = 0.0483 Mbps
47102 ms [UE 42234] UL Throughput = 0.0 Mbps
47186 ms [UE 30040] UL Throughput = 0.02117 Mbps
47186 ms [UE 42234] UL Throughput = 0.0 Mbps
47311 ms [UE 30040] UL Throughput = 0.01614 Mbps
47311 ms [UE 42234] UL Throughput = 0.0 Mbps
47315 ms [UE 30040] UL Throughput = 0.07593 Mbps
47315 ms [UE 42234] UL Throughput = 0.05533 Mbps
47415 ms [UE 30040] UL Throughput = 0.0 Mbps
47415 ms [UE 42234] UL Throughput = 0.03104 Mbps
47509 ms [UE 30040] UL Throughput = 0.07843 Mbps
47509 ms [UE 42234] UL Throughput = 0.0 Mbps
47582 ms [UE 30040] UL Throughput = 0.0 Mbps
47582 ms [UE 42234] UL Throughput = 0.0 Mbps
47668 ms [UE 30040] UL Throughput = 0.0 Mbps
47668 ms [UE 42234] UL Throughput = 0.0 Mbps
47671 ms [UE 30040] UL Throughput = 0.03615 Mbps
47671 ms [UE 42234] UL Throughput = 0.09104 Mbps
47674 ms [UE 30040] UL Throughput = 0.06047 Mbps
47674 ms [UE 42234] UL Throughput = 0.0874 Mbps
47765 ms [UE 30040] UL Throughput = 0.0 Mbps
47765 ms [UE 42234] UL Throughput = 0.07863 Mbps
47769 ms [UE 30040] UL Throughput = 0.02518 Mbps
47769 ms [UE 42234] UL Throughput = 0.0 Mbps
47875 ms [UE 30040] UL Throughput = 0.0 Mbps
47875 ms [UE 42234] UL Throughput = 0.0 Mbps
47992 ms [UE 30040] UL Throughput = 0.0 Mbps
47992 ms [UE 42234] UL Throughput = 0.04298 Mbps
48082 ms [UE 30040] UL Throughput = 0.0 Mbps
48082 ms [UE 42234] UL Throughput = 0.09923 Mbps
48189 ms [UE 30040] UL Throughput = 0.0 Mbps
48189 ms [UE 42234] UL Throughput = 0.0 Mbps
48278 ms [UE 30040] UL Throughput = 0.01614 Mbps
48278 ms [UE 42234] UL Throughput = 0.07505 Mbps
48412 ms [UE 30040] UL Throughput = 0.10942 Mbps
48412 ms [UE 42234] UL Throughput = 0.03481 Mbps
48519 ms [UE 30040] UL Throughput = 0.0 Mbps
48519 ms [UE 42234] UL Throughput = 0.0 Mbps
48603 ms [UE 30040] UL Throughput = 0.07356 Mbps
48603 ms [UE 42234] UL Throughput = 0.01945 Mbps
48710 ms [UE 30040] UL Throughput = 0.0 Mbps
48710 ms [UE 42234] UL Throughput = 0.0 Mbps
48818 ms [UE 30040] UL Throughput = 0.0243 Mbps
48903 ms [UE 30040] UL Throughput = 0.09572 Mbps
48903 ms [UE 42234] UL Throughput = 0.07896 Mbps
49007 ms [UE 42234] UL Throughput = 0.04698 Mbps
49080 ms [UE 42234] UL Throughput = 0.03837 Mbps
49161 ms [UE 30040] UL Throughput = 0.0 Mbps
49161 ms [UE 42234] UL Throughput = 0.01126 Mbps
49164 ms [UE 30040] UL Throughput = 0.0 Mbps
49164 ms [UE 42234] UL Throughput = 0.0 Mbps
49274 ms [UE 42234] UL Throughput = 0.0 Mbps
49396 ms [UE 30040] UL Throughput = 0.0 Mbps
49497 ms [UE 30040] UL Throughput = 0.11177 Mbps
49497 ms [UE 42234] UL Throughput = 0.0 Mbps
49578 ms [UE 30040] UL Throughput = 0.0 Mbps
49578 ms [UE 42234] UL Throughput = 0.0 Mbps
49690 ms [UE 30040] UL Throughput = 0.0 Mbps
49690 ms [UE 42234] UL Throughput = 0.0 Mbps
49801 ms [UE 30040] UL Throughput = 0.08693 Mbps
49801 ms [UE 42234] UL Throughput = 0.02854 Mbps
49909 ms [UE 30040] UL Throughput = 0.03171 Mbps
49909 ms [UE 42234] UL Throughput = 0.08972 Mbps
49910 ms [UE 30040] UL Throughput = 0.0 Mbps
49910 ms [UE 42234] UL Throughput = 0.0 Mbps
50008 ms [UE 30040] UL Throughput = 0.0 Mbps
50008 ms [UE 42234] UL Throughput = 0.0 Mbps
50009 ms [UE 30040] UL Throughput = 0.0 Mbps
50101 ms [UE 30040] UL Throughput = 0.0 Mbps
50101 ms [UE 42234] UL Throughput = 0.0 Mbps
50198 ms [UE 30040] UL Throughput = 0.0915 Mbps
50198 ms [UE 42234] UL Throughput = 0.0 Mbps
50269 ms [UE 30040] UL Throughput = 0.0 Mbps
50269 ms [UE 42234] UL Throughput = 0.1204 Mbps
50369 ms [UE 30040] UL Throughput = 0.06397 Mbps
50369 ms [UE 42234] UL Throughput = 0.0 Mbps
50374 ms [UE 30040] UL Throughput = 0.0 Mbps
50374 ms [UE 42234] UL Throughput = 0.08872 Mbps
50379 ms [UE 30040] UL Throughput = 0.0 Mbps
50379 ms [UE 42234] UL Throughput = 0.08287 Mbps
50485 ms [UE 30040] UL Throughput = 0.0 Mbps
50485 ms [UE 42234] UL Throughput = 0.0 Mbps
50489 ms [UE 30040] UL Throughput = 0.09918 Mbps
50489 ms [UE 42234] UL Throughput = 0.021 Mbps
50604 ms [UE 30040] UL Throughput = 0.01394 Mbps
50604 ms [UE 42234] UL Throughput = 0.03978 Mbps
50703 ms [UE 30040] UL Throughput = 0.0 Mbps
50703 ms [UE 42234] UL Throughput = 0.0 Mbps
50704 ms [UE 30040] UL Throughput = 0.08848 Mbps
50704 ms [UE 42234] UL Throughput = 0.07409 Mbps
50706 ms [UE 30040] UL Throughput = 0.0 Mbps
50706 ms [UE 42234] UL Throughput = 0.0 Mbps
50794 ms [UE 30040] UL Throughput = 0.09211 Mbps
50794 ms [UE 42234] UL Throughput = 0.0 Mbps
50881 ms [UE 30040] UL Throughput = 0.01327 Mbps
50883 ms [UE 30040] UL Throughput = 0.06651 Mbps
50883 ms [UE 42234] UL Throughput = 0.0 Mbps
50885 ms [UE 30040] UL Throughput = 0.0 Mbps
50885 ms [UE 42234] UL Throughput = 0.09886 Mbps
50950 ms [UE 30040] UL Throughput = 0.0 Mbps
50950 ms [UE 42234] UL Throughput = 0.0 Mbps
50953 ms [UE 30040] UL Throughput = 0.0 Mbps
50953 ms [UE 42234] UL Throughput = 0.0 Mbps
51064 ms [UE 30040] UL Throughput = 0.0 Mbps
51064 ms [UE 42234] UL Throughput = 0.09888 Mbps
51148 ms [UE 30040] UL Throughput = 0.01858 Mbps
51148 ms [UE 42234] UL Throughput = 0.09881 Mbps
51272 ms [UE 30040] UL Throughput = 0.0 Mbps
51272 ms [UE 42234] UL Throughput = 0.0 Mbps
51372 ms [UE 42234] UL Throughput = 0.08687 Mbps
51476 ms [UE 42234] UL Throughput = 0.0 Mbps
51556 ms [UE 30040] UL Throughput = 0.02163 Mbps
51556 ms [UE 42234] UL Throughput = 0.0 Mbps
51658 ms [UE 30040] UL Throughput = 0.0 Mbps
51658 ms [UE 42234] UL Throughput = 0.02034 Mbps
51786 ms [UE 30040] UL Throughput = 0.0981 Mbps
51786 ms [UE 42234] UL Throughput = 0.0 Mbps
51787 ms [UE 30040] UL Throughput = 0.0 Mbps
51787 ms [UE 42234] UL Throughput = 0.09144 Mbps
51865 ms [UE 30040] UL Throughput = 0.08391 Mbps
51865 ms [UE 42234] UL Throughput = 0.0 Mbps
51956 ms [UE 30040] UL Throughput = 0.02468 Mbps
51956 ms [UE 42234] UL Throughput = 0.07 Mbps
52074 ms [UE 30040] UL Throughput = 0.02944 Mbps
52074 ms [UE 42234] UL Throughput = 0.09704 Mbps
52178 ms [UE 42234] UL Throughput = 0.0 Mbps
52251 ms [UE 30040] UL Throughput = 0.0 Mbps
52251 ms [UE 42234] UL Throughput = 0.0 Mbps
52346 ms [UE 30040] UL Throughput = 0.05203 Mbps
52346 ms [UE 42234] UL Throughput = 0.09779 Mbps
52429 ms [UE 42234] UL Throughput = 0.08707 Mbps
52433 ms [UE 30040] UL Throughput = 0.09555 Mbps
52433 ms [UE 42234] UL Throughput = 0.01946 Mbps
52546 ms [UE 30040] UL Throughput = 0.0 Mbps
52546 ms [UE 42234] UL Throughput = 0.03903 Mbps
52661 ms [UE 30040] UL Throughput = 0.0 Mbps
52661 ms [UE 42234] UL Throughput = 0.0 Mbps
52665 ms [UE 30040] UL Throughput = 0.02087 Mbps
52665 ms [UE 42234] UL Throughput = 0.07449 Mbps
52757 ms [UE 30040] UL Throughput = 0.0709 Mbps
52757 ms [UE 42234] UL Throughput = 0.09213 Mbps
52867 ms [UE 42234] UL Throughput = 0.0 Mbps
52868 ms [UE 30040] UL Throughput = 0.0 Mbps
52868 ms [UE 42234] UL Throughput = 0.0 Mbps
52992 ms [UE 30040] UL Throughput = 0.08785 Mbps
52995 ms [UE 42234] UL Throughput = 0.03109 Mbps
53114 ms [UE 30040] UL Throughput = 0.0 Mbps
53114 ms [UE 42234] UL Throughput = 0.05868 Mbps
53205 ms [UE 30040] UL Throughput = 0.0845 Mbps
53205 ms [UE 42234] UL Throughput = 0.03892 Mbps
53288 ms [UE 30040] UL Throughput = 0.09233 Mbps
53288 ms [UE 42234] UL Throughput = 0.03199 Mbps
53374 ms [UE 30040] UL Throughput = 0.02146 Mbps
53374 ms [UE 42234] UL Throughput = 0.07426 Mbps
53460 ms [UE 30040] UL Throughput = 0.0 Mbps
53460 ms [UE 42234] UL Throughput = 0.0 Mbps
53558 ms [UE 30040] UL Throughput = 0.0 Mbps
53558 ms [UE 42234] UL Throughput = 0.07603 Mbps
53660 ms [UE 30040] UL Throughput = 0.0 Mbps
53660 ms [UE 42234] UL Throughput = 0.0 Mbps
53782 ms [UE 30040] UL Throughput = 0.0 Mbps
53782 ms [UE 42234] UL Throughput = 0.0 Mbps
53877 ms [UE 30040] UL Throughput = 0.0 Mbps
53877 ms [UE 42234] UL Throughput = 0.06847 Mbps
53987 ms [UE 30040] UL Throughput = 0.0 Mbps
54073 ms [UE 30040] UL Throughput = 0.09297 Mbps
54073 ms [UE 42234] UL Throughput = 0.05251 Mbps
54169 ms [UE 30040] UL Throughput = 0.03795 Mbps
54169 ms [UE 42234] UL Throughput = 0.09341 Mbps
54264 ms [UE 30040] UL Throughput = 0.01736 Mbps
54264 ms [UE 42234] UL Throughput = 0.0 Mbps
54362 ms [UE 30040] UL Throughput = 0.0 Mbps
54466 ms [UE 30040] UL Throughput = 0.07654 Mbps
54470 ms [UE 30040] UL Throughput = 0.0 Mbps
54470 ms [UE 42234] UL Throughput = 0.04285 Mbps
54474 ms [UE 30040] UL Throughput = 0.0 Mbps
54474 ms [UE 42234] UL Throughput = 0.08015 Mbps
54580 ms [UE 30040] UL Throughput = 0.0 Mbps
54582 ms [UE 30040] UL Throughput = 0.0 Mbps
54582 ms [UE 42234] UL Throughput = 0.0 Mbps
54688 ms [UE 30040] UL Throughput = 0.0 Mbps
54688 ms [UE 42234] UL Throughput = 0.0 Mbps
54810 ms [UE 30040] UL Throughput = 0.04212 Mbps
54918 ms [UE 30040] UL Throughput = 0.0 Mbps
54918 ms [UE 42234] UL Throughput = 0.08034 Mbps
55013 ms [UE 30040] UL Throughput = 0.0 Mbps
55013 ms [UE 42234] UL Throughput = 0.05033 Mbps
55136 ms [UE 30040] UL Throughput = 0.01191 Mbps
55136 ms [UE 42234] UL Throughput = 0.0 Mbps
55197 ms [UE 30040] UL Throughput = 0.01865 Mbps
55197 ms [UE 42234] UL Throughput = 0.05367 Mbps
55314 ms [UE 30040] UL Throughput = 0.0 Mbps
55314 ms [UE 42234] UL Throughput = 0.09891 Mbps
55420 ms [UE 30040] UL Throughput = 0.0776 Mbps
55420 ms [UE 42234] UL Throughput = 0.0 Mbps
55530 ms [UE 30040] UL Throughput = 0.0 Mbps
55530 ms [UE 42234] UL Throughput = 0.0859 Mbps
55610 ms [UE 30040] UL Throughput = 0.03835 Mbps
55610 ms [UE 42234] UL Throughput = 0.09894 Mbps
55715 ms [UE 30040] UL Throughput = 0.09139 Mbps
55715 ms [UE 42234] UL Throughput = 0.07596 Mbps
55721 ms [UE 30040] UL Throughput = 0.0 Mbps
55721 ms [UE 42234] UL Throughput = 0.0 Mbps
55827 ms [UE 30040] UL Throughput = 0.0 Mbps
55938 ms [UE 30040] UL Throughput = 0.0 Mbps
55941 ms [UE 30040] UL Throughput = 0.0 Mbps
55941 ms [UE 42234] UL Throughput = 0.04569 Mbps
56033 ms [UE 30040] UL Throughput = 0.0 Mbps
56033 ms [UE 42234] UL Throughput = 0.06727 Mbps
56134 ms [UE 30040] UL Throughput = 0.03746 Mbps
56134 ms [UE 42234] UL Throughput = 0.05037 Mbps
56220 ms [UE 42234] UL Throughput = 0.0 Mbps
56330 ms [UE 30040] UL Throughput = 0.03033 Mbps
56330 ms [UE 42234] UL Throughput = 0.08712 Mbps
56437 ms [UE 30040] UL Throughput = 0.0 Mbps
56437 ms [UE 42234] UL Throughput = 0.0 Mbps
56553 ms [UE 30040] UL Throughput = 0.09756 Mbps
56553 ms [UE 42234] UL Throughput = 0.0 Mbps
56554 ms [UE 30040] UL Throughput = 0.0 Mbps
56659 ms [UE 30040] UL Throughput = 0.09932 Mbps
56659 ms [UE 42234] UL Throughput = 0.0 Mbps
56761 ms [UE 30040] UL Throughput = 0.07858 Mbps
56761 ms [UE 42234] UL Throughput = 0.01843 Mbps
56890 ms [UE 30040] UL Throughput = 0.05562 Mbps
56890 ms [UE 42234] UL Throughput = 0.09763 Mbps
56989 ms [UE 30040] UL Throughput = 0.06222 Mbps
56989 ms [UE 42234] UL Throughput = 0.0976 Mbps
57105 ms [UE 30040] UL Throughput = 0.0 Mbps
57215 ms [UE 30040] UL Throughput = 0.0 Mbps
57215 ms [UE 42234] UL Throughput = 0.0 Mbps
57292 ms [UE 30040] UL Throughput = 0.0 Mbps
57292 ms [UE 42234] UL Throughput = 0.0 Mbps
57294 ms [UE 30040] UL Throughput = 0.08354 Mbps
57415 ms [UE 30040] UL Throughput = 0.0 Mbps
57415 ms [UE 42234] UL Throughput = 0.0 Mbps
57527 ms [UE 30040] UL Throughput = 0.0 Mbps
57527 ms [UE 42234] UL Throughput = 0.0 Mbps
57619 ms [UE 30040] UL Throughput = 0.0177 Mbps
57722 ms [UE 30040] UL Throughput = 0.0 Mbps
57722 ms [UE 42234] UL Throughput = 0.12652 Mbps
57828 ms [UE 30040] UL Throughput = 0.03657 Mbps
57828 ms [UE 42234] UL Throughput = 0.09363 Mbps
57931 ms [UE 30040] UL Throughput = 0.07563 Mbps
57931 ms [UE 42234] UL Throughput = 0.0961 Mbps
58040 ms [UE 30040] UL Throughput = 0.0 Mbps
58040 ms [UE 42234] UL Throughput = 0.06237 Mbps
58136 ms [UE 30040] UL Throughput = 0.0 Mbps
58136 ms [UE 42234] UL Throughput = 0.14135 Mbps
58254 ms [UE 42234] UL Throughput = 0.0 Mbps
58349 ms [UE 30040] UL Throughput = 0.04878 Mbps
58349 ms [UE 42234] UL Throughput = 0.04758 Mbps
58441 ms [UE 30040] UL Throughput = 0.0 Mbps
58441 ms [UE 42234] UL Throughput = 0.0 Mbps
58562 ms [UE 30040] UL Throughput = 0.01439 Mbps
58562 ms [UE 42234] UL Throughput = 0.0 Mbps
58646 ms [UE 30040] UL Throughput = 0.0 Mbps
58757 ms [UE 30040] UL Throughput = 0.07238 Mbps
58757 ms [UE 42234] UL Throughput = 0.02488 Mbps
58846 ms [UE 30040] UL Throughput = 0.05219 Mbps
58846 ms [UE 42234] UL Throughput = 0.09622 Mbps
58852 ms [UE 30040] UL Throughput = 0.0 Mbps
58852 ms [UE 42234] UL Throughput = 0.0 Mbps
58946 ms [UE 30040] UL Throughput = 0.08318 Mbps
58946 ms [UE 42234] UL Throughput = 0.0 Mbps
59032 ms [UE 30040] UL Throughput = 0.06384 Mbps
59032 ms [UE 42234] UL Throughput = 0.11662 Mbps
59036 ms [UE 30040] UL Throughput = 0.01286 Mbps
59036 ms [UE 42234] UL Throughput = 0.04633 Mbps
59140 ms [UE 30040] UL Throughput = 0.07151 Mbps
59140 ms [UE 42234] UL Throughput = 0.0 Mbps
59228 ms [UE 30040] UL Throughput = 0.06859 Mbps
59315 ms [UE 42234] UL Throughput = 0.09677 Mbps
59426 ms [UE 30040] UL Throughput = 0.0 Mbps
59426 ms [UE 42234] UL Throughput = 0.03731 Mbps
59521 ms [UE 30040] UL Throughput = 0.0 Mbps
59521 ms [UE 42234] UL Throughput = 0.0 Mbps
59622 ms [UE 30040] UL Throughput = 0.03833 Mbps
59622 ms [UE 42234] UL Throughput = 0.0 Mbps
59624 ms [UE 30040] UL Throughput = 0.0 Mbps
59624 ms [UE 42234] UL Throughput = 0.02254 Mbps
59725 ms [UE 30040] UL Throughput = 0.0 Mbps
59725 ms [UE 42234] UL Throughput = 0.0 Mbps
59827 ms [UE 42234] UL Throughput = 0.0 Mbps
59909 ms [UE 30040] UL Throughput = 0.0 Mbps
59909 ms [UE 42234] UL Throughput = 0.04469 Mbps
60001 ms [UE 30040] UL Throughput = 0.01992 Mbps
60006 ms [UE 30040] UL Throughput = 0.0 Mbps
60006 ms [UE 42234] UL Throughput = 0.0598 Mbps
60007 ms [UE 30040] UL Throughput = 0.02953 Mbps
60007 ms [UE 42234] UL Throughput = 0.05599 Mbps
60123 ms [UE 30040] UL Throughput = 0.0 Mbps
60123 ms [UE 42234] UL Throughput = 0.03167 Mbps
60191 ms [UE 30040] UL Throughput = 0.0 Mbps
60191 ms [UE 42234] UL Throughput = 0.06568 Mbps
60194 ms [UE 30040] UL Throughput = 0.08369 Mbps
60194 ms [UE 42234] UL Throughput = 0.0 Mbps
60200 ms [UE 30040] UL Throughput = 0.0 Mbps
60200 ms [UE 42234] UL Throughput = 0.0 Mbps
60203 ms [UE 30040] UL Throughput = 0.12313 Mbps
60291 ms [UE 30040] UL Throughput = 0.051 Mbps
60426 ms [UE 30040] UL Throughput = 0.0 Mbps
60426 ms [UE 42234] UL Throughput = 0.05986 Mbps
60504 ms [UE 30040] UL Throughput = 0.10133 Mbps
60504 ms [UE 42234] UL Throughput = 0.02535 Mbps
60585 ms [UE 30040] UL Throughput = 0.0 Mbps
60585 ms [UE 42234] UL Throughput = 0.0 Mbps
60707 ms [UE 30040] UL Throughput = 0.02131 Mbps
60707 ms [UE 42234] UL Throughput = 0.0 Mbps
60785 ms [UE 42234] UL Throughput = 0.05977 Mbps
60862 ms [UE 30040] UL Throughput = 0.0 Mbps
60862 ms [UE 42234] UL Throughput = 0.02264 Mbps
60958 ms [UE 30040] UL Throughput = 0.05404 Mbps
60958 ms [UE 42234] UL Throughput = 0.02296 Mbps
61067 ms [UE 30040] UL Throughput = 0.1618 Mbps
61067 ms [UE 42234] UL Throughput = 0.07545 Mbps
61173 ms [UE 30040] UL Throughput = 0.0 Mbps
61173 ms [UE 42234] UL Throughput = 0.03408 Mbps
61175 ms [UE 30040] UL Throughput = 0.01277 Mbps
61175 ms [UE 42234] UL Throughput = 0.01893 Mbps
61282 ms [UE 30040] UL Throughput = 0.0 Mbps
61282 ms [UE 42234] UL Throughput = 0.0 Mbps
61369 ms [UE 30040] UL Throughput = 0.09082 Mbps
61369 ms [UE 42234] UL Throughput = 0.0 Mbps
61486 ms [UE 30040] UL Throughput = 0.0 Mbps
61486 ms [UE 42234] UL Throughput = 0.0 Mbps
61491 ms [UE 30040] UL Throughput = 0.06492 Mbps
61491 ms [UE 42234] UL Throughput = 0.0 Mbps
61610 ms [UE 30040] UL Throughput = 0.07413 Mbps
61610 ms [UE 42234] UL Throughput = 0.0 Mbps
61691 ms [UE 30040] UL Throughput = 0.07125 Mbps
61691 ms [UE 42234] UL Throughput = 0.0 Mbps
61797 ms [UE 30040] UL Throughput = 0.0 Mbps
61797 ms [UE 42234] UL Throughput = 0.0 Mbps
61798 ms [UE 30040] UL Throughput = 0.07751 Mbps
61798 ms [UE 42234] UL Throughput = 0.04162 Mbps
61927 ms [UE 42234] UL Throughput = 0.08078 Mbps
62034 ms [UE 42234] UL Throughput = 0.0 Mbps
62132 ms [UE 30040] UL Throughput = 0.0 Mbps
62132 ms [UE 42234] UL Throughput = 0.0 Mbps
62137 ms [UE 30040] UL Throughput = 0.05712 Mbps
62137 ms [UE 42234] UL Throughput = 0.0 Mbps
62141 ms [UE 42234] UL Throughput = 0.0778 Mbps
62245 ms [UE 30040] UL Throughput = 0.0 Mbps
62245 ms [UE 42234] UL Throughput = 0.0 Mbps
62312 ms [UE 30040] UL Throughput = 0.1143 Mbps
62312 ms [UE 42234] UL Throughput = 0.0 Mbps
62393 ms [UE 42234] UL Throughput = 0.07592 Mbps
62499 ms [UE 30040] UL Throughput = 0.09937 Mbps
62499 ms [UE 42234] UL Throughput = 0.05092 Mbps
62589 ms [UE 30040] UL Throughput = 0.0 Mbps
62589 ms [UE 42234] UL Throughput = 0.08941 Mbps
62686 ms [UE 30040] UL Throughput = 0.06575 Mbps
62686 ms [UE 42234] UL Throughput = 0.0 Mbps
62772 ms [UE 30040] UL Throughput = 0.0 Mbps
62772 ms [UE 42234] UL Throughput = 0.0 Mbps
62859 ms [UE 30040] UL Throughput = 0.06894 Mbps
62859 ms [UE 42234] UL Throughput = 0.0 Mbps
62934 ms [UE 30040] UL Throughput = 0.0 Mbps
62934 ms [UE 42234] UL Throughput = 0.02858 Mbps
63038 ms [UE 30040] UL Throughput = 0.0 Mbps
63118 ms [UE 30040] UL Throughput = 0.14719 Mbps
63118 ms [UE 42234] UL Throughput = 0.0 Mbps
63214 ms [UE 30040] UL Throughput = 0.0 Mbps
63214 ms [UE 42234] UL Throughput = 0.06716 Mbps
63297 ms [UE 30040] UL Throughput = 0.15037 Mbps
63297 ms [UE 42234] UL Throughput = 0.0 Mbps
63382 ms [UE 30040] UL Throughput = 0.04417 Mbps
63382 ms [UE 42234] UL Throughput = 0.0 Mbps
63456 ms [UE 30040] UL Throughput = 0.06724 Mbps
63456 ms [UE 42234] UL Throughput = 0.0 Mbps
63546 ms [UE 30040] UL Throughput = 0.02513 Mbps
63546 ms [UE 42234] UL Throughput = 0.08883 Mbps
63627 ms [UE 30040] UL Throughput = 0.02386 Mbps
63627 ms [UE 42234] UL Throughput = 0.08033 Mbps
63734 ms [UE 30040] UL Throughput = 0.12521 Mbps
63839 ms [UE 30040] UL Throughput = 0.0 Mbps
63839 ms [UE 42234] UL Throughput = 0.0 Mbps
63941 ms [UE 30040] UL Throughput = 0.0 Mbps
64044 ms [UE 30040] UL Throughput = 0.0 Mbps
64044 ms [UE 42234] UL Throughput = 0.06615 Mbps
64154 ms [UE 30040] UL Throughput = 0.0 Mbps
64154 ms [UE 42234] UL Throughput = 0.0 Mbps
64160 ms [UE 30040] UL Throughput = 0.0 Mbps
64160 ms [UE 42234] UL Throughput = 0.0 Mbps
64271 ms [UE 30040] UL Throughput = 0.0 Mbps
64271 ms [UE 42234] UL Throughput = 0.12341 Mbps
64372 ms [UE 30040] UL Throughput = 0.09386 Mbps
64372 ms [UE 42234] UL Throughput = 0.08255 Mbps
64378 ms [UE 30040] UL Throughput = 0.0 Mbps
64378 ms [UE 42234] UL Throughput = 0.0 Mbps
64447 ms [UE 30040] UL Throughput = 0.06867 Mbps
64447 ms [UE 42234] UL Throughput = 0.0 Mbps
64564 ms [UE 30040] UL Throughput = 0.09509 Mbps
64564 ms [UE 42234] UL Throughput = 0.04931 Mbps
64645 ms [UE 30040] UL Throughput = 0.0 Mbps
64645 ms [UE 42234] UL Throughput = 0.0 Mbps
64719 ms [UE 30040] UL Throughput = 0.03588 Mbps
64719 ms [UE 42234] UL Throughput = 0.05548 Mbps
64802 ms [UE 30040] UL Throughput = 0.05969 Mbps
64802 ms [UE 42234] UL Throughput = 0.0 Mbps
64804 ms [UE 30040] UL Throughput = 0.0 Mbps
64804 ms [UE 42234] UL Throughput = 0.0 Mbps
64900 ms [UE 30040] UL Throughput = 0.08976 Mbps
64900 ms [UE 42234] UL Throughput = 0.0 Mbps
64985 ms [UE 30040] UL Throughput = 0.0 Mbps
64985 ms [UE 42234] UL Throughput = 0.04815 Mbps
65103 ms [UE 42234] UL Throughput = 0.06412 Mbps
65208 ms [UE 30040] UL Throughput = 0.05985 Mbps
65208 ms [UE 42234] UL Throughput = 0.0 Mbps
65313 ms [UE 30040] UL Throughput = 0.0 Mbps
65313 ms [UE 42234] UL Throughput = 0.0171 Mbps
65315 ms [UE 30040] UL Throughput = 0.0 Mbps
65315 ms [UE 42234] UL Throughput = 0.0 Mbps
65316 ms [UE 30040] UL Throughput = 0.0664 Mbps
65405 ms [UE 30040] UL Throughput = 0.08392 Mbps
65405 ms [UE 42234] UL Throughput = 0.0 Mbps
65502 ms [UE 30040] UL Throughput = 0.08265 Mbps
65502 ms [UE 42234] UL Throughput = 0.0 Mbps
65612 ms [UE 30040] UL Throughput = 0.0 Mbps
65612 ms [UE 42234] UL Throughput = 0.0 Mbps
65723 ms [UE 30040] UL Throughput = 0.0 Mbps
65723 ms [UE 42234] UL Throughput = 0.14963 Mbps
65831 ms [UE 42234] UL Throughput = 0.08632 Mbps
65833 ms [UE 30040] UL Throughput = 0.08367 Mbps
65833 ms [UE 42234] UL Throughput = 0.0 Mbps
65911 ms [UE 30040] UL Throughput = 0.0 Mbps
65911 ms [UE 42234] UL Throughput = 0.0 Mbps
66032 ms [UE 30040] UL Throughput = 0.07451 Mbps
66032 ms [UE 42234] UL Throughput = 0.09436 Mbps
66115 ms [UE 30040] UL Throughput = 0.0 Mbps
66221 ms [UE 30040] UL Throughput = 0.0 Mbps
66319 ms [UE 30040] UL Throughput = 0.0 Mbps
66319 ms [UE 42234] UL Throughput = 0.07577 Mbps
66433 ms [UE 30040] UL Throughput = 0.0 Mbps
66433 ms [UE 42234] UL Throughput = 0.04825 Mbps
66546 ms [UE 30040] UL Throughput = 0.0 Mbps
66546 ms [UE 42234] UL Throughput = 0.0 Mbps
66659 ms [UE 30040] UL Throughput = 0.0 Mbps
66659 ms [UE 42234] UL Throughput = 0.06658 Mbps
66776 ms [UE 30040] UL Throughput = 0.03483 Mbps
66776 ms [UE 42234] UL Throughput = 0.0 Mbps
66861 ms [UE 30040] UL Throughput = 0.0 Mbps
66947 ms [UE 30040] UL Throughput = 0.0 Mbps
66947 ms [UE 42234] UL Throughput = 0.0 Mbps
67041 ms [UE 30040] UL Throughput = 0.0579 Mbps
67041 ms [UE 42234] UL Throughput = 0.0 Mbps
67144 ms [UE 30040] UL Throughput = 0.05923 Mbps
67144 ms [UE 42234] UL Throughput = 0.0 Mbps
67225 ms [UE 30040] UL Throughput = 0.02835 Mbps
67225 ms [UE 42234] UL Throughput = 0.06783 Mbps
67313 ms [UE 30040] UL Throughput = 0.0233 Mbps
67313 ms [UE 42234] UL Throughput = 0.0 Mbps
67315 ms [UE 42234] UL Throughput = 0.0 Mbps
67412 ms [UE 30040] UL Throughput = 0.08363 Mbps
67412 ms [UE 42234] UL Throughput = 0.07656 Mbps
67491 ms [UE 30040] UL Throughput = 0.0 Mbps
67621 ms [UE 30040] UL Throughput = 0.09084 Mbps
67621 ms [UE 42234] UL Throughput = 0.09854 Mbps
67706 ms [UE 42234] UL Throughput = 0.09298 Mbps
67787 ms [UE 30040] UL Throughput = 0.01921 Mbps
67787 ms [UE 42234] UL Throughput = 0.03284 Mbps
67791 ms [UE 30040] UL Throughput = 0.0 Mbps
67791 ms [UE 42234] UL Throughput = 0.06383 Mbps
67891 ms [UE 30040] UL Throughput = 0.0541 Mbps
67891 ms [UE 42234] UL Throughput = 0.0 Mbps
68006 ms [UE 30040] UL Throughput = 0.0 Mbps
68006 ms [UE 42234] UL Throughput = 0.0 Mbps
68105 ms [UE 30040] UL Throughput = 0.02673 Mbps
68105 ms [UE 42234] UL Throughput = 0.0329 Mbps
68204 ms [UE 30040] UL Throughput = 0.02293 Mbps
68204 ms [UE 42234] UL Throughput = 0.07473 Mbps
68293 ms [UE 30040] UL Throughput = 0.09114 Mbps
68293 ms [UE 42234] UL Throughput = 0.0 Mbps
68407 ms [UE 30040] UL Throughput = 0.0 Mbps
68407 ms [UE 42234] UL Throughput = 0.0 Mbps
68410 ms [UE 30040] UL Throughput = 0.07074 Mbps
68410 ms [UE 42234] UL Throughput = 0.0 Mbps
68528 ms [UE 42234] UL Throughput = 0.04068 Mbps
68621 ms [UE 30040] UL Throughput = 0.03678 Mbps
68621 ms [UE 42234] UL Throughput = 0.0 Mbps
68682 ms [UE 30040] UL Throughput = 0.06915 Mbps
68682 ms [UE 42234] UL Throughput = 0.09595 Mbps
68800 ms [UE 30040] UL Throughput = 0.0 Mbps
68800 ms [UE 42234] UL Throughput = 0.011 Mbps
68916 ms [UE 30040] UL Throughput = 0.0 Mbps
68916 ms [UE 42234] UL Throughput = 0.02639 Mbps
68919 ms [UE 30040] UL Throughput = 0.05296 Mbps
68919 ms [UE 42234] UL Throughput = 0.0 Mbps
69030 ms [UE 30040] UL Throughput = 0.09122 Mbps
69030 ms [UE 42234] UL Throughput = 0.02714 Mbps
69121 ms [UE 42234] UL Throughput = 0.07443 Mbps
69126 ms [UE 30040] UL Throughput = 0.0 Mbps
69126 ms [UE 42234] UL Throughput = 0.0 Mbps
69212 ms [UE 30040] UL Throughput = 0.0 Mbps
69212 ms [UE 42234] UL Throughput = 0.04875 Mbps
69298 ms [UE 30040] UL Throughput = 0.0 Mbps
69298 ms [UE 42234] UL Throughput = 0.09151 Mbps
69424 ms [UE 30040] UL Throughput = 0.0 Mbps
69424 ms [UE 42234] UL Throughput = 0.05846 Mbps
69426 ms [UE 30040] UL Throughput = 0.05475 Mbps
69506 ms [UE 30040] UL Throughput = 0.0 Mbps
69636 ms [UE 30040] UL Throughput = 0.07511 Mbps
69636 ms [UE 42234] UL Throughput = 0.05536 Mbps
69715 ms [UE 30040] UL Throughput = 0.0711 Mbps
69715 ms [UE 42234] UL Throughput = 0.0 Mbps
69716 ms [UE 30040] UL Throughput = 0.0 Mbps
69716 ms [UE 42234] UL Throughput = 0.0 Mbps
69800 ms [UE 30040] UL Throughput = 0.0 Mbps
69871 ms [UE 30040] UL Throughput = 0.06144 Mbps
69958 ms [UE 30040] UL Throughput = 0.06518 Mbps
69958 ms [UE 42234] UL Throughput = 0.0 Mbps
70064 ms [UE 30040] UL Throughput = 0.0 Mbps
70064 ms [UE 42234] UL Throughput = 0.0 Mbps
70140 ms [UE 30040] UL Throughput = 0.0 Mbps
70241 ms [UE 42234] UL Throughput = 0.06417 Mbps
70246 ms [UE 30040] UL Throughput = 0.0 Mbps
70246 ms [UE 42234] UL Throughput = 0.08794 Mbps
70340 ms [UE 30040] UL Throughput = 0.06386 Mbps
70340 ms [UE 42234] UL Throughput = 0.03315 Mbps
70450 ms [UE 30040] UL Throughput = 0.05507 Mbps
70450 ms [UE 42234] UL Throughput = 0.05764 Mbps
70531 ms [UE 30040] UL Throughput = 0.07727 Mbps
70531 ms [UE 42234] UL Throughput = 0.06233 Mbps
70646 ms [UE 30040] UL Throughput = 0.0 Mbps
70646 ms [UE 42234] UL Throughput = 0.08776 Mbps
70764 ms [UE 42234] UL Throughput = 0.04015 Mbps
70876 ms [UE 30040] UL Throughput = 0.0 Mbps
70986 ms [UE 30040] UL Throughput = 0.07963 Mbps
70986 ms [UE 42234] UL Throughput = 0.0 Mbps
71105 ms [UE 30040] UL Throughput = 0.0 Mbps
71105 ms [UE 42234] UL Throughput = 0.0 Mbps
71213 ms [UE 30040] UL Throughput = 0.0 Mbps
71213 ms [UE 42234] UL Throughput = 0.06638 Mbps
71288 ms [UE 30040] UL Throughput = 0.0 Mbps
71288 ms [UE 42234] UL Throughput = 0.0 Mbps
71404 ms [UE 42234] UL Throughput = 0.02742 Mbps
71501 ms [UE 30040] UL Throughput = 0.02635 Mbps
71501 ms [UE 42234] UL Throughput = 0.06751 Mbps
71504 ms [UE 30040] UL Throughput = 0.01316 Mbps
71612 ms [UE 30040] UL Throughput = 0.0 Mbps
71612 ms [UE 42234] UL Throughput = 0.06384 Mbps
71721 ms [UE 30040] UL Throughput = 0.05074 Mbps
71721 ms [UE 42234] UL Throughput = 0.0 Mbps
71830 ms [UE 42234] UL Throughput = 0.07424 Mbps
71907 ms [UE 30040] UL Throughput = 0.0 Mbps
71912 ms [UE 30040] UL Throughput = 0.07992 Mbps
71912 ms [UE 42234] UL Throughput = 0.0 Mbps
72014 ms [UE 30040] UL Throughput = 0.0 Mbps
72014 ms [UE 42234] UL Throughput = 0.07477 Mbps
72016 ms [UE 30040] UL Throughput = 0.0 Mbps
72016 ms [UE 42234] UL Throughput = 0.03865 Mbps
72127 ms [UE 30040] UL Throughput = 0.0 Mbps
72132 ms [UE 30040] UL Throughput = 0.0 Mbps
72132 ms [UE 42234] UL Throughput = 0.15505 Mbps
72233 ms [UE 30040] UL Throughput = 0.0 Mbps
72233 ms [UE 42234] UL Throughput = 0.0 Mbps
72302 ms [UE 30040] UL Throughput = 0.0 Mbps
72302 ms [UE 42234] UL Throughput = 0.0 Mbps
72408 ms [UE 30040] UL Throughput = 0.0 Mbps
72408 ms [UE 42234] UL Throughput = 0.0 Mbps
72478 ms [UE 30040] UL Throughput = 0.05432 Mbps
72478 ms [UE 42234] UL Throughput = 0.02881 Mbps
72562 ms [UE 30040] UL Throughput = 0.04948 Mbps
72562 ms [UE 42234] UL Throughput = 0.0979 Mbps
72664 ms [UE 42234] UL Throughput = 0.07962 Mbps
72761 ms [UE 30040] UL Throughput = 0.09746 Mbps
72761 ms [UE 42234] UL Throughput = 0.0 Mbps
72850 ms [UE 30040] UL Throughput = 0.0 Mbps
72850 ms [UE 42234] UL Throughput = 0.05926 Mbps
72976 ms [UE 30040] UL Throughput = 0.02722 Mbps
72976 ms [UE 42234] UL Throughput = 0.0 Mbps
73045 ms [UE 30040] UL Throughput = 0.0343 Mbps
73045 ms [UE 42234] UL Throughput = 0.0 Mbps
73146 ms [UE 30040] UL Throughput = 0.0 Mbps
73146 ms [UE 42234] UL Throughput = 0.0 Mbps
73239 ms [UE 30040] UL Throughput = 0.01246 Mbps
73239 ms [UE 42234] UL Throughput = 0.0 Mbps
73324 ms [UE 30040] UL Throughput = 0.08013 Mbps
73324 ms [UE 42234] UL Throughput = 0.0 Mbps
73432 ms [UE 30040] UL Throughput = 0.0 Mbps
73432 ms [UE 42234] UL Throughput = 0.01436 Mbps
73504 ms [UE 30040] UL Throughput = 0.0 Mbps
73504 ms [UE 42234] UL Throughput = 0.0 Mbps
73609 ms [UE 30040] UL Throughput = 0.0 Mbps
73609 ms [UE 42234] UL Throughput = 0.04631 Mbps
73723 ms [UE 30040] UL Throughput = 0.10354 Mbps
73723 ms [UE 42234] UL Throughput = 0.0 Mbps
73724 ms [UE 30040] UL Throughput = 0.0581 Mbps
73724 ms [UE 42234] UL Throughput = 0.01857 Mbps
73823 ms [UE 30040] UL Throughput = 0.0 Mbps
73906 ms [UE 42234] UL Throughput = 0.0 Mbps
74040 ms [UE 30040] UL Throughput = 0.0804 Mbps
74040 ms [UE 42234] UL Throughput = 0.0 Mbps
74041 ms [UE 30040] UL Throughput = 0.0632 Mbps
74041 ms [UE 42234] UL Throughput = 0.0 Mbps
74124 ms [UE 30040] UL Throughput = 0.07419 Mbps
74228 ms [UE 30040] UL Throughput = 0.0 Mbps
74228 ms [UE 42234] UL Throughput = 0.03019 Mbps
74324 ms [UE 30040] UL Throughput = 0.0 Mbps
74324 ms [UE 42234] UL Throughput = 0.0 Mbps
74416 ms [UE 30040] UL Throughput = 0.0153 Mbps
74416 ms [UE 42234] UL Throughput = 0.0 Mbps
74529 ms [UE 30040] UL Throughput = 0.0 Mbps
74529 ms [UE 42234] UL Throughput = 0.0 Mbps
74617 ms [UE 30040] UL Throughput = 0.01407 Mbps
74617 ms [UE 42234] UL Throughput = 0.0 Mbps
74716 ms [UE 30040] UL Throughput = 0.0 Mbps
74716 ms [UE 42234] UL Throughput = 0.06334 Mbps
74718 ms [UE 30040] UL Throughput = 0.0 Mbps
74718 ms [UE 42234] UL Throughput = 0.09019 Mbps
74834 ms [UE 30040] UL Throughput = 0.0 Mbps
74834 ms [UE 42234] UL Throughput = 0.06356 Mbps
74925 ms [UE 30040] UL Throughput = 0.13039 Mbps
74925 ms [UE 42234] UL Throughput = 0.0 Mbps
75030 ms [UE 30040] UL Throughput = 0.06297 Mbps
75030 ms [UE 42234] UL Throughput = 0.03413 Mbps
75130 ms [UE 30040] UL Throughput = 0.0 Mbps
75130 ms [UE 42234] UL Throughput = 0.0 Mbps
75224 ms [UE 30040] UL Throughput = 0.0 Mbps
75224 ms [UE 42234] UL Throughput = 0.08598 Mbps
75338 ms [UE 30040] UL Throughput = 0.09515 Mbps
75338 ms [UE 42234] UL Throughput = 0.08735 Mbps
75445 ms [UE 30040] UL Throughput = 0.0481 Mbps
75445 ms [UE 42234] UL Throughput = 0.02802 Mbps
75447 ms [UE 30040] UL Throughput = 0.05559 Mbps
75447 ms [UE 42234] UL Throughput = 0.0 Mbps
75544 ms [UE 30040] UL Throughput = 0.0513 Mbps
75644 ms [UE 42234] UL Throughput = 0.0 Mbps
75769 ms [UE 30040] UL Throughput = 0.02492 Mbps
75769 ms [UE 42234] UL Throughput = 0.0 Mbps
75844 ms [UE 30040] UL Throughput = 0.12295 Mbps
75844 ms [UE 42234] UL Throughput = 0.06523 Mbps
75925 ms [UE 30040] UL Throughput = 0.05179 Mbps
76033 ms [UE 30040] UL Throughput = 0.08127 Mbps
76033 ms [UE 42234] UL Throughput = 0.0 Mbps
76141 ms [UE 30040] UL Throughput = 0.03773 Mbps
76141 ms [UE 42234] UL Throughput = 0.07101 Mbps
76237 ms [UE 30040] UL Throughput = 0.0395 Mbps
76237 ms [UE 42234] UL Throughput = 0.0 Mbps
76241 ms [UE 30040] UL Throughput = 0.0 Mbps
76241 ms [UE 42234] UL Throughput = 0.07438 Mbps
76243 ms [UE 30040] UL Throughput = 0.09058 Mbps
76243 ms [UE 42234] UL Throughput = 0.07005 Mbps
76329 ms [UE 30040] UL Throughput = 0.01522 Mbps
76417 ms [UE 30040] UL Throughput = 0.0 Mbps
76417 ms [UE 42234] UL Throughput = 0.0 Mbps
76482 ms [UE 30040] UL Throughput = 0.0 Mbps
76482 ms [UE 42234] UL Throughput = 0.09233 Mbps
76625 ms [UE 30040] UL Throughput = 0.0 Mbps
76625 ms [UE 42234] UL Throughput = 0.07791 Mbps
76721 ms [UE 30040] UL Throughput = 0.0379 Mbps
76721 ms [UE 42234] UL Throughput = 0.0 Mbps
76844 ms [UE 30040] UL Throughput = 0.14164 Mbps
76844 ms [UE 42234] UL Throughput = 0.0 Mbps
76972 ms [UE 30040] UL Throughput = 0.09854 Mbps
77089 ms [UE 30040] UL Throughput = 0.0 Mbps
77089 ms [UE 42234] UL Throughput = 0.0 Mbps
77193 ms [UE 30040] UL Throughput = 0.0 Mbps
77193 ms [UE 42234] UL Throughput = 0.0 Mbps
77299 ms [UE 30040] UL Throughput = 0.0211 Mbps
77299 ms [UE 42234] UL Throughput = 0.09876 Mbps
77305 ms [UE 30040] UL Throughput = 0.03516 Mbps
77305 ms [UE 42234] UL Throughput = 0.0 Mbps
77311 ms [UE 30040] UL Throughput = 0.0 Mbps
77311 ms [UE 42234] UL Throughput = 0.03988 Mbps
77402 ms [UE 30040] UL Throughput = 0.03175 Mbps
77402 ms [UE 42234] UL Throughput = 0.03178 Mbps
77513 ms [UE 30040] UL Throughput = 0.09912 Mbps
77513 ms [UE 42234] UL Throughput = 0.01413 Mbps
77608 ms [UE 30040] UL Throughput = 0.13182 Mbps
77608 ms [UE 42234] UL Throughput = 0.0 Mbps
77705 ms [UE 30040] UL Throughput = 0.0 Mbps
77705 ms [UE 42234] UL Throughput = 0.0 Mbps
77808 ms [UE 30040] UL Throughput = 0.0 Mbps
77808 ms [UE 42234] UL Throughput = 0.02273 Mbps
77923 ms [UE 30040] UL Throughput = 0.07633 Mbps
77923 ms [UE 42234] UL Throughput = 0.0 Mbps
78040 ms [UE 30040] UL Throughput = 0.0 Mbps
78040 ms [UE 42234] UL Throughput = 0.07624 Mbps
78137 ms [UE 30040] UL Throughput = 0.0 Mbps
78137 ms [UE 42234] UL Throughput = 0.0997 Mbps
78243 ms [UE 30040] UL Throughput = 0.04656 Mbps
78243 ms [UE 42234] UL Throughput = 0.05019 Mbps
78345 ms [UE 30040] UL Throughput = 0.06572 Mbps
78345 ms [UE 42234] UL Throughput = 0.02982 Mbps
78433 ms [UE 30040] UL Throughput = 0.03301 Mbps
78493 ms [UE 30040] UL Throughput = 0.08803 Mbps
78493 ms [UE 42234] UL Throughput = 0.0 Mbps
78497 ms [UE 30040] UL Throughput = 0.0 Mbps
78497 ms [UE 42234] UL Throughput = 0.0 Mbps
78606 ms [UE 30040] UL Throughput = 0.0 Mbps
78606 ms [UE 42234] UL Throughput = 0.0 Mbps
78686 ms [UE 30040] UL Throughput = 0.0574 Mbps
78686 ms [UE 42234] UL Throughput = 0.0 Mbps
78771 ms [UE 30040] UL Throughput = 0.0 Mbps
78771 ms [UE 42234] UL Throughput = 0.0 Mbps
78848 ms [UE 30040] UL Throughput = 0.0 Mbps
78848 ms [UE 42234] UL Throughput = 0.04985 Mbps
78930 ms [UE 30040] UL Throughput = 0.06053 Mbps
78930 ms [UE 42234] UL Throughput = 0.01746 Mbps
79010 ms [UE 30040] UL Throughput = 0.01879 Mbps
79010 ms [UE 42234] UL Throughput = 0.07201 Mbps
79083 ms [UE 42234] UL Throughput = 0.0 Mbps
79084 ms [UE 30040] UL Throughput = 0.03331 Mbps
79084 ms [UE 42234] UL Throughput = 0.0 Mbps
79184 ms [UE 42234] UL Throughput = 0.10981 Mbps
79278 ms [UE 30040] UL Throughput = 0.05174 Mbps
79278 ms [UE 42234] UL Throughput = 0.08988 Mbps
79354 ms [UE 30040] UL Throughput = 0.0249 Mbps
79354 ms [UE 42234] UL Throughput = 0.0784 Mbps
79459 ms [UE 30040] UL Throughput = 0.0 Mbps
79459 ms [UE 42234] UL Throughput = 0.06642 Mbps
79540 ms [UE 30040] UL Throughput = 0.0235 Mbps
79540 ms [UE 42234] UL Throughput = 0.02176 Mbps
79639 ms [UE 30040] UL Throughput = 0.0 Mbps
79639 ms [UE 42234] UL Throughput = 0.0 Mbps
79753 ms [UE 30040] UL Throughput = 0.0 Mbps
79753 ms [UE 42234] UL Throughput = 0.08006 Mbps
79841 ms [UE 30040] UL Throughput = 0.09422 Mbps
79841 ms [UE 42234] UL Throughput = 0.0 Mbps
79928 ms [UE 30040] UL Throughput = 0.03098 Mbps
80021 ms [UE 42234] UL Throughput = 0.04374 Mbps
80132 ms [UE 30040] UL Throughput = 0.07764 Mbps
80132 ms [UE 42234] UL Throughput = 0.07942 Mbps
80229 ms [UE 30040] UL Throughput = 0.0 Mbps
80229 ms [UE 42234] UL Throughput = 0.0 Mbps
80309 ms [UE 30040] UL Throughput = 0.0 Mbps
80309 ms [UE 42234] UL Throughput = 0.0208 Mbps
80383 ms [UE 30040] UL Throughput = 0.0774 Mbps
80383 ms [UE 42234] UL Throughput = 0.0 Mbps
80487 ms [UE 30040] UL Throughput = 0.05146 Mbps
80487 ms [UE 42234] UL Throughput = 0.0 Mbps
80598 ms [UE 42234] UL Throughput = 0.0 Mbps
80701 ms [UE 30040] UL Throughput = 0.04712 Mbps
80701 ms [UE 42234] UL Throughput = 0.0 Mbps
80821 ms [UE 30040] UL Throughput = 0.0 Mbps
80821 ms [UE 42234] UL Throughput = 0.0 Mbps
80916 ms [UE 30040] UL Throughput = 0.0 Mbps
80916 ms [UE 42234] UL Throughput = 0.0 Mbps
80921 ms [UE 30040] UL Throughput = 0.0363 Mbps
80921 ms [UE 42234] UL Throughput = 0.09437 Mbps
81014 ms [UE 30040] UL Throughput = 0.07795 Mbps
81014 ms [UE 42234] UL Throughput = 0.0 Mbps
81126 ms [UE 42234] UL Throughput = 0.0 Mbps
81194 ms [UE 30040] UL Throughput = 0.02145 Mbps
81194 ms [UE 42234] UL Throughput = 0.08155 Mbps
81272 ms [UE 30040] UL Throughput = 0.0 Mbps
81272 ms [UE 42234] UL Throughput = 0.01028 Mbps
81273 ms [UE 30040] UL Throughput = 0.08013 Mbps
81393 ms [UE 30040] UL Throughput = 0.0 Mbps
81393 ms [UE 42234] UL Throughput = 0.09296 Mbps
81490 ms [UE 30040] UL Throughput = 0.0 Mbps
81590 ms [UE 30040] UL Throughput = 0.02365 Mbps
81590 ms [UE 42234] UL Throughput = 0.08865 Mbps
81591 ms [UE 30040] UL Throughput = 0.0 Mbps
81591 ms [UE 42234] UL Throughput = 0.02418 Mbps
81594 ms [UE 30040] UL Throughput = 0.0 Mbps
81594 ms [UE 42234] UL Throughput = 0.0 Mbps
81706 ms [UE 30040] UL Throughput = 0.08422 Mbps
81706 ms [UE 42234] UL Throughput = 0.0 Mbps
81711 ms [UE 30040] UL Throughput = 0.06645 Mbps
81711 ms [UE 42234] UL Throughput = 0.0104 Mbps
81716 ms [UE 42234] UL Throughput = 0.0 Mbps
81834 ms [UE 30040] UL Throughput = 0.0757 Mbps
81928 ms [UE 30040] UL Throughput = 0.08416 Mbps
81928 ms [UE 42234] UL Throughput = 0.05956 Mbps
82016 ms [UE 30040] UL Throughput = 0.09748 Mbps
82016 ms [UE 42234] UL Throughput = 0.08208 Mbps
82117 ms [UE 30040] UL Throughput = 0.0 Mbps
82117 ms [UE 42234] UL Throughput = 0.0 Mbps
82122 ms [UE 30040] UL Throughput = 0.05739 Mbps
82217 ms [UE 30040] UL Throughput = 0.0 Mbps
82217 ms [UE 42234] UL Throughput = 0.08019 Mbps
82221 ms [UE 30040] UL Throughput = 0.0 Mbps
82221 ms [UE 42234] UL Throughput = 0.0 Mbps
82323 ms [UE 30040] UL Throughput = 0.0 Mbps
82442 ms [UE 30040] UL Throughput = 0.0 Mbps
82442 ms [UE 42234] UL Throughput = 0.0 Mbps
82551 ms [UE 30040] UL Throughput = 0.0 Mbps
82551 ms [UE 42234] UL Throughput = 0.0 Mbps
82555 ms [UE 30040] UL Throughput = 0.06939 Mbps
82555 ms [UE 42234] UL Throughput = 0.0 Mbps
82655 ms [UE 30040] UL Throughput = 0.0 Mbps
82655 ms [UE 42234] UL Throughput = 0.0 Mbps
82743 ms [UE 30040] UL Throughput = 0.06931 Mbps
82743 ms [UE 42234] UL Throughput = 0.0 Mbps
82848 ms [UE 42234] UL Throughput = 0.0 Mbps
82921 ms [UE 30040] UL Throughput = 0.0 Mbps
82921 ms [UE 42234] UL Throughput = 0.0 Mbps
83007 ms [UE 30040] UL Throughput = 0.0 Mbps
83096 ms [UE 42234] UL Throughput = 0.07939 Mbps
83102 ms [UE 30040] UL Throughput = 0.0 Mbps
83102 ms [UE 42234] UL Throughput = 0.07132 Mbps
83215 ms [UE 30040] UL Throughput = 0.07823 Mbps
83215 ms [UE 42234] UL Throughput = 0.04743 Mbps
83315 ms [UE 30040] UL Throughput = 0.06679 Mbps
83315 ms [UE 42234] UL Throughput = 0.01936 Mbps
83396 ms [UE 30040] UL Throughput = 0.0514 Mbps
83526 ms [UE 30040] UL Throughput = 0.0 Mbps
83526 ms [UE 42234] UL Throughput = 0.09362 Mbps
83627 ms [UE 42234] UL Throughput = 0.0 Mbps
83708 ms [UE 30040] UL Throughput = 0.0 Mbps
83708 ms [UE 42234] UL Throughput = 0.0161 Mbps
83797 ms [UE 30040] UL Throughput = 0.0 Mbps
83797 ms [UE 42234] UL Throughput = 0.0 Mbps
83882 ms [UE 30040] UL Throughput = 0.0 Mbps
83882 ms [UE 42234] UL Throughput = 0.0 Mbps
83965 ms [UE 30040] UL Throughput = 0.07073 Mbps
83965 ms [UE 42234] UL Throughput = 0.06099 Mbps
84054 ms [UE 30040] UL Throughput = 0.03581 Mbps
84054 ms [UE 42234] UL Throughput = 0.0 Mbps
84138 ms [UE 30040] UL Throughput = 0.0907 Mbps
84138 ms [UE 42234] UL Throughput = 0.0 Mbps
84139 ms [UE 30040] UL Throughput = 0.04739 Mbps
84139 ms [UE 42234] UL Throughput = 0.0 Mbps
84248 ms [UE 30040] UL Throughput = 0.0 Mbps
84248 ms [UE 42234] UL Throughput = 0.0 Mbps
84366 ms [UE 30040] UL Throughput = 0.0 Mbps
84366 ms [UE 42234] UL Throughput = 0.07223 Mbps
84370 ms [UE 30040] UL Throughput = 0.01134 Mbps
84370 ms [UE 42234] UL Throughput = 0.0 Mbps
84451 ms [UE 42234] UL Throughput = 0.07955 Mbps
84569 ms [UE 30040] UL Throughput = 0.0 Mbps
84569 ms [UE 42234] UL Throughput = 0.02795 Mbps
84570 ms [UE 30040] UL Throughput = 0.0 Mbps
84570 ms [UE 42234] UL Throughput = 0.0 Mbps
84671 ms [UE 30040] UL Throughput = 0.0 Mbps
84671 ms [UE 42234] UL Throughput = 0.1284 Mbps
84763 ms [UE 30040] UL Throughput = 0.0518 Mbps
84763 ms [UE 42234] UL Throughput = 0.03829 Mbps
84852 ms [UE 30040] UL Throughput = 0.0 Mbps
84852 ms [UE 42234] UL Throughput = 0.03721 Mbps
84980 ms [UE 30040] UL Throughput = 0.09001 Mbps
84980 ms [UE 42234] UL Throughput = 0.0 Mbps
85065 ms [UE 30040] UL Throughput = 0.0 Mbps
85065 ms [UE 42234] UL Throughput = 0.01977 Mbps
85158 ms [UE 30040] UL Throughput = 0.0716 Mbps
85266 ms [UE 30040] UL Throughput = 0.11116 Mbps
85266 ms [UE 42234] UL Throughput = 0.0 Mbps
85270 ms [UE 30040] UL Throughput = 0.0 Mbps
85270 ms [UE 42234] UL Throughput = 0.05648 Mbps
85383 ms [UE 30040] UL Throughput = 0.04471 Mbps
85383 ms [UE 42234] UL Throughput = 0.12093 Mbps
85493 ms [UE 30040] UL Throughput = 0.13118 Mbps
85493 ms [UE 42234] UL Throughput = 0.0 Mbps
85580 ms [UE 42234] UL Throughput = 0.0996 Mbps
85666 ms [UE 30040] UL Throughput = 0.0 Mbps
85666 ms [UE 42234] UL Throughput = 0.02392 Mbps
85667 ms [UE 30040] UL Throughput = 0.0 Mbps
85669 ms [UE 30040] UL Throughput = 0.0 Mbps
85669 ms [UE 42234] UL Throughput = 0.07877 Mbps
85769 ms [UE 30040] UL Throughput = 0.01764 Mbps
85769 ms [UE 42234] UL Throughput = 0.02531 Mbps
85901 ms [UE 30040] UL Throughput = 0.04172 Mbps
85901 ms [UE 42234] UL Throughput = 0.06994 Mbps
86001 ms [UE 30040] UL Throughput = 0.0478 Mbps
86001 ms [UE 42234] UL Throughput = 0.0 Mbps
86096 ms [UE 30040] UL Throughput = 0.0 Mbps
86096 ms [UE 42234] UL Throughput = 0.06774 Mbps
86100 ms [UE 30040] UL Throughput = 0.02872 Mbps
86100 ms [UE 42234] UL Throughput = 0.06602 Mbps
86173 ms [UE 30040] UL Throughput = 0.0 Mbps
86173 ms [UE 42234] UL Throughput = 0.0 Mbps
86278 ms [UE 42234] UL Throughput = 0.12148 Mbps
86386 ms [UE 30040] UL Throughput = 0.0921 Mbps
86386 ms [UE 42234] UL Throughput = 0.0 Mbps
86485 ms [UE 30040] UL Throughput = 0.06428 Mbps
86563 ms [UE 30040] UL Throughput = 0.03268 Mbps
86563 ms [UE 42234] UL Throughput = 0.0 Mbps
86699 ms [UE 30040] UL Throughput = 0.02881 Mbps
86699 ms [UE 42234] UL Throughput = 0.08865 Mbps
86821 ms [UE 30040] UL Throughput = 0.0258 Mbps
86821 ms [UE 42234] UL Throughput = 0.07525 Mbps
86907 ms [UE 30040] UL Throughput = 0.06898 Mbps
86907 ms [UE 42234] UL Throughput = 0.04962 Mbps
86993 ms [UE 30040] UL Throughput = 0.0 Mbps
86993 ms [UE 42234] UL Throughput = 0.0 Mbps
87100 ms [UE 30040] UL Throughput = 0.0 Mbps
87100 ms [UE 42234] UL Throughput = 0.05788 Mbps
87208 ms [UE 30040] UL Throughput = 0.0664 Mbps
87288 ms [UE 30040] UL Throughput = 0.09274 Mbps
87288 ms [UE 42234] UL Throughput = 0.0 Mbps
87387 ms [UE 30040] UL Throughput = 0.0 Mbps
87387 ms [UE 42234] UL Throughput = 0.0 Mbps
87393 ms [UE 30040] UL Throughput = 0.01733 Mbps
87393 ms [UE 42234] UL Throughput = 0.0 Mbps
87489 ms [UE 30040] UL Throughput = 0.0721 Mbps
87489 ms [UE 42234] UL Throughput = 0.0 Mbps
87609 ms [UE 30040] UL Throughput = 0.08742 Mbps
87610 ms [UE 30040] UL Throughput = 0.0 Mbps
87610 ms [UE 42234] UL Throughput = 0.08685 Mbps
87715 ms [UE 30040] UL Throughput = 0.0 Mbps
87715 ms [UE 42234] UL Throughput = 0.07454 Mbps
87817 ms [UE 30040] UL Throughput = 0.04467 Mbps
87817 ms [UE 42234] UL Throughput = 0.04788 Mbps
87923 ms [UE 30040] UL Throughput = 0.0 Mbps
87923 ms [UE 42234] UL Throughput = 0.06036 Mbps
88035 ms [UE 30040] UL Throughput = 0.0 Mbps
88035 ms [UE 42234] UL Throughput = 0.04045 Mbps
88115 ms [UE 30040] UL Throughput = 0.0 Mbps
88115 ms [UE 42234] UL Throughput = 0.0 Mbps
88208 ms [UE 30040] UL Throughput = 0.0 Mbps
88208 ms [UE 42234] UL Throughput = 0.02098 Mbps
88211 ms [UE 30040] UL Throughput = 0.05963 Mbps
88211 ms [UE 42234] UL Throughput = 0.01006 Mbps
88279 ms [UE 30040] UL Throughput = 0.07709 Mbps
88279 ms [UE 42234] UL Throughput = 0.04263 Mbps
88359 ms [UE 30040] UL Throughput = 0.0 Mbps
88359 ms [UE 42234] UL Throughput = 0.05592 Mbps
88439 ms [UE 30040] UL Throughput = 0.0 Mbps
88439 ms [UE 42234] UL Throughput = 0.01702 Mbps
88531 ms [UE 42234] UL Throughput = 0.081 Mbps
88636 ms [UE 30040] UL Throughput = 0.0613 Mbps
88636 ms [UE 42234] UL Throughput = 0.08132 Mbps
88641 ms [UE 30040] UL Throughput = 0.0 Mbps
88641 ms [UE 42234] UL Throughput = 0.04766 Mbps
88647 ms [UE 42234] UL Throughput = 0.0 Mbps
88745 ms [UE 42234] UL Throughput = 0.0 Mbps
88750 ms [UE 30040] UL Throughput = 0.0 Mbps
88750 ms [UE 42234] UL Throughput = 0.0 Mbps
88875 ms [UE 30040] UL Throughput = 0.0 Mbps
88875 ms [UE 42234] UL Throughput = 0.02917 Mbps
88973 ms [UE 30040] UL Throughput = 0.0 Mbps
88973 ms [UE 42234] UL Throughput = 0.08317 Mbps
89063 ms [UE 30040] UL Throughput = 0.08191 Mbps
89063 ms [UE 42234] UL Throughput = 0.0 Mbps
89171 ms [UE 30040] UL Throughput = 0.0 Mbps
89304 ms [UE 30040] UL Throughput = 0.0 Mbps
89304 ms [UE 42234] UL Throughput = 0.0 Mbps
89390 ms [UE 30040] UL Throughput = 0.0 Mbps
89390 ms [UE 42234] UL Throughput = 0.09153 Mbps
89493 ms [UE 30040] UL Throughput = 0.09597 Mbps
89493 ms [UE 42234] UL Throughput = 0.0614 Mbps
89580 ms [UE 30040] UL Throughput = 0.0 Mbps
89706 ms [UE 30040] UL Throughput = 0.0 Mbps
89706 ms [UE 42234] UL Throughput = 0.01731 Mbps
89774 ms [UE 42234] UL Throughput = 0.0 Mbps
89779 ms [UE 42234] UL Throughput = 0.0741 Mbps
89882 ms [UE 30040] UL Throughput = 0.05457 Mbps
89882 ms [UE 42234] UL Throughput = 0.0 Mbps
