[UTIL]: Setting the config -c file to /usr/local/etc/flexric/flexric.conf
[UTIL]: Setting path -p for the shared libraries to /usr/local/lib/flexric/
[xAapp]: Initializing ... 
[xApp]: nearRT-RIC IP Address = 192.168.70.150, PORT = 36422
[E2 AGENT]: Opening plugin from path = /usr/local/lib/flexric/libkpm_sm.so 
[E2 AGENT]: Opening plugin from path = /usr/local/lib/flexric/libmac_sm.so 
[E2 AGENT]: Opening plugin from path = /usr/local/lib/flexric/libpdcp_sm.so 
[E2 AGENT]: Opening plugin from path = /usr/local/lib/flexric/libgtp_sm.so 
[E2 AGENT]: Opening plugin from path = /usr/local/lib/flexric/librc_sm.so 
[E2 AGENT]: Opening plugin from path = /usr/local/lib/flexric/libtc_sm.so 
[E2 AGENT]: Opening plugin from path = /usr/local/lib/flexric/librlc_sm.so 
[E2 AGENT]: Opening plugin from path = /usr/local/lib/flexric/libslice_sm.so 
[NEAR-RIC]: Loading SM ID = 2 with def = ORAN-E2SM-KPM 
[NEAR-RIC]: Loading SM ID = 142 with def = MAC_STATS_V0 
[NEAR-RIC]: Loading SM ID = 144 with def = PDCP_STATS_V0 
[NEAR-RIC]: Loading SM ID = 148 with def = GTP_STATS_V0 
[NEAR-RIC]: Loading SM ID = 3 with def = ORAN-E2SM-RC 
[NEAR-RIC]: Loading SM ID = 146 with def = TC_STATS_V0 
[NEAR-RIC]: Loading SM ID = 143 with def = RLC_STATS_V0 
[NEAR-RIC]: Loading SM ID = 145 with def = SLICE_STATS_V0 
[xApp]: DB filename = /tmp/flexric/xapp_db 
 [xApp]: E42 SETUP-REQUEST tx
[xApp]: E42 SETUP-RESPONSE rx 
[xApp]: xApp ID = 4
[xApp]: Registered E2 Nodes = 4 
Connected E2 nodes = 4
[xAPP] Registered node 0 ran func id = 2
[xAPP] Registered node 0 ran func id = 3
[xAPP] Registered node 0 ran func id = 142
[xAPP] Registered node 0 ran func id = 143
[xAPP] Registered node 0 ran func id = 144
[xAPP] Registered node 0 ran func id = 145
[xAPP] Registered node 0 ran func id = 146
[xAPP] Registered node 0 ran func id = 148
[xApp]: E42 RIC SUBSCRIPTION REQUEST tx RAN_FUNC_ID 144 RIC_REQ_ID 1 
[xApp]: SUBSCRIPTION RESPONSE rx
[xApp]: Successfully subscribed to RAN_FUNC_ID 144 
[xAPP] Registered node 1 ran func id = 2
[xAPP] Registered node 1 ran func id = 3
[xAPP] Registered node 1 ran func id = 142
[xAPP] Registered node 1 ran func id = 143
[xAPP] Registered node 1 ran func id = 144
[xAPP] Registered node 1 ran func id = 145
[xAPP] Registered node 1 ran func id = 146
[xAPP] Registered node 1 ran func id = 148
[xAPP] Registered node 2 ran func id = 2
[xAPP] Registered node 2 ran func id = 3
[xAPP] Registered node 2 ran func id = 142
[xAPP] Registered node 2 ran func id = 143
[xAPP] Registered node 2 ran func id = 144
[xAPP] Registered node 2 ran func id = 145
[xAPP] Registered node 2 ran func id = 146
[xAPP] Registered node 2 ran func id = 148
[xApp]: E42 RIC SUBSCRIPTION REQUEST tx RAN_FUNC_ID 142 RIC_REQ_ID 2 
7 ms | now=1755815452085481 us | PDCP ind_msg latency=71856988 us
[xApp]: SUBSCRIPTION RESPONSE rx
[xApp]: Successfully subscribed to RAN_FUNC_ID 142 
[xAPP] Registered node 3 ran func id = 2
[xAPP] Registered node 3 ran func id = 3
[xAPP] Registered node 3 ran func id = 142
[xAPP] Registered node 3 ran func id = 143
[xAPP] Registered node 3 ran func id = 144
[xAPP] Registered node 3 ran func id = 145
[xAPP] Registered node 3 ran func id = 146
[xAPP] Registered node 3 ran func id = 148
[xApp]: E42 RIC SUBSCRIPTION REQUEST tx RAN_FUNC_ID 142 RIC_REQ_ID 3 
[xApp]: SUBSCRIPTION RESPONSE rx
[xApp]: Successfully subscribed to RAN_FUNC_ID 142 
235 ms [UE 30040] UL Throughput = 0.0 Mbps
235 ms [UE 42234] UL Throughput = 0.0 Mbps
350 ms [UE 30040] UL Throughput = 0.0 Mbps
350 ms [UE 42234] UL Throughput = 0.0 Mbps
446 ms [UE 30040] UL Throughput = 0.0 Mbps
446 ms [UE 42234] UL Throughput = 0.0 Mbps
529 ms [UE 30040] UL Throughput = 0.09859 Mbps
633 ms [UE 30040] UL Throughput = 0.0 Mbps
633 ms [UE 42234] UL Throughput = 0.0 Mbps
735 ms [UE 42234] UL Throughput = 0.0 Mbps
740 ms [UE 30040] UL Throughput = 0.06224 Mbps
835 ms [UE 30040] UL Throughput = 0.0 Mbps
835 ms [UE 42234] UL Throughput = 0.0 Mbps
954 ms [UE 30040] UL Throughput = 0.08803 Mbps
954 ms [UE 42234] UL Throughput = 0.0 Mbps
1052 ms [UE 30040] UL Throughput = 0.0 Mbps
1151 ms [UE 30040] UL Throughput = 0.08447 Mbps
1151 ms [UE 42234] UL Throughput = 0.0 Mbps
1265 ms [UE 30040] UL Throughput = 0.0 Mbps
1265 ms [UE 42234] UL Throughput = 0.0 Mbps
1388 ms [UE 30040] UL Throughput = 0.09912 Mbps
1388 ms [UE 42234] UL Throughput = 0.0 Mbps
1465 ms [UE 30040] UL Throughput = 0.0 Mbps
1465 ms [UE 42234] UL Throughput = 0.1181 Mbps
1562 ms [UE 30040] UL Throughput = 0.0 Mbps
1562 ms [UE 42234] UL Throughput = 0.01169 Mbps
1564 ms [UE 30040] UL Throughput = 0.0 Mbps
1564 ms [UE 42234] UL Throughput = 0.0 Mbps
1676 ms [UE 30040] UL Throughput = 0.0 Mbps
1755 ms [UE 42234] UL Throughput = 0.076 Mbps
1757 ms [UE 30040] UL Throughput = 0.0 Mbps
1757 ms [UE 42234] UL Throughput = 0.08189 Mbps
1867 ms [UE 30040] UL Throughput = 0.0 Mbps
1867 ms [UE 42234] UL Throughput = 0.0 Mbps
1960 ms [UE 42234] UL Throughput = 0.01635 Mbps
1965 ms [UE 30040] UL Throughput = 0.0 Mbps
2078 ms [UE 42234] UL Throughput = 0.0 Mbps
2079 ms [UE 30040] UL Throughput = 0.02828 Mbps
2079 ms [UE 42234] UL Throughput = 0.0612 Mbps
2195 ms [UE 30040] UL Throughput = 0.0 Mbps
2195 ms [UE 42234] UL Throughput = 0.0 Mbps
2273 ms [UE 30040] UL Throughput = 0.0 Mbps
2273 ms [UE 42234] UL Throughput = 0.01793 Mbps
2375 ms [UE 30040] UL Throughput = 0.0 Mbps
2465 ms [UE 30040] UL Throughput = 0.0 Mbps
2465 ms [UE 42234] UL Throughput = 0.01427 Mbps
2572 ms [UE 30040] UL Throughput = 0.0 Mbps
2572 ms [UE 42234] UL Throughput = 0.11324 Mbps
2658 ms [UE 30040] UL Throughput = 0.08208 Mbps
2658 ms [UE 42234] UL Throughput = 0.04123 Mbps
2753 ms [UE 30040] UL Throughput = 0.02851 Mbps
2753 ms [UE 42234] UL Throughput = 0.07383 Mbps
2858 ms [UE 30040] UL Throughput = 0.0 Mbps
2858 ms [UE 42234] UL Throughput = 0.0 Mbps
2864 ms [UE 30040] UL Throughput = 0.0 Mbps
2864 ms [UE 42234] UL Throughput = 0.0 Mbps
2957 ms [UE 42234] UL Throughput = 0.06608 Mbps
2958 ms [UE 30040] UL Throughput = 0.0 Mbps
2958 ms [UE 42234] UL Throughput = 0.06613 Mbps
3065 ms [UE 42234] UL Throughput = 0.05302 Mbps
3144 ms [UE 30040] UL Throughput = 0.06081 Mbps
3144 ms [UE 42234] UL Throughput = 0.06854 Mbps
3258 ms [UE 30040] UL Throughput = 0.0 Mbps
3258 ms [UE 42234] UL Throughput = 0.01658 Mbps
3332 ms [UE 30040] UL Throughput = 0.0 Mbps
3332 ms [UE 42234] UL Throughput = 0.06583 Mbps
3335 ms [UE 30040] UL Throughput = 0.0 Mbps
3335 ms [UE 42234] UL Throughput = 0.0 Mbps
3422 ms [UE 30040] UL Throughput = 0.0 Mbps
3422 ms [UE 42234] UL Throughput = 0.0 Mbps
3506 ms [UE 30040] UL Throughput = 0.0 Mbps
3506 ms [UE 42234] UL Throughput = 0.0341 Mbps
3612 ms [UE 30040] UL Throughput = 0.05113 Mbps
3612 ms [UE 42234] UL Throughput = 0.03358 Mbps
3709 ms [UE 30040] UL Throughput = 0.0 Mbps
3709 ms [UE 42234] UL Throughput = 0.05049 Mbps
3806 ms [UE 30040] UL Throughput = 0.0 Mbps
3806 ms [UE 42234] UL Throughput = 0.03046 Mbps
3923 ms [UE 30040] UL Throughput = 0.04972 Mbps
3923 ms [UE 42234] UL Throughput = 0.03529 Mbps
4045 ms [UE 30040] UL Throughput = 0.0316 Mbps
4045 ms [UE 42234] UL Throughput = 0.09359 Mbps
4047 ms [UE 30040] UL Throughput = 0.0 Mbps
4047 ms [UE 42234] UL Throughput = 0.0 Mbps
4140 ms [UE 30040] UL Throughput = 0.05582 Mbps
4140 ms [UE 42234] UL Throughput = 0.07216 Mbps
4218 ms [UE 30040] UL Throughput = 0.0667 Mbps
4218 ms [UE 42234] UL Throughput = 0.0648 Mbps
4325 ms [UE 30040] UL Throughput = 0.0 Mbps
4325 ms [UE 42234] UL Throughput = 0.01256 Mbps
4431 ms [UE 30040] UL Throughput = 0.04659 Mbps
4431 ms [UE 42234] UL Throughput = 0.03307 Mbps
4513 ms [UE 30040] UL Throughput = 0.0 Mbps
4513 ms [UE 42234] UL Throughput = 0.10498 Mbps
4606 ms [UE 30040] UL Throughput = 0.0 Mbps
4606 ms [UE 42234] UL Throughput = 0.0 Mbps
4689 ms [UE 30040] UL Throughput = 0.0 Mbps
4689 ms [UE 42234] UL Throughput = 0.0 Mbps
4786 ms [UE 30040] UL Throughput = 0.0 Mbps
4786 ms [UE 42234] UL Throughput = 0.04192 Mbps
4863 ms [UE 30040] UL Throughput = 0.03613 Mbps
4863 ms [UE 42234] UL Throughput = 0.07184 Mbps
4935 ms [UE 42234] UL Throughput = 0.07935 Mbps
5035 ms [UE 30040] UL Throughput = 0.06504 Mbps
5035 ms [UE 42234] UL Throughput = 0.06211 Mbps
5119 ms [UE 30040] UL Throughput = 0.02233 Mbps
5119 ms [UE 42234] UL Throughput = 0.01373 Mbps
5254 ms [UE 30040] UL Throughput = 0.0 Mbps
5254 ms [UE 42234] UL Throughput = 0.03672 Mbps
5371 ms [UE 30040] UL Throughput = 0.09786 Mbps
5371 ms [UE 42234] UL Throughput = 0.0 Mbps
5454 ms [UE 30040] UL Throughput = 0.10214 Mbps
5454 ms [UE 42234] UL Throughput = 0.04789 Mbps
5552 ms [UE 30040] UL Throughput = 0.0 Mbps
5668 ms [UE 30040] UL Throughput = 0.07397 Mbps
5668 ms [UE 42234] UL Throughput = 0.0 Mbps
5670 ms [UE 30040] UL Throughput = 0.0 Mbps
5670 ms [UE 42234] UL Throughput = 0.0 Mbps
5769 ms [UE 30040] UL Throughput = 0.0 Mbps
5769 ms [UE 42234] UL Throughput = 0.0 Mbps
5881 ms [UE 30040] UL Throughput = 0.0 Mbps
5881 ms [UE 42234] UL Throughput = 0.04196 Mbps
5981 ms [UE 30040] UL Throughput = 0.0 Mbps
5981 ms [UE 42234] UL Throughput = 0.0 Mbps
6085 ms [UE 30040] UL Throughput = 0.04703 Mbps
6085 ms [UE 42234] UL Throughput = 0.0 Mbps
6088 ms [UE 30040] UL Throughput = 0.0 Mbps
6088 ms [UE 42234] UL Throughput = 0.05892 Mbps
6176 ms [UE 30040] UL Throughput = 0.0 Mbps
6314 ms [UE 30040] UL Throughput = 0.09635 Mbps
6314 ms [UE 42234] UL Throughput = 0.01969 Mbps
6416 ms [UE 30040] UL Throughput = 0.0 Mbps
6416 ms [UE 42234] UL Throughput = 0.0 Mbps
6496 ms [UE 30040] UL Throughput = 0.0432 Mbps
6496 ms [UE 42234] UL Throughput = 0.09793 Mbps
6620 ms [UE 30040] UL Throughput = 0.11253 Mbps
6620 ms [UE 42234] UL Throughput = 0.0 Mbps
6715 ms [UE 30040] UL Throughput = 0.02706 Mbps
6817 ms [UE 30040] UL Throughput = 0.09879 Mbps
6903 ms [UE 30040] UL Throughput = 0.0 Mbps
6903 ms [UE 42234] UL Throughput = 0.03034 Mbps
6906 ms [UE 30040] UL Throughput = 0.05493 Mbps
6906 ms [UE 42234] UL Throughput = 0.06658 Mbps
6984 ms [UE 30040] UL Throughput = 0.06213 Mbps
7096 ms [UE 30040] UL Throughput = 0.0 Mbps
7096 ms [UE 42234] UL Throughput = 0.0 Mbps
7167 ms [UE 30040] UL Throughput = 0.03331 Mbps
7167 ms [UE 42234] UL Throughput = 0.09741 Mbps
7170 ms [UE 30040] UL Throughput = 0.04743 Mbps
7170 ms [UE 42234] UL Throughput = 0.0 Mbps
7241 ms [UE 30040] UL Throughput = 0.09645 Mbps
7241 ms [UE 42234] UL Throughput = 0.09577 Mbps
7242 ms [UE 30040] UL Throughput = 0.09211 Mbps
7242 ms [UE 42234] UL Throughput = 0.03612 Mbps
7326 ms [UE 42234] UL Throughput = 0.029 Mbps
7415 ms [UE 30040] UL Throughput = 0.0 Mbps
7415 ms [UE 42234] UL Throughput = 0.0 Mbps
7522 ms [UE 30040] UL Throughput = 0.03246 Mbps
7522 ms [UE 42234] UL Throughput = 0.0 Mbps
7618 ms [UE 42234] UL Throughput = 0.0 Mbps
7711 ms [UE 30040] UL Throughput = 0.05086 Mbps
7711 ms [UE 42234] UL Throughput = 0.0 Mbps
7831 ms [UE 42234] UL Throughput = 0.0375 Mbps
7927 ms [UE 42234] UL Throughput = 0.02014 Mbps
8027 ms [UE 30040] UL Throughput = 0.0 Mbps
8027 ms [UE 42234] UL Throughput = 0.0 Mbps
8132 ms [UE 30040] UL Throughput = 0.0 Mbps
8132 ms [UE 42234] UL Throughput = 0.0503 Mbps
8253 ms [UE 30040] UL Throughput = 0.0 Mbps
8253 ms [UE 42234] UL Throughput = 0.09268 Mbps
8351 ms [UE 30040] UL Throughput = 0.01402 Mbps
8351 ms [UE 42234] UL Throughput = 0.0 Mbps
8447 ms [UE 30040] UL Throughput = 0.06903 Mbps
8447 ms [UE 42234] UL Throughput = 0.04203 Mbps
8550 ms [UE 30040] UL Throughput = 0.0 Mbps
8550 ms [UE 42234] UL Throughput = 0.0 Mbps
8656 ms [UE 42234] UL Throughput = 0.0 Mbps
8747 ms [UE 42234] UL Throughput = 0.0 Mbps
8854 ms [UE 30040] UL Throughput = 0.0414 Mbps
8854 ms [UE 42234] UL Throughput = 0.08209 Mbps
8920 ms [UE 42234] UL Throughput = 0.0 Mbps
9048 ms [UE 30040] UL Throughput = 0.02443 Mbps
9048 ms [UE 42234] UL Throughput = 0.06033 Mbps
9148 ms [UE 30040] UL Throughput = 0.0 Mbps
9148 ms [UE 42234] UL Throughput = 0.0 Mbps
9255 ms [UE 30040] UL Throughput = 0.0 Mbps
9255 ms [UE 42234] UL Throughput = 0.09462 Mbps
9361 ms [UE 30040] UL Throughput = 0.0 Mbps
9361 ms [UE 42234] UL Throughput = 0.01579 Mbps
9482 ms [UE 30040] UL Throughput = 0.0 Mbps
9482 ms [UE 42234] UL Throughput = 0.0 Mbps
9598 ms [UE 30040] UL Throughput = 0.0 Mbps
9598 ms [UE 42234] UL Throughput = 0.09263 Mbps
9669 ms [UE 30040] UL Throughput = 0.0 Mbps
9669 ms [UE 42234] UL Throughput = 0.0 Mbps
9747 ms [UE 30040] UL Throughput = 0.0 Mbps
9747 ms [UE 42234] UL Throughput = 0.0 Mbps
9865 ms [UE 30040] UL Throughput = 0.06099 Mbps
9865 ms [UE 42234] UL Throughput = 0.09025 Mbps
9960 ms [UE 30040] UL Throughput = 0.05339 Mbps
9960 ms [UE 42234] UL Throughput = 0.08169 Mbps
10064 ms [UE 30040] UL Throughput = 0.05191 Mbps
10064 ms [UE 42234] UL Throughput = 0.09634 Mbps
10145 ms [UE 30040] UL Throughput = 0.0 Mbps
10150 ms [UE 42234] UL Throughput = 0.0 Mbps
10265 ms [UE 30040] UL Throughput = 0.09981 Mbps
10265 ms [UE 42234] UL Throughput = 0.0 Mbps
10271 ms [UE 30040] UL Throughput = 0.01453 Mbps
10377 ms [UE 30040] UL Throughput = 0.01438 Mbps
10377 ms [UE 42234] UL Throughput = 0.0 Mbps
10471 ms [UE 30040] UL Throughput = 0.04581 Mbps
10471 ms [UE 42234] UL Throughput = 0.06477 Mbps
10568 ms [UE 30040] UL Throughput = 0.0 Mbps
10568 ms [UE 42234] UL Throughput = 0.07807 Mbps
10685 ms [UE 30040] UL Throughput = 0.0 Mbps
10685 ms [UE 42234] UL Throughput = 0.12142 Mbps
10775 ms [UE 42234] UL Throughput = 0.0 Mbps
10859 ms [UE 30040] UL Throughput = 0.0 Mbps
10859 ms [UE 42234] UL Throughput = 0.0472 Mbps
10971 ms [UE 30040] UL Throughput = 0.05741 Mbps
10971 ms [UE 42234] UL Throughput = 0.0 Mbps
11060 ms [UE 30040] UL Throughput = 0.0 Mbps
11163 ms [UE 30040] UL Throughput = 0.08773 Mbps
11163 ms [UE 42234] UL Throughput = 0.0 Mbps
11276 ms [UE 30040] UL Throughput = 0.09258 Mbps
11372 ms [UE 30040] UL Throughput = 0.02298 Mbps
11372 ms [UE 42234] UL Throughput = 0.06749 Mbps
11451 ms [UE 30040] UL Throughput = 0.0 Mbps
11453 ms [UE 30040] UL Throughput = 0.0 Mbps
11453 ms [UE 42234] UL Throughput = 0.07224 Mbps
11545 ms [UE 30040] UL Throughput = 0.0 Mbps
11545 ms [UE 42234] UL Throughput = 0.05924 Mbps
11628 ms [UE 30040] UL Throughput = 0.0 Mbps
11628 ms [UE 42234] UL Throughput = 0.0 Mbps
11630 ms [UE 30040] UL Throughput = 0.1184 Mbps
11630 ms [UE 42234] UL Throughput = 0.05351 Mbps
11744 ms [UE 30040] UL Throughput = 0.0 Mbps
11744 ms [UE 42234] UL Throughput = 0.0335 Mbps
11840 ms [UE 30040] UL Throughput = 0.04637 Mbps
11938 ms [UE 30040] UL Throughput = 0.03886 Mbps
11938 ms [UE 42234] UL Throughput = 0.0 Mbps
12038 ms [UE 30040] UL Throughput = 0.01778 Mbps
12038 ms [UE 42234] UL Throughput = 0.01601 Mbps
12135 ms [UE 30040] UL Throughput = 0.0 Mbps
12135 ms [UE 42234] UL Throughput = 0.04805 Mbps
12141 ms [UE 42234] UL Throughput = 0.0 Mbps
12208 ms [UE 30040] UL Throughput = 0.08711 Mbps
12208 ms [UE 42234] UL Throughput = 0.0 Mbps
12209 ms [UE 30040] UL Throughput = 0.04852 Mbps
12209 ms [UE 42234] UL Throughput = 0.0 Mbps
12323 ms [UE 30040] UL Throughput = 0.0 Mbps
12329 ms [UE 30040] UL Throughput = 0.0332 Mbps
12329 ms [UE 42234] UL Throughput = 0.0 Mbps
12410 ms [UE 30040] UL Throughput = 0.05647 Mbps
12410 ms [UE 42234] UL Throughput = 0.09502 Mbps
12535 ms [UE 30040] UL Throughput = 0.0 Mbps
12535 ms [UE 42234] UL Throughput = 0.0 Mbps
12538 ms [UE 30040] UL Throughput = 0.0 Mbps
12641 ms [UE 30040] UL Throughput = 0.06145 Mbps
12641 ms [UE 42234] UL Throughput = 0.05531 Mbps
12748 ms [UE 30040] UL Throughput = 0.03706 Mbps
12748 ms [UE 42234] UL Throughput = 0.16095 Mbps
12854 ms [UE 30040] UL Throughput = 0.01864 Mbps
12854 ms [UE 42234] UL Throughput = 0.04089 Mbps
12952 ms [UE 30040] UL Throughput = 0.07153 Mbps
12952 ms [UE 42234] UL Throughput = 0.0 Mbps
12954 ms [UE 30040] UL Throughput = 0.0 Mbps
12954 ms [UE 42234] UL Throughput = 0.0 Mbps
13042 ms [UE 30040] UL Throughput = 0.0 Mbps
13042 ms [UE 42234] UL Throughput = 0.02927 Mbps
13125 ms [UE 30040] UL Throughput = 0.05511 Mbps
13125 ms [UE 42234] UL Throughput = 0.0 Mbps
13219 ms [UE 30040] UL Throughput = 0.0 Mbps
13322 ms [UE 30040] UL Throughput = 0.04686 Mbps
13322 ms [UE 42234] UL Throughput = 0.06597 Mbps
13395 ms [UE 30040] UL Throughput = 0.0 Mbps
13395 ms [UE 42234] UL Throughput = 0.0 Mbps
13512 ms [UE 30040] UL Throughput = 0.12267 Mbps
13512 ms [UE 42234] UL Throughput = 0.09836 Mbps
13621 ms [UE 30040] UL Throughput = 0.0 Mbps
13621 ms [UE 42234] UL Throughput = 0.0 Mbps
13727 ms [UE 30040] UL Throughput = 0.06168 Mbps
13727 ms [UE 42234] UL Throughput = 0.04944 Mbps
13849 ms [UE 42234] UL Throughput = 0.06773 Mbps
13933 ms [UE 30040] UL Throughput = 0.06447 Mbps
13933 ms [UE 42234] UL Throughput = 0.06553 Mbps
13938 ms [UE 30040] UL Throughput = 0.04261 Mbps
13938 ms [UE 42234] UL Throughput = 0.01898 Mbps
14028 ms [UE 42234] UL Throughput = 0.0 Mbps
14131 ms [UE 30040] UL Throughput = 0.07247 Mbps
14131 ms [UE 42234] UL Throughput = 0.07415 Mbps
14237 ms [UE 30040] UL Throughput = 0.0 Mbps
14321 ms [UE 30040] UL Throughput = 0.0 Mbps
14321 ms [UE 42234] UL Throughput = 0.0 Mbps
14326 ms [UE 30040] UL Throughput = 0.09765 Mbps
14326 ms [UE 42234] UL Throughput = 0.0 Mbps
14327 ms [UE 30040] UL Throughput = 0.0868 Mbps
14327 ms [UE 42234] UL Throughput = 0.09097 Mbps
14455 ms [UE 30040] UL Throughput = 0.03518 Mbps
14455 ms [UE 42234] UL Throughput = 0.04583 Mbps
14537 ms [UE 30040] UL Throughput = 0.0 Mbps
14543 ms [UE 30040] UL Throughput = 0.0 Mbps
14543 ms [UE 42234] UL Throughput = 0.06412 Mbps
14657 ms [UE 30040] UL Throughput = 0.04248 Mbps
14657 ms [UE 42234] UL Throughput = 0.09588 Mbps
14759 ms [UE 30040] UL Throughput = 0.0 Mbps
14860 ms [UE 30040] UL Throughput = 0.02774 Mbps
14862 ms [UE 30040] UL Throughput = 0.03036 Mbps
14862 ms [UE 42234] UL Throughput = 0.01554 Mbps
14984 ms [UE 30040] UL Throughput = 0.03128 Mbps
15089 ms [UE 30040] UL Throughput = 0.0 Mbps
15089 ms [UE 42234] UL Throughput = 0.04761 Mbps
15184 ms [UE 30040] UL Throughput = 0.0 Mbps
15184 ms [UE 42234] UL Throughput = 0.0 Mbps
15297 ms [UE 42234] UL Throughput = 0.0 Mbps
15392 ms [UE 30040] UL Throughput = 0.06278 Mbps
15392 ms [UE 42234] UL Throughput = 0.08293 Mbps
15472 ms [UE 42234] UL Throughput = 0.0 Mbps
15558 ms [UE 30040] UL Throughput = 0.08016 Mbps
15558 ms [UE 42234] UL Throughput = 0.0 Mbps
15632 ms [UE 30040] UL Throughput = 0.0 Mbps
15632 ms [UE 42234] UL Throughput = 0.06077 Mbps
15739 ms [UE 30040] UL Throughput = 0.0 Mbps
15739 ms [UE 42234] UL Throughput = 0.0 Mbps
15854 ms [UE 30040] UL Throughput = 0.05996 Mbps
15854 ms [UE 42234] UL Throughput = 0.0 Mbps
15956 ms [UE 42234] UL Throughput = 0.03696 Mbps
16041 ms [UE 30040] UL Throughput = 0.08642 Mbps
16041 ms [UE 42234] UL Throughput = 0.04865 Mbps
16044 ms [UE 30040] UL Throughput = 0.01282 Mbps
16044 ms [UE 42234] UL Throughput = 0.03173 Mbps
16142 ms [UE 30040] UL Throughput = 0.09794 Mbps
16142 ms [UE 42234] UL Throughput = 0.05125 Mbps
16258 ms [UE 30040] UL Throughput = 0.0 Mbps
16258 ms [UE 42234] UL Throughput = 0.0 Mbps
16356 ms [UE 30040] UL Throughput = 0.0 Mbps
16356 ms [UE 42234] UL Throughput = 0.0 Mbps
16461 ms [UE 30040] UL Throughput = 0.07991 Mbps
16461 ms [UE 42234] UL Throughput = 0.0931 Mbps
16571 ms [UE 30040] UL Throughput = 0.0 Mbps
16571 ms [UE 42234] UL Throughput = 0.0 Mbps
16676 ms [UE 30040] UL Throughput = 0.0 Mbps
16676 ms [UE 42234] UL Throughput = 0.0 Mbps
16783 ms [UE 30040] UL Throughput = 0.0 Mbps
16783 ms [UE 42234] UL Throughput = 0.0 Mbps
16789 ms [UE 30040] UL Throughput = 0.01886 Mbps
16789 ms [UE 42234] UL Throughput = 0.0 Mbps
16899 ms [UE 30040] UL Throughput = 0.04772 Mbps
16899 ms [UE 42234] UL Throughput = 0.09094 Mbps
16993 ms [UE 30040] UL Throughput = 0.02577 Mbps
17095 ms [UE 30040] UL Throughput = 0.0 Mbps
17095 ms [UE 42234] UL Throughput = 0.0925 Mbps
17098 ms [UE 30040] UL Throughput = 0.0 Mbps
17098 ms [UE 42234] UL Throughput = 0.0 Mbps
17184 ms [UE 30040] UL Throughput = 0.0 Mbps
17184 ms [UE 42234] UL Throughput = 0.03663 Mbps
17268 ms [UE 30040] UL Throughput = 0.06277 Mbps
17396 ms [UE 30040] UL Throughput = 0.0 Mbps
17396 ms [UE 42234] UL Throughput = 0.0 Mbps
17497 ms [UE 30040] UL Throughput = 0.0 Mbps
17497 ms [UE 42234] UL Throughput = 0.0 Mbps
17610 ms [UE 30040] UL Throughput = 0.12356 Mbps
17610 ms [UE 42234] UL Throughput = 0.06303 Mbps
17749 ms [UE 30040] UL Throughput = 0.05742 Mbps
17749 ms [UE 42234] UL Throughput = 0.04992 Mbps
17834 ms [UE 30040] UL Throughput = 0.0 Mbps
17834 ms [UE 42234] UL Throughput = 0.08194 Mbps
17931 ms [UE 30040] UL Throughput = 0.0 Mbps
18026 ms [UE 30040] UL Throughput = 0.01079 Mbps
18099 ms [UE 42234] UL Throughput = 0.03529 Mbps
18203 ms [UE 30040] UL Throughput = 0.0 Mbps
18319 ms [UE 42234] UL Throughput = 0.0 Mbps
18320 ms [UE 30040] UL Throughput = 0.08803 Mbps
18320 ms [UE 42234] UL Throughput = 0.05336 Mbps
18322 ms [UE 30040] UL Throughput = 0.0 Mbps
18322 ms [UE 42234] UL Throughput = 0.0 Mbps
18429 ms [UE 30040] UL Throughput = 0.0481 Mbps
18429 ms [UE 42234] UL Throughput = 0.01969 Mbps
18535 ms [UE 42234] UL Throughput = 0.0 Mbps
18603 ms [UE 30040] UL Throughput = 0.08992 Mbps
18603 ms [UE 42234] UL Throughput = 0.0 Mbps
18709 ms [UE 30040] UL Throughput = 0.06463 Mbps
18709 ms [UE 42234] UL Throughput = 0.0 Mbps
18710 ms [UE 30040] UL Throughput = 0.02612 Mbps
18710 ms [UE 42234] UL Throughput = 0.0 Mbps
18779 ms [UE 30040] UL Throughput = 0.05692 Mbps
18779 ms [UE 42234] UL Throughput = 0.0 Mbps
18878 ms [UE 30040] UL Throughput = 0.0 Mbps
18878 ms [UE 42234] UL Throughput = 0.0 Mbps
18970 ms [UE 30040] UL Throughput = 0.07371 Mbps
18970 ms [UE 42234] UL Throughput = 0.03894 Mbps
19049 ms [UE 30040] UL Throughput = 0.06433 Mbps
19049 ms [UE 42234] UL Throughput = 0.0 Mbps
19156 ms [UE 30040] UL Throughput = 0.08154 Mbps
19269 ms [UE 30040] UL Throughput = 0.07865 Mbps
19269 ms [UE 42234] UL Throughput = 0.0 Mbps
19271 ms [UE 30040] UL Throughput = 0.07587 Mbps
19271 ms [UE 42234] UL Throughput = 0.03653 Mbps
19402 ms [UE 30040] UL Throughput = 0.0 Mbps
19402 ms [UE 42234] UL Throughput = 0.0 Mbps
19405 ms [UE 30040] UL Throughput = 0.08151 Mbps
19405 ms [UE 42234] UL Throughput = 0.0 Mbps
19409 ms [UE 30040] UL Throughput = 0.0 Mbps
19409 ms [UE 42234] UL Throughput = 0.09898 Mbps
19519 ms [UE 30040] UL Throughput = 0.03703 Mbps
19519 ms [UE 42234] UL Throughput = 0.0 Mbps
19637 ms [UE 30040] UL Throughput = 0.0 Mbps
19637 ms [UE 42234] UL Throughput = 0.01319 Mbps
19641 ms [UE 30040] UL Throughput = 0.0 Mbps
19641 ms [UE 42234] UL Throughput = 0.0 Mbps
19645 ms [UE 30040] UL Throughput = 0.05023 Mbps
19645 ms [UE 42234] UL Throughput = 0.0 Mbps
19765 ms [UE 30040] UL Throughput = 0.0 Mbps
19765 ms [UE 42234] UL Throughput = 0.06328 Mbps
19869 ms [UE 30040] UL Throughput = 0.0 Mbps
19931 ms [UE 30040] UL Throughput = 0.0 Mbps
19931 ms [UE 42234] UL Throughput = 0.0 Mbps
19934 ms [UE 30040] UL Throughput = 0.0 Mbps
19934 ms [UE 42234] UL Throughput = 0.0 Mbps
20046 ms [UE 30040] UL Throughput = 0.04663 Mbps
20046 ms [UE 42234] UL Throughput = 0.0 Mbps
20147 ms [UE 30040] UL Throughput = 0.0 Mbps
20147 ms [UE 42234] UL Throughput = 0.05972 Mbps
20246 ms [UE 30040] UL Throughput = 0.0 Mbps
20246 ms [UE 42234] UL Throughput = 0.0 Mbps
20369 ms [UE 30040] UL Throughput = 0.03384 Mbps
20369 ms [UE 42234] UL Throughput = 0.02926 Mbps
20457 ms [UE 30040] UL Throughput = 0.0 Mbps
20560 ms [UE 30040] UL Throughput = 0.0 Mbps
20560 ms [UE 42234] UL Throughput = 0.08408 Mbps
20566 ms [UE 30040] UL Throughput = 0.12034 Mbps
20566 ms [UE 42234] UL Throughput = 0.06723 Mbps
20656 ms [UE 30040] UL Throughput = 0.0 Mbps
20656 ms [UE 42234] UL Throughput = 0.0 Mbps
20743 ms [UE 30040] UL Throughput = 0.0 Mbps
20743 ms [UE 42234] UL Throughput = 0.0 Mbps
20830 ms [UE 30040] UL Throughput = 0.0 Mbps
20924 ms [UE 30040] UL Throughput = 0.08327 Mbps
20924 ms [UE 42234] UL Throughput = 0.04307 Mbps
20929 ms [UE 30040] UL Throughput = 0.0 Mbps
20929 ms [UE 42234] UL Throughput = 0.07828 Mbps
21015 ms [UE 30040] UL Throughput = 0.0 Mbps
21015 ms [UE 42234] UL Throughput = 0.11166 Mbps
21017 ms [UE 30040] UL Throughput = 0.02416 Mbps
21122 ms [UE 30040] UL Throughput = 0.0 Mbps
21122 ms [UE 42234] UL Throughput = 0.0 Mbps
21225 ms [UE 42234] UL Throughput = 0.0 Mbps
21281 ms [UE 30040] UL Throughput = 0.09426 Mbps
21281 ms [UE 42234] UL Throughput = 0.05051 Mbps
21365 ms [UE 30040] UL Throughput = 0.0 Mbps
21365 ms [UE 42234] UL Throughput = 0.04012 Mbps
21366 ms [UE 30040] UL Throughput = 0.0 Mbps
21366 ms [UE 42234] UL Throughput = 0.0 Mbps
21371 ms [UE 30040] UL Throughput = 0.0 Mbps
21371 ms [UE 42234] UL Throughput = 0.07619 Mbps
21451 ms [UE 30040] UL Throughput = 0.06071 Mbps
21451 ms [UE 42234] UL Throughput = 0.0 Mbps
21570 ms [UE 30040] UL Throughput = 0.09298 Mbps
21570 ms [UE 42234] UL Throughput = 0.08461 Mbps
21685 ms [UE 30040] UL Throughput = 0.17253 Mbps
21685 ms [UE 42234] UL Throughput = 0.0 Mbps
21782 ms [UE 30040] UL Throughput = 0.0 Mbps
21782 ms [UE 42234] UL Throughput = 0.0 Mbps
21787 ms [UE 42234] UL Throughput = 0.07037 Mbps
21886 ms [UE 30040] UL Throughput = 0.0 Mbps
21886 ms [UE 42234] UL Throughput = 0.0 Mbps
21993 ms [UE 30040] UL Throughput = 0.09186 Mbps
21993 ms [UE 42234] UL Throughput = 0.0 Mbps
21994 ms [UE 30040] UL Throughput = 0.08466 Mbps
21994 ms [UE 42234] UL Throughput = 0.0 Mbps
22087 ms [UE 30040] UL Throughput = 0.0 Mbps
22087 ms [UE 42234] UL Throughput = 0.0 Mbps
22176 ms [UE 30040] UL Throughput = 0.04941 Mbps
22176 ms [UE 42234] UL Throughput = 0.12923 Mbps
22276 ms [UE 30040] UL Throughput = 0.0 Mbps
22382 ms [UE 30040] UL Throughput = 0.0 Mbps
22382 ms [UE 42234] UL Throughput = 0.08575 Mbps
22475 ms [UE 30040] UL Throughput = 0.0445 Mbps
22475 ms [UE 42234] UL Throughput = 0.0 Mbps
22574 ms [UE 30040] UL Throughput = 0.0 Mbps
22574 ms [UE 42234] UL Throughput = 0.0 Mbps
22576 ms [UE 30040] UL Throughput = 0.02002 Mbps
22576 ms [UE 42234] UL Throughput = 0.05214 Mbps
22693 ms [UE 30040] UL Throughput = 0.0 Mbps
22693 ms [UE 42234] UL Throughput = 0.06551 Mbps
22697 ms [UE 30040] UL Throughput = 0.04758 Mbps
22697 ms [UE 42234] UL Throughput = 0.02171 Mbps
22818 ms [UE 30040] UL Throughput = 0.0 Mbps
22818 ms [UE 42234] UL Throughput = 0.0 Mbps
22926 ms [UE 42234] UL Throughput = 0.06304 Mbps
23029 ms [UE 30040] UL Throughput = 0.09315 Mbps
23029 ms [UE 42234] UL Throughput = 0.05718 Mbps
23124 ms [UE 30040] UL Throughput = 0.0959 Mbps
23124 ms [UE 42234] UL Throughput = 0.0 Mbps
23127 ms [UE 30040] UL Throughput = 0.07396 Mbps
23127 ms [UE 42234] UL Throughput = 0.0 Mbps
23241 ms [UE 30040] UL Throughput = 0.0621 Mbps
23241 ms [UE 42234] UL Throughput = 0.14493 Mbps
23242 ms [UE 30040] UL Throughput = 0.04937 Mbps
23242 ms [UE 42234] UL Throughput = 0.0 Mbps
23352 ms [UE 30040] UL Throughput = 0.0 Mbps
23352 ms [UE 42234] UL Throughput = 0.04878 Mbps
23453 ms [UE 30040] UL Throughput = 0.0 Mbps
23453 ms [UE 42234] UL Throughput = 0.0 Mbps
23572 ms [UE 30040] UL Throughput = 0.0 Mbps
23572 ms [UE 42234] UL Throughput = 0.03473 Mbps
23662 ms [UE 30040] UL Throughput = 0.0 Mbps
23662 ms [UE 42234] UL Throughput = 0.0 Mbps
23746 ms [UE 42234] UL Throughput = 0.0 Mbps
23868 ms [UE 30040] UL Throughput = 0.0 Mbps
23868 ms [UE 42234] UL Throughput = 0.07075 Mbps
23976 ms [UE 30040] UL Throughput = 0.07367 Mbps
23976 ms [UE 42234] UL Throughput = 0.0 Mbps
24055 ms [UE 42234] UL Throughput = 0.0 Mbps
24133 ms [UE 30040] UL Throughput = 0.11732 Mbps
24253 ms [UE 30040] UL Throughput = 0.03304 Mbps
24253 ms [UE 42234] UL Throughput = 0.0 Mbps
24368 ms [UE 30040] UL Throughput = 0.0 Mbps
24368 ms [UE 42234] UL Throughput = 0.06776 Mbps
24489 ms [UE 30040] UL Throughput = 0.07374 Mbps
24489 ms [UE 42234] UL Throughput = 0.05663 Mbps
24571 ms [UE 30040] UL Throughput = 0.0 Mbps
24571 ms [UE 42234] UL Throughput = 0.06576 Mbps
24681 ms [UE 30040] UL Throughput = 0.0 Mbps
24681 ms [UE 42234] UL Throughput = 0.0 Mbps
24786 ms [UE 30040] UL Throughput = 0.03611 Mbps
24786 ms [UE 42234] UL Throughput = 0.03848 Mbps
24887 ms [UE 42234] UL Throughput = 0.0 Mbps
24996 ms [UE 30040] UL Throughput = 0.0 Mbps
24996 ms [UE 42234] UL Throughput = 0.02029 Mbps
25101 ms [UE 42234] UL Throughput = 0.04746 Mbps
25210 ms [UE 30040] UL Throughput = 0.0 Mbps
25210 ms [UE 42234] UL Throughput = 0.03162 Mbps
25316 ms [UE 30040] UL Throughput = 0.09513 Mbps
25316 ms [UE 42234] UL Throughput = 0.0 Mbps
25455 ms [UE 30040] UL Throughput = 0.07819 Mbps
25455 ms [UE 42234] UL Throughput = 0.06845 Mbps
25530 ms [UE 30040] UL Throughput = 0.0 Mbps
25583 ms [UE 30040] UL Throughput = 0.05459 Mbps
25583 ms [UE 42234] UL Throughput = 0.0237 Mbps
25688 ms [UE 30040] UL Throughput = 0.0 Mbps
25797 ms [UE 30040] UL Throughput = 0.03572 Mbps
25797 ms [UE 42234] UL Throughput = 0.03596 Mbps
25870 ms [UE 30040] UL Throughput = 0.07342 Mbps
25870 ms [UE 42234] UL Throughput = 0.0 Mbps
25875 ms [UE 30040] UL Throughput = 0.0 Mbps
25875 ms [UE 42234] UL Throughput = 0.07338 Mbps
25962 ms [UE 30040] UL Throughput = 0.02434 Mbps
25962 ms [UE 42234] UL Throughput = 0.02456 Mbps
25967 ms [UE 30040] UL Throughput = 0.0 Mbps
25967 ms [UE 42234] UL Throughput = 0.03312 Mbps
26070 ms [UE 30040] UL Throughput = 0.01776 Mbps
26070 ms [UE 42234] UL Throughput = 0.06337 Mbps
26172 ms [UE 30040] UL Throughput = 0.0 Mbps
26172 ms [UE 42234] UL Throughput = 0.04971 Mbps
26288 ms [UE 30040] UL Throughput = 0.0 Mbps
26288 ms [UE 42234] UL Throughput = 0.0 Mbps
26293 ms [UE 30040] UL Throughput = 0.09968 Mbps
26293 ms [UE 42234] UL Throughput = 0.0 Mbps
26297 ms [UE 30040] UL Throughput = 0.0 Mbps
26297 ms [UE 42234] UL Throughput = 0.0965 Mbps
26436 ms [UE 42234] UL Throughput = 0.0325 Mbps
26541 ms [UE 30040] UL Throughput = 0.0 Mbps
26541 ms [UE 42234] UL Throughput = 0.0 Mbps
26547 ms [UE 30040] UL Throughput = 0.0 Mbps
26552 ms [UE 30040] UL Throughput = 0.0 Mbps
26552 ms [UE 42234] UL Throughput = 0.0 Mbps
26641 ms [UE 30040] UL Throughput = 0.09511 Mbps
26641 ms [UE 42234] UL Throughput = 0.09691 Mbps
26732 ms [UE 30040] UL Throughput = 0.04219 Mbps
26732 ms [UE 42234] UL Throughput = 0.04156 Mbps
26815 ms [UE 30040] UL Throughput = 0.01157 Mbps
26815 ms [UE 42234] UL Throughput = 0.01026 Mbps
26817 ms [UE 30040] UL Throughput = 0.08382 Mbps
26817 ms [UE 42234] UL Throughput = 0.0 Mbps
26928 ms [UE 30040] UL Throughput = 0.06445 Mbps
26928 ms [UE 42234] UL Throughput = 0.0 Mbps
27014 ms [UE 30040] UL Throughput = 0.0 Mbps
27107 ms [UE 30040] UL Throughput = 0.0 Mbps
27107 ms [UE 42234] UL Throughput = 0.0 Mbps
27193 ms [UE 42234] UL Throughput = 0.0 Mbps
27315 ms [UE 30040] UL Throughput = 0.0327 Mbps
27315 ms [UE 42234] UL Throughput = 0.0 Mbps
27403 ms [UE 42234] UL Throughput = 0.0 Mbps
27511 ms [UE 30040] UL Throughput = 0.0 Mbps
27511 ms [UE 42234] UL Throughput = 0.0 Mbps
27569 ms [UE 30040] UL Throughput = 0.0 Mbps
27569 ms [UE 42234] UL Throughput = 0.0 Mbps
27652 ms [UE 30040] UL Throughput = 0.08838 Mbps
27652 ms [UE 42234] UL Throughput = 0.09517 Mbps
27766 ms [UE 30040] UL Throughput = 0.0 Mbps
27767 ms [UE 30040] UL Throughput = 0.09464 Mbps
27853 ms [UE 30040] UL Throughput = 0.05619 Mbps
27853 ms [UE 42234] UL Throughput = 0.06609 Mbps
27858 ms [UE 30040] UL Throughput = 0.04882 Mbps
27858 ms [UE 42234] UL Throughput = 0.0 Mbps
27980 ms [UE 30040] UL Throughput = 0.07517 Mbps
27980 ms [UE 42234] UL Throughput = 0.0 Mbps
27986 ms [UE 30040] UL Throughput = 0.06496 Mbps
27986 ms [UE 42234] UL Throughput = 0.0627 Mbps
28094 ms [UE 42234] UL Throughput = 0.04768 Mbps
28174 ms [UE 30040] UL Throughput = 0.04698 Mbps
28174 ms [UE 42234] UL Throughput = 0.05929 Mbps
28259 ms [UE 30040] UL Throughput = 0.01908 Mbps
28259 ms [UE 42234] UL Throughput = 0.0 Mbps
28367 ms [UE 30040] UL Throughput = 0.08873 Mbps
28367 ms [UE 42234] UL Throughput = 0.08621 Mbps
28370 ms [UE 30040] UL Throughput = 0.0 Mbps
28370 ms [UE 42234] UL Throughput = 0.08352 Mbps
28462 ms [UE 42234] UL Throughput = 0.04199 Mbps
28576 ms [UE 30040] UL Throughput = 0.0 Mbps
28576 ms [UE 42234] UL Throughput = 0.09194 Mbps
28702 ms [UE 30040] UL Throughput = 0.06625 Mbps
28702 ms [UE 42234] UL Throughput = 0.06386 Mbps
28818 ms [UE 30040] UL Throughput = 0.0 Mbps
28818 ms [UE 42234] UL Throughput = 0.0 Mbps
28820 ms [UE 30040] UL Throughput = 0.12083 Mbps
28820 ms [UE 42234] UL Throughput = 0.04682 Mbps
28821 ms [UE 30040] UL Throughput = 0.0 Mbps
28948 ms [UE 30040] UL Throughput = 0.04613 Mbps
28948 ms [UE 42234] UL Throughput = 0.10201 Mbps
29022 ms [UE 30040] UL Throughput = 0.0 Mbps
29022 ms [UE 42234] UL Throughput = 0.08809 Mbps
29150 ms [UE 30040] UL Throughput = 0.05031 Mbps
29156 ms [UE 30040] UL Throughput = 0.01782 Mbps
29156 ms [UE 42234] UL Throughput = 0.0 Mbps
29244 ms [UE 42234] UL Throughput = 0.0 Mbps
29359 ms [UE 30040] UL Throughput = 0.0 Mbps
29359 ms [UE 42234] UL Throughput = 0.07889 Mbps
29456 ms [UE 30040] UL Throughput = 0.01429 Mbps
29456 ms [UE 42234] UL Throughput = 0.10811 Mbps
29557 ms [UE 30040] UL Throughput = 0.06756 Mbps
29557 ms [UE 42234] UL Throughput = 0.05082 Mbps
29665 ms [UE 30040] UL Throughput = 0.0 Mbps
29665 ms [UE 42234] UL Throughput = 0.0 Mbps
29748 ms [UE 30040] UL Throughput = 0.09942 Mbps
29748 ms [UE 42234] UL Throughput = 0.01923 Mbps
29863 ms [UE 30040] UL Throughput = 0.0 Mbps
29863 ms [UE 42234] UL Throughput = 0.0 Mbps
29962 ms [UE 30040] UL Throughput = 0.0 Mbps
29962 ms [UE 42234] UL Throughput = 0.0407 Mbps
30062 ms [UE 30040] UL Throughput = 0.0 Mbps
30062 ms [UE 42234] UL Throughput = 0.0 Mbps
30164 ms [UE 30040] UL Throughput = 0.0494 Mbps
30164 ms [UE 42234] UL Throughput = 0.16348 Mbps
30264 ms [UE 42234] UL Throughput = 0.0 Mbps
30370 ms [UE 30040] UL Throughput = 0.0 Mbps
30370 ms [UE 42234] UL Throughput = 0.0 Mbps
30494 ms [UE 30040] UL Throughput = 0.0 Mbps
30494 ms [UE 42234] UL Throughput = 0.16958 Mbps
30497 ms [UE 42234] UL Throughput = 0.03742 Mbps
30603 ms [UE 30040] UL Throughput = 0.0981 Mbps
30603 ms [UE 42234] UL Throughput = 0.07713 Mbps
30708 ms [UE 30040] UL Throughput = 0.08876 Mbps
30708 ms [UE 42234] UL Throughput = 0.0 Mbps
30807 ms [UE 30040] UL Throughput = 0.0 Mbps
30807 ms [UE 42234] UL Throughput = 0.0 Mbps
30904 ms [UE 30040] UL Throughput = 0.07212 Mbps
30904 ms [UE 42234] UL Throughput = 0.02193 Mbps
31033 ms [UE 30040] UL Throughput = 0.09672 Mbps
31033 ms [UE 42234] UL Throughput = 0.0 Mbps
31126 ms [UE 30040] UL Throughput = 0.0 Mbps
31126 ms [UE 42234] UL Throughput = 0.0 Mbps
31226 ms [UE 30040] UL Throughput = 0.0 Mbps
31226 ms [UE 42234] UL Throughput = 0.08858 Mbps
31333 ms [UE 42234] UL Throughput = 0.08658 Mbps
31452 ms [UE 30040] UL Throughput = 0.0 Mbps
31452 ms [UE 42234] UL Throughput = 0.01947 Mbps
31457 ms [UE 30040] UL Throughput = 0.07205 Mbps
31457 ms [UE 42234] UL Throughput = 0.06741 Mbps
31552 ms [UE 30040] UL Throughput = 0.0 Mbps
31552 ms [UE 42234] UL Throughput = 0.09839 Mbps
31657 ms [UE 30040] UL Throughput = 0.0 Mbps
31657 ms [UE 42234] UL Throughput = 0.0 Mbps
31759 ms [UE 42234] UL Throughput = 0.04899 Mbps
31880 ms [UE 30040] UL Throughput = 0.0 Mbps
31880 ms [UE 42234] UL Throughput = 0.01624 Mbps
32003 ms [UE 30040] UL Throughput = 0.0 Mbps
32100 ms [UE 30040] UL Throughput = 0.0 Mbps
32100 ms [UE 42234] UL Throughput = 0.0 Mbps
32203 ms [UE 30040] UL Throughput = 0.0 Mbps
32203 ms [UE 42234] UL Throughput = 0.0729 Mbps
32301 ms [UE 30040] UL Throughput = 0.04703 Mbps
32301 ms [UE 42234] UL Throughput = 0.02179 Mbps
32407 ms [UE 30040] UL Throughput = 0.06967 Mbps
32407 ms [UE 42234] UL Throughput = 0.0 Mbps
32408 ms [UE 30040] UL Throughput = 0.09471 Mbps
32408 ms [UE 42234] UL Throughput = 0.0875 Mbps
32500 ms [UE 30040] UL Throughput = 0.0 Mbps
32500 ms [UE 42234] UL Throughput = 0.02113 Mbps
32503 ms [UE 30040] UL Throughput = 0.02905 Mbps
32503 ms [UE 42234] UL Throughput = 0.0579 Mbps
32600 ms [UE 30040] UL Throughput = 0.0 Mbps
32600 ms [UE 42234] UL Throughput = 0.0628 Mbps
32700 ms [UE 42234] UL Throughput = 0.0 Mbps
32828 ms [UE 30040] UL Throughput = 0.0 Mbps
32828 ms [UE 42234] UL Throughput = 0.08984 Mbps
32916 ms [UE 42234] UL Throughput = 0.0 Mbps
32921 ms [UE 42234] UL Throughput = 0.0 Mbps
33009 ms [UE 30040] UL Throughput = 0.09601 Mbps
33009 ms [UE 42234] UL Throughput = 0.0 Mbps
33014 ms [UE 30040] UL Throughput = 0.05593 Mbps
33014 ms [UE 42234] UL Throughput = 0.0 Mbps
33103 ms [UE 30040] UL Throughput = 0.10395 Mbps
33103 ms [UE 42234] UL Throughput = 0.0 Mbps
33193 ms [UE 30040] UL Throughput = 0.0 Mbps
33193 ms [UE 42234] UL Throughput = 0.0 Mbps
33299 ms [UE 30040] UL Throughput = 0.0 Mbps
33299 ms [UE 42234] UL Throughput = 0.0 Mbps
33399 ms [UE 30040] UL Throughput = 0.02365 Mbps
33399 ms [UE 42234] UL Throughput = 0.03556 Mbps
33510 ms [UE 30040] UL Throughput = 0.01041 Mbps
33510 ms [UE 42234] UL Throughput = 0.0 Mbps
33612 ms [UE 30040] UL Throughput = 0.13478 Mbps
33612 ms [UE 42234] UL Throughput = 0.0 Mbps
33725 ms [UE 30040] UL Throughput = 0.04246 Mbps
33725 ms [UE 42234] UL Throughput = 0.10175 Mbps
33814 ms [UE 30040] UL Throughput = 0.0 Mbps
33814 ms [UE 42234] UL Throughput = 0.0 Mbps
33817 ms [UE 30040] UL Throughput = 0.0 Mbps
33817 ms [UE 42234] UL Throughput = 0.0 Mbps
33918 ms [UE 30040] UL Throughput = 0.0 Mbps
34017 ms [UE 30040] UL Throughput = 0.0195 Mbps
34017 ms [UE 42234] UL Throughput = 0.08009 Mbps
34069 ms [UE 30040] UL Throughput = 0.0 Mbps
34069 ms [UE 42234] UL Throughput = 0.0 Mbps
34174 ms [UE 30040] UL Throughput = 0.0 Mbps
34174 ms [UE 42234] UL Throughput = 0.04817 Mbps
34175 ms [UE 30040] UL Throughput = 0.0 Mbps
34175 ms [UE 42234] UL Throughput = 0.01448 Mbps
34270 ms [UE 30040] UL Throughput = 0.06789 Mbps
34338 ms [UE 30040] UL Throughput = 0.04599 Mbps
34338 ms [UE 42234] UL Throughput = 0.0255 Mbps
34430 ms [UE 42234] UL Throughput = 0.01885 Mbps
34551 ms [UE 30040] UL Throughput = 0.01448 Mbps
34551 ms [UE 42234] UL Throughput = 0.06494 Mbps
34622 ms [UE 30040] UL Throughput = 0.0 Mbps
34622 ms [UE 42234] UL Throughput = 0.0 Mbps
34739 ms [UE 42234] UL Throughput = 0.0896 Mbps
34833 ms [UE 30040] UL Throughput = 0.02277 Mbps
34833 ms [UE 42234] UL Throughput = 0.01523 Mbps
34834 ms [UE 42234] UL Throughput = 0.01007 Mbps
34914 ms [UE 30040] UL Throughput = 0.05925 Mbps
34914 ms [UE 42234] UL Throughput = 0.0 Mbps
35010 ms [UE 30040] UL Throughput = 0.09187 Mbps
35010 ms [UE 42234] UL Throughput = 0.0 Mbps
35013 ms [UE 30040] UL Throughput = 0.01902 Mbps
35013 ms [UE 42234] UL Throughput = 0.0 Mbps
35123 ms [UE 30040] UL Throughput = 0.0 Mbps
35123 ms [UE 42234] UL Throughput = 0.0 Mbps
35211 ms [UE 30040] UL Throughput = 0.03767 Mbps
35211 ms [UE 42234] UL Throughput = 0.18733 Mbps
35314 ms [UE 30040] UL Throughput = 0.0 Mbps
35314 ms [UE 42234] UL Throughput = 0.08959 Mbps
35415 ms [UE 30040] UL Throughput = 0.0357 Mbps
35415 ms [UE 42234] UL Throughput = 0.0 Mbps
35518 ms [UE 30040] UL Throughput = 0.04535 Mbps
35518 ms [UE 42234] UL Throughput = 0.0 Mbps
35637 ms [UE 30040] UL Throughput = 0.01704 Mbps
35637 ms [UE 42234] UL Throughput = 0.0 Mbps
35739 ms [UE 30040] UL Throughput = 0.09579 Mbps
35739 ms [UE 42234] UL Throughput = 0.0 Mbps
35874 ms [UE 30040] UL Throughput = 0.06005 Mbps
35874 ms [UE 42234] UL Throughput = 0.02476 Mbps
35974 ms [UE 42234] UL Throughput = 0.03766 Mbps
36057 ms [UE 30040] UL Throughput = 0.0 Mbps
36057 ms [UE 42234] UL Throughput = 0.0 Mbps
36142 ms [UE 30040] UL Throughput = 0.05167 Mbps
36252 ms [UE 30040] UL Throughput = 0.0 Mbps
36252 ms [UE 42234] UL Throughput = 0.0 Mbps
36356 ms [UE 30040] UL Throughput = 0.0692 Mbps
36356 ms [UE 42234] UL Throughput = 0.0 Mbps
36454 ms [UE 30040] UL Throughput = 0.06429 Mbps
36454 ms [UE 42234] UL Throughput = 0.0 Mbps
36548 ms [UE 30040] UL Throughput = 0.01579 Mbps
36548 ms [UE 42234] UL Throughput = 0.0 Mbps
36643 ms [UE 30040] UL Throughput = 0.0 Mbps
36643 ms [UE 42234] UL Throughput = 0.11061 Mbps
36753 ms [UE 30040] UL Throughput = 0.05128 Mbps
36753 ms [UE 42234] UL Throughput = 0.0 Mbps
36842 ms [UE 30040] UL Throughput = 0.0 Mbps
36842 ms [UE 42234] UL Throughput = 0.07901 Mbps
36843 ms [UE 30040] UL Throughput = 0.02049 Mbps
36843 ms [UE 42234] UL Throughput = 0.05244 Mbps
36927 ms [UE 30040] UL Throughput = 0.0 Mbps
36927 ms [UE 42234] UL Throughput = 0.0 Mbps
37030 ms [UE 30040] UL Throughput = 0.0 Mbps
37030 ms [UE 42234] UL Throughput = 0.06471 Mbps
37117 ms [UE 30040] UL Throughput = 0.0 Mbps
37117 ms [UE 42234] UL Throughput = 0.0 Mbps
37222 ms [UE 30040] UL Throughput = 0.0 Mbps
37222 ms [UE 42234] UL Throughput = 0.02388 Mbps
37325 ms [UE 30040] UL Throughput = 0.0 Mbps
37325 ms [UE 42234] UL Throughput = 0.08742 Mbps
37329 ms [UE 42234] UL Throughput = 0.0 Mbps
37441 ms [UE 30040] UL Throughput = 0.08869 Mbps
37441 ms [UE 42234] UL Throughput = 0.0 Mbps
37447 ms [UE 30040] UL Throughput = 0.0 Mbps
37552 ms [UE 30040] UL Throughput = 0.0 Mbps
37552 ms [UE 42234] UL Throughput = 0.09182 Mbps
37667 ms [UE 30040] UL Throughput = 0.08875 Mbps
37667 ms [UE 42234] UL Throughput = 0.03637 Mbps
37758 ms [UE 30040] UL Throughput = 0.11328 Mbps
37846 ms [UE 30040] UL Throughput = 0.03787 Mbps
37846 ms [UE 42234] UL Throughput = 0.0 Mbps
37847 ms [UE 30040] UL Throughput = 0.0 Mbps
37847 ms [UE 42234] UL Throughput = 0.0 Mbps
37949 ms [UE 30040] UL Throughput = 0.02358 Mbps
37949 ms [UE 42234] UL Throughput = 0.08258 Mbps
38038 ms [UE 30040] UL Throughput = 0.0 Mbps
38038 ms [UE 42234] UL Throughput = 0.03647 Mbps
38124 ms [UE 30040] UL Throughput = 0.02084 Mbps
38124 ms [UE 42234] UL Throughput = 0.04778 Mbps
38234 ms [UE 30040] UL Throughput = 0.09616 Mbps
38234 ms [UE 42234] UL Throughput = 0.0 Mbps
38329 ms [UE 30040] UL Throughput = 0.04509 Mbps
38411 ms [UE 30040] UL Throughput = 0.04414 Mbps
38411 ms [UE 42234] UL Throughput = 0.05389 Mbps
38415 ms [UE 30040] UL Throughput = 0.08398 Mbps
38415 ms [UE 42234] UL Throughput = 0.05081 Mbps
38526 ms [UE 42234] UL Throughput = 0.08486 Mbps
38611 ms [UE 30040] UL Throughput = 0.06016 Mbps
38611 ms [UE 42234] UL Throughput = 0.03899 Mbps
38614 ms [UE 30040] UL Throughput = 0.0 Mbps
38614 ms [UE 42234] UL Throughput = 0.07689 Mbps
38750 ms [UE 42234] UL Throughput = 0.0 Mbps
38752 ms [UE 30040] UL Throughput = 0.08816 Mbps
38888 ms [UE 30040] UL Throughput = 0.11228 Mbps
38888 ms [UE 42234] UL Throughput = 0.09498 Mbps
38987 ms [UE 30040] UL Throughput = 0.0 Mbps
39110 ms [UE 30040] UL Throughput = 0.0 Mbps
39110 ms [UE 42234] UL Throughput = 0.06118 Mbps
39114 ms [UE 30040] UL Throughput = 0.1133 Mbps
39114 ms [UE 42234] UL Throughput = 0.05633 Mbps
39120 ms [UE 30040] UL Throughput = 0.05017 Mbps
39120 ms [UE 42234] UL Throughput = 0.0 Mbps
39203 ms [UE 30040] UL Throughput = 0.0 Mbps
39203 ms [UE 42234] UL Throughput = 0.0 Mbps
39272 ms [UE 30040] UL Throughput = 0.0 Mbps
39378 ms [UE 30040] UL Throughput = 0.0 Mbps
39378 ms [UE 42234] UL Throughput = 0.09871 Mbps
39487 ms [UE 30040] UL Throughput = 0.0 Mbps
39487 ms [UE 42234] UL Throughput = 0.0 Mbps
39576 ms [UE 30040] UL Throughput = 0.0706 Mbps
39576 ms [UE 42234] UL Throughput = 0.0 Mbps
39693 ms [UE 30040] UL Throughput = 0.02865 Mbps
39693 ms [UE 42234] UL Throughput = 0.0 Mbps
39808 ms [UE 42234] UL Throughput = 0.07111 Mbps
39923 ms [UE 30040] UL Throughput = 0.0 Mbps
40016 ms [UE 30040] UL Throughput = 0.0 Mbps
40016 ms [UE 42234] UL Throughput = 0.0309 Mbps
40131 ms [UE 30040] UL Throughput = 0.10647 Mbps
40131 ms [UE 42234] UL Throughput = 0.01905 Mbps
40232 ms [UE 30040] UL Throughput = 0.04185 Mbps
40232 ms [UE 42234] UL Throughput = 0.0 Mbps
40344 ms [UE 30040] UL Throughput = 0.06094 Mbps
40476 ms [UE 42234] UL Throughput = 0.03288 Mbps
40558 ms [UE 42234] UL Throughput = 0.03362 Mbps
40670 ms [UE 30040] UL Throughput = 0.0 Mbps
40670 ms [UE 42234] UL Throughput = 0.0849 Mbps
40673 ms [UE 30040] UL Throughput = 0.0 Mbps
40673 ms [UE 42234] UL Throughput = 0.02272 Mbps
40788 ms [UE 30040] UL Throughput = 0.03971 Mbps
40788 ms [UE 42234] UL Throughput = 0.0 Mbps
40891 ms [UE 30040] UL Throughput = 0.0 Mbps
40891 ms [UE 42234] UL Throughput = 0.0 Mbps
40979 ms [UE 30040] UL Throughput = 0.04355 Mbps
40979 ms [UE 42234] UL Throughput = 0.0 Mbps
41075 ms [UE 30040] UL Throughput = 0.09957 Mbps
41075 ms [UE 42234] UL Throughput = 0.0 Mbps
41080 ms [UE 30040] UL Throughput = 0.0 Mbps
41080 ms [UE 42234] UL Throughput = 0.08675 Mbps
41152 ms [UE 30040] UL Throughput = 0.08734 Mbps
41152 ms [UE 42234] UL Throughput = 0.04989 Mbps
41267 ms [UE 30040] UL Throughput = 0.0327 Mbps
41267 ms [UE 42234] UL Throughput = 0.0 Mbps
41271 ms [UE 30040] UL Throughput = 0.0 Mbps
41271 ms [UE 42234] UL Throughput = 0.07561 Mbps
41371 ms [UE 30040] UL Throughput = 0.0 Mbps
41371 ms [UE 42234] UL Throughput = 0.0 Mbps
41458 ms [UE 30040] UL Throughput = 0.04814 Mbps
41458 ms [UE 42234] UL Throughput = 0.0437 Mbps
41558 ms [UE 30040] UL Throughput = 0.0 Mbps
41558 ms [UE 42234] UL Throughput = 0.13673 Mbps
41637 ms [UE 30040] UL Throughput = 0.0 Mbps
41637 ms [UE 42234] UL Throughput = 0.0 Mbps
41743 ms [UE 30040] UL Throughput = 0.07256 Mbps
41743 ms [UE 42234] UL Throughput = 0.0 Mbps
41838 ms [UE 30040] UL Throughput = 0.06256 Mbps
41838 ms [UE 42234] UL Throughput = 0.02666 Mbps
41843 ms [UE 42234] UL Throughput = 0.0 Mbps
41845 ms [UE 30040] UL Throughput = 0.0 Mbps
41845 ms [UE 42234] UL Throughput = 0.0 Mbps
41952 ms [UE 30040] UL Throughput = 0.03539 Mbps
41952 ms [UE 42234] UL Throughput = 0.03801 Mbps
42020 ms [UE 30040] UL Throughput = 0.0 Mbps
42020 ms [UE 42234] UL Throughput = 0.08089 Mbps
42125 ms [UE 42234] UL Throughput = 0.0 Mbps
42251 ms [UE 30040] UL Throughput = 0.0 Mbps
42251 ms [UE 42234] UL Throughput = 0.0 Mbps
42344 ms [UE 30040] UL Throughput = 0.07146 Mbps
42344 ms [UE 42234] UL Throughput = 0.0 Mbps
42440 ms [UE 30040] UL Throughput = 0.0 Mbps
42440 ms [UE 42234] UL Throughput = 0.05105 Mbps
42534 ms [UE 30040] UL Throughput = 0.04701 Mbps
42643 ms [UE 30040] UL Throughput = 0.09315 Mbps
42643 ms [UE 42234] UL Throughput = 0.07154 Mbps
42760 ms [UE 30040] UL Throughput = 0.0 Mbps
42760 ms [UE 42234] UL Throughput = 0.0 Mbps
42765 ms [UE 42234] UL Throughput = 0.0 Mbps
42767 ms [UE 30040] UL Throughput = 0.0 Mbps
42773 ms [UE 30040] UL Throughput = 0.09276 Mbps
42773 ms [UE 42234] UL Throughput = 0.0414 Mbps
42890 ms [UE 30040] UL Throughput = 0.0 Mbps
42890 ms [UE 42234] UL Throughput = 0.0 Mbps
43012 ms [UE 42234] UL Throughput = 0.0 Mbps
43108 ms [UE 30040] UL Throughput = 0.0127 Mbps
43108 ms [UE 42234] UL Throughput = 0.07565 Mbps
43199 ms [UE 30040] UL Throughput = 0.0 Mbps
43199 ms [UE 42234] UL Throughput = 0.0 Mbps
43295 ms [UE 42234] UL Throughput = 0.0 Mbps
43400 ms [UE 30040] UL Throughput = 0.07046 Mbps
43400 ms [UE 42234] UL Throughput = 0.0 Mbps
43500 ms [UE 42234] UL Throughput = 0.0 Mbps
43614 ms [UE 30040] UL Throughput = 0.06723 Mbps
43614 ms [UE 42234] UL Throughput = 0.09453 Mbps
43713 ms [UE 30040] UL Throughput = 0.05342 Mbps
43713 ms [UE 42234] UL Throughput = 0.0 Mbps
43793 ms [UE 30040] UL Throughput = 0.0 Mbps
43793 ms [UE 42234] UL Throughput = 0.01498 Mbps
43899 ms [UE 30040] UL Throughput = 0.0 Mbps
43899 ms [UE 42234] UL Throughput = 0.05788 Mbps
43991 ms [UE 30040] UL Throughput = 0.0 Mbps
43991 ms [UE 42234] UL Throughput = 0.0 Mbps
44106 ms [UE 30040] UL Throughput = 0.0 Mbps
44106 ms [UE 42234] UL Throughput = 0.06597 Mbps
44181 ms [UE 30040] UL Throughput = 0.0 Mbps
44181 ms [UE 42234] UL Throughput = 0.0 Mbps
44305 ms [UE 30040] UL Throughput = 0.0 Mbps
44305 ms [UE 42234] UL Throughput = 0.0 Mbps
44422 ms [UE 30040] UL Throughput = 0.0 Mbps
44422 ms [UE 42234] UL Throughput = 0.0 Mbps
44428 ms [UE 30040] UL Throughput = 0.0989 Mbps
44428 ms [UE 42234] UL Throughput = 0.0 Mbps
44521 ms [UE 30040] UL Throughput = 0.04273 Mbps
44521 ms [UE 42234] UL Throughput = 0.0 Mbps
44626 ms [UE 30040] UL Throughput = 0.0 Mbps
44714 ms [UE 30040] UL Throughput = 0.07152 Mbps
44714 ms [UE 42234] UL Throughput = 0.0 Mbps
44820 ms [UE 30040] UL Throughput = 0.07702 Mbps
44820 ms [UE 42234] UL Throughput = 0.01281 Mbps
44910 ms [UE 30040] UL Throughput = 0.03429 Mbps
44910 ms [UE 42234] UL Throughput = 0.0456 Mbps
44916 ms [UE 30040] UL Throughput = 0.07723 Mbps
44916 ms [UE 42234] UL Throughput = 0.04656 Mbps
45022 ms [UE 30040] UL Throughput = 0.0 Mbps
45022 ms [UE 42234] UL Throughput = 0.0 Mbps
45107 ms [UE 30040] UL Throughput = 0.03788 Mbps
45107 ms [UE 42234] UL Throughput = 0.0 Mbps
45110 ms [UE 30040] UL Throughput = 0.03712 Mbps
45110 ms [UE 42234] UL Throughput = 0.07337 Mbps
45224 ms [UE 42234] UL Throughput = 0.08369 Mbps
45335 ms [UE 30040] UL Throughput = 0.0 Mbps
45335 ms [UE 42234] UL Throughput = 0.03379 Mbps
45407 ms [UE 42234] UL Throughput = 0.06598 Mbps
45503 ms [UE 30040] UL Throughput = 0.0 Mbps
45503 ms [UE 42234] UL Throughput = 0.0 Mbps
45611 ms [UE 30040] UL Throughput = 0.0 Mbps
45611 ms [UE 42234] UL Throughput = 0.05451 Mbps
45666 ms [UE 30040] UL Throughput = 0.01694 Mbps
45666 ms [UE 42234] UL Throughput = 0.09934 Mbps
45783 ms [UE 30040] UL Throughput = 0.01341 Mbps
45783 ms [UE 42234] UL Throughput = 0.0 Mbps
45788 ms [UE 30040] UL Throughput = 0.05869 Mbps
45788 ms [UE 42234] UL Throughput = 0.09233 Mbps
45884 ms [UE 30040] UL Throughput = 0.0 Mbps
45884 ms [UE 42234] UL Throughput = 0.0 Mbps
45975 ms [UE 30040] UL Throughput = 0.0 Mbps
45975 ms [UE 42234] UL Throughput = 0.0 Mbps
46061 ms [UE 30040] UL Throughput = 0.08233 Mbps
46061 ms [UE 42234] UL Throughput = 0.03222 Mbps
46149 ms [UE 30040] UL Throughput = 0.0828 Mbps
46149 ms [UE 42234] UL Throughput = 0.09874 Mbps
46232 ms [UE 30040] UL Throughput = 0.06705 Mbps
46232 ms [UE 42234] UL Throughput = 0.0 Mbps
46322 ms [UE 30040] UL Throughput = 0.0 Mbps
46322 ms [UE 42234] UL Throughput = 0.0 Mbps
46403 ms [UE 42234] UL Throughput = 0.0 Mbps
46489 ms [UE 30040] UL Throughput = 0.05416 Mbps
46489 ms [UE 42234] UL Throughput = 0.0 Mbps
46583 ms [UE 30040] UL Throughput = 0.0 Mbps
46583 ms [UE 42234] UL Throughput = 0.0 Mbps
46686 ms [UE 30040] UL Throughput = 0.0 Mbps
46686 ms [UE 42234] UL Throughput = 0.01195 Mbps
46772 ms [UE 30040] UL Throughput = 0.0 Mbps
46772 ms [UE 42234] UL Throughput = 0.0 Mbps
46777 ms [UE 30040] UL Throughput = 0.01017 Mbps
46777 ms [UE 42234] UL Throughput = 0.04894 Mbps
46778 ms [UE 30040] UL Throughput = 0.06374 Mbps
46778 ms [UE 42234] UL Throughput = 0.0 Mbps
46847 ms [UE 42234] UL Throughput = 0.09452 Mbps
46964 ms [UE 30040] UL Throughput = 0.07569 Mbps
46964 ms [UE 42234] UL Throughput = 0.0 Mbps
47056 ms [UE 30040] UL Throughput = 0.0 Mbps
47056 ms [UE 42234] UL Throughput = 0.01912 Mbps
47152 ms [UE 30040] UL Throughput = 0.0 Mbps
47280 ms [UE 30040] UL Throughput = 0.09399 Mbps
47280 ms [UE 42234] UL Throughput = 0.06719 Mbps
47282 ms [UE 30040] UL Throughput = 0.0 Mbps
47282 ms [UE 42234] UL Throughput = 0.06337 Mbps
47286 ms [UE 30040] UL Throughput = 0.0 Mbps
47286 ms [UE 42234] UL Throughput = 0.0 Mbps
47397 ms [UE 30040] UL Throughput = 0.08368 Mbps
47397 ms [UE 42234] UL Throughput = 0.06722 Mbps
47515 ms [UE 30040] UL Throughput = 0.06112 Mbps
47515 ms [UE 42234] UL Throughput = 0.0 Mbps
47617 ms [UE 30040] UL Throughput = 0.0 Mbps
47617 ms [UE 42234] UL Throughput = 0.0 Mbps
47623 ms [UE 30040] UL Throughput = 0.02811 Mbps
47623 ms [UE 42234] UL Throughput = 0.0 Mbps
47628 ms [UE 30040] UL Throughput = 0.0 Mbps
47628 ms [UE 42234] UL Throughput = 0.07269 Mbps
47719 ms [UE 30040] UL Throughput = 0.04679 Mbps
47719 ms [UE 42234] UL Throughput = 0.0 Mbps
47821 ms [UE 30040] UL Throughput = 0.06884 Mbps
47821 ms [UE 42234] UL Throughput = 0.0 Mbps
47927 ms [UE 30040] UL Throughput = 0.0 Mbps
47927 ms [UE 42234] UL Throughput = 0.05342 Mbps
48052 ms [UE 30040] UL Throughput = 0.05198 Mbps
48052 ms [UE 42234] UL Throughput = 0.04508 Mbps
48158 ms [UE 30040] UL Throughput = 0.0 Mbps
48158 ms [UE 42234] UL Throughput = 0.0 Mbps
48247 ms [UE 30040] UL Throughput = 0.02609 Mbps
48247 ms [UE 42234] UL Throughput = 0.0 Mbps
48348 ms [UE 30040] UL Throughput = 0.09523 Mbps
48348 ms [UE 42234] UL Throughput = 0.0 Mbps
48442 ms [UE 30040] UL Throughput = 0.06241 Mbps
48442 ms [UE 42234] UL Throughput = 0.0 Mbps
48447 ms [UE 30040] UL Throughput = 0.0 Mbps
48447 ms [UE 42234] UL Throughput = 0.0 Mbps
48449 ms [UE 30040] UL Throughput = 0.01642 Mbps
48449 ms [UE 42234] UL Throughput = 0.0 Mbps
48542 ms [UE 30040] UL Throughput = 0.0 Mbps
48542 ms [UE 42234] UL Throughput = 0.12863 Mbps
48632 ms [UE 30040] UL Throughput = 0.01391 Mbps
48734 ms [UE 30040] UL Throughput = 0.0 Mbps
48734 ms [UE 42234] UL Throughput = 0.02881 Mbps
48810 ms [UE 30040] UL Throughput = 0.08002 Mbps
48810 ms [UE 42234] UL Throughput = 0.0 Mbps
48812 ms [UE 30040] UL Throughput = 0.0 Mbps
48812 ms [UE 42234] UL Throughput = 0.03171 Mbps
48911 ms [UE 30040] UL Throughput = 0.0452 Mbps
48911 ms [UE 42234] UL Throughput = 0.06545 Mbps
48912 ms [UE 30040] UL Throughput = 0.04276 Mbps
48912 ms [UE 42234] UL Throughput = 0.01912 Mbps
49017 ms [UE 30040] UL Throughput = 0.06432 Mbps
49017 ms [UE 42234] UL Throughput = 0.07036 Mbps
49154 ms [UE 30040] UL Throughput = 0.0 Mbps
49154 ms [UE 42234] UL Throughput = 0.0922 Mbps
49245 ms [UE 30040] UL Throughput = 0.0 Mbps
49245 ms [UE 42234] UL Throughput = 0.0 Mbps
49350 ms [UE 30040] UL Throughput = 0.01417 Mbps
49440 ms [UE 30040] UL Throughput = 0.01833 Mbps
49440 ms [UE 42234] UL Throughput = 0.0 Mbps
49446 ms [UE 30040] UL Throughput = 0.0 Mbps
49446 ms [UE 42234] UL Throughput = 0.0 Mbps
49533 ms [UE 42234] UL Throughput = 0.04148 Mbps
49629 ms [UE 30040] UL Throughput = 0.09051 Mbps
49629 ms [UE 42234] UL Throughput = 0.08395 Mbps
49710 ms [UE 30040] UL Throughput = 0.0 Mbps
49710 ms [UE 42234] UL Throughput = 0.0 Mbps
49812 ms [UE 30040] UL Throughput = 0.0 Mbps
49812 ms [UE 42234] UL Throughput = 0.0 Mbps
49890 ms [UE 30040] UL Throughput = 0.08494 Mbps
49990 ms [UE 30040] UL Throughput = 0.0 Mbps
49990 ms [UE 42234] UL Throughput = 0.0 Mbps
50088 ms [UE 30040] UL Throughput = 0.05314 Mbps
50088 ms [UE 42234] UL Throughput = 0.0679 Mbps
50182 ms [UE 30040] UL Throughput = 0.06345 Mbps
50182 ms [UE 42234] UL Throughput = 0.0 Mbps
50279 ms [UE 30040] UL Throughput = 0.0 Mbps
50279 ms [UE 42234] UL Throughput = 0.01398 Mbps
50392 ms [UE 30040] UL Throughput = 0.0 Mbps
50392 ms [UE 42234] UL Throughput = 0.0 Mbps
50394 ms [UE 30040] UL Throughput = 0.04584 Mbps
50394 ms [UE 42234] UL Throughput = 0.10151 Mbps
50490 ms [UE 30040] UL Throughput = 0.04849 Mbps
50490 ms [UE 42234] UL Throughput = 0.13757 Mbps
50601 ms [UE 30040] UL Throughput = 0.06977 Mbps
50601 ms [UE 42234] UL Throughput = 0.0 Mbps
50602 ms [UE 30040] UL Throughput = 0.0 Mbps
50602 ms [UE 42234] UL Throughput = 0.0 Mbps
50697 ms [UE 30040] UL Throughput = 0.0 Mbps
50697 ms [UE 42234] UL Throughput = 0.0827 Mbps
50780 ms [UE 30040] UL Throughput = 0.0 Mbps
50780 ms [UE 42234] UL Throughput = 0.01128 Mbps
50860 ms [UE 30040] UL Throughput = 0.09438 Mbps
50860 ms [UE 42234] UL Throughput = 0.0 Mbps
50933 ms [UE 30040] UL Throughput = 0.02522 Mbps
50933 ms [UE 42234] UL Throughput = 0.0 Mbps
51027 ms [UE 30040] UL Throughput = 0.0 Mbps
51027 ms [UE 42234] UL Throughput = 0.0 Mbps
51030 ms [UE 30040] UL Throughput = 0.0 Mbps
51030 ms [UE 42234] UL Throughput = 0.039 Mbps
51119 ms [UE 42234] UL Throughput = 0.0 Mbps
51213 ms [UE 30040] UL Throughput = 0.0 Mbps
51213 ms [UE 42234] UL Throughput = 0.0 Mbps
51304 ms [UE 30040] UL Throughput = 0.02037 Mbps
51304 ms [UE 42234] UL Throughput = 0.03935 Mbps
51426 ms [UE 30040] UL Throughput = 0.05738 Mbps
51426 ms [UE 42234] UL Throughput = 0.08356 Mbps
51529 ms [UE 30040] UL Throughput = 0.0 Mbps
51529 ms [UE 42234] UL Throughput = 0.07662 Mbps
51534 ms [UE 30040] UL Throughput = 0.0 Mbps
51623 ms [UE 30040] UL Throughput = 0.08621 Mbps
51623 ms [UE 42234] UL Throughput = 0.02996 Mbps
51727 ms [UE 30040] UL Throughput = 0.014 Mbps
51727 ms [UE 42234] UL Throughput = 0.0 Mbps
51824 ms [UE 30040] UL Throughput = 0.0 Mbps
51824 ms [UE 42234] UL Throughput = 0.08009 Mbps
51925 ms [UE 30040] UL Throughput = 0.10556 Mbps
51925 ms [UE 42234] UL Throughput = 0.03265 Mbps
52028 ms [UE 30040] UL Throughput = 0.0 Mbps
52112 ms [UE 30040] UL Throughput = 0.0 Mbps
52112 ms [UE 42234] UL Throughput = 0.01034 Mbps
52239 ms [UE 30040] UL Throughput = 0.0 Mbps
52239 ms [UE 42234] UL Throughput = 0.0 Mbps
52351 ms [UE 30040] UL Throughput = 0.04536 Mbps
52351 ms [UE 42234] UL Throughput = 0.02955 Mbps
52478 ms [UE 30040] UL Throughput = 0.0 Mbps
52478 ms [UE 42234] UL Throughput = 0.0 Mbps
52567 ms [UE 30040] UL Throughput = 0.0 Mbps
52567 ms [UE 42234] UL Throughput = 0.0 Mbps
52664 ms [UE 30040] UL Throughput = 0.04799 Mbps
52664 ms [UE 42234] UL Throughput = 0.06878 Mbps
52762 ms [UE 30040] UL Throughput = 0.07293 Mbps
52762 ms [UE 42234] UL Throughput = 0.0 Mbps
52851 ms [UE 30040] UL Throughput = 0.0 Mbps
52851 ms [UE 42234] UL Throughput = 0.02301 Mbps
52949 ms [UE 42234] UL Throughput = 0.0 Mbps
53063 ms [UE 30040] UL Throughput = 0.0 Mbps
53063 ms [UE 42234] UL Throughput = 0.0 Mbps
53148 ms [UE 30040] UL Throughput = 0.0 Mbps
53148 ms [UE 42234] UL Throughput = 0.01239 Mbps
53235 ms [UE 30040] UL Throughput = 0.0 Mbps
53237 ms [UE 30040] UL Throughput = 0.09219 Mbps
53237 ms [UE 42234] UL Throughput = 0.0 Mbps
53320 ms [UE 42234] UL Throughput = 0.0 Mbps
53434 ms [UE 42234] UL Throughput = 0.04158 Mbps
53546 ms [UE 30040] UL Throughput = 0.0 Mbps
53546 ms [UE 42234] UL Throughput = 0.0 Mbps
53664 ms [UE 30040] UL Throughput = 0.03097 Mbps
53664 ms [UE 42234] UL Throughput = 0.08087 Mbps
53776 ms [UE 30040] UL Throughput = 0.0 Mbps
53776 ms [UE 42234] UL Throughput = 0.0445 Mbps
53898 ms [UE 30040] UL Throughput = 0.06484 Mbps
53982 ms [UE 30040] UL Throughput = 0.06256 Mbps
54087 ms [UE 30040] UL Throughput = 0.0 Mbps
54087 ms [UE 42234] UL Throughput = 0.0 Mbps
54192 ms [UE 30040] UL Throughput = 0.0 Mbps
54278 ms [UE 30040] UL Throughput = 0.0 Mbps
54278 ms [UE 42234] UL Throughput = 0.0 Mbps
54373 ms [UE 30040] UL Throughput = 0.0 Mbps
54373 ms [UE 42234] UL Throughput = 0.0 Mbps
54461 ms [UE 30040] UL Throughput = 0.09366 Mbps
54461 ms [UE 42234] UL Throughput = 0.0 Mbps
54550 ms [UE 30040] UL Throughput = 0.09303 Mbps
54640 ms [UE 30040] UL Throughput = 0.10763 Mbps
54642 ms [UE 30040] UL Throughput = 0.03447 Mbps
54642 ms [UE 42234] UL Throughput = 0.0 Mbps
54770 ms [UE 30040] UL Throughput = 0.11226 Mbps
54770 ms [UE 42234] UL Throughput = 0.0 Mbps
54854 ms [UE 30040] UL Throughput = 0.0 Mbps
54854 ms [UE 42234] UL Throughput = 0.0 Mbps
54988 ms [UE 30040] UL Throughput = 0.0 Mbps
54988 ms [UE 42234] UL Throughput = 0.0 Mbps
55080 ms [UE 30040] UL Throughput = 0.0 Mbps
55080 ms [UE 42234] UL Throughput = 0.0 Mbps
55171 ms [UE 30040] UL Throughput = 0.08507 Mbps
55171 ms [UE 42234] UL Throughput = 0.0 Mbps
55311 ms [UE 30040] UL Throughput = 0.0 Mbps
55311 ms [UE 42234] UL Throughput = 0.0 Mbps
55399 ms [UE 30040] UL Throughput = 0.0 Mbps
55399 ms [UE 42234] UL Throughput = 0.0 Mbps
55401 ms [UE 30040] UL Throughput = 0.09319 Mbps
55401 ms [UE 42234] UL Throughput = 0.0 Mbps
55487 ms [UE 30040] UL Throughput = 0.06302 Mbps
55487 ms [UE 42234] UL Throughput = 0.05756 Mbps
55554 ms [UE 42234] UL Throughput = 0.06578 Mbps
55629 ms [UE 30040] UL Throughput = 0.0812 Mbps
55715 ms [UE 30040] UL Throughput = 0.04747 Mbps
55824 ms [UE 30040] UL Throughput = 0.09197 Mbps
55824 ms [UE 42234] UL Throughput = 0.0 Mbps
55906 ms [UE 42234] UL Throughput = 0.0 Mbps
56010 ms [UE 30040] UL Throughput = 0.06049 Mbps
56010 ms [UE 42234] UL Throughput = 0.05865 Mbps
56102 ms [UE 30040] UL Throughput = 0.01326 Mbps
56102 ms [UE 42234] UL Throughput = 0.0 Mbps
56103 ms [UE 30040] UL Throughput = 0.0 Mbps
56103 ms [UE 42234] UL Throughput = 0.04085 Mbps
56106 ms [UE 30040] UL Throughput = 0.0 Mbps
56106 ms [UE 42234] UL Throughput = 0.07099 Mbps
56203 ms [UE 30040] UL Throughput = 0.0 Mbps
56203 ms [UE 42234] UL Throughput = 0.0 Mbps
56288 ms [UE 30040] UL Throughput = 0.0 Mbps
56288 ms [UE 42234] UL Throughput = 0.06833 Mbps
56412 ms [UE 30040] UL Throughput = 0.06942 Mbps
56412 ms [UE 42234] UL Throughput = 0.0 Mbps
56510 ms [UE 30040] UL Throughput = 0.0 Mbps
56510 ms [UE 42234] UL Throughput = 0.01239 Mbps
56648 ms [UE 30040] UL Throughput = 0.06276 Mbps
56648 ms [UE 42234] UL Throughput = 0.07017 Mbps
56737 ms [UE 30040] UL Throughput = 0.0 Mbps
56737 ms [UE 42234] UL Throughput = 0.1105 Mbps
56824 ms [UE 30040] UL Throughput = 0.0 Mbps
56824 ms [UE 42234] UL Throughput = 0.0 Mbps
56925 ms [UE 30040] UL Throughput = 0.0 Mbps
56925 ms [UE 42234] UL Throughput = 0.0 Mbps
57045 ms [UE 30040] UL Throughput = 0.0 Mbps
57045 ms [UE 42234] UL Throughput = 0.06637 Mbps
57136 ms [UE 30040] UL Throughput = 0.07651 Mbps
57136 ms [UE 42234] UL Throughput = 0.08195 Mbps
57229 ms [UE 30040] UL Throughput = 0.0 Mbps
57229 ms [UE 42234] UL Throughput = 0.0 Mbps
57337 ms [UE 30040] UL Throughput = 0.09468 Mbps
57337 ms [UE 42234] UL Throughput = 0.0 Mbps
57434 ms [UE 30040] UL Throughput = 0.06969 Mbps
57434 ms [UE 42234] UL Throughput = 0.01122 Mbps
57534 ms [UE 30040] UL Throughput = 0.0 Mbps
57534 ms [UE 42234] UL Throughput = 0.0 Mbps
57645 ms [UE 30040] UL Throughput = 0.0 Mbps
57645 ms [UE 42234] UL Throughput = 0.0801 Mbps
57743 ms [UE 30040] UL Throughput = 0.07581 Mbps
57743 ms [UE 42234] UL Throughput = 0.0 Mbps
57852 ms [UE 30040] UL Throughput = 0.0 Mbps
57973 ms [UE 30040] UL Throughput = 0.0 Mbps
57973 ms [UE 42234] UL Throughput = 0.08937 Mbps
58069 ms [UE 30040] UL Throughput = 0.0 Mbps
58172 ms [UE 30040] UL Throughput = 0.06253 Mbps
58172 ms [UE 42234] UL Throughput = 0.0 Mbps
58285 ms [UE 30040] UL Throughput = 0.05933 Mbps
58285 ms [UE 42234] UL Throughput = 0.0 Mbps
58370 ms [UE 30040] UL Throughput = 0.0 Mbps
58370 ms [UE 42234] UL Throughput = 0.07545 Mbps
58454 ms [UE 30040] UL Throughput = 0.0 Mbps
58456 ms [UE 42234] UL Throughput = 0.0 Mbps
58514 ms [UE 30040] UL Throughput = 0.08347 Mbps
58514 ms [UE 42234] UL Throughput = 0.0 Mbps
58516 ms [UE 42234] UL Throughput = 0.04569 Mbps
58521 ms [UE 30040] UL Throughput = 0.0 Mbps
58521 ms [UE 42234] UL Throughput = 0.0 Mbps
58627 ms [UE 30040] UL Throughput = 0.01813 Mbps
58627 ms [UE 42234] UL Throughput = 0.03122 Mbps
58716 ms [UE 30040] UL Throughput = 0.07089 Mbps
58716 ms [UE 42234] UL Throughput = 0.06442 Mbps
58836 ms [UE 30040] UL Throughput = 0.07619 Mbps
58836 ms [UE 42234] UL Throughput = 0.0907 Mbps
58943 ms [UE 30040] UL Throughput = 0.0 Mbps
58943 ms [UE 42234] UL Throughput = 0.0 Mbps
59045 ms [UE 30040] UL Throughput = 0.01425 Mbps
59140 ms [UE 30040] UL Throughput = 0.03878 Mbps
59140 ms [UE 42234] UL Throughput = 0.01392 Mbps
59141 ms [UE 30040] UL Throughput = 0.01687 Mbps
59225 ms [UE 30040] UL Throughput = 0.0 Mbps
59225 ms [UE 42234] UL Throughput = 0.02248 Mbps
59327 ms [UE 30040] UL Throughput = 0.01002 Mbps
59327 ms [UE 42234] UL Throughput = 0.0 Mbps
59434 ms [UE 30040] UL Throughput = 0.08578 Mbps
59434 ms [UE 42234] UL Throughput = 0.04195 Mbps
59540 ms [UE 30040] UL Throughput = 0.0 Mbps
59540 ms [UE 42234] UL Throughput = 0.0 Mbps
59638 ms [UE 30040] UL Throughput = 0.0 Mbps
59638 ms [UE 42234] UL Throughput = 0.0649 Mbps
59714 ms [UE 30040] UL Throughput = 0.0 Mbps
59714 ms [UE 42234] UL Throughput = 0.039 Mbps
59815 ms [UE 42234] UL Throughput = 0.0 Mbps
59897 ms [UE 30040] UL Throughput = 0.01766 Mbps
59897 ms [UE 42234] UL Throughput = 0.0 Mbps
59982 ms [UE 30040] UL Throughput = 0.0 Mbps
59982 ms [UE 42234] UL Throughput = 0.0 Mbps
60075 ms [UE 30040] UL Throughput = 0.01408 Mbps
60075 ms [UE 42234] UL Throughput = 0.0 Mbps
60142 ms [UE 30040] UL Throughput = 0.04983 Mbps
60142 ms [UE 42234] UL Throughput = 0.0 Mbps
60237 ms [UE 30040] UL Throughput = 0.08534 Mbps
60237 ms [UE 42234] UL Throughput = 0.0 Mbps
60340 ms [UE 30040] UL Throughput = 0.08991 Mbps
60340 ms [UE 42234] UL Throughput = 0.0 Mbps
60427 ms [UE 30040] UL Throughput = 0.0 Mbps
60427 ms [UE 42234] UL Throughput = 0.0 Mbps
60524 ms [UE 42234] UL Throughput = 0.0 Mbps
60614 ms [UE 30040] UL Throughput = 0.0 Mbps
60614 ms [UE 42234] UL Throughput = 0.0 Mbps
60712 ms [UE 30040] UL Throughput = 0.0 Mbps
60712 ms [UE 42234] UL Throughput = 0.0 Mbps
60813 ms [UE 30040] UL Throughput = 0.09859 Mbps
60813 ms [UE 42234] UL Throughput = 0.0 Mbps
60921 ms [UE 30040] UL Throughput = 0.04525 Mbps
60921 ms [UE 42234] UL Throughput = 0.07348 Mbps
61026 ms [UE 30040] UL Throughput = 0.0 Mbps
61026 ms [UE 42234] UL Throughput = 0.0 Mbps
61147 ms [UE 30040] UL Throughput = 0.0 Mbps
61147 ms [UE 42234] UL Throughput = 0.0 Mbps
61233 ms [UE 30040] UL Throughput = 0.0 Mbps
61233 ms [UE 42234] UL Throughput = 0.05251 Mbps
61237 ms [UE 30040] UL Throughput = 0.09416 Mbps
61237 ms [UE 42234] UL Throughput = 0.08949 Mbps
61243 ms [UE 30040] UL Throughput = 0.09596 Mbps
61243 ms [UE 42234] UL Throughput = 0.07649 Mbps
61333 ms [UE 42234] UL Throughput = 0.07949 Mbps
61448 ms [UE 30040] UL Throughput = 0.082 Mbps
61448 ms [UE 42234] UL Throughput = 0.0 Mbps
61552 ms [UE 30040] UL Throughput = 0.05122 Mbps
61552 ms [UE 42234] UL Throughput = 0.08463 Mbps
61639 ms [UE 42234] UL Throughput = 0.0 Mbps
61747 ms [UE 42234] UL Throughput = 0.02513 Mbps
61850 ms [UE 30040] UL Throughput = 0.06401 Mbps
61850 ms [UE 42234] UL Throughput = 0.0 Mbps
61949 ms [UE 30040] UL Throughput = 0.0 Mbps
61949 ms [UE 42234] UL Throughput = 0.06881 Mbps
62048 ms [UE 30040] UL Throughput = 0.03306 Mbps
62048 ms [UE 42234] UL Throughput = 0.04035 Mbps
62135 ms [UE 30040] UL Throughput = 0.0 Mbps
62135 ms [UE 42234] UL Throughput = 0.08656 Mbps
62223 ms [UE 30040] UL Throughput = 0.0 Mbps
62223 ms [UE 42234] UL Throughput = 0.0 Mbps
62225 ms [UE 30040] UL Throughput = 0.0 Mbps
62225 ms [UE 42234] UL Throughput = 0.0 Mbps
62339 ms [UE 30040] UL Throughput = 0.0367 Mbps
62339 ms [UE 42234] UL Throughput = 0.02996 Mbps
62452 ms [UE 30040] UL Throughput = 0.09928 Mbps
62452 ms [UE 42234] UL Throughput = 0.07106 Mbps
62537 ms [UE 30040] UL Throughput = 0.0 Mbps
62537 ms [UE 42234] UL Throughput = 0.01043 Mbps
62654 ms [UE 30040] UL Throughput = 0.06127 Mbps
62654 ms [UE 42234] UL Throughput = 0.0 Mbps
62747 ms [UE 30040] UL Throughput = 0.0 Mbps
62747 ms [UE 42234] UL Throughput = 0.07362 Mbps
62858 ms [UE 30040] UL Throughput = 0.0 Mbps
62858 ms [UE 42234] UL Throughput = 0.07029 Mbps
62953 ms [UE 30040] UL Throughput = 0.0 Mbps
62953 ms [UE 42234] UL Throughput = 0.06049 Mbps
63027 ms [UE 30040] UL Throughput = 0.0 Mbps
63027 ms [UE 42234] UL Throughput = 0.0 Mbps
63096 ms [UE 30040] UL Throughput = 0.0656 Mbps
63096 ms [UE 42234] UL Throughput = 0.0 Mbps
63209 ms [UE 30040] UL Throughput = 0.03834 Mbps
63328 ms [UE 30040] UL Throughput = 0.08705 Mbps
63408 ms [UE 30040] UL Throughput = 0.0 Mbps
63408 ms [UE 42234] UL Throughput = 0.04542 Mbps
63522 ms [UE 30040] UL Throughput = 0.0 Mbps
63522 ms [UE 42234] UL Throughput = 0.0 Mbps
63525 ms [UE 30040] UL Throughput = 0.06981 Mbps
63525 ms [UE 42234] UL Throughput = 0.0 Mbps
63605 ms [UE 30040] UL Throughput = 0.09122 Mbps
63605 ms [UE 42234] UL Throughput = 0.0 Mbps
63701 ms [UE 30040] UL Throughput = 0.01706 Mbps
63701 ms [UE 42234] UL Throughput = 0.0 Mbps
63703 ms [UE 30040] UL Throughput = 0.0 Mbps
63703 ms [UE 42234] UL Throughput = 0.0 Mbps
63804 ms [UE 30040] UL Throughput = 0.0 Mbps
63804 ms [UE 42234] UL Throughput = 0.0 Mbps
63920 ms [UE 30040] UL Throughput = 0.0 Mbps
63920 ms [UE 42234] UL Throughput = 0.0 Mbps
64027 ms [UE 30040] UL Throughput = 0.05666 Mbps
64027 ms [UE 42234] UL Throughput = 0.0 Mbps
64032 ms [UE 30040] UL Throughput = 0.04572 Mbps
64032 ms [UE 42234] UL Throughput = 0.0 Mbps
64125 ms [UE 30040] UL Throughput = 0.08838 Mbps
64125 ms [UE 42234] UL Throughput = 0.07531 Mbps
64128 ms [UE 30040] UL Throughput = 0.0 Mbps
64128 ms [UE 42234] UL Throughput = 0.0 Mbps
64251 ms [UE 30040] UL Throughput = 0.0 Mbps
64251 ms [UE 42234] UL Throughput = 0.0 Mbps
64320 ms [UE 30040] UL Throughput = 0.0185 Mbps
64320 ms [UE 42234] UL Throughput = 0.0 Mbps
64416 ms [UE 30040] UL Throughput = 0.0 Mbps
64416 ms [UE 42234] UL Throughput = 0.0 Mbps
64422 ms [UE 30040] UL Throughput = 0.0 Mbps
64422 ms [UE 42234] UL Throughput = 0.06782 Mbps
64528 ms [UE 30040] UL Throughput = 0.05994 Mbps
64528 ms [UE 42234] UL Throughput = 0.03495 Mbps
64604 ms [UE 30040] UL Throughput = 0.0 Mbps
64604 ms [UE 42234] UL Throughput = 0.0 Mbps
64608 ms [UE 30040] UL Throughput = 0.03477 Mbps
64608 ms [UE 42234] UL Throughput = 0.0 Mbps
64706 ms [UE 30040] UL Throughput = 0.02083 Mbps
64706 ms [UE 42234] UL Throughput = 0.09133 Mbps
64805 ms [UE 30040] UL Throughput = 0.0 Mbps
64810 ms [UE 30040] UL Throughput = 0.09261 Mbps
64810 ms [UE 42234] UL Throughput = 0.0 Mbps
64889 ms [UE 30040] UL Throughput = 0.0 Mbps
64889 ms [UE 42234] UL Throughput = 0.0 Mbps
65012 ms [UE 30040] UL Throughput = 0.07021 Mbps
65012 ms [UE 42234] UL Throughput = 0.0 Mbps
65139 ms [UE 30040] UL Throughput = 0.0 Mbps
65230 ms [UE 30040] UL Throughput = 0.0 Mbps
65230 ms [UE 42234] UL Throughput = 0.0 Mbps
65234 ms [UE 30040] UL Throughput = 0.04078 Mbps
65234 ms [UE 42234] UL Throughput = 0.07994 Mbps
65334 ms [UE 30040] UL Throughput = 0.06373 Mbps
65334 ms [UE 42234] UL Throughput = 0.0 Mbps
65415 ms [UE 30040] UL Throughput = 0.0 Mbps
65415 ms [UE 42234] UL Throughput = 0.01252 Mbps
65522 ms [UE 30040] UL Throughput = 0.03532 Mbps
65522 ms [UE 42234] UL Throughput = 0.0 Mbps
65658 ms [UE 42234] UL Throughput = 0.0 Mbps
65746 ms [UE 30040] UL Throughput = 0.01599 Mbps
65746 ms [UE 42234] UL Throughput = 0.05772 Mbps
65843 ms [UE 30040] UL Throughput = 0.04856 Mbps
65843 ms [UE 42234] UL Throughput = 0.13424 Mbps
65967 ms [UE 30040] UL Throughput = 0.0 Mbps
65967 ms [UE 42234] UL Throughput = 0.02847 Mbps
66042 ms [UE 42234] UL Throughput = 0.01394 Mbps
66136 ms [UE 30040] UL Throughput = 0.05037 Mbps
66136 ms [UE 42234] UL Throughput = 0.0 Mbps
66139 ms [UE 30040] UL Throughput = 0.09618 Mbps
66139 ms [UE 42234] UL Throughput = 0.07604 Mbps
66231 ms [UE 42234] UL Throughput = 0.05941 Mbps
66236 ms [UE 30040] UL Throughput = 0.03759 Mbps
66236 ms [UE 42234] UL Throughput = 0.0 Mbps
66356 ms [UE 30040] UL Throughput = 0.06305 Mbps
66356 ms [UE 42234] UL Throughput = 0.04771 Mbps
66455 ms [UE 30040] UL Throughput = 0.01372 Mbps
66455 ms [UE 42234] UL Throughput = 0.05924 Mbps
66566 ms [UE 30040] UL Throughput = 0.03154 Mbps
66566 ms [UE 42234] UL Throughput = 0.08023 Mbps
66661 ms [UE 30040] UL Throughput = 0.0 Mbps
66661 ms [UE 42234] UL Throughput = 0.0 Mbps
66756 ms [UE 30040] UL Throughput = 0.08172 Mbps
66756 ms [UE 42234] UL Throughput = 0.08271 Mbps
66757 ms [UE 30040] UL Throughput = 0.05018 Mbps
66757 ms [UE 42234] UL Throughput = 0.0 Mbps
66840 ms [UE 30040] UL Throughput = 0.0 Mbps
66846 ms [UE 30040] UL Throughput = 0.0 Mbps
66846 ms [UE 42234] UL Throughput = 0.03967 Mbps
66979 ms [UE 30040] UL Throughput = 0.0 Mbps
66979 ms [UE 42234] UL Throughput = 0.0 Mbps
67102 ms [UE 30040] UL Throughput = 0.0 Mbps
67102 ms [UE 42234] UL Throughput = 0.0 Mbps
67219 ms [UE 42234] UL Throughput = 0.0 Mbps
67289 ms [UE 30040] UL Throughput = 0.06012 Mbps
67289 ms [UE 42234] UL Throughput = 0.0 Mbps
67399 ms [UE 30040] UL Throughput = 0.0 Mbps
67399 ms [UE 42234] UL Throughput = 0.06511 Mbps
67483 ms [UE 30040] UL Throughput = 0.02679 Mbps
67483 ms [UE 42234] UL Throughput = 0.0 Mbps
67587 ms [UE 42234] UL Throughput = 0.1437 Mbps
67711 ms [UE 30040] UL Throughput = 0.0 Mbps
67711 ms [UE 42234] UL Throughput = 0.0 Mbps
67827 ms [UE 30040] UL Throughput = 0.1504 Mbps
67827 ms [UE 42234] UL Throughput = 0.0823 Mbps
67918 ms [UE 30040] UL Throughput = 0.09384 Mbps
67918 ms [UE 42234] UL Throughput = 0.0 Mbps
68016 ms [UE 30040] UL Throughput = 0.08605 Mbps
68016 ms [UE 42234] UL Throughput = 0.0 Mbps
68102 ms [UE 30040] UL Throughput = 0.0 Mbps
68102 ms [UE 42234] UL Throughput = 0.0 Mbps
68187 ms [UE 42234] UL Throughput = 0.0 Mbps
68188 ms [UE 30040] UL Throughput = 0.0 Mbps
68188 ms [UE 42234] UL Throughput = 0.0 Mbps
68194 ms [UE 30040] UL Throughput = 0.02104 Mbps
68194 ms [UE 42234] UL Throughput = 0.0 Mbps
68320 ms [UE 30040] UL Throughput = 0.01502 Mbps
68320 ms [UE 42234] UL Throughput = 0.0 Mbps
68326 ms [UE 30040] UL Throughput = 0.0 Mbps
68326 ms [UE 42234] UL Throughput = 0.07003 Mbps
68328 ms [UE 30040] UL Throughput = 0.06178 Mbps
68328 ms [UE 42234] UL Throughput = 0.0 Mbps
68454 ms [UE 30040] UL Throughput = 0.02699 Mbps
68562 ms [UE 30040] UL Throughput = 0.16717 Mbps
68562 ms [UE 42234] UL Throughput = 0.03335 Mbps
68563 ms [UE 30040] UL Throughput = 0.0 Mbps
68563 ms [UE 42234] UL Throughput = 0.01348 Mbps
68568 ms [UE 30040] UL Throughput = 0.0 Mbps
68568 ms [UE 42234] UL Throughput = 0.15755 Mbps
68573 ms [UE 30040] UL Throughput = 0.0 Mbps
68573 ms [UE 42234] UL Throughput = 0.0 Mbps
68692 ms [UE 30040] UL Throughput = 0.06151 Mbps
68692 ms [UE 42234] UL Throughput = 0.0 Mbps
68791 ms [UE 30040] UL Throughput = 0.02877 Mbps
68791 ms [UE 42234] UL Throughput = 0.0 Mbps
68796 ms [UE 30040] UL Throughput = 0.09457 Mbps
68796 ms [UE 42234] UL Throughput = 0.09594 Mbps
68802 ms [UE 30040] UL Throughput = 0.09361 Mbps
68802 ms [UE 42234] UL Throughput = 0.0224 Mbps
68893 ms [UE 30040] UL Throughput = 0.0 Mbps
68893 ms [UE 42234] UL Throughput = 0.09788 Mbps
68989 ms [UE 30040] UL Throughput = 0.03373 Mbps
68989 ms [UE 42234] UL Throughput = 0.01183 Mbps
69087 ms [UE 30040] UL Throughput = 0.0 Mbps
69087 ms [UE 42234] UL Throughput = 0.0 Mbps
69172 ms [UE 30040] UL Throughput = 0.0924 Mbps
69172 ms [UE 42234] UL Throughput = 0.17537 Mbps
69174 ms [UE 42234] UL Throughput = 0.09846 Mbps
69264 ms [UE 30040] UL Throughput = 0.0 Mbps
69264 ms [UE 42234] UL Throughput = 0.0 Mbps
69349 ms [UE 30040] UL Throughput = 0.09655 Mbps
69349 ms [UE 42234] UL Throughput = 0.01323 Mbps
69449 ms [UE 30040] UL Throughput = 0.0 Mbps
69449 ms [UE 42234] UL Throughput = 0.07505 Mbps
69557 ms [UE 30040] UL Throughput = 0.06309 Mbps
69557 ms [UE 42234] UL Throughput = 0.0 Mbps
69654 ms [UE 30040] UL Throughput = 0.01611 Mbps
69654 ms [UE 42234] UL Throughput = 0.0 Mbps
69657 ms [UE 30040] UL Throughput = 0.08358 Mbps
69739 ms [UE 30040] UL Throughput = 0.0 Mbps
69739 ms [UE 42234] UL Throughput = 0.0 Mbps
69831 ms [UE 30040] UL Throughput = 0.06283 Mbps
69831 ms [UE 42234] UL Throughput = 0.02725 Mbps
69974 ms [UE 30040] UL Throughput = 0.0 Mbps
69974 ms [UE 42234] UL Throughput = 0.05377 Mbps
70061 ms [UE 30040] UL Throughput = 0.0 Mbps
70144 ms [UE 30040] UL Throughput = 0.09882 Mbps
70144 ms [UE 42234] UL Throughput = 0.0 Mbps
70145 ms [UE 30040] UL Throughput = 0.0 Mbps
70145 ms [UE 42234] UL Throughput = 0.0 Mbps
70240 ms [UE 30040] UL Throughput = 0.0 Mbps
70240 ms [UE 42234] UL Throughput = 0.03903 Mbps
70328 ms [UE 30040] UL Throughput = 0.0 Mbps
70328 ms [UE 42234] UL Throughput = 0.02088 Mbps
70435 ms [UE 30040] UL Throughput = 0.02543 Mbps
70555 ms [UE 30040] UL Throughput = 0.0 Mbps
70555 ms [UE 42234] UL Throughput = 0.0 Mbps
70651 ms [UE 30040] UL Throughput = 0.13549 Mbps
70651 ms [UE 42234] UL Throughput = 0.0 Mbps
70654 ms [UE 30040] UL Throughput = 0.12828 Mbps
70654 ms [UE 42234] UL Throughput = 0.04742 Mbps
70742 ms [UE 30040] UL Throughput = 0.0 Mbps
70742 ms [UE 42234] UL Throughput = 0.0 Mbps
70838 ms [UE 42234] UL Throughput = 0.0617 Mbps
70956 ms [UE 30040] UL Throughput = 0.12673 Mbps
70956 ms [UE 42234] UL Throughput = 0.0 Mbps
70957 ms [UE 30040] UL Throughput = 0.01472 Mbps
70957 ms [UE 42234] UL Throughput = 0.0 Mbps
71050 ms [UE 30040] UL Throughput = 0.0 Mbps
71050 ms [UE 42234] UL Throughput = 0.0 Mbps
71133 ms [UE 42234] UL Throughput = 0.0 Mbps
71137 ms [UE 30040] UL Throughput = 0.0 Mbps
71137 ms [UE 42234] UL Throughput = 0.0 Mbps
71255 ms [UE 30040] UL Throughput = 0.0 Mbps
71255 ms [UE 42234] UL Throughput = 0.01419 Mbps
71339 ms [UE 30040] UL Throughput = 0.0 Mbps
71339 ms [UE 42234] UL Throughput = 0.06944 Mbps
71343 ms [UE 30040] UL Throughput = 0.0256 Mbps
71343 ms [UE 42234] UL Throughput = 0.0 Mbps
71473 ms [UE 30040] UL Throughput = 0.02718 Mbps
71473 ms [UE 42234] UL Throughput = 0.01387 Mbps
71576 ms [UE 30040] UL Throughput = 0.06351 Mbps
71576 ms [UE 42234] UL Throughput = 0.09471 Mbps
71689 ms [UE 30040] UL Throughput = 0.05693 Mbps
71689 ms [UE 42234] UL Throughput = 0.0 Mbps
71690 ms [UE 30040] UL Throughput = 0.02929 Mbps
71690 ms [UE 42234] UL Throughput = 0.0357 Mbps
71696 ms [UE 30040] UL Throughput = 0.0 Mbps
71696 ms [UE 42234] UL Throughput = 0.06526 Mbps
71702 ms [UE 30040] UL Throughput = 0.0 Mbps
71702 ms [UE 42234] UL Throughput = 0.03367 Mbps
71706 ms [UE 30040] UL Throughput = 0.0 Mbps
71706 ms [UE 42234] UL Throughput = 0.05355 Mbps
71804 ms [UE 30040] UL Throughput = 0.06562 Mbps
71804 ms [UE 42234] UL Throughput = 0.0 Mbps
71805 ms [UE 30040] UL Throughput = 0.0 Mbps
71805 ms [UE 42234] UL Throughput = 0.0526 Mbps
71810 ms [UE 30040] UL Throughput = 0.07013 Mbps
71810 ms [UE 42234] UL Throughput = 0.07826 Mbps
71902 ms [UE 30040] UL Throughput = 0.0 Mbps
71902 ms [UE 42234] UL Throughput = 0.0 Mbps
72011 ms [UE 30040] UL Throughput = 0.04864 Mbps
72011 ms [UE 42234] UL Throughput = 0.05893 Mbps
72111 ms [UE 30040] UL Throughput = 0.07952 Mbps
72213 ms [UE 30040] UL Throughput = 0.09677 Mbps
72213 ms [UE 42234] UL Throughput = 0.0 Mbps
72289 ms [UE 30040] UL Throughput = 0.0 Mbps
72289 ms [UE 42234] UL Throughput = 0.0 Mbps
72384 ms [UE 30040] UL Throughput = 0.0 Mbps
72384 ms [UE 42234] UL Throughput = 0.06173 Mbps
72471 ms [UE 30040] UL Throughput = 0.0 Mbps
72471 ms [UE 42234] UL Throughput = 0.0 Mbps
72564 ms [UE 30040] UL Throughput = 0.01265 Mbps
72568 ms [UE 30040] UL Throughput = 0.0 Mbps
72568 ms [UE 42234] UL Throughput = 0.0 Mbps
72574 ms [UE 30040] UL Throughput = 0.0 Mbps
72659 ms [UE 30040] UL Throughput = 0.0 Mbps
72659 ms [UE 42234] UL Throughput = 0.09579 Mbps
72768 ms [UE 30040] UL Throughput = 0.04659 Mbps
72768 ms [UE 42234] UL Throughput = 0.06369 Mbps
72882 ms [UE 30040] UL Throughput = 0.0 Mbps
72882 ms [UE 42234] UL Throughput = 0.0 Mbps
72963 ms [UE 30040] UL Throughput = 0.0 Mbps
72963 ms [UE 42234] UL Throughput = 0.05214 Mbps
72968 ms [UE 30040] UL Throughput = 0.08811 Mbps
72968 ms [UE 42234] UL Throughput = 0.06135 Mbps
73042 ms [UE 30040] UL Throughput = 0.0605 Mbps
73042 ms [UE 42234] UL Throughput = 0.02556 Mbps
73164 ms [UE 42234] UL Throughput = 0.0468 Mbps
73238 ms [UE 30040] UL Throughput = 0.01068 Mbps
73238 ms [UE 42234] UL Throughput = 0.0 Mbps
73311 ms [UE 30040] UL Throughput = 0.06901 Mbps
73311 ms [UE 42234] UL Throughput = 0.0 Mbps
73387 ms [UE 30040] UL Throughput = 0.0 Mbps
73387 ms [UE 42234] UL Throughput = 0.06734 Mbps
73476 ms [UE 30040] UL Throughput = 0.06199 Mbps
73476 ms [UE 42234] UL Throughput = 0.03693 Mbps
73569 ms [UE 42234] UL Throughput = 0.02987 Mbps
73669 ms [UE 30040] UL Throughput = 0.0 Mbps
73669 ms [UE 42234] UL Throughput = 0.0 Mbps
73756 ms [UE 30040] UL Throughput = 0.0 Mbps
73756 ms [UE 42234] UL Throughput = 0.06849 Mbps
73860 ms [UE 30040] UL Throughput = 0.06382 Mbps
73970 ms [UE 30040] UL Throughput = 0.0 Mbps
73970 ms [UE 42234] UL Throughput = 0.02025 Mbps
74047 ms [UE 30040] UL Throughput = 0.06203 Mbps
74047 ms [UE 42234] UL Throughput = 0.01002 Mbps
74123 ms [UE 30040] UL Throughput = 0.0 Mbps
74123 ms [UE 42234] UL Throughput = 0.0 Mbps
74239 ms [UE 30040] UL Throughput = 0.05272 Mbps
74239 ms [UE 42234] UL Throughput = 0.08426 Mbps
74344 ms [UE 30040] UL Throughput = 0.0548 Mbps
74344 ms [UE 42234] UL Throughput = 0.0 Mbps
74471 ms [UE 30040] UL Throughput = 0.09734 Mbps
74471 ms [UE 42234] UL Throughput = 0.06015 Mbps
74474 ms [UE 30040] UL Throughput = 0.08912 Mbps
74474 ms [UE 42234] UL Throughput = 0.0 Mbps
74475 ms [UE 30040] UL Throughput = 0.04226 Mbps
74475 ms [UE 42234] UL Throughput = 0.0 Mbps
74596 ms [UE 30040] UL Throughput = 0.07416 Mbps
74596 ms [UE 42234] UL Throughput = 0.08827 Mbps
74683 ms [UE 30040] UL Throughput = 0.0 Mbps
74683 ms [UE 42234] UL Throughput = 0.04652 Mbps
74684 ms [UE 30040] UL Throughput = 0.04563 Mbps
74684 ms [UE 42234] UL Throughput = 0.09778 Mbps
74794 ms [UE 30040] UL Throughput = 0.0 Mbps
74794 ms [UE 42234] UL Throughput = 0.0 Mbps
74795 ms [UE 30040] UL Throughput = 0.06649 Mbps
74795 ms [UE 42234] UL Throughput = 0.0 Mbps
74883 ms [UE 30040] UL Throughput = 0.0 Mbps
74977 ms [UE 30040] UL Throughput = 0.0 Mbps
74977 ms [UE 42234] UL Throughput = 0.0 Mbps
74983 ms [UE 30040] UL Throughput = 0.07343 Mbps
75077 ms [UE 30040] UL Throughput = 0.0 Mbps
75077 ms [UE 42234] UL Throughput = 0.0135 Mbps
75078 ms [UE 30040] UL Throughput = 0.07667 Mbps
75191 ms [UE 30040] UL Throughput = 0.0 Mbps
75191 ms [UE 42234] UL Throughput = 0.0 Mbps
75194 ms [UE 30040] UL Throughput = 0.02726 Mbps
75194 ms [UE 42234] UL Throughput = 0.09006 Mbps
75290 ms [UE 30040] UL Throughput = 0.02951 Mbps
75290 ms [UE 42234] UL Throughput = 0.0 Mbps
75296 ms [UE 42234] UL Throughput = 0.0 Mbps
75302 ms [UE 42234] UL Throughput = 0.0 Mbps
75397 ms [UE 30040] UL Throughput = 0.06302 Mbps
75397 ms [UE 42234] UL Throughput = 0.02365 Mbps
75529 ms [UE 42234] UL Throughput = 0.03414 Mbps
75626 ms [UE 42234] UL Throughput = 0.0 Mbps
75713 ms [UE 30040] UL Throughput = 0.07922 Mbps
75713 ms [UE 42234] UL Throughput = 0.08143 Mbps
75819 ms [UE 30040] UL Throughput = 0.0 Mbps
75925 ms [UE 42234] UL Throughput = 0.13171 Mbps
76051 ms [UE 30040] UL Throughput = 0.0 Mbps
76051 ms [UE 42234] UL Throughput = 0.09312 Mbps
76135 ms [UE 30040] UL Throughput = 0.09533 Mbps
76135 ms [UE 42234] UL Throughput = 0.09522 Mbps
76140 ms [UE 30040] UL Throughput = 0.0 Mbps
76140 ms [UE 42234] UL Throughput = 0.0 Mbps
76217 ms [UE 30040] UL Throughput = 0.0 Mbps
76217 ms [UE 42234] UL Throughput = 0.05539 Mbps
76302 ms [UE 30040] UL Throughput = 0.0 Mbps
76302 ms [UE 42234] UL Throughput = 0.0 Mbps
76432 ms [UE 30040] UL Throughput = 0.0 Mbps
76432 ms [UE 42234] UL Throughput = 0.0 Mbps
76541 ms [UE 30040] UL Throughput = 0.0 Mbps
76541 ms [UE 42234] UL Throughput = 0.0 Mbps
76635 ms [UE 42234] UL Throughput = 0.0 Mbps
76638 ms [UE 30040] UL Throughput = 0.0639 Mbps
76638 ms [UE 42234] UL Throughput = 0.09457 Mbps
76741 ms [UE 30040] UL Throughput = 0.0 Mbps
76741 ms [UE 42234] UL Throughput = 0.03261 Mbps
76867 ms [UE 30040] UL Throughput = 0.08523 Mbps
76867 ms [UE 42234] UL Throughput = 0.08435 Mbps
76967 ms [UE 30040] UL Throughput = 0.0558 Mbps
76967 ms [UE 42234] UL Throughput = 0.03252 Mbps
77069 ms [UE 30040] UL Throughput = 0.0 Mbps
77069 ms [UE 42234] UL Throughput = 0.02682 Mbps
77175 ms [UE 30040] UL Throughput = 0.0 Mbps
77175 ms [UE 42234] UL Throughput = 0.02189 Mbps
77315 ms [UE 30040] UL Throughput = 0.0 Mbps
77315 ms [UE 42234] UL Throughput = 0.05458 Mbps
77316 ms [UE 42234] UL Throughput = 0.06363 Mbps
77421 ms [UE 30040] UL Throughput = 0.04107 Mbps
77421 ms [UE 42234] UL Throughput = 0.0 Mbps
77491 ms [UE 30040] UL Throughput = 0.0 Mbps
77491 ms [UE 42234] UL Throughput = 0.10523 Mbps
77583 ms [UE 30040] UL Throughput = 0.0 Mbps
77583 ms [UE 42234] UL Throughput = 0.0 Mbps
77710 ms [UE 42234] UL Throughput = 0.03717 Mbps
77814 ms [UE 30040] UL Throughput = 0.0 Mbps
77814 ms [UE 42234] UL Throughput = 0.0 Mbps
77913 ms [UE 30040] UL Throughput = 0.03849 Mbps
77913 ms [UE 42234] UL Throughput = 0.05012 Mbps
78019 ms [UE 30040] UL Throughput = 0.0 Mbps
78019 ms [UE 42234] UL Throughput = 0.0 Mbps
78117 ms [UE 30040] UL Throughput = 0.08626 Mbps
78117 ms [UE 42234] UL Throughput = 0.045 Mbps
78223 ms [UE 30040] UL Throughput = 0.02296 Mbps
78223 ms [UE 42234] UL Throughput = 0.08069 Mbps
78313 ms [UE 30040] UL Throughput = 0.04033 Mbps
78313 ms [UE 42234] UL Throughput = 0.07407 Mbps
78408 ms [UE 30040] UL Throughput = 0.05629 Mbps
78408 ms [UE 42234] UL Throughput = 0.06576 Mbps
78516 ms [UE 30040] UL Throughput = 0.0 Mbps
78516 ms [UE 42234] UL Throughput = 0.05931 Mbps
78519 ms [UE 30040] UL Throughput = 0.0 Mbps
78519 ms [UE 42234] UL Throughput = 0.0 Mbps
78594 ms [UE 30040] UL Throughput = 0.0 Mbps
78594 ms [UE 42234] UL Throughput = 0.0 Mbps
78685 ms [UE 30040] UL Throughput = 0.0 Mbps
78685 ms [UE 42234] UL Throughput = 0.0 Mbps
78779 ms [UE 30040] UL Throughput = 0.0 Mbps
78779 ms [UE 42234] UL Throughput = 0.05164 Mbps
78882 ms [UE 30040] UL Throughput = 0.05017 Mbps
78882 ms [UE 42234] UL Throughput = 0.08061 Mbps
78998 ms [UE 30040] UL Throughput = 0.0 Mbps
78998 ms [UE 42234] UL Throughput = 0.01471 Mbps
79087 ms [UE 30040] UL Throughput = 0.06341 Mbps
79087 ms [UE 42234] UL Throughput = 0.06171 Mbps
79090 ms [UE 30040] UL Throughput = 0.0353 Mbps
79090 ms [UE 42234] UL Throughput = 0.0 Mbps
79195 ms [UE 30040] UL Throughput = 0.0 Mbps
79195 ms [UE 42234] UL Throughput = 0.0 Mbps
79280 ms [UE 30040] UL Throughput = 0.0 Mbps
79367 ms [UE 30040] UL Throughput = 0.0 Mbps
79367 ms [UE 42234] UL Throughput = 0.08733 Mbps
79482 ms [UE 30040] UL Throughput = 0.0 Mbps
79482 ms [UE 42234] UL Throughput = 0.05348 Mbps
79577 ms [UE 42234] UL Throughput = 0.0 Mbps
79580 ms [UE 30040] UL Throughput = 0.0 Mbps
79580 ms [UE 42234] UL Throughput = 0.0 Mbps
79584 ms [UE 30040] UL Throughput = 0.0195 Mbps
79584 ms [UE 42234] UL Throughput = 0.07661 Mbps
79700 ms [UE 30040] UL Throughput = 0.0 Mbps
79700 ms [UE 42234] UL Throughput = 0.07893 Mbps
79788 ms [UE 30040] UL Throughput = 0.08862 Mbps
79788 ms [UE 42234] UL Throughput = 0.0 Mbps
79792 ms [UE 30040] UL Throughput = 0.05307 Mbps
79792 ms [UE 42234] UL Throughput = 0.05141 Mbps
79913 ms [UE 30040] UL Throughput = 0.0 Mbps
79913 ms [UE 42234] UL Throughput = 0.06215 Mbps
80006 ms [UE 30040] UL Throughput = 0.0 Mbps
80006 ms [UE 42234] UL Throughput = 0.05261 Mbps
80122 ms [UE 30040] UL Throughput = 0.0 Mbps
80122 ms [UE 42234] UL Throughput = 0.0824 Mbps
80238 ms [UE 30040] UL Throughput = 0.0 Mbps
80238 ms [UE 42234] UL Throughput = 0.08511 Mbps
80337 ms [UE 30040] UL Throughput = 0.07172 Mbps
80337 ms [UE 42234] UL Throughput = 0.04979 Mbps
80435 ms [UE 30040] UL Throughput = 0.09673 Mbps
80435 ms [UE 42234] UL Throughput = 0.04405 Mbps
80539 ms [UE 30040] UL Throughput = 0.02784 Mbps
80539 ms [UE 42234] UL Throughput = 0.0 Mbps
80649 ms [UE 30040] UL Throughput = 0.10157 Mbps
80649 ms [UE 42234] UL Throughput = 0.0 Mbps
80772 ms [UE 30040] UL Throughput = 0.09642 Mbps
80772 ms [UE 42234] UL Throughput = 0.06067 Mbps
80775 ms [UE 30040] UL Throughput = 0.1119 Mbps
80775 ms [UE 42234] UL Throughput = 0.09155 Mbps
80851 ms [UE 30040] UL Throughput = 0.03055 Mbps
80851 ms [UE 42234] UL Throughput = 0.0 Mbps
80972 ms [UE 30040] UL Throughput = 0.0 Mbps
80972 ms [UE 42234] UL Throughput = 0.0 Mbps
81074 ms [UE 30040] UL Throughput = 0.07865 Mbps
81141 ms [UE 30040] UL Throughput = 0.0 Mbps
81141 ms [UE 42234] UL Throughput = 0.03858 Mbps
81144 ms [UE 30040] UL Throughput = 0.0 Mbps
81144 ms [UE 42234] UL Throughput = 0.04096 Mbps
81147 ms [UE 30040] UL Throughput = 0.0 Mbps
81237 ms [UE 30040] UL Throughput = 0.0 Mbps
81237 ms [UE 42234] UL Throughput = 0.0 Mbps
81356 ms [UE 30040] UL Throughput = 0.07898 Mbps
81356 ms [UE 42234] UL Throughput = 0.13378 Mbps
81468 ms [UE 30040] UL Throughput = 0.03234 Mbps
81468 ms [UE 42234] UL Throughput = 0.10531 Mbps
81588 ms [UE 30040] UL Throughput = 0.0 Mbps
81588 ms [UE 42234] UL Throughput = 0.05716 Mbps
81642 ms [UE 30040] UL Throughput = 0.05984 Mbps
81642 ms [UE 42234] UL Throughput = 0.0 Mbps
81723 ms [UE 30040] UL Throughput = 0.01985 Mbps
81723 ms [UE 42234] UL Throughput = 0.06252 Mbps
81823 ms [UE 30040] UL Throughput = 0.01074 Mbps
81823 ms [UE 42234] UL Throughput = 0.0 Mbps
81906 ms [UE 30040] UL Throughput = 0.0 Mbps
81906 ms [UE 42234] UL Throughput = 0.01934 Mbps
81989 ms [UE 30040] UL Throughput = 0.0 Mbps
81989 ms [UE 42234] UL Throughput = 0.0 Mbps
82083 ms [UE 30040] UL Throughput = 0.07152 Mbps
82083 ms [UE 42234] UL Throughput = 0.07744 Mbps
82193 ms [UE 42234] UL Throughput = 0.01894 Mbps
82286 ms [UE 30040] UL Throughput = 0.0 Mbps
82286 ms [UE 42234] UL Throughput = 0.0 Mbps
82395 ms [UE 30040] UL Throughput = 0.05428 Mbps
82395 ms [UE 42234] UL Throughput = 0.02459 Mbps
82510 ms [UE 30040] UL Throughput = 0.0 Mbps
82510 ms [UE 42234] UL Throughput = 0.0 Mbps
82613 ms [UE 30040] UL Throughput = 0.0 Mbps
82613 ms [UE 42234] UL Throughput = 0.0 Mbps
82618 ms [UE 30040] UL Throughput = 0.01033 Mbps
82618 ms [UE 42234] UL Throughput = 0.0 Mbps
82729 ms [UE 30040] UL Throughput = 0.0 Mbps
82729 ms [UE 42234] UL Throughput = 0.0 Mbps
82827 ms [UE 42234] UL Throughput = 0.0 Mbps
82911 ms [UE 30040] UL Throughput = 0.0 Mbps
82911 ms [UE 42234] UL Throughput = 0.05581 Mbps
82997 ms [UE 30040] UL Throughput = 0.0 Mbps
82997 ms [UE 42234] UL Throughput = 0.04795 Mbps
83108 ms [UE 42234] UL Throughput = 0.0 Mbps
83208 ms [UE 30040] UL Throughput = 0.0 Mbps
83208 ms [UE 42234] UL Throughput = 0.05869 Mbps
83300 ms [UE 30040] UL Throughput = 0.0879 Mbps
83300 ms [UE 42234] UL Throughput = 0.18845 Mbps
83389 ms [UE 30040] UL Throughput = 0.0 Mbps
83389 ms [UE 42234] UL Throughput = 0.0 Mbps
83392 ms [UE 30040] UL Throughput = 0.06549 Mbps
83392 ms [UE 42234] UL Throughput = 0.05446 Mbps
83469 ms [UE 30040] UL Throughput = 0.0 Mbps
83469 ms [UE 42234] UL Throughput = 0.01995 Mbps
83573 ms [UE 30040] UL Throughput = 0.0 Mbps
83573 ms [UE 42234] UL Throughput = 0.0 Mbps
83678 ms [UE 30040] UL Throughput = 0.08245 Mbps
83678 ms [UE 42234] UL Throughput = 0.09091 Mbps
83683 ms [UE 30040] UL Throughput = 0.0 Mbps
83782 ms [UE 30040] UL Throughput = 0.06134 Mbps
83782 ms [UE 42234] UL Throughput = 0.0 Mbps
83858 ms [UE 30040] UL Throughput = 0.0 Mbps
83858 ms [UE 42234] UL Throughput = 0.02421 Mbps
83954 ms [UE 30040] UL Throughput = 0.0 Mbps
83954 ms [UE 42234] UL Throughput = 0.0884 Mbps
84063 ms [UE 30040] UL Throughput = 0.03134 Mbps
84063 ms [UE 42234] UL Throughput = 0.0 Mbps
84151 ms [UE 42234] UL Throughput = 0.0 Mbps
84246 ms [UE 30040] UL Throughput = 0.08939 Mbps
84349 ms [UE 30040] UL Throughput = 0.05264 Mbps
84349 ms [UE 42234] UL Throughput = 0.02876 Mbps
84444 ms [UE 30040] UL Throughput = 0.0 Mbps
84444 ms [UE 42234] UL Throughput = 0.01116 Mbps
84540 ms [UE 30040] UL Throughput = 0.0 Mbps
84540 ms [UE 42234] UL Throughput = 0.0 Mbps
84622 ms [UE 30040] UL Throughput = 0.06518 Mbps
84622 ms [UE 42234] UL Throughput = 0.0534 Mbps
84720 ms [UE 42234] UL Throughput = 0.0 Mbps
84811 ms [UE 30040] UL Throughput = 0.0 Mbps
84811 ms [UE 42234] UL Throughput = 0.01013 Mbps
84903 ms [UE 30040] UL Throughput = 0.0 Mbps
84903 ms [UE 42234] UL Throughput = 0.0 Mbps
85008 ms [UE 42234] UL Throughput = 0.0 Mbps
85111 ms [UE 30040] UL Throughput = 0.0 Mbps
85111 ms [UE 42234] UL Throughput = 0.05129 Mbps
85231 ms [UE 30040] UL Throughput = 0.0 Mbps
85231 ms [UE 42234] UL Throughput = 0.09425 Mbps
85360 ms [UE 30040] UL Throughput = 0.0 Mbps
85360 ms [UE 42234] UL Throughput = 0.0787 Mbps
85444 ms [UE 30040] UL Throughput = 0.04373 Mbps
85444 ms [UE 42234] UL Throughput = 0.06791 Mbps
85532 ms [UE 30040] UL Throughput = 0.06117 Mbps
85532 ms [UE 42234] UL Throughput = 0.06228 Mbps
85651 ms [UE 30040] UL Throughput = 0.0 Mbps
85651 ms [UE 42234] UL Throughput = 0.0 Mbps
85748 ms [UE 30040] UL Throughput = 0.04878 Mbps
85748 ms [UE 42234] UL Throughput = 0.04199 Mbps
85754 ms [UE 30040] UL Throughput = 0.0 Mbps
85754 ms [UE 42234] UL Throughput = 0.09647 Mbps
85755 ms [UE 30040] UL Throughput = 0.13355 Mbps
85755 ms [UE 42234] UL Throughput = 0.0 Mbps
85859 ms [UE 30040] UL Throughput = 0.0 Mbps
85859 ms [UE 42234] UL Throughput = 0.14603 Mbps
85945 ms [UE 30040] UL Throughput = 0.0 Mbps
85945 ms [UE 42234] UL Throughput = 0.0 Mbps
86057 ms [UE 30040] UL Throughput = 0.0 Mbps
86057 ms [UE 42234] UL Throughput = 0.09553 Mbps
86059 ms [UE 30040] UL Throughput = 0.0 Mbps
86059 ms [UE 42234] UL Throughput = 0.05316 Mbps
86145 ms [UE 30040] UL Throughput = 0.0 Mbps
86145 ms [UE 42234] UL Throughput = 0.0 Mbps
86244 ms [UE 30040] UL Throughput = 0.0 Mbps
86244 ms [UE 42234] UL Throughput = 0.0491 Mbps
86245 ms [UE 30040] UL Throughput = 0.0 Mbps
86245 ms [UE 42234] UL Throughput = 0.06365 Mbps
86382 ms [UE 30040] UL Throughput = 0.01632 Mbps
86382 ms [UE 42234] UL Throughput = 0.0 Mbps
86434 ms [UE 30040] UL Throughput = 0.0 Mbps
86434 ms [UE 42234] UL Throughput = 0.03722 Mbps
86440 ms [UE 30040] UL Throughput = 0.10315 Mbps
86440 ms [UE 42234] UL Throughput = 0.0 Mbps
86535 ms [UE 30040] UL Throughput = 0.0 Mbps
86535 ms [UE 42234] UL Throughput = 0.0 Mbps
86539 ms [UE 30040] UL Throughput = 0.06404 Mbps
86539 ms [UE 42234] UL Throughput = 0.0 Mbps
86626 ms [UE 30040] UL Throughput = 0.04098 Mbps
86629 ms [UE 30040] UL Throughput = 0.0 Mbps
86629 ms [UE 42234] UL Throughput = 0.06259 Mbps
86745 ms [UE 30040] UL Throughput = 0.013 Mbps
86745 ms [UE 42234] UL Throughput = 0.0 Mbps
86839 ms [UE 30040] UL Throughput = 0.0 Mbps
86839 ms [UE 42234] UL Throughput = 0.05156 Mbps
86933 ms [UE 30040] UL Throughput = 0.0422 Mbps
86933 ms [UE 42234] UL Throughput = 0.0 Mbps
87037 ms [UE 30040] UL Throughput = 0.0 Mbps
87037 ms [UE 42234] UL Throughput = 0.0 Mbps
87148 ms [UE 30040] UL Throughput = 0.03262 Mbps
87148 ms [UE 42234] UL Throughput = 0.01604 Mbps
87149 ms [UE 30040] UL Throughput = 0.06141 Mbps
87149 ms [UE 42234] UL Throughput = 0.0 Mbps
87256 ms [UE 30040] UL Throughput = 0.0 Mbps
87353 ms [UE 30040] UL Throughput = 0.0 Mbps
87353 ms [UE 42234] UL Throughput = 0.01623 Mbps
87358 ms [UE 42234] UL Throughput = 0.0 Mbps
87476 ms [UE 30040] UL Throughput = 0.02762 Mbps
87476 ms [UE 42234] UL Throughput = 0.0797 Mbps
87571 ms [UE 30040] UL Throughput = 0.05321 Mbps
87571 ms [UE 42234] UL Throughput = 0.0645 Mbps
87673 ms [UE 30040] UL Throughput = 0.0 Mbps
87673 ms [UE 42234] UL Throughput = 0.0 Mbps
87775 ms [UE 30040] UL Throughput = 0.01324 Mbps
87775 ms [UE 42234] UL Throughput = 0.0 Mbps
87780 ms [UE 42234] UL Throughput = 0.0 Mbps
87782 ms [UE 42234] UL Throughput = 0.09946 Mbps
87870 ms [UE 30040] UL Throughput = 0.07292 Mbps
87870 ms [UE 42234] UL Throughput = 0.0 Mbps
87954 ms [UE 30040] UL Throughput = 0.02959 Mbps
87954 ms [UE 42234] UL Throughput = 0.088 Mbps
88071 ms [UE 30040] UL Throughput = 0.0 Mbps
88071 ms [UE 42234] UL Throughput = 0.07769 Mbps
88168 ms [UE 30040] UL Throughput = 0.0 Mbps
88168 ms [UE 42234] UL Throughput = 0.0 Mbps
88277 ms [UE 30040] UL Throughput = 0.08085 Mbps
88283 ms [UE 42234] UL Throughput = 0.0 Mbps
88396 ms [UE 30040] UL Throughput = 0.05061 Mbps
88396 ms [UE 42234] UL Throughput = 0.07716 Mbps
88397 ms [UE 30040] UL Throughput = 0.08756 Mbps
88503 ms [UE 30040] UL Throughput = 0.0 Mbps
88503 ms [UE 42234] UL Throughput = 0.07603 Mbps
88505 ms [UE 30040] UL Throughput = 0.0 Mbps
88505 ms [UE 42234] UL Throughput = 0.05145 Mbps
88619 ms [UE 30040] UL Throughput = 0.0 Mbps
88619 ms [UE 42234] UL Throughput = 0.05684 Mbps
88722 ms [UE 30040] UL Throughput = 0.0 Mbps
88722 ms [UE 42234] UL Throughput = 0.0 Mbps
88829 ms [UE 42234] UL Throughput = 0.0 Mbps
88942 ms [UE 30040] UL Throughput = 0.07474 Mbps
88942 ms [UE 42234] UL Throughput = 0.04491 Mbps
89043 ms [UE 30040] UL Throughput = 0.0 Mbps
89043 ms [UE 42234] UL Throughput = 0.09814 Mbps
89135 ms [UE 30040] UL Throughput = 0.04766 Mbps
89135 ms [UE 42234] UL Throughput = 0.0 Mbps
89238 ms [UE 30040] UL Throughput = 0.0 Mbps
89238 ms [UE 42234] UL Throughput = 0.0 Mbps
89312 ms [UE 30040] UL Throughput = 0.07414 Mbps
89312 ms [UE 42234] UL Throughput = 0.0 Mbps
89421 ms [UE 30040] UL Throughput = 0.10461 Mbps
89421 ms [UE 42234] UL Throughput = 0.06015 Mbps
89426 ms [UE 30040] UL Throughput = 0.0 Mbps
89426 ms [UE 42234] UL Throughput = 0.08583 Mbps
89522 ms [UE 30040] UL Throughput = 0.0 Mbps
89522 ms [UE 42234] UL Throughput = 0.06893 Mbps
89613 ms [UE 30040] UL Throughput = 0.0 Mbps
89613 ms [UE 42234] UL Throughput = 0.0 Mbps
89714 ms [UE 30040] UL Throughput = 0.09905 Mbps
89714 ms [UE 42234] UL Throughput = 0.0 Mbps
89809 ms [UE 30040] UL Throughput = 0.0 Mbps
89809 ms [UE 42234] UL Throughput = 0.0 Mbps
89900 ms [UE 30040] UL Throughput = 0.01575 Mbps
89900 ms [UE 42234] UL Throughput = 0.0 Mbps
