[UTIL]: Setting the config -c file to /usr/local/etc/flexric/flexric.conf
[UTIL]: Setting path -p for the shared libraries to /usr/local/lib/flexric/
[xAapp]: Initializing ... 
[xApp]: nearRT-RIC IP Address = 192.168.70.150, PORT = 36422
[E2 AGENT]: Opening plugin from path = /usr/local/lib/flexric/libkpm_sm.so 
[E2 AGENT]: Opening plugin from path = /usr/local/lib/flexric/libmac_sm.so 
[E2 AGENT]: Opening plugin from path = /usr/local/lib/flexric/libpdcp_sm.so 
[E2 AGENT]: Opening plugin from path = /usr/local/lib/flexric/libgtp_sm.so 
[E2 AGENT]: Opening plugin from path = /usr/local/lib/flexric/librc_sm.so 
[E2 AGENT]: Opening plugin from path = /usr/local/lib/flexric/libtc_sm.so 
[E2 AGENT]: Opening plugin from path = /usr/local/lib/flexric/librlc_sm.so 
[E2 AGENT]: Opening plugin from path = /usr/local/lib/flexric/libslice_sm.so 
[NEAR-RIC]: Loading SM ID = 2 with def = ORAN-E2SM-KPM 
[NEAR-RIC]: Loading SM ID = 142 with def = MAC_STATS_V0 
[NEAR-RIC]: Loading SM ID = 144 with def = PDCP_STATS_V0 
[NEAR-RIC]: Loading SM ID = 148 with def = GTP_STATS_V0 
[NEAR-RIC]: Loading SM ID = 3 with def = ORAN-E2SM-RC 
[NEAR-RIC]: Loading SM ID = 146 with def = TC_STATS_V0 
[NEAR-RIC]: Loading SM ID = 143 with def = RLC_STATS_V0 
[NEAR-RIC]: Loading SM ID = 145 with def = SLICE_STATS_V0 
[xApp]: DB filename = /tmp/flexric/xapp_db 
 [xApp]: E42 SETUP-REQUEST tx
[xApp]: E42 SETUP-RESPONSE rx 
[xApp]: xApp ID = 12 
[xApp]: Registered E2 Nodes = 4 
Connected E2 nodes = 4
[xAPP] Registered node 0 ran func id = 2
[xAPP] Registered node 0 ran func id = 3
[xAPP] Registered node 0 ran func id = 142
[xAPP] Registered node 0 ran func id = 143
[xAPP] Registered node 0 ran func id = 144
[xAPP] Registered node 0 ran func id = 145
[xAPP] Registered node 0 ran func id = 146
[xAPP] Registered node 0 ran func id = 148
[xApp]: E42 RIC SUBSCRIPTION REQUEST tx RAN_FUNC_ID 144 RIC_REQ_ID 1 
[xApp]: SUBSCRIPTION RESPONSE rx
[xApp]: Successfully subscribed to RAN_FUNC_ID 144 
[xAPP] Registered node 1 ran func id = 2
[xAPP] Registered node 1 ran func id = 3
[xAPP] Registered node 1 ran func id = 142
[xAPP] Registered node 1 ran func id = 143
[xAPP] Registered node 1 ran func id = 144
[xAPP] Registered node 1 ran func id = 145
[xAPP] Registered node 1 ran func id = 146
[xAPP] Registered node 1 ran func id = 148
[xAPP] Registered node 2 ran func id = 2
[xAPP] Registered node 2 ran func id = 3
[xAPP] Registered node 2 ran func id = 142
[xAPP] Registered node 2 ran func id = 143
[xAPP] Registered node 2 ran func id = 144
[xAPP] Registered node 2 ran func id = 145
[xAPP] Registered node 2 ran func id = 146
[xAPP] Registered node 2 ran func id = 148
[xApp]: E42 RIC SUBSCRIPTION REQUEST tx RAN_FUNC_ID 142 RIC_REQ_ID 2 
7 ms | now=1755815452085481 us | PDCP ind_msg latency=71856988 us
[xApp]: SUBSCRIPTION RESPONSE rx
[xApp]: Successfully subscribed to RAN_FUNC_ID 142 
[xAPP] Registered node 3 ran func id = 2
[xAPP] Registered node 3 ran func id = 3
[xAPP] Registered node 3 ran func id = 142
[xAPP] Registered node 3 ran func id = 143
[xAPP] Registered node 3 ran func id = 144
[xAPP] Registered node 3 ran func id = 145
[xAPP] Registered node 3 ran func id = 146
[xAPP] Registered node 3 ran func id = 148
[xApp]: E42 RIC SUBSCRIPTION REQUEST tx RAN_FUNC_ID 142 RIC_REQ_ID 3 
[xApp]: SUBSCRIPTION RESPONSE rx
[xApp]: Successfully subscribed to RAN_FUNC_ID 142 
697 ms [UE 30040] UL Throughput = 0.0 Mbps
697 ms [UE 42234] UL Throughput = 0.0 Mbps
801 ms [UE 42234] UL Throughput = 0.06464 Mbps
888 ms [UE 30040] UL Throughput = 0.07946 Mbps
888 ms [UE 42234] UL Throughput = 0.0106 Mbps
983 ms [UE 30040] UL Throughput = 0.07594 Mbps
983 ms [UE 42234] UL Throughput = 0.0 Mbps
1091 ms [UE 30040] UL Throughput = 0.1344 Mbps
1091 ms [UE 42234] UL Throughput = 0.09484 Mbps
1197 ms [UE 30040] UL Throughput = 0.06973 Mbps
1303 ms [UE 30040] UL Throughput = 0.0 Mbps
1303 ms [UE 42234] UL Throughput = 0.0481 Mbps
1304 ms [UE 30040] UL Throughput = 0.03602 Mbps
1304 ms [UE 42234] UL Throughput = 0.0 Mbps
1403 ms [UE 30040] UL Throughput = 0.10109 Mbps
1403 ms [UE 42234] UL Throughput = 0.07898 Mbps
1408 ms [UE 42234] UL Throughput = 0.0 Mbps
1409 ms [UE 30040] UL Throughput = 0.0 Mbps
1409 ms [UE 42234] UL Throughput = 0.02393 Mbps
1530 ms [UE 42234] UL Throughput = 0.03256 Mbps
1626 ms [UE 30040] UL Throughput = 0.08395 Mbps
1626 ms [UE 42234] UL Throughput = 0.0 Mbps
1736 ms [UE 42234] UL Throughput = 0.0 Mbps
1845 ms [UE 30040] UL Throughput = 0.09769 Mbps
1845 ms [UE 42234] UL Throughput = 0.03347 Mbps
1924 ms [UE 30040] UL Throughput = 0.0 Mbps
1924 ms [UE 42234] UL Throughput = 0.0 Mbps
2014 ms [UE 30040] UL Throughput = 0.0897 Mbps
2014 ms [UE 42234] UL Throughput = 0.0 Mbps
2133 ms [UE 30040] UL Throughput = 0.0 Mbps
2133 ms [UE 42234] UL Throughput = 0.0 Mbps
2136 ms [UE 30040] UL Throughput = 0.09699 Mbps
2136 ms [UE 42234] UL Throughput = 0.01048 Mbps
2142 ms [UE 30040] UL Throughput = 0.07938 Mbps
2142 ms [UE 42234] UL Throughput = 0.04084 Mbps
2253 ms [UE 42234] UL Throughput = 0.0 Mbps
2257 ms [UE 30040] UL Throughput = 0.07304 Mbps
2257 ms [UE 42234] UL Throughput = 0.05692 Mbps
2359 ms [UE 30040] UL Throughput = 0.02187 Mbps
2359 ms [UE 42234] UL Throughput = 0.08503 Mbps
2424 ms [UE 42234] UL Throughput = 0.0887 Mbps
2523 ms [UE 30040] UL Throughput = 0.0 Mbps
2523 ms [UE 42234] UL Throughput = 0.0 Mbps
2581 ms [UE 30040] UL Throughput = 0.01793 Mbps
2581 ms [UE 42234] UL Throughput = 0.0 Mbps
2654 ms [UE 30040] UL Throughput = 0.05086 Mbps
2654 ms [UE 42234] UL Throughput = 0.0 Mbps
2771 ms [UE 30040] UL Throughput = 0.06099 Mbps
2771 ms [UE 42234] UL Throughput = 0.15935 Mbps
2883 ms [UE 30040] UL Throughput = 0.06226 Mbps
2883 ms [UE 42234] UL Throughput = 0.0 Mbps
2985 ms [UE 42234] UL Throughput = 0.0 Mbps
3089 ms [UE 30040] UL Throughput = 0.0 Mbps
3089 ms [UE 42234] UL Throughput = 0.0 Mbps
3170 ms [UE 42234] UL Throughput = 0.0 Mbps
3250 ms [UE 30040] UL Throughput = 0.0358 Mbps
3250 ms [UE 42234] UL Throughput = 0.05062 Mbps
3255 ms [UE 30040] UL Throughput = 0.0 Mbps
3255 ms [UE 42234] UL Throughput = 0.01761 Mbps
3260 ms [UE 30040] UL Throughput = 0.0 Mbps
3260 ms [UE 42234] UL Throughput = 0.02876 Mbps
3348 ms [UE 30040] UL Throughput = 0.0 Mbps
3348 ms [UE 42234] UL Throughput = 0.06469 Mbps
3349 ms [UE 30040] UL Throughput = 0.0 Mbps
3349 ms [UE 42234] UL Throughput = 0.03097 Mbps
3446 ms [UE 30040] UL Throughput = 0.0 Mbps
3533 ms [UE 30040] UL Throughput = 0.0424 Mbps
3533 ms [UE 42234] UL Throughput = 0.06782 Mbps
3538 ms [UE 30040] UL Throughput = 0.0 Mbps
3538 ms [UE 42234] UL Throughput = 0.05495 Mbps
3630 ms [UE 30040] UL Throughput = 0.0 Mbps
3630 ms [UE 42234] UL Throughput = 0.09477 Mbps
3762 ms [UE 30040] UL Throughput = 0.0 Mbps
3762 ms [UE 42234] UL Throughput = 0.06083 Mbps
3875 ms [UE 30040] UL Throughput = 0.0 Mbps
3875 ms [UE 42234] UL Throughput = 0.05645 Mbps
3969 ms [UE 30040] UL Throughput = 0.0 Mbps
3969 ms [UE 42234] UL Throughput = 0.0 Mbps
4071 ms [UE 42234] UL Throughput = 0.0 Mbps
4156 ms [UE 30040] UL Throughput = 0.0 Mbps
4156 ms [UE 42234] UL Throughput = 0.0 Mbps
4158 ms [UE 30040] UL Throughput = 0.0 Mbps
4158 ms [UE 42234] UL Throughput = 0.01843 Mbps
4159 ms [UE 30040] UL Throughput = 0.0 Mbps
4159 ms [UE 42234] UL Throughput = 0.05596 Mbps
4256 ms [UE 42234] UL Throughput = 0.0 Mbps
4343 ms [UE 30040] UL Throughput = 0.0 Mbps
4343 ms [UE 42234] UL Throughput = 0.08375 Mbps
4460 ms [UE 30040] UL Throughput = 0.02564 Mbps
4460 ms [UE 42234] UL Throughput = 0.0 Mbps
4465 ms [UE 30040] UL Throughput = 0.05078 Mbps
4465 ms [UE 42234] UL Throughput = 0.0 Mbps
4553 ms [UE 30040] UL Throughput = 0.08497 Mbps
4553 ms [UE 42234] UL Throughput = 0.09306 Mbps
4656 ms [UE 30040] UL Throughput = 0.02462 Mbps
4656 ms [UE 42234] UL Throughput = 0.0 Mbps
4741 ms [UE 42234] UL Throughput = 0.06275 Mbps
4743 ms [UE 30040] UL Throughput = 0.04977 Mbps
4743 ms [UE 42234] UL Throughput = 0.05678 Mbps
4854 ms [UE 30040] UL Throughput = 0.0182 Mbps
4854 ms [UE 42234] UL Throughput = 0.04743 Mbps
4953 ms [UE 30040] UL Throughput = 0.08111 Mbps
4953 ms [UE 42234] UL Throughput = 0.0 Mbps
5058 ms [UE 30040] UL Throughput = 0.0 Mbps
5058 ms [UE 42234] UL Throughput = 0.0 Mbps
5168 ms [UE 42234] UL Throughput = 0.0 Mbps
5265 ms [UE 30040] UL Throughput = 0.0 Mbps
5265 ms [UE 42234] UL Throughput = 0.0 Mbps
5387 ms [UE 30040] UL Throughput = 0.0 Mbps
5387 ms [UE 42234] UL Throughput = 0.09702 Mbps
5393 ms [UE 30040] UL Throughput = 0.0 Mbps
5393 ms [UE 42234] UL Throughput = 0.0 Mbps
5466 ms [UE 30040] UL Throughput = 0.0 Mbps
5466 ms [UE 42234] UL Throughput = 0.01054 Mbps
5470 ms [UE 30040] UL Throughput = 0.0 Mbps
5470 ms [UE 42234] UL Throughput = 0.0 Mbps
5472 ms [UE 30040] UL Throughput = 0.0 Mbps
5472 ms [UE 42234] UL Throughput = 0.0 Mbps
5475 ms [UE 30040] UL Throughput = 0.0262 Mbps
5475 ms [UE 42234] UL Throughput = 0.04417 Mbps
5560 ms [UE 30040] UL Throughput = 0.0 Mbps
5560 ms [UE 42234] UL Throughput = 0.099 Mbps
5636 ms [UE 30040] UL Throughput = 0.0 Mbps
5636 ms [UE 42234] UL Throughput = 0.05128 Mbps
5738 ms [UE 30040] UL Throughput = 0.0 Mbps
5834 ms [UE 30040] UL Throughput = 0.02735 Mbps
5834 ms [UE 42234] UL Throughput = 0.04666 Mbps
5933 ms [UE 30040] UL Throughput = 0.05652 Mbps
5936 ms [UE 42234] UL Throughput = 0.0 Mbps
5939 ms [UE 30040] UL Throughput = 0.03321 Mbps
5939 ms [UE 42234] UL Throughput = 0.0 Mbps
6029 ms [UE 30040] UL Throughput = 0.0 Mbps
6029 ms [UE 42234] UL Throughput = 0.0 Mbps
6032 ms [UE 30040] UL Throughput = 0.04187 Mbps
6032 ms [UE 42234] UL Throughput = 0.0547 Mbps
6129 ms [UE 42234] UL Throughput = 0.01106 Mbps
6192 ms [UE 30040] UL Throughput = 0.0 Mbps
6192 ms [UE 42234] UL Throughput = 0.02487 Mbps
6303 ms [UE 30040] UL Throughput = 0.02488 Mbps
6396 ms [UE 30040] UL Throughput = 0.0 Mbps
6396 ms [UE 42234] UL Throughput = 0.0 Mbps
6481 ms [UE 30040] UL Throughput = 0.08578 Mbps
6583 ms [UE 30040] UL Throughput = 0.0 Mbps
6583 ms [UE 42234] UL Throughput = 0.09455 Mbps
6671 ms [UE 30040] UL Throughput = 0.03532 Mbps
6671 ms [UE 42234] UL Throughput = 0.0135 Mbps
6797 ms [UE 30040] UL Throughput = 0.06007 Mbps
6797 ms [UE 42234] UL Throughput = 0.0 Mbps
6802 ms [UE 30040] UL Throughput = 0.0 Mbps
6802 ms [UE 42234] UL Throughput = 0.09859 Mbps
6890 ms [UE 30040] UL Throughput = 0.0 Mbps
6890 ms [UE 42234] UL Throughput = 0.0 Mbps
6986 ms [UE 30040] UL Throughput = 0.0 Mbps
6986 ms [UE 42234] UL Throughput = 0.04874 Mbps
7091 ms [UE 30040] UL Throughput = 0.08092 Mbps
7091 ms [UE 42234] UL Throughput = 0.0 Mbps
7212 ms [UE 42234] UL Throughput = 0.0 Mbps
7328 ms [UE 30040] UL Throughput = 0.04523 Mbps
7328 ms [UE 42234] UL Throughput = 0.01148 Mbps
7427 ms [UE 30040] UL Throughput = 0.05307 Mbps
7427 ms [UE 42234] UL Throughput = 0.0 Mbps
7431 ms [UE 30040] UL Throughput = 0.06069 Mbps
7431 ms [UE 42234] UL Throughput = 0.11023 Mbps
7433 ms [UE 30040] UL Throughput = 0.0933 Mbps
7433 ms [UE 42234] UL Throughput = 0.0 Mbps
7437 ms [UE 30040] UL Throughput = 0.0 Mbps
7539 ms [UE 30040] UL Throughput = 0.0 Mbps
7539 ms [UE 42234] UL Throughput = 0.0 Mbps
7639 ms [UE 30040] UL Throughput = 0.03971 Mbps
7639 ms [UE 42234] UL Throughput = 0.06464 Mbps
7685 ms [UE 30040] UL Throughput = 0.0 Mbps
7685 ms [UE 42234] UL Throughput = 0.0 Mbps
7771 ms [UE 42234] UL Throughput = 0.08099 Mbps
7860 ms [UE 30040] UL Throughput = 0.0 Mbps
7860 ms [UE 42234] UL Throughput = 0.0 Mbps
7960 ms [UE 30040] UL Throughput = 0.0 Mbps
7960 ms [UE 42234] UL Throughput = 0.0 Mbps
7961 ms [UE 30040] UL Throughput = 0.03692 Mbps
8079 ms [UE 42234] UL Throughput = 0.06305 Mbps
8180 ms [UE 30040] UL Throughput = 0.0 Mbps
8180 ms [UE 42234] UL Throughput = 0.12722 Mbps
8271 ms [UE 30040] UL Throughput = 0.0 Mbps
8271 ms [UE 42234] UL Throughput = 0.08691 Mbps
8375 ms [UE 30040] UL Throughput = 0.07553 Mbps
8377 ms [UE 30040] UL Throughput = 0.05541 Mbps
8377 ms [UE 42234] UL Throughput = 0.09169 Mbps
8463 ms [UE 30040] UL Throughput = 0.08682 Mbps
8463 ms [UE 42234] UL Throughput = 0.04926 Mbps
8555 ms [UE 30040] UL Throughput = 0.0 Mbps
8555 ms [UE 42234] UL Throughput = 0.0268 Mbps
8665 ms [UE 30040] UL Throughput = 0.0 Mbps
8746 ms [UE 30040] UL Throughput = 0.0 Mbps
8746 ms [UE 42234] UL Throughput = 0.08589 Mbps
8846 ms [UE 30040] UL Throughput = 0.0 Mbps
8846 ms [UE 42234] UL Throughput = 0.0 Mbps
8935 ms [UE 30040] UL Throughput = 0.0152 Mbps
8935 ms [UE 42234] UL Throughput = 0.11755 Mbps
9058 ms [UE 30040] UL Throughput = 0.07437 Mbps
9058 ms [UE 42234] UL Throughput = 0.02517 Mbps
9142 ms [UE 30040] UL Throughput = 0.0 Mbps
9142 ms [UE 42234] UL Throughput = 0.01959 Mbps
9245 ms [UE 30040] UL Throughput = 0.0 Mbps
9245 ms [UE 42234] UL Throughput = 0.0 Mbps
9349 ms [UE 30040] UL Throughput = 0.0816 Mbps
9349 ms [UE 42234] UL Throughput = 0.02418 Mbps
9351 ms [UE 30040] UL Throughput = 0.0 Mbps
9351 ms [UE 42234] UL Throughput = 0.0 Mbps
9353 ms [UE 30040] UL Throughput = 0.08293 Mbps
9353 ms [UE 42234] UL Throughput = 0.09576 Mbps
9460 ms [UE 30040] UL Throughput = 0.0 Mbps
9460 ms [UE 42234] UL Throughput = 0.0 Mbps
9545 ms [UE 30040] UL Throughput = 0.0738 Mbps
9545 ms [UE 42234] UL Throughput = 0.0 Mbps
9669 ms [UE 30040] UL Throughput = 0.0 Mbps
9669 ms [UE 42234] UL Throughput = 0.06283 Mbps
9674 ms [UE 30040] UL Throughput = 0.03734 Mbps
9765 ms [UE 30040] UL Throughput = 0.1208 Mbps
9765 ms [UE 42234] UL Throughput = 0.0 Mbps
9882 ms [UE 30040] UL Throughput = 0.0 Mbps
9882 ms [UE 42234] UL Throughput = 0.04309 Mbps
9886 ms [UE 30040] UL Throughput = 0.0 Mbps
9886 ms [UE 42234] UL Throughput = 0.09946 Mbps
9990 ms [UE 30040] UL Throughput = 0.05981 Mbps
9990 ms [UE 42234] UL Throughput = 0.05545 Mbps
10114 ms [UE 30040] UL Throughput = 0.0317 Mbps
10114 ms [UE 42234] UL Throughput = 0.07273 Mbps
10226 ms [UE 42234] UL Throughput = 0.0 Mbps
10326 ms [UE 30040] UL Throughput = 0.0 Mbps
10326 ms [UE 42234] UL Throughput = 0.0 Mbps
10433 ms [UE 30040] UL Throughput = 0.0 Mbps
10433 ms [UE 42234] UL Throughput = 0.0 Mbps
10545 ms [UE 30040] UL Throughput = 0.06039 Mbps
10545 ms [UE 42234] UL Throughput = 0.0 Mbps
10633 ms [UE 30040] UL Throughput = 0.0 Mbps
10633 ms [UE 42234] UL Throughput = 0.0 Mbps
10739 ms [UE 30040] UL Throughput = 0.01753 Mbps
10739 ms [UE 42234] UL Throughput = 0.06457 Mbps
10834 ms [UE 30040] UL Throughput = 0.05189 Mbps
10909 ms [UE 30040] UL Throughput = 0.0 Mbps
10909 ms [UE 42234] UL Throughput = 0.0 Mbps
10996 ms [UE 30040] UL Throughput = 0.0 Mbps
10996 ms [UE 42234] UL Throughput = 0.0 Mbps
11090 ms [UE 30040] UL Throughput = 0.0 Mbps
11090 ms [UE 42234] UL Throughput = 0.07786 Mbps
11179 ms [UE 30040] UL Throughput = 0.02216 Mbps
11179 ms [UE 42234] UL Throughput = 0.0 Mbps
11274 ms [UE 30040] UL Throughput = 0.0 Mbps
11372 ms [UE 42234] UL Throughput = 0.09188 Mbps
11490 ms [UE 30040] UL Throughput = 0.11862 Mbps
11490 ms [UE 42234] UL Throughput = 0.01796 Mbps
11564 ms [UE 30040] UL Throughput = 0.0 Mbps
11684 ms [UE 30040] UL Throughput = 0.0 Mbps
11684 ms [UE 42234] UL Throughput = 0.0 Mbps
11761 ms [UE 42234] UL Throughput = 0.01912 Mbps
11845 ms [UE 30040] UL Throughput = 0.0 Mbps
11845 ms [UE 42234] UL Throughput = 0.05224 Mbps
11927 ms [UE 42234] UL Throughput = 0.06634 Mbps
12028 ms [UE 30040] UL Throughput = 0.03802 Mbps
12028 ms [UE 42234] UL Throughput = 0.06288 Mbps
12148 ms [UE 30040] UL Throughput = 0.0 Mbps
12148 ms [UE 42234] UL Throughput = 0.0 Mbps
12263 ms [UE 30040] UL Throughput = 0.0 Mbps
12398 ms [UE 30040] UL Throughput = 0.0 Mbps
12398 ms [UE 42234] UL Throughput = 0.0287 Mbps
12513 ms [UE 30040] UL Throughput = 0.06419 Mbps
12513 ms [UE 42234] UL Throughput = 0.09748 Mbps
12517 ms [UE 42234] UL Throughput = 0.06585 Mbps
12596 ms [UE 30040] UL Throughput = 0.0 Mbps
12680 ms [UE 30040] UL Throughput = 0.0 Mbps
12680 ms [UE 42234] UL Throughput = 0.01207 Mbps
12787 ms [UE 30040] UL Throughput = 0.02627 Mbps
12787 ms [UE 42234] UL Throughput = 0.05715 Mbps
12788 ms [UE 30040] UL Throughput = 0.0 Mbps
12788 ms [UE 42234] UL Throughput = 0.08698 Mbps
12916 ms [UE 30040] UL Throughput = 0.11207 Mbps
12916 ms [UE 42234] UL Throughput = 0.03708 Mbps
13010 ms [UE 30040] UL Throughput = 0.03434 Mbps
13010 ms [UE 42234] UL Throughput = 0.0 Mbps
13105 ms [UE 30040] UL Throughput = 0.0 Mbps
13105 ms [UE 42234] UL Throughput = 0.0 Mbps
13218 ms [UE 30040] UL Throughput = 0.09827 Mbps
13218 ms [UE 42234] UL Throughput = 0.01282 Mbps
13309 ms [UE 30040] UL Throughput = 0.02321 Mbps
13309 ms [UE 42234] UL Throughput = 0.06168 Mbps
13409 ms [UE 30040] UL Throughput = 0.08366 Mbps
13409 ms [UE 42234] UL Throughput = 0.10659 Mbps
13413 ms [UE 30040] UL Throughput = 0.0 Mbps
13413 ms [UE 42234] UL Throughput = 0.0 Mbps
13507 ms [UE 30040] UL Throughput = 0.0 Mbps
13507 ms [UE 42234] UL Throughput = 0.07019 Mbps
13618 ms [UE 30040] UL Throughput = 0.06598 Mbps
13618 ms [UE 42234] UL Throughput = 0.0 Mbps
13732 ms [UE 42234] UL Throughput = 0.0631 Mbps
13819 ms [UE 30040] UL Throughput = 0.0 Mbps
13819 ms [UE 42234] UL Throughput = 0.0 Mbps
13907 ms [UE 30040] UL Throughput = 0.0 Mbps
13907 ms [UE 42234] UL Throughput = 0.0 Mbps
14001 ms [UE 30040] UL Throughput = 0.13002 Mbps
14001 ms [UE 42234] UL Throughput = 0.0 Mbps
14087 ms [UE 30040] UL Throughput = 0.03679 Mbps
14091 ms [UE 30040] UL Throughput = 0.0 Mbps
14091 ms [UE 42234] UL Throughput = 0.0 Mbps
14205 ms [UE 30040] UL Throughput = 0.0 Mbps
14286 ms [UE 30040] UL Throughput = 0.0 Mbps
14286 ms [UE 42234] UL Throughput = 0.0 Mbps
14378 ms [UE 30040] UL Throughput = 0.06284 Mbps
14378 ms [UE 42234] UL Throughput = 0.03146 Mbps
14458 ms [UE 30040] UL Throughput = 0.0 Mbps
14458 ms [UE 42234] UL Throughput = 0.03681 Mbps
14564 ms [UE 30040] UL Throughput = 0.08738 Mbps
14564 ms [UE 42234] UL Throughput = 0.02099 Mbps
14653 ms [UE 42234] UL Throughput = 0.02303 Mbps
14771 ms [UE 30040] UL Throughput = 0.0 Mbps
14771 ms [UE 42234] UL Throughput = 0.06607 Mbps
14879 ms [UE 30040] UL Throughput = 0.01628 Mbps
14989 ms [UE 30040] UL Throughput = 0.02094 Mbps
14989 ms [UE 42234] UL Throughput = 0.08054 Mbps
15099 ms [UE 30040] UL Throughput = 0.08973 Mbps
15099 ms [UE 42234] UL Throughput = 0.02629 Mbps
15192 ms [UE 30040] UL Throughput = 0.027 Mbps
15192 ms [UE 42234] UL Throughput = 0.01555 Mbps
15277 ms [UE 30040] UL Throughput = 0.0 Mbps
15277 ms [UE 42234] UL Throughput = 0.05944 Mbps
15367 ms [UE 30040] UL Throughput = 0.02814 Mbps
15367 ms [UE 42234] UL Throughput = 0.14022 Mbps
15474 ms [UE 30040] UL Throughput = 0.0 Mbps
15474 ms [UE 42234] UL Throughput = 0.0 Mbps
15544 ms [UE 30040] UL Throughput = 0.0 Mbps
15544 ms [UE 42234] UL Throughput = 0.0 Mbps
15550 ms [UE 30040] UL Throughput = 0.0 Mbps
15671 ms [UE 30040] UL Throughput = 0.01786 Mbps
15671 ms [UE 42234] UL Throughput = 0.04816 Mbps
15775 ms [UE 30040] UL Throughput = 0.03068 Mbps
15775 ms [UE 42234] UL Throughput = 0.08815 Mbps
15777 ms [UE 30040] UL Throughput = 0.0 Mbps
15777 ms [UE 42234] UL Throughput = 0.01066 Mbps
15783 ms [UE 42234] UL Throughput = 0.0 Mbps
15858 ms [UE 30040] UL Throughput = 0.0 Mbps
15858 ms [UE 42234] UL Throughput = 0.01807 Mbps
15954 ms [UE 30040] UL Throughput = 0.0 Mbps
15954 ms [UE 42234] UL Throughput = 0.06834 Mbps
15957 ms [UE 42234] UL Throughput = 0.0 Mbps
15958 ms [UE 30040] UL Throughput = 0.0 Mbps
15958 ms [UE 42234] UL Throughput = 0.0 Mbps
16060 ms [UE 30040] UL Throughput = 0.11697 Mbps
16060 ms [UE 42234] UL Throughput = 0.0 Mbps
16066 ms [UE 30040] UL Throughput = 0.0 Mbps
16066 ms [UE 42234] UL Throughput = 0.08734 Mbps
16129 ms [UE 30040] UL Throughput = 0.0 Mbps
16129 ms [UE 42234] UL Throughput = 0.06244 Mbps
16228 ms [UE 30040] UL Throughput = 0.0864 Mbps
16228 ms [UE 42234] UL Throughput = 0.07673 Mbps
16234 ms [UE 30040] UL Throughput = 0.03345 Mbps
16239 ms [UE 30040] UL Throughput = 0.07692 Mbps
16239 ms [UE 42234] UL Throughput = 0.06983 Mbps
16321 ms [UE 30040] UL Throughput = 0.0 Mbps
16414 ms [UE 30040] UL Throughput = 0.0 Mbps
16414 ms [UE 42234] UL Throughput = 0.04853 Mbps
16495 ms [UE 42234] UL Throughput = 0.1335 Mbps
16622 ms [UE 30040] UL Throughput = 0.0 Mbps
16622 ms [UE 42234] UL Throughput = 0.0 Mbps
16699 ms [UE 30040] UL Throughput = 0.0 Mbps
16699 ms [UE 42234] UL Throughput = 0.07755 Mbps
16703 ms [UE 30040] UL Throughput = 0.0 Mbps
16797 ms [UE 30040] UL Throughput = 0.07907 Mbps
16797 ms [UE 42234] UL Throughput = 0.0 Mbps
16898 ms [UE 30040] UL Throughput = 0.01045 Mbps
16898 ms [UE 42234] UL Throughput = 0.18256 Mbps
16998 ms [UE 30040] UL Throughput = 0.01396 Mbps
16998 ms [UE 42234] UL Throughput = 0.0 Mbps
17106 ms [UE 30040] UL Throughput = 0.0 Mbps
17106 ms [UE 42234] UL Throughput = 0.09317 Mbps
17213 ms [UE 30040] UL Throughput = 0.01215 Mbps
17213 ms [UE 42234] UL Throughput = 0.03392 Mbps
17217 ms [UE 30040] UL Throughput = 0.0 Mbps
17217 ms [UE 42234] UL Throughput = 0.0 Mbps
17303 ms [UE 30040] UL Throughput = 0.03288 Mbps
17303 ms [UE 42234] UL Throughput = 0.0 Mbps
17403 ms [UE 42234] UL Throughput = 0.04335 Mbps
17493 ms [UE 30040] UL Throughput = 0.02976 Mbps
17493 ms [UE 42234] UL Throughput = 0.0 Mbps
17584 ms [UE 30040] UL Throughput = 0.0 Mbps
17584 ms [UE 42234] UL Throughput = 0.0 Mbps
17691 ms [UE 30040] UL Throughput = 0.03156 Mbps
17691 ms [UE 42234] UL Throughput = 0.05144 Mbps
17793 ms [UE 30040] UL Throughput = 0.0 Mbps
17793 ms [UE 42234] UL Throughput = 0.08431 Mbps
17895 ms [UE 42234] UL Throughput = 0.06422 Mbps
17997 ms [UE 30040] UL Throughput = 0.0 Mbps
17997 ms [UE 42234] UL Throughput = 0.0 Mbps
18068 ms [UE 30040] UL Throughput = 0.07583 Mbps
18068 ms [UE 42234] UL Throughput = 0.04659 Mbps
18069 ms [UE 30040] UL Throughput = 0.06855 Mbps
18069 ms [UE 42234] UL Throughput = 0.0 Mbps
18147 ms [UE 42234] UL Throughput = 0.0 Mbps
18271 ms [UE 30040] UL Throughput = 0.05174 Mbps
18271 ms [UE 42234] UL Throughput = 0.09191 Mbps
18346 ms [UE 30040] UL Throughput = 0.0 Mbps
18346 ms [UE 42234] UL Throughput = 0.0492 Mbps
18350 ms [UE 30040] UL Throughput = 0.17182 Mbps
18350 ms [UE 42234] UL Throughput = 0.06432 Mbps
18454 ms [UE 30040] UL Throughput = 0.02719 Mbps
18454 ms [UE 42234] UL Throughput = 0.08073 Mbps
18547 ms [UE 30040] UL Throughput = 0.0 Mbps
18547 ms [UE 42234] UL Throughput = 0.0 Mbps
18550 ms [UE 30040] UL Throughput = 0.0 Mbps
18550 ms [UE 42234] UL Throughput = 0.07783 Mbps
18641 ms [UE 30040] UL Throughput = 0.09723 Mbps
18743 ms [UE 30040] UL Throughput = 0.06558 Mbps
18743 ms [UE 42234] UL Throughput = 0.07952 Mbps
18749 ms [UE 30040] UL Throughput = 0.11696 Mbps
18749 ms [UE 42234] UL Throughput = 0.06336 Mbps
18848 ms [UE 30040] UL Throughput = 0.09275 Mbps
18848 ms [UE 42234] UL Throughput = 0.0 Mbps
18928 ms [UE 30040] UL Throughput = 0.05759 Mbps
18928 ms [UE 42234] UL Throughput = 0.0 Mbps
19005 ms [UE 30040] UL Throughput = 0.01703 Mbps
19005 ms [UE 42234] UL Throughput = 0.0 Mbps
19124 ms [UE 30040] UL Throughput = 0.08015 Mbps
19124 ms [UE 42234] UL Throughput = 0.07582 Mbps
19221 ms [UE 30040] UL Throughput = 0.0 Mbps
19221 ms [UE 42234] UL Throughput = 0.0 Mbps
19223 ms [UE 30040] UL Throughput = 0.08103 Mbps
19223 ms [UE 42234] UL Throughput = 0.06666 Mbps
19225 ms [UE 42234] UL Throughput = 0.0 Mbps
19343 ms [UE 30040] UL Throughput = 0.0 Mbps
19343 ms [UE 42234] UL Throughput = 0.12255 Mbps
19430 ms [UE 30040] UL Throughput = 0.0 Mbps
19430 ms [UE 42234] UL Throughput = 0.09886 Mbps
19516 ms [UE 30040] UL Throughput = 0.0 Mbps
19516 ms [UE 42234] UL Throughput = 0.09986 Mbps
19636 ms [UE 30040] UL Throughput = 0.0 Mbps
19636 ms [UE 42234] UL Throughput = 0.0 Mbps
19739 ms [UE 30040] UL Throughput = 0.05685 Mbps
19739 ms [UE 42234] UL Throughput = 0.03498 Mbps
19743 ms [UE 30040] UL Throughput = 0.0 Mbps
19743 ms [UE 42234] UL Throughput = 0.08203 Mbps
19744 ms [UE 30040] UL Throughput = 0.0 Mbps
19744 ms [UE 42234] UL Throughput = 0.0 Mbps
19745 ms [UE 30040] UL Throughput = 0.05431 Mbps
19745 ms [UE 42234] UL Throughput = 0.16164 Mbps
19803 ms [UE 30040] UL Throughput = 0.0476 Mbps
19803 ms [UE 42234] UL Throughput = 0.0 Mbps
19902 ms [UE 30040] UL Throughput = 0.09152 Mbps
19902 ms [UE 42234] UL Throughput = 0.0 Mbps
19908 ms [UE 30040] UL Throughput = 0.07338 Mbps
19908 ms [UE 42234] UL Throughput = 0.0 Mbps
19997 ms [UE 30040] UL Throughput = 0.0 Mbps
19997 ms [UE 42234] UL Throughput = 0.0 Mbps
20111 ms [UE 42234] UL Throughput = 0.04786 Mbps
20206 ms [UE 30040] UL Throughput = 0.0 Mbps
20206 ms [UE 42234] UL Throughput = 0.0 Mbps
20207 ms [UE 30040] UL Throughput = 0.0 Mbps
20318 ms [UE 30040] UL Throughput = 0.01063 Mbps
20318 ms [UE 42234] UL Throughput = 0.0 Mbps
20405 ms [UE 30040] UL Throughput = 0.0 Mbps
20405 ms [UE 42234] UL Throughput = 0.0 Mbps
20504 ms [UE 42234] UL Throughput = 0.03218 Mbps
20607 ms [UE 30040] UL Throughput = 0.0831 Mbps
20681 ms [UE 30040] UL Throughput = 0.0 Mbps
20681 ms [UE 42234] UL Throughput = 0.0 Mbps
20748 ms [UE 42234] UL Throughput = 0.07408 Mbps
20750 ms [UE 42234] UL Throughput = 0.09408 Mbps
20756 ms [UE 42234] UL Throughput = 0.06976 Mbps
20864 ms [UE 30040] UL Throughput = 0.0 Mbps
20864 ms [UE 42234] UL Throughput = 0.0732 Mbps
20868 ms [UE 30040] UL Throughput = 0.08069 Mbps
20868 ms [UE 42234] UL Throughput = 0.0 Mbps
20976 ms [UE 30040] UL Throughput = 0.0 Mbps
20976 ms [UE 42234] UL Throughput = 0.03874 Mbps
21092 ms [UE 30040] UL Throughput = 0.03177 Mbps
21092 ms [UE 42234] UL Throughput = 0.0 Mbps
21196 ms [UE 42234] UL Throughput = 0.08643 Mbps
21200 ms [UE 30040] UL Throughput = 0.0 Mbps
21200 ms [UE 42234] UL Throughput = 0.0 Mbps
21275 ms [UE 42234] UL Throughput = 0.0 Mbps
21376 ms [UE 30040] UL Throughput = 0.05601 Mbps
21487 ms [UE 30040] UL Throughput = 0.0 Mbps
21487 ms [UE 42234] UL Throughput = 0.05091 Mbps
21589 ms [UE 30040] UL Throughput = 0.0424 Mbps
21589 ms [UE 42234] UL Throughput = 0.0 Mbps
21671 ms [UE 30040] UL Throughput = 0.0 Mbps
21671 ms [UE 42234] UL Throughput = 0.074 Mbps
21758 ms [UE 42234] UL Throughput = 0.03575 Mbps
21759 ms [UE 30040] UL Throughput = 0.0 Mbps
21862 ms [UE 30040] UL Throughput = 0.05343 Mbps
21862 ms [UE 42234] UL Throughput = 0.0 Mbps
21956 ms [UE 42234] UL Throughput = 0.0 Mbps
21962 ms [UE 30040] UL Throughput = 0.0 Mbps
21962 ms [UE 42234] UL Throughput = 0.09916 Mbps
22080 ms [UE 30040] UL Throughput = 0.03593 Mbps
22080 ms [UE 42234] UL Throughput = 0.08249 Mbps
22201 ms [UE 30040] UL Throughput = 0.09174 Mbps
22201 ms [UE 42234] UL Throughput = 0.02489 Mbps
22206 ms [UE 30040] UL Throughput = 0.08483 Mbps
22206 ms [UE 42234] UL Throughput = 0.01095 Mbps
22311 ms [UE 30040] UL Throughput = 0.09797 Mbps
22311 ms [UE 42234] UL Throughput = 0.0 Mbps
22412 ms [UE 30040] UL Throughput = 0.0579 Mbps
22412 ms [UE 42234] UL Throughput = 0.07695 Mbps
22475 ms [UE 30040] UL Throughput = 0.0 Mbps
22475 ms [UE 42234] UL Throughput = 0.09982 Mbps
22559 ms [UE 42234] UL Throughput = 0.04075 Mbps
22671 ms [UE 30040] UL Throughput = 0.04466 Mbps
22671 ms [UE 42234] UL Throughput = 0.0 Mbps
22765 ms [UE 30040] UL Throughput = 0.09583 Mbps
22765 ms [UE 42234] UL Throughput = 0.04141 Mbps
22856 ms [UE 42234] UL Throughput = 0.05021 Mbps
22861 ms [UE 30040] UL Throughput = 0.0 Mbps
22861 ms [UE 42234] UL Throughput = 0.0 Mbps
22949 ms [UE 30040] UL Throughput = 0.0 Mbps
22949 ms [UE 42234] UL Throughput = 0.0 Mbps
23045 ms [UE 30040] UL Throughput = 0.09232 Mbps
23045 ms [UE 42234] UL Throughput = 0.0 Mbps
23153 ms [UE 30040] UL Throughput = 0.09431 Mbps
23153 ms [UE 42234] UL Throughput = 0.03732 Mbps
23154 ms [UE 30040] UL Throughput = 0.03766 Mbps
23154 ms [UE 42234] UL Throughput = 0.0 Mbps
23230 ms [UE 30040] UL Throughput = 0.0 Mbps
23230 ms [UE 42234] UL Throughput = 0.0 Mbps
23311 ms [UE 30040] UL Throughput = 0.07256 Mbps
23317 ms [UE 42234] UL Throughput = 0.02478 Mbps
23319 ms [UE 30040] UL Throughput = 0.07277 Mbps
23319 ms [UE 42234] UL Throughput = 0.0 Mbps
23321 ms [UE 30040] UL Throughput = 0.12408 Mbps
23321 ms [UE 42234] UL Throughput = 0.0 Mbps
23326 ms [UE 30040] UL Throughput = 0.07356 Mbps
23326 ms [UE 42234] UL Throughput = 0.01858 Mbps
23329 ms [UE 30040] UL Throughput = 0.01332 Mbps
23329 ms [UE 42234] UL Throughput = 0.0 Mbps
23434 ms [UE 30040] UL Throughput = 0.0 Mbps
23434 ms [UE 42234] UL Throughput = 0.0741 Mbps
23548 ms [UE 42234] UL Throughput = 0.0729 Mbps
23643 ms [UE 30040] UL Throughput = 0.0 Mbps
23741 ms [UE 30040] UL Throughput = 0.0 Mbps
23841 ms [UE 30040] UL Throughput = 0.0 Mbps
23841 ms [UE 42234] UL Throughput = 0.08561 Mbps
23939 ms [UE 30040] UL Throughput = 0.0 Mbps
23939 ms [UE 42234] UL Throughput = 0.0 Mbps
23943 ms [UE 30040] UL Throughput = 0.04124 Mbps
23943 ms [UE 42234] UL Throughput = 0.06731 Mbps
24034 ms [UE 30040] UL Throughput = 0.0 Mbps
24157 ms [UE 30040] UL Throughput = 0.0 Mbps
24259 ms [UE 30040] UL Throughput = 0.09671 Mbps
24366 ms [UE 30040] UL Throughput = 0.0 Mbps
24366 ms [UE 42234] UL Throughput = 0.0 Mbps
24447 ms [UE 30040] UL Throughput = 0.03797 Mbps
24447 ms [UE 42234] UL Throughput = 0.0 Mbps
24574 ms [UE 30040] UL Throughput = 0.03232 Mbps
24574 ms [UE 42234] UL Throughput = 0.0 Mbps
24667 ms [UE 30040] UL Throughput = 0.0 Mbps
24667 ms [UE 42234] UL Throughput = 0.0 Mbps
24734 ms [UE 30040] UL Throughput = 0.02081 Mbps
24734 ms [UE 42234] UL Throughput = 0.0 Mbps
24841 ms [UE 30040] UL Throughput = 0.01914 Mbps
24841 ms [UE 42234] UL Throughput = 0.03043 Mbps
24904 ms [UE 30040] UL Throughput = 0.01208 Mbps
24904 ms [UE 42234] UL Throughput = 0.09459 Mbps
24906 ms [UE 30040] UL Throughput = 0.0 Mbps
24906 ms [UE 42234] UL Throughput = 0.0 Mbps
25022 ms [UE 30040] UL Throughput = 0.10377 Mbps
25022 ms [UE 42234] UL Throughput = 0.11612 Mbps
25025 ms [UE 30040] UL Throughput = 0.0568 Mbps
25025 ms [UE 42234] UL Throughput = 0.0 Mbps
25101 ms [UE 30040] UL Throughput = 0.09802 Mbps
25101 ms [UE 42234] UL Throughput = 0.0 Mbps
25216 ms [UE 30040] UL Throughput = 0.0577 Mbps
25216 ms [UE 42234] UL Throughput = 0.0 Mbps
25298 ms [UE 30040] UL Throughput = 0.0 Mbps
25298 ms [UE 42234] UL Throughput = 0.04301 Mbps
25302 ms [UE 30040] UL Throughput = 0.05576 Mbps
25302 ms [UE 42234] UL Throughput = 0.0 Mbps
25308 ms [UE 30040] UL Throughput = 0.04162 Mbps
25308 ms [UE 42234] UL Throughput = 0.0 Mbps
25423 ms [UE 30040] UL Throughput = 0.0 Mbps
25423 ms [UE 42234] UL Throughput = 0.0 Mbps
25511 ms [UE 30040] UL Throughput = 0.02099 Mbps
25511 ms [UE 42234] UL Throughput = 0.01793 Mbps
25512 ms [UE 30040] UL Throughput = 0.0 Mbps
25512 ms [UE 42234] UL Throughput = 0.13063 Mbps
25591 ms [UE 30040] UL Throughput = 0.05626 Mbps
25591 ms [UE 42234] UL Throughput = 0.0 Mbps
25720 ms [UE 30040] UL Throughput = 0.0 Mbps
25720 ms [UE 42234] UL Throughput = 0.06808 Mbps
25820 ms [UE 30040] UL Throughput = 0.0 Mbps
25820 ms [UE 42234] UL Throughput = 0.04616 Mbps
25907 ms [UE 30040] UL Throughput = 0.16449 Mbps
25907 ms [UE 42234] UL Throughput = 0.0 Mbps
26033 ms [UE 30040] UL Throughput = 0.0 Mbps
26033 ms [UE 42234] UL Throughput = 0.09229 Mbps
26143 ms [UE 30040] UL Throughput = 0.06117 Mbps
26143 ms [UE 42234] UL Throughput = 0.0 Mbps
26238 ms [UE 42234] UL Throughput = 0.01088 Mbps
26239 ms [UE 30040] UL Throughput = 0.035 Mbps
26361 ms [UE 30040] UL Throughput = 0.03673 Mbps
26361 ms [UE 42234] UL Throughput = 0.06079 Mbps
26364 ms [UE 30040] UL Throughput = 0.01181 Mbps
26364 ms [UE 42234] UL Throughput = 0.0 Mbps
26468 ms [UE 30040] UL Throughput = 0.0 Mbps
26473 ms [UE 30040] UL Throughput = 0.0 Mbps
26473 ms [UE 42234] UL Throughput = 0.08402 Mbps
26601 ms [UE 30040] UL Throughput = 0.0 Mbps
26601 ms [UE 42234] UL Throughput = 0.0 Mbps
26686 ms [UE 30040] UL Throughput = 0.0 Mbps
26777 ms [UE 30040] UL Throughput = 0.0 Mbps
26777 ms [UE 42234] UL Throughput = 0.0 Mbps
26846 ms [UE 30040] UL Throughput = 0.011 Mbps
26846 ms [UE 42234] UL Throughput = 0.0 Mbps
26928 ms [UE 30040] UL Throughput = 0.0 Mbps
26928 ms [UE 42234] UL Throughput = 0.0 Mbps
27021 ms [UE 30040] UL Throughput = 0.08945 Mbps
27021 ms [UE 42234] UL Throughput = 0.05204 Mbps
27022 ms [UE 30040] UL Throughput = 0.0 Mbps
27022 ms [UE 42234] UL Throughput = 0.08163 Mbps
27135 ms [UE 30040] UL Throughput = 0.0 Mbps
27135 ms [UE 42234] UL Throughput = 0.01565 Mbps
27239 ms [UE 30040] UL Throughput = 0.0 Mbps
27239 ms [UE 42234] UL Throughput = 0.07601 Mbps
27320 ms [UE 30040] UL Throughput = 0.0 Mbps
27320 ms [UE 42234] UL Throughput = 0.12949 Mbps
27432 ms [UE 30040] UL Throughput = 0.09622 Mbps
27432 ms [UE 42234] UL Throughput = 0.10474 Mbps
27502 ms [UE 30040] UL Throughput = 0.0 Mbps
27583 ms [UE 30040] UL Throughput = 0.0 Mbps
27583 ms [UE 42234] UL Throughput = 0.04881 Mbps
27589 ms [UE 30040] UL Throughput = 0.04174 Mbps
27589 ms [UE 42234] UL Throughput = 0.0 Mbps
27697 ms [UE 30040] UL Throughput = 0.09764 Mbps
27697 ms [UE 42234] UL Throughput = 0.0 Mbps
27817 ms [UE 30040] UL Throughput = 0.0 Mbps
27817 ms [UE 42234] UL Throughput = 0.04356 Mbps
27821 ms [UE 30040] UL Throughput = 0.20306 Mbps
27821 ms [UE 42234] UL Throughput = 0.0 Mbps
27824 ms [UE 30040] UL Throughput = 0.02795 Mbps
27905 ms [UE 30040] UL Throughput = 0.01946 Mbps
27905 ms [UE 42234] UL Throughput = 0.0 Mbps
28010 ms [UE 30040] UL Throughput = 0.08003 Mbps
28010 ms [UE 42234] UL Throughput = 0.03014 Mbps
28012 ms [UE 30040] UL Throughput = 0.01989 Mbps
28012 ms [UE 42234] UL Throughput = 0.0 Mbps
28104 ms [UE 30040] UL Throughput = 0.0 Mbps
28104 ms [UE 42234] UL Throughput = 0.01078 Mbps
28177 ms [UE 30040] UL Throughput = 0.0274 Mbps
28177 ms [UE 42234] UL Throughput = 0.0 Mbps
28264 ms [UE 30040] UL Throughput = 0.06615 Mbps
28264 ms [UE 42234] UL Throughput = 0.05871 Mbps
28364 ms [UE 30040] UL Throughput = 0.08245 Mbps
28364 ms [UE 42234] UL Throughput = 0.06615 Mbps
28444 ms [UE 30040] UL Throughput = 0.0 Mbps
28444 ms [UE 42234] UL Throughput = 0.0 Mbps
28550 ms [UE 30040] UL Throughput = 0.0 Mbps
28550 ms [UE 42234] UL Throughput = 0.0 Mbps
28646 ms [UE 30040] UL Throughput = 0.0 Mbps
28646 ms [UE 42234] UL Throughput = 0.07274 Mbps
28725 ms [UE 30040] UL Throughput = 0.03465 Mbps
28725 ms [UE 42234] UL Throughput = 0.1978 Mbps
28847 ms [UE 30040] UL Throughput = 0.0 Mbps
28847 ms [UE 42234] UL Throughput = 0.0918 Mbps
28947 ms [UE 30040] UL Throughput = 0.06808 Mbps
28947 ms [UE 42234] UL Throughput = 0.0 Mbps
29059 ms [UE 30040] UL Throughput = 0.06204 Mbps
29059 ms [UE 42234] UL Throughput = 0.0 Mbps
29170 ms [UE 30040] UL Throughput = 0.0 Mbps
29170 ms [UE 42234] UL Throughput = 0.0 Mbps
29173 ms [UE 30040] UL Throughput = 0.01288 Mbps
29173 ms [UE 42234] UL Throughput = 0.0 Mbps
29299 ms [UE 30040] UL Throughput = 0.0 Mbps
29387 ms [UE 30040] UL Throughput = 0.0 Mbps
29387 ms [UE 42234] UL Throughput = 0.0177 Mbps
29500 ms [UE 30040] UL Throughput = 0.08891 Mbps
29500 ms [UE 42234] UL Throughput = 0.04705 Mbps
29613 ms [UE 30040] UL Throughput = 0.0 Mbps
29613 ms [UE 42234] UL Throughput = 0.0 Mbps
29618 ms [UE 30040] UL Throughput = 0.08951 Mbps
29618 ms [UE 42234] UL Throughput = 0.02783 Mbps
29624 ms [UE 30040] UL Throughput = 0.0 Mbps
29624 ms [UE 42234] UL Throughput = 0.0 Mbps
29719 ms [UE 30040] UL Throughput = 0.03347 Mbps
29719 ms [UE 42234] UL Throughput = 0.0 Mbps
29725 ms [UE 30040] UL Throughput = 0.09668 Mbps
29725 ms [UE 42234] UL Throughput = 0.0201 Mbps
29821 ms [UE 30040] UL Throughput = 0.07753 Mbps
29821 ms [UE 42234] UL Throughput = 0.0 Mbps
29939 ms [UE 30040] UL Throughput = 0.0 Mbps
29939 ms [UE 42234] UL Throughput = 0.04491 Mbps
30067 ms [UE 30040] UL Throughput = 0.0 Mbps
30067 ms [UE 42234] UL Throughput = 0.0 Mbps
30200 ms [UE 30040] UL Throughput = 0.0 Mbps
30204 ms [UE 30040] UL Throughput = 0.0 Mbps
30204 ms [UE 42234] UL Throughput = 0.08533 Mbps
30325 ms [UE 30040] UL Throughput = 0.0 Mbps
30325 ms [UE 42234] UL Throughput = 0.06465 Mbps
30423 ms [UE 30040] UL Throughput = 0.0 Mbps
30423 ms [UE 42234] UL Throughput = 0.09968 Mbps
30528 ms [UE 30040] UL Throughput = 0.09058 Mbps
30528 ms [UE 42234] UL Throughput = 0.05696 Mbps
30529 ms [UE 30040] UL Throughput = 0.0 Mbps
30529 ms [UE 42234] UL Throughput = 0.0 Mbps
30605 ms [UE 30040] UL Throughput = 0.12818 Mbps
30605 ms [UE 42234] UL Throughput = 0.0483 Mbps
30724 ms [UE 30040] UL Throughput = 0.0 Mbps
30724 ms [UE 42234] UL Throughput = 0.0 Mbps
30804 ms [UE 30040] UL Throughput = 0.0 Mbps
30804 ms [UE 42234] UL Throughput = 0.0 Mbps
30808 ms [UE 30040] UL Throughput = 0.0 Mbps
30808 ms [UE 42234] UL Throughput = 0.0 Mbps
30927 ms [UE 30040] UL Throughput = 0.0 Mbps
30927 ms [UE 42234] UL Throughput = 0.0 Mbps
30930 ms [UE 30040] UL Throughput = 0.0 Mbps
30930 ms [UE 42234] UL Throughput = 0.0 Mbps
30935 ms [UE 30040] UL Throughput = 0.09745 Mbps
30935 ms [UE 42234] UL Throughput = 0.06696 Mbps
31026 ms [UE 30040] UL Throughput = 0.0 Mbps
31026 ms [UE 42234] UL Throughput = 0.02076 Mbps
31133 ms [UE 30040] UL Throughput = 0.04109 Mbps
31133 ms [UE 42234] UL Throughput = 0.06149 Mbps
31223 ms [UE 30040] UL Throughput = 0.03088 Mbps
31223 ms [UE 42234] UL Throughput = 0.0 Mbps
31302 ms [UE 30040] UL Throughput = 0.0 Mbps
31302 ms [UE 42234] UL Throughput = 0.0 Mbps
31395 ms [UE 30040] UL Throughput = 0.09173 Mbps
31395 ms [UE 42234] UL Throughput = 0.03081 Mbps
31488 ms [UE 30040] UL Throughput = 0.04234 Mbps
31488 ms [UE 42234] UL Throughput = 0.0 Mbps
31566 ms [UE 30040] UL Throughput = 0.0 Mbps
31566 ms [UE 42234] UL Throughput = 0.02232 Mbps
31650 ms [UE 30040] UL Throughput = 0.09936 Mbps
31746 ms [UE 42234] UL Throughput = 0.0 Mbps
31749 ms [UE 30040] UL Throughput = 0.0 Mbps
31749 ms [UE 42234] UL Throughput = 0.0 Mbps
31860 ms [UE 30040] UL Throughput = 0.04165 Mbps
31860 ms [UE 42234] UL Throughput = 0.1128 Mbps
31963 ms [UE 30040] UL Throughput = 0.0738 Mbps
31963 ms [UE 42234] UL Throughput = 0.0 Mbps
32081 ms [UE 30040] UL Throughput = 0.04089 Mbps
32081 ms [UE 42234] UL Throughput = 0.04036 Mbps
32084 ms [UE 30040] UL Throughput = 0.05551 Mbps
32084 ms [UE 42234] UL Throughput = 0.0 Mbps
32175 ms [UE 30040] UL Throughput = 0.03057 Mbps
32175 ms [UE 42234] UL Throughput = 0.08969 Mbps
32238 ms [UE 30040] UL Throughput = 0.06588 Mbps
32238 ms [UE 42234] UL Throughput = 0.0 Mbps
32372 ms [UE 42234] UL Throughput = 0.1439 Mbps
32460 ms [UE 30040] UL Throughput = 0.0 Mbps
32460 ms [UE 42234] UL Throughput = 0.03793 Mbps
32559 ms [UE 30040] UL Throughput = 0.0 Mbps
32559 ms [UE 42234] UL Throughput = 0.0 Mbps
32643 ms [UE 30040] UL Throughput = 0.0 Mbps
32643 ms [UE 42234] UL Throughput = 0.07317 Mbps
32749 ms [UE 30040] UL Throughput = 0.05962 Mbps
32749 ms [UE 42234] UL Throughput = 0.0 Mbps
32858 ms [UE 30040] UL Throughput = 0.0 Mbps
32858 ms [UE 42234] UL Throughput = 0.0 Mbps
32861 ms [UE 30040] UL Throughput = 0.0248 Mbps
32861 ms [UE 42234] UL Throughput = 0.09135 Mbps
32955 ms [UE 30040] UL Throughput = 0.0 Mbps
32955 ms [UE 42234] UL Throughput = 0.0 Mbps
33043 ms [UE 30040] UL Throughput = 0.08083 Mbps
33043 ms [UE 42234] UL Throughput = 0.0 Mbps
33152 ms [UE 30040] UL Throughput = 0.06452 Mbps
33152 ms [UE 42234] UL Throughput = 0.0 Mbps
33249 ms [UE 30040] UL Throughput = 0.03262 Mbps
33249 ms [UE 42234] UL Throughput = 0.0 Mbps
33331 ms [UE 30040] UL Throughput = 0.0 Mbps
33331 ms [UE 42234] UL Throughput = 0.04934 Mbps
33425 ms [UE 30040] UL Throughput = 0.09679 Mbps
33425 ms [UE 42234] UL Throughput = 0.0 Mbps
33528 ms [UE 30040] UL Throughput = 0.0 Mbps
33528 ms [UE 42234] UL Throughput = 0.0449 Mbps
33622 ms [UE 42234] UL Throughput = 0.04883 Mbps
33626 ms [UE 30040] UL Throughput = 0.0 Mbps
33626 ms [UE 42234] UL Throughput = 0.01688 Mbps
33719 ms [UE 30040] UL Throughput = 0.0 Mbps
33719 ms [UE 42234] UL Throughput = 0.0 Mbps
33809 ms [UE 30040] UL Throughput = 0.0 Mbps
33809 ms [UE 42234] UL Throughput = 0.07671 Mbps
33933 ms [UE 42234] UL Throughput = 0.0976 Mbps
34045 ms [UE 30040] UL Throughput = 0.0 Mbps
34045 ms [UE 42234] UL Throughput = 0.0 Mbps
34157 ms [UE 42234] UL Throughput = 0.04648 Mbps
34268 ms [UE 30040] UL Throughput = 0.07672 Mbps
34268 ms [UE 42234] UL Throughput = 0.0782 Mbps
34365 ms [UE 30040] UL Throughput = 0.09222 Mbps
34365 ms [UE 42234] UL Throughput = 0.0594 Mbps
34445 ms [UE 30040] UL Throughput = 0.15362 Mbps
34588 ms [UE 30040] UL Throughput = 0.0541 Mbps
34588 ms [UE 42234] UL Throughput = 0.0 Mbps
34696 ms [UE 30040] UL Throughput = 0.0 Mbps
34696 ms [UE 42234] UL Throughput = 0.0 Mbps
34791 ms [UE 30040] UL Throughput = 0.04877 Mbps
34795 ms [UE 30040] UL Throughput = 0.08273 Mbps
34795 ms [UE 42234] UL Throughput = 0.0 Mbps
34903 ms [UE 42234] UL Throughput = 0.013 Mbps
34990 ms [UE 42234] UL Throughput = 0.0 Mbps
35104 ms [UE 30040] UL Throughput = 0.0 Mbps
35104 ms [UE 42234] UL Throughput = 0.08016 Mbps
35188 ms [UE 30040] UL Throughput = 0.0 Mbps
35188 ms [UE 42234] UL Throughput = 0.07984 Mbps
35287 ms [UE 30040] UL Throughput = 0.0 Mbps
35287 ms [UE 42234] UL Throughput = 0.02924 Mbps
35377 ms [UE 30040] UL Throughput = 0.0 Mbps
35377 ms [UE 42234] UL Throughput = 0.0 Mbps
35476 ms [UE 30040] UL Throughput = 0.05637 Mbps
35476 ms [UE 42234] UL Throughput = 0.03437 Mbps
35562 ms [UE 30040] UL Throughput = 0.04512 Mbps
35562 ms [UE 42234] UL Throughput = 0.09579 Mbps
35564 ms [UE 30040] UL Throughput = 0.0 Mbps
35564 ms [UE 42234] UL Throughput = 0.09058 Mbps
35567 ms [UE 30040] UL Throughput = 0.05738 Mbps
35567 ms [UE 42234] UL Throughput = 0.0 Mbps
35666 ms [UE 30040] UL Throughput = 0.0 Mbps
35666 ms [UE 42234] UL Throughput = 0.09936 Mbps
35757 ms [UE 30040] UL Throughput = 0.0287 Mbps
35759 ms [UE 30040] UL Throughput = 0.0 Mbps
35759 ms [UE 42234] UL Throughput = 0.07639 Mbps
35761 ms [UE 30040] UL Throughput = 0.0 Mbps
35761 ms [UE 42234] UL Throughput = 0.02782 Mbps
35767 ms [UE 30040] UL Throughput = 0.06187 Mbps
35767 ms [UE 42234] UL Throughput = 0.05981 Mbps
35851 ms [UE 30040] UL Throughput = 0.04376 Mbps
35851 ms [UE 42234] UL Throughput = 0.0 Mbps
35950 ms [UE 30040] UL Throughput = 0.0 Mbps
35950 ms [UE 42234] UL Throughput = 0.08527 Mbps
35954 ms [UE 30040] UL Throughput = 0.0 Mbps
35954 ms [UE 42234] UL Throughput = 0.0 Mbps
36046 ms [UE 30040] UL Throughput = 0.0 Mbps
36046 ms [UE 42234] UL Throughput = 0.0 Mbps
36153 ms [UE 30040] UL Throughput = 0.0 Mbps
36153 ms [UE 42234] UL Throughput = 0.04593 Mbps
36242 ms [UE 30040] UL Throughput = 0.08622 Mbps
36242 ms [UE 42234] UL Throughput = 0.0 Mbps
36336 ms [UE 30040] UL Throughput = 0.07636 Mbps
36336 ms [UE 42234] UL Throughput = 0.02414 Mbps
36404 ms [UE 30040] UL Throughput = 0.0 Mbps
36404 ms [UE 42234] UL Throughput = 0.0 Mbps
36500 ms [UE 30040] UL Throughput = 0.0 Mbps
36500 ms [UE 42234] UL Throughput = 0.0 Mbps
36592 ms [UE 30040] UL Throughput = 0.11367 Mbps
36592 ms [UE 42234] UL Throughput = 0.08837 Mbps
36696 ms [UE 30040] UL Throughput = 0.0 Mbps
36696 ms [UE 42234] UL Throughput = 0.08187 Mbps
36801 ms [UE 30040] UL Throughput = 0.02421 Mbps
36801 ms [UE 42234] UL Throughput = 0.08331 Mbps
36921 ms [UE 30040] UL Throughput = 0.0 Mbps
36921 ms [UE 42234] UL Throughput = 0.05463 Mbps
37049 ms [UE 30040] UL Throughput = 0.05962 Mbps
37049 ms [UE 42234] UL Throughput = 0.0312 Mbps
37147 ms [UE 30040] UL Throughput = 0.0 Mbps
37147 ms [UE 42234] UL Throughput = 0.0 Mbps
37253 ms [UE 30040] UL Throughput = 0.0 Mbps
37253 ms [UE 42234] UL Throughput = 0.08631 Mbps
37350 ms [UE 30040] UL Throughput = 0.02035 Mbps
37350 ms [UE 42234] UL Throughput = 0.0 Mbps
37453 ms [UE 30040] UL Throughput = 0.03406 Mbps
37453 ms [UE 42234] UL Throughput = 0.05502 Mbps
37527 ms [UE 30040] UL Throughput = 0.03462 Mbps
37527 ms [UE 42234] UL Throughput = 0.0 Mbps
37612 ms [UE 30040] UL Throughput = 0.05772 Mbps
37679 ms [UE 42234] UL Throughput = 0.05532 Mbps
37787 ms [UE 30040] UL Throughput = 0.0531 Mbps
37787 ms [UE 42234] UL Throughput = 0.07468 Mbps
37878 ms [UE 30040] UL Throughput = 0.02731 Mbps
37878 ms [UE 42234] UL Throughput = 0.0 Mbps
37991 ms [UE 30040] UL Throughput = 0.09323 Mbps
37991 ms [UE 42234] UL Throughput = 0.0 Mbps
38089 ms [UE 30040] UL Throughput = 0.0 Mbps
38089 ms [UE 42234] UL Throughput = 0.02855 Mbps
38193 ms [UE 30040] UL Throughput = 0.0 Mbps
38193 ms [UE 42234] UL Throughput = 0.08012 Mbps
38196 ms [UE 30040] UL Throughput = 0.0 Mbps
38196 ms [UE 42234] UL Throughput = 0.02299 Mbps
38320 ms [UE 30040] UL Throughput = 0.0 Mbps
38320 ms [UE 42234] UL Throughput = 0.08343 Mbps
38326 ms [UE 30040] UL Throughput = 0.02224 Mbps
38326 ms [UE 42234] UL Throughput = 0.0 Mbps
38440 ms [UE 30040] UL Throughput = 0.0 Mbps
38440 ms [UE 42234] UL Throughput = 0.14958 Mbps
38539 ms [UE 30040] UL Throughput = 0.0 Mbps
38539 ms [UE 42234] UL Throughput = 0.0 Mbps
38544 ms [UE 42234] UL Throughput = 0.0 Mbps
38650 ms [UE 30040] UL Throughput = 0.0 Mbps
38650 ms [UE 42234] UL Throughput = 0.03975 Mbps
38746 ms [UE 30040] UL Throughput = 0.01555 Mbps
38749 ms [UE 30040] UL Throughput = 0.13759 Mbps
38749 ms [UE 42234] UL Throughput = 0.0178 Mbps
38849 ms [UE 30040] UL Throughput = 0.0 Mbps
38849 ms [UE 42234] UL Throughput = 0.04544 Mbps
38954 ms [UE 30040] UL Throughput = 0.01607 Mbps
38954 ms [UE 42234] UL Throughput = 0.0 Mbps
39075 ms [UE 30040] UL Throughput = 0.0 Mbps
39075 ms [UE 42234] UL Throughput = 0.06898 Mbps
39191 ms [UE 30040] UL Throughput = 0.09427 Mbps
39191 ms [UE 42234] UL Throughput = 0.0 Mbps
39195 ms [UE 30040] UL Throughput = 0.0 Mbps
39195 ms [UE 42234] UL Throughput = 0.09978 Mbps
39301 ms [UE 30040] UL Throughput = 0.0 Mbps
39406 ms [UE 42234] UL Throughput = 0.08049 Mbps
39517 ms [UE 30040] UL Throughput = 0.0 Mbps
39631 ms [UE 30040] UL Throughput = 0.01856 Mbps
39704 ms [UE 30040] UL Throughput = 0.0 Mbps
39704 ms [UE 42234] UL Throughput = 0.0885 Mbps
39814 ms [UE 30040] UL Throughput = 0.02474 Mbps
39814 ms [UE 42234] UL Throughput = 0.0 Mbps
39916 ms [UE 30040] UL Throughput = 0.0 Mbps
39916 ms [UE 42234] UL Throughput = 0.01369 Mbps
39993 ms [UE 30040] UL Throughput = 0.0 Mbps
39993 ms [UE 42234] UL Throughput = 0.0 Mbps
39995 ms [UE 30040] UL Throughput = 0.0 Mbps
39995 ms [UE 42234] UL Throughput = 0.03244 Mbps
39996 ms [UE 30040] UL Throughput = 0.0296 Mbps
39996 ms [UE 42234] UL Throughput = 0.05968 Mbps
40081 ms [UE 30040] UL Throughput = 0.0 Mbps
40081 ms [UE 42234] UL Throughput = 0.0 Mbps
40169 ms [UE 30040] UL Throughput = 0.0 Mbps
40169 ms [UE 42234] UL Throughput = 0.0 Mbps
40240 ms [UE 30040] UL Throughput = 0.0661 Mbps
40365 ms [UE 30040] UL Throughput = 0.01102 Mbps
40365 ms [UE 42234] UL Throughput = 0.0 Mbps
40369 ms [UE 30040] UL Throughput = 0.0 Mbps
40369 ms [UE 42234] UL Throughput = 0.0 Mbps
40440 ms [UE 30040] UL Throughput = 0.0 Mbps
40440 ms [UE 42234] UL Throughput = 0.02856 Mbps
40560 ms [UE 30040] UL Throughput = 0.0 Mbps
40560 ms [UE 42234] UL Throughput = 0.0 Mbps
40656 ms [UE 30040] UL Throughput = 0.06438 Mbps
40656 ms [UE 42234] UL Throughput = 0.0 Mbps
40661 ms [UE 30040] UL Throughput = 0.0978 Mbps
40661 ms [UE 42234] UL Throughput = 0.0 Mbps
40664 ms [UE 30040] UL Throughput = 0.0 Mbps
40664 ms [UE 42234] UL Throughput = 0.0 Mbps
40764 ms [UE 30040] UL Throughput = 0.04122 Mbps
40764 ms [UE 42234] UL Throughput = 0.0 Mbps
40863 ms [UE 30040] UL Throughput = 0.07671 Mbps
40863 ms [UE 42234] UL Throughput = 0.05456 Mbps
40967 ms [UE 30040] UL Throughput = 0.093 Mbps
40967 ms [UE 42234] UL Throughput = 0.0 Mbps
41063 ms [UE 30040] UL Throughput = 0.01657 Mbps
41063 ms [UE 42234] UL Throughput = 0.01266 Mbps
41065 ms [UE 30040] UL Throughput = 0.01549 Mbps
41065 ms [UE 42234] UL Throughput = 0.07449 Mbps
41174 ms [UE 30040] UL Throughput = 0.0 Mbps
41174 ms [UE 42234] UL Throughput = 0.0 Mbps
41281 ms [UE 30040] UL Throughput = 0.0 Mbps
41282 ms [UE 30040] UL Throughput = 0.06579 Mbps
41282 ms [UE 42234] UL Throughput = 0.0 Mbps
41401 ms [UE 30040] UL Throughput = 0.11076 Mbps
41401 ms [UE 42234] UL Throughput = 0.0 Mbps
41473 ms [UE 30040] UL Throughput = 0.07425 Mbps
41473 ms [UE 42234] UL Throughput = 0.05208 Mbps
41474 ms [UE 30040] UL Throughput = 0.07558 Mbps
41474 ms [UE 42234] UL Throughput = 0.06402 Mbps
41555 ms [UE 30040] UL Throughput = 0.01194 Mbps
41555 ms [UE 42234] UL Throughput = 0.0 Mbps
41652 ms [UE 30040] UL Throughput = 0.0 Mbps
41652 ms [UE 42234] UL Throughput = 0.0 Mbps
41763 ms [UE 30040] UL Throughput = 0.03208 Mbps
41763 ms [UE 42234] UL Throughput = 0.0 Mbps
41875 ms [UE 30040] UL Throughput = 0.0 Mbps
41875 ms [UE 42234] UL Throughput = 0.09252 Mbps
41966 ms [UE 30040] UL Throughput = 0.06543 Mbps
42057 ms [UE 30040] UL Throughput = 0.0 Mbps
42057 ms [UE 42234] UL Throughput = 0.0 Mbps
42179 ms [UE 30040] UL Throughput = 0.01809 Mbps
42179 ms [UE 42234] UL Throughput = 0.08136 Mbps
42287 ms [UE 30040] UL Throughput = 0.07463 Mbps
42287 ms [UE 42234] UL Throughput = 0.08646 Mbps
42374 ms [UE 30040] UL Throughput = 0.03549 Mbps
42374 ms [UE 42234] UL Throughput = 0.0 Mbps
42479 ms [UE 30040] UL Throughput = 0.0 Mbps
42479 ms [UE 42234] UL Throughput = 0.024 Mbps
42585 ms [UE 30040] UL Throughput = 0.0 Mbps
42585 ms [UE 42234] UL Throughput = 0.08191 Mbps
42685 ms [UE 30040] UL Throughput = 0.07867 Mbps
42685 ms [UE 42234] UL Throughput = 0.04489 Mbps
42777 ms [UE 30040] UL Throughput = 0.05389 Mbps
42777 ms [UE 42234] UL Throughput = 0.04745 Mbps
42866 ms [UE 30040] UL Throughput = 0.0456 Mbps
42866 ms [UE 42234] UL Throughput = 0.0435 Mbps
42941 ms [UE 30040] UL Throughput = 0.0 Mbps
42941 ms [UE 42234] UL Throughput = 0.04404 Mbps
42945 ms [UE 30040] UL Throughput = 0.0 Mbps
42945 ms [UE 42234] UL Throughput = 0.0 Mbps
43055 ms [UE 30040] UL Throughput = 0.04162 Mbps
43151 ms [UE 30040] UL Throughput = 0.0 Mbps
43236 ms [UE 42234] UL Throughput = 0.05155 Mbps
43330 ms [UE 30040] UL Throughput = 0.06234 Mbps
43330 ms [UE 42234] UL Throughput = 0.05014 Mbps
43336 ms [UE 30040] UL Throughput = 0.03734 Mbps
43336 ms [UE 42234] UL Throughput = 0.12211 Mbps
43450 ms [UE 30040] UL Throughput = 0.05406 Mbps
43450 ms [UE 42234] UL Throughput = 0.0 Mbps
43550 ms [UE 42234] UL Throughput = 0.03862 Mbps
43652 ms [UE 30040] UL Throughput = 0.0 Mbps
43652 ms [UE 42234] UL Throughput = 0.02376 Mbps
43777 ms [UE 30040] UL Throughput = 0.0 Mbps
43777 ms [UE 42234] UL Throughput = 0.0 Mbps
43863 ms [UE 30040] UL Throughput = 0.09814 Mbps
43863 ms [UE 42234] UL Throughput = 0.08388 Mbps
43867 ms [UE 30040] UL Throughput = 0.021 Mbps
43867 ms [UE 42234] UL Throughput = 0.01786 Mbps
43948 ms [UE 42234] UL Throughput = 0.0 Mbps
44038 ms [UE 42234] UL Throughput = 0.07565 Mbps
44149 ms [UE 30040] UL Throughput = 0.0192 Mbps
44149 ms [UE 42234] UL Throughput = 0.05734 Mbps
44271 ms [UE 30040] UL Throughput = 0.06191 Mbps
44271 ms [UE 42234] UL Throughput = 0.0 Mbps
44276 ms [UE 30040] UL Throughput = 0.0 Mbps
44276 ms [UE 42234] UL Throughput = 0.0 Mbps
44383 ms [UE 30040] UL Throughput = 0.03225 Mbps
44383 ms [UE 42234] UL Throughput = 0.0 Mbps
44460 ms [UE 30040] UL Throughput = 0.0 Mbps
44460 ms [UE 42234] UL Throughput = 0.0 Mbps
44581 ms [UE 42234] UL Throughput = 0.0 Mbps
44659 ms [UE 42234] UL Throughput = 0.02323 Mbps
44723 ms [UE 30040] UL Throughput = 0.01684 Mbps
44723 ms [UE 42234] UL Throughput = 0.0 Mbps
44800 ms [UE 30040] UL Throughput = 0.0 Mbps
44800 ms [UE 42234] UL Throughput = 0.0 Mbps
44914 ms [UE 30040] UL Throughput = 0.08698 Mbps
44914 ms [UE 42234] UL Throughput = 0.0 Mbps
45024 ms [UE 30040] UL Throughput = 0.08928 Mbps
45024 ms [UE 42234] UL Throughput = 0.0 Mbps
45029 ms [UE 30040] UL Throughput = 0.07566 Mbps
45029 ms [UE 42234] UL Throughput = 0.0 Mbps
45137 ms [UE 30040] UL Throughput = 0.0 Mbps
45255 ms [UE 30040] UL Throughput = 0.0 Mbps
45255 ms [UE 42234] UL Throughput = 0.04324 Mbps
45355 ms [UE 30040] UL Throughput = 0.11184 Mbps
45355 ms [UE 42234] UL Throughput = 0.03516 Mbps
45482 ms [UE 30040] UL Throughput = 0.05282 Mbps
45482 ms [UE 42234] UL Throughput = 0.0 Mbps
45563 ms [UE 30040] UL Throughput = 0.0 Mbps
45563 ms [UE 42234] UL Throughput = 0.0 Mbps
45663 ms [UE 30040] UL Throughput = 0.0 Mbps
45664 ms [UE 30040] UL Throughput = 0.06604 Mbps
45664 ms [UE 42234] UL Throughput = 0.03064 Mbps
45738 ms [UE 30040] UL Throughput = 0.0 Mbps
45738 ms [UE 42234] UL Throughput = 0.05734 Mbps
45817 ms [UE 42234] UL Throughput = 0.0 Mbps
45911 ms [UE 30040] UL Throughput = 0.01354 Mbps
45915 ms [UE 30040] UL Throughput = 0.0423 Mbps
45915 ms [UE 42234] UL Throughput = 0.09764 Mbps
45920 ms [UE 30040] UL Throughput = 0.0 Mbps
45920 ms [UE 42234] UL Throughput = 0.0 Mbps
46011 ms [UE 30040] UL Throughput = 0.0 Mbps
46116 ms [UE 30040] UL Throughput = 0.06179 Mbps
46116 ms [UE 42234] UL Throughput = 0.09895 Mbps
46232 ms [UE 42234] UL Throughput = 0.0 Mbps
46338 ms [UE 30040] UL Throughput = 0.0 Mbps
46338 ms [UE 42234] UL Throughput = 0.0 Mbps
46459 ms [UE 30040] UL Throughput = 0.0 Mbps
46459 ms [UE 42234] UL Throughput = 0.0 Mbps
46567 ms [UE 30040] UL Throughput = 0.0 Mbps
46567 ms [UE 42234] UL Throughput = 0.04969 Mbps
46664 ms [UE 42234] UL Throughput = 0.0 Mbps
46779 ms [UE 30040] UL Throughput = 0.08364 Mbps
46779 ms [UE 42234] UL Throughput = 0.0 Mbps
46853 ms [UE 42234] UL Throughput = 0.06552 Mbps
46856 ms [UE 30040] UL Throughput = 0.04307 Mbps
46856 ms [UE 42234] UL Throughput = 0.0 Mbps
46947 ms [UE 30040] UL Throughput = 0.05102 Mbps
46949 ms [UE 30040] UL Throughput = 0.05566 Mbps
46949 ms [UE 42234] UL Throughput = 0.0 Mbps
46950 ms [UE 30040] UL Throughput = 0.0 Mbps
46951 ms [UE 30040] UL Throughput = 0.01003 Mbps
46951 ms [UE 42234] UL Throughput = 0.02344 Mbps
47049 ms [UE 30040] UL Throughput = 0.0 Mbps
47049 ms [UE 42234] UL Throughput = 0.0871 Mbps
47143 ms [UE 30040] UL Throughput = 0.0 Mbps
47143 ms [UE 42234] UL Throughput = 0.0 Mbps
47224 ms [UE 30040] UL Throughput = 0.0 Mbps
47224 ms [UE 42234] UL Throughput = 0.0 Mbps
47316 ms [UE 30040] UL Throughput = 0.0 Mbps
47316 ms [UE 42234] UL Throughput = 0.05971 Mbps
47416 ms [UE 30040] UL Throughput = 0.0856 Mbps
47416 ms [UE 42234] UL Throughput = 0.0 Mbps
47552 ms [UE 30040] UL Throughput = 0.0 Mbps
47552 ms [UE 42234] UL Throughput = 0.0 Mbps
47554 ms [UE 30040] UL Throughput = 0.0 Mbps
47554 ms [UE 42234] UL Throughput = 0.07578 Mbps
47653 ms [UE 30040] UL Throughput = 0.0 Mbps
47653 ms [UE 42234] UL Throughput = 0.0 Mbps
47751 ms [UE 30040] UL Throughput = 0.0279 Mbps
47751 ms [UE 42234] UL Throughput = 0.03724 Mbps
47757 ms [UE 30040] UL Throughput = 0.0 Mbps
47757 ms [UE 42234] UL Throughput = 0.0 Mbps
47858 ms [UE 30040] UL Throughput = 0.0 Mbps
47858 ms [UE 42234] UL Throughput = 0.04547 Mbps
47863 ms [UE 30040] UL Throughput = 0.0 Mbps
47863 ms [UE 42234] UL Throughput = 0.0 Mbps
47869 ms [UE 30040] UL Throughput = 0.0 Mbps
47869 ms [UE 42234] UL Throughput = 0.0 Mbps
47986 ms [UE 30040] UL Throughput = 0.06091 Mbps
47986 ms [UE 42234] UL Throughput = 0.08907 Mbps
48101 ms [UE 42234] UL Throughput = 0.0 Mbps
48182 ms [UE 30040] UL Throughput = 0.04269 Mbps
48182 ms [UE 42234] UL Throughput = 0.02373 Mbps
48268 ms [UE 30040] UL Throughput = 0.0 Mbps
48268 ms [UE 42234] UL Throughput = 0.0 Mbps
48372 ms [UE 30040] UL Throughput = 0.0 Mbps
48372 ms [UE 42234] UL Throughput = 0.0 Mbps
48376 ms [UE 30040] UL Throughput = 0.08484 Mbps
48498 ms [UE 30040] UL Throughput = 0.08267 Mbps
48498 ms [UE 42234] UL Throughput = 0.0 Mbps
48610 ms [UE 30040] UL Throughput = 0.0 Mbps
48610 ms [UE 42234] UL Throughput = 0.0 Mbps
48616 ms [UE 30040] UL Throughput = 0.06282 Mbps
48616 ms [UE 42234] UL Throughput = 0.04644 Mbps
48727 ms [UE 30040] UL Throughput = 0.0 Mbps
48727 ms [UE 42234] UL Throughput = 0.05234 Mbps
48839 ms [UE 30040] UL Throughput = 0.0 Mbps
48839 ms [UE 42234] UL Throughput = 0.0 Mbps
48947 ms [UE 30040] UL Throughput = 0.06812 Mbps
48947 ms [UE 42234] UL Throughput = 0.0 Mbps
48953 ms [UE 30040] UL Throughput = 0.0 Mbps
48953 ms [UE 42234] UL Throughput = 0.0 Mbps
49048 ms [UE 30040] UL Throughput = 0.0 Mbps
49048 ms [UE 42234] UL Throughput = 0.09119 Mbps
49159 ms [UE 30040] UL Throughput = 0.02952 Mbps
49159 ms [UE 42234] UL Throughput = 0.05103 Mbps
49263 ms [UE 30040] UL Throughput = 0.10246 Mbps
49263 ms [UE 42234] UL Throughput = 0.05724 Mbps
49365 ms [UE 30040] UL Throughput = 0.07783 Mbps
49365 ms [UE 42234] UL Throughput = 0.05807 Mbps
49366 ms [UE 30040] UL Throughput = 0.0 Mbps
49366 ms [UE 42234] UL Throughput = 0.04212 Mbps
49505 ms [UE 30040] UL Throughput = 0.06894 Mbps
49505 ms [UE 42234] UL Throughput = 0.0 Mbps
49510 ms [UE 30040] UL Throughput = 0.0 Mbps
49510 ms [UE 42234] UL Throughput = 0.0 Mbps
49613 ms [UE 30040] UL Throughput = 0.0 Mbps
49613 ms [UE 42234] UL Throughput = 0.0 Mbps
49716 ms [UE 30040] UL Throughput = 0.0 Mbps
49716 ms [UE 42234] UL Throughput = 0.0 Mbps
49719 ms [UE 30040] UL Throughput = 0.0 Mbps
49719 ms [UE 42234] UL Throughput = 0.04188 Mbps
49817 ms [UE 30040] UL Throughput = 0.0 Mbps
49817 ms [UE 42234] UL Throughput = 0.0 Mbps
49924 ms [UE 30040] UL Throughput = 0.08695 Mbps
49924 ms [UE 42234] UL Throughput = 0.08038 Mbps
50034 ms [UE 30040] UL Throughput = 0.0741 Mbps
50034 ms [UE 42234] UL Throughput = 0.0 Mbps
50168 ms [UE 30040] UL Throughput = 0.04598 Mbps
50168 ms [UE 42234] UL Throughput = 0.04725 Mbps
50172 ms [UE 30040] UL Throughput = 0.02887 Mbps
50172 ms [UE 42234] UL Throughput = 0.0 Mbps
50275 ms [UE 30040] UL Throughput = 0.0 Mbps
50275 ms [UE 42234] UL Throughput = 0.09798 Mbps
50375 ms [UE 30040] UL Throughput = 0.0 Mbps
50375 ms [UE 42234] UL Throughput = 0.02335 Mbps
50492 ms [UE 30040] UL Throughput = 0.0 Mbps
50492 ms [UE 42234] UL Throughput = 0.02274 Mbps
50566 ms [UE 30040] UL Throughput = 0.02045 Mbps
50566 ms [UE 42234] UL Throughput = 0.06303 Mbps
50664 ms [UE 30040] UL Throughput = 0.02432 Mbps
50669 ms [UE 30040] UL Throughput = 0.0 Mbps
50669 ms [UE 42234] UL Throughput = 0.08195 Mbps
50766 ms [UE 30040] UL Throughput = 0.04896 Mbps
50866 ms [UE 30040] UL Throughput = 0.07741 Mbps
50866 ms [UE 42234] UL Throughput = 0.0521 Mbps
50867 ms [UE 30040] UL Throughput = 0.0 Mbps
50867 ms [UE 42234] UL Throughput = 0.0 Mbps
50873 ms [UE 30040] UL Throughput = 0.12672 Mbps
50873 ms [UE 42234] UL Throughput = 0.0311 Mbps
50976 ms [UE 30040] UL Throughput = 0.08211 Mbps
50976 ms [UE 42234] UL Throughput = 0.06783 Mbps
51097 ms [UE 30040] UL Throughput = 0.01845 Mbps
51097 ms [UE 42234] UL Throughput = 0.0681 Mbps
51099 ms [UE 30040] UL Throughput = 0.0 Mbps
51099 ms [UE 42234] UL Throughput = 0.05963 Mbps
51204 ms [UE 30040] UL Throughput = 0.07749 Mbps
51281 ms [UE 42234] UL Throughput = 0.09059 Mbps
51360 ms [UE 30040] UL Throughput = 0.0 Mbps
51360 ms [UE 42234] UL Throughput = 0.0 Mbps
51462 ms [UE 42234] UL Throughput = 0.0 Mbps
51591 ms [UE 30040] UL Throughput = 0.0 Mbps
51671 ms [UE 30040] UL Throughput = 0.01551 Mbps
51671 ms [UE 42234] UL Throughput = 0.12192 Mbps
51772 ms [UE 30040] UL Throughput = 0.0 Mbps
51772 ms [UE 42234] UL Throughput = 0.09439 Mbps
51861 ms [UE 30040] UL Throughput = 0.09213 Mbps
51861 ms [UE 42234] UL Throughput = 0.07485 Mbps
51950 ms [UE 30040] UL Throughput = 0.02518 Mbps
51950 ms [UE 42234] UL Throughput = 0.0 Mbps
52041 ms [UE 30040] UL Throughput = 0.02565 Mbps
52041 ms [UE 42234] UL Throughput = 0.05801 Mbps
52150 ms [UE 30040] UL Throughput = 0.0 Mbps
52150 ms [UE 42234] UL Throughput = 0.03368 Mbps
52238 ms [UE 30040] UL Throughput = 0.0 Mbps
52238 ms [UE 42234] UL Throughput = 0.0 Mbps
52354 ms [UE 30040] UL Throughput = 0.0 Mbps
52354 ms [UE 42234] UL Throughput = 0.09573 Mbps
52356 ms [UE 30040] UL Throughput = 0.09402 Mbps
52356 ms [UE 42234] UL Throughput = 0.08455 Mbps
52431 ms [UE 30040] UL Throughput = 0.0756 Mbps
52431 ms [UE 42234] UL Throughput = 0.0 Mbps
52506 ms [UE 30040] UL Throughput = 0.0 Mbps
52506 ms [UE 42234] UL Throughput = 0.0 Mbps
52509 ms [UE 30040] UL Throughput = 0.0 Mbps
52509 ms [UE 42234] UL Throughput = 0.03629 Mbps
52514 ms [UE 30040] UL Throughput = 0.04565 Mbps
52514 ms [UE 42234] UL Throughput = 0.0 Mbps
52641 ms [UE 30040] UL Throughput = 0.0 Mbps
52641 ms [UE 42234] UL Throughput = 0.02067 Mbps
52723 ms [UE 42234] UL Throughput = 0.0 Mbps
52811 ms [UE 30040] UL Throughput = 0.07998 Mbps
52934 ms [UE 30040] UL Throughput = 0.05342 Mbps
52934 ms [UE 42234] UL Throughput = 0.0 Mbps
53012 ms [UE 30040] UL Throughput = 0.01614 Mbps
53012 ms [UE 42234] UL Throughput = 0.08957 Mbps
53124 ms [UE 30040] UL Throughput = 0.0 Mbps
53124 ms [UE 42234] UL Throughput = 0.09836 Mbps
53210 ms [UE 30040] UL Throughput = 0.0 Mbps
53210 ms [UE 42234] UL Throughput = 0.0 Mbps
53215 ms [UE 42234] UL Throughput = 0.0 Mbps
53218 ms [UE 30040] UL Throughput = 0.0 Mbps
53218 ms [UE 42234] UL Throughput = 0.0 Mbps
53292 ms [UE 30040] UL Throughput = 0.01041 Mbps
53292 ms [UE 42234] UL Throughput = 0.0 Mbps
53296 ms [UE 30040] UL Throughput = 0.0 Mbps
53410 ms [UE 42234] UL Throughput = 0.0 Mbps
53500 ms [UE 30040] UL Throughput = 0.0 Mbps
53500 ms [UE 42234] UL Throughput = 0.0 Mbps
53503 ms [UE 30040] UL Throughput = 0.08791 Mbps
53503 ms [UE 42234] UL Throughput = 0.0 Mbps
53594 ms [UE 30040] UL Throughput = 0.0 Mbps
53594 ms [UE 42234] UL Throughput = 0.08842 Mbps
53707 ms [UE 30040] UL Throughput = 0.0 Mbps
53707 ms [UE 42234] UL Throughput = 0.0 Mbps
53799 ms [UE 30040] UL Throughput = 0.0 Mbps
53799 ms [UE 42234] UL Throughput = 0.0 Mbps
53800 ms [UE 30040] UL Throughput = 0.0 Mbps
53800 ms [UE 42234] UL Throughput = 0.01948 Mbps
53804 ms [UE 30040] UL Throughput = 0.0 Mbps
53804 ms [UE 42234] UL Throughput = 0.0 Mbps
53807 ms [UE 30040] UL Throughput = 0.0 Mbps
53807 ms [UE 42234] UL Throughput = 0.02025 Mbps
53901 ms [UE 30040] UL Throughput = 0.0 Mbps
53901 ms [UE 42234] UL Throughput = 0.04713 Mbps
53990 ms [UE 30040] UL Throughput = 0.0903 Mbps
54068 ms [UE 30040] UL Throughput = 0.061 Mbps
54068 ms [UE 42234] UL Throughput = 0.0 Mbps
54164 ms [UE 30040] UL Throughput = 0.05165 Mbps
54164 ms [UE 42234] UL Throughput = 0.0 Mbps
54235 ms [UE 30040] UL Throughput = 0.04409 Mbps
54235 ms [UE 42234] UL Throughput = 0.06715 Mbps
54357 ms [UE 30040] UL Throughput = 0.0 Mbps
54357 ms [UE 42234] UL Throughput = 0.0 Mbps
54428 ms [UE 30040] UL Throughput = 0.01911 Mbps
54428 ms [UE 42234] UL Throughput = 0.0 Mbps
54429 ms [UE 30040] UL Throughput = 0.0 Mbps
54429 ms [UE 42234] UL Throughput = 0.0 Mbps
54435 ms [UE 30040] UL Throughput = 0.0 Mbps
54435 ms [UE 42234] UL Throughput = 0.0 Mbps
54439 ms [UE 30040] UL Throughput = 0.0 Mbps
54439 ms [UE 42234] UL Throughput = 0.0 Mbps
54544 ms [UE 30040] UL Throughput = 0.0 Mbps
54544 ms [UE 42234] UL Throughput = 0.09065 Mbps
54629 ms [UE 42234] UL Throughput = 0.07044 Mbps
54708 ms [UE 30040] UL Throughput = 0.0 Mbps
54821 ms [UE 30040] UL Throughput = 0.10224 Mbps
54821 ms [UE 42234] UL Throughput = 0.0 Mbps
54910 ms [UE 30040] UL Throughput = 0.03797 Mbps
54910 ms [UE 42234] UL Throughput = 0.0 Mbps
55007 ms [UE 30040] UL Throughput = 0.02514 Mbps
55007 ms [UE 42234] UL Throughput = 0.0 Mbps
55130 ms [UE 30040] UL Throughput = 0.09187 Mbps
55226 ms [UE 30040] UL Throughput = 0.0 Mbps
55226 ms [UE 42234] UL Throughput = 0.02667 Mbps
55311 ms [UE 42234] UL Throughput = 0.08205 Mbps
55406 ms [UE 30040] UL Throughput = 0.0 Mbps
55406 ms [UE 42234] UL Throughput = 0.04283 Mbps
55490 ms [UE 30040] UL Throughput = 0.0425 Mbps
55490 ms [UE 42234] UL Throughput = 0.07312 Mbps
55589 ms [UE 30040] UL Throughput = 0.05877 Mbps
55589 ms [UE 42234] UL Throughput = 0.08617 Mbps
55695 ms [UE 42234] UL Throughput = 0.0 Mbps
55795 ms [UE 30040] UL Throughput = 0.06694 Mbps
55795 ms [UE 42234] UL Throughput = 0.0 Mbps
55889 ms [UE 30040] UL Throughput = 0.05837 Mbps
55889 ms [UE 42234] UL Throughput = 0.11238 Mbps
55997 ms [UE 30040] UL Throughput = 0.0 Mbps
55997 ms [UE 42234] UL Throughput = 0.12325 Mbps
56113 ms [UE 30040] UL Throughput = 0.0 Mbps
56113 ms [UE 42234] UL Throughput = 0.0 Mbps
56115 ms [UE 30040] UL Throughput = 0.04679 Mbps
56115 ms [UE 42234] UL Throughput = 0.0 Mbps
56116 ms [UE 30040] UL Throughput = 0.12237 Mbps
56217 ms [UE 30040] UL Throughput = 0.02225 Mbps
56328 ms [UE 30040] UL Throughput = 0.02493 Mbps
56328 ms [UE 42234] UL Throughput = 0.08869 Mbps
56332 ms [UE 30040] UL Throughput = 0.08917 Mbps
56332 ms [UE 42234] UL Throughput = 0.05036 Mbps
56459 ms [UE 30040] UL Throughput = 0.0 Mbps
56459 ms [UE 42234] UL Throughput = 0.0 Mbps
56571 ms [UE 30040] UL Throughput = 0.07394 Mbps
56571 ms [UE 42234] UL Throughput = 0.05795 Mbps
56655 ms [UE 42234] UL Throughput = 0.04696 Mbps
56741 ms [UE 30040] UL Throughput = 0.08237 Mbps
56741 ms [UE 42234] UL Throughput = 0.0 Mbps
56838 ms [UE 30040] UL Throughput = 0.0 Mbps
56838 ms [UE 42234] UL Throughput = 0.0 Mbps
56921 ms [UE 30040] UL Throughput = 0.0 Mbps
56921 ms [UE 42234] UL Throughput = 0.0 Mbps
57052 ms [UE 30040] UL Throughput = 0.05639 Mbps
57139 ms [UE 42234] UL Throughput = 0.0504 Mbps
57260 ms [UE 30040] UL Throughput = 0.18297 Mbps
57260 ms [UE 42234] UL Throughput = 0.06671 Mbps
57375 ms [UE 30040] UL Throughput = 0.09809 Mbps
57375 ms [UE 42234] UL Throughput = 0.0 Mbps
57484 ms [UE 30040] UL Throughput = 0.0 Mbps
57484 ms [UE 42234] UL Throughput = 0.03238 Mbps
57579 ms [UE 30040] UL Throughput = 0.07041 Mbps
57579 ms [UE 42234] UL Throughput = 0.04832 Mbps
57688 ms [UE 30040] UL Throughput = 0.0 Mbps
57688 ms [UE 42234] UL Throughput = 0.01293 Mbps
57793 ms [UE 30040] UL Throughput = 0.09409 Mbps
57914 ms [UE 30040] UL Throughput = 0.0 Mbps
57914 ms [UE 42234] UL Throughput = 0.0 Mbps
58028 ms [UE 42234] UL Throughput = 0.0 Mbps
58140 ms [UE 30040] UL Throughput = 0.0 Mbps
58140 ms [UE 42234] UL Throughput = 0.09418 Mbps
58141 ms [UE 30040] UL Throughput = 0.0 Mbps
58141 ms [UE 42234] UL Throughput = 0.01904 Mbps
58228 ms [UE 42234] UL Throughput = 0.09816 Mbps
58342 ms [UE 30040] UL Throughput = 0.0 Mbps
58342 ms [UE 42234] UL Throughput = 0.0 Mbps
58448 ms [UE 30040] UL Throughput = 0.05288 Mbps
58448 ms [UE 42234] UL Throughput = 0.06526 Mbps
58452 ms [UE 30040] UL Throughput = 0.145 Mbps
58453 ms [UE 30040] UL Throughput = 0.09082 Mbps
58453 ms [UE 42234] UL Throughput = 0.04226 Mbps
58569 ms [UE 42234] UL Throughput = 0.0 Mbps
58642 ms [UE 30040] UL Throughput = 0.0 Mbps
58642 ms [UE 42234] UL Throughput = 0.06536 Mbps
58749 ms [UE 30040] UL Throughput = 0.0 Mbps
58749 ms [UE 42234] UL Throughput = 0.0 Mbps
58865 ms [UE 30040] UL Throughput = 0.0 Mbps
58865 ms [UE 42234] UL Throughput = 0.05529 Mbps
58951 ms [UE 30040] UL Throughput = 0.15156 Mbps
58951 ms [UE 42234] UL Throughput = 0.06375 Mbps
59061 ms [UE 30040] UL Throughput = 0.07184 Mbps
59061 ms [UE 42234] UL Throughput = 0.0 Mbps
59159 ms [UE 30040] UL Throughput = 0.0 Mbps
59159 ms [UE 42234] UL Throughput = 0.0 Mbps
59246 ms [UE 30040] UL Throughput = 0.0 Mbps
59246 ms [UE 42234] UL Throughput = 0.09847 Mbps
59309 ms [UE 30040] UL Throughput = 0.0 Mbps
59309 ms [UE 42234] UL Throughput = 0.0 Mbps
59430 ms [UE 30040] UL Throughput = 0.04293 Mbps
59430 ms [UE 42234] UL Throughput = 0.0 Mbps
59502 ms [UE 30040] UL Throughput = 0.0 Mbps
59502 ms [UE 42234] UL Throughput = 0.0 Mbps
59505 ms [UE 30040] UL Throughput = 0.0464 Mbps
59505 ms [UE 42234] UL Throughput = 0.11351 Mbps
59507 ms [UE 30040] UL Throughput = 0.0 Mbps
59507 ms [UE 42234] UL Throughput = 0.0 Mbps
59582 ms [UE 30040] UL Throughput = 0.0 Mbps
59582 ms [UE 42234] UL Throughput = 0.08294 Mbps
59663 ms [UE 42234] UL Throughput = 0.0852 Mbps
59776 ms [UE 30040] UL Throughput = 0.0 Mbps
59882 ms [UE 30040] UL Throughput = 0.0 Mbps
59882 ms [UE 42234] UL Throughput = 0.0 Mbps
60012 ms [UE 30040] UL Throughput = 0.09791 Mbps
60012 ms [UE 42234] UL Throughput = 0.0 Mbps
60104 ms [UE 30040] UL Throughput = 0.06603 Mbps
60104 ms [UE 42234] UL Throughput = 0.08068 Mbps
60202 ms [UE 42234] UL Throughput = 0.0 Mbps
60287 ms [UE 30040] UL Throughput = 0.09364 Mbps
60375 ms [UE 30040] UL Throughput = 0.07736 Mbps
60484 ms [UE 30040] UL Throughput = 0.07791 Mbps
60484 ms [UE 42234] UL Throughput = 0.10672 Mbps
60573 ms [UE 30040] UL Throughput = 0.08354 Mbps
60573 ms [UE 42234] UL Throughput = 0.02547 Mbps
60659 ms [UE 30040] UL Throughput = 0.0 Mbps
60659 ms [UE 42234] UL Throughput = 0.07173 Mbps
60750 ms [UE 30040] UL Throughput = 0.06608 Mbps
60750 ms [UE 42234] UL Throughput = 0.01569 Mbps
60860 ms [UE 30040] UL Throughput = 0.14281 Mbps
60860 ms [UE 42234] UL Throughput = 0.0 Mbps
60952 ms [UE 42234] UL Throughput = 0.0 Mbps
61057 ms [UE 30040] UL Throughput = 0.0 Mbps
61057 ms [UE 42234] UL Throughput = 0.0 Mbps
61151 ms [UE 30040] UL Throughput = 0.0 Mbps
61272 ms [UE 30040] UL Throughput = 0.0888 Mbps
61272 ms [UE 42234] UL Throughput = 0.02515 Mbps
61273 ms [UE 42234] UL Throughput = 0.03735 Mbps
61383 ms [UE 30040] UL Throughput = 0.0 Mbps
61383 ms [UE 42234] UL Throughput = 0.0 Mbps
61460 ms [UE 30040] UL Throughput = 0.0 Mbps
61460 ms [UE 42234] UL Throughput = 0.03352 Mbps
61544 ms [UE 30040] UL Throughput = 0.0 Mbps
61544 ms [UE 42234] UL Throughput = 0.09293 Mbps
61652 ms [UE 30040] UL Throughput = 0.07542 Mbps
61652 ms [UE 42234] UL Throughput = 0.0 Mbps
61728 ms [UE 30040] UL Throughput = 0.0 Mbps
61728 ms [UE 42234] UL Throughput = 0.0 Mbps
61731 ms [UE 30040] UL Throughput = 0.16756 Mbps
61731 ms [UE 42234] UL Throughput = 0.0 Mbps
61856 ms [UE 30040] UL Throughput = 0.04311 Mbps
61856 ms [UE 42234] UL Throughput = 0.0 Mbps
61957 ms [UE 30040] UL Throughput = 0.08037 Mbps
61957 ms [UE 42234] UL Throughput = 0.05369 Mbps
62045 ms [UE 42234] UL Throughput = 0.0 Mbps
62135 ms [UE 30040] UL Throughput = 0.0 Mbps
62135 ms [UE 42234] UL Throughput = 0.0 Mbps
62238 ms [UE 30040] UL Throughput = 0.01176 Mbps
62238 ms [UE 42234] UL Throughput = 0.04121 Mbps
62239 ms [UE 30040] UL Throughput = 0.03674 Mbps
62239 ms [UE 42234] UL Throughput = 0.03507 Mbps
62362 ms [UE 30040] UL Throughput = 0.0 Mbps
62362 ms [UE 42234] UL Throughput = 0.0 Mbps
62448 ms [UE 30040] UL Throughput = 0.03244 Mbps
62448 ms [UE 42234] UL Throughput = 0.0 Mbps
62566 ms [UE 30040] UL Throughput = 0.13792 Mbps
62566 ms [UE 42234] UL Throughput = 0.03938 Mbps
62658 ms [UE 30040] UL Throughput = 0.0 Mbps
62658 ms [UE 42234] UL Throughput = 0.0603 Mbps
62735 ms [UE 30040] UL Throughput = 0.0 Mbps
62735 ms [UE 42234] UL Throughput = 0.05029 Mbps
62825 ms [UE 30040] UL Throughput = 0.0 Mbps
62825 ms [UE 42234] UL Throughput = 0.09511 Mbps
62911 ms [UE 30040] UL Throughput = 0.02466 Mbps
62911 ms [UE 42234] UL Throughput = 0.02091 Mbps
63002 ms [UE 30040] UL Throughput = 0.0 Mbps
63002 ms [UE 42234] UL Throughput = 0.08159 Mbps
63104 ms [UE 30040] UL Throughput = 0.06721 Mbps
63104 ms [UE 42234] UL Throughput = 0.02339 Mbps
63203 ms [UE 30040] UL Throughput = 0.0 Mbps
63203 ms [UE 42234] UL Throughput = 0.0 Mbps
63314 ms [UE 30040] UL Throughput = 0.08996 Mbps
63315 ms [UE 30040] UL Throughput = 0.0981 Mbps
63315 ms [UE 42234] UL Throughput = 0.0 Mbps
63415 ms [UE 30040] UL Throughput = 0.04888 Mbps
63415 ms [UE 42234] UL Throughput = 0.0 Mbps
63515 ms [UE 30040] UL Throughput = 0.07634 Mbps
63609 ms [UE 30040] UL Throughput = 0.07404 Mbps
63609 ms [UE 42234] UL Throughput = 0.01222 Mbps
63610 ms [UE 30040] UL Throughput = 0.05447 Mbps
63610 ms [UE 42234] UL Throughput = 0.0 Mbps
63733 ms [UE 30040] UL Throughput = 0.0 Mbps
63733 ms [UE 42234] UL Throughput = 0.0 Mbps
63831 ms [UE 30040] UL Throughput = 0.0 Mbps
63831 ms [UE 42234] UL Throughput = 0.0 Mbps
63908 ms [UE 30040] UL Throughput = 0.0545 Mbps
63908 ms [UE 42234] UL Throughput = 0.0 Mbps
64016 ms [UE 42234] UL Throughput = 0.13238 Mbps
64115 ms [UE 30040] UL Throughput = 0.08562 Mbps
64115 ms [UE 42234] UL Throughput = 0.06137 Mbps
64118 ms [UE 30040] UL Throughput = 0.07195 Mbps
64118 ms [UE 42234] UL Throughput = 0.06826 Mbps
64120 ms [UE 30040] UL Throughput = 0.05706 Mbps
64205 ms [UE 30040] UL Throughput = 0.0 Mbps
64290 ms [UE 30040] UL Throughput = 0.0 Mbps
64290 ms [UE 42234] UL Throughput = 0.07833 Mbps
64390 ms [UE 30040] UL Throughput = 0.01537 Mbps
64390 ms [UE 42234] UL Throughput = 0.08362 Mbps
64470 ms [UE 30040] UL Throughput = 0.03515 Mbps
64470 ms [UE 42234] UL Throughput = 0.0 Mbps
64581 ms [UE 30040] UL Throughput = 0.0 Mbps
64581 ms [UE 42234] UL Throughput = 0.09688 Mbps
64676 ms [UE 30040] UL Throughput = 0.0 Mbps
64676 ms [UE 42234] UL Throughput = 0.01786 Mbps
64787 ms [UE 30040] UL Throughput = 0.06746 Mbps
64787 ms [UE 42234] UL Throughput = 0.0 Mbps
64910 ms [UE 30040] UL Throughput = 0.03367 Mbps
64910 ms [UE 42234] UL Throughput = 0.0 Mbps
65012 ms [UE 30040] UL Throughput = 0.0 Mbps
65012 ms [UE 42234] UL Throughput = 0.0 Mbps
65088 ms [UE 30040] UL Throughput = 0.08046 Mbps
65088 ms [UE 42234] UL Throughput = 0.07781 Mbps
65091 ms [UE 30040] UL Throughput = 0.04662 Mbps
65091 ms [UE 42234] UL Throughput = 0.01193 Mbps
65177 ms [UE 42234] UL Throughput = 0.0 Mbps
65278 ms [UE 30040] UL Throughput = 0.07494 Mbps
65278 ms [UE 42234] UL Throughput = 0.05896 Mbps
65282 ms [UE 30040] UL Throughput = 0.14078 Mbps
65282 ms [UE 42234] UL Throughput = 0.0 Mbps
65283 ms [UE 30040] UL Throughput = 0.0 Mbps
65283 ms [UE 42234] UL Throughput = 0.06931 Mbps
65413 ms [UE 30040] UL Throughput = 0.0 Mbps
65413 ms [UE 42234] UL Throughput = 0.0 Mbps
65510 ms [UE 30040] UL Throughput = 0.02107 Mbps
65510 ms [UE 42234] UL Throughput = 0.08863 Mbps
65604 ms [UE 30040] UL Throughput = 0.0 Mbps
65604 ms [UE 42234] UL Throughput = 0.0 Mbps
65672 ms [UE 42234] UL Throughput = 0.05449 Mbps
65761 ms [UE 30040] UL Throughput = 0.0 Mbps
65761 ms [UE 42234] UL Throughput = 0.05482 Mbps
65853 ms [UE 30040] UL Throughput = 0.09655 Mbps
65854 ms [UE 30040] UL Throughput = 0.0 Mbps
65854 ms [UE 42234] UL Throughput = 0.01423 Mbps
65949 ms [UE 42234] UL Throughput = 0.01785 Mbps
66046 ms [UE 30040] UL Throughput = 0.0 Mbps
66046 ms [UE 42234] UL Throughput = 0.0 Mbps
66155 ms [UE 30040] UL Throughput = 0.08634 Mbps
66155 ms [UE 42234] UL Throughput = 0.05451 Mbps
66161 ms [UE 30040] UL Throughput = 0.0 Mbps
66161 ms [UE 42234] UL Throughput = 0.01558 Mbps
66254 ms [UE 30040] UL Throughput = 0.0 Mbps
66254 ms [UE 42234] UL Throughput = 0.03564 Mbps
66256 ms [UE 30040] UL Throughput = 0.0 Mbps
66256 ms [UE 42234] UL Throughput = 0.0 Mbps
66373 ms [UE 30040] UL Throughput = 0.06284 Mbps
66373 ms [UE 42234] UL Throughput = 0.0 Mbps
66483 ms [UE 30040] UL Throughput = 0.16298 Mbps
66483 ms [UE 42234] UL Throughput = 0.05266 Mbps
66486 ms [UE 30040] UL Throughput = 0.02766 Mbps
66486 ms [UE 42234] UL Throughput = 0.09058 Mbps
66601 ms [UE 30040] UL Throughput = 0.0 Mbps
66601 ms [UE 42234] UL Throughput = 0.0 Mbps
66679 ms [UE 30040] UL Throughput = 0.0 Mbps
66679 ms [UE 42234] UL Throughput = 0.0 Mbps
66797 ms [UE 30040] UL Throughput = 0.02062 Mbps
66904 ms [UE 30040] UL Throughput = 0.0 Mbps
66904 ms [UE 42234] UL Throughput = 0.0 Mbps
66989 ms [UE 30040] UL Throughput = 0.0359 Mbps
66989 ms [UE 42234] UL Throughput = 0.03628 Mbps
67115 ms [UE 30040] UL Throughput = 0.01786 Mbps
67115 ms [UE 42234] UL Throughput = 0.0 Mbps
67199 ms [UE 30040] UL Throughput = 0.0 Mbps
67199 ms [UE 42234] UL Throughput = 0.05369 Mbps
67307 ms [UE 30040] UL Throughput = 0.0 Mbps
67307 ms [UE 42234] UL Throughput = 0.09061 Mbps
67412 ms [UE 30040] UL Throughput = 0.0 Mbps
67412 ms [UE 42234] UL Throughput = 0.05065 Mbps
67415 ms [UE 30040] UL Throughput = 0.06953 Mbps
67415 ms [UE 42234] UL Throughput = 0.0 Mbps
67419 ms [UE 30040] UL Throughput = 0.05028 Mbps
67419 ms [UE 42234] UL Throughput = 0.01402 Mbps
67522 ms [UE 30040] UL Throughput = 0.0 Mbps
67522 ms [UE 42234] UL Throughput = 0.0 Mbps
67623 ms [UE 30040] UL Throughput = 0.04324 Mbps
67623 ms [UE 42234] UL Throughput = 0.0 Mbps
67719 ms [UE 30040] UL Throughput = 0.0 Mbps
67719 ms [UE 42234] UL Throughput = 0.01288 Mbps
67818 ms [UE 30040] UL Throughput = 0.0212 Mbps
67818 ms [UE 42234] UL Throughput = 0.0377 Mbps
67823 ms [UE 30040] UL Throughput = 0.06995 Mbps
67823 ms [UE 42234] UL Throughput = 0.0 Mbps
67915 ms [UE 30040] UL Throughput = 0.0 Mbps
67915 ms [UE 42234] UL Throughput = 0.0 Mbps
67921 ms [UE 30040] UL Throughput = 0.0 Mbps
67994 ms [UE 30040] UL Throughput = 0.03139 Mbps
67994 ms [UE 42234] UL Throughput = 0.05704 Mbps
68101 ms [UE 42234] UL Throughput = 0.02966 Mbps
68181 ms [UE 30040] UL Throughput = 0.0 Mbps
68181 ms [UE 42234] UL Throughput = 0.07583 Mbps
68298 ms [UE 30040] UL Throughput = 0.05157 Mbps
68298 ms [UE 42234] UL Throughput = 0.0 Mbps
68303 ms [UE 30040] UL Throughput = 0.02502 Mbps
68303 ms [UE 42234] UL Throughput = 0.04154 Mbps
68421 ms [UE 30040] UL Throughput = 0.0 Mbps
68421 ms [UE 42234] UL Throughput = 0.07713 Mbps
68531 ms [UE 30040] UL Throughput = 0.06431 Mbps
68531 ms [UE 42234] UL Throughput = 0.0 Mbps
68629 ms [UE 30040] UL Throughput = 0.09551 Mbps
68629 ms [UE 42234] UL Throughput = 0.05669 Mbps
68724 ms [UE 30040] UL Throughput = 0.0 Mbps
68724 ms [UE 42234] UL Throughput = 0.0 Mbps
68826 ms [UE 30040] UL Throughput = 0.02663 Mbps
68916 ms [UE 42234] UL Throughput = 0.0 Mbps
68918 ms [UE 30040] UL Throughput = 0.0 Mbps
69029 ms [UE 30040] UL Throughput = 0.0 Mbps
69112 ms [UE 30040] UL Throughput = 0.0 Mbps
69112 ms [UE 42234] UL Throughput = 0.11411 Mbps
69197 ms [UE 30040] UL Throughput = 0.0 Mbps
69197 ms [UE 42234] UL Throughput = 0.0 Mbps
69304 ms [UE 30040] UL Throughput = 0.0 Mbps
69304 ms [UE 42234] UL Throughput = 0.03714 Mbps
69388 ms [UE 30040] UL Throughput = 0.0 Mbps
69388 ms [UE 42234] UL Throughput = 0.06017 Mbps
69471 ms [UE 30040] UL Throughput = 0.16219 Mbps
69471 ms [UE 42234] UL Throughput = 0.0 Mbps
69579 ms [UE 42234] UL Throughput = 0.02207 Mbps
69686 ms [UE 30040] UL Throughput = 0.0 Mbps
69686 ms [UE 42234] UL Throughput = 0.0 Mbps
69798 ms [UE 30040] UL Throughput = 0.0 Mbps
69798 ms [UE 42234] UL Throughput = 0.0 Mbps
69894 ms [UE 30040] UL Throughput = 0.05412 Mbps
69894 ms [UE 42234] UL Throughput = 0.0258 Mbps
69898 ms [UE 30040] UL Throughput = 0.0791 Mbps
69898 ms [UE 42234] UL Throughput = 0.0 Mbps
70012 ms [UE 30040] UL Throughput = 0.0 Mbps
70109 ms [UE 30040] UL Throughput = 0.08613 Mbps
70109 ms [UE 42234] UL Throughput = 0.11926 Mbps
70200 ms [UE 30040] UL Throughput = 0.0 Mbps
70200 ms [UE 42234] UL Throughput = 0.0 Mbps
70291 ms [UE 30040] UL Throughput = 0.05536 Mbps
70291 ms [UE 42234] UL Throughput = 0.0108 Mbps
70392 ms [UE 30040] UL Throughput = 0.0 Mbps
70392 ms [UE 42234] UL Throughput = 0.04969 Mbps
70506 ms [UE 30040] UL Throughput = 0.0 Mbps
70506 ms [UE 42234] UL Throughput = 0.07653 Mbps
70601 ms [UE 42234] UL Throughput = 0.0364 Mbps
70602 ms [UE 30040] UL Throughput = 0.0 Mbps
70602 ms [UE 42234] UL Throughput = 0.01083 Mbps
70682 ms [UE 30040] UL Throughput = 0.07269 Mbps
70682 ms [UE 42234] UL Throughput = 0.0 Mbps
70783 ms [UE 30040] UL Throughput = 0.04132 Mbps
70783 ms [UE 42234] UL Throughput = 0.0 Mbps
70786 ms [UE 30040] UL Throughput = 0.06701 Mbps
70874 ms [UE 30040] UL Throughput = 0.0 Mbps
70874 ms [UE 42234] UL Throughput = 0.0 Mbps
70966 ms [UE 30040] UL Throughput = 0.0 Mbps
70966 ms [UE 42234] UL Throughput = 0.0 Mbps
70970 ms [UE 30040] UL Throughput = 0.01529 Mbps
70970 ms [UE 42234] UL Throughput = 0.0 Mbps
71086 ms [UE 30040] UL Throughput = 0.06272 Mbps
71086 ms [UE 42234] UL Throughput = 0.0 Mbps
71178 ms [UE 30040] UL Throughput = 0.0 Mbps
71178 ms [UE 42234] UL Throughput = 0.03472 Mbps
71182 ms [UE 30040] UL Throughput = 0.07942 Mbps
71182 ms [UE 42234] UL Throughput = 0.03815 Mbps
71187 ms [UE 30040] UL Throughput = 0.10063 Mbps
71187 ms [UE 42234] UL Throughput = 0.13743 Mbps
71193 ms [UE 30040] UL Throughput = 0.0 Mbps
71193 ms [UE 42234] UL Throughput = 0.07349 Mbps
71289 ms [UE 42234] UL Throughput = 0.0 Mbps
71374 ms [UE 30040] UL Throughput = 0.08673 Mbps
71374 ms [UE 42234] UL Throughput = 0.0 Mbps
71461 ms [UE 30040] UL Throughput = 0.04191 Mbps
71461 ms [UE 42234] UL Throughput = 0.05154 Mbps
71566 ms [UE 30040] UL Throughput = 0.0 Mbps
71566 ms [UE 42234] UL Throughput = 0.07298 Mbps
71572 ms [UE 30040] UL Throughput = 0.03663 Mbps
71572 ms [UE 42234] UL Throughput = 0.0 Mbps
71658 ms [UE 30040] UL Throughput = 0.10904 Mbps
71658 ms [UE 42234] UL Throughput = 0.0 Mbps
71659 ms [UE 30040] UL Throughput = 0.04405 Mbps
71773 ms [UE 30040] UL Throughput = 0.0 Mbps
71773 ms [UE 42234] UL Throughput = 0.0 Mbps
71846 ms [UE 30040] UL Throughput = 0.0 Mbps
71846 ms [UE 42234] UL Throughput = 0.05398 Mbps
71962 ms [UE 30040] UL Throughput = 0.0 Mbps
71962 ms [UE 42234] UL Throughput = 0.01656 Mbps
72036 ms [UE 30040] UL Throughput = 0.09119 Mbps
72036 ms [UE 42234] UL Throughput = 0.0 Mbps
72140 ms [UE 30040] UL Throughput = 0.02753 Mbps
72140 ms [UE 42234] UL Throughput = 0.0 Mbps
72145 ms [UE 30040] UL Throughput = 0.04467 Mbps
72145 ms [UE 42234] UL Throughput = 0.0 Mbps
72259 ms [UE 30040] UL Throughput = 0.0 Mbps
72259 ms [UE 42234] UL Throughput = 0.10666 Mbps
72260 ms [UE 30040] UL Throughput = 0.02492 Mbps
72260 ms [UE 42234] UL Throughput = 0.05596 Mbps
72262 ms [UE 30040] UL Throughput = 0.08391 Mbps
72262 ms [UE 42234] UL Throughput = 0.13796 Mbps
72377 ms [UE 30040] UL Throughput = 0.0 Mbps
72377 ms [UE 42234] UL Throughput = 0.0 Mbps
72479 ms [UE 30040] UL Throughput = 0.0 Mbps
72479 ms [UE 42234] UL Throughput = 0.0 Mbps
72485 ms [UE 30040] UL Throughput = 0.02224 Mbps
72485 ms [UE 42234] UL Throughput = 0.0 Mbps
72586 ms [UE 30040] UL Throughput = 0.02068 Mbps
72586 ms [UE 42234] UL Throughput = 0.0 Mbps
72672 ms [UE 30040] UL Throughput = 0.02599 Mbps
72672 ms [UE 42234] UL Throughput = 0.0 Mbps
72768 ms [UE 30040] UL Throughput = 0.0 Mbps
72869 ms [UE 30040] UL Throughput = 0.0 Mbps
72869 ms [UE 42234] UL Throughput = 0.0 Mbps
72980 ms [UE 30040] UL Throughput = 0.0 Mbps
72980 ms [UE 42234] UL Throughput = 0.0 Mbps
72983 ms [UE 30040] UL Throughput = 0.0 Mbps
72983 ms [UE 42234] UL Throughput = 0.05619 Mbps
73084 ms [UE 30040] UL Throughput = 0.0 Mbps
73084 ms [UE 42234] UL Throughput = 0.04 Mbps
73178 ms [UE 30040] UL Throughput = 0.02798 Mbps
73178 ms [UE 42234] UL Throughput = 0.02721 Mbps
73288 ms [UE 42234] UL Throughput = 0.0 Mbps
73294 ms [UE 30040] UL Throughput = 0.07346 Mbps
73294 ms [UE 42234] UL Throughput = 0.0 Mbps
73388 ms [UE 30040] UL Throughput = 0.10996 Mbps
73388 ms [UE 42234] UL Throughput = 0.0 Mbps
73392 ms [UE 30040] UL Throughput = 0.0 Mbps
73392 ms [UE 42234] UL Throughput = 0.04562 Mbps
73514 ms [UE 30040] UL Throughput = 0.0 Mbps
73603 ms [UE 42234] UL Throughput = 0.0 Mbps
73699 ms [UE 30040] UL Throughput = 0.0 Mbps
73699 ms [UE 42234] UL Throughput = 0.0 Mbps
73811 ms [UE 30040] UL Throughput = 0.0 Mbps
73811 ms [UE 42234] UL Throughput = 0.0 Mbps
73900 ms [UE 42234] UL Throughput = 0.0 Mbps
74001 ms [UE 30040] UL Throughput = 0.05888 Mbps
74001 ms [UE 42234] UL Throughput = 0.05039 Mbps
74096 ms [UE 30040] UL Throughput = 0.01796 Mbps
74096 ms [UE 42234] UL Throughput = 0.0627 Mbps
74200 ms [UE 30040] UL Throughput = 0.0 Mbps
74200 ms [UE 42234] UL Throughput = 0.0 Mbps
74297 ms [UE 30040] UL Throughput = 0.0 Mbps
74297 ms [UE 42234] UL Throughput = 0.0 Mbps
74389 ms [UE 30040] UL Throughput = 0.02647 Mbps
74389 ms [UE 42234] UL Throughput = 0.0 Mbps
74395 ms [UE 30040] UL Throughput = 0.08734 Mbps
74395 ms [UE 42234] UL Throughput = 0.0 Mbps
74484 ms [UE 30040] UL Throughput = 0.11952 Mbps
74484 ms [UE 42234] UL Throughput = 0.0 Mbps
74599 ms [UE 30040] UL Throughput = 0.0 Mbps
74599 ms [UE 42234] UL Throughput = 0.05022 Mbps
74703 ms [UE 30040] UL Throughput = 0.07202 Mbps
74703 ms [UE 42234] UL Throughput = 0.07442 Mbps
74834 ms [UE 30040] UL Throughput = 0.06005 Mbps
74834 ms [UE 42234] UL Throughput = 0.0 Mbps
74919 ms [UE 30040] UL Throughput = 0.0 Mbps
74919 ms [UE 42234] UL Throughput = 0.09193 Mbps
75011 ms [UE 30040] UL Throughput = 0.05465 Mbps
75011 ms [UE 42234] UL Throughput = 0.0 Mbps
75108 ms [UE 42234] UL Throughput = 0.07236 Mbps
75196 ms [UE 30040] UL Throughput = 0.06945 Mbps
75201 ms [UE 30040] UL Throughput = 0.098 Mbps
75201 ms [UE 42234] UL Throughput = 0.08753 Mbps
75302 ms [UE 30040] UL Throughput = 0.02378 Mbps
75403 ms [UE 30040] UL Throughput = 0.02688 Mbps
75403 ms [UE 42234] UL Throughput = 0.09172 Mbps
75477 ms [UE 30040] UL Throughput = 0.0594 Mbps
75477 ms [UE 42234] UL Throughput = 0.03002 Mbps
75572 ms [UE 30040] UL Throughput = 0.0 Mbps
75572 ms [UE 42234] UL Throughput = 0.01472 Mbps
75573 ms [UE 30040] UL Throughput = 0.0 Mbps
75573 ms [UE 42234] UL Throughput = 0.0 Mbps
75645 ms [UE 30040] UL Throughput = 0.07632 Mbps
75645 ms [UE 42234] UL Throughput = 0.07407 Mbps
75648 ms [UE 30040] UL Throughput = 0.0 Mbps
75648 ms [UE 42234] UL Throughput = 0.0 Mbps
75654 ms [UE 30040] UL Throughput = 0.09654 Mbps
75654 ms [UE 42234] UL Throughput = 0.0 Mbps
75738 ms [UE 30040] UL Throughput = 0.0 Mbps
75738 ms [UE 42234] UL Throughput = 0.0 Mbps
75834 ms [UE 30040] UL Throughput = 0.0 Mbps
75834 ms [UE 42234] UL Throughput = 0.01911 Mbps
75835 ms [UE 30040] UL Throughput = 0.07674 Mbps
75835 ms [UE 42234] UL Throughput = 0.0 Mbps
75945 ms [UE 30040] UL Throughput = 0.0 Mbps
75945 ms [UE 42234] UL Throughput = 0.0 Mbps
76056 ms [UE 42234] UL Throughput = 0.0 Mbps
76157 ms [UE 30040] UL Throughput = 0.07818 Mbps
76157 ms [UE 42234] UL Throughput = 0.04386 Mbps
76259 ms [UE 30040] UL Throughput = 0.07219 Mbps
76259 ms [UE 42234] UL Throughput = 0.0 Mbps
76265 ms [UE 30040] UL Throughput = 0.0984 Mbps
76265 ms [UE 42234] UL Throughput = 0.09989 Mbps
76357 ms [UE 30040] UL Throughput = 0.0 Mbps
76438 ms [UE 30040] UL Throughput = 0.0 Mbps
76438 ms [UE 42234] UL Throughput = 0.05384 Mbps
76503 ms [UE 30040] UL Throughput = 0.0 Mbps
76503 ms [UE 42234] UL Throughput = 0.01604 Mbps
76509 ms [UE 30040] UL Throughput = 0.0 Mbps
76509 ms [UE 42234] UL Throughput = 0.0 Mbps
76593 ms [UE 30040] UL Throughput = 0.07275 Mbps
76711 ms [UE 30040] UL Throughput = 0.0 Mbps
76811 ms [UE 30040] UL Throughput = 0.01782 Mbps
76811 ms [UE 42234] UL Throughput = 0.0 Mbps
76906 ms [UE 30040] UL Throughput = 0.1031 Mbps
76906 ms [UE 42234] UL Throughput = 0.08788 Mbps
77012 ms [UE 30040] UL Throughput = 0.16179 Mbps
77012 ms [UE 42234] UL Throughput = 0.07669 Mbps
77092 ms [UE 30040] UL Throughput = 0.0 Mbps
77092 ms [UE 42234] UL Throughput = 0.0 Mbps
77223 ms [UE 30040] UL Throughput = 0.0 Mbps
77223 ms [UE 42234] UL Throughput = 0.0 Mbps
77227 ms [UE 30040] UL Throughput = 0.08386 Mbps
77227 ms [UE 42234] UL Throughput = 0.0 Mbps
77310 ms [UE 30040] UL Throughput = 0.09138 Mbps
77310 ms [UE 42234] UL Throughput = 0.04602 Mbps
77423 ms [UE 30040] UL Throughput = 0.0 Mbps
77423 ms [UE 42234] UL Throughput = 0.0 Mbps
77507 ms [UE 30040] UL Throughput = 0.03791 Mbps
77507 ms [UE 42234] UL Throughput = 0.06798 Mbps
77600 ms [UE 30040] UL Throughput = 0.04788 Mbps
77600 ms [UE 42234] UL Throughput = 0.06848 Mbps
77604 ms [UE 30040] UL Throughput = 0.0975 Mbps
77604 ms [UE 42234] UL Throughput = 0.0 Mbps
77700 ms [UE 30040] UL Throughput = 0.13811 Mbps
77775 ms [UE 42234] UL Throughput = 0.0 Mbps
77898 ms [UE 30040] UL Throughput = 0.01902 Mbps
77898 ms [UE 42234] UL Throughput = 0.06424 Mbps
77904 ms [UE 30040] UL Throughput = 0.0421 Mbps
77904 ms [UE 42234] UL Throughput = 0.04616 Mbps
77909 ms [UE 30040] UL Throughput = 0.055 Mbps
78006 ms [UE 30040] UL Throughput = 0.05853 Mbps
78006 ms [UE 42234] UL Throughput = 0.0 Mbps
78099 ms [UE 30040] UL Throughput = 0.0 Mbps
78099 ms [UE 42234] UL Throughput = 0.0 Mbps
78207 ms [UE 30040] UL Throughput = 0.09051 Mbps
78207 ms [UE 42234] UL Throughput = 0.0 Mbps
78287 ms [UE 30040] UL Throughput = 0.0 Mbps
78287 ms [UE 42234] UL Throughput = 0.0 Mbps
78362 ms [UE 30040] UL Throughput = 0.07019 Mbps
78362 ms [UE 42234] UL Throughput = 0.0 Mbps
78460 ms [UE 30040] UL Throughput = 0.0 Mbps
78460 ms [UE 42234] UL Throughput = 0.0 Mbps
78571 ms [UE 30040] UL Throughput = 0.0179 Mbps
78571 ms [UE 42234] UL Throughput = 0.02625 Mbps
78575 ms [UE 30040] UL Throughput = 0.08534 Mbps
78575 ms [UE 42234] UL Throughput = 0.0 Mbps
78578 ms [UE 30040] UL Throughput = 0.0 Mbps
78578 ms [UE 42234] UL Throughput = 0.0 Mbps
78657 ms [UE 30040] UL Throughput = 0.0 Mbps
78756 ms [UE 30040] UL Throughput = 0.0 Mbps
78756 ms [UE 42234] UL Throughput = 0.08037 Mbps
78860 ms [UE 30040] UL Throughput = 0.0 Mbps
78860 ms [UE 42234] UL Throughput = 0.0 Mbps
78937 ms [UE 30040] UL Throughput = 0.0 Mbps
78937 ms [UE 42234] UL Throughput = 0.09772 Mbps
79044 ms [UE 30040] UL Throughput = 0.0 Mbps
79044 ms [UE 42234] UL Throughput = 0.04377 Mbps
79153 ms [UE 30040] UL Throughput = 0.14647 Mbps
79153 ms [UE 42234] UL Throughput = 0.0 Mbps
79241 ms [UE 30040] UL Throughput = 0.07515 Mbps
79241 ms [UE 42234] UL Throughput = 0.0 Mbps
79346 ms [UE 30040] UL Throughput = 0.0 Mbps
79346 ms [UE 42234] UL Throughput = 0.0407 Mbps
79466 ms [UE 30040] UL Throughput = 0.0 Mbps
79466 ms [UE 42234] UL Throughput = 0.08936 Mbps
79560 ms [UE 30040] UL Throughput = 0.0 Mbps
79560 ms [UE 42234] UL Throughput = 0.08354 Mbps
79565 ms [UE 30040] UL Throughput = 0.0836 Mbps
79565 ms [UE 42234] UL Throughput = 0.03749 Mbps
79661 ms [UE 30040] UL Throughput = 0.021 Mbps
79661 ms [UE 42234] UL Throughput = 0.0 Mbps
79781 ms [UE 30040] UL Throughput = 0.0 Mbps
79781 ms [UE 42234] UL Throughput = 0.0 Mbps
79901 ms [UE 30040] UL Throughput = 0.0 Mbps
79901 ms [UE 42234] UL Throughput = 0.0 Mbps
79966 ms [UE 30040] UL Throughput = 0.0 Mbps
79966 ms [UE 42234] UL Throughput = 0.0534 Mbps
80072 ms [UE 30040] UL Throughput = 0.0 Mbps
80072 ms [UE 42234] UL Throughput = 0.0 Mbps
80201 ms [UE 30040] UL Throughput = 0.0 Mbps
80201 ms [UE 42234] UL Throughput = 0.0 Mbps
80277 ms [UE 30040] UL Throughput = 0.07345 Mbps
80277 ms [UE 42234] UL Throughput = 0.0 Mbps
80363 ms [UE 30040] UL Throughput = 0.0 Mbps
80363 ms [UE 42234] UL Throughput = 0.02582 Mbps
80476 ms [UE 30040] UL Throughput = 0.09178 Mbps
80476 ms [UE 42234] UL Throughput = 0.05878 Mbps
80575 ms [UE 30040] UL Throughput = 0.0 Mbps
80575 ms [UE 42234] UL Throughput = 0.05789 Mbps
80677 ms [UE 30040] UL Throughput = 0.07665 Mbps
80677 ms [UE 42234] UL Throughput = 0.0 Mbps
80753 ms [UE 30040] UL Throughput = 0.0 Mbps
80753 ms [UE 42234] UL Throughput = 0.0 Mbps
80840 ms [UE 30040] UL Throughput = 0.09865 Mbps
80840 ms [UE 42234] UL Throughput = 0.08416 Mbps
80939 ms [UE 30040] UL Throughput = 0.07374 Mbps
80939 ms [UE 42234] UL Throughput = 0.07143 Mbps
81038 ms [UE 42234] UL Throughput = 0.07231 Mbps
81041 ms [UE 30040] UL Throughput = 0.03814 Mbps
81041 ms [UE 42234] UL Throughput = 0.0788 Mbps
81042 ms [UE 30040] UL Throughput = 0.0 Mbps
81140 ms [UE 30040] UL Throughput = 0.06335 Mbps
81140 ms [UE 42234] UL Throughput = 0.0 Mbps
81239 ms [UE 30040] UL Throughput = 0.0494 Mbps
81239 ms [UE 42234] UL Throughput = 0.0 Mbps
81344 ms [UE 42234] UL Throughput = 0.0 Mbps
81435 ms [UE 30040] UL Throughput = 0.01951 Mbps
81435 ms [UE 42234] UL Throughput = 0.0 Mbps
81529 ms [UE 30040] UL Throughput = 0.0 Mbps
81529 ms [UE 42234] UL Throughput = 0.0 Mbps
81623 ms [UE 30040] UL Throughput = 0.01599 Mbps
81623 ms [UE 42234] UL Throughput = 0.0 Mbps
81728 ms [UE 30040] UL Throughput = 0.04295 Mbps
81728 ms [UE 42234] UL Throughput = 0.09065 Mbps
81822 ms [UE 30040] UL Throughput = 0.0 Mbps
81822 ms [UE 42234] UL Throughput = 0.16394 Mbps
81937 ms [UE 30040] UL Throughput = 0.1459 Mbps
81937 ms [UE 42234] UL Throughput = 0.0 Mbps
82049 ms [UE 30040] UL Throughput = 0.02264 Mbps
82049 ms [UE 42234] UL Throughput = 0.07074 Mbps
82054 ms [UE 30040] UL Throughput = 0.09258 Mbps
82054 ms [UE 42234] UL Throughput = 0.03636 Mbps
82162 ms [UE 30040] UL Throughput = 0.04369 Mbps
82162 ms [UE 42234] UL Throughput = 0.05687 Mbps
82273 ms [UE 30040] UL Throughput = 0.08914 Mbps
82273 ms [UE 42234] UL Throughput = 0.03736 Mbps
82354 ms [UE 30040] UL Throughput = 0.08616 Mbps
82354 ms [UE 42234] UL Throughput = 0.0 Mbps
82456 ms [UE 30040] UL Throughput = 0.07337 Mbps
82456 ms [UE 42234] UL Throughput = 0.0 Mbps
82562 ms [UE 30040] UL Throughput = 0.0 Mbps
82562 ms [UE 42234] UL Throughput = 0.04056 Mbps
82667 ms [UE 30040] UL Throughput = 0.0 Mbps
82667 ms [UE 42234] UL Throughput = 0.06674 Mbps
82764 ms [UE 30040] UL Throughput = 0.05992 Mbps
82764 ms [UE 42234] UL Throughput = 0.0 Mbps
82769 ms [UE 30040] UL Throughput = 0.0196 Mbps
82769 ms [UE 42234] UL Throughput = 0.0 Mbps
82771 ms [UE 30040] UL Throughput = 0.0 Mbps
82771 ms [UE 42234] UL Throughput = 0.0 Mbps
82879 ms [UE 30040] UL Throughput = 0.0 Mbps
82879 ms [UE 42234] UL Throughput = 0.0 Mbps
82986 ms [UE 30040] UL Throughput = 0.02863 Mbps
82986 ms [UE 42234] UL Throughput = 0.0 Mbps
83099 ms [UE 30040] UL Throughput = 0.04525 Mbps
83099 ms [UE 42234] UL Throughput = 0.06457 Mbps
83205 ms [UE 30040] UL Throughput = 0.0 Mbps
83205 ms [UE 42234] UL Throughput = 0.0 Mbps
83309 ms [UE 30040] UL Throughput = 0.09739 Mbps
83309 ms [UE 42234] UL Throughput = 0.04446 Mbps
83402 ms [UE 42234] UL Throughput = 0.0 Mbps
83492 ms [UE 30040] UL Throughput = 0.06542 Mbps
83492 ms [UE 42234] UL Throughput = 0.0 Mbps
83613 ms [UE 30040] UL Throughput = 0.08651 Mbps
83613 ms [UE 42234] UL Throughput = 0.10724 Mbps
83710 ms [UE 30040] UL Throughput = 0.04879 Mbps
83710 ms [UE 42234] UL Throughput = 0.02836 Mbps
83715 ms [UE 42234] UL Throughput = 0.07437 Mbps
83802 ms [UE 30040] UL Throughput = 0.05929 Mbps
83896 ms [UE 30040] UL Throughput = 0.09252 Mbps
83896 ms [UE 42234] UL Throughput = 0.05751 Mbps
84008 ms [UE 30040] UL Throughput = 0.0237 Mbps
84008 ms [UE 42234] UL Throughput = 0.0 Mbps
84096 ms [UE 42234] UL Throughput = 0.0 Mbps
84180 ms [UE 30040] UL Throughput = 0.03149 Mbps
84180 ms [UE 42234] UL Throughput = 0.07194 Mbps
84291 ms [UE 30040] UL Throughput = 0.07905 Mbps
84402 ms [UE 30040] UL Throughput = 0.0 Mbps
84402 ms [UE 42234] UL Throughput = 0.02204 Mbps
84497 ms [UE 30040] UL Throughput = 0.09712 Mbps
84497 ms [UE 42234] UL Throughput = 0.0 Mbps
84503 ms [UE 42234] UL Throughput = 0.05697 Mbps
84601 ms [UE 30040] UL Throughput = 0.03041 Mbps
84601 ms [UE 42234] UL Throughput = 0.02258 Mbps
84604 ms [UE 30040] UL Throughput = 0.0 Mbps
84604 ms [UE 42234] UL Throughput = 0.0 Mbps
84708 ms [UE 30040] UL Throughput = 0.0 Mbps
84708 ms [UE 42234] UL Throughput = 0.04773 Mbps
84713 ms [UE 30040] UL Throughput = 0.0 Mbps
84713 ms [UE 42234] UL Throughput = 0.08759 Mbps
84810 ms [UE 30040] UL Throughput = 0.09988 Mbps
84810 ms [UE 42234] UL Throughput = 0.05614 Mbps
84815 ms [UE 30040] UL Throughput = 0.0 Mbps
84815 ms [UE 42234] UL Throughput = 0.02909 Mbps
84818 ms [UE 30040] UL Throughput = 0.0 Mbps
84925 ms [UE 30040] UL Throughput = 0.02093 Mbps
84925 ms [UE 42234] UL Throughput = 0.02292 Mbps
85042 ms [UE 30040] UL Throughput = 0.07911 Mbps
85042 ms [UE 42234] UL Throughput = 0.0 Mbps
85140 ms [UE 30040] UL Throughput = 0.0 Mbps
85140 ms [UE 42234] UL Throughput = 0.0 Mbps
85250 ms [UE 30040] UL Throughput = 0.0 Mbps
85250 ms [UE 42234] UL Throughput = 0.0 Mbps
85342 ms [UE 30040] UL Throughput = 0.0 Mbps
85433 ms [UE 30040] UL Throughput = 0.05988 Mbps
85433 ms [UE 42234] UL Throughput = 0.02071 Mbps
85532 ms [UE 30040] UL Throughput = 0.03888 Mbps
85532 ms [UE 42234] UL Throughput = 0.0 Mbps
85630 ms [UE 30040] UL Throughput = 0.05495 Mbps
85630 ms [UE 42234] UL Throughput = 0.0 Mbps
85719 ms [UE 30040] UL Throughput = 0.04111 Mbps
85719 ms [UE 42234] UL Throughput = 0.0 Mbps
85818 ms [UE 30040] UL Throughput = 0.0 Mbps
85818 ms [UE 42234] UL Throughput = 0.0 Mbps
85939 ms [UE 30040] UL Throughput = 0.0 Mbps
85939 ms [UE 42234] UL Throughput = 0.08327 Mbps
86034 ms [UE 30040] UL Throughput = 0.0 Mbps
86034 ms [UE 42234] UL Throughput = 0.0 Mbps
86140 ms [UE 30040] UL Throughput = 0.0 Mbps
86140 ms [UE 42234] UL Throughput = 0.0 Mbps
86228 ms [UE 30040] UL Throughput = 0.0 Mbps
86228 ms [UE 42234] UL Throughput = 0.07408 Mbps
86347 ms [UE 42234] UL Throughput = 0.07346 Mbps
86453 ms [UE 42234] UL Throughput = 0.0 Mbps
86519 ms [UE 30040] UL Throughput = 0.0 Mbps
86630 ms [UE 30040] UL Throughput = 0.07733 Mbps
86630 ms [UE 42234] UL Throughput = 0.06422 Mbps
86634 ms [UE 30040] UL Throughput = 0.0 Mbps
86634 ms [UE 42234] UL Throughput = 0.09761 Mbps
86722 ms [UE 42234] UL Throughput = 0.0 Mbps
86841 ms [UE 30040] UL Throughput = 0.0 Mbps
86841 ms [UE 42234] UL Throughput = 0.0 Mbps
86931 ms [UE 30040] UL Throughput = 0.0 Mbps
86931 ms [UE 42234] UL Throughput = 0.0 Mbps
87067 ms [UE 42234] UL Throughput = 0.0 Mbps
87071 ms [UE 30040] UL Throughput = 0.02097 Mbps
87071 ms [UE 42234] UL Throughput = 0.09443 Mbps
87076 ms [UE 30040] UL Throughput = 0.0 Mbps
87076 ms [UE 42234] UL Throughput = 0.03289 Mbps
87146 ms [UE 42234] UL Throughput = 0.0 Mbps
87249 ms [UE 30040] UL Throughput = 0.0 Mbps
87249 ms [UE 42234] UL Throughput = 0.04328 Mbps
87253 ms [UE 42234] UL Throughput = 0.0 Mbps
87255 ms [UE 30040] UL Throughput = 0.07709 Mbps
87255 ms [UE 42234] UL Throughput = 0.04991 Mbps
87357 ms [UE 30040] UL Throughput = 0.0 Mbps
87362 ms [UE 30040] UL Throughput = 0.0 Mbps
87366 ms [UE 30040] UL Throughput = 0.0 Mbps
87366 ms [UE 42234] UL Throughput = 0.0 Mbps
87461 ms [UE 30040] UL Throughput = 0.0 Mbps
87461 ms [UE 42234] UL Throughput = 0.05057 Mbps
87579 ms [UE 30040] UL Throughput = 0.01907 Mbps
87579 ms [UE 42234] UL Throughput = 0.0 Mbps
87685 ms [UE 30040] UL Throughput = 0.02285 Mbps
87685 ms [UE 42234] UL Throughput = 0.0 Mbps
87775 ms [UE 30040] UL Throughput = 0.03834 Mbps
87775 ms [UE 42234] UL Throughput = 0.02133 Mbps
87889 ms [UE 42234] UL Throughput = 0.0 Mbps
87994 ms [UE 30040] UL Throughput = 0.10635 Mbps
87994 ms [UE 42234] UL Throughput = 0.07286 Mbps
88086 ms [UE 30040] UL Throughput = 0.04687 Mbps
88086 ms [UE 42234] UL Throughput = 0.0 Mbps
88192 ms [UE 30040] UL Throughput = 0.0 Mbps
88192 ms [UE 42234] UL Throughput = 0.03708 Mbps
88298 ms [UE 30040] UL Throughput = 0.087 Mbps
88298 ms [UE 42234] UL Throughput = 0.0 Mbps
88303 ms [UE 30040] UL Throughput = 0.0 Mbps
88303 ms [UE 42234] UL Throughput = 0.0 Mbps
88392 ms [UE 30040] UL Throughput = 0.0 Mbps
88392 ms [UE 42234] UL Throughput = 0.0 Mbps
88500 ms [UE 30040] UL Throughput = 0.01182 Mbps
88500 ms [UE 42234] UL Throughput = 0.0321 Mbps
88505 ms [UE 30040] UL Throughput = 0.02582 Mbps
88505 ms [UE 42234] UL Throughput = 0.0 Mbps
88604 ms [UE 30040] UL Throughput = 0.05739 Mbps
88604 ms [UE 42234] UL Throughput = 0.05309 Mbps
88712 ms [UE 30040] UL Throughput = 0.07674 Mbps
88712 ms [UE 42234] UL Throughput = 0.066 Mbps
88798 ms [UE 30040] UL Throughput = 0.05093 Mbps
88798 ms [UE 42234] UL Throughput = 0.08214 Mbps
88801 ms [UE 30040] UL Throughput = 0.0 Mbps
88801 ms [UE 42234] UL Throughput = 0.01137 Mbps
88886 ms [UE 30040] UL Throughput = 0.06107 Mbps
88886 ms [UE 42234] UL Throughput = 0.0 Mbps
88986 ms [UE 30040] UL Throughput = 0.0 Mbps
88986 ms [UE 42234] UL Throughput = 0.0758 Mbps
89083 ms [UE 30040] UL Throughput = 0.0398 Mbps
89083 ms [UE 42234] UL Throughput = 0.0 Mbps
89186 ms [UE 42234] UL Throughput = 0.0 Mbps
89267 ms [UE 30040] UL Throughput = 0.08266 Mbps
89267 ms [UE 42234] UL Throughput = 0.0 Mbps
89272 ms [UE 30040] UL Throughput = 0.09892 Mbps
89376 ms [UE 30040] UL Throughput = 0.0 Mbps
89376 ms [UE 42234] UL Throughput = 0.02276 Mbps
89476 ms [UE 30040] UL Throughput = 0.04574 Mbps
89586 ms [UE 30040] UL Throughput = 0.0 Mbps
89586 ms [UE 42234] UL Throughput = 0.0 Mbps
89700 ms [UE 30040] UL Throughput = 0.0 Mbps
89700 ms [UE 42234] UL Throughput = 0.07831 Mbps
89808 ms [UE 30040] UL Throughput = 0.0 Mbps
89808 ms [UE 42234] UL Throughput = 0.0 Mbps
