[UTIL]: Setting the config -c file to /usr/local/etc/flexric/flexric.conf
[UTIL]: Setting path -p for the shared libraries to /usr/local/lib/flexric/
[xAapp]: Initializing ... 
[xApp]: nearRT-RIC IP Address = 192.168.70.150, PORT = 36422
[E2 AGENT]: Opening plugin from path = /usr/local/lib/flexric/libkpm_sm.so 
[E2 AGENT]: Opening plugin from path = /usr/local/lib/flexric/libmac_sm.so 
[E2 AGENT]: Opening plugin from path = /usr/local/lib/flexric/libpdcp_sm.so 
[E2 AGENT]: Opening plugin from path = /usr/local/lib/flexric/libgtp_sm.so 
[E2 AGENT]: Opening plugin from path = /usr/local/lib/flexric/librc_sm.so 
[E2 AGENT]: Opening plugin from path = /usr/local/lib/flexric/libtc_sm.so 
[E2 AGENT]: Opening plugin from path = /usr/local/lib/flexric/librlc_sm.so 
[E2 AGENT]: Opening plugin from path = /usr/local/lib/flexric/libslice_sm.so 
[NEAR-RIC]: Loading SM ID = 2 with def = ORAN-E2SM-KPM 
[NEAR-RIC]: Loading SM ID = 142 with def = MAC_STATS_V0 
[NEAR-RIC]: Loading SM ID = 144 with def = PDCP_STATS_V0 
[NEAR-RIC]: Loading SM ID = 148 with def = GTP_STATS_V0 
[NEAR-RIC]: Loading SM ID = 3 with def = ORAN-E2SM-RC 
[NEAR-RIC]: Loading SM ID = 146 with def = TC_STATS_V0 
[NEAR-RIC]: Loading SM ID = 143 with def = RLC_STATS_V0 
[NEAR-RIC]: Loading SM ID = 145 with def = SLICE_STATS_V0 
[xApp]: DB filename = /tmp/flexric/xapp_db 
 [xApp]: E42 SETUP-REQUEST tx
[xApp]: E42 SETUP-RESPONSE rx 
[xApp]: xApp ID = 3 
[xApp]: Registered E2 Nodes = 4 
Connected E2 nodes = 4
[xAPP] Registered node 0 ran func id = 2
[xAPP] Registered node 0 ran func id = 3
[xAPP] Registered node 0 ran func id = 142
[xAPP] Registered node 0 ran func id = 143
[xAPP] Registered node 0 ran func id = 144
[xAPP] Registered node 0 ran func id = 145
[xAPP] Registered node 0 ran func id = 146
[xAPP] Registered node 0 ran func id = 148
[xApp]: E42 RIC SUBSCRIPTION REQUEST tx RAN_FUNC_ID 144 RIC_REQ_ID 1 
[xApp]: SUBSCRIPTION RESPONSE rx
[xApp]: Successfully subscribed to RAN_FUNC_ID 144 
[xAPP] Registered node 1 ran func id = 2
[xAPP] Registered node 1 ran func id = 3
[xAPP] Registered node 1 ran func id = 142
[xAPP] Registered node 1 ran func id = 143
[xAPP] Registered node 1 ran func id = 144
[xAPP] Registered node 1 ran func id = 145
[xAPP] Registered node 1 ran func id = 146
[xAPP] Registered node 1 ran func id = 148
[xAPP] Registered node 2 ran func id = 2
[xAPP] Registered node 2 ran func id = 3
[xAPP] Registered node 2 ran func id = 142
[xAPP] Registered node 2 ran func id = 143
[xAPP] Registered node 2 ran func id = 144
[xAPP] Registered node 2 ran func id = 145
[xAPP] Registered node 2 ran func id = 146
[xAPP] Registered node 2 ran func id = 148
[xApp]: E42 RIC SUBSCRIPTION REQUEST tx RAN_FUNC_ID 142 RIC_REQ_ID 2 
7 ms | now=1755815452085481 us | PDCP ind_msg latency=71856988 us
[xApp]: SUBSCRIPTION RESPONSE rx
[xApp]: Successfully subscribed to RAN_FUNC_ID 142 
[xAPP] Registered node 3 ran func id = 2
[xAPP] Registered node 3 ran func id = 3
[xAPP] Registered node 3 ran func id = 142
[xAPP] Registered node 3 ran func id = 143
[xAPP] Registered node 3 ran func id = 144
[xAPP] Registered node 3 ran func id = 145
[xAPP] Registered node 3 ran func id = 146
[xAPP] Registered node 3 ran func id = 148
[xApp]: E42 RIC SUBSCRIPTION REQUEST tx RAN_FUNC_ID 142 RIC_REQ_ID 3 
[xApp]: SUBSCRIPTION RESPONSE rx
[xApp]: Successfully subscribed to RAN_FUNC_ID 142 
473 ms [UE 30040] UL Throughput = 0.058 Mbps
473 ms [UE 42234] UL Throughput = 0.05993 Mbps
571 ms [UE 30040] UL Throughput = 0.0 Mbps
664 ms [UE 30040] UL Throughput = 0.09783 Mbps
664 ms [UE 42234] UL Throughput = 0.0 Mbps
768 ms [UE 30040] UL Throughput = 0.1072 Mbps
768 ms [UE 42234] UL Throughput = 0.07436 Mbps
773 ms [UE 30040] UL Throughput = 0.0 Mbps
773 ms [UE 42234] UL Throughput = 0.02381 Mbps
777 ms [UE 30040] UL Throughput = 0.01721 Mbps
777 ms [UE 42234] UL Throughput = 0.03542 Mbps
908 ms [UE 30040] UL Throughput = 0.0 Mbps
908 ms [UE 42234] UL Throughput = 0.0 Mbps
1009 ms [UE 30040] UL Throughput = 0.07618 Mbps
1009 ms [UE 42234] UL Throughput = 0.0 Mbps
1075 ms [UE 30040] UL Throughput = 0.1459 Mbps
1148 ms [UE 30040] UL Throughput = 0.0 Mbps
1148 ms [UE 42234] UL Throughput = 0.09304 Mbps
1151 ms [UE 30040] UL Throughput = 0.0 Mbps
1151 ms [UE 42234] UL Throughput = 0.0 Mbps
1224 ms [UE 30040] UL Throughput = 0.07908 Mbps
1224 ms [UE 42234] UL Throughput = 0.07175 Mbps
1292 ms [UE 30040] UL Throughput = 0.0 Mbps
1292 ms [UE 42234] UL Throughput = 0.0 Mbps
1400 ms [UE 30040] UL Throughput = 0.0 Mbps
1400 ms [UE 42234] UL Throughput = 0.02361 Mbps
1493 ms [UE 30040] UL Throughput = 0.08039 Mbps
1493 ms [UE 42234] UL Throughput = 0.0 Mbps
1591 ms [UE 30040] UL Throughput = 0.0 Mbps
1591 ms [UE 42234] UL Throughput = 0.0 Mbps
1593 ms [UE 30040] UL Throughput = 0.0 Mbps
1593 ms [UE 42234] UL Throughput = 0.0 Mbps
1708 ms [UE 30040] UL Throughput = 0.0 Mbps
1708 ms [UE 42234] UL Throughput = 0.04624 Mbps
1811 ms [UE 30040] UL Throughput = 0.0 Mbps
1813 ms [UE 30040] UL Throughput = 0.05664 Mbps
1918 ms [UE 42234] UL Throughput = 0.0 Mbps
2024 ms [UE 30040] UL Throughput = 0.04886 Mbps
2024 ms [UE 42234] UL Throughput = 0.04733 Mbps
2141 ms [UE 30040] UL Throughput = 0.01953 Mbps
2141 ms [UE 42234] UL Throughput = 0.08722 Mbps
2221 ms [UE 30040] UL Throughput = 0.0 Mbps
2322 ms [UE 30040] UL Throughput = 0.05636 Mbps
2322 ms [UE 42234] UL Throughput = 0.0 Mbps
2426 ms [UE 30040] UL Throughput = 0.0 Mbps
2426 ms [UE 42234] UL Throughput = 0.01199 Mbps
2507 ms [UE 30040] UL Throughput = 0.0 Mbps
2507 ms [UE 42234] UL Throughput = 0.02036 Mbps
2510 ms [UE 42234] UL Throughput = 0.04573 Mbps
2617 ms [UE 30040] UL Throughput = 0.0 Mbps
2617 ms [UE 42234] UL Throughput = 0.0 Mbps
2620 ms [UE 30040] UL Throughput = 0.03389 Mbps
2620 ms [UE 42234] UL Throughput = 0.0 Mbps
2706 ms [UE 30040] UL Throughput = 0.0 Mbps
2706 ms [UE 42234] UL Throughput = 0.03234 Mbps
2811 ms [UE 30040] UL Throughput = 0.06187 Mbps
2811 ms [UE 42234] UL Throughput = 0.0 Mbps
2812 ms [UE 42234] UL Throughput = 0.0896 Mbps
2938 ms [UE 42234] UL Throughput = 0.0 Mbps
3051 ms [UE 42234] UL Throughput = 0.0 Mbps
3177 ms [UE 30040] UL Throughput = 0.05264 Mbps
3177 ms [UE 42234] UL Throughput = 0.0 Mbps
3258 ms [UE 30040] UL Throughput = 0.0 Mbps
3258 ms [UE 42234] UL Throughput = 0.0 Mbps
3353 ms [UE 30040] UL Throughput = 0.12099 Mbps
3353 ms [UE 42234] UL Throughput = 0.03694 Mbps
3444 ms [UE 30040] UL Throughput = 0.0 Mbps
3444 ms [UE 42234] UL Throughput = 0.0 Mbps
3557 ms [UE 30040] UL Throughput = 0.0 Mbps
3557 ms [UE 42234] UL Throughput = 0.0 Mbps
3653 ms [UE 42234] UL Throughput = 0.06487 Mbps
3759 ms [UE 30040] UL Throughput = 0.0 Mbps
3759 ms [UE 42234] UL Throughput = 0.11066 Mbps
3859 ms [UE 30040] UL Throughput = 0.09443 Mbps
3859 ms [UE 42234] UL Throughput = 0.0463 Mbps
3965 ms [UE 30040] UL Throughput = 0.0508 Mbps
3965 ms [UE 42234] UL Throughput = 0.04528 Mbps
4060 ms [UE 30040] UL Throughput = 0.02109 Mbps
4060 ms [UE 42234] UL Throughput = 0.0 Mbps
4157 ms [UE 30040] UL Throughput = 0.0 Mbps
4157 ms [UE 42234] UL Throughput = 0.0 Mbps
4225 ms [UE 30040] UL Throughput = 0.0 Mbps
4350 ms [UE 30040] UL Throughput = 0.09577 Mbps
4350 ms [UE 42234] UL Throughput = 0.05013 Mbps
4450 ms [UE 30040] UL Throughput = 0.0 Mbps
4450 ms [UE 42234] UL Throughput = 0.0 Mbps
4543 ms [UE 30040] UL Throughput = 0.05713 Mbps
4543 ms [UE 42234] UL Throughput = 0.06567 Mbps
4544 ms [UE 30040] UL Throughput = 0.0 Mbps
4544 ms [UE 42234] UL Throughput = 0.0 Mbps
4631 ms [UE 30040] UL Throughput = 0.09095 Mbps
4631 ms [UE 42234] UL Throughput = 0.0 Mbps
4725 ms [UE 30040] UL Throughput = 0.09676 Mbps
4725 ms [UE 42234] UL Throughput = 0.0 Mbps
4856 ms [UE 30040] UL Throughput = 0.0 Mbps
4856 ms [UE 42234] UL Throughput = 0.01256 Mbps
4957 ms [UE 30040] UL Throughput = 0.0 Mbps
4957 ms [UE 42234] UL Throughput = 0.06811 Mbps
5094 ms [UE 30040] UL Throughput = 0.0 Mbps
5094 ms [UE 42234] UL Throughput = 0.0 Mbps
5184 ms [UE 30040] UL Throughput = 0.04696 Mbps
5184 ms [UE 42234] UL Throughput = 0.0 Mbps
5185 ms [UE 30040] UL Throughput = 0.09655 Mbps
5186 ms [UE 30040] UL Throughput = 0.06884 Mbps
5190 ms [UE 30040] UL Throughput = 0.0 Mbps
5190 ms [UE 42234] UL Throughput = 0.11248 Mbps
5297 ms [UE 30040] UL Throughput = 0.0 Mbps
5297 ms [UE 42234] UL Throughput = 0.083 Mbps
5412 ms [UE 30040] UL Throughput = 0.0 Mbps
5412 ms [UE 42234] UL Throughput = 0.0 Mbps
5499 ms [UE 30040] UL Throughput = 0.02696 Mbps
5499 ms [UE 42234] UL Throughput = 0.0 Mbps
5611 ms [UE 30040] UL Throughput = 0.0 Mbps
5611 ms [UE 42234] UL Throughput = 0.0 Mbps
5723 ms [UE 30040] UL Throughput = 0.0 Mbps
5723 ms [UE 42234] UL Throughput = 0.02011 Mbps
5822 ms [UE 30040] UL Throughput = 0.03815 Mbps
5909 ms [UE 30040] UL Throughput = 0.0 Mbps
5909 ms [UE 42234] UL Throughput = 0.01797 Mbps
5984 ms [UE 30040] UL Throughput = 0.0 Mbps
6094 ms [UE 30040] UL Throughput = 0.03526 Mbps
6094 ms [UE 42234] UL Throughput = 0.0 Mbps
6187 ms [UE 30040] UL Throughput = 0.0 Mbps
6187 ms [UE 42234] UL Throughput = 0.0 Mbps
6270 ms [UE 30040] UL Throughput = 0.09494 Mbps
6270 ms [UE 42234] UL Throughput = 0.0 Mbps
6371 ms [UE 30040] UL Throughput = 0.0 Mbps
6371 ms [UE 42234] UL Throughput = 0.07274 Mbps
6465 ms [UE 42234] UL Throughput = 0.0 Mbps
6546 ms [UE 30040] UL Throughput = 0.0 Mbps
6648 ms [UE 30040] UL Throughput = 0.0 Mbps
6648 ms [UE 42234] UL Throughput = 0.0 Mbps
6653 ms [UE 30040] UL Throughput = 0.05779 Mbps
6750 ms [UE 30040] UL Throughput = 0.0 Mbps
6750 ms [UE 42234] UL Throughput = 0.05148 Mbps
6843 ms [UE 42234] UL Throughput = 0.04621 Mbps
6932 ms [UE 42234] UL Throughput = 0.10324 Mbps
7032 ms [UE 30040] UL Throughput = 0.06346 Mbps
7032 ms [UE 42234] UL Throughput = 0.05318 Mbps
7136 ms [UE 30040] UL Throughput = 0.14394 Mbps
7136 ms [UE 42234] UL Throughput = 0.0 Mbps
7230 ms [UE 30040] UL Throughput = 0.0 Mbps
7337 ms [UE 42234] UL Throughput = 0.048 Mbps
7422 ms [UE 42234] UL Throughput = 0.08298 Mbps
7505 ms [UE 30040] UL Throughput = 0.02542 Mbps
7505 ms [UE 42234] UL Throughput = 0.04594 Mbps
7510 ms [UE 30040] UL Throughput = 0.0 Mbps
7510 ms [UE 42234] UL Throughput = 0.07998 Mbps
7616 ms [UE 30040] UL Throughput = 0.0 Mbps
7712 ms [UE 30040] UL Throughput = 0.0 Mbps
7712 ms [UE 42234] UL Throughput = 0.0 Mbps
7799 ms [UE 30040] UL Throughput = 0.10145 Mbps
7799 ms [UE 42234] UL Throughput = 0.0 Mbps
7908 ms [UE 30040] UL Throughput = 0.0 Mbps
7908 ms [UE 42234] UL Throughput = 0.02579 Mbps
8010 ms [UE 30040] UL Throughput = 0.0 Mbps
8012 ms [UE 30040] UL Throughput = 0.0 Mbps
8012 ms [UE 42234] UL Throughput = 0.0 Mbps
8123 ms [UE 30040] UL Throughput = 0.0 Mbps
8123 ms [UE 42234] UL Throughput = 0.0 Mbps
8216 ms [UE 30040] UL Throughput = 0.06213 Mbps
8216 ms [UE 42234] UL Throughput = 0.0 Mbps
8220 ms [UE 42234] UL Throughput = 0.0 Mbps
8305 ms [UE 30040] UL Throughput = 0.06238 Mbps
8305 ms [UE 42234] UL Throughput = 0.0 Mbps
8395 ms [UE 30040] UL Throughput = 0.02019 Mbps
8395 ms [UE 42234] UL Throughput = 0.01156 Mbps
8483 ms [UE 42234] UL Throughput = 0.08637 Mbps
8575 ms [UE 30040] UL Throughput = 0.0 Mbps
8575 ms [UE 42234] UL Throughput = 0.09162 Mbps
8687 ms [UE 30040] UL Throughput = 0.0 Mbps
8687 ms [UE 42234] UL Throughput = 0.03701 Mbps
8765 ms [UE 30040] UL Throughput = 0.05513 Mbps
8765 ms [UE 42234] UL Throughput = 0.06299 Mbps
8858 ms [UE 30040] UL Throughput = 0.0 Mbps
8858 ms [UE 42234] UL Throughput = 0.09082 Mbps
8958 ms [UE 30040] UL Throughput = 0.0 Mbps
9032 ms [UE 30040] UL Throughput = 0.0 Mbps
9032 ms [UE 42234] UL Throughput = 0.0 Mbps
9034 ms [UE 30040] UL Throughput = 0.0 Mbps
9127 ms [UE 30040] UL Throughput = 0.09037 Mbps
9127 ms [UE 42234] UL Throughput = 0.12566 Mbps
9213 ms [UE 30040] UL Throughput = 0.11298 Mbps
9213 ms [UE 42234] UL Throughput = 0.05258 Mbps
9336 ms [UE 30040] UL Throughput = 0.05015 Mbps
9336 ms [UE 42234] UL Throughput = 0.0 Mbps
9447 ms [UE 30040] UL Throughput = 0.09582 Mbps
9447 ms [UE 42234] UL Throughput = 0.0 Mbps
9548 ms [UE 30040] UL Throughput = 0.09769 Mbps
9548 ms [UE 42234] UL Throughput = 0.06483 Mbps
9659 ms [UE 30040] UL Throughput = 0.0 Mbps
9659 ms [UE 42234] UL Throughput = 0.0 Mbps
9776 ms [UE 30040] UL Throughput = 0.04329 Mbps
9776 ms [UE 42234] UL Throughput = 0.0 Mbps
9880 ms [UE 30040] UL Throughput = 0.02587 Mbps
9880 ms [UE 42234] UL Throughput = 0.0 Mbps
9966 ms [UE 30040] UL Throughput = 0.1281 Mbps
9966 ms [UE 42234] UL Throughput = 0.01259 Mbps
9968 ms [UE 30040] UL Throughput = 0.03871 Mbps
9968 ms [UE 42234] UL Throughput = 0.0 Mbps
9972 ms [UE 42234] UL Throughput = 0.0 Mbps
9973 ms [UE 30040] UL Throughput = 0.06377 Mbps
10091 ms [UE 30040] UL Throughput = 0.0 Mbps
10091 ms [UE 42234] UL Throughput = 0.0 Mbps
10202 ms [UE 30040] UL Throughput = 0.07845 Mbps
10202 ms [UE 42234] UL Throughput = 0.0 Mbps
10206 ms [UE 30040] UL Throughput = 0.0 Mbps
10206 ms [UE 42234] UL Throughput = 0.06887 Mbps
10286 ms [UE 30040] UL Throughput = 0.0 Mbps
10286 ms [UE 42234] UL Throughput = 0.0 Mbps
10389 ms [UE 30040] UL Throughput = 0.0 Mbps
10389 ms [UE 42234] UL Throughput = 0.0 Mbps
10485 ms [UE 30040] UL Throughput = 0.0 Mbps
10485 ms [UE 42234] UL Throughput = 0.0 Mbps
10592 ms [UE 30040] UL Throughput = 0.06618 Mbps
10592 ms [UE 42234] UL Throughput = 0.0 Mbps
10676 ms [UE 30040] UL Throughput = 0.07466 Mbps
10676 ms [UE 42234] UL Throughput = 0.0 Mbps
10682 ms [UE 30040] UL Throughput = 0.0 Mbps
10682 ms [UE 42234] UL Throughput = 0.0 Mbps
10683 ms [UE 30040] UL Throughput = 0.0 Mbps
10683 ms [UE 42234] UL Throughput = 0.09508 Mbps
10770 ms [UE 30040] UL Throughput = 0.08512 Mbps
10770 ms [UE 42234] UL Throughput = 0.0 Mbps
10858 ms [UE 30040] UL Throughput = 0.0413 Mbps
10858 ms [UE 42234] UL Throughput = 0.0 Mbps
10969 ms [UE 30040] UL Throughput = 0.0 Mbps
10969 ms [UE 42234] UL Throughput = 0.0 Mbps
11080 ms [UE 30040] UL Throughput = 0.08045 Mbps
11080 ms [UE 42234] UL Throughput = 0.07696 Mbps
11179 ms [UE 30040] UL Throughput = 0.0 Mbps
11179 ms [UE 42234] UL Throughput = 0.04682 Mbps
11277 ms [UE 30040] UL Throughput = 0.05301 Mbps
11277 ms [UE 42234] UL Throughput = 0.09067 Mbps
11377 ms [UE 30040] UL Throughput = 0.0 Mbps
11377 ms [UE 42234] UL Throughput = 0.0 Mbps
11450 ms [UE 30040] UL Throughput = 0.02649 Mbps
11450 ms [UE 42234] UL Throughput = 0.03327 Mbps
11456 ms [UE 30040] UL Throughput = 0.05784 Mbps
11456 ms [UE 42234] UL Throughput = 0.03818 Mbps
11585 ms [UE 30040] UL Throughput = 0.0 Mbps
11585 ms [UE 42234] UL Throughput = 0.05355 Mbps
11701 ms [UE 30040] UL Throughput = 0.0 Mbps
11701 ms [UE 42234] UL Throughput = 0.02756 Mbps
11783 ms [UE 42234] UL Throughput = 0.04126 Mbps
11873 ms [UE 30040] UL Throughput = 0.07413 Mbps
11873 ms [UE 42234] UL Throughput = 0.0 Mbps
11958 ms [UE 30040] UL Throughput = 0.0 Mbps
11958 ms [UE 42234] UL Throughput = 0.0 Mbps
12035 ms [UE 30040] UL Throughput = 0.06443 Mbps
12158 ms [UE 30040] UL Throughput = 0.04659 Mbps
12158 ms [UE 42234] UL Throughput = 0.02024 Mbps
12161 ms [UE 30040] UL Throughput = 0.0135 Mbps
12250 ms [UE 30040] UL Throughput = 0.0 Mbps
12250 ms [UE 42234] UL Throughput = 0.07759 Mbps
12352 ms [UE 30040] UL Throughput = 0.0 Mbps
12352 ms [UE 42234] UL Throughput = 0.02192 Mbps
12454 ms [UE 30040] UL Throughput = 0.07055 Mbps
12454 ms [UE 42234] UL Throughput = 0.0 Mbps
12533 ms [UE 30040] UL Throughput = 0.0 Mbps
12533 ms [UE 42234] UL Throughput = 0.05356 Mbps
12635 ms [UE 30040] UL Throughput = 0.0799 Mbps
12635 ms [UE 42234] UL Throughput = 0.0 Mbps
12729 ms [UE 30040] UL Throughput = 0.0 Mbps
12729 ms [UE 42234] UL Throughput = 0.07827 Mbps
12846 ms [UE 42234] UL Throughput = 0.0 Mbps
12934 ms [UE 30040] UL Throughput = 0.09288 Mbps
12934 ms [UE 42234] UL Throughput = 0.05834 Mbps
13018 ms [UE 30040] UL Throughput = 0.0709 Mbps
13018 ms [UE 42234] UL Throughput = 0.12129 Mbps
13108 ms [UE 30040] UL Throughput = 0.05213 Mbps
13108 ms [UE 42234] UL Throughput = 0.0 Mbps
13213 ms [UE 42234] UL Throughput = 0.0 Mbps
13329 ms [UE 42234] UL Throughput = 0.02508 Mbps
13441 ms [UE 30040] UL Throughput = 0.04767 Mbps
13441 ms [UE 42234] UL Throughput = 0.0375 Mbps
13552 ms [UE 30040] UL Throughput = 0.06513 Mbps
13552 ms [UE 42234] UL Throughput = 0.09189 Mbps
13646 ms [UE 30040] UL Throughput = 0.0 Mbps
13646 ms [UE 42234] UL Throughput = 0.09429 Mbps
13740 ms [UE 30040] UL Throughput = 0.0 Mbps
13740 ms [UE 42234] UL Throughput = 0.0 Mbps
13835 ms [UE 30040] UL Throughput = 0.0 Mbps
13835 ms [UE 42234] UL Throughput = 0.04816 Mbps
13930 ms [UE 30040] UL Throughput = 0.05485 Mbps
13935 ms [UE 30040] UL Throughput = 0.0 Mbps
13935 ms [UE 42234] UL Throughput = 0.06101 Mbps
14057 ms [UE 30040] UL Throughput = 0.0 Mbps
14059 ms [UE 30040] UL Throughput = 0.0 Mbps
14059 ms [UE 42234] UL Throughput = 0.06963 Mbps
14063 ms [UE 30040] UL Throughput = 0.0878 Mbps
14166 ms [UE 30040] UL Throughput = 0.089 Mbps
14166 ms [UE 42234] UL Throughput = 0.08156 Mbps
14277 ms [UE 30040] UL Throughput = 0.05706 Mbps
14277 ms [UE 42234] UL Throughput = 0.0 Mbps
14370 ms [UE 30040] UL Throughput = 0.0 Mbps
14470 ms [UE 30040] UL Throughput = 0.08473 Mbps
14470 ms [UE 42234] UL Throughput = 0.0 Mbps
14582 ms [UE 30040] UL Throughput = 0.03865 Mbps
14582 ms [UE 42234] UL Throughput = 0.0 Mbps
14683 ms [UE 30040] UL Throughput = 0.0 Mbps
14683 ms [UE 42234] UL Throughput = 0.0 Mbps
14800 ms [UE 30040] UL Throughput = 0.0 Mbps
14904 ms [UE 30040] UL Throughput = 0.04506 Mbps
14904 ms [UE 42234] UL Throughput = 0.0 Mbps
15027 ms [UE 42234] UL Throughput = 0.0 Mbps
15126 ms [UE 30040] UL Throughput = 0.06984 Mbps
15233 ms [UE 30040] UL Throughput = 0.04617 Mbps
15233 ms [UE 42234] UL Throughput = 0.0 Mbps
15342 ms [UE 30040] UL Throughput = 0.0 Mbps
15342 ms [UE 42234] UL Throughput = 0.06021 Mbps
15443 ms [UE 30040] UL Throughput = 0.01237 Mbps
15443 ms [UE 42234] UL Throughput = 0.0 Mbps
15550 ms [UE 30040] UL Throughput = 0.0 Mbps
15550 ms [UE 42234] UL Throughput = 0.06269 Mbps
15648 ms [UE 30040] UL Throughput = 0.08649 Mbps
15648 ms [UE 42234] UL Throughput = 0.0 Mbps
15729 ms [UE 30040] UL Throughput = 0.0 Mbps
15729 ms [UE 42234] UL Throughput = 0.0179 Mbps
15839 ms [UE 30040] UL Throughput = 0.08627 Mbps
15839 ms [UE 42234] UL Throughput = 0.0 Mbps
15944 ms [UE 30040] UL Throughput = 0.10354 Mbps
15944 ms [UE 42234] UL Throughput = 0.04751 Mbps
15950 ms [UE 30040] UL Throughput = 0.04115 Mbps
15950 ms [UE 42234] UL Throughput = 0.06177 Mbps
15953 ms [UE 30040] UL Throughput = 0.0 Mbps
15953 ms [UE 42234] UL Throughput = 0.06576 Mbps
16032 ms [UE 42234] UL Throughput = 0.0 Mbps
16123 ms [UE 30040] UL Throughput = 0.0 Mbps
16123 ms [UE 42234] UL Throughput = 0.05613 Mbps
16231 ms [UE 30040] UL Throughput = 0.05415 Mbps
16231 ms [UE 42234] UL Throughput = 0.06358 Mbps
16233 ms [UE 30040] UL Throughput = 0.07952 Mbps
16233 ms [UE 42234] UL Throughput = 0.01967 Mbps
16348 ms [UE 30040] UL Throughput = 0.05497 Mbps
16348 ms [UE 42234] UL Throughput = 0.05377 Mbps
16350 ms [UE 30040] UL Throughput = 0.0 Mbps
16355 ms [UE 30040] UL Throughput = 0.0 Mbps
16358 ms [UE 30040] UL Throughput = 0.06932 Mbps
16358 ms [UE 42234] UL Throughput = 0.07903 Mbps
16474 ms [UE 30040] UL Throughput = 0.0 Mbps
16474 ms [UE 42234] UL Throughput = 0.0867 Mbps
16562 ms [UE 30040] UL Throughput = 0.03727 Mbps
16562 ms [UE 42234] UL Throughput = 0.0 Mbps
16567 ms [UE 30040] UL Throughput = 0.0 Mbps
16567 ms [UE 42234] UL Throughput = 0.08232 Mbps
16679 ms [UE 42234] UL Throughput = 0.03804 Mbps
16792 ms [UE 42234] UL Throughput = 0.03327 Mbps
16901 ms [UE 30040] UL Throughput = 0.0 Mbps
16901 ms [UE 42234] UL Throughput = 0.0 Mbps
16966 ms [UE 30040] UL Throughput = 0.01572 Mbps
16966 ms [UE 42234] UL Throughput = 0.06237 Mbps
17061 ms [UE 30040] UL Throughput = 0.0 Mbps
17165 ms [UE 30040] UL Throughput = 0.06943 Mbps
17165 ms [UE 42234] UL Throughput = 0.0 Mbps
17265 ms [UE 42234] UL Throughput = 0.0 Mbps
17342 ms [UE 30040] UL Throughput = 0.0 Mbps
17453 ms [UE 42234] UL Throughput = 0.10021 Mbps
17549 ms [UE 42234] UL Throughput = 0.06072 Mbps
17654 ms [UE 30040] UL Throughput = 0.0966 Mbps
17654 ms [UE 42234] UL Throughput = 0.02047 Mbps
17757 ms [UE 30040] UL Throughput = 0.0 Mbps
17869 ms [UE 30040] UL Throughput = 0.0 Mbps
17869 ms [UE 42234] UL Throughput = 0.0 Mbps
17951 ms [UE 42234] UL Throughput = 0.04442 Mbps
18054 ms [UE 42234] UL Throughput = 0.08516 Mbps
18146 ms [UE 30040] UL Throughput = 0.07608 Mbps
18146 ms [UE 42234] UL Throughput = 0.02144 Mbps
18148 ms [UE 30040] UL Throughput = 0.0946 Mbps
18148 ms [UE 42234] UL Throughput = 0.08308 Mbps
18226 ms [UE 30040] UL Throughput = 0.0 Mbps
18226 ms [UE 42234] UL Throughput = 0.0 Mbps
18321 ms [UE 30040] UL Throughput = 0.08575 Mbps
18432 ms [UE 30040] UL Throughput = 0.05928 Mbps
18432 ms [UE 42234] UL Throughput = 0.0 Mbps
18515 ms [UE 30040] UL Throughput = 0.0 Mbps
18515 ms [UE 42234] UL Throughput = 0.0 Mbps
18622 ms [UE 30040] UL Throughput = 0.01048 Mbps
18622 ms [UE 42234] UL Throughput = 0.0 Mbps
18705 ms [UE 30040] UL Throughput = 0.03621 Mbps
18705 ms [UE 42234] UL Throughput = 0.02338 Mbps
18815 ms [UE 30040] UL Throughput = 0.0 Mbps
18815 ms [UE 42234] UL Throughput = 0.0 Mbps
18945 ms [UE 30040] UL Throughput = 0.0 Mbps
18945 ms [UE 42234] UL Throughput = 0.0 Mbps
19059 ms [UE 30040] UL Throughput = 0.04838 Mbps
19059 ms [UE 42234] UL Throughput = 0.04548 Mbps
19159 ms [UE 42234] UL Throughput = 0.02915 Mbps
19248 ms [UE 30040] UL Throughput = 0.07655 Mbps
19248 ms [UE 42234] UL Throughput = 0.0 Mbps
19339 ms [UE 30040] UL Throughput = 0.02183 Mbps
19339 ms [UE 42234] UL Throughput = 0.01954 Mbps
19340 ms [UE 30040] UL Throughput = 0.09799 Mbps
19340 ms [UE 42234] UL Throughput = 0.0 Mbps
19463 ms [UE 42234] UL Throughput = 0.01569 Mbps
19464 ms [UE 42234] UL Throughput = 0.0443 Mbps
19469 ms [UE 30040] UL Throughput = 0.05805 Mbps
19469 ms [UE 42234] UL Throughput = 0.0 Mbps
19555 ms [UE 30040] UL Throughput = 0.0 Mbps
19555 ms [UE 42234] UL Throughput = 0.05159 Mbps
19561 ms [UE 30040] UL Throughput = 0.05814 Mbps
19561 ms [UE 42234] UL Throughput = 0.02345 Mbps
19653 ms [UE 30040] UL Throughput = 0.05857 Mbps
19653 ms [UE 42234] UL Throughput = 0.06596 Mbps
19756 ms [UE 30040] UL Throughput = 0.08165 Mbps
19756 ms [UE 42234] UL Throughput = 0.0 Mbps
19863 ms [UE 30040] UL Throughput = 0.01674 Mbps
19863 ms [UE 42234] UL Throughput = 0.0 Mbps
19977 ms [UE 30040] UL Throughput = 0.0 Mbps
19977 ms [UE 42234] UL Throughput = 0.0 Mbps
20089 ms [UE 30040] UL Throughput = 0.02896 Mbps
20089 ms [UE 42234] UL Throughput = 0.0 Mbps
20200 ms [UE 30040] UL Throughput = 0.04445 Mbps
20200 ms [UE 42234] UL Throughput = 0.07971 Mbps
20274 ms [UE 30040] UL Throughput = 0.09046 Mbps
20274 ms [UE 42234] UL Throughput = 0.0 Mbps
20371 ms [UE 30040] UL Throughput = 0.0 Mbps
20371 ms [UE 42234] UL Throughput = 0.0 Mbps
20449 ms [UE 42234] UL Throughput = 0.0 Mbps
20454 ms [UE 30040] UL Throughput = 0.05873 Mbps
20454 ms [UE 42234] UL Throughput = 0.06434 Mbps
20556 ms [UE 30040] UL Throughput = 0.0 Mbps
20664 ms [UE 30040] UL Throughput = 0.03188 Mbps
20664 ms [UE 42234] UL Throughput = 0.0 Mbps
20670 ms [UE 30040] UL Throughput = 0.0 Mbps
20670 ms [UE 42234] UL Throughput = 0.05102 Mbps
20763 ms [UE 30040] UL Throughput = 0.08567 Mbps
20763 ms [UE 42234] UL Throughput = 0.0 Mbps
20874 ms [UE 30040] UL Throughput = 0.02018 Mbps
20874 ms [UE 42234] UL Throughput = 0.0 Mbps
20877 ms [UE 30040] UL Throughput = 0.0 Mbps
20877 ms [UE 42234] UL Throughput = 0.0 Mbps
20883 ms [UE 30040] UL Throughput = 0.05441 Mbps
20883 ms [UE 42234] UL Throughput = 0.09316 Mbps
20950 ms [UE 30040] UL Throughput = 0.0 Mbps
21060 ms [UE 30040] UL Throughput = 0.0 Mbps
21060 ms [UE 42234] UL Throughput = 0.0 Mbps
21168 ms [UE 30040] UL Throughput = 0.03242 Mbps
21168 ms [UE 42234] UL Throughput = 0.04208 Mbps
21273 ms [UE 30040] UL Throughput = 0.07966 Mbps
21273 ms [UE 42234] UL Throughput = 0.0 Mbps
21371 ms [UE 30040] UL Throughput = 0.0 Mbps
21371 ms [UE 42234] UL Throughput = 0.03706 Mbps
21456 ms [UE 30040] UL Throughput = 0.03661 Mbps
21546 ms [UE 30040] UL Throughput = 0.10017 Mbps
21546 ms [UE 42234] UL Throughput = 0.06252 Mbps
21649 ms [UE 30040] UL Throughput = 0.05335 Mbps
21733 ms [UE 30040] UL Throughput = 0.0 Mbps
21733 ms [UE 42234] UL Throughput = 0.0 Mbps
21858 ms [UE 30040] UL Throughput = 0.0 Mbps
21858 ms [UE 42234] UL Throughput = 0.08478 Mbps
21960 ms [UE 30040] UL Throughput = 0.08656 Mbps
21960 ms [UE 42234] UL Throughput = 0.0 Mbps
22054 ms [UE 30040] UL Throughput = 0.05061 Mbps
22054 ms [UE 42234] UL Throughput = 0.06568 Mbps
22177 ms [UE 30040] UL Throughput = 0.09481 Mbps
22177 ms [UE 42234] UL Throughput = 0.0 Mbps
22180 ms [UE 30040] UL Throughput = 0.0 Mbps
22180 ms [UE 42234] UL Throughput = 0.0 Mbps
22282 ms [UE 30040] UL Throughput = 0.08091 Mbps
22282 ms [UE 42234] UL Throughput = 0.01908 Mbps
22382 ms [UE 42234] UL Throughput = 0.0 Mbps
22456 ms [UE 30040] UL Throughput = 0.09618 Mbps
22456 ms [UE 42234] UL Throughput = 0.0 Mbps
22551 ms [UE 30040] UL Throughput = 0.0516 Mbps
22551 ms [UE 42234] UL Throughput = 0.07363 Mbps
22652 ms [UE 30040] UL Throughput = 0.02809 Mbps
22652 ms [UE 42234] UL Throughput = 0.0 Mbps
22766 ms [UE 30040] UL Throughput = 0.08867 Mbps
22766 ms [UE 42234] UL Throughput = 0.0 Mbps
22880 ms [UE 30040] UL Throughput = 0.0 Mbps
22880 ms [UE 42234] UL Throughput = 0.0 Mbps
22972 ms [UE 42234] UL Throughput = 0.0 Mbps
22976 ms [UE 30040] UL Throughput = 0.09921 Mbps
22976 ms [UE 42234] UL Throughput = 0.04931 Mbps
23113 ms [UE 30040] UL Throughput = 0.08499 Mbps
23113 ms [UE 42234] UL Throughput = 0.05936 Mbps
23119 ms [UE 30040] UL Throughput = 0.0 Mbps
23119 ms [UE 42234] UL Throughput = 0.0 Mbps
23206 ms [UE 30040] UL Throughput = 0.02371 Mbps
23206 ms [UE 42234] UL Throughput = 0.0 Mbps
23325 ms [UE 30040] UL Throughput = 0.0 Mbps
23325 ms [UE 42234] UL Throughput = 0.0 Mbps
23437 ms [UE 30040] UL Throughput = 0.0 Mbps
23526 ms [UE 30040] UL Throughput = 0.05723 Mbps
23526 ms [UE 42234] UL Throughput = 0.05235 Mbps
23618 ms [UE 30040] UL Throughput = 0.0 Mbps
23618 ms [UE 42234] UL Throughput = 0.08426 Mbps
23711 ms [UE 30040] UL Throughput = 0.08001 Mbps
23711 ms [UE 42234] UL Throughput = 0.0 Mbps
23816 ms [UE 30040] UL Throughput = 0.05551 Mbps
23816 ms [UE 42234] UL Throughput = 0.0 Mbps
23898 ms [UE 30040] UL Throughput = 0.05232 Mbps
23898 ms [UE 42234] UL Throughput = 0.09182 Mbps
23979 ms [UE 30040] UL Throughput = 0.0 Mbps
23979 ms [UE 42234] UL Throughput = 0.0 Mbps
23980 ms [UE 30040] UL Throughput = 0.08665 Mbps
23980 ms [UE 42234] UL Throughput = 0.0605 Mbps
24104 ms [UE 30040] UL Throughput = 0.0 Mbps
24104 ms [UE 42234] UL Throughput = 0.0 Mbps
24186 ms [UE 30040] UL Throughput = 0.10688 Mbps
24186 ms [UE 42234] UL Throughput = 0.01784 Mbps
24275 ms [UE 30040] UL Throughput = 0.05953 Mbps
24275 ms [UE 42234] UL Throughput = 0.10214 Mbps
24356 ms [UE 42234] UL Throughput = 0.03679 Mbps
24436 ms [UE 30040] UL Throughput = 0.02371 Mbps
24436 ms [UE 42234] UL Throughput = 0.04974 Mbps
24533 ms [UE 30040] UL Throughput = 0.0 Mbps
24533 ms [UE 42234] UL Throughput = 0.0 Mbps
24628 ms [UE 30040] UL Throughput = 0.0 Mbps
24628 ms [UE 42234] UL Throughput = 0.0 Mbps
24631 ms [UE 30040] UL Throughput = 0.02533 Mbps
24631 ms [UE 42234] UL Throughput = 0.0 Mbps
24720 ms [UE 30040] UL Throughput = 0.0 Mbps
24720 ms [UE 42234] UL Throughput = 0.04178 Mbps
24842 ms [UE 30040] UL Throughput = 0.0 Mbps
24842 ms [UE 42234] UL Throughput = 0.0 Mbps
24927 ms [UE 30040] UL Throughput = 0.0 Mbps
24927 ms [UE 42234] UL Throughput = 0.0 Mbps
25046 ms [UE 30040] UL Throughput = 0.03191 Mbps
25139 ms [UE 30040] UL Throughput = 0.06911 Mbps
25139 ms [UE 42234] UL Throughput = 0.09048 Mbps
25244 ms [UE 42234] UL Throughput = 0.0 Mbps
25339 ms [UE 30040] UL Throughput = 0.02204 Mbps
25339 ms [UE 42234] UL Throughput = 0.04189 Mbps
25458 ms [UE 30040] UL Throughput = 0.03881 Mbps
25458 ms [UE 42234] UL Throughput = 0.0 Mbps
25590 ms [UE 30040] UL Throughput = 0.0 Mbps
25590 ms [UE 42234] UL Throughput = 0.06092 Mbps
25680 ms [UE 30040] UL Throughput = 0.0 Mbps
25680 ms [UE 42234] UL Throughput = 0.0 Mbps
25769 ms [UE 30040] UL Throughput = 0.0 Mbps
25769 ms [UE 42234] UL Throughput = 0.02741 Mbps
25870 ms [UE 42234] UL Throughput = 0.08855 Mbps
25962 ms [UE 30040] UL Throughput = 0.0 Mbps
26071 ms [UE 30040] UL Throughput = 0.0 Mbps
26162 ms [UE 30040] UL Throughput = 0.05538 Mbps
26162 ms [UE 42234] UL Throughput = 0.02671 Mbps
26273 ms [UE 30040] UL Throughput = 0.03043 Mbps
26273 ms [UE 42234] UL Throughput = 0.08892 Mbps
26275 ms [UE 30040] UL Throughput = 0.0 Mbps
26275 ms [UE 42234] UL Throughput = 0.0 Mbps
26280 ms [UE 30040] UL Throughput = 0.05257 Mbps
26280 ms [UE 42234] UL Throughput = 0.05569 Mbps
26394 ms [UE 30040] UL Throughput = 0.0 Mbps
26394 ms [UE 42234] UL Throughput = 0.06836 Mbps
26504 ms [UE 30040] UL Throughput = 0.0 Mbps
26504 ms [UE 42234] UL Throughput = 0.08115 Mbps
26596 ms [UE 30040] UL Throughput = 0.04916 Mbps
26596 ms [UE 42234] UL Throughput = 0.0 Mbps
26716 ms [UE 30040] UL Throughput = 0.0 Mbps
26716 ms [UE 42234] UL Throughput = 0.0 Mbps
26801 ms [UE 30040] UL Throughput = 0.0 Mbps
26801 ms [UE 42234] UL Throughput = 0.02626 Mbps
26907 ms [UE 30040] UL Throughput = 0.0 Mbps
26907 ms [UE 42234] UL Throughput = 0.0 Mbps
26996 ms [UE 30040] UL Throughput = 0.0 Mbps
26997 ms [UE 30040] UL Throughput = 0.09429 Mbps
27003 ms [UE 30040] UL Throughput = 0.16368 Mbps
27003 ms [UE 42234] UL Throughput = 0.0 Mbps
27102 ms [UE 30040] UL Throughput = 0.0 Mbps
27205 ms [UE 30040] UL Throughput = 0.02874 Mbps
27205 ms [UE 42234] UL Throughput = 0.07338 Mbps
27286 ms [UE 30040] UL Throughput = 0.0 Mbps
27287 ms [UE 30040] UL Throughput = 0.0 Mbps
27287 ms [UE 42234] UL Throughput = 0.0 Mbps
27385 ms [UE 30040] UL Throughput = 0.08751 Mbps
27385 ms [UE 42234] UL Throughput = 0.02232 Mbps
27493 ms [UE 30040] UL Throughput = 0.04269 Mbps
27493 ms [UE 42234] UL Throughput = 0.09022 Mbps
27497 ms [UE 30040] UL Throughput = 0.06847 Mbps
27497 ms [UE 42234] UL Throughput = 0.01262 Mbps
27502 ms [UE 30040] UL Throughput = 0.0 Mbps
27502 ms [UE 42234] UL Throughput = 0.09937 Mbps
27610 ms [UE 30040] UL Throughput = 0.0 Mbps
27610 ms [UE 42234] UL Throughput = 0.08418 Mbps
27728 ms [UE 30040] UL Throughput = 0.03485 Mbps
27728 ms [UE 42234] UL Throughput = 0.0 Mbps
27829 ms [UE 30040] UL Throughput = 0.01184 Mbps
27924 ms [UE 30040] UL Throughput = 0.0 Mbps
27924 ms [UE 42234] UL Throughput = 0.05562 Mbps
28039 ms [UE 30040] UL Throughput = 0.0 Mbps
28039 ms [UE 42234] UL Throughput = 0.01335 Mbps
28122 ms [UE 30040] UL Throughput = 0.09776 Mbps
28122 ms [UE 42234] UL Throughput = 0.0 Mbps
28214 ms [UE 30040] UL Throughput = 0.06257 Mbps
28214 ms [UE 42234] UL Throughput = 0.04627 Mbps
28333 ms [UE 30040] UL Throughput = 0.0 Mbps
28333 ms [UE 42234] UL Throughput = 0.0 Mbps
28462 ms [UE 30040] UL Throughput = 0.06847 Mbps
28462 ms [UE 42234] UL Throughput = 0.02309 Mbps
28586 ms [UE 30040] UL Throughput = 0.01438 Mbps
28586 ms [UE 42234] UL Throughput = 0.0 Mbps
28687 ms [UE 30040] UL Throughput = 0.0 Mbps
28687 ms [UE 42234] UL Throughput = 0.0 Mbps
28804 ms [UE 30040] UL Throughput = 0.03163 Mbps
28887 ms [UE 30040] UL Throughput = 0.05615 Mbps
28887 ms [UE 42234] UL Throughput = 0.0 Mbps
28889 ms [UE 30040] UL Throughput = 0.0 Mbps
28889 ms [UE 42234] UL Throughput = 0.16448 Mbps
28997 ms [UE 42234] UL Throughput = 0.0 Mbps
29108 ms [UE 30040] UL Throughput = 0.03859 Mbps
29108 ms [UE 42234] UL Throughput = 0.0 Mbps
29222 ms [UE 30040] UL Throughput = 0.0 Mbps
29222 ms [UE 42234] UL Throughput = 0.06459 Mbps
29354 ms [UE 30040] UL Throughput = 0.0 Mbps
29354 ms [UE 42234] UL Throughput = 0.08333 Mbps
29360 ms [UE 30040] UL Throughput = 0.0 Mbps
29494 ms [UE 30040] UL Throughput = 0.0 Mbps
29494 ms [UE 42234] UL Throughput = 0.09952 Mbps
29598 ms [UE 30040] UL Throughput = 0.0 Mbps
29598 ms [UE 42234] UL Throughput = 0.0 Mbps
29690 ms [UE 42234] UL Throughput = 0.0 Mbps
29695 ms [UE 30040] UL Throughput = 0.04688 Mbps
29695 ms [UE 42234] UL Throughput = 0.0798 Mbps
29802 ms [UE 42234] UL Throughput = 0.0 Mbps
29898 ms [UE 30040] UL Throughput = 0.0 Mbps
29898 ms [UE 42234] UL Throughput = 0.0 Mbps
30003 ms [UE 30040] UL Throughput = 0.0 Mbps
30003 ms [UE 42234] UL Throughput = 0.0469 Mbps
30126 ms [UE 30040] UL Throughput = 0.02301 Mbps
30126 ms [UE 42234] UL Throughput = 0.01516 Mbps
30128 ms [UE 30040] UL Throughput = 0.0 Mbps
30128 ms [UE 42234] UL Throughput = 0.0 Mbps
30131 ms [UE 30040] UL Throughput = 0.08956 Mbps
30131 ms [UE 42234] UL Throughput = 0.058 Mbps
30226 ms [UE 42234] UL Throughput = 0.01739 Mbps
30319 ms [UE 30040] UL Throughput = 0.0 Mbps
30319 ms [UE 42234] UL Throughput = 0.0 Mbps
30426 ms [UE 30040] UL Throughput = 0.05338 Mbps
30426 ms [UE 42234] UL Throughput = 0.0 Mbps
30500 ms [UE 30040] UL Throughput = 0.05526 Mbps
30500 ms [UE 42234] UL Throughput = 0.03937 Mbps
30600 ms [UE 30040] UL Throughput = 0.06099 Mbps
30600 ms [UE 42234] UL Throughput = 0.0 Mbps
30601 ms [UE 30040] UL Throughput = 0.03942 Mbps
30601 ms [UE 42234] UL Throughput = 0.03863 Mbps
30724 ms [UE 30040] UL Throughput = 0.0321 Mbps
30724 ms [UE 42234] UL Throughput = 0.099 Mbps
30829 ms [UE 30040] UL Throughput = 0.06219 Mbps
30829 ms [UE 42234] UL Throughput = 0.0 Mbps
30830 ms [UE 30040] UL Throughput = 0.01219 Mbps
30830 ms [UE 42234] UL Throughput = 0.0 Mbps
30923 ms [UE 30040] UL Throughput = 0.0 Mbps
30923 ms [UE 42234] UL Throughput = 0.0 Mbps
30926 ms [UE 30040] UL Throughput = 0.0 Mbps
30926 ms [UE 42234] UL Throughput = 0.0 Mbps
31022 ms [UE 30040] UL Throughput = 0.04965 Mbps
31022 ms [UE 42234] UL Throughput = 0.0 Mbps
31108 ms [UE 30040] UL Throughput = 0.05195 Mbps
31108 ms [UE 42234] UL Throughput = 0.08234 Mbps
31111 ms [UE 30040] UL Throughput = 0.0 Mbps
31111 ms [UE 42234] UL Throughput = 0.09877 Mbps
31211 ms [UE 30040] UL Throughput = 0.0 Mbps
31211 ms [UE 42234] UL Throughput = 0.0 Mbps
31296 ms [UE 30040] UL Throughput = 0.0 Mbps
31296 ms [UE 42234] UL Throughput = 0.09477 Mbps
31384 ms [UE 30040] UL Throughput = 0.0 Mbps
31384 ms [UE 42234] UL Throughput = 0.0 Mbps
31389 ms [UE 30040] UL Throughput = 0.0 Mbps
31389 ms [UE 42234] UL Throughput = 0.04396 Mbps
31468 ms [UE 30040] UL Throughput = 0.0 Mbps
31468 ms [UE 42234] UL Throughput = 0.0 Mbps
31574 ms [UE 30040] UL Throughput = 0.0 Mbps
31574 ms [UE 42234] UL Throughput = 0.0 Mbps
31671 ms [UE 30040] UL Throughput = 0.0 Mbps
31799 ms [UE 30040] UL Throughput = 0.0 Mbps
31799 ms [UE 42234] UL Throughput = 0.04777 Mbps
31935 ms [UE 30040] UL Throughput = 0.05628 Mbps
31935 ms [UE 42234] UL Throughput = 0.07359 Mbps
32030 ms [UE 30040] UL Throughput = 0.0 Mbps
32109 ms [UE 30040] UL Throughput = 0.0 Mbps
32109 ms [UE 42234] UL Throughput = 0.0 Mbps
32197 ms [UE 30040] UL Throughput = 0.0 Mbps
32197 ms [UE 42234] UL Throughput = 0.05336 Mbps
32201 ms [UE 30040] UL Throughput = 0.01382 Mbps
32201 ms [UE 42234] UL Throughput = 0.0127 Mbps
32206 ms [UE 30040] UL Throughput = 0.0 Mbps
32206 ms [UE 42234] UL Throughput = 0.05064 Mbps
32300 ms [UE 30040] UL Throughput = 0.07019 Mbps
32300 ms [UE 42234] UL Throughput = 0.0 Mbps
32392 ms [UE 30040] UL Throughput = 0.0 Mbps
32392 ms [UE 42234] UL Throughput = 0.06329 Mbps
32486 ms [UE 30040] UL Throughput = 0.0 Mbps
32486 ms [UE 42234] UL Throughput = 0.063 Mbps
32604 ms [UE 30040] UL Throughput = 0.0 Mbps
32604 ms [UE 42234] UL Throughput = 0.07941 Mbps
32609 ms [UE 30040] UL Throughput = 0.05966 Mbps
32609 ms [UE 42234] UL Throughput = 0.06964 Mbps
32612 ms [UE 30040] UL Throughput = 0.03363 Mbps
32618 ms [UE 30040] UL Throughput = 0.09609 Mbps
32618 ms [UE 42234] UL Throughput = 0.06904 Mbps
32709 ms [UE 30040] UL Throughput = 0.07044 Mbps
32709 ms [UE 42234] UL Throughput = 0.09954 Mbps
32779 ms [UE 30040] UL Throughput = 0.0 Mbps
32779 ms [UE 42234] UL Throughput = 0.0 Mbps
32873 ms [UE 30040] UL Throughput = 0.0 Mbps
32873 ms [UE 42234] UL Throughput = 0.06991 Mbps
32877 ms [UE 30040] UL Throughput = 0.0 Mbps
32877 ms [UE 42234] UL Throughput = 0.1499 Mbps
32883 ms [UE 30040] UL Throughput = 0.08928 Mbps
32883 ms [UE 42234] UL Throughput = 0.05478 Mbps
33021 ms [UE 42234] UL Throughput = 0.0 Mbps
33125 ms [UE 30040] UL Throughput = 0.09272 Mbps
33125 ms [UE 42234] UL Throughput = 0.02239 Mbps
33234 ms [UE 30040] UL Throughput = 0.0 Mbps
33234 ms [UE 42234] UL Throughput = 0.07966 Mbps
33321 ms [UE 30040] UL Throughput = 0.0 Mbps
33392 ms [UE 30040] UL Throughput = 0.0 Mbps
33392 ms [UE 42234] UL Throughput = 0.05013 Mbps
33484 ms [UE 42234] UL Throughput = 0.03105 Mbps
33584 ms [UE 30040] UL Throughput = 0.0921 Mbps
33584 ms [UE 42234] UL Throughput = 0.03095 Mbps
33680 ms [UE 30040] UL Throughput = 0.0 Mbps
33680 ms [UE 42234] UL Throughput = 0.01596 Mbps
33765 ms [UE 30040] UL Throughput = 0.04382 Mbps
33765 ms [UE 42234] UL Throughput = 0.0 Mbps
33892 ms [UE 30040] UL Throughput = 0.0 Mbps
33892 ms [UE 42234] UL Throughput = 0.0 Mbps
33977 ms [UE 30040] UL Throughput = 0.0 Mbps
33977 ms [UE 42234] UL Throughput = 0.03964 Mbps
34063 ms [UE 30040] UL Throughput = 0.07181 Mbps
34063 ms [UE 42234] UL Throughput = 0.0 Mbps
34067 ms [UE 30040] UL Throughput = 0.07676 Mbps
34067 ms [UE 42234] UL Throughput = 0.08362 Mbps
34072 ms [UE 30040] UL Throughput = 0.03522 Mbps
34072 ms [UE 42234] UL Throughput = 0.0 Mbps
34169 ms [UE 42234] UL Throughput = 0.01626 Mbps
34268 ms [UE 30040] UL Throughput = 0.0707 Mbps
34268 ms [UE 42234] UL Throughput = 0.0 Mbps
34377 ms [UE 30040] UL Throughput = 0.09442 Mbps
34377 ms [UE 42234] UL Throughput = 0.08188 Mbps
34468 ms [UE 30040] UL Throughput = 0.0 Mbps
34468 ms [UE 42234] UL Throughput = 0.0 Mbps
34472 ms [UE 30040] UL Throughput = 0.08752 Mbps
34472 ms [UE 42234] UL Throughput = 0.03433 Mbps
34575 ms [UE 30040] UL Throughput = 0.0 Mbps
34575 ms [UE 42234] UL Throughput = 0.0246 Mbps
34662 ms [UE 30040] UL Throughput = 0.05908 Mbps
34664 ms [UE 30040] UL Throughput = 0.0 Mbps
34664 ms [UE 42234] UL Throughput = 0.12755 Mbps
34784 ms [UE 30040] UL Throughput = 0.0 Mbps
34784 ms [UE 42234] UL Throughput = 0.04331 Mbps
34879 ms [UE 30040] UL Throughput = 0.04292 Mbps
34879 ms [UE 42234] UL Throughput = 0.03678 Mbps
34972 ms [UE 30040] UL Throughput = 0.06511 Mbps
34972 ms [UE 42234] UL Throughput = 0.0 Mbps
35043 ms [UE 30040] UL Throughput = 0.0257 Mbps
35043 ms [UE 42234] UL Throughput = 0.0 Mbps
35048 ms [UE 42234] UL Throughput = 0.0 Mbps
35160 ms [UE 30040] UL Throughput = 0.06144 Mbps
35160 ms [UE 42234] UL Throughput = 0.0917 Mbps
35228 ms [UE 30040] UL Throughput = 0.0 Mbps
35228 ms [UE 42234] UL Throughput = 0.04251 Mbps
35340 ms [UE 30040] UL Throughput = 0.04736 Mbps
35340 ms [UE 42234] UL Throughput = 0.0 Mbps
35406 ms [UE 42234] UL Throughput = 0.06817 Mbps
35507 ms [UE 30040] UL Throughput = 0.01557 Mbps
35507 ms [UE 42234] UL Throughput = 0.0 Mbps
35602 ms [UE 30040] UL Throughput = 0.0 Mbps
35602 ms [UE 42234] UL Throughput = 0.06383 Mbps
35710 ms [UE 30040] UL Throughput = 0.0 Mbps
35710 ms [UE 42234] UL Throughput = 0.03329 Mbps
35815 ms [UE 42234] UL Throughput = 0.0 Mbps
35933 ms [UE 30040] UL Throughput = 0.13116 Mbps
35933 ms [UE 42234] UL Throughput = 0.01382 Mbps
36036 ms [UE 30040] UL Throughput = 0.0 Mbps
36036 ms [UE 42234] UL Throughput = 0.0 Mbps
36139 ms [UE 30040] UL Throughput = 0.0 Mbps
36139 ms [UE 42234] UL Throughput = 0.0 Mbps
36243 ms [UE 30040] UL Throughput = 0.06391 Mbps
36243 ms [UE 42234] UL Throughput = 0.0 Mbps
36340 ms [UE 30040] UL Throughput = 0.0 Mbps
36340 ms [UE 42234] UL Throughput = 0.0 Mbps
36442 ms [UE 30040] UL Throughput = 0.01138 Mbps
36442 ms [UE 42234] UL Throughput = 0.0 Mbps
36537 ms [UE 42234] UL Throughput = 0.09863 Mbps
36644 ms [UE 30040] UL Throughput = 0.0 Mbps
36644 ms [UE 42234] UL Throughput = 0.0 Mbps
36763 ms [UE 30040] UL Throughput = 0.04894 Mbps
36763 ms [UE 42234] UL Throughput = 0.0662 Mbps
36855 ms [UE 30040] UL Throughput = 0.0 Mbps
36855 ms [UE 42234] UL Throughput = 0.03182 Mbps
36977 ms [UE 30040] UL Throughput = 0.0 Mbps
36977 ms [UE 42234] UL Throughput = 0.09921 Mbps
37081 ms [UE 30040] UL Throughput = 0.02487 Mbps
37081 ms [UE 42234] UL Throughput = 0.0 Mbps
37160 ms [UE 30040] UL Throughput = 0.0 Mbps
37160 ms [UE 42234] UL Throughput = 0.07143 Mbps
37162 ms [UE 30040] UL Throughput = 0.0 Mbps
37162 ms [UE 42234] UL Throughput = 0.06651 Mbps
37274 ms [UE 30040] UL Throughput = 0.0 Mbps
37274 ms [UE 42234] UL Throughput = 0.0 Mbps
37280 ms [UE 42234] UL Throughput = 0.12483 Mbps
37284 ms [UE 30040] UL Throughput = 0.08097 Mbps
37284 ms [UE 42234] UL Throughput = 0.08357 Mbps
37374 ms [UE 30040] UL Throughput = 0.03088 Mbps
37374 ms [UE 42234] UL Throughput = 0.0 Mbps
37474 ms [UE 30040] UL Throughput = 0.0 Mbps
37474 ms [UE 42234] UL Throughput = 0.0 Mbps
37586 ms [UE 30040] UL Throughput = 0.0 Mbps
37586 ms [UE 42234] UL Throughput = 0.09009 Mbps
37708 ms [UE 30040] UL Throughput = 0.03062 Mbps
37708 ms [UE 42234] UL Throughput = 0.0 Mbps
37711 ms [UE 30040] UL Throughput = 0.0 Mbps
37711 ms [UE 42234] UL Throughput = 0.0 Mbps
37805 ms [UE 30040] UL Throughput = 0.0296 Mbps
37805 ms [UE 42234] UL Throughput = 0.0 Mbps
37887 ms [UE 30040] UL Throughput = 0.0 Mbps
37887 ms [UE 42234] UL Throughput = 0.03347 Mbps
37977 ms [UE 30040] UL Throughput = 0.09979 Mbps
37977 ms [UE 42234] UL Throughput = 0.04279 Mbps
38089 ms [UE 30040] UL Throughput = 0.0477 Mbps
38089 ms [UE 42234] UL Throughput = 0.02823 Mbps
38187 ms [UE 30040] UL Throughput = 0.07705 Mbps
38187 ms [UE 42234] UL Throughput = 0.02696 Mbps
38193 ms [UE 30040] UL Throughput = 0.04362 Mbps
38193 ms [UE 42234] UL Throughput = 0.08843 Mbps
38325 ms [UE 30040] UL Throughput = 0.05123 Mbps
38325 ms [UE 42234] UL Throughput = 0.0 Mbps
38418 ms [UE 30040] UL Throughput = 0.0 Mbps
38418 ms [UE 42234] UL Throughput = 0.03573 Mbps
38533 ms [UE 42234] UL Throughput = 0.08287 Mbps
38635 ms [UE 30040] UL Throughput = 0.01277 Mbps
38728 ms [UE 30040] UL Throughput = 0.08074 Mbps
38728 ms [UE 42234] UL Throughput = 0.0 Mbps
38823 ms [UE 30040] UL Throughput = 0.04247 Mbps
38823 ms [UE 42234] UL Throughput = 0.06567 Mbps
38912 ms [UE 30040] UL Throughput = 0.0 Mbps
38912 ms [UE 42234] UL Throughput = 0.06725 Mbps
39022 ms [UE 30040] UL Throughput = 0.0 Mbps
39022 ms [UE 42234] UL Throughput = 0.0 Mbps
39111 ms [UE 30040] UL Throughput = 0.0 Mbps
39111 ms [UE 42234] UL Throughput = 0.0 Mbps
39168 ms [UE 30040] UL Throughput = 0.0 Mbps
39270 ms [UE 42234] UL Throughput = 0.01469 Mbps
39359 ms [UE 30040] UL Throughput = 0.0 Mbps
39359 ms [UE 42234] UL Throughput = 0.0 Mbps
39451 ms [UE 30040] UL Throughput = 0.0 Mbps
39451 ms [UE 42234] UL Throughput = 0.0 Mbps
39456 ms [UE 30040] UL Throughput = 0.0 Mbps
39456 ms [UE 42234] UL Throughput = 0.0 Mbps
39595 ms [UE 30040] UL Throughput = 0.1076 Mbps
39595 ms [UE 42234] UL Throughput = 0.0 Mbps
39688 ms [UE 30040] UL Throughput = 0.0 Mbps
39691 ms [UE 42234] UL Throughput = 0.0 Mbps
39810 ms [UE 30040] UL Throughput = 0.0 Mbps
39810 ms [UE 42234] UL Throughput = 0.02808 Mbps
39902 ms [UE 30040] UL Throughput = 0.08079 Mbps
39902 ms [UE 42234] UL Throughput = 0.0 Mbps
39991 ms [UE 30040] UL Throughput = 0.03475 Mbps
39991 ms [UE 42234] UL Throughput = 0.0 Mbps
39994 ms [UE 30040] UL Throughput = 0.07131 Mbps
39994 ms [UE 42234] UL Throughput = 0.0 Mbps
40089 ms [UE 30040] UL Throughput = 0.0 Mbps
40089 ms [UE 42234] UL Throughput = 0.03117 Mbps
40154 ms [UE 30040] UL Throughput = 0.01048 Mbps
40154 ms [UE 42234] UL Throughput = 0.08264 Mbps
40260 ms [UE 42234] UL Throughput = 0.03063 Mbps
40373 ms [UE 30040] UL Throughput = 0.0 Mbps
40373 ms [UE 42234] UL Throughput = 0.02799 Mbps
40375 ms [UE 30040] UL Throughput = 0.12313 Mbps
40375 ms [UE 42234] UL Throughput = 0.0 Mbps
40513 ms [UE 30040] UL Throughput = 0.0 Mbps
40513 ms [UE 42234] UL Throughput = 0.02221 Mbps
40602 ms [UE 30040] UL Throughput = 0.01733 Mbps
40602 ms [UE 42234] UL Throughput = 0.0 Mbps
40705 ms [UE 30040] UL Throughput = 0.0 Mbps
40705 ms [UE 42234] UL Throughput = 0.08471 Mbps
40709 ms [UE 30040] UL Throughput = 0.07168 Mbps
40709 ms [UE 42234] UL Throughput = 0.0 Mbps
40799 ms [UE 30040] UL Throughput = 0.06596 Mbps
40799 ms [UE 42234] UL Throughput = 0.04444 Mbps
40803 ms [UE 30040] UL Throughput = 0.0 Mbps
40803 ms [UE 42234] UL Throughput = 0.0 Mbps
40887 ms [UE 30040] UL Throughput = 0.02782 Mbps
40887 ms [UE 42234] UL Throughput = 0.0 Mbps
40893 ms [UE 30040] UL Throughput = 0.0 Mbps
40893 ms [UE 42234] UL Throughput = 0.08004 Mbps
40995 ms [UE 30040] UL Throughput = 0.08972 Mbps
40995 ms [UE 42234] UL Throughput = 0.0 Mbps
41086 ms [UE 42234] UL Throughput = 0.0 Mbps
41087 ms [UE 42234] UL Throughput = 0.0 Mbps
41092 ms [UE 42234] UL Throughput = 0.0464 Mbps
41176 ms [UE 30040] UL Throughput = 0.0 Mbps
41176 ms [UE 42234] UL Throughput = 0.0 Mbps
41281 ms [UE 30040] UL Throughput = 0.04913 Mbps
41281 ms [UE 42234] UL Throughput = 0.03036 Mbps
41373 ms [UE 30040] UL Throughput = 0.02578 Mbps
41476 ms [UE 30040] UL Throughput = 0.09789 Mbps
41476 ms [UE 42234] UL Throughput = 0.0 Mbps
41578 ms [UE 30040] UL Throughput = 0.07788 Mbps
41578 ms [UE 42234] UL Throughput = 0.04012 Mbps
41677 ms [UE 30040] UL Throughput = 0.0 Mbps
41677 ms [UE 42234] UL Throughput = 0.0 Mbps
41746 ms [UE 30040] UL Throughput = 0.0 Mbps
41748 ms [UE 30040] UL Throughput = 0.0 Mbps
41861 ms [UE 30040] UL Throughput = 0.03026 Mbps
41861 ms [UE 42234] UL Throughput = 0.07754 Mbps
41957 ms [UE 30040] UL Throughput = 0.0 Mbps
42060 ms [UE 30040] UL Throughput = 0.0 Mbps
42060 ms [UE 42234] UL Throughput = 0.09515 Mbps
42157 ms [UE 30040] UL Throughput = 0.0 Mbps
42157 ms [UE 42234] UL Throughput = 0.03226 Mbps
42247 ms [UE 30040] UL Throughput = 0.06782 Mbps
42247 ms [UE 42234] UL Throughput = 0.0 Mbps
42344 ms [UE 30040] UL Throughput = 0.06203 Mbps
42344 ms [UE 42234] UL Throughput = 0.0 Mbps
42439 ms [UE 30040] UL Throughput = 0.09543 Mbps
42439 ms [UE 42234] UL Throughput = 0.07874 Mbps
42539 ms [UE 30040] UL Throughput = 0.02651 Mbps
42539 ms [UE 42234] UL Throughput = 0.0 Mbps
42646 ms [UE 30040] UL Throughput = 0.0 Mbps
42731 ms [UE 30040] UL Throughput = 0.0 Mbps
42731 ms [UE 42234] UL Throughput = 0.11649 Mbps
42825 ms [UE 30040] UL Throughput = 0.02434 Mbps
42825 ms [UE 42234] UL Throughput = 0.09516 Mbps
42898 ms [UE 30040] UL Throughput = 0.03886 Mbps
42898 ms [UE 42234] UL Throughput = 0.03787 Mbps
42994 ms [UE 30040] UL Throughput = 0.0 Mbps
42994 ms [UE 42234] UL Throughput = 0.0 Mbps
43095 ms [UE 30040] UL Throughput = 0.0 Mbps
43095 ms [UE 42234] UL Throughput = 0.12763 Mbps
43209 ms [UE 30040] UL Throughput = 0.0 Mbps
43209 ms [UE 42234] UL Throughput = 0.0 Mbps
43287 ms [UE 42234] UL Throughput = 0.08931 Mbps
43292 ms [UE 30040] UL Throughput = 0.0 Mbps
43292 ms [UE 42234] UL Throughput = 0.01965 Mbps
43400 ms [UE 30040] UL Throughput = 0.03441 Mbps
43400 ms [UE 42234] UL Throughput = 0.0 Mbps
43498 ms [UE 30040] UL Throughput = 0.0 Mbps
43498 ms [UE 42234] UL Throughput = 0.05902 Mbps
43591 ms [UE 30040] UL Throughput = 0.0 Mbps
43591 ms [UE 42234] UL Throughput = 0.0 Mbps
43675 ms [UE 30040] UL Throughput = 0.18307 Mbps
43675 ms [UE 42234] UL Throughput = 0.04504 Mbps
43679 ms [UE 30040] UL Throughput = 0.0 Mbps
43679 ms [UE 42234] UL Throughput = 0.04942 Mbps
43769 ms [UE 30040] UL Throughput = 0.0 Mbps
43769 ms [UE 42234] UL Throughput = 0.0491 Mbps
43879 ms [UE 30040] UL Throughput = 0.0 Mbps
43879 ms [UE 42234] UL Throughput = 0.0 Mbps
43880 ms [UE 30040] UL Throughput = 0.0 Mbps
43880 ms [UE 42234] UL Throughput = 0.07235 Mbps
43974 ms [UE 30040] UL Throughput = 0.0 Mbps
44101 ms [UE 30040] UL Throughput = 0.0286 Mbps
44101 ms [UE 42234] UL Throughput = 0.07525 Mbps
44211 ms [UE 30040] UL Throughput = 0.0 Mbps
44211 ms [UE 42234] UL Throughput = 0.0 Mbps
44310 ms [UE 30040] UL Throughput = 0.02364 Mbps
44310 ms [UE 42234] UL Throughput = 0.0464 Mbps
44314 ms [UE 30040] UL Throughput = 0.06239 Mbps
44314 ms [UE 42234] UL Throughput = 0.09824 Mbps
44320 ms [UE 30040] UL Throughput = 0.09126 Mbps
44320 ms [UE 42234] UL Throughput = 0.04641 Mbps
44323 ms [UE 30040] UL Throughput = 0.0 Mbps
44323 ms [UE 42234] UL Throughput = 0.04129 Mbps
44434 ms [UE 30040] UL Throughput = 0.0 Mbps
44434 ms [UE 42234] UL Throughput = 0.05415 Mbps
44438 ms [UE 30040] UL Throughput = 0.0 Mbps
44438 ms [UE 42234] UL Throughput = 0.02073 Mbps
44535 ms [UE 30040] UL Throughput = 0.06151 Mbps
44535 ms [UE 42234] UL Throughput = 0.0 Mbps
44649 ms [UE 30040] UL Throughput = 0.09446 Mbps
44649 ms [UE 42234] UL Throughput = 0.0 Mbps
44754 ms [UE 30040] UL Throughput = 0.02364 Mbps
44754 ms [UE 42234] UL Throughput = 0.0 Mbps
44845 ms [UE 30040] UL Throughput = 0.07385 Mbps
44845 ms [UE 42234] UL Throughput = 0.06435 Mbps
44920 ms [UE 42234] UL Throughput = 0.0 Mbps
45017 ms [UE 30040] UL Throughput = 0.0 Mbps
45017 ms [UE 42234] UL Throughput = 0.05414 Mbps
45119 ms [UE 30040] UL Throughput = 0.0 Mbps
45120 ms [UE 30040] UL Throughput = 0.0948 Mbps
45120 ms [UE 42234] UL Throughput = 0.0 Mbps
45213 ms [UE 30040] UL Throughput = 0.0 Mbps
45213 ms [UE 42234] UL Throughput = 0.0 Mbps
45307 ms [UE 30040] UL Throughput = 0.0 Mbps
45307 ms [UE 42234] UL Throughput = 0.0 Mbps
45411 ms [UE 30040] UL Throughput = 0.09516 Mbps
45411 ms [UE 42234] UL Throughput = 0.06468 Mbps
45515 ms [UE 30040] UL Throughput = 0.0 Mbps
45515 ms [UE 42234] UL Throughput = 0.01161 Mbps
45518 ms [UE 30040] UL Throughput = 0.08857 Mbps
45518 ms [UE 42234] UL Throughput = 0.06113 Mbps
45611 ms [UE 30040] UL Throughput = 0.0 Mbps
45611 ms [UE 42234] UL Throughput = 0.0 Mbps
45692 ms [UE 30040] UL Throughput = 0.0 Mbps
45692 ms [UE 42234] UL Throughput = 0.0 Mbps
45788 ms [UE 30040] UL Throughput = 0.0 Mbps
45788 ms [UE 42234] UL Throughput = 0.0 Mbps
45789 ms [UE 30040] UL Throughput = 0.04855 Mbps
45789 ms [UE 42234] UL Throughput = 0.0 Mbps
45907 ms [UE 30040] UL Throughput = 0.0 Mbps
45907 ms [UE 42234] UL Throughput = 0.07508 Mbps
46021 ms [UE 30040] UL Throughput = 0.092 Mbps
46021 ms [UE 42234] UL Throughput = 0.0 Mbps
46116 ms [UE 30040] UL Throughput = 0.06576 Mbps
46116 ms [UE 42234] UL Throughput = 0.0 Mbps
46229 ms [UE 30040] UL Throughput = 0.06702 Mbps
46229 ms [UE 42234] UL Throughput = 0.19224 Mbps
46340 ms [UE 42234] UL Throughput = 0.01622 Mbps
46462 ms [UE 30040] UL Throughput = 0.03876 Mbps
46569 ms [UE 30040] UL Throughput = 0.0 Mbps
46569 ms [UE 42234] UL Throughput = 0.0 Mbps
46677 ms [UE 30040] UL Throughput = 0.0 Mbps
46677 ms [UE 42234] UL Throughput = 0.0 Mbps
46763 ms [UE 30040] UL Throughput = 0.0903 Mbps
46763 ms [UE 42234] UL Throughput = 0.0 Mbps
46767 ms [UE 30040] UL Throughput = 0.02496 Mbps
46867 ms [UE 42234] UL Throughput = 0.0 Mbps
46967 ms [UE 30040] UL Throughput = 0.03497 Mbps
46967 ms [UE 42234] UL Throughput = 0.0 Mbps
47062 ms [UE 30040] UL Throughput = 0.0 Mbps
47062 ms [UE 42234] UL Throughput = 0.03271 Mbps
47147 ms [UE 30040] UL Throughput = 0.07719 Mbps
47147 ms [UE 42234] UL Throughput = 0.08956 Mbps
47149 ms [UE 42234] UL Throughput = 0.01585 Mbps
47229 ms [UE 30040] UL Throughput = 0.0 Mbps
47229 ms [UE 42234] UL Throughput = 0.0 Mbps
47326 ms [UE 30040] UL Throughput = 0.01912 Mbps
47326 ms [UE 42234] UL Throughput = 0.10016 Mbps
47415 ms [UE 30040] UL Throughput = 0.0 Mbps
47415 ms [UE 42234] UL Throughput = 0.0 Mbps
47534 ms [UE 30040] UL Throughput = 0.0 Mbps
47534 ms [UE 42234] UL Throughput = 0.0 Mbps
47535 ms [UE 30040] UL Throughput = 0.05936 Mbps
47620 ms [UE 30040] UL Throughput = 0.01102 Mbps
47620 ms [UE 42234] UL Throughput = 0.08344 Mbps
47684 ms [UE 30040] UL Throughput = 0.09373 Mbps
47684 ms [UE 42234] UL Throughput = 0.0 Mbps
47782 ms [UE 30040] UL Throughput = 0.0 Mbps
47782 ms [UE 42234] UL Throughput = 0.06129 Mbps
47879 ms [UE 30040] UL Throughput = 0.08509 Mbps
47879 ms [UE 42234] UL Throughput = 0.0 Mbps
47970 ms [UE 30040] UL Throughput = 0.08921 Mbps
47970 ms [UE 42234] UL Throughput = 0.0 Mbps
47976 ms [UE 30040] UL Throughput = 0.11176 Mbps
47976 ms [UE 42234] UL Throughput = 0.09722 Mbps
48054 ms [UE 30040] UL Throughput = 0.0 Mbps
48162 ms [UE 30040] UL Throughput = 0.09784 Mbps
48162 ms [UE 42234] UL Throughput = 0.01743 Mbps
48280 ms [UE 30040] UL Throughput = 0.06381 Mbps
48280 ms [UE 42234] UL Throughput = 0.0 Mbps
48382 ms [UE 30040] UL Throughput = 0.0 Mbps
48382 ms [UE 42234] UL Throughput = 0.0 Mbps
48478 ms [UE 42234] UL Throughput = 0.0 Mbps
48582 ms [UE 30040] UL Throughput = 0.0 Mbps
48683 ms [UE 30040] UL Throughput = 0.0 Mbps
48683 ms [UE 42234] UL Throughput = 0.0 Mbps
48772 ms [UE 30040] UL Throughput = 0.0 Mbps
48772 ms [UE 42234] UL Throughput = 0.0 Mbps
48778 ms [UE 30040] UL Throughput = 0.08768 Mbps
48886 ms [UE 30040] UL Throughput = 0.07656 Mbps
48886 ms [UE 42234] UL Throughput = 0.02462 Mbps
48892 ms [UE 30040] UL Throughput = 0.0 Mbps
48892 ms [UE 42234] UL Throughput = 0.0 Mbps
48967 ms [UE 30040] UL Throughput = 0.05338 Mbps
48967 ms [UE 42234] UL Throughput = 0.0 Mbps
49049 ms [UE 30040] UL Throughput = 0.0 Mbps
49049 ms [UE 42234] UL Throughput = 0.02888 Mbps
49167 ms [UE 30040] UL Throughput = 0.07655 Mbps
49168 ms [UE 30040] UL Throughput = 0.0 Mbps
49168 ms [UE 42234] UL Throughput = 0.07821 Mbps
49171 ms [UE 30040] UL Throughput = 0.0302 Mbps
49171 ms [UE 42234] UL Throughput = 0.09803 Mbps
49255 ms [UE 30040] UL Throughput = 0.02871 Mbps
49255 ms [UE 42234] UL Throughput = 0.0 Mbps
49354 ms [UE 30040] UL Throughput = 0.01236 Mbps
49354 ms [UE 42234] UL Throughput = 0.05837 Mbps
49466 ms [UE 42234] UL Throughput = 0.0 Mbps
49569 ms [UE 30040] UL Throughput = 0.08103 Mbps
49569 ms [UE 42234] UL Throughput = 0.0 Mbps
49666 ms [UE 30040] UL Throughput = 0.0 Mbps
49666 ms [UE 42234] UL Throughput = 0.09215 Mbps
49669 ms [UE 30040] UL Throughput = 0.0 Mbps
49669 ms [UE 42234] UL Throughput = 0.0 Mbps
49766 ms [UE 30040] UL Throughput = 0.12016 Mbps
49766 ms [UE 42234] UL Throughput = 0.08129 Mbps
49771 ms [UE 30040] UL Throughput = 0.0 Mbps
49771 ms [UE 42234] UL Throughput = 0.06232 Mbps
49871 ms [UE 30040] UL Throughput = 0.06257 Mbps
49953 ms [UE 30040] UL Throughput = 0.05147 Mbps
49953 ms [UE 42234] UL Throughput = 0.08509 Mbps
50057 ms [UE 30040] UL Throughput = 0.0 Mbps
50057 ms [UE 42234] UL Throughput = 0.06935 Mbps
50167 ms [UE 30040] UL Throughput = 0.03689 Mbps
50167 ms [UE 42234] UL Throughput = 0.0 Mbps
50261 ms [UE 30040] UL Throughput = 0.07743 Mbps
50261 ms [UE 42234] UL Throughput = 0.09999 Mbps
50347 ms [UE 30040] UL Throughput = 0.07314 Mbps
50347 ms [UE 42234] UL Throughput = 0.06107 Mbps
50436 ms [UE 30040] UL Throughput = 0.0 Mbps
50436 ms [UE 42234] UL Throughput = 0.04628 Mbps
50567 ms [UE 30040] UL Throughput = 0.0 Mbps
50567 ms [UE 42234] UL Throughput = 0.0 Mbps
50685 ms [UE 30040] UL Throughput = 0.0 Mbps
50685 ms [UE 42234] UL Throughput = 0.0 Mbps
50775 ms [UE 30040] UL Throughput = 0.0 Mbps
50775 ms [UE 42234] UL Throughput = 0.09466 Mbps
50780 ms [UE 30040] UL Throughput = 0.02986 Mbps
50780 ms [UE 42234] UL Throughput = 0.0 Mbps
50879 ms [UE 30040] UL Throughput = 0.0 Mbps
50879 ms [UE 42234] UL Throughput = 0.09592 Mbps
50880 ms [UE 30040] UL Throughput = 0.08658 Mbps
50880 ms [UE 42234] UL Throughput = 0.0 Mbps
50989 ms [UE 30040] UL Throughput = 0.05468 Mbps
50989 ms [UE 42234] UL Throughput = 0.07518 Mbps
51094 ms [UE 30040] UL Throughput = 0.0 Mbps
51094 ms [UE 42234] UL Throughput = 0.0 Mbps
51164 ms [UE 30040] UL Throughput = 0.05703 Mbps
51164 ms [UE 42234] UL Throughput = 0.09997 Mbps
51250 ms [UE 30040] UL Throughput = 0.02627 Mbps
51250 ms [UE 42234] UL Throughput = 0.02618 Mbps
51253 ms [UE 30040] UL Throughput = 0.09196 Mbps
51253 ms [UE 42234] UL Throughput = 0.0 Mbps
51347 ms [UE 30040] UL Throughput = 0.0 Mbps
51347 ms [UE 42234] UL Throughput = 0.01193 Mbps
51439 ms [UE 30040] UL Throughput = 0.0 Mbps
51439 ms [UE 42234] UL Throughput = 0.04359 Mbps
51544 ms [UE 30040] UL Throughput = 0.07308 Mbps
51544 ms [UE 42234] UL Throughput = 0.0 Mbps
51660 ms [UE 30040] UL Throughput = 0.05957 Mbps
51660 ms [UE 42234] UL Throughput = 0.01105 Mbps
51749 ms [UE 30040] UL Throughput = 0.0 Mbps
51749 ms [UE 42234] UL Throughput = 0.02646 Mbps
51844 ms [UE 30040] UL Throughput = 0.0 Mbps
51844 ms [UE 42234] UL Throughput = 0.01024 Mbps
51934 ms [UE 30040] UL Throughput = 0.06897 Mbps
51934 ms [UE 42234] UL Throughput = 0.09723 Mbps
52043 ms [UE 30040] UL Throughput = 0.0149 Mbps
52043 ms [UE 42234] UL Throughput = 0.06035 Mbps
52149 ms [UE 42234] UL Throughput = 0.0 Mbps
52257 ms [UE 30040] UL Throughput = 0.01701 Mbps
52257 ms [UE 42234] UL Throughput = 0.07916 Mbps
52348 ms [UE 30040] UL Throughput = 0.0 Mbps
52349 ms [UE 42234] UL Throughput = 0.0 Mbps
52414 ms [UE 30040] UL Throughput = 0.03889 Mbps
52414 ms [UE 42234] UL Throughput = 0.0 Mbps
52508 ms [UE 30040] UL Throughput = 0.04354 Mbps
52508 ms [UE 42234] UL Throughput = 0.0 Mbps
52609 ms [UE 30040] UL Throughput = 0.09895 Mbps
52609 ms [UE 42234] UL Throughput = 0.04091 Mbps
52614 ms [UE 30040] UL Throughput = 0.0 Mbps
52614 ms [UE 42234] UL Throughput = 0.0 Mbps
52702 ms [UE 30040] UL Throughput = 0.0393 Mbps
52702 ms [UE 42234] UL Throughput = 0.08444 Mbps
52802 ms [UE 30040] UL Throughput = 0.07297 Mbps
52802 ms [UE 42234] UL Throughput = 0.0207 Mbps
52921 ms [UE 30040] UL Throughput = 0.06422 Mbps
52921 ms [UE 42234] UL Throughput = 0.0 Mbps
53024 ms [UE 30040] UL Throughput = 0.06847 Mbps
53024 ms [UE 42234] UL Throughput = 0.0 Mbps
53117 ms [UE 30040] UL Throughput = 0.02924 Mbps
53117 ms [UE 42234] UL Throughput = 0.0 Mbps
53119 ms [UE 30040] UL Throughput = 0.07573 Mbps
53119 ms [UE 42234] UL Throughput = 0.07046 Mbps
53215 ms [UE 30040] UL Throughput = 0.0 Mbps
53215 ms [UE 42234] UL Throughput = 0.0 Mbps
53305 ms [UE 30040] UL Throughput = 0.0 Mbps
53305 ms [UE 42234] UL Throughput = 0.0 Mbps
53393 ms [UE 30040] UL Throughput = 0.0 Mbps
53393 ms [UE 42234] UL Throughput = 0.03721 Mbps
53469 ms [UE 30040] UL Throughput = 0.0 Mbps
53469 ms [UE 42234] UL Throughput = 0.0 Mbps
53475 ms [UE 30040] UL Throughput = 0.03347 Mbps
53475 ms [UE 42234] UL Throughput = 0.0 Mbps
53576 ms [UE 30040] UL Throughput = 0.0 Mbps
53576 ms [UE 42234] UL Throughput = 0.0 Mbps
53681 ms [UE 30040] UL Throughput = 0.01213 Mbps
53681 ms [UE 42234] UL Throughput = 0.0719 Mbps
53790 ms [UE 30040] UL Throughput = 0.03831 Mbps
53905 ms [UE 30040] UL Throughput = 0.09456 Mbps
53905 ms [UE 42234] UL Throughput = 0.0 Mbps
54003 ms [UE 30040] UL Throughput = 0.0 Mbps
54003 ms [UE 42234] UL Throughput = 0.0 Mbps
54079 ms [UE 30040] UL Throughput = 0.07051 Mbps
54079 ms [UE 42234] UL Throughput = 0.0 Mbps
54166 ms [UE 30040] UL Throughput = 0.0 Mbps
54166 ms [UE 42234] UL Throughput = 0.01411 Mbps
54274 ms [UE 42234] UL Throughput = 0.0 Mbps
54392 ms [UE 30040] UL Throughput = 0.05497 Mbps
54392 ms [UE 42234] UL Throughput = 0.02417 Mbps
54398 ms [UE 30040] UL Throughput = 0.06118 Mbps
54398 ms [UE 42234] UL Throughput = 0.01923 Mbps
54493 ms [UE 42234] UL Throughput = 0.0 Mbps
54569 ms [UE 30040] UL Throughput = 0.0 Mbps
54657 ms [UE 30040] UL Throughput = 0.08828 Mbps
54657 ms [UE 42234] UL Throughput = 0.09546 Mbps
54754 ms [UE 42234] UL Throughput = 0.01576 Mbps
54850 ms [UE 30040] UL Throughput = 0.0 Mbps
54850 ms [UE 42234] UL Throughput = 0.0639 Mbps
54963 ms [UE 30040] UL Throughput = 0.0 Mbps
54963 ms [UE 42234] UL Throughput = 0.04725 Mbps
55063 ms [UE 30040] UL Throughput = 0.0 Mbps
55063 ms [UE 42234] UL Throughput = 0.04445 Mbps
55069 ms [UE 30040] UL Throughput = 0.0 Mbps
55069 ms [UE 42234] UL Throughput = 0.01819 Mbps
55074 ms [UE 30040] UL Throughput = 0.02128 Mbps
55145 ms [UE 30040] UL Throughput = 0.0715 Mbps
55145 ms [UE 42234] UL Throughput = 0.0 Mbps
55237 ms [UE 30040] UL Throughput = 0.05782 Mbps
55237 ms [UE 42234] UL Throughput = 0.08828 Mbps
55356 ms [UE 30040] UL Throughput = 0.0 Mbps
55356 ms [UE 42234] UL Throughput = 0.09159 Mbps
55358 ms [UE 42234] UL Throughput = 0.0 Mbps
55465 ms [UE 30040] UL Throughput = 0.09503 Mbps
55468 ms [UE 30040] UL Throughput = 0.0 Mbps
55468 ms [UE 42234] UL Throughput = 0.1416 Mbps
55471 ms [UE 30040] UL Throughput = 0.03669 Mbps
55471 ms [UE 42234] UL Throughput = 0.07322 Mbps
55566 ms [UE 42234] UL Throughput = 0.0 Mbps
55649 ms [UE 30040] UL Throughput = 0.02491 Mbps
55649 ms [UE 42234] UL Throughput = 0.0 Mbps
55761 ms [UE 30040] UL Throughput = 0.06787 Mbps
55761 ms [UE 42234] UL Throughput = 0.04497 Mbps
55866 ms [UE 30040] UL Throughput = 0.0 Mbps
55866 ms [UE 42234] UL Throughput = 0.0 Mbps
55937 ms [UE 30040] UL Throughput = 0.0 Mbps
55937 ms [UE 42234] UL Throughput = 0.0 Mbps
56003 ms [UE 42234] UL Throughput = 0.0 Mbps
56080 ms [UE 42234] UL Throughput = 0.08569 Mbps
56178 ms [UE 30040] UL Throughput = 0.01234 Mbps
56178 ms [UE 42234] UL Throughput = 0.0 Mbps
56272 ms [UE 30040] UL Throughput = 0.03956 Mbps
56273 ms [UE 30040] UL Throughput = 0.04808 Mbps
56273 ms [UE 42234] UL Throughput = 0.09646 Mbps
56380 ms [UE 30040] UL Throughput = 0.0 Mbps
56380 ms [UE 42234] UL Throughput = 0.0 Mbps
56469 ms [UE 30040] UL Throughput = 0.03026 Mbps
56469 ms [UE 42234] UL Throughput = 0.07997 Mbps
56602 ms [UE 42234] UL Throughput = 0.03311 Mbps
56603 ms [UE 30040] UL Throughput = 0.0 Mbps
56603 ms [UE 42234] UL Throughput = 0.0 Mbps
56730 ms [UE 30040] UL Throughput = 0.05813 Mbps
56730 ms [UE 42234] UL Throughput = 0.03396 Mbps
56838 ms [UE 30040] UL Throughput = 0.0 Mbps
56838 ms [UE 42234] UL Throughput = 0.0 Mbps
56959 ms [UE 30040] UL Throughput = 0.0 Mbps
56959 ms [UE 42234] UL Throughput = 0.03488 Mbps
56965 ms [UE 30040] UL Throughput = 0.0 Mbps
56965 ms [UE 42234] UL Throughput = 0.04038 Mbps
56968 ms [UE 30040] UL Throughput = 0.056 Mbps
56974 ms [UE 30040] UL Throughput = 0.04358 Mbps
56974 ms [UE 42234] UL Throughput = 0.02687 Mbps
56978 ms [UE 30040] UL Throughput = 0.0 Mbps
56978 ms [UE 42234] UL Throughput = 0.0 Mbps
57076 ms [UE 30040] UL Throughput = 0.03761 Mbps
57076 ms [UE 42234] UL Throughput = 0.0 Mbps
57082 ms [UE 30040] UL Throughput = 0.03095 Mbps
57082 ms [UE 42234] UL Throughput = 0.0 Mbps
57200 ms [UE 42234] UL Throughput = 0.02241 Mbps
57288 ms [UE 30040] UL Throughput = 0.0 Mbps
57288 ms [UE 42234] UL Throughput = 0.06735 Mbps
57381 ms [UE 30040] UL Throughput = 0.0 Mbps
57381 ms [UE 42234] UL Throughput = 0.017 Mbps
57387 ms [UE 30040] UL Throughput = 0.0 Mbps
57387 ms [UE 42234] UL Throughput = 0.08012 Mbps
57489 ms [UE 30040] UL Throughput = 0.0 Mbps
57556 ms [UE 30040] UL Throughput = 0.01226 Mbps
57556 ms [UE 42234] UL Throughput = 0.0127 Mbps
57673 ms [UE 30040] UL Throughput = 0.01532 Mbps
57673 ms [UE 42234] UL Throughput = 0.0 Mbps
57677 ms [UE 30040] UL Throughput = 0.02946 Mbps
57677 ms [UE 42234] UL Throughput = 0.0 Mbps
57682 ms [UE 30040] UL Throughput = 0.0 Mbps
57682 ms [UE 42234] UL Throughput = 0.03215 Mbps
57803 ms [UE 42234] UL Throughput = 0.0 Mbps
57921 ms [UE 30040] UL Throughput = 0.0 Mbps
57921 ms [UE 42234] UL Throughput = 0.05207 Mbps
58001 ms [UE 30040] UL Throughput = 0.0 Mbps
58001 ms [UE 42234] UL Throughput = 0.0 Mbps
58072 ms [UE 42234] UL Throughput = 0.07834 Mbps
58196 ms [UE 30040] UL Throughput = 0.01334 Mbps
58196 ms [UE 42234] UL Throughput = 0.01654 Mbps
58309 ms [UE 30040] UL Throughput = 0.08427 Mbps
58309 ms [UE 42234] UL Throughput = 0.03454 Mbps
58404 ms [UE 30040] UL Throughput = 0.01968 Mbps
58404 ms [UE 42234] UL Throughput = 0.04315 Mbps
58502 ms [UE 30040] UL Throughput = 0.0 Mbps
58502 ms [UE 42234] UL Throughput = 0.0 Mbps
58586 ms [UE 30040] UL Throughput = 0.08102 Mbps
58586 ms [UE 42234] UL Throughput = 0.0 Mbps
58587 ms [UE 30040] UL Throughput = 0.0 Mbps
58587 ms [UE 42234] UL Throughput = 0.04098 Mbps
58672 ms [UE 42234] UL Throughput = 0.0 Mbps
58765 ms [UE 30040] UL Throughput = 0.07199 Mbps
58765 ms [UE 42234] UL Throughput = 0.0 Mbps
58876 ms [UE 30040] UL Throughput = 0.0 Mbps
58876 ms [UE 42234] UL Throughput = 0.0 Mbps
58982 ms [UE 30040] UL Throughput = 0.03905 Mbps
58982 ms [UE 42234] UL Throughput = 0.15648 Mbps
59081 ms [UE 30040] UL Throughput = 0.0 Mbps
59081 ms [UE 42234] UL Throughput = 0.0 Mbps
59184 ms [UE 30040] UL Throughput = 0.0 Mbps
59184 ms [UE 42234] UL Throughput = 0.041 Mbps
59186 ms [UE 30040] UL Throughput = 0.0 Mbps
59186 ms [UE 42234] UL Throughput = 0.07456 Mbps
59192 ms [UE 30040] UL Throughput = 0.01212 Mbps
59192 ms [UE 42234] UL Throughput = 0.0 Mbps
59305 ms [UE 30040] UL Throughput = 0.09402 Mbps
59398 ms [UE 30040] UL Throughput = 0.0 Mbps
59402 ms [UE 30040] UL Throughput = 0.09998 Mbps
59402 ms [UE 42234] UL Throughput = 0.09477 Mbps
59403 ms [UE 30040] UL Throughput = 0.0 Mbps
59508 ms [UE 30040] UL Throughput = 0.0 Mbps
59508 ms [UE 42234] UL Throughput = 0.03068 Mbps
59514 ms [UE 30040] UL Throughput = 0.05089 Mbps
59514 ms [UE 42234] UL Throughput = 0.03886 Mbps
59621 ms [UE 30040] UL Throughput = 0.09078 Mbps
59621 ms [UE 42234] UL Throughput = 0.06048 Mbps
59711 ms [UE 30040] UL Throughput = 0.01057 Mbps
59711 ms [UE 42234] UL Throughput = 0.0 Mbps
59811 ms [UE 42234] UL Throughput = 0.08557 Mbps
59909 ms [UE 42234] UL Throughput = 0.06346 Mbps
60040 ms [UE 30040] UL Throughput = 0.0 Mbps
60040 ms [UE 42234] UL Throughput = 0.0 Mbps
60152 ms [UE 30040] UL Throughput = 0.0 Mbps
60152 ms [UE 42234] UL Throughput = 0.0 Mbps
60158 ms [UE 42234] UL Throughput = 0.0 Mbps
60268 ms [UE 30040] UL Throughput = 0.0 Mbps
60268 ms [UE 42234] UL Throughput = 0.09449 Mbps
60341 ms [UE 30040] UL Throughput = 0.04933 Mbps
60341 ms [UE 42234] UL Throughput = 0.0 Mbps
60439 ms [UE 30040] UL Throughput = 0.09543 Mbps
60439 ms [UE 42234] UL Throughput = 0.0 Mbps
60547 ms [UE 30040] UL Throughput = 0.08286 Mbps
60547 ms [UE 42234] UL Throughput = 0.06116 Mbps
60648 ms [UE 30040] UL Throughput = 0.03203 Mbps
60648 ms [UE 42234] UL Throughput = 0.12389 Mbps
60754 ms [UE 30040] UL Throughput = 0.08701 Mbps
60754 ms [UE 42234] UL Throughput = 0.0 Mbps
60758 ms [UE 30040] UL Throughput = 0.09216 Mbps
60758 ms [UE 42234] UL Throughput = 0.0 Mbps
60841 ms [UE 30040] UL Throughput = 0.01013 Mbps
60841 ms [UE 42234] UL Throughput = 0.02873 Mbps
60935 ms [UE 30040] UL Throughput = 0.02143 Mbps
60935 ms [UE 42234] UL Throughput = 0.04252 Mbps
61012 ms [UE 42234] UL Throughput = 0.08177 Mbps
61121 ms [UE 30040] UL Throughput = 0.0 Mbps
61250 ms [UE 30040] UL Throughput = 0.03273 Mbps
61250 ms [UE 42234] UL Throughput = 0.0 Mbps
61343 ms [UE 30040] UL Throughput = 0.0 Mbps
61343 ms [UE 42234] UL Throughput = 0.0 Mbps
61443 ms [UE 30040] UL Throughput = 0.0 Mbps
61443 ms [UE 42234] UL Throughput = 0.05402 Mbps
61525 ms [UE 30040] UL Throughput = 0.12831 Mbps
61525 ms [UE 42234] UL Throughput = 0.0 Mbps
61668 ms [UE 30040] UL Throughput = 0.0 Mbps
61668 ms [UE 42234] UL Throughput = 0.0359 Mbps
61762 ms [UE 42234] UL Throughput = 0.0 Mbps
61862 ms [UE 30040] UL Throughput = 0.0 Mbps
61862 ms [UE 42234] UL Throughput = 0.0 Mbps
61978 ms [UE 30040] UL Throughput = 0.0 Mbps
61978 ms [UE 42234] UL Throughput = 0.08789 Mbps
61983 ms [UE 30040] UL Throughput = 0.0 Mbps
61983 ms [UE 42234] UL Throughput = 0.0 Mbps
62070 ms [UE 30040] UL Throughput = 0.09677 Mbps
62070 ms [UE 42234] UL Throughput = 0.07248 Mbps
62182 ms [UE 30040] UL Throughput = 0.0 Mbps
62182 ms [UE 42234] UL Throughput = 0.0 Mbps
62303 ms [UE 30040] UL Throughput = 0.0 Mbps
62303 ms [UE 42234] UL Throughput = 0.04194 Mbps
62426 ms [UE 30040] UL Throughput = 0.07964 Mbps
62427 ms [UE 30040] UL Throughput = 0.0 Mbps
62427 ms [UE 42234] UL Throughput = 0.09287 Mbps
62532 ms [UE 30040] UL Throughput = 0.03512 Mbps
62532 ms [UE 42234] UL Throughput = 0.06435 Mbps
62620 ms [UE 30040] UL Throughput = 0.0 Mbps
62620 ms [UE 42234] UL Throughput = 0.0 Mbps
62740 ms [UE 30040] UL Throughput = 0.02652 Mbps
62741 ms [UE 30040] UL Throughput = 0.0 Mbps
62741 ms [UE 42234] UL Throughput = 0.0 Mbps
62862 ms [UE 30040] UL Throughput = 0.0 Mbps
62951 ms [UE 30040] UL Throughput = 0.0 Mbps
62956 ms [UE 30040] UL Throughput = 0.13895 Mbps
62956 ms [UE 42234] UL Throughput = 0.09535 Mbps
62957 ms [UE 42234] UL Throughput = 0.0 Mbps
63053 ms [UE 30040] UL Throughput = 0.06103 Mbps
63053 ms [UE 42234] UL Throughput = 0.09117 Mbps
63157 ms [UE 30040] UL Throughput = 0.06836 Mbps
63161 ms [UE 42234] UL Throughput = 0.0 Mbps
63165 ms [UE 30040] UL Throughput = 0.0 Mbps
63165 ms [UE 42234] UL Throughput = 0.14254 Mbps
63278 ms [UE 30040] UL Throughput = 0.0 Mbps
63278 ms [UE 42234] UL Throughput = 0.06498 Mbps
63355 ms [UE 30040] UL Throughput = 0.0 Mbps
63463 ms [UE 30040] UL Throughput = 0.0388 Mbps
63463 ms [UE 42234] UL Throughput = 0.04738 Mbps
63568 ms [UE 30040] UL Throughput = 0.01166 Mbps
63568 ms [UE 42234] UL Throughput = 0.0 Mbps
63572 ms [UE 30040] UL Throughput = 0.0 Mbps
63572 ms [UE 42234] UL Throughput = 0.0 Mbps
63686 ms [UE 30040] UL Throughput = 0.03139 Mbps
63686 ms [UE 42234] UL Throughput = 0.04073 Mbps
63779 ms [UE 30040] UL Throughput = 0.0 Mbps
63781 ms [UE 30040] UL Throughput = 0.06239 Mbps
63871 ms [UE 30040] UL Throughput = 0.03027 Mbps
63871 ms [UE 42234] UL Throughput = 0.0 Mbps
63982 ms [UE 30040] UL Throughput = 0.0 Mbps
63982 ms [UE 42234] UL Throughput = 0.1115 Mbps
63988 ms [UE 30040] UL Throughput = 0.0 Mbps
63988 ms [UE 42234] UL Throughput = 0.02912 Mbps
64067 ms [UE 30040] UL Throughput = 0.02379 Mbps
64067 ms [UE 42234] UL Throughput = 0.01695 Mbps
64179 ms [UE 30040] UL Throughput = 0.0 Mbps
64179 ms [UE 42234] UL Throughput = 0.0 Mbps
64300 ms [UE 30040] UL Throughput = 0.07875 Mbps
64300 ms [UE 42234] UL Throughput = 0.04288 Mbps
64392 ms [UE 42234] UL Throughput = 0.0882 Mbps
64396 ms [UE 30040] UL Throughput = 0.09338 Mbps
64396 ms [UE 42234] UL Throughput = 0.0 Mbps
64504 ms [UE 30040] UL Throughput = 0.0 Mbps
64504 ms [UE 42234] UL Throughput = 0.11293 Mbps
64597 ms [UE 30040] UL Throughput = 0.08131 Mbps
64601 ms [UE 30040] UL Throughput = 0.04339 Mbps
64601 ms [UE 42234] UL Throughput = 0.08622 Mbps
64685 ms [UE 30040] UL Throughput = 0.0 Mbps
64685 ms [UE 42234] UL Throughput = 0.07351 Mbps
64790 ms [UE 42234] UL Throughput = 0.0 Mbps
64891 ms [UE 30040] UL Throughput = 0.0 Mbps
64891 ms [UE 42234] UL Throughput = 0.0 Mbps
65018 ms [UE 30040] UL Throughput = 0.03662 Mbps
65018 ms [UE 42234] UL Throughput = 0.07542 Mbps
65119 ms [UE 30040] UL Throughput = 0.09352 Mbps
65119 ms [UE 42234] UL Throughput = 0.0 Mbps
65217 ms [UE 42234] UL Throughput = 0.06165 Mbps
65222 ms [UE 30040] UL Throughput = 0.05581 Mbps
65222 ms [UE 42234] UL Throughput = 0.0 Mbps
65228 ms [UE 30040] UL Throughput = 0.0 Mbps
65228 ms [UE 42234] UL Throughput = 0.0 Mbps
65323 ms [UE 30040] UL Throughput = 0.09682 Mbps
65323 ms [UE 42234] UL Throughput = 0.0 Mbps
65434 ms [UE 30040] UL Throughput = 0.15091 Mbps
65536 ms [UE 30040] UL Throughput = 0.07038 Mbps
65536 ms [UE 42234] UL Throughput = 0.06154 Mbps
65649 ms [UE 30040] UL Throughput = 0.07895 Mbps
65649 ms [UE 42234] UL Throughput = 0.09533 Mbps
65726 ms [UE 30040] UL Throughput = 0.01836 Mbps
65726 ms [UE 42234] UL Throughput = 0.027 Mbps
65732 ms [UE 30040] UL Throughput = 0.03358 Mbps
65732 ms [UE 42234] UL Throughput = 0.0 Mbps
65809 ms [UE 30040] UL Throughput = 0.20472 Mbps
65809 ms [UE 42234] UL Throughput = 0.08503 Mbps
65889 ms [UE 30040] UL Throughput = 0.07033 Mbps
65889 ms [UE 42234] UL Throughput = 0.0 Mbps
65980 ms [UE 30040] UL Throughput = 0.04976 Mbps
65980 ms [UE 42234] UL Throughput = 0.0 Mbps
66080 ms [UE 30040] UL Throughput = 0.0 Mbps
66188 ms [UE 30040] UL Throughput = 0.03934 Mbps
66188 ms [UE 42234] UL Throughput = 0.0 Mbps
66266 ms [UE 30040] UL Throughput = 0.0 Mbps
66374 ms [UE 30040] UL Throughput = 0.0 Mbps
66374 ms [UE 42234] UL Throughput = 0.0 Mbps
66377 ms [UE 42234] UL Throughput = 0.0 Mbps
66464 ms [UE 30040] UL Throughput = 0.08079 Mbps
66572 ms [UE 30040] UL Throughput = 0.09633 Mbps
66572 ms [UE 42234] UL Throughput = 0.03951 Mbps
66665 ms [UE 30040] UL Throughput = 0.03954 Mbps
66665 ms [UE 42234] UL Throughput = 0.0 Mbps
66776 ms [UE 30040] UL Throughput = 0.03966 Mbps
66776 ms [UE 42234] UL Throughput = 0.0 Mbps
66874 ms [UE 30040] UL Throughput = 0.0 Mbps
66874 ms [UE 42234] UL Throughput = 0.0 Mbps
66968 ms [UE 30040] UL Throughput = 0.0 Mbps
66968 ms [UE 42234] UL Throughput = 0.0 Mbps
67079 ms [UE 42234] UL Throughput = 0.0 Mbps
67186 ms [UE 30040] UL Throughput = 0.0 Mbps
67186 ms [UE 42234] UL Throughput = 0.0 Mbps
67192 ms [UE 30040] UL Throughput = 0.05494 Mbps
67325 ms [UE 30040] UL Throughput = 0.07965 Mbps
67325 ms [UE 42234] UL Throughput = 0.07218 Mbps
67416 ms [UE 30040] UL Throughput = 0.09478 Mbps
67416 ms [UE 42234] UL Throughput = 0.11869 Mbps
67510 ms [UE 42234] UL Throughput = 0.0 Mbps
67613 ms [UE 30040] UL Throughput = 0.02051 Mbps
67613 ms [UE 42234] UL Throughput = 0.06053 Mbps
67614 ms [UE 30040] UL Throughput = 0.09081 Mbps
67614 ms [UE 42234] UL Throughput = 0.06291 Mbps
67703 ms [UE 30040] UL Throughput = 0.0 Mbps
67703 ms [UE 42234] UL Throughput = 0.09117 Mbps
67798 ms [UE 30040] UL Throughput = 0.05964 Mbps
67798 ms [UE 42234] UL Throughput = 0.08007 Mbps
67933 ms [UE 30040] UL Throughput = 0.0 Mbps
67933 ms [UE 42234] UL Throughput = 0.0 Mbps
67935 ms [UE 30040] UL Throughput = 0.0 Mbps
68041 ms [UE 30040] UL Throughput = 0.0 Mbps
68041 ms [UE 42234] UL Throughput = 0.0614 Mbps
68140 ms [UE 30040] UL Throughput = 0.0996 Mbps
68140 ms [UE 42234] UL Throughput = 0.04395 Mbps
68219 ms [UE 30040] UL Throughput = 0.05992 Mbps
68219 ms [UE 42234] UL Throughput = 0.07716 Mbps
68297 ms [UE 30040] UL Throughput = 0.0 Mbps
68297 ms [UE 42234] UL Throughput = 0.0 Mbps
68398 ms [UE 30040] UL Throughput = 0.0 Mbps
68398 ms [UE 42234] UL Throughput = 0.08519 Mbps
68522 ms [UE 30040] UL Throughput = 0.06004 Mbps
68522 ms [UE 42234] UL Throughput = 0.0 Mbps
68598 ms [UE 30040] UL Throughput = 0.11291 Mbps
68663 ms [UE 30040] UL Throughput = 0.0 Mbps
68663 ms [UE 42234] UL Throughput = 0.13628 Mbps
68742 ms [UE 30040] UL Throughput = 0.0 Mbps
68742 ms [UE 42234] UL Throughput = 0.0 Mbps
68839 ms [UE 30040] UL Throughput = 0.0 Mbps
68839 ms [UE 42234] UL Throughput = 0.0 Mbps
68843 ms [UE 30040] UL Throughput = 0.0 Mbps
68845 ms [UE 30040] UL Throughput = 0.0 Mbps
68845 ms [UE 42234] UL Throughput = 0.0 Mbps
68954 ms [UE 30040] UL Throughput = 0.02146 Mbps
68954 ms [UE 42234] UL Throughput = 0.0 Mbps
69051 ms [UE 30040] UL Throughput = 0.01423 Mbps
69051 ms [UE 42234] UL Throughput = 0.08802 Mbps
69153 ms [UE 30040] UL Throughput = 0.0 Mbps
69153 ms [UE 42234] UL Throughput = 0.02572 Mbps
69154 ms [UE 30040] UL Throughput = 0.11274 Mbps
69154 ms [UE 42234] UL Throughput = 0.0 Mbps
69258 ms [UE 30040] UL Throughput = 0.0 Mbps
69258 ms [UE 42234] UL Throughput = 0.04651 Mbps
69366 ms [UE 42234] UL Throughput = 0.0 Mbps
69496 ms [UE 30040] UL Throughput = 0.0 Mbps
69496 ms [UE 42234] UL Throughput = 0.0 Mbps
69578 ms [UE 30040] UL Throughput = 0.0 Mbps
69723 ms [UE 30040] UL Throughput = 0.01844 Mbps
69723 ms [UE 42234] UL Throughput = 0.05152 Mbps
69824 ms [UE 30040] UL Throughput = 0.05647 Mbps
69824 ms [UE 42234] UL Throughput = 0.0 Mbps
69934 ms [UE 30040] UL Throughput = 0.0 Mbps
69934 ms [UE 42234] UL Throughput = 0.0 Mbps
70047 ms [UE 30040] UL Throughput = 0.0 Mbps
70047 ms [UE 42234] UL Throughput = 0.0 Mbps
70108 ms [UE 30040] UL Throughput = 0.0 Mbps
70108 ms [UE 42234] UL Throughput = 0.0 Mbps
70223 ms [UE 30040] UL Throughput = 0.03532 Mbps
70223 ms [UE 42234] UL Throughput = 0.01073 Mbps
70320 ms [UE 30040] UL Throughput = 0.0 Mbps
70320 ms [UE 42234] UL Throughput = 0.07616 Mbps
70322 ms [UE 30040] UL Throughput = 0.0 Mbps
70322 ms [UE 42234] UL Throughput = 0.0892 Mbps
70328 ms [UE 30040] UL Throughput = 0.03926 Mbps
70328 ms [UE 42234] UL Throughput = 0.0 Mbps
70399 ms [UE 30040] UL Throughput = 0.0 Mbps
70399 ms [UE 42234] UL Throughput = 0.08146 Mbps
70511 ms [UE 42234] UL Throughput = 0.08339 Mbps
70517 ms [UE 30040] UL Throughput = 0.03069 Mbps
70619 ms [UE 30040] UL Throughput = 0.0 Mbps
70619 ms [UE 42234] UL Throughput = 0.0 Mbps
70717 ms [UE 30040] UL Throughput = 0.11173 Mbps
70717 ms [UE 42234] UL Throughput = 0.0 Mbps
70813 ms [UE 30040] UL Throughput = 0.05146 Mbps
70917 ms [UE 30040] UL Throughput = 0.05374 Mbps
70917 ms [UE 42234] UL Throughput = 0.09899 Mbps
71016 ms [UE 42234] UL Throughput = 0.0 Mbps
71022 ms [UE 30040] UL Throughput = 0.01584 Mbps
71022 ms [UE 42234] UL Throughput = 0.06108 Mbps
71109 ms [UE 30040] UL Throughput = 0.16583 Mbps
71109 ms [UE 42234] UL Throughput = 0.06408 Mbps
71204 ms [UE 30040] UL Throughput = 0.0 Mbps
71204 ms [UE 42234] UL Throughput = 0.01242 Mbps
71306 ms [UE 30040] UL Throughput = 0.0 Mbps
71306 ms [UE 42234] UL Throughput = 0.0 Mbps
71383 ms [UE 30040] UL Throughput = 0.0323 Mbps
71388 ms [UE 30040] UL Throughput = 0.03612 Mbps
71388 ms [UE 42234] UL Throughput = 0.0 Mbps
71466 ms [UE 30040] UL Throughput = 0.03577 Mbps
71548 ms [UE 30040] UL Throughput = 0.02734 Mbps
71548 ms [UE 42234] UL Throughput = 0.06047 Mbps
71652 ms [UE 30040] UL Throughput = 0.0 Mbps
71652 ms [UE 42234] UL Throughput = 0.09616 Mbps
71751 ms [UE 42234] UL Throughput = 0.0 Mbps
71755 ms [UE 30040] UL Throughput = 0.0 Mbps
71882 ms [UE 30040] UL Throughput = 0.07244 Mbps
71882 ms [UE 42234] UL Throughput = 0.0 Mbps
71961 ms [UE 30040] UL Throughput = 0.0293 Mbps
71961 ms [UE 42234] UL Throughput = 0.0 Mbps
72065 ms [UE 30040] UL Throughput = 0.0 Mbps
72065 ms [UE 42234] UL Throughput = 0.06877 Mbps
72163 ms [UE 30040] UL Throughput = 0.06589 Mbps
72163 ms [UE 42234] UL Throughput = 0.0 Mbps
72240 ms [UE 30040] UL Throughput = 0.0 Mbps
72240 ms [UE 42234] UL Throughput = 0.0 Mbps
72245 ms [UE 42234] UL Throughput = 0.04496 Mbps
72339 ms [UE 30040] UL Throughput = 0.08408 Mbps
72339 ms [UE 42234] UL Throughput = 0.0 Mbps
72435 ms [UE 30040] UL Throughput = 0.0 Mbps
72435 ms [UE 42234] UL Throughput = 0.0 Mbps
72533 ms [UE 30040] UL Throughput = 0.0 Mbps
72534 ms [UE 30040] UL Throughput = 0.0 Mbps
72534 ms [UE 42234] UL Throughput = 0.0 Mbps
72644 ms [UE 42234] UL Throughput = 0.04698 Mbps
72726 ms [UE 30040] UL Throughput = 0.0927 Mbps
72726 ms [UE 42234] UL Throughput = 0.0 Mbps
72727 ms [UE 30040] UL Throughput = 0.0 Mbps
72836 ms [UE 30040] UL Throughput = 0.01469 Mbps
72836 ms [UE 42234] UL Throughput = 0.0 Mbps
72974 ms [UE 30040] UL Throughput = 0.07357 Mbps
72974 ms [UE 42234] UL Throughput = 0.06778 Mbps
73061 ms [UE 30040] UL Throughput = 0.0 Mbps
73061 ms [UE 42234] UL Throughput = 0.02022 Mbps
73165 ms [UE 30040] UL Throughput = 0.06066 Mbps
73165 ms [UE 42234] UL Throughput = 0.05255 Mbps
73274 ms [UE 30040] UL Throughput = 0.0 Mbps
73274 ms [UE 42234] UL Throughput = 0.09042 Mbps
73275 ms [UE 30040] UL Throughput = 0.0 Mbps
73370 ms [UE 30040] UL Throughput = 0.0 Mbps
73370 ms [UE 42234] UL Throughput = 0.0 Mbps
73444 ms [UE 30040] UL Throughput = 0.0 Mbps
73444 ms [UE 42234] UL Throughput = 0.0 Mbps
73449 ms [UE 30040] UL Throughput = 0.04948 Mbps
73449 ms [UE 42234] UL Throughput = 0.0 Mbps
73575 ms [UE 30040] UL Throughput = 0.04915 Mbps
73575 ms [UE 42234] UL Throughput = 0.03511 Mbps
73684 ms [UE 30040] UL Throughput = 0.0 Mbps
73684 ms [UE 42234] UL Throughput = 0.0 Mbps
73685 ms [UE 30040] UL Throughput = 0.03208 Mbps
73685 ms [UE 42234] UL Throughput = 0.22 Mbps
73778 ms [UE 42234] UL Throughput = 0.05749 Mbps
73880 ms [UE 30040] UL Throughput = 0.01748 Mbps
73880 ms [UE 42234] UL Throughput = 0.0 Mbps
73983 ms [UE 30040] UL Throughput = 0.0 Mbps
73983 ms [UE 42234] UL Throughput = 0.0 Mbps
74075 ms [UE 30040] UL Throughput = 0.04891 Mbps
74075 ms [UE 42234] UL Throughput = 0.03469 Mbps
74182 ms [UE 30040] UL Throughput = 0.1647 Mbps
74182 ms [UE 42234] UL Throughput = 0.06384 Mbps
74265 ms [UE 30040] UL Throughput = 0.05279 Mbps
74265 ms [UE 42234] UL Throughput = 0.0 Mbps
74267 ms [UE 30040] UL Throughput = 0.0 Mbps
74267 ms [UE 42234] UL Throughput = 0.0 Mbps
74379 ms [UE 30040] UL Throughput = 0.04353 Mbps
74379 ms [UE 42234] UL Throughput = 0.01725 Mbps
74478 ms [UE 42234] UL Throughput = 0.0 Mbps
74573 ms [UE 30040] UL Throughput = 0.0 Mbps
74573 ms [UE 42234] UL Throughput = 0.09136 Mbps
74663 ms [UE 42234] UL Throughput = 0.01031 Mbps
74748 ms [UE 42234] UL Throughput = 0.03793 Mbps
74867 ms [UE 30040] UL Throughput = 0.0 Mbps
74867 ms [UE 42234] UL Throughput = 0.04199 Mbps
74966 ms [UE 30040] UL Throughput = 0.0 Mbps
74966 ms [UE 42234] UL Throughput = 0.0 Mbps
75070 ms [UE 42234] UL Throughput = 0.0 Mbps
75166 ms [UE 30040] UL Throughput = 0.09887 Mbps
75171 ms [UE 30040] UL Throughput = 0.06403 Mbps
75171 ms [UE 42234] UL Throughput = 0.0 Mbps
75270 ms [UE 30040] UL Throughput = 0.04486 Mbps
75270 ms [UE 42234] UL Throughput = 0.0 Mbps
75387 ms [UE 42234] UL Throughput = 0.08924 Mbps
75491 ms [UE 30040] UL Throughput = 0.15642 Mbps
75577 ms [UE 30040] UL Throughput = 0.0 Mbps
75577 ms [UE 42234] UL Throughput = 0.04082 Mbps
75670 ms [UE 30040] UL Throughput = 0.06965 Mbps
75752 ms [UE 30040] UL Throughput = 0.0 Mbps
75752 ms [UE 42234] UL Throughput = 0.0 Mbps
75853 ms [UE 42234] UL Throughput = 0.0 Mbps
75858 ms [UE 30040] UL Throughput = 0.0 Mbps
75858 ms [UE 42234] UL Throughput = 0.03418 Mbps
75948 ms [UE 30040] UL Throughput = 0.07332 Mbps
75948 ms [UE 42234] UL Throughput = 0.03908 Mbps
76069 ms [UE 42234] UL Throughput = 0.0 Mbps
76071 ms [UE 30040] UL Throughput = 0.0 Mbps
76071 ms [UE 42234] UL Throughput = 0.03687 Mbps
76171 ms [UE 30040] UL Throughput = 0.0 Mbps
76245 ms [UE 30040] UL Throughput = 0.07957 Mbps
76245 ms [UE 42234] UL Throughput = 0.07558 Mbps
76365 ms [UE 30040] UL Throughput = 0.08504 Mbps
76455 ms [UE 30040] UL Throughput = 0.07385 Mbps
76455 ms [UE 42234] UL Throughput = 0.09916 Mbps
76457 ms [UE 30040] UL Throughput = 0.04623 Mbps
76457 ms [UE 42234] UL Throughput = 0.04097 Mbps
76563 ms [UE 30040] UL Throughput = 0.0786 Mbps
76563 ms [UE 42234] UL Throughput = 0.08412 Mbps
76652 ms [UE 30040] UL Throughput = 0.05712 Mbps
76652 ms [UE 42234] UL Throughput = 0.13568 Mbps
76722 ms [UE 30040] UL Throughput = 0.08594 Mbps
76722 ms [UE 42234] UL Throughput = 0.0 Mbps
76725 ms [UE 30040] UL Throughput = 0.03716 Mbps
76725 ms [UE 42234] UL Throughput = 0.0 Mbps
76727 ms [UE 30040] UL Throughput = 0.20868 Mbps
76727 ms [UE 42234] UL Throughput = 0.0 Mbps
76810 ms [UE 42234] UL Throughput = 0.03951 Mbps
76922 ms [UE 30040] UL Throughput = 0.09203 Mbps
76926 ms [UE 42234] UL Throughput = 0.0 Mbps
76975 ms [UE 30040] UL Throughput = 0.02313 Mbps
76975 ms [UE 42234] UL Throughput = 0.02943 Mbps
77081 ms [UE 42234] UL Throughput = 0.0 Mbps
77172 ms [UE 30040] UL Throughput = 0.0384 Mbps
77172 ms [UE 42234] UL Throughput = 0.0 Mbps
77307 ms [UE 30040] UL Throughput = 0.0 Mbps
77307 ms [UE 42234] UL Throughput = 0.03586 Mbps
77440 ms [UE 30040] UL Throughput = 0.0 Mbps
77537 ms [UE 30040] UL Throughput = 0.07803 Mbps
77537 ms [UE 42234] UL Throughput = 0.07374 Mbps
77637 ms [UE 30040] UL Throughput = 0.03925 Mbps
77637 ms [UE 42234] UL Throughput = 0.0 Mbps
77732 ms [UE 42234] UL Throughput = 0.09071 Mbps
77804 ms [UE 42234] UL Throughput = 0.03521 Mbps
77898 ms [UE 30040] UL Throughput = 0.07391 Mbps
77898 ms [UE 42234] UL Throughput = 0.0 Mbps
77997 ms [UE 30040] UL Throughput = 0.0 Mbps
78071 ms [UE 30040] UL Throughput = 0.0 Mbps
78071 ms [UE 42234] UL Throughput = 0.0 Mbps
78167 ms [UE 30040] UL Throughput = 0.0 Mbps
78261 ms [UE 30040] UL Throughput = 0.0 Mbps
78261 ms [UE 42234] UL Throughput = 0.0 Mbps
78362 ms [UE 30040] UL Throughput = 0.0 Mbps
78461 ms [UE 30040] UL Throughput = 0.0 Mbps
78461 ms [UE 42234] UL Throughput = 0.0 Mbps
78560 ms [UE 30040] UL Throughput = 0.0385 Mbps
78560 ms [UE 42234] UL Throughput = 0.0 Mbps
78662 ms [UE 30040] UL Throughput = 0.0 Mbps
78662 ms [UE 42234] UL Throughput = 0.05387 Mbps
78744 ms [UE 30040] UL Throughput = 0.0 Mbps
78744 ms [UE 42234] UL Throughput = 0.03648 Mbps
78872 ms [UE 30040] UL Throughput = 0.0 Mbps
78872 ms [UE 42234] UL Throughput = 0.0 Mbps
78959 ms [UE 42234] UL Throughput = 0.12626 Mbps
79057 ms [UE 30040] UL Throughput = 0.0 Mbps
79057 ms [UE 42234] UL Throughput = 0.0 Mbps
79160 ms [UE 30040] UL Throughput = 0.06955 Mbps
79160 ms [UE 42234] UL Throughput = 0.02752 Mbps
79249 ms [UE 30040] UL Throughput = 0.0 Mbps
79249 ms [UE 42234] UL Throughput = 0.0 Mbps
79348 ms [UE 30040] UL Throughput = 0.0 Mbps
79348 ms [UE 42234] UL Throughput = 0.0 Mbps
79458 ms [UE 30040] UL Throughput = 0.03309 Mbps
79458 ms [UE 42234] UL Throughput = 0.0 Mbps
79546 ms [UE 30040] UL Throughput = 0.03693 Mbps
79546 ms [UE 42234] UL Throughput = 0.09675 Mbps
79653 ms [UE 30040] UL Throughput = 0.01793 Mbps
79653 ms [UE 42234] UL Throughput = 0.0 Mbps
79798 ms [UE 30040] UL Throughput = 0.0 Mbps
79798 ms [UE 42234] UL Throughput = 0.0 Mbps
79917 ms [UE 30040] UL Throughput = 0.0 Mbps
79917 ms [UE 42234] UL Throughput = 0.0 Mbps
79919 ms [UE 30040] UL Throughput = 0.01038 Mbps
79919 ms [UE 42234] UL Throughput = 0.08578 Mbps
80043 ms [UE 30040] UL Throughput = 0.0 Mbps
80043 ms [UE 42234] UL Throughput = 0.0 Mbps
80047 ms [UE 30040] UL Throughput = 0.0 Mbps
80047 ms [UE 42234] UL Throughput = 0.03161 Mbps
80149 ms [UE 30040] UL Throughput = 0.09492 Mbps
80149 ms [UE 42234] UL Throughput = 0.07652 Mbps
80152 ms [UE 30040] UL Throughput = 0.01983 Mbps
80152 ms [UE 42234] UL Throughput = 0.08375 Mbps
80243 ms [UE 30040] UL Throughput = 0.04234 Mbps
80324 ms [UE 42234] UL Throughput = 0.02486 Mbps
80414 ms [UE 30040] UL Throughput = 0.0 Mbps
80414 ms [UE 42234] UL Throughput = 0.07822 Mbps
80525 ms [UE 30040] UL Throughput = 0.0 Mbps
80525 ms [UE 42234] UL Throughput = 0.0 Mbps
80599 ms [UE 30040] UL Throughput = 0.09559 Mbps
80599 ms [UE 42234] UL Throughput = 0.0 Mbps
80686 ms [UE 30040] UL Throughput = 0.0 Mbps
80686 ms [UE 42234] UL Throughput = 0.0 Mbps
80786 ms [UE 30040] UL Throughput = 0.03663 Mbps
80786 ms [UE 42234] UL Throughput = 0.0 Mbps
80873 ms [UE 30040] UL Throughput = 0.06229 Mbps
80873 ms [UE 42234] UL Throughput = 0.0 Mbps
80964 ms [UE 30040] UL Throughput = 0.0 Mbps
81069 ms [UE 30040] UL Throughput = 0.0 Mbps
81069 ms [UE 42234] UL Throughput = 0.0 Mbps
81174 ms [UE 30040] UL Throughput = 0.0 Mbps
81174 ms [UE 42234] UL Throughput = 0.05057 Mbps
81277 ms [UE 42234] UL Throughput = 0.0 Mbps
81386 ms [UE 30040] UL Throughput = 0.01104 Mbps
81386 ms [UE 42234] UL Throughput = 0.08736 Mbps
81467 ms [UE 30040] UL Throughput = 0.0 Mbps
81467 ms [UE 42234] UL Throughput = 0.08481 Mbps
81574 ms [UE 30040] UL Throughput = 0.0 Mbps
81706 ms [UE 30040] UL Throughput = 0.12176 Mbps
81706 ms [UE 42234] UL Throughput = 0.04115 Mbps
81814 ms [UE 30040] UL Throughput = 0.0 Mbps
81814 ms [UE 42234] UL Throughput = 0.0 Mbps
81905 ms [UE 30040] UL Throughput = 0.0 Mbps
81905 ms [UE 42234] UL Throughput = 0.01445 Mbps
81910 ms [UE 30040] UL Throughput = 0.0 Mbps
81910 ms [UE 42234] UL Throughput = 0.06703 Mbps
82005 ms [UE 30040] UL Throughput = 0.06897 Mbps
82005 ms [UE 42234] UL Throughput = 0.05204 Mbps
82106 ms [UE 30040] UL Throughput = 0.08954 Mbps
82106 ms [UE 42234] UL Throughput = 0.09296 Mbps
82205 ms [UE 30040] UL Throughput = 0.08313 Mbps
82369 ms [UE 30040] UL Throughput = 0.0 Mbps
82369 ms [UE 42234] UL Throughput = 0.0274 Mbps
82373 ms [UE 30040] UL Throughput = 0.07449 Mbps
82373 ms [UE 42234] UL Throughput = 0.03281 Mbps
82465 ms [UE 30040] UL Throughput = 0.09423 Mbps
82465 ms [UE 42234] UL Throughput = 0.0 Mbps
82557 ms [UE 30040] UL Throughput = 0.0 Mbps
82557 ms [UE 42234] UL Throughput = 0.11603 Mbps
82558 ms [UE 42234] UL Throughput = 0.05132 Mbps
82560 ms [UE 30040] UL Throughput = 0.1826 Mbps
82560 ms [UE 42234] UL Throughput = 0.0 Mbps
82653 ms [UE 30040] UL Throughput = 0.08427 Mbps
82653 ms [UE 42234] UL Throughput = 0.09509 Mbps
82745 ms [UE 30040] UL Throughput = 0.0 Mbps
82745 ms [UE 42234] UL Throughput = 0.18158 Mbps
82864 ms [UE 30040] UL Throughput = 0.08457 Mbps
82864 ms [UE 42234] UL Throughput = 0.0 Mbps
82996 ms [UE 30040] UL Throughput = 0.0 Mbps
82996 ms [UE 42234] UL Throughput = 0.0 Mbps
83095 ms [UE 42234] UL Throughput = 0.02274 Mbps
83204 ms [UE 30040] UL Throughput = 0.04777 Mbps
83204 ms [UE 42234] UL Throughput = 0.0 Mbps
83301 ms [UE 30040] UL Throughput = 0.02764 Mbps
83301 ms [UE 42234] UL Throughput = 0.0 Mbps
83306 ms [UE 30040] UL Throughput = 0.0394 Mbps
83306 ms [UE 42234] UL Throughput = 0.0 Mbps
83405 ms [UE 30040] UL Throughput = 0.0 Mbps
83405 ms [UE 42234] UL Throughput = 0.10843 Mbps
83493 ms [UE 30040] UL Throughput = 0.0 Mbps
83493 ms [UE 42234] UL Throughput = 0.0 Mbps
83571 ms [UE 30040] UL Throughput = 0.0 Mbps
83571 ms [UE 42234] UL Throughput = 0.0 Mbps
83577 ms [UE 30040] UL Throughput = 0.0726 Mbps
83577 ms [UE 42234] UL Throughput = 0.0 Mbps
83698 ms [UE 30040] UL Throughput = 0.0 Mbps
83698 ms [UE 42234] UL Throughput = 0.0 Mbps
83773 ms [UE 30040] UL Throughput = 0.07553 Mbps
83773 ms [UE 42234] UL Throughput = 0.06219 Mbps
83876 ms [UE 42234] UL Throughput = 0.0 Mbps
83963 ms [UE 30040] UL Throughput = 0.0 Mbps
83963 ms [UE 42234] UL Throughput = 0.0 Mbps
84056 ms [UE 30040] UL Throughput = 0.0 Mbps
84056 ms [UE 42234] UL Throughput = 0.01525 Mbps
84178 ms [UE 30040] UL Throughput = 0.16551 Mbps
84178 ms [UE 42234] UL Throughput = 0.0164 Mbps
84180 ms [UE 30040] UL Throughput = 0.04194 Mbps
84180 ms [UE 42234] UL Throughput = 0.0 Mbps
84277 ms [UE 30040] UL Throughput = 0.04542 Mbps
84277 ms [UE 42234] UL Throughput = 0.0 Mbps
84379 ms [UE 30040] UL Throughput = 0.07116 Mbps
84381 ms [UE 30040] UL Throughput = 0.0 Mbps
84381 ms [UE 42234] UL Throughput = 0.0 Mbps
84477 ms [UE 30040] UL Throughput = 0.0 Mbps
84477 ms [UE 42234] UL Throughput = 0.0 Mbps
84602 ms [UE 30040] UL Throughput = 0.0 Mbps
84602 ms [UE 42234] UL Throughput = 0.0 Mbps
84717 ms [UE 30040] UL Throughput = 0.08286 Mbps
84717 ms [UE 42234] UL Throughput = 0.0 Mbps
84829 ms [UE 30040] UL Throughput = 0.0 Mbps
84829 ms [UE 42234] UL Throughput = 0.0 Mbps
84915 ms [UE 30040] UL Throughput = 0.0984 Mbps
84915 ms [UE 42234] UL Throughput = 0.0 Mbps
85048 ms [UE 30040] UL Throughput = 0.0 Mbps
85144 ms [UE 30040] UL Throughput = 0.0 Mbps
85144 ms [UE 42234] UL Throughput = 0.06959 Mbps
85252 ms [UE 30040] UL Throughput = 0.0 Mbps
85252 ms [UE 42234] UL Throughput = 0.0 Mbps
85351 ms [UE 42234] UL Throughput = 0.0 Mbps
85446 ms [UE 30040] UL Throughput = 0.0 Mbps
85446 ms [UE 42234] UL Throughput = 0.12693 Mbps
85451 ms [UE 42234] UL Throughput = 0.0 Mbps
85535 ms [UE 30040] UL Throughput = 0.0 Mbps
85535 ms [UE 42234] UL Throughput = 0.06869 Mbps
85639 ms [UE 42234] UL Throughput = 0.0 Mbps
85719 ms [UE 30040] UL Throughput = 0.05026 Mbps
85719 ms [UE 42234] UL Throughput = 0.0954 Mbps
85810 ms [UE 30040] UL Throughput = 0.09153 Mbps
85810 ms [UE 42234] UL Throughput = 0.09808 Mbps
85918 ms [UE 30040] UL Throughput = 0.0 Mbps
85918 ms [UE 42234] UL Throughput = 0.08666 Mbps
85922 ms [UE 30040] UL Throughput = 0.0 Mbps
85922 ms [UE 42234] UL Throughput = 0.05052 Mbps
85999 ms [UE 30040] UL Throughput = 0.06103 Mbps
85999 ms [UE 42234] UL Throughput = 0.0 Mbps
86101 ms [UE 30040] UL Throughput = 0.09019 Mbps
86101 ms [UE 42234] UL Throughput = 0.0 Mbps
86221 ms [UE 30040] UL Throughput = 0.0 Mbps
86221 ms [UE 42234] UL Throughput = 0.0 Mbps
86225 ms [UE 42234] UL Throughput = 0.0892 Mbps
86229 ms [UE 42234] UL Throughput = 0.0 Mbps
86324 ms [UE 42234] UL Throughput = 0.0 Mbps
86327 ms [UE 30040] UL Throughput = 0.0 Mbps
86327 ms [UE 42234] UL Throughput = 0.0 Mbps
86419 ms [UE 42234] UL Throughput = 0.0447 Mbps
86511 ms [UE 30040] UL Throughput = 0.0 Mbps
86511 ms [UE 42234] UL Throughput = 0.03169 Mbps
86583 ms [UE 30040] UL Throughput = 0.0 Mbps
86583 ms [UE 42234] UL Throughput = 0.03415 Mbps
86694 ms [UE 42234] UL Throughput = 0.0677 Mbps
86781 ms [UE 30040] UL Throughput = 0.097 Mbps
86781 ms [UE 42234] UL Throughput = 0.01013 Mbps
86873 ms [UE 42234] UL Throughput = 0.0 Mbps
86987 ms [UE 30040] UL Throughput = 0.0345 Mbps
86987 ms [UE 42234] UL Throughput = 0.08279 Mbps
87055 ms [UE 30040] UL Throughput = 0.05942 Mbps
87055 ms [UE 42234] UL Throughput = 0.08785 Mbps
87058 ms [UE 30040] UL Throughput = 0.01009 Mbps
87058 ms [UE 42234] UL Throughput = 0.06923 Mbps
87061 ms [UE 30040] UL Throughput = 0.0 Mbps
87061 ms [UE 42234] UL Throughput = 0.0 Mbps
87064 ms [UE 42234] UL Throughput = 0.06522 Mbps
87150 ms [UE 30040] UL Throughput = 0.08472 Mbps
87150 ms [UE 42234] UL Throughput = 0.0607 Mbps
87262 ms [UE 30040] UL Throughput = 0.0 Mbps
87262 ms [UE 42234] UL Throughput = 0.0 Mbps
87377 ms [UE 30040] UL Throughput = 0.12364 Mbps
87377 ms [UE 42234] UL Throughput = 0.0 Mbps
87455 ms [UE 30040] UL Throughput = 0.0 Mbps
87455 ms [UE 42234] UL Throughput = 0.11074 Mbps
87543 ms [UE 30040] UL Throughput = 0.04566 Mbps
87543 ms [UE 42234] UL Throughput = 0.0 Mbps
87642 ms [UE 42234] UL Throughput = 0.05082 Mbps
87746 ms [UE 30040] UL Throughput = 0.07119 Mbps
87746 ms [UE 42234] UL Throughput = 0.05778 Mbps
87853 ms [UE 42234] UL Throughput = 0.07037 Mbps
87859 ms [UE 42234] UL Throughput = 0.02598 Mbps
87968 ms [UE 30040] UL Throughput = 0.04648 Mbps
87968 ms [UE 42234] UL Throughput = 0.0 Mbps
88087 ms [UE 30040] UL Throughput = 0.06861 Mbps
88087 ms [UE 42234] UL Throughput = 0.0 Mbps
88199 ms [UE 30040] UL Throughput = 0.0 Mbps
88265 ms [UE 42234] UL Throughput = 0.01754 Mbps
88377 ms [UE 30040] UL Throughput = 0.02586 Mbps
88377 ms [UE 42234] UL Throughput = 0.0 Mbps
88480 ms [UE 30040] UL Throughput = 0.0 Mbps
88591 ms [UE 42234] UL Throughput = 0.0 Mbps
88696 ms [UE 30040] UL Throughput = 0.08311 Mbps
88696 ms [UE 42234] UL Throughput = 0.09683 Mbps
88790 ms [UE 30040] UL Throughput = 0.0 Mbps
88790 ms [UE 42234] UL Throughput = 0.0631 Mbps
88900 ms [UE 30040] UL Throughput = 0.09744 Mbps
88900 ms [UE 42234] UL Throughput = 0.0 Mbps
89008 ms [UE 30040] UL Throughput = 0.0 Mbps
89097 ms [UE 30040] UL Throughput = 0.0 Mbps
89097 ms [UE 42234] UL Throughput = 0.02003 Mbps
89189 ms [UE 30040] UL Throughput = 0.0 Mbps
89189 ms [UE 42234] UL Throughput = 0.03894 Mbps
89195 ms [UE 30040] UL Throughput = 0.02619 Mbps
89281 ms [UE 30040] UL Throughput = 0.0 Mbps
89281 ms [UE 42234] UL Throughput = 0.0 Mbps
89381 ms [UE 30040] UL Throughput = 0.01 Mbps
89381 ms [UE 42234] UL Throughput = 0.0 Mbps
89474 ms [UE 30040] UL Throughput = 0.0 Mbps
89474 ms [UE 42234] UL Throughput = 0.13574 Mbps
89566 ms [UE 30040] UL Throughput = 0.08188 Mbps
89566 ms [UE 42234] UL Throughput = 0.07681 Mbps
89568 ms [UE 30040] UL Throughput = 0.05578 Mbps
89568 ms [UE 42234] UL Throughput = 0.0 Mbps
89662 ms [UE 30040] UL Throughput = 0.0287 Mbps
89662 ms [UE 42234] UL Throughput = 0.0 Mbps
89736 ms [UE 30040] UL Throughput = 0.07248 Mbps
89736 ms [UE 42234] UL Throughput = 0.08644 Mbps
89830 ms [UE 30040] UL Throughput = 0.0 Mbps
89830 ms [UE 42234] UL Throughput = 0.06967 Mbps
