[UTIL]: Setting the config -c file to /usr/local/etc/flexric/flexric.conf
[UTIL]: Setting path -p for the shared libraries to /usr/local/lib/flexric/
[xAapp]: Initializing ... 
[xApp]: nearRT-RIC IP Address = 192.168.70.150, PORT = 36422
[E2 AGENT]: Opening plugin from path = /usr/local/lib/flexric/libkpm_sm.so 
[E2 AGENT]: Opening plugin from path = /usr/local/lib/flexric/libmac_sm.so 
[E2 AGENT]: Opening plugin from path = /usr/local/lib/flexric/libpdcp_sm.so 
[E2 AGENT]: Opening plugin from path = /usr/local/lib/flexric/libgtp_sm.so 
[E2 AGENT]: Opening plugin from path = /usr/local/lib/flexric/librc_sm.so 
[E2 AGENT]: Opening plugin from path = /usr/local/lib/flexric/libtc_sm.so 
[E2 AGENT]: Opening plugin from path = /usr/local/lib/flexric/librlc_sm.so 
[E2 AGENT]: Opening plugin from path = /usr/local/lib/flexric/libslice_sm.so 
[NEAR-RIC]: Loading SM ID = 2 with def = ORAN-E2SM-KPM 
[NEAR-RIC]: Loading SM ID = 142 with def = MAC_STATS_V0 
[NEAR-RIC]: Loading SM ID = 144 with def = PDCP_STATS_V0 
[NEAR-RIC]: Loading SM ID = 148 with def = GTP_STATS_V0 
[NEAR-RIC]: Loading SM ID = 3 with def = ORAN-E2SM-RC 
[NEAR-RIC]: Loading SM ID = 146 with def = TC_STATS_V0 
[NEAR-RIC]: Loading SM ID = 143 with def = RLC_STATS_V0 
[NEAR-RIC]: Loading SM ID = 145 with def = SLICE_STATS_V0 
[xApp]: DB filename = /tmp/flexric/xapp_db 
 [xApp]: E42 SETUP-REQUEST tx
[xApp]: E42 SETUP-RESPONSE rx 
[xApp]: xApp ID = 2 
[xApp]: Registered E2 Nodes = 4 
Connected E2 nodes = 4
[xAPP] Registered node 0 ran func id = 2
[xAPP] Registered node 0 ran func id = 3
[xAPP] Registered node 0 ran func id = 142
[xAPP] Registered node 0 ran func id = 143
[xAPP] Registered node 0 ran func id = 144
[xAPP] Registered node 0 ran func id = 145
[xAPP] Registered node 0 ran func id = 146
[xAPP] Registered node 0 ran func id = 148
[xApp]: E42 RIC SUBSCRIPTION REQUEST tx RAN_FUNC_ID 144 RIC_REQ_ID 1 
[xApp]: SUBSCRIPTION RESPONSE rx
[xApp]: Successfully subscribed to RAN_FUNC_ID 144 
[xAPP] Registered node 1 ran func id = 2
[xAPP] Registered node 1 ran func id = 3
[xAPP] Registered node 1 ran func id = 142
[xAPP] Registered node 1 ran func id = 143
[xAPP] Registered node 1 ran func id = 144
[xAPP] Registered node 1 ran func id = 145
[xAPP] Registered node 1 ran func id = 146
[xAPP] Registered node 1 ran func id = 148
[xAPP] Registered node 2 ran func id = 2
[xAPP] Registered node 2 ran func id = 3
[xAPP] Registered node 2 ran func id = 142
[xAPP] Registered node 2 ran func id = 143
[xAPP] Registered node 2 ran func id = 144
[xAPP] Registered node 2 ran func id = 145
[xAPP] Registered node 2 ran func id = 146
[xAPP] Registered node 2 ran func id = 148
[xApp]: E42 RIC SUBSCRIPTION REQUEST tx RAN_FUNC_ID 142 RIC_REQ_ID 2 
7 ms | now=1755815452085481 us | PDCP ind_msg latency=71856988 us
[xApp]: SUBSCRIPTION RESPONSE rx
[xApp]: Successfully subscribed to RAN_FUNC_ID 142 
[xAPP] Registered node 3 ran func id = 2
[xAPP] Registered node 3 ran func id = 3
[xAPP] Registered node 3 ran func id = 142
[xAPP] Registered node 3 ran func id = 143
[xAPP] Registered node 3 ran func id = 144
[xAPP] Registered node 3 ran func id = 145
[xAPP] Registered node 3 ran func id = 146
[xAPP] Registered node 3 ran func id = 148
[xApp]: E42 RIC SUBSCRIPTION REQUEST tx RAN_FUNC_ID 142 RIC_REQ_ID 3 
[xApp]: SUBSCRIPTION RESPONSE rx
[xApp]: Successfully subscribed to RAN_FUNC_ID 142 
585 ms [UE 30040] UL Throughput = 0.0 Mbps
697 ms [UE 42234] UL Throughput = 0.0 Mbps
815 ms [UE 30040] UL Throughput = 0.0 Mbps
815 ms [UE 42234] UL Throughput = 0.08821 Mbps
897 ms [UE 30040] UL Throughput = 0.0 Mbps
897 ms [UE 42234] UL Throughput = 0.0 Mbps
1025 ms [UE 30040] UL Throughput = 0.08396 Mbps
1025 ms [UE 42234] UL Throughput = 0.06448 Mbps
1113 ms [UE 30040] UL Throughput = 0.08222 Mbps
1113 ms [UE 42234] UL Throughput = 0.04841 Mbps
1200 ms [UE 30040] UL Throughput = 0.06798 Mbps
1200 ms [UE 42234] UL Throughput = 0.0 Mbps
1299 ms [UE 30040] UL Throughput = 0.05628 Mbps
1399 ms [UE 42234] UL Throughput = 0.06886 Mbps
1507 ms [UE 30040] UL Throughput = 0.0 Mbps
1507 ms [UE 42234] UL Throughput = 0.06589 Mbps
1509 ms [UE 30040] UL Throughput = 0.0 Mbps
1509 ms [UE 42234] UL Throughput = 0.0 Mbps
1602 ms [UE 30040] UL Throughput = 0.04594 Mbps
1602 ms [UE 42234] UL Throughput = 0.0 Mbps
1695 ms [UE 30040] UL Throughput = 0.07928 Mbps
1695 ms [UE 42234] UL Throughput = 0.09662 Mbps
1790 ms [UE 42234] UL Throughput = 0.03969 Mbps
1793 ms [UE 30040] UL Throughput = 0.08255 Mbps
1793 ms [UE 42234] UL Throughput = 0.0261 Mbps
1891 ms [UE 42234] UL Throughput = 0.0 Mbps
2014 ms [UE 42234] UL Throughput = 0.06908 Mbps
2125 ms [UE 30040] UL Throughput = 0.03017 Mbps
2125 ms [UE 42234] UL Throughput = 0.0 Mbps
2243 ms [UE 30040] UL Throughput = 0.02314 Mbps
2243 ms [UE 42234] UL Throughput = 0.06876 Mbps
2331 ms [UE 30040] UL Throughput = 0.0941 Mbps
2331 ms [UE 42234] UL Throughput = 0.0 Mbps
2424 ms [UE 30040] UL Throughput = 0.02953 Mbps
2424 ms [UE 42234] UL Throughput = 0.0 Mbps
2507 ms [UE 30040] UL Throughput = 0.03008 Mbps
2507 ms [UE 42234] UL Throughput = 0.04278 Mbps
2510 ms [UE 30040] UL Throughput = 0.01719 Mbps
2510 ms [UE 42234] UL Throughput = 0.0 Mbps
2609 ms [UE 30040] UL Throughput = 0.06581 Mbps
2609 ms [UE 42234] UL Throughput = 0.09679 Mbps
2727 ms [UE 30040] UL Throughput = 0.0 Mbps
2727 ms [UE 42234] UL Throughput = 0.0 Mbps
2821 ms [UE 30040] UL Throughput = 0.0 Mbps
2821 ms [UE 42234] UL Throughput = 0.08198 Mbps
2932 ms [UE 30040] UL Throughput = 0.0 Mbps
2932 ms [UE 42234] UL Throughput = 0.06237 Mbps
3052 ms [UE 30040] UL Throughput = 0.083 Mbps
3138 ms [UE 30040] UL Throughput = 0.10505 Mbps
3138 ms [UE 42234] UL Throughput = 0.0 Mbps
3222 ms [UE 30040] UL Throughput = 0.0 Mbps
3337 ms [UE 30040] UL Throughput = 0.08704 Mbps
3337 ms [UE 42234] UL Throughput = 0.0 Mbps
3425 ms [UE 30040] UL Throughput = 0.0 Mbps
3425 ms [UE 42234] UL Throughput = 0.0 Mbps
3530 ms [UE 30040] UL Throughput = 0.0456 Mbps
3632 ms [UE 30040] UL Throughput = 0.05512 Mbps
3632 ms [UE 42234] UL Throughput = 0.05811 Mbps
3731 ms [UE 42234] UL Throughput = 0.0 Mbps
3735 ms [UE 30040] UL Throughput = 0.04963 Mbps
3735 ms [UE 42234] UL Throughput = 0.0 Mbps
3830 ms [UE 30040] UL Throughput = 0.08832 Mbps
3830 ms [UE 42234] UL Throughput = 0.0 Mbps
3934 ms [UE 30040] UL Throughput = 0.05864 Mbps
3934 ms [UE 42234] UL Throughput = 0.0 Mbps
3936 ms [UE 30040] UL Throughput = 0.12446 Mbps
3936 ms [UE 42234] UL Throughput = 0.0 Mbps
3938 ms [UE 30040] UL Throughput = 0.0 Mbps
3938 ms [UE 42234] UL Throughput = 0.07803 Mbps
4052 ms [UE 30040] UL Throughput = 0.0 Mbps
4052 ms [UE 42234] UL Throughput = 0.02503 Mbps
4160 ms [UE 30040] UL Throughput = 0.01819 Mbps
4160 ms [UE 42234] UL Throughput = 0.01726 Mbps
4258 ms [UE 42234] UL Throughput = 0.0 Mbps
4319 ms [UE 30040] UL Throughput = 0.0288 Mbps
4319 ms [UE 42234] UL Throughput = 0.08777 Mbps
4421 ms [UE 30040] UL Throughput = 0.01342 Mbps
4525 ms [UE 30040] UL Throughput = 0.01896 Mbps
4635 ms [UE 30040] UL Throughput = 0.0 Mbps
4635 ms [UE 42234] UL Throughput = 0.04124 Mbps
4729 ms [UE 30040] UL Throughput = 0.09976 Mbps
4729 ms [UE 42234] UL Throughput = 0.04588 Mbps
4835 ms [UE 30040] UL Throughput = 0.0 Mbps
4835 ms [UE 42234] UL Throughput = 0.0 Mbps
4963 ms [UE 30040] UL Throughput = 0.04062 Mbps
4963 ms [UE 42234] UL Throughput = 0.02225 Mbps
5079 ms [UE 30040] UL Throughput = 0.01008 Mbps
5079 ms [UE 42234] UL Throughput = 0.0 Mbps
5189 ms [UE 30040] UL Throughput = 0.03235 Mbps
5189 ms [UE 42234] UL Throughput = 0.01947 Mbps
5294 ms [UE 30040] UL Throughput = 0.08808 Mbps
5294 ms [UE 42234] UL Throughput = 0.0 Mbps
5299 ms [UE 30040] UL Throughput = 0.0 Mbps
5299 ms [UE 42234] UL Throughput = 0.0 Mbps
5400 ms [UE 30040] UL Throughput = 0.0 Mbps
5400 ms [UE 42234] UL Throughput = 0.0 Mbps
5506 ms [UE 30040] UL Throughput = 0.04026 Mbps
5506 ms [UE 42234] UL Throughput = 0.0 Mbps
5592 ms [UE 30040] UL Throughput = 0.08229 Mbps
5592 ms [UE 42234] UL Throughput = 0.04431 Mbps
5675 ms [UE 30040] UL Throughput = 0.07359 Mbps
5675 ms [UE 42234] UL Throughput = 0.0 Mbps
5764 ms [UE 30040] UL Throughput = 0.0 Mbps
5764 ms [UE 42234] UL Throughput = 0.05503 Mbps
5851 ms [UE 30040] UL Throughput = 0.0 Mbps
5851 ms [UE 42234] UL Throughput = 0.0 Mbps
5955 ms [UE 30040] UL Throughput = 0.0 Mbps
5955 ms [UE 42234] UL Throughput = 0.0 Mbps
6042 ms [UE 30040] UL Throughput = 0.031 Mbps
6042 ms [UE 42234] UL Throughput = 0.0 Mbps
6105 ms [UE 30040] UL Throughput = 0.0 Mbps
6105 ms [UE 42234] UL Throughput = 0.0 Mbps
6203 ms [UE 30040] UL Throughput = 0.0 Mbps
6203 ms [UE 42234] UL Throughput = 0.0 Mbps
6293 ms [UE 30040] UL Throughput = 0.01861 Mbps
6293 ms [UE 42234] UL Throughput = 0.0 Mbps
6294 ms [UE 30040] UL Throughput = 0.0 Mbps
6294 ms [UE 42234] UL Throughput = 0.04883 Mbps
6299 ms [UE 30040] UL Throughput = 0.0631 Mbps
6299 ms [UE 42234] UL Throughput = 0.0 Mbps
6412 ms [UE 30040] UL Throughput = 0.0 Mbps
6412 ms [UE 42234] UL Throughput = 0.12395 Mbps
6520 ms [UE 30040] UL Throughput = 0.0 Mbps
6520 ms [UE 42234] UL Throughput = 0.09198 Mbps
6626 ms [UE 30040] UL Throughput = 0.09468 Mbps
6626 ms [UE 42234] UL Throughput = 0.0 Mbps
6757 ms [UE 30040] UL Throughput = 0.0 Mbps
6757 ms [UE 42234] UL Throughput = 0.0 Mbps
6858 ms [UE 30040] UL Throughput = 0.05104 Mbps
6863 ms [UE 30040] UL Throughput = 0.03305 Mbps
6863 ms [UE 42234] UL Throughput = 0.09449 Mbps
6948 ms [UE 30040] UL Throughput = 0.0 Mbps
6948 ms [UE 42234] UL Throughput = 0.0 Mbps
7057 ms [UE 30040] UL Throughput = 0.0 Mbps
7057 ms [UE 42234] UL Throughput = 0.01799 Mbps
7141 ms [UE 42234] UL Throughput = 0.0 Mbps
7228 ms [UE 42234] UL Throughput = 0.0 Mbps
7337 ms [UE 30040] UL Throughput = 0.0 Mbps
7337 ms [UE 42234] UL Throughput = 0.04675 Mbps
7342 ms [UE 30040] UL Throughput = 0.0959 Mbps
7342 ms [UE 42234] UL Throughput = 0.0 Mbps
7466 ms [UE 30040] UL Throughput = 0.0 Mbps
7466 ms [UE 42234] UL Throughput = 0.06763 Mbps
7472 ms [UE 30040] UL Throughput = 0.0644 Mbps
7472 ms [UE 42234] UL Throughput = 0.0 Mbps
7475 ms [UE 30040] UL Throughput = 0.0 Mbps
7475 ms [UE 42234] UL Throughput = 0.03462 Mbps
7575 ms [UE 30040] UL Throughput = 0.0 Mbps
7575 ms [UE 42234] UL Throughput = 0.02966 Mbps
7656 ms [UE 30040] UL Throughput = 0.0 Mbps
7656 ms [UE 42234] UL Throughput = 0.01439 Mbps
7755 ms [UE 42234] UL Throughput = 0.0 Mbps
7760 ms [UE 30040] UL Throughput = 0.0203 Mbps
7760 ms [UE 42234] UL Throughput = 0.0 Mbps
7858 ms [UE 30040] UL Throughput = 0.08948 Mbps
7982 ms [UE 30040] UL Throughput = 0.05329 Mbps
8062 ms [UE 30040] UL Throughput = 0.03824 Mbps
8062 ms [UE 42234] UL Throughput = 0.0 Mbps
8173 ms [UE 30040] UL Throughput = 0.04025 Mbps
8173 ms [UE 42234] UL Throughput = 0.0 Mbps
8245 ms [UE 42234] UL Throughput = 0.0 Mbps
8334 ms [UE 30040] UL Throughput = 0.06429 Mbps
8456 ms [UE 30040] UL Throughput = 0.0174 Mbps
8456 ms [UE 42234] UL Throughput = 0.0 Mbps
8557 ms [UE 30040] UL Throughput = 0.0 Mbps
8557 ms [UE 42234] UL Throughput = 0.0 Mbps
8638 ms [UE 30040] UL Throughput = 0.08516 Mbps
8638 ms [UE 42234] UL Throughput = 0.06462 Mbps
8704 ms [UE 30040] UL Throughput = 0.0 Mbps
8704 ms [UE 42234] UL Throughput = 0.0 Mbps
8795 ms [UE 42234] UL Throughput = 0.0 Mbps
8889 ms [UE 30040] UL Throughput = 0.0 Mbps
8892 ms [UE 30040] UL Throughput = 0.09344 Mbps
8892 ms [UE 42234] UL Throughput = 0.0 Mbps
8894 ms [UE 30040] UL Throughput = 0.0 Mbps
8894 ms [UE 42234] UL Throughput = 0.09171 Mbps
8900 ms [UE 30040] UL Throughput = 0.0 Mbps
8900 ms [UE 42234] UL Throughput = 0.07095 Mbps
8994 ms [UE 30040] UL Throughput = 0.08463 Mbps
8994 ms [UE 42234] UL Throughput = 0.0 Mbps
9082 ms [UE 30040] UL Throughput = 0.03758 Mbps
9082 ms [UE 42234] UL Throughput = 0.0732 Mbps
9151 ms [UE 30040] UL Throughput = 0.0 Mbps
9151 ms [UE 42234] UL Throughput = 0.13871 Mbps
9261 ms [UE 30040] UL Throughput = 0.09016 Mbps
9261 ms [UE 42234] UL Throughput = 0.0 Mbps
9262 ms [UE 30040] UL Throughput = 0.05042 Mbps
9262 ms [UE 42234] UL Throughput = 0.0 Mbps
9375 ms [UE 30040] UL Throughput = 0.03786 Mbps
9466 ms [UE 30040] UL Throughput = 0.0 Mbps
9466 ms [UE 42234] UL Throughput = 0.03424 Mbps
9554 ms [UE 42234] UL Throughput = 0.04465 Mbps
9653 ms [UE 30040] UL Throughput = 0.0 Mbps
9653 ms [UE 42234] UL Throughput = 0.05887 Mbps
9738 ms [UE 30040] UL Throughput = 0.06784 Mbps
9738 ms [UE 42234] UL Throughput = 0.0 Mbps
9836 ms [UE 30040] UL Throughput = 0.0 Mbps
9836 ms [UE 42234] UL Throughput = 0.0 Mbps
9944 ms [UE 30040] UL Throughput = 0.07033 Mbps
9944 ms [UE 42234] UL Throughput = 0.03159 Mbps
10048 ms [UE 30040] UL Throughput = 0.0 Mbps
10048 ms [UE 42234] UL Throughput = 0.04501 Mbps
10151 ms [UE 30040] UL Throughput = 0.0 Mbps
10151 ms [UE 42234] UL Throughput = 0.0 Mbps
10222 ms [UE 30040] UL Throughput = 0.05659 Mbps
10320 ms [UE 30040] UL Throughput = 0.13306 Mbps
10320 ms [UE 42234] UL Throughput = 0.04147 Mbps
10422 ms [UE 30040] UL Throughput = 0.0 Mbps
10422 ms [UE 42234] UL Throughput = 0.0 Mbps
10527 ms [UE 30040] UL Throughput = 0.01352 Mbps
10527 ms [UE 42234] UL Throughput = 0.0 Mbps
10632 ms [UE 30040] UL Throughput = 0.0 Mbps
10632 ms [UE 42234] UL Throughput = 0.07572 Mbps
10741 ms [UE 30040] UL Throughput = 0.05029 Mbps
10741 ms [UE 42234] UL Throughput = 0.04399 Mbps
10845 ms [UE 42234] UL Throughput = 0.0 Mbps
10981 ms [UE 30040] UL Throughput = 0.0 Mbps
11080 ms [UE 30040] UL Throughput = 0.0 Mbps
11080 ms [UE 42234] UL Throughput = 0.01495 Mbps
11151 ms [UE 30040] UL Throughput = 0.0 Mbps
11151 ms [UE 42234] UL Throughput = 0.08438 Mbps
11272 ms [UE 30040] UL Throughput = 0.0 Mbps
11272 ms [UE 42234] UL Throughput = 0.0305 Mbps
11273 ms [UE 30040] UL Throughput = 0.10367 Mbps
11273 ms [UE 42234] UL Throughput = 0.19934 Mbps
11413 ms [UE 42234] UL Throughput = 0.0 Mbps
11503 ms [UE 42234] UL Throughput = 0.03007 Mbps
11640 ms [UE 30040] UL Throughput = 0.14017 Mbps
11640 ms [UE 42234] UL Throughput = 0.08543 Mbps
11757 ms [UE 42234] UL Throughput = 0.0 Mbps
11849 ms [UE 30040] UL Throughput = 0.07496 Mbps
11849 ms [UE 42234] UL Throughput = 0.02288 Mbps
11934 ms [UE 30040] UL Throughput = 0.04628 Mbps
11934 ms [UE 42234] UL Throughput = 0.06323 Mbps
12045 ms [UE 30040] UL Throughput = 0.0 Mbps
12045 ms [UE 42234] UL Throughput = 0.07919 Mbps
12049 ms [UE 30040] UL Throughput = 0.03387 Mbps
12049 ms [UE 42234] UL Throughput = 0.0 Mbps
12054 ms [UE 30040] UL Throughput = 0.0 Mbps
12054 ms [UE 42234] UL Throughput = 0.04224 Mbps
12158 ms [UE 30040] UL Throughput = 0.0 Mbps
12158 ms [UE 42234] UL Throughput = 0.0 Mbps
12159 ms [UE 30040] UL Throughput = 0.0 Mbps
12159 ms [UE 42234] UL Throughput = 0.02928 Mbps
12264 ms [UE 42234] UL Throughput = 0.0 Mbps
12352 ms [UE 30040] UL Throughput = 0.0991 Mbps
12352 ms [UE 42234] UL Throughput = 0.05292 Mbps
12474 ms [UE 30040] UL Throughput = 0.0 Mbps
12474 ms [UE 42234] UL Throughput = 0.0 Mbps
12549 ms [UE 42234] UL Throughput = 0.0 Mbps
12636 ms [UE 30040] UL Throughput = 0.0 Mbps
12636 ms [UE 42234] UL Throughput = 0.06213 Mbps
12741 ms [UE 30040] UL Throughput = 0.0 Mbps
12741 ms [UE 42234] UL Throughput = 0.0 Mbps
12818 ms [UE 30040] UL Throughput = 0.0 Mbps
12818 ms [UE 42234] UL Throughput = 0.0 Mbps
12922 ms [UE 30040] UL Throughput = 0.03268 Mbps
12922 ms [UE 42234] UL Throughput = 0.04055 Mbps
13043 ms [UE 42234] UL Throughput = 0.0 Mbps
13116 ms [UE 42234] UL Throughput = 0.06791 Mbps
13121 ms [UE 30040] UL Throughput = 0.0 Mbps
13121 ms [UE 42234] UL Throughput = 0.0 Mbps
13215 ms [UE 30040] UL Throughput = 0.01725 Mbps
13215 ms [UE 42234] UL Throughput = 0.03454 Mbps
13316 ms [UE 30040] UL Throughput = 0.0 Mbps
13316 ms [UE 42234] UL Throughput = 0.0 Mbps
13415 ms [UE 30040] UL Throughput = 0.0 Mbps
13415 ms [UE 42234] UL Throughput = 0.01598 Mbps
13498 ms [UE 30040] UL Throughput = 0.0 Mbps
13498 ms [UE 42234] UL Throughput = 0.0 Mbps
13594 ms [UE 30040] UL Throughput = 0.0 Mbps
13594 ms [UE 42234] UL Throughput = 0.08102 Mbps
13685 ms [UE 42234] UL Throughput = 0.0 Mbps
13780 ms [UE 30040] UL Throughput = 0.06941 Mbps
13780 ms [UE 42234] UL Throughput = 0.0 Mbps
13877 ms [UE 30040] UL Throughput = 0.0 Mbps
13877 ms [UE 42234] UL Throughput = 0.0 Mbps
13983 ms [UE 30040] UL Throughput = 0.0 Mbps
13983 ms [UE 42234] UL Throughput = 0.02602 Mbps
13985 ms [UE 30040] UL Throughput = 0.02512 Mbps
13985 ms [UE 42234] UL Throughput = 0.0 Mbps
14064 ms [UE 30040] UL Throughput = 0.0 Mbps
14175 ms [UE 30040] UL Throughput = 0.0 Mbps
14175 ms [UE 42234] UL Throughput = 0.05464 Mbps
14276 ms [UE 42234] UL Throughput = 0.0 Mbps
14370 ms [UE 30040] UL Throughput = 0.0 Mbps
14370 ms [UE 42234] UL Throughput = 0.0 Mbps
14374 ms [UE 30040] UL Throughput = 0.0 Mbps
14374 ms [UE 42234] UL Throughput = 0.08586 Mbps
14476 ms [UE 30040] UL Throughput = 0.0 Mbps
14476 ms [UE 42234] UL Throughput = 0.0 Mbps
14585 ms [UE 30040] UL Throughput = 0.0586 Mbps
14585 ms [UE 42234] UL Throughput = 0.03499 Mbps
14687 ms [UE 30040] UL Throughput = 0.05338 Mbps
14687 ms [UE 42234] UL Throughput = 0.09759 Mbps
14791 ms [UE 30040] UL Throughput = 0.04462 Mbps
14791 ms [UE 42234] UL Throughput = 0.08893 Mbps
14876 ms [UE 30040] UL Throughput = 0.04327 Mbps
14876 ms [UE 42234] UL Throughput = 0.0 Mbps
14877 ms [UE 30040] UL Throughput = 0.0 Mbps
14877 ms [UE 42234] UL Throughput = 0.0917 Mbps
14883 ms [UE 30040] UL Throughput = 0.0 Mbps
14883 ms [UE 42234] UL Throughput = 0.0 Mbps
14989 ms [UE 30040] UL Throughput = 0.07239 Mbps
15097 ms [UE 30040] UL Throughput = 0.0 Mbps
15097 ms [UE 42234] UL Throughput = 0.0 Mbps
15202 ms [UE 42234] UL Throughput = 0.0 Mbps
15284 ms [UE 30040] UL Throughput = 0.0 Mbps
15284 ms [UE 42234] UL Throughput = 0.07664 Mbps
15374 ms [UE 30040] UL Throughput = 0.0 Mbps
15374 ms [UE 42234] UL Throughput = 0.0 Mbps
15461 ms [UE 30040] UL Throughput = 0.0 Mbps
15461 ms [UE 42234] UL Throughput = 0.09172 Mbps
15542 ms [UE 30040] UL Throughput = 0.0 Mbps
15632 ms [UE 30040] UL Throughput = 0.0 Mbps
15632 ms [UE 42234] UL Throughput = 0.0 Mbps
15738 ms [UE 30040] UL Throughput = 0.0 Mbps
15738 ms [UE 42234] UL Throughput = 0.02081 Mbps
15822 ms [UE 30040] UL Throughput = 0.0 Mbps
15822 ms [UE 42234] UL Throughput = 0.0 Mbps
15912 ms [UE 30040] UL Throughput = 0.08213 Mbps
15916 ms [UE 30040] UL Throughput = 0.0 Mbps
15916 ms [UE 42234] UL Throughput = 0.0 Mbps
15992 ms [UE 30040] UL Throughput = 0.09609 Mbps
15992 ms [UE 42234] UL Throughput = 0.0 Mbps
16091 ms [UE 30040] UL Throughput = 0.083 Mbps
16091 ms [UE 42234] UL Throughput = 0.06838 Mbps
16093 ms [UE 30040] UL Throughput = 0.06848 Mbps
16224 ms [UE 42234] UL Throughput = 0.0 Mbps
16353 ms [UE 30040] UL Throughput = 0.02294 Mbps
16353 ms [UE 42234] UL Throughput = 0.01736 Mbps
16458 ms [UE 30040] UL Throughput = 0.0 Mbps
16458 ms [UE 42234] UL Throughput = 0.0 Mbps
16560 ms [UE 42234] UL Throughput = 0.01164 Mbps
16659 ms [UE 30040] UL Throughput = 0.02999 Mbps
16659 ms [UE 42234] UL Throughput = 0.0 Mbps
16759 ms [UE 30040] UL Throughput = 0.02673 Mbps
16763 ms [UE 30040] UL Throughput = 0.0361 Mbps
16763 ms [UE 42234] UL Throughput = 0.0 Mbps
16864 ms [UE 30040] UL Throughput = 0.10246 Mbps
16864 ms [UE 42234] UL Throughput = 0.05702 Mbps
16974 ms [UE 30040] UL Throughput = 0.0 Mbps
16974 ms [UE 42234] UL Throughput = 0.0 Mbps
16975 ms [UE 30040] UL Throughput = 0.0 Mbps
16975 ms [UE 42234] UL Throughput = 0.0 Mbps
17074 ms [UE 30040] UL Throughput = 0.0 Mbps
17074 ms [UE 42234] UL Throughput = 0.0 Mbps
17194 ms [UE 30040] UL Throughput = 0.0106 Mbps
17194 ms [UE 42234] UL Throughput = 0.09902 Mbps
17307 ms [UE 30040] UL Throughput = 0.0 Mbps
17307 ms [UE 42234] UL Throughput = 0.0 Mbps
17390 ms [UE 30040] UL Throughput = 0.03993 Mbps
17390 ms [UE 42234] UL Throughput = 0.02072 Mbps
17493 ms [UE 30040] UL Throughput = 0.0 Mbps
17493 ms [UE 42234] UL Throughput = 0.0 Mbps
17578 ms [UE 30040] UL Throughput = 0.0 Mbps
17578 ms [UE 42234] UL Throughput = 0.0 Mbps
17686 ms [UE 30040] UL Throughput = 0.092 Mbps
17686 ms [UE 42234] UL Throughput = 0.02086 Mbps
17771 ms [UE 30040] UL Throughput = 0.09429 Mbps
17771 ms [UE 42234] UL Throughput = 0.0 Mbps
17874 ms [UE 30040] UL Throughput = 0.05125 Mbps
17874 ms [UE 42234] UL Throughput = 0.04137 Mbps
17966 ms [UE 42234] UL Throughput = 0.0425 Mbps
17967 ms [UE 30040] UL Throughput = 0.0 Mbps
17967 ms [UE 42234] UL Throughput = 0.06082 Mbps
18076 ms [UE 30040] UL Throughput = 0.0 Mbps
18076 ms [UE 42234] UL Throughput = 0.0 Mbps
18079 ms [UE 30040] UL Throughput = 0.05196 Mbps
18079 ms [UE 42234] UL Throughput = 0.04482 Mbps
18171 ms [UE 30040] UL Throughput = 0.03038 Mbps
18171 ms [UE 42234] UL Throughput = 0.0 Mbps
18173 ms [UE 30040] UL Throughput = 0.0 Mbps
18173 ms [UE 42234] UL Throughput = 0.0 Mbps
18178 ms [UE 30040] UL Throughput = 0.0 Mbps
18178 ms [UE 42234] UL Throughput = 0.03835 Mbps
18257 ms [UE 30040] UL Throughput = 0.02915 Mbps
18257 ms [UE 42234] UL Throughput = 0.02413 Mbps
18337 ms [UE 30040] UL Throughput = 0.0 Mbps
18337 ms [UE 42234] UL Throughput = 0.09877 Mbps
18453 ms [UE 30040] UL Throughput = 0.0 Mbps
18453 ms [UE 42234] UL Throughput = 0.13973 Mbps
18539 ms [UE 42234] UL Throughput = 0.0 Mbps
18651 ms [UE 30040] UL Throughput = 0.0 Mbps
18657 ms [UE 30040] UL Throughput = 0.0 Mbps
18657 ms [UE 42234] UL Throughput = 0.09483 Mbps
18756 ms [UE 30040] UL Throughput = 0.01688 Mbps
18756 ms [UE 42234] UL Throughput = 0.02683 Mbps
18760 ms [UE 42234] UL Throughput = 0.0 Mbps
18854 ms [UE 30040] UL Throughput = 0.0 Mbps
18854 ms [UE 42234] UL Throughput = 0.03211 Mbps
18858 ms [UE 30040] UL Throughput = 0.0 Mbps
18858 ms [UE 42234] UL Throughput = 0.0 Mbps
18957 ms [UE 30040] UL Throughput = 0.0 Mbps
18957 ms [UE 42234] UL Throughput = 0.0 Mbps
19051 ms [UE 30040] UL Throughput = 0.08981 Mbps
19051 ms [UE 42234] UL Throughput = 0.0 Mbps
19142 ms [UE 42234] UL Throughput = 0.06175 Mbps
19265 ms [UE 30040] UL Throughput = 0.0762 Mbps
19265 ms [UE 42234] UL Throughput = 0.05175 Mbps
19355 ms [UE 30040] UL Throughput = 0.09943 Mbps
19355 ms [UE 42234] UL Throughput = 0.0 Mbps
19457 ms [UE 30040] UL Throughput = 0.0 Mbps
19457 ms [UE 42234] UL Throughput = 0.08576 Mbps
19460 ms [UE 30040] UL Throughput = 0.0 Mbps
19460 ms [UE 42234] UL Throughput = 0.0 Mbps
19560 ms [UE 30040] UL Throughput = 0.0 Mbps
19560 ms [UE 42234] UL Throughput = 0.14289 Mbps
19649 ms [UE 30040] UL Throughput = 0.09865 Mbps
19649 ms [UE 42234] UL Throughput = 0.0 Mbps
19726 ms [UE 30040] UL Throughput = 0.03806 Mbps
19726 ms [UE 42234] UL Throughput = 0.0 Mbps
19823 ms [UE 30040] UL Throughput = 0.0 Mbps
19823 ms [UE 42234] UL Throughput = 0.0 Mbps
19899 ms [UE 30040] UL Throughput = 0.09124 Mbps
19899 ms [UE 42234] UL Throughput = 0.0 Mbps
20012 ms [UE 30040] UL Throughput = 0.04798 Mbps
20012 ms [UE 42234] UL Throughput = 0.0 Mbps
20014 ms [UE 30040] UL Throughput = 0.0 Mbps
20014 ms [UE 42234] UL Throughput = 0.0 Mbps
20110 ms [UE 30040] UL Throughput = 0.09709 Mbps
20110 ms [UE 42234] UL Throughput = 0.01352 Mbps
20206 ms [UE 30040] UL Throughput = 0.0 Mbps
20206 ms [UE 42234] UL Throughput = 0.01744 Mbps
20306 ms [UE 42234] UL Throughput = 0.0 Mbps
20412 ms [UE 30040] UL Throughput = 0.19635 Mbps
20412 ms [UE 42234] UL Throughput = 0.0 Mbps
20513 ms [UE 30040] UL Throughput = 0.04398 Mbps
20513 ms [UE 42234] UL Throughput = 0.0 Mbps
20514 ms [UE 30040] UL Throughput = 0.0 Mbps
20514 ms [UE 42234] UL Throughput = 0.0 Mbps
20614 ms [UE 42234] UL Throughput = 0.0 Mbps
20708 ms [UE 30040] UL Throughput = 0.06396 Mbps
20708 ms [UE 42234] UL Throughput = 0.0 Mbps
20803 ms [UE 30040] UL Throughput = 0.0 Mbps
20803 ms [UE 42234] UL Throughput = 0.03039 Mbps
20808 ms [UE 30040] UL Throughput = 0.0 Mbps
20808 ms [UE 42234] UL Throughput = 0.0 Mbps
20894 ms [UE 30040] UL Throughput = 0.07851 Mbps
20894 ms [UE 42234] UL Throughput = 0.0 Mbps
20980 ms [UE 30040] UL Throughput = 0.0 Mbps
20980 ms [UE 42234] UL Throughput = 0.0 Mbps
21068 ms [UE 30040] UL Throughput = 0.11177 Mbps
21068 ms [UE 42234] UL Throughput = 0.0 Mbps
21186 ms [UE 30040] UL Throughput = 0.07176 Mbps
21186 ms [UE 42234] UL Throughput = 0.09546 Mbps
21187 ms [UE 30040] UL Throughput = 0.05017 Mbps
21187 ms [UE 42234] UL Throughput = 0.0 Mbps
21191 ms [UE 30040] UL Throughput = 0.0 Mbps
21191 ms [UE 42234] UL Throughput = 0.0 Mbps
21258 ms [UE 30040] UL Throughput = 0.0 Mbps
21258 ms [UE 42234] UL Throughput = 0.0 Mbps
21339 ms [UE 30040] UL Throughput = 0.08536 Mbps
21339 ms [UE 42234] UL Throughput = 0.0 Mbps
21442 ms [UE 42234] UL Throughput = 0.03886 Mbps
21447 ms [UE 30040] UL Throughput = 0.03563 Mbps
21447 ms [UE 42234] UL Throughput = 0.08861 Mbps
21450 ms [UE 30040] UL Throughput = 0.0147 Mbps
21450 ms [UE 42234] UL Throughput = 0.0 Mbps
21564 ms [UE 30040] UL Throughput = 0.0 Mbps
21564 ms [UE 42234] UL Throughput = 0.0982 Mbps
21568 ms [UE 30040] UL Throughput = 0.0 Mbps
21568 ms [UE 42234] UL Throughput = 0.15124 Mbps
21664 ms [UE 30040] UL Throughput = 0.0 Mbps
21664 ms [UE 42234] UL Throughput = 0.05803 Mbps
21809 ms [UE 30040] UL Throughput = 0.0 Mbps
21809 ms [UE 42234] UL Throughput = 0.0 Mbps
21814 ms [UE 30040] UL Throughput = 0.04812 Mbps
21814 ms [UE 42234] UL Throughput = 0.02522 Mbps
21919 ms [UE 30040] UL Throughput = 0.0 Mbps
21919 ms [UE 42234] UL Throughput = 0.03937 Mbps
21923 ms [UE 30040] UL Throughput = 0.0 Mbps
21923 ms [UE 42234] UL Throughput = 0.0 Mbps
22013 ms [UE 30040] UL Throughput = 0.0 Mbps
22013 ms [UE 42234] UL Throughput = 0.0 Mbps
22104 ms [UE 30040] UL Throughput = 0.0 Mbps
22104 ms [UE 42234] UL Throughput = 0.10314 Mbps
22231 ms [UE 30040] UL Throughput = 0.06286 Mbps
22337 ms [UE 30040] UL Throughput = 0.08395 Mbps
22337 ms [UE 42234] UL Throughput = 0.05079 Mbps
22433 ms [UE 30040] UL Throughput = 0.0 Mbps
22433 ms [UE 42234] UL Throughput = 0.01207 Mbps
22545 ms [UE 30040] UL Throughput = 0.08914 Mbps
22545 ms [UE 42234] UL Throughput = 0.06723 Mbps
22634 ms [UE 30040] UL Throughput = 0.0 Mbps
22634 ms [UE 42234] UL Throughput = 0.0 Mbps
22740 ms [UE 30040] UL Throughput = 0.0 Mbps
22740 ms [UE 42234] UL Throughput = 0.0 Mbps
22840 ms [UE 30040] UL Throughput = 0.0 Mbps
22840 ms [UE 42234] UL Throughput = 0.04966 Mbps
22845 ms [UE 42234] UL Throughput = 0.03243 Mbps
22975 ms [UE 30040] UL Throughput = 0.0 Mbps
22975 ms [UE 42234] UL Throughput = 0.08837 Mbps
23056 ms [UE 42234] UL Throughput = 0.0 Mbps
23136 ms [UE 30040] UL Throughput = 0.08106 Mbps
23136 ms [UE 42234] UL Throughput = 0.0 Mbps
23230 ms [UE 30040] UL Throughput = 0.03953 Mbps
23230 ms [UE 42234] UL Throughput = 0.0 Mbps
23326 ms [UE 30040] UL Throughput = 0.0 Mbps
23326 ms [UE 42234] UL Throughput = 0.06543 Mbps
23417 ms [UE 30040] UL Throughput = 0.02759 Mbps
23417 ms [UE 42234] UL Throughput = 0.06321 Mbps
23421 ms [UE 30040] UL Throughput = 0.03106 Mbps
23421 ms [UE 42234] UL Throughput = 0.01033 Mbps
23508 ms [UE 30040] UL Throughput = 0.02579 Mbps
23508 ms [UE 42234] UL Throughput = 0.0 Mbps
23596 ms [UE 30040] UL Throughput = 0.0 Mbps
23596 ms [UE 42234] UL Throughput = 0.0 Mbps
23661 ms [UE 30040] UL Throughput = 0.01778 Mbps
23661 ms [UE 42234] UL Throughput = 0.0 Mbps
23762 ms [UE 30040] UL Throughput = 0.06166 Mbps
23762 ms [UE 42234] UL Throughput = 0.0 Mbps
23866 ms [UE 30040] UL Throughput = 0.0 Mbps
23866 ms [UE 42234] UL Throughput = 0.0 Mbps
23868 ms [UE 30040] UL Throughput = 0.0 Mbps
23868 ms [UE 42234] UL Throughput = 0.07143 Mbps
23966 ms [UE 30040] UL Throughput = 0.03234 Mbps
23966 ms [UE 42234] UL Throughput = 0.05446 Mbps
24064 ms [UE 30040] UL Throughput = 0.05713 Mbps
24064 ms [UE 42234] UL Throughput = 0.06065 Mbps
24188 ms [UE 30040] UL Throughput = 0.0 Mbps
24188 ms [UE 42234] UL Throughput = 0.0 Mbps
24284 ms [UE 30040] UL Throughput = 0.0 Mbps
24284 ms [UE 42234] UL Throughput = 0.0 Mbps
24289 ms [UE 30040] UL Throughput = 0.03434 Mbps
24289 ms [UE 42234] UL Throughput = 0.04516 Mbps
24290 ms [UE 42234] UL Throughput = 0.09067 Mbps
24294 ms [UE 30040] UL Throughput = 0.01259 Mbps
24294 ms [UE 42234] UL Throughput = 0.08136 Mbps
24400 ms [UE 42234] UL Throughput = 0.0 Mbps
24500 ms [UE 30040] UL Throughput = 0.03979 Mbps
24500 ms [UE 42234] UL Throughput = 0.09062 Mbps
24505 ms [UE 30040] UL Throughput = 0.01637 Mbps
24505 ms [UE 42234] UL Throughput = 0.0 Mbps
24622 ms [UE 30040] UL Throughput = 0.0 Mbps
24622 ms [UE 42234] UL Throughput = 0.0 Mbps
24737 ms [UE 30040] UL Throughput = 0.0 Mbps
24737 ms [UE 42234] UL Throughput = 0.01607 Mbps
24739 ms [UE 30040] UL Throughput = 0.0 Mbps
24830 ms [UE 30040] UL Throughput = 0.0835 Mbps
24927 ms [UE 30040] UL Throughput = 0.0 Mbps
25011 ms [UE 30040] UL Throughput = 0.0516 Mbps
25111 ms [UE 30040] UL Throughput = 0.08019 Mbps
25111 ms [UE 42234] UL Throughput = 0.03081 Mbps
25228 ms [UE 30040] UL Throughput = 0.0 Mbps
25228 ms [UE 42234] UL Throughput = 0.0 Mbps
25234 ms [UE 30040] UL Throughput = 0.0 Mbps
25234 ms [UE 42234] UL Throughput = 0.06874 Mbps
25306 ms [UE 30040] UL Throughput = 0.0 Mbps
25306 ms [UE 42234] UL Throughput = 0.09361 Mbps
25395 ms [UE 30040] UL Throughput = 0.0 Mbps
25395 ms [UE 42234] UL Throughput = 0.03018 Mbps
25500 ms [UE 30040] UL Throughput = 0.0 Mbps
25500 ms [UE 42234] UL Throughput = 0.09042 Mbps
25592 ms [UE 30040] UL Throughput = 0.0 Mbps
25592 ms [UE 42234] UL Throughput = 0.06689 Mbps
25597 ms [UE 30040] UL Throughput = 0.10987 Mbps
25597 ms [UE 42234] UL Throughput = 0.02211 Mbps
25691 ms [UE 30040] UL Throughput = 0.07956 Mbps
25691 ms [UE 42234] UL Throughput = 0.0 Mbps
25694 ms [UE 30040] UL Throughput = 0.0 Mbps
25801 ms [UE 30040] UL Throughput = 0.04739 Mbps
25801 ms [UE 42234] UL Throughput = 0.03972 Mbps
25896 ms [UE 30040] UL Throughput = 0.0 Mbps
25896 ms [UE 42234] UL Throughput = 0.0 Mbps
26036 ms [UE 30040] UL Throughput = 0.02195 Mbps
26036 ms [UE 42234] UL Throughput = 0.0 Mbps
26117 ms [UE 30040] UL Throughput = 0.06403 Mbps
26117 ms [UE 42234] UL Throughput = 0.09965 Mbps
26219 ms [UE 30040] UL Throughput = 0.0 Mbps
26219 ms [UE 42234] UL Throughput = 0.06712 Mbps
26293 ms [UE 30040] UL Throughput = 0.01583 Mbps
26403 ms [UE 30040] UL Throughput = 0.0754 Mbps
26497 ms [UE 30040] UL Throughput = 0.0 Mbps
26497 ms [UE 42234] UL Throughput = 0.06197 Mbps
26593 ms [UE 42234] UL Throughput = 0.0 Mbps
26685 ms [UE 30040] UL Throughput = 0.0 Mbps
26685 ms [UE 42234] UL Throughput = 0.07624 Mbps
26780 ms [UE 30040] UL Throughput = 0.0 Mbps
26780 ms [UE 42234] UL Throughput = 0.0 Mbps
26889 ms [UE 30040] UL Throughput = 0.10872 Mbps
26889 ms [UE 42234] UL Throughput = 0.0 Mbps
26967 ms [UE 30040] UL Throughput = 0.0 Mbps
26967 ms [UE 42234] UL Throughput = 0.0 Mbps
27077 ms [UE 30040] UL Throughput = 0.09866 Mbps
27077 ms [UE 42234] UL Throughput = 0.0 Mbps
27078 ms [UE 30040] UL Throughput = 0.07223 Mbps
27078 ms [UE 42234] UL Throughput = 0.0 Mbps
27155 ms [UE 30040] UL Throughput = 0.0 Mbps
27155 ms [UE 42234] UL Throughput = 0.0 Mbps
27243 ms [UE 30040] UL Throughput = 0.04711 Mbps
27243 ms [UE 42234] UL Throughput = 0.0 Mbps
27328 ms [UE 30040] UL Throughput = 0.04068 Mbps
27328 ms [UE 42234] UL Throughput = 0.05156 Mbps
27438 ms [UE 30040] UL Throughput = 0.05668 Mbps
27438 ms [UE 42234] UL Throughput = 0.05107 Mbps
27542 ms [UE 30040] UL Throughput = 0.08949 Mbps
27542 ms [UE 42234] UL Throughput = 0.03082 Mbps
27636 ms [UE 30040] UL Throughput = 0.0 Mbps
27636 ms [UE 42234] UL Throughput = 0.0 Mbps
27639 ms [UE 30040] UL Throughput = 0.0 Mbps
27639 ms [UE 42234] UL Throughput = 0.0 Mbps
27737 ms [UE 30040] UL Throughput = 0.04558 Mbps
27737 ms [UE 42234] UL Throughput = 0.05107 Mbps
27819 ms [UE 30040] UL Throughput = 0.0 Mbps
27819 ms [UE 42234] UL Throughput = 0.01957 Mbps
27909 ms [UE 42234] UL Throughput = 0.0 Mbps
27910 ms [UE 30040] UL Throughput = 0.06734 Mbps
27910 ms [UE 42234] UL Throughput = 0.0 Mbps
28001 ms [UE 42234] UL Throughput = 0.0 Mbps
28007 ms [UE 30040] UL Throughput = 0.0 Mbps
28007 ms [UE 42234] UL Throughput = 0.09849 Mbps
28093 ms [UE 30040] UL Throughput = 0.05438 Mbps
28093 ms [UE 42234] UL Throughput = 0.08659 Mbps
28167 ms [UE 30040] UL Throughput = 0.03525 Mbps
28167 ms [UE 42234] UL Throughput = 0.06302 Mbps
28264 ms [UE 30040] UL Throughput = 0.09805 Mbps
28264 ms [UE 42234] UL Throughput = 0.0 Mbps
28354 ms [UE 30040] UL Throughput = 0.0 Mbps
28354 ms [UE 42234] UL Throughput = 0.05335 Mbps
28467 ms [UE 30040] UL Throughput = 0.0233 Mbps
28467 ms [UE 42234] UL Throughput = 0.05043 Mbps
28548 ms [UE 30040] UL Throughput = 0.0 Mbps
28548 ms [UE 42234] UL Throughput = 0.04848 Mbps
28658 ms [UE 30040] UL Throughput = 0.0 Mbps
28658 ms [UE 42234] UL Throughput = 0.09068 Mbps
28751 ms [UE 30040] UL Throughput = 0.0 Mbps
28751 ms [UE 42234] UL Throughput = 0.0224 Mbps
28846 ms [UE 30040] UL Throughput = 0.04765 Mbps
28846 ms [UE 42234] UL Throughput = 0.07952 Mbps
28938 ms [UE 42234] UL Throughput = 0.05864 Mbps
29034 ms [UE 30040] UL Throughput = 0.09949 Mbps
29039 ms [UE 30040] UL Throughput = 0.04446 Mbps
29039 ms [UE 42234] UL Throughput = 0.05446 Mbps
29172 ms [UE 30040] UL Throughput = 0.0 Mbps
29172 ms [UE 42234] UL Throughput = 0.0 Mbps
29262 ms [UE 30040] UL Throughput = 0.04364 Mbps
29262 ms [UE 42234] UL Throughput = 0.0 Mbps
29380 ms [UE 42234] UL Throughput = 0.05081 Mbps
29507 ms [UE 30040] UL Throughput = 0.0 Mbps
29507 ms [UE 42234] UL Throughput = 0.05602 Mbps
29589 ms [UE 30040] UL Throughput = 0.06243 Mbps
29589 ms [UE 42234] UL Throughput = 0.02304 Mbps
29691 ms [UE 30040] UL Throughput = 0.06766 Mbps
29691 ms [UE 42234] UL Throughput = 0.0 Mbps
29692 ms [UE 30040] UL Throughput = 0.09163 Mbps
29692 ms [UE 42234] UL Throughput = 0.0 Mbps
29799 ms [UE 30040] UL Throughput = 0.02328 Mbps
29799 ms [UE 42234] UL Throughput = 0.0 Mbps
29915 ms [UE 30040] UL Throughput = 0.0 Mbps
29915 ms [UE 42234] UL Throughput = 0.07164 Mbps
30018 ms [UE 30040] UL Throughput = 0.02682 Mbps
30018 ms [UE 42234] UL Throughput = 0.0 Mbps
30104 ms [UE 30040] UL Throughput = 0.0 Mbps
30104 ms [UE 42234] UL Throughput = 0.0 Mbps
30215 ms [UE 42234] UL Throughput = 0.03689 Mbps
30293 ms [UE 30040] UL Throughput = 0.05967 Mbps
30293 ms [UE 42234] UL Throughput = 0.0 Mbps
30390 ms [UE 42234] UL Throughput = 0.04983 Mbps
30491 ms [UE 30040] UL Throughput = 0.03918 Mbps
30491 ms [UE 42234] UL Throughput = 0.09179 Mbps
30580 ms [UE 30040] UL Throughput = 0.0 Mbps
30580 ms [UE 42234] UL Throughput = 0.02649 Mbps
30682 ms [UE 30040] UL Throughput = 0.0 Mbps
30682 ms [UE 42234] UL Throughput = 0.0568 Mbps
30688 ms [UE 30040] UL Throughput = 0.08106 Mbps
30771 ms [UE 30040] UL Throughput = 0.09314 Mbps
30771 ms [UE 42234] UL Throughput = 0.07691 Mbps
30854 ms [UE 30040] UL Throughput = 0.0 Mbps
30854 ms [UE 42234] UL Throughput = 0.0 Mbps
30974 ms [UE 30040] UL Throughput = 0.02889 Mbps
30974 ms [UE 42234] UL Throughput = 0.13514 Mbps
31084 ms [UE 30040] UL Throughput = 0.0 Mbps
31084 ms [UE 42234] UL Throughput = 0.0 Mbps
31183 ms [UE 30040] UL Throughput = 0.11211 Mbps
31277 ms [UE 30040] UL Throughput = 0.05571 Mbps
31277 ms [UE 42234] UL Throughput = 0.0 Mbps
31282 ms [UE 30040] UL Throughput = 0.0 Mbps
31282 ms [UE 42234] UL Throughput = 0.0 Mbps
31374 ms [UE 30040] UL Throughput = 0.04473 Mbps
31374 ms [UE 42234] UL Throughput = 0.09817 Mbps
31459 ms [UE 30040] UL Throughput = 0.01757 Mbps
31459 ms [UE 42234] UL Throughput = 0.09543 Mbps
31552 ms [UE 30040] UL Throughput = 0.01681 Mbps
31552 ms [UE 42234] UL Throughput = 0.03863 Mbps
31646 ms [UE 30040] UL Throughput = 0.02136 Mbps
31646 ms [UE 42234] UL Throughput = 0.02239 Mbps
31753 ms [UE 30040] UL Throughput = 0.02638 Mbps
31753 ms [UE 42234] UL Throughput = 0.0 Mbps
31841 ms [UE 30040] UL Throughput = 0.0 Mbps
31841 ms [UE 42234] UL Throughput = 0.0 Mbps
31951 ms [UE 30040] UL Throughput = 0.0 Mbps
31951 ms [UE 42234] UL Throughput = 0.0 Mbps
32060 ms [UE 30040] UL Throughput = 0.0105 Mbps
32060 ms [UE 42234] UL Throughput = 0.0 Mbps
32064 ms [UE 30040] UL Throughput = 0.06946 Mbps
32064 ms [UE 42234] UL Throughput = 0.0 Mbps
32178 ms [UE 30040] UL Throughput = 0.05324 Mbps
32178 ms [UE 42234] UL Throughput = 0.0 Mbps
32180 ms [UE 30040] UL Throughput = 0.0 Mbps
32180 ms [UE 42234] UL Throughput = 0.0 Mbps
32268 ms [UE 30040] UL Throughput = 0.06983 Mbps
32268 ms [UE 42234] UL Throughput = 0.04576 Mbps
32274 ms [UE 42234] UL Throughput = 0.0 Mbps
32376 ms [UE 30040] UL Throughput = 0.06478 Mbps
32376 ms [UE 42234] UL Throughput = 0.0 Mbps
32471 ms [UE 30040] UL Throughput = 0.0 Mbps
32471 ms [UE 42234] UL Throughput = 0.0 Mbps
32557 ms [UE 30040] UL Throughput = 0.0 Mbps
32557 ms [UE 42234] UL Throughput = 0.0223 Mbps
32672 ms [UE 30040] UL Throughput = 0.0 Mbps
32672 ms [UE 42234] UL Throughput = 0.0 Mbps
32770 ms [UE 30040] UL Throughput = 0.0 Mbps
32770 ms [UE 42234] UL Throughput = 0.08779 Mbps
32872 ms [UE 30040] UL Throughput = 0.0 Mbps
32974 ms [UE 30040] UL Throughput = 0.15407 Mbps
32974 ms [UE 42234] UL Throughput = 0.05001 Mbps
33050 ms [UE 30040] UL Throughput = 0.05587 Mbps
33157 ms [UE 30040] UL Throughput = 0.06942 Mbps
33157 ms [UE 42234] UL Throughput = 0.09189 Mbps
33289 ms [UE 30040] UL Throughput = 0.0 Mbps
33289 ms [UE 42234] UL Throughput = 0.0 Mbps
33399 ms [UE 30040] UL Throughput = 0.0 Mbps
33399 ms [UE 42234] UL Throughput = 0.0 Mbps
33492 ms [UE 42234] UL Throughput = 0.0 Mbps
33498 ms [UE 30040] UL Throughput = 0.02099 Mbps
33498 ms [UE 42234] UL Throughput = 0.02376 Mbps
33574 ms [UE 42234] UL Throughput = 0.0 Mbps
33684 ms [UE 30040] UL Throughput = 0.06465 Mbps
33684 ms [UE 42234] UL Throughput = 0.02841 Mbps
33752 ms [UE 30040] UL Throughput = 0.0 Mbps
33752 ms [UE 42234] UL Throughput = 0.02144 Mbps
33844 ms [UE 30040] UL Throughput = 0.03848 Mbps
33844 ms [UE 42234] UL Throughput = 0.0 Mbps
33971 ms [UE 42234] UL Throughput = 0.07978 Mbps
34076 ms [UE 30040] UL Throughput = 0.0 Mbps
34076 ms [UE 42234] UL Throughput = 0.01491 Mbps
34146 ms [UE 30040] UL Throughput = 0.06419 Mbps
34146 ms [UE 42234] UL Throughput = 0.0 Mbps
34220 ms [UE 30040] UL Throughput = 0.0 Mbps
34220 ms [UE 42234] UL Throughput = 0.0 Mbps
34225 ms [UE 30040] UL Throughput = 0.05043 Mbps
34225 ms [UE 42234] UL Throughput = 0.04701 Mbps
34227 ms [UE 30040] UL Throughput = 0.0 Mbps
34227 ms [UE 42234] UL Throughput = 0.0 Mbps
34345 ms [UE 30040] UL Throughput = 0.09006 Mbps
34345 ms [UE 42234] UL Throughput = 0.08524 Mbps
34462 ms [UE 30040] UL Throughput = 0.05223 Mbps
34563 ms [UE 30040] UL Throughput = 0.0 Mbps
34563 ms [UE 42234] UL Throughput = 0.0 Mbps
34634 ms [UE 30040] UL Throughput = 0.0 Mbps
34634 ms [UE 42234] UL Throughput = 0.06892 Mbps
34639 ms [UE 30040] UL Throughput = 0.0 Mbps
34750 ms [UE 30040] UL Throughput = 0.0 Mbps
34750 ms [UE 42234] UL Throughput = 0.0 Mbps
34832 ms [UE 30040] UL Throughput = 0.0 Mbps
34832 ms [UE 42234] UL Throughput = 0.0 Mbps
34833 ms [UE 30040] UL Throughput = 0.0 Mbps
34833 ms [UE 42234] UL Throughput = 0.09035 Mbps
34950 ms [UE 30040] UL Throughput = 0.09285 Mbps
35075 ms [UE 30040] UL Throughput = 0.0 Mbps
35075 ms [UE 42234] UL Throughput = 0.0 Mbps
35181 ms [UE 30040] UL Throughput = 0.0 Mbps
35181 ms [UE 42234] UL Throughput = 0.0 Mbps
35268 ms [UE 30040] UL Throughput = 0.0 Mbps
35268 ms [UE 42234] UL Throughput = 0.03418 Mbps
35364 ms [UE 30040] UL Throughput = 0.15901 Mbps
35364 ms [UE 42234] UL Throughput = 0.0 Mbps
35449 ms [UE 30040] UL Throughput = 0.05042 Mbps
35449 ms [UE 42234] UL Throughput = 0.07809 Mbps
35546 ms [UE 30040] UL Throughput = 0.02669 Mbps
35546 ms [UE 42234] UL Throughput = 0.0 Mbps
35638 ms [UE 30040] UL Throughput = 0.0 Mbps
35766 ms [UE 30040] UL Throughput = 0.02932 Mbps
35766 ms [UE 42234] UL Throughput = 0.0 Mbps
35852 ms [UE 30040] UL Throughput = 0.09036 Mbps
35852 ms [UE 42234] UL Throughput = 0.0 Mbps
35969 ms [UE 30040] UL Throughput = 0.0 Mbps
36073 ms [UE 30040] UL Throughput = 0.02284 Mbps
36073 ms [UE 42234] UL Throughput = 0.01065 Mbps
36176 ms [UE 30040] UL Throughput = 0.07418 Mbps
36176 ms [UE 42234] UL Throughput = 0.0342 Mbps
36179 ms [UE 30040] UL Throughput = 0.0 Mbps
36179 ms [UE 42234] UL Throughput = 0.09021 Mbps
36181 ms [UE 30040] UL Throughput = 0.0 Mbps
36181 ms [UE 42234] UL Throughput = 0.0 Mbps
36302 ms [UE 30040] UL Throughput = 0.01834 Mbps
36302 ms [UE 42234] UL Throughput = 0.0 Mbps
36391 ms [UE 30040] UL Throughput = 0.0 Mbps
36391 ms [UE 42234] UL Throughput = 0.02511 Mbps
36395 ms [UE 30040] UL Throughput = 0.0 Mbps
36395 ms [UE 42234] UL Throughput = 0.01848 Mbps
36397 ms [UE 30040] UL Throughput = 0.15202 Mbps
36397 ms [UE 42234] UL Throughput = 0.06502 Mbps
36490 ms [UE 42234] UL Throughput = 0.06082 Mbps
36594 ms [UE 30040] UL Throughput = 0.0 Mbps
36594 ms [UE 42234] UL Throughput = 0.0 Mbps
36693 ms [UE 30040] UL Throughput = 0.025 Mbps
36693 ms [UE 42234] UL Throughput = 0.07587 Mbps
36789 ms [UE 42234] UL Throughput = 0.0 Mbps
36901 ms [UE 30040] UL Throughput = 0.0 Mbps
36901 ms [UE 42234] UL Throughput = 0.0 Mbps
37025 ms [UE 30040] UL Throughput = 0.0 Mbps
37025 ms [UE 42234] UL Throughput = 0.0 Mbps
37099 ms [UE 30040] UL Throughput = 0.01817 Mbps
37099 ms [UE 42234] UL Throughput = 0.0 Mbps
37218 ms [UE 30040] UL Throughput = 0.0 Mbps
37218 ms [UE 42234] UL Throughput = 0.08783 Mbps
37303 ms [UE 30040] UL Throughput = 0.0 Mbps
37303 ms [UE 42234] UL Throughput = 0.03547 Mbps
37304 ms [UE 30040] UL Throughput = 0.0 Mbps
37304 ms [UE 42234] UL Throughput = 0.0 Mbps
37309 ms [UE 30040] UL Throughput = 0.02467 Mbps
37309 ms [UE 42234] UL Throughput = 0.11364 Mbps
37404 ms [UE 30040] UL Throughput = 0.04047 Mbps
37404 ms [UE 42234] UL Throughput = 0.0 Mbps
37406 ms [UE 30040] UL Throughput = 0.04935 Mbps
37406 ms [UE 42234] UL Throughput = 0.0 Mbps
37530 ms [UE 30040] UL Throughput = 0.09069 Mbps
37533 ms [UE 30040] UL Throughput = 0.0 Mbps
37533 ms [UE 42234] UL Throughput = 0.01408 Mbps
37625 ms [UE 42234] UL Throughput = 0.03621 Mbps
37729 ms [UE 30040] UL Throughput = 0.09741 Mbps
37729 ms [UE 42234] UL Throughput = 0.09144 Mbps
37828 ms [UE 30040] UL Throughput = 0.08947 Mbps
37828 ms [UE 42234] UL Throughput = 0.0 Mbps
37931 ms [UE 30040] UL Throughput = 0.0 Mbps
37931 ms [UE 42234] UL Throughput = 0.0 Mbps
38004 ms [UE 30040] UL Throughput = 0.0 Mbps
38004 ms [UE 42234] UL Throughput = 0.02657 Mbps
38098 ms [UE 30040] UL Throughput = 0.0 Mbps
38098 ms [UE 42234] UL Throughput = 0.01802 Mbps
38103 ms [UE 30040] UL Throughput = 0.03254 Mbps
38103 ms [UE 42234] UL Throughput = 0.03954 Mbps
38192 ms [UE 30040] UL Throughput = 0.0 Mbps
38192 ms [UE 42234] UL Throughput = 0.02691 Mbps
38288 ms [UE 30040] UL Throughput = 0.04538 Mbps
38288 ms [UE 42234] UL Throughput = 0.0 Mbps
38382 ms [UE 30040] UL Throughput = 0.04927 Mbps
38382 ms [UE 42234] UL Throughput = 0.0 Mbps
38477 ms [UE 30040] UL Throughput = 0.06634 Mbps
38477 ms [UE 42234] UL Throughput = 0.01728 Mbps
38480 ms [UE 30040] UL Throughput = 0.07731 Mbps
38480 ms [UE 42234] UL Throughput = 0.0 Mbps
38570 ms [UE 30040] UL Throughput = 0.01 Mbps
38570 ms [UE 42234] UL Throughput = 0.0266 Mbps
38687 ms [UE 30040] UL Throughput = 0.04354 Mbps
38687 ms [UE 42234] UL Throughput = 0.0 Mbps
38775 ms [UE 30040] UL Throughput = 0.09194 Mbps
38775 ms [UE 42234] UL Throughput = 0.0 Mbps
38886 ms [UE 30040] UL Throughput = 0.18196 Mbps
38886 ms [UE 42234] UL Throughput = 0.0 Mbps
38888 ms [UE 30040] UL Throughput = 0.0 Mbps
38888 ms [UE 42234] UL Throughput = 0.07061 Mbps
38983 ms [UE 30040] UL Throughput = 0.0 Mbps
38983 ms [UE 42234] UL Throughput = 0.06522 Mbps
39098 ms [UE 30040] UL Throughput = 0.0 Mbps
39197 ms [UE 30040] UL Throughput = 0.0 Mbps
39197 ms [UE 42234] UL Throughput = 0.0 Mbps
39288 ms [UE 30040] UL Throughput = 0.0 Mbps
39288 ms [UE 42234] UL Throughput = 0.07139 Mbps
39386 ms [UE 30040] UL Throughput = 0.0 Mbps
39386 ms [UE 42234] UL Throughput = 0.08464 Mbps
39462 ms [UE 30040] UL Throughput = 0.0 Mbps
39463 ms [UE 30040] UL Throughput = 0.0 Mbps
39463 ms [UE 42234] UL Throughput = 0.0633 Mbps
39582 ms [UE 30040] UL Throughput = 0.0 Mbps
39582 ms [UE 42234] UL Throughput = 0.02032 Mbps
39583 ms [UE 30040] UL Throughput = 0.0 Mbps
39583 ms [UE 42234] UL Throughput = 0.0 Mbps
39655 ms [UE 30040] UL Throughput = 0.0 Mbps
39655 ms [UE 42234] UL Throughput = 0.0176 Mbps
39757 ms [UE 30040] UL Throughput = 0.05823 Mbps
39757 ms [UE 42234] UL Throughput = 0.0 Mbps
39847 ms [UE 30040] UL Throughput = 0.0 Mbps
39847 ms [UE 42234] UL Throughput = 0.0 Mbps
39960 ms [UE 42234] UL Throughput = 0.0 Mbps
40032 ms [UE 30040] UL Throughput = 0.01641 Mbps
40151 ms [UE 42234] UL Throughput = 0.08786 Mbps
40227 ms [UE 30040] UL Throughput = 0.01689 Mbps
40227 ms [UE 42234] UL Throughput = 0.0 Mbps
40314 ms [UE 30040] UL Throughput = 0.0 Mbps
40314 ms [UE 42234] UL Throughput = 0.0 Mbps
40455 ms [UE 30040] UL Throughput = 0.0 Mbps
40455 ms [UE 42234] UL Throughput = 0.0959 Mbps
40568 ms [UE 30040] UL Throughput = 0.01156 Mbps
40568 ms [UE 42234] UL Throughput = 0.0 Mbps
40675 ms [UE 30040] UL Throughput = 0.0 Mbps
40675 ms [UE 42234] UL Throughput = 0.0 Mbps
40755 ms [UE 30040] UL Throughput = 0.0 Mbps
40755 ms [UE 42234] UL Throughput = 0.0 Mbps
40852 ms [UE 30040] UL Throughput = 0.0 Mbps
40852 ms [UE 42234] UL Throughput = 0.0 Mbps
40961 ms [UE 30040] UL Throughput = 0.0 Mbps
40961 ms [UE 42234] UL Throughput = 0.0 Mbps
41073 ms [UE 30040] UL Throughput = 0.04716 Mbps
41073 ms [UE 42234] UL Throughput = 0.0 Mbps
41188 ms [UE 30040] UL Throughput = 0.05253 Mbps
41188 ms [UE 42234] UL Throughput = 0.0 Mbps
41288 ms [UE 30040] UL Throughput = 0.0 Mbps
41288 ms [UE 42234] UL Throughput = 0.04612 Mbps
41393 ms [UE 30040] UL Throughput = 0.0 Mbps
41393 ms [UE 42234] UL Throughput = 0.04791 Mbps
41397 ms [UE 30040] UL Throughput = 0.0 Mbps
41397 ms [UE 42234] UL Throughput = 0.0 Mbps
41399 ms [UE 30040] UL Throughput = 0.0 Mbps
41399 ms [UE 42234] UL Throughput = 0.0 Mbps
41480 ms [UE 42234] UL Throughput = 0.09487 Mbps
41576 ms [UE 30040] UL Throughput = 0.14558 Mbps
41576 ms [UE 42234] UL Throughput = 0.0 Mbps
41686 ms [UE 30040] UL Throughput = 0.0 Mbps
41796 ms [UE 30040] UL Throughput = 0.0 Mbps
41796 ms [UE 42234] UL Throughput = 0.09376 Mbps
41797 ms [UE 30040] UL Throughput = 0.0 Mbps
41797 ms [UE 42234] UL Throughput = 0.0 Mbps
41906 ms [UE 30040] UL Throughput = 0.0 Mbps
41906 ms [UE 42234] UL Throughput = 0.01006 Mbps
41988 ms [UE 42234] UL Throughput = 0.03739 Mbps
42089 ms [UE 30040] UL Throughput = 0.01541 Mbps
42089 ms [UE 42234] UL Throughput = 0.0 Mbps
42090 ms [UE 42234] UL Throughput = 0.07862 Mbps
42207 ms [UE 30040] UL Throughput = 0.0745 Mbps
42207 ms [UE 42234] UL Throughput = 0.0 Mbps
42323 ms [UE 30040] UL Throughput = 0.08565 Mbps
42323 ms [UE 42234] UL Throughput = 0.0 Mbps
42419 ms [UE 30040] UL Throughput = 0.03787 Mbps
42419 ms [UE 42234] UL Throughput = 0.0 Mbps
42424 ms [UE 30040] UL Throughput = 0.0 Mbps
42424 ms [UE 42234] UL Throughput = 0.08583 Mbps
42429 ms [UE 42234] UL Throughput = 0.06731 Mbps
42536 ms [UE 30040] UL Throughput = 0.0 Mbps
42536 ms [UE 42234] UL Throughput = 0.02978 Mbps
42542 ms [UE 30040] UL Throughput = 0.06861 Mbps
42542 ms [UE 42234] UL Throughput = 0.0 Mbps
42635 ms [UE 30040] UL Throughput = 0.03108 Mbps
42635 ms [UE 42234] UL Throughput = 0.09811 Mbps
42638 ms [UE 30040] UL Throughput = 0.0 Mbps
42638 ms [UE 42234] UL Throughput = 0.0 Mbps
42711 ms [UE 30040] UL Throughput = 0.0 Mbps
42711 ms [UE 42234] UL Throughput = 0.0548 Mbps
42798 ms [UE 30040] UL Throughput = 0.0 Mbps
42798 ms [UE 42234] UL Throughput = 0.06535 Mbps
42799 ms [UE 30040] UL Throughput = 0.02461 Mbps
42799 ms [UE 42234] UL Throughput = 0.05438 Mbps
42928 ms [UE 30040] UL Throughput = 0.0 Mbps
42928 ms [UE 42234] UL Throughput = 0.0 Mbps
43051 ms [UE 30040] UL Throughput = 0.0 Mbps
43051 ms [UE 42234] UL Throughput = 0.02077 Mbps
43052 ms [UE 30040] UL Throughput = 0.06444 Mbps
43052 ms [UE 42234] UL Throughput = 0.06979 Mbps
43146 ms [UE 30040] UL Throughput = 0.0 Mbps
43146 ms [UE 42234] UL Throughput = 0.0 Mbps
43152 ms [UE 30040] UL Throughput = 0.0 Mbps
43152 ms [UE 42234] UL Throughput = 0.07863 Mbps
43254 ms [UE 30040] UL Throughput = 0.01651 Mbps
43254 ms [UE 42234] UL Throughput = 0.0 Mbps
43354 ms [UE 42234] UL Throughput = 0.0 Mbps
43429 ms [UE 30040] UL Throughput = 0.03299 Mbps
43429 ms [UE 42234] UL Throughput = 0.06049 Mbps
43434 ms [UE 30040] UL Throughput = 0.0 Mbps
43434 ms [UE 42234] UL Throughput = 0.0 Mbps
43544 ms [UE 30040] UL Throughput = 0.02858 Mbps
43544 ms [UE 42234] UL Throughput = 0.02911 Mbps
43550 ms [UE 30040] UL Throughput = 0.01624 Mbps
43550 ms [UE 42234] UL Throughput = 0.02763 Mbps
43555 ms [UE 42234] UL Throughput = 0.07814 Mbps
43646 ms [UE 30040] UL Throughput = 0.0 Mbps
43745 ms [UE 30040] UL Throughput = 0.0 Mbps
43745 ms [UE 42234] UL Throughput = 0.0 Mbps
43848 ms [UE 30040] UL Throughput = 0.07867 Mbps
43848 ms [UE 42234] UL Throughput = 0.0 Mbps
43853 ms [UE 30040] UL Throughput = 0.0 Mbps
43853 ms [UE 42234] UL Throughput = 0.0 Mbps
43859 ms [UE 30040] UL Throughput = 0.0 Mbps
43859 ms [UE 42234] UL Throughput = 0.0 Mbps
43972 ms [UE 42234] UL Throughput = 0.06856 Mbps
44076 ms [UE 30040] UL Throughput = 0.04424 Mbps
44076 ms [UE 42234] UL Throughput = 0.0 Mbps
44080 ms [UE 42234] UL Throughput = 0.0 Mbps
44187 ms [UE 42234] UL Throughput = 0.0 Mbps
44269 ms [UE 30040] UL Throughput = 0.07229 Mbps
44352 ms [UE 30040] UL Throughput = 0.0 Mbps
44352 ms [UE 42234] UL Throughput = 0.0 Mbps
44463 ms [UE 30040] UL Throughput = 0.07946 Mbps
44463 ms [UE 42234] UL Throughput = 0.01753 Mbps
44555 ms [UE 30040] UL Throughput = 0.08467 Mbps
44555 ms [UE 42234] UL Throughput = 0.0 Mbps
44679 ms [UE 42234] UL Throughput = 0.0 Mbps
44681 ms [UE 30040] UL Throughput = 0.0 Mbps
44681 ms [UE 42234] UL Throughput = 0.06697 Mbps
44773 ms [UE 42234] UL Throughput = 0.0443 Mbps
44867 ms [UE 30040] UL Throughput = 0.0 Mbps
44867 ms [UE 42234] UL Throughput = 0.08324 Mbps
44951 ms [UE 30040] UL Throughput = 0.07772 Mbps
44951 ms [UE 42234] UL Throughput = 0.0 Mbps
45071 ms [UE 30040] UL Throughput = 0.14621 Mbps
45071 ms [UE 42234] UL Throughput = 0.06162 Mbps
45174 ms [UE 30040] UL Throughput = 0.0584 Mbps
45174 ms [UE 42234] UL Throughput = 0.13346 Mbps
45271 ms [UE 42234] UL Throughput = 0.02218 Mbps
45277 ms [UE 30040] UL Throughput = 0.08757 Mbps
45277 ms [UE 42234] UL Throughput = 0.07952 Mbps
45278 ms [UE 30040] UL Throughput = 0.01993 Mbps
45278 ms [UE 42234] UL Throughput = 0.0 Mbps
45361 ms [UE 42234] UL Throughput = 0.04878 Mbps
45477 ms [UE 30040] UL Throughput = 0.0 Mbps
45477 ms [UE 42234] UL Throughput = 0.0 Mbps
45589 ms [UE 30040] UL Throughput = 0.0 Mbps
45589 ms [UE 42234] UL Throughput = 0.0 Mbps
45688 ms [UE 30040] UL Throughput = 0.0 Mbps
45778 ms [UE 30040] UL Throughput = 0.03625 Mbps
45778 ms [UE 42234] UL Throughput = 0.05787 Mbps
45864 ms [UE 30040] UL Throughput = 0.07327 Mbps
45864 ms [UE 42234] UL Throughput = 0.0 Mbps
45964 ms [UE 30040] UL Throughput = 0.0726 Mbps
45964 ms [UE 42234] UL Throughput = 0.0 Mbps
46066 ms [UE 30040] UL Throughput = 0.01692 Mbps
46066 ms [UE 42234] UL Throughput = 0.0 Mbps
46069 ms [UE 30040] UL Throughput = 0.0 Mbps
46180 ms [UE 30040] UL Throughput = 0.08857 Mbps
46180 ms [UE 42234] UL Throughput = 0.0 Mbps
46186 ms [UE 30040] UL Throughput = 0.0974 Mbps
46186 ms [UE 42234] UL Throughput = 0.0 Mbps
46280 ms [UE 42234] UL Throughput = 0.0 Mbps
46374 ms [UE 30040] UL Throughput = 0.05912 Mbps
46374 ms [UE 42234] UL Throughput = 0.01812 Mbps
46380 ms [UE 42234] UL Throughput = 0.05825 Mbps
46383 ms [UE 30040] UL Throughput = 0.03202 Mbps
46383 ms [UE 42234] UL Throughput = 0.09849 Mbps
46473 ms [UE 30040] UL Throughput = 0.01828 Mbps
46473 ms [UE 42234] UL Throughput = 0.0 Mbps
46561 ms [UE 30040] UL Throughput = 0.01182 Mbps
46561 ms [UE 42234] UL Throughput = 0.09526 Mbps
46656 ms [UE 30040] UL Throughput = 0.0714 Mbps
46656 ms [UE 42234] UL Throughput = 0.0 Mbps
46746 ms [UE 30040] UL Throughput = 0.01659 Mbps
46746 ms [UE 42234] UL Throughput = 0.0998 Mbps
46863 ms [UE 30040] UL Throughput = 0.0 Mbps
46863 ms [UE 42234] UL Throughput = 0.0 Mbps
46978 ms [UE 30040] UL Throughput = 0.04826 Mbps
46978 ms [UE 42234] UL Throughput = 0.0 Mbps
47080 ms [UE 42234] UL Throughput = 0.04872 Mbps
47086 ms [UE 30040] UL Throughput = 0.03945 Mbps
47086 ms [UE 42234] UL Throughput = 0.03948 Mbps
47161 ms [UE 30040] UL Throughput = 0.01187 Mbps
47161 ms [UE 42234] UL Throughput = 0.01043 Mbps
47246 ms [UE 30040] UL Throughput = 0.0 Mbps
47246 ms [UE 42234] UL Throughput = 0.0 Mbps
47252 ms [UE 30040] UL Throughput = 0.05653 Mbps
47252 ms [UE 42234] UL Throughput = 0.0 Mbps
47350 ms [UE 30040] UL Throughput = 0.09132 Mbps
47350 ms [UE 42234] UL Throughput = 0.08661 Mbps
47353 ms [UE 30040] UL Throughput = 0.0 Mbps
47353 ms [UE 42234] UL Throughput = 0.06692 Mbps
47476 ms [UE 30040] UL Throughput = 0.01263 Mbps
47476 ms [UE 42234] UL Throughput = 0.04254 Mbps
47572 ms [UE 30040] UL Throughput = 0.07494 Mbps
47572 ms [UE 42234] UL Throughput = 0.0 Mbps
47670 ms [UE 30040] UL Throughput = 0.0 Mbps
47670 ms [UE 42234] UL Throughput = 0.06039 Mbps
47765 ms [UE 30040] UL Throughput = 0.0 Mbps
47765 ms [UE 42234] UL Throughput = 0.03709 Mbps
47830 ms [UE 30040] UL Throughput = 0.07854 Mbps
47830 ms [UE 42234] UL Throughput = 0.07262 Mbps
47935 ms [UE 30040] UL Throughput = 0.05608 Mbps
47935 ms [UE 42234] UL Throughput = 0.08156 Mbps
48024 ms [UE 30040] UL Throughput = 0.07065 Mbps
48129 ms [UE 30040] UL Throughput = 0.0 Mbps
48250 ms [UE 30040] UL Throughput = 0.11338 Mbps
48250 ms [UE 42234] UL Throughput = 0.0939 Mbps
48331 ms [UE 42234] UL Throughput = 0.01929 Mbps
48334 ms [UE 30040] UL Throughput = 0.02202 Mbps
48334 ms [UE 42234] UL Throughput = 0.05009 Mbps
48443 ms [UE 30040] UL Throughput = 0.0 Mbps
48550 ms [UE 30040] UL Throughput = 0.0 Mbps
48550 ms [UE 42234] UL Throughput = 0.07421 Mbps
48556 ms [UE 30040] UL Throughput = 0.0 Mbps
48562 ms [UE 30040] UL Throughput = 0.0 Mbps
48562 ms [UE 42234] UL Throughput = 0.02066 Mbps
48652 ms [UE 30040] UL Throughput = 0.08908 Mbps
48652 ms [UE 42234] UL Throughput = 0.0 Mbps
48656 ms [UE 30040] UL Throughput = 0.1131 Mbps
48656 ms [UE 42234] UL Throughput = 0.0 Mbps
48755 ms [UE 30040] UL Throughput = 0.0775 Mbps
48755 ms [UE 42234] UL Throughput = 0.0 Mbps
48855 ms [UE 30040] UL Throughput = 0.0 Mbps
48855 ms [UE 42234] UL Throughput = 0.04744 Mbps
48856 ms [UE 30040] UL Throughput = 0.03127 Mbps
48856 ms [UE 42234] UL Throughput = 0.07046 Mbps
48860 ms [UE 30040] UL Throughput = 0.07596 Mbps
48860 ms [UE 42234] UL Throughput = 0.0 Mbps
48865 ms [UE 30040] UL Throughput = 0.05169 Mbps
48865 ms [UE 42234] UL Throughput = 0.07214 Mbps
48984 ms [UE 30040] UL Throughput = 0.08556 Mbps
48984 ms [UE 42234] UL Throughput = 0.04075 Mbps
49088 ms [UE 30040] UL Throughput = 0.08776 Mbps
49088 ms [UE 42234] UL Throughput = 0.07468 Mbps
49093 ms [UE 30040] UL Throughput = 0.07867 Mbps
49093 ms [UE 42234] UL Throughput = 0.0 Mbps
49187 ms [UE 30040] UL Throughput = 0.0 Mbps
49187 ms [UE 42234] UL Throughput = 0.0 Mbps
49283 ms [UE 30040] UL Throughput = 0.0 Mbps
49283 ms [UE 42234] UL Throughput = 0.0 Mbps
49284 ms [UE 30040] UL Throughput = 0.06868 Mbps
49284 ms [UE 42234] UL Throughput = 0.0 Mbps
49379 ms [UE 30040] UL Throughput = 0.02482 Mbps
49379 ms [UE 42234] UL Throughput = 0.0585 Mbps
49480 ms [UE 30040] UL Throughput = 0.0 Mbps
49480 ms [UE 42234] UL Throughput = 0.0 Mbps
49571 ms [UE 30040] UL Throughput = 0.0 Mbps
49659 ms [UE 30040] UL Throughput = 0.09723 Mbps
49659 ms [UE 42234] UL Throughput = 0.0 Mbps
49776 ms [UE 30040] UL Throughput = 0.0 Mbps
49776 ms [UE 42234] UL Throughput = 0.0682 Mbps
49862 ms [UE 30040] UL Throughput = 0.0 Mbps
49862 ms [UE 42234] UL Throughput = 0.08633 Mbps
49963 ms [UE 30040] UL Throughput = 0.0 Mbps
49963 ms [UE 42234] UL Throughput = 0.0 Mbps
50086 ms [UE 30040] UL Throughput = 0.08043 Mbps
50086 ms [UE 42234] UL Throughput = 0.09168 Mbps
50211 ms [UE 30040] UL Throughput = 0.0 Mbps
50211 ms [UE 42234] UL Throughput = 0.0 Mbps
50215 ms [UE 30040] UL Throughput = 0.0 Mbps
50215 ms [UE 42234] UL Throughput = 0.0 Mbps
50343 ms [UE 30040] UL Throughput = 0.0 Mbps
50430 ms [UE 30040] UL Throughput = 0.0224 Mbps
50430 ms [UE 42234] UL Throughput = 0.01021 Mbps
50540 ms [UE 30040] UL Throughput = 0.05059 Mbps
50540 ms [UE 42234] UL Throughput = 0.0 Mbps
50542 ms [UE 30040] UL Throughput = 0.09603 Mbps
50542 ms [UE 42234] UL Throughput = 0.0 Mbps
50653 ms [UE 30040] UL Throughput = 0.0 Mbps
50653 ms [UE 42234] UL Throughput = 0.0 Mbps
50744 ms [UE 30040] UL Throughput = 0.0 Mbps
50744 ms [UE 42234] UL Throughput = 0.0 Mbps
50840 ms [UE 30040] UL Throughput = 0.02631 Mbps
50840 ms [UE 42234] UL Throughput = 0.0 Mbps
50946 ms [UE 30040] UL Throughput = 0.03726 Mbps
50946 ms [UE 42234] UL Throughput = 0.07097 Mbps
51027 ms [UE 30040] UL Throughput = 0.07215 Mbps
51027 ms [UE 42234] UL Throughput = 0.0 Mbps
51113 ms [UE 30040] UL Throughput = 0.0 Mbps
51113 ms [UE 42234] UL Throughput = 0.04461 Mbps
51218 ms [UE 30040] UL Throughput = 0.06531 Mbps
51218 ms [UE 42234] UL Throughput = 0.05503 Mbps
51222 ms [UE 30040] UL Throughput = 0.08804 Mbps
51222 ms [UE 42234] UL Throughput = 0.0918 Mbps
51323 ms [UE 30040] UL Throughput = 0.0 Mbps
51323 ms [UE 42234] UL Throughput = 0.03434 Mbps
51428 ms [UE 30040] UL Throughput = 0.0 Mbps
51428 ms [UE 42234] UL Throughput = 0.0 Mbps
51505 ms [UE 30040] UL Throughput = 0.0 Mbps
51505 ms [UE 42234] UL Throughput = 0.04487 Mbps
51603 ms [UE 30040] UL Throughput = 0.03714 Mbps
51603 ms [UE 42234] UL Throughput = 0.06498 Mbps
51694 ms [UE 30040] UL Throughput = 0.0 Mbps
51694 ms [UE 42234] UL Throughput = 0.02145 Mbps
51788 ms [UE 30040] UL Throughput = 0.0 Mbps
51788 ms [UE 42234] UL Throughput = 0.0289 Mbps
51790 ms [UE 30040] UL Throughput = 0.08142 Mbps
51790 ms [UE 42234] UL Throughput = 0.0 Mbps
51871 ms [UE 30040] UL Throughput = 0.04455 Mbps
51875 ms [UE 30040] UL Throughput = 0.0 Mbps
51875 ms [UE 42234] UL Throughput = 0.05128 Mbps
51982 ms [UE 30040] UL Throughput = 0.0 Mbps
51982 ms [UE 42234] UL Throughput = 0.01708 Mbps
51988 ms [UE 30040] UL Throughput = 0.0 Mbps
51988 ms [UE 42234] UL Throughput = 0.1139 Mbps
52086 ms [UE 30040] UL Throughput = 0.0 Mbps
52204 ms [UE 30040] UL Throughput = 0.03779 Mbps
52208 ms [UE 30040] UL Throughput = 0.0 Mbps
52208 ms [UE 42234] UL Throughput = 0.07892 Mbps
52304 ms [UE 30040] UL Throughput = 0.0 Mbps
52304 ms [UE 42234] UL Throughput = 0.03045 Mbps
52382 ms [UE 42234] UL Throughput = 0.0 Mbps
52482 ms [UE 30040] UL Throughput = 0.12019 Mbps
52482 ms [UE 42234] UL Throughput = 0.0 Mbps
52588 ms [UE 30040] UL Throughput = 0.04809 Mbps
52588 ms [UE 42234] UL Throughput = 0.07386 Mbps
52660 ms [UE 30040] UL Throughput = 0.0 Mbps
52660 ms [UE 42234] UL Throughput = 0.0 Mbps
52745 ms [UE 30040] UL Throughput = 0.0 Mbps
52837 ms [UE 30040] UL Throughput = 0.04959 Mbps
52840 ms [UE 30040] UL Throughput = 0.0 Mbps
52840 ms [UE 42234] UL Throughput = 0.0947 Mbps
52930 ms [UE 30040] UL Throughput = 0.01517 Mbps
52930 ms [UE 42234] UL Throughput = 0.06182 Mbps
53017 ms [UE 30040] UL Throughput = 0.0 Mbps
53017 ms [UE 42234] UL Throughput = 0.0 Mbps
53108 ms [UE 30040] UL Throughput = 0.0846 Mbps
53108 ms [UE 42234] UL Throughput = 0.06323 Mbps
53208 ms [UE 42234] UL Throughput = 0.0 Mbps
53324 ms [UE 30040] UL Throughput = 0.0 Mbps
53324 ms [UE 42234] UL Throughput = 0.01755 Mbps
53429 ms [UE 30040] UL Throughput = 0.0 Mbps
53429 ms [UE 42234] UL Throughput = 0.01418 Mbps
53499 ms [UE 30040] UL Throughput = 0.07804 Mbps
53499 ms [UE 42234] UL Throughput = 0.0 Mbps
53590 ms [UE 30040] UL Throughput = 0.0 Mbps
53682 ms [UE 30040] UL Throughput = 0.0 Mbps
53682 ms [UE 42234] UL Throughput = 0.03445 Mbps
53763 ms [UE 30040] UL Throughput = 0.0 Mbps
53763 ms [UE 42234] UL Throughput = 0.0 Mbps
53892 ms [UE 30040] UL Throughput = 0.06778 Mbps
53892 ms [UE 42234] UL Throughput = 0.07944 Mbps
53997 ms [UE 30040] UL Throughput = 0.03937 Mbps
53997 ms [UE 42234] UL Throughput = 0.02166 Mbps
54109 ms [UE 30040] UL Throughput = 0.0 Mbps
54109 ms [UE 42234] UL Throughput = 0.0 Mbps
54214 ms [UE 30040] UL Throughput = 0.08047 Mbps
54214 ms [UE 42234] UL Throughput = 0.07611 Mbps
54314 ms [UE 30040] UL Throughput = 0.0 Mbps
54314 ms [UE 42234] UL Throughput = 0.10826 Mbps
54318 ms [UE 30040] UL Throughput = 0.03483 Mbps
54318 ms [UE 42234] UL Throughput = 0.0 Mbps
54322 ms [UE 30040] UL Throughput = 0.09485 Mbps
54322 ms [UE 42234] UL Throughput = 0.0 Mbps
54423 ms [UE 30040] UL Throughput = 0.0 Mbps
54423 ms [UE 42234] UL Throughput = 0.05651 Mbps
54534 ms [UE 30040] UL Throughput = 0.0 Mbps
54534 ms [UE 42234] UL Throughput = 0.08318 Mbps
54623 ms [UE 30040] UL Throughput = 0.0 Mbps
54623 ms [UE 42234] UL Throughput = 0.0 Mbps
54712 ms [UE 30040] UL Throughput = 0.0 Mbps
54801 ms [UE 30040] UL Throughput = 0.0 Mbps
54801 ms [UE 42234] UL Throughput = 0.073 Mbps
54803 ms [UE 30040] UL Throughput = 0.03495 Mbps
54803 ms [UE 42234] UL Throughput = 0.0 Mbps
54906 ms [UE 42234] UL Throughput = 0.0 Mbps
55024 ms [UE 30040] UL Throughput = 0.07626 Mbps
55024 ms [UE 42234] UL Throughput = 0.0 Mbps
55114 ms [UE 30040] UL Throughput = 0.0 Mbps
55114 ms [UE 42234] UL Throughput = 0.0 Mbps
55206 ms [UE 42234] UL Throughput = 0.0 Mbps
55295 ms [UE 30040] UL Throughput = 0.0 Mbps
55295 ms [UE 42234] UL Throughput = 0.0 Mbps
55297 ms [UE 30040] UL Throughput = 0.02986 Mbps
55297 ms [UE 42234] UL Throughput = 0.0 Mbps
55390 ms [UE 30040] UL Throughput = 0.06544 Mbps
55390 ms [UE 42234] UL Throughput = 0.0 Mbps
55506 ms [UE 30040] UL Throughput = 0.0 Mbps
55506 ms [UE 42234] UL Throughput = 0.06894 Mbps
55588 ms [UE 30040] UL Throughput = 0.0 Mbps
55588 ms [UE 42234] UL Throughput = 0.0 Mbps
55684 ms [UE 42234] UL Throughput = 0.0 Mbps
55792 ms [UE 30040] UL Throughput = 0.04941 Mbps
55792 ms [UE 42234] UL Throughput = 0.09871 Mbps
55798 ms [UE 30040] UL Throughput = 0.08719 Mbps
55798 ms [UE 42234] UL Throughput = 0.05397 Mbps
55889 ms [UE 30040] UL Throughput = 0.02111 Mbps
55889 ms [UE 42234] UL Throughput = 0.0 Mbps
55999 ms [UE 30040] UL Throughput = 0.03936 Mbps
55999 ms [UE 42234] UL Throughput = 0.0 Mbps
56078 ms [UE 30040] UL Throughput = 0.0 Mbps
56078 ms [UE 42234] UL Throughput = 0.0 Mbps
56188 ms [UE 42234] UL Throughput = 0.07899 Mbps
56288 ms [UE 30040] UL Throughput = 0.0 Mbps
56288 ms [UE 42234] UL Throughput = 0.02684 Mbps
56379 ms [UE 30040] UL Throughput = 0.0 Mbps
56379 ms [UE 42234] UL Throughput = 0.0 Mbps
56473 ms [UE 30040] UL Throughput = 0.03511 Mbps
56473 ms [UE 42234] UL Throughput = 0.06346 Mbps
56562 ms [UE 42234] UL Throughput = 0.07234 Mbps
56659 ms [UE 30040] UL Throughput = 0.0 Mbps
56659 ms [UE 42234] UL Throughput = 0.05877 Mbps
56764 ms [UE 30040] UL Throughput = 0.07435 Mbps
56764 ms [UE 42234] UL Throughput = 0.0 Mbps
56872 ms [UE 30040] UL Throughput = 0.0659 Mbps
56872 ms [UE 42234] UL Throughput = 0.0642 Mbps
56970 ms [UE 30040] UL Throughput = 0.0 Mbps
56970 ms [UE 42234] UL Throughput = 0.0 Mbps
56976 ms [UE 30040] UL Throughput = 0.0 Mbps
56976 ms [UE 42234] UL Throughput = 0.0 Mbps
57071 ms [UE 42234] UL Throughput = 0.04942 Mbps
57072 ms [UE 30040] UL Throughput = 0.02232 Mbps
57072 ms [UE 42234] UL Throughput = 0.0 Mbps
57174 ms [UE 30040] UL Throughput = 0.03214 Mbps
57174 ms [UE 42234] UL Throughput = 0.02905 Mbps
57291 ms [UE 30040] UL Throughput = 0.0 Mbps
57291 ms [UE 42234] UL Throughput = 0.0 Mbps
57393 ms [UE 30040] UL Throughput = 0.08805 Mbps
57393 ms [UE 42234] UL Throughput = 0.0 Mbps
57506 ms [UE 30040] UL Throughput = 0.08896 Mbps
57506 ms [UE 42234] UL Throughput = 0.09797 Mbps
57624 ms [UE 30040] UL Throughput = 0.0 Mbps
57624 ms [UE 42234] UL Throughput = 0.01043 Mbps
57713 ms [UE 30040] UL Throughput = 0.0 Mbps
57713 ms [UE 42234] UL Throughput = 0.0 Mbps
57719 ms [UE 42234] UL Throughput = 0.02205 Mbps
57828 ms [UE 42234] UL Throughput = 0.06373 Mbps
57929 ms [UE 30040] UL Throughput = 0.0126 Mbps
57929 ms [UE 42234] UL Throughput = 0.05336 Mbps
57932 ms [UE 30040] UL Throughput = 0.05007 Mbps
57932 ms [UE 42234] UL Throughput = 0.02756 Mbps
57937 ms [UE 30040] UL Throughput = 0.0 Mbps
57937 ms [UE 42234] UL Throughput = 0.0 Mbps
57938 ms [UE 30040] UL Throughput = 0.0 Mbps
57938 ms [UE 42234] UL Throughput = 0.04303 Mbps
58082 ms [UE 30040] UL Throughput = 0.05436 Mbps
58180 ms [UE 30040] UL Throughput = 0.02616 Mbps
58180 ms [UE 42234] UL Throughput = 0.03532 Mbps
58275 ms [UE 30040] UL Throughput = 0.0 Mbps
58275 ms [UE 42234] UL Throughput = 0.0 Mbps
58392 ms [UE 30040] UL Throughput = 0.0 Mbps
58392 ms [UE 42234] UL Throughput = 0.02978 Mbps
58487 ms [UE 30040] UL Throughput = 0.0 Mbps
58487 ms [UE 42234] UL Throughput = 0.0 Mbps
58578 ms [UE 42234] UL Throughput = 0.06849 Mbps
58694 ms [UE 30040] UL Throughput = 0.0 Mbps
58694 ms [UE 42234] UL Throughput = 0.09786 Mbps
58827 ms [UE 30040] UL Throughput = 0.03074 Mbps
58827 ms [UE 42234] UL Throughput = 0.0 Mbps
58941 ms [UE 30040] UL Throughput = 0.0 Mbps
58941 ms [UE 42234] UL Throughput = 0.09023 Mbps
59015 ms [UE 30040] UL Throughput = 0.07752 Mbps
59015 ms [UE 42234] UL Throughput = 0.02015 Mbps
59122 ms [UE 30040] UL Throughput = 0.0 Mbps
59122 ms [UE 42234] UL Throughput = 0.0 Mbps
59220 ms [UE 30040] UL Throughput = 0.0 Mbps
59220 ms [UE 42234] UL Throughput = 0.04839 Mbps
59324 ms [UE 42234] UL Throughput = 0.0 Mbps
59456 ms [UE 30040] UL Throughput = 0.05051 Mbps
59456 ms [UE 42234] UL Throughput = 0.05425 Mbps
59462 ms [UE 30040] UL Throughput = 0.13389 Mbps
59462 ms [UE 42234] UL Throughput = 0.0 Mbps
59566 ms [UE 30040] UL Throughput = 0.0826 Mbps
59566 ms [UE 42234] UL Throughput = 0.0 Mbps
59670 ms [UE 30040] UL Throughput = 0.0 Mbps
59670 ms [UE 42234] UL Throughput = 0.06771 Mbps
59767 ms [UE 30040] UL Throughput = 0.06426 Mbps
59874 ms [UE 30040] UL Throughput = 0.04334 Mbps
59874 ms [UE 42234] UL Throughput = 0.0 Mbps
59994 ms [UE 30040] UL Throughput = 0.0 Mbps
59994 ms [UE 42234] UL Throughput = 0.0 Mbps
60107 ms [UE 30040] UL Throughput = 0.03944 Mbps
60107 ms [UE 42234] UL Throughput = 0.08199 Mbps
60180 ms [UE 30040] UL Throughput = 0.01457 Mbps
60180 ms [UE 42234] UL Throughput = 0.0 Mbps
60263 ms [UE 30040] UL Throughput = 0.08664 Mbps
60263 ms [UE 42234] UL Throughput = 0.0632 Mbps
60364 ms [UE 30040] UL Throughput = 0.0805 Mbps
60364 ms [UE 42234] UL Throughput = 0.09976 Mbps
60448 ms [UE 30040] UL Throughput = 0.02569 Mbps
60448 ms [UE 42234] UL Throughput = 0.0 Mbps
60452 ms [UE 42234] UL Throughput = 0.0 Mbps
60526 ms [UE 30040] UL Throughput = 0.0 Mbps
60526 ms [UE 42234] UL Throughput = 0.0 Mbps
60623 ms [UE 30040] UL Throughput = 0.0 Mbps
60623 ms [UE 42234] UL Throughput = 0.02129 Mbps
60627 ms [UE 30040] UL Throughput = 0.06551 Mbps
60627 ms [UE 42234] UL Throughput = 0.08676 Mbps
60723 ms [UE 30040] UL Throughput = 0.04786 Mbps
60723 ms [UE 42234] UL Throughput = 0.0 Mbps
60728 ms [UE 30040] UL Throughput = 0.18435 Mbps
60728 ms [UE 42234] UL Throughput = 0.0 Mbps
60836 ms [UE 30040] UL Throughput = 0.0889 Mbps
60836 ms [UE 42234] UL Throughput = 0.0 Mbps
60939 ms [UE 30040] UL Throughput = 0.03771 Mbps
60939 ms [UE 42234] UL Throughput = 0.04202 Mbps
61044 ms [UE 30040] UL Throughput = 0.0 Mbps
61138 ms [UE 30040] UL Throughput = 0.05929 Mbps
61138 ms [UE 42234] UL Throughput = 0.0 Mbps
61240 ms [UE 30040] UL Throughput = 0.0 Mbps
61240 ms [UE 42234] UL Throughput = 0.03257 Mbps
61332 ms [UE 42234] UL Throughput = 0.0 Mbps
61409 ms [UE 30040] UL Throughput = 0.0 Mbps
61409 ms [UE 42234] UL Throughput = 0.0 Mbps
61415 ms [UE 30040] UL Throughput = 0.0 Mbps
61415 ms [UE 42234] UL Throughput = 0.0 Mbps
61527 ms [UE 30040] UL Throughput = 0.09343 Mbps
61527 ms [UE 42234] UL Throughput = 0.0 Mbps
61640 ms [UE 30040] UL Throughput = 0.0 Mbps
61640 ms [UE 42234] UL Throughput = 0.0 Mbps
61751 ms [UE 30040] UL Throughput = 0.01838 Mbps
61751 ms [UE 42234] UL Throughput = 0.09964 Mbps
61855 ms [UE 30040] UL Throughput = 0.01893 Mbps
61855 ms [UE 42234] UL Throughput = 0.07556 Mbps
61856 ms [UE 30040] UL Throughput = 0.0 Mbps
61856 ms [UE 42234] UL Throughput = 0.04897 Mbps
61861 ms [UE 30040] UL Throughput = 0.07496 Mbps
61861 ms [UE 42234] UL Throughput = 0.04099 Mbps
61968 ms [UE 30040] UL Throughput = 0.0 Mbps
61968 ms [UE 42234] UL Throughput = 0.01734 Mbps
62072 ms [UE 30040] UL Throughput = 0.02309 Mbps
62072 ms [UE 42234] UL Throughput = 0.04799 Mbps
62174 ms [UE 30040] UL Throughput = 0.0 Mbps
62174 ms [UE 42234] UL Throughput = 0.01423 Mbps
62180 ms [UE 30040] UL Throughput = 0.06333 Mbps
62180 ms [UE 42234] UL Throughput = 0.0 Mbps
62184 ms [UE 30040] UL Throughput = 0.08543 Mbps
62184 ms [UE 42234] UL Throughput = 0.02934 Mbps
62285 ms [UE 30040] UL Throughput = 0.0 Mbps
62285 ms [UE 42234] UL Throughput = 0.02439 Mbps
62401 ms [UE 30040] UL Throughput = 0.0 Mbps
62401 ms [UE 42234] UL Throughput = 0.05681 Mbps
62502 ms [UE 30040] UL Throughput = 0.08755 Mbps
62502 ms [UE 42234] UL Throughput = 0.0 Mbps
62587 ms [UE 30040] UL Throughput = 0.0 Mbps
62587 ms [UE 42234] UL Throughput = 0.05728 Mbps
62714 ms [UE 30040] UL Throughput = 0.0 Mbps
62714 ms [UE 42234] UL Throughput = 0.0 Mbps
62812 ms [UE 30040] UL Throughput = 0.05515 Mbps
62812 ms [UE 42234] UL Throughput = 0.08331 Mbps
62907 ms [UE 30040] UL Throughput = 0.04361 Mbps
62907 ms [UE 42234] UL Throughput = 0.03108 Mbps
63032 ms [UE 30040] UL Throughput = 0.0 Mbps
63032 ms [UE 42234] UL Throughput = 0.08454 Mbps
63150 ms [UE 30040] UL Throughput = 0.06623 Mbps
63150 ms [UE 42234] UL Throughput = 0.04882 Mbps
63153 ms [UE 30040] UL Throughput = 0.0 Mbps
63153 ms [UE 42234] UL Throughput = 0.03067 Mbps
63282 ms [UE 30040] UL Throughput = 0.06227 Mbps
63282 ms [UE 42234] UL Throughput = 0.0 Mbps
63385 ms [UE 30040] UL Throughput = 0.04568 Mbps
63385 ms [UE 42234] UL Throughput = 0.0 Mbps
63495 ms [UE 30040] UL Throughput = 0.07887 Mbps
63495 ms [UE 42234] UL Throughput = 0.07133 Mbps
63611 ms [UE 42234] UL Throughput = 0.0 Mbps
63727 ms [UE 30040] UL Throughput = 0.0 Mbps
63727 ms [UE 42234] UL Throughput = 0.09972 Mbps
63731 ms [UE 30040] UL Throughput = 0.07585 Mbps
63731 ms [UE 42234] UL Throughput = 0.0 Mbps
63821 ms [UE 30040] UL Throughput = 0.09583 Mbps
63933 ms [UE 30040] UL Throughput = 0.0 Mbps
63933 ms [UE 42234] UL Throughput = 0.0 Mbps
64037 ms [UE 30040] UL Throughput = 0.02143 Mbps
64037 ms [UE 42234] UL Throughput = 0.05323 Mbps
64040 ms [UE 30040] UL Throughput = 0.0 Mbps
64040 ms [UE 42234] UL Throughput = 0.09715 Mbps
64041 ms [UE 30040] UL Throughput = 0.03243 Mbps
64041 ms [UE 42234] UL Throughput = 0.09025 Mbps
64142 ms [UE 30040] UL Throughput = 0.0776 Mbps
64142 ms [UE 42234] UL Throughput = 0.08926 Mbps
64241 ms [UE 30040] UL Throughput = 0.0221 Mbps
64241 ms [UE 42234] UL Throughput = 0.02446 Mbps
64323 ms [UE 30040] UL Throughput = 0.09148 Mbps
64323 ms [UE 42234] UL Throughput = 0.03651 Mbps
64439 ms [UE 30040] UL Throughput = 0.09295 Mbps
64439 ms [UE 42234] UL Throughput = 0.0 Mbps
64441 ms [UE 30040] UL Throughput = 0.07659 Mbps
64441 ms [UE 42234] UL Throughput = 0.0 Mbps
64536 ms [UE 30040] UL Throughput = 0.06756 Mbps
64536 ms [UE 42234] UL Throughput = 0.0 Mbps
64626 ms [UE 30040] UL Throughput = 0.0 Mbps
64626 ms [UE 42234] UL Throughput = 0.0 Mbps
64728 ms [UE 30040] UL Throughput = 0.02082 Mbps
64732 ms [UE 30040] UL Throughput = 0.0293 Mbps
64732 ms [UE 42234] UL Throughput = 0.01948 Mbps
64843 ms [UE 30040] UL Throughput = 0.0 Mbps
64843 ms [UE 42234] UL Throughput = 0.0526 Mbps
64970 ms [UE 30040] UL Throughput = 0.0 Mbps
64970 ms [UE 42234] UL Throughput = 0.0 Mbps
65053 ms [UE 42234] UL Throughput = 0.0 Mbps
65131 ms [UE 30040] UL Throughput = 0.0 Mbps
65131 ms [UE 42234] UL Throughput = 0.04042 Mbps
65227 ms [UE 30040] UL Throughput = 0.0 Mbps
65227 ms [UE 42234] UL Throughput = 0.08786 Mbps
65314 ms [UE 30040] UL Throughput = 0.07923 Mbps
65314 ms [UE 42234] UL Throughput = 0.08226 Mbps
65320 ms [UE 30040] UL Throughput = 0.0 Mbps
65320 ms [UE 42234] UL Throughput = 0.01141 Mbps
65415 ms [UE 30040] UL Throughput = 0.0 Mbps
65415 ms [UE 42234] UL Throughput = 0.0 Mbps
65520 ms [UE 30040] UL Throughput = 0.0 Mbps
65520 ms [UE 42234] UL Throughput = 0.0 Mbps
65612 ms [UE 30040] UL Throughput = 0.0 Mbps
65612 ms [UE 42234] UL Throughput = 0.01468 Mbps
65732 ms [UE 30040] UL Throughput = 0.08944 Mbps
65732 ms [UE 42234] UL Throughput = 0.0 Mbps
65859 ms [UE 30040] UL Throughput = 0.22 Mbps
65859 ms [UE 42234] UL Throughput = 0.09241 Mbps
65962 ms [UE 42234] UL Throughput = 0.08419 Mbps
66041 ms [UE 30040] UL Throughput = 0.02145 Mbps
66137 ms [UE 30040] UL Throughput = 0.0 Mbps
66137 ms [UE 42234] UL Throughput = 0.07565 Mbps
66245 ms [UE 30040] UL Throughput = 0.04558 Mbps
66245 ms [UE 42234] UL Throughput = 0.0 Mbps
66341 ms [UE 30040] UL Throughput = 0.02811 Mbps
66345 ms [UE 30040] UL Throughput = 0.0 Mbps
66349 ms [UE 30040] UL Throughput = 0.12771 Mbps
66349 ms [UE 42234] UL Throughput = 0.08166 Mbps
66429 ms [UE 42234] UL Throughput = 0.0 Mbps
66435 ms [UE 30040] UL Throughput = 0.0497 Mbps
66435 ms [UE 42234] UL Throughput = 0.08469 Mbps
66536 ms [UE 30040] UL Throughput = 0.05011 Mbps
66536 ms [UE 42234] UL Throughput = 0.03102 Mbps
66640 ms [UE 30040] UL Throughput = 0.01251 Mbps
66640 ms [UE 42234] UL Throughput = 0.02196 Mbps
66761 ms [UE 30040] UL Throughput = 0.05206 Mbps
66857 ms [UE 30040] UL Throughput = 0.0375 Mbps
66857 ms [UE 42234] UL Throughput = 0.0 Mbps
66962 ms [UE 30040] UL Throughput = 0.0 Mbps
66962 ms [UE 42234] UL Throughput = 0.11496 Mbps
67081 ms [UE 30040] UL Throughput = 0.09475 Mbps
67197 ms [UE 30040] UL Throughput = 0.06527 Mbps
67197 ms [UE 42234] UL Throughput = 0.07595 Mbps
67316 ms [UE 30040] UL Throughput = 0.0328 Mbps
67316 ms [UE 42234] UL Throughput = 0.0 Mbps
67425 ms [UE 30040] UL Throughput = 0.09913 Mbps
67425 ms [UE 42234] UL Throughput = 0.07284 Mbps
67507 ms [UE 30040] UL Throughput = 0.07929 Mbps
67507 ms [UE 42234] UL Throughput = 0.0 Mbps
67597 ms [UE 30040] UL Throughput = 0.0 Mbps
67597 ms [UE 42234] UL Throughput = 0.09705 Mbps
67688 ms [UE 30040] UL Throughput = 0.0 Mbps
67688 ms [UE 42234] UL Throughput = 0.05478 Mbps
67691 ms [UE 30040] UL Throughput = 0.0 Mbps
67691 ms [UE 42234] UL Throughput = 0.0 Mbps
67696 ms [UE 30040] UL Throughput = 0.02744 Mbps
67696 ms [UE 42234] UL Throughput = 0.05776 Mbps
67809 ms [UE 30040] UL Throughput = 0.05625 Mbps
67809 ms [UE 42234] UL Throughput = 0.0 Mbps
67926 ms [UE 30040] UL Throughput = 0.0 Mbps
67926 ms [UE 42234] UL Throughput = 0.0 Mbps
67929 ms [UE 30040] UL Throughput = 0.09107 Mbps
68018 ms [UE 30040] UL Throughput = 0.06344 Mbps
68018 ms [UE 42234] UL Throughput = 0.06328 Mbps
68139 ms [UE 30040] UL Throughput = 0.02854 Mbps
68238 ms [UE 30040] UL Throughput = 0.0 Mbps
68238 ms [UE 42234] UL Throughput = 0.0 Mbps
68328 ms [UE 30040] UL Throughput = 0.0 Mbps
68328 ms [UE 42234] UL Throughput = 0.0 Mbps
68427 ms [UE 30040] UL Throughput = 0.0 Mbps
68427 ms [UE 42234] UL Throughput = 0.0 Mbps
68525 ms [UE 30040] UL Throughput = 0.01599 Mbps
68525 ms [UE 42234] UL Throughput = 0.0 Mbps
68619 ms [UE 30040] UL Throughput = 0.0 Mbps
68619 ms [UE 42234] UL Throughput = 0.04288 Mbps
68738 ms [UE 42234] UL Throughput = 0.0996 Mbps
68744 ms [UE 30040] UL Throughput = 0.0 Mbps
68864 ms [UE 30040] UL Throughput = 0.01152 Mbps
68864 ms [UE 42234] UL Throughput = 0.0 Mbps
68963 ms [UE 30040] UL Throughput = 0.01824 Mbps
68963 ms [UE 42234] UL Throughput = 0.0 Mbps
69067 ms [UE 30040] UL Throughput = 0.0 Mbps
69067 ms [UE 42234] UL Throughput = 0.0 Mbps
69140 ms [UE 30040] UL Throughput = 0.0 Mbps
69140 ms [UE 42234] UL Throughput = 0.11671 Mbps
69146 ms [UE 30040] UL Throughput = 0.0 Mbps
69146 ms [UE 42234] UL Throughput = 0.0 Mbps
69150 ms [UE 30040] UL Throughput = 0.08028 Mbps
69150 ms [UE 42234] UL Throughput = 0.0 Mbps
69254 ms [UE 42234] UL Throughput = 0.0 Mbps
69259 ms [UE 30040] UL Throughput = 0.0 Mbps
69259 ms [UE 42234] UL Throughput = 0.0 Mbps
69261 ms [UE 30040] UL Throughput = 0.0 Mbps
69261 ms [UE 42234] UL Throughput = 0.0 Mbps
69353 ms [UE 30040] UL Throughput = 0.0 Mbps
69446 ms [UE 30040] UL Throughput = 0.0649 Mbps
69446 ms [UE 42234] UL Throughput = 0.07154 Mbps
69551 ms [UE 30040] UL Throughput = 0.09417 Mbps
69551 ms [UE 42234] UL Throughput = 0.07053 Mbps
69663 ms [UE 30040] UL Throughput = 0.0 Mbps
69663 ms [UE 42234] UL Throughput = 0.01615 Mbps
69667 ms [UE 30040] UL Throughput = 0.0 Mbps
69667 ms [UE 42234] UL Throughput = 0.04413 Mbps
69668 ms [UE 30040] UL Throughput = 0.0322 Mbps
69668 ms [UE 42234] UL Throughput = 0.09826 Mbps
69758 ms [UE 30040] UL Throughput = 0.07927 Mbps
69758 ms [UE 42234] UL Throughput = 0.0 Mbps
69882 ms [UE 30040] UL Throughput = 0.0 Mbps
69882 ms [UE 42234] UL Throughput = 0.02907 Mbps
69978 ms [UE 30040] UL Throughput = 0.0 Mbps
70097 ms [UE 30040] UL Throughput = 0.0 Mbps
70097 ms [UE 42234] UL Throughput = 0.0 Mbps
70203 ms [UE 42234] UL Throughput = 0.05702 Mbps
70207 ms [UE 30040] UL Throughput = 0.0 Mbps
70207 ms [UE 42234] UL Throughput = 0.0 Mbps
70209 ms [UE 30040] UL Throughput = 0.06868 Mbps
70209 ms [UE 42234] UL Throughput = 0.0 Mbps
70321 ms [UE 30040] UL Throughput = 0.05198 Mbps
70321 ms [UE 42234] UL Throughput = 0.0 Mbps
70410 ms [UE 30040] UL Throughput = 0.03891 Mbps
70520 ms [UE 42234] UL Throughput = 0.0 Mbps
70624 ms [UE 30040] UL Throughput = 0.07113 Mbps
70624 ms [UE 42234] UL Throughput = 0.04153 Mbps
70626 ms [UE 42234] UL Throughput = 0.04919 Mbps
70726 ms [UE 30040] UL Throughput = 0.16208 Mbps
70726 ms [UE 42234] UL Throughput = 0.03854 Mbps
70810 ms [UE 30040] UL Throughput = 0.0 Mbps
70810 ms [UE 42234] UL Throughput = 0.06062 Mbps
70928 ms [UE 30040] UL Throughput = 0.06165 Mbps
70928 ms [UE 42234] UL Throughput = 0.0 Mbps
71055 ms [UE 42234] UL Throughput = 0.0 Mbps
71160 ms [UE 30040] UL Throughput = 0.0 Mbps
71160 ms [UE 42234] UL Throughput = 0.03685 Mbps
71251 ms [UE 42234] UL Throughput = 0.0 Mbps
71362 ms [UE 30040] UL Throughput = 0.02808 Mbps
71362 ms [UE 42234] UL Throughput = 0.0 Mbps
71451 ms [UE 30040] UL Throughput = 0.0 Mbps
71451 ms [UE 42234] UL Throughput = 0.05539 Mbps
71452 ms [UE 42234] UL Throughput = 0.09186 Mbps
71457 ms [UE 30040] UL Throughput = 0.09801 Mbps
71457 ms [UE 42234] UL Throughput = 0.13262 Mbps
71563 ms [UE 42234] UL Throughput = 0.1149 Mbps
71654 ms [UE 30040] UL Throughput = 0.07813 Mbps
71654 ms [UE 42234] UL Throughput = 0.05305 Mbps
71753 ms [UE 42234] UL Throughput = 0.01402 Mbps
71834 ms [UE 30040] UL Throughput = 0.06089 Mbps
71834 ms [UE 42234] UL Throughput = 0.0 Mbps
71935 ms [UE 42234] UL Throughput = 0.0304 Mbps
72021 ms [UE 30040] UL Throughput = 0.0 Mbps
72021 ms [UE 42234] UL Throughput = 0.06792 Mbps
72129 ms [UE 30040] UL Throughput = 0.08986 Mbps
72249 ms [UE 30040] UL Throughput = 0.06477 Mbps
72249 ms [UE 42234] UL Throughput = 0.03718 Mbps
72251 ms [UE 30040] UL Throughput = 0.06954 Mbps
72251 ms [UE 42234] UL Throughput = 0.0 Mbps
72370 ms [UE 30040] UL Throughput = 0.06935 Mbps
72370 ms [UE 42234] UL Throughput = 0.03286 Mbps
72373 ms [UE 30040] UL Throughput = 0.09585 Mbps
72373 ms [UE 42234] UL Throughput = 0.0 Mbps
72489 ms [UE 42234] UL Throughput = 0.04777 Mbps
72493 ms [UE 30040] UL Throughput = 0.04722 Mbps
72493 ms [UE 42234] UL Throughput = 0.04166 Mbps
72494 ms [UE 30040] UL Throughput = 0.06888 Mbps
72494 ms [UE 42234] UL Throughput = 0.01565 Mbps
72574 ms [UE 30040] UL Throughput = 0.0 Mbps
72574 ms [UE 42234] UL Throughput = 0.0501 Mbps
72666 ms [UE 30040] UL Throughput = 0.0 Mbps
72747 ms [UE 42234] UL Throughput = 0.0 Mbps
72880 ms [UE 30040] UL Throughput = 0.0 Mbps
72880 ms [UE 42234] UL Throughput = 0.03832 Mbps
72985 ms [UE 30040] UL Throughput = 0.0 Mbps
72985 ms [UE 42234] UL Throughput = 0.0 Mbps
72987 ms [UE 30040] UL Throughput = 0.04643 Mbps
72987 ms [UE 42234] UL Throughput = 0.06195 Mbps
72993 ms [UE 30040] UL Throughput = 0.08747 Mbps
72993 ms [UE 42234] UL Throughput = 0.0 Mbps
73104 ms [UE 30040] UL Throughput = 0.0 Mbps
73104 ms [UE 42234] UL Throughput = 0.07393 Mbps
73183 ms [UE 30040] UL Throughput = 0.12996 Mbps
73183 ms [UE 42234] UL Throughput = 0.0 Mbps
73291 ms [UE 30040] UL Throughput = 0.0 Mbps
73291 ms [UE 42234] UL Throughput = 0.0 Mbps
73387 ms [UE 30040] UL Throughput = 0.0 Mbps
73387 ms [UE 42234] UL Throughput = 0.01941 Mbps
73490 ms [UE 30040] UL Throughput = 0.0 Mbps
73490 ms [UE 42234] UL Throughput = 0.0 Mbps
73615 ms [UE 30040] UL Throughput = 0.02254 Mbps
73615 ms [UE 42234] UL Throughput = 0.0 Mbps
73703 ms [UE 30040] UL Throughput = 0.02734 Mbps
73703 ms [UE 42234] UL Throughput = 0.01919 Mbps
73808 ms [UE 30040] UL Throughput = 0.05395 Mbps
73808 ms [UE 42234] UL Throughput = 0.05177 Mbps
73810 ms [UE 30040] UL Throughput = 0.0 Mbps
73810 ms [UE 42234] UL Throughput = 0.06305 Mbps
73812 ms [UE 30040] UL Throughput = 0.08751 Mbps
73812 ms [UE 42234] UL Throughput = 0.0 Mbps
73914 ms [UE 30040] UL Throughput = 0.0 Mbps
73914 ms [UE 42234] UL Throughput = 0.0 Mbps
73915 ms [UE 30040] UL Throughput = 0.0 Mbps
73915 ms [UE 42234] UL Throughput = 0.0 Mbps
74005 ms [UE 30040] UL Throughput = 0.0 Mbps
74005 ms [UE 42234] UL Throughput = 0.02702 Mbps
74108 ms [UE 30040] UL Throughput = 0.06721 Mbps
74202 ms [UE 30040] UL Throughput = 0.0 Mbps
74202 ms [UE 42234] UL Throughput = 0.0 Mbps
74206 ms [UE 30040] UL Throughput = 0.02511 Mbps
74206 ms [UE 42234] UL Throughput = 0.09314 Mbps
74310 ms [UE 30040] UL Throughput = 0.0278 Mbps
74310 ms [UE 42234] UL Throughput = 0.0 Mbps
74417 ms [UE 30040] UL Throughput = 0.01111 Mbps
74417 ms [UE 42234] UL Throughput = 0.09914 Mbps
74419 ms [UE 30040] UL Throughput = 0.05462 Mbps
74419 ms [UE 42234] UL Throughput = 0.05231 Mbps
74527 ms [UE 30040] UL Throughput = 0.0 Mbps
74527 ms [UE 42234] UL Throughput = 0.0 Mbps
74530 ms [UE 30040] UL Throughput = 0.09922 Mbps
74622 ms [UE 30040] UL Throughput = 0.02255 Mbps
74622 ms [UE 42234] UL Throughput = 0.04376 Mbps
74730 ms [UE 30040] UL Throughput = 0.08354 Mbps
74834 ms [UE 30040] UL Throughput = 0.0 Mbps
74834 ms [UE 42234] UL Throughput = 0.10099 Mbps
74921 ms [UE 30040] UL Throughput = 0.0 Mbps
74921 ms [UE 42234] UL Throughput = 0.13761 Mbps
75024 ms [UE 30040] UL Throughput = 0.0 Mbps
75024 ms [UE 42234] UL Throughput = 0.08183 Mbps
75102 ms [UE 30040] UL Throughput = 0.0 Mbps
75102 ms [UE 42234] UL Throughput = 0.0 Mbps
75195 ms [UE 30040] UL Throughput = 0.0 Mbps
75195 ms [UE 42234] UL Throughput = 0.01397 Mbps
75274 ms [UE 30040] UL Throughput = 0.0768 Mbps
75274 ms [UE 42234] UL Throughput = 0.04428 Mbps
75278 ms [UE 30040] UL Throughput = 0.0 Mbps
75278 ms [UE 42234] UL Throughput = 0.0 Mbps
75378 ms [UE 30040] UL Throughput = 0.09794 Mbps
75378 ms [UE 42234] UL Throughput = 0.0 Mbps
75379 ms [UE 30040] UL Throughput = 0.04658 Mbps
75379 ms [UE 42234] UL Throughput = 0.0 Mbps
75501 ms [UE 30040] UL Throughput = 0.0 Mbps
75501 ms [UE 42234] UL Throughput = 0.0 Mbps
75588 ms [UE 30040] UL Throughput = 0.03089 Mbps
75588 ms [UE 42234] UL Throughput = 0.0 Mbps
75708 ms [UE 30040] UL Throughput = 0.11634 Mbps
75708 ms [UE 42234] UL Throughput = 0.08382 Mbps
75709 ms [UE 30040] UL Throughput = 0.0654 Mbps
75709 ms [UE 42234] UL Throughput = 0.13479 Mbps
75710 ms [UE 30040] UL Throughput = 0.0 Mbps
75710 ms [UE 42234] UL Throughput = 0.0 Mbps
75788 ms [UE 30040] UL Throughput = 0.08057 Mbps
75788 ms [UE 42234] UL Throughput = 0.0 Mbps
75895 ms [UE 30040] UL Throughput = 0.0 Mbps
76004 ms [UE 30040] UL Throughput = 0.0 Mbps
76004 ms [UE 42234] UL Throughput = 0.07361 Mbps
76007 ms [UE 30040] UL Throughput = 0.0628 Mbps
76007 ms [UE 42234] UL Throughput = 0.0 Mbps
76122 ms [UE 42234] UL Throughput = 0.0 Mbps
76233 ms [UE 30040] UL Throughput = 0.02309 Mbps
76233 ms [UE 42234] UL Throughput = 0.04941 Mbps
76303 ms [UE 30040] UL Throughput = 0.08719 Mbps
76303 ms [UE 42234] UL Throughput = 0.0 Mbps
76401 ms [UE 30040] UL Throughput = 0.0 Mbps
76401 ms [UE 42234] UL Throughput = 0.0 Mbps
76504 ms [UE 30040] UL Throughput = 0.05144 Mbps
76504 ms [UE 42234] UL Throughput = 0.037 Mbps
76573 ms [UE 30040] UL Throughput = 0.0 Mbps
76573 ms [UE 42234] UL Throughput = 0.03712 Mbps
76675 ms [UE 30040] UL Throughput = 0.0 Mbps
76675 ms [UE 42234] UL Throughput = 0.0805 Mbps
76786 ms [UE 30040] UL Throughput = 0.01059 Mbps
76786 ms [UE 42234] UL Throughput = 0.0 Mbps
76864 ms [UE 30040] UL Throughput = 0.0 Mbps
76864 ms [UE 42234] UL Throughput = 0.01542 Mbps
76969 ms [UE 30040] UL Throughput = 0.0 Mbps
76969 ms [UE 42234] UL Throughput = 0.09813 Mbps
77049 ms [UE 30040] UL Throughput = 0.03018 Mbps
77049 ms [UE 42234] UL Throughput = 0.0 Mbps
77121 ms [UE 30040] UL Throughput = 0.0 Mbps
77121 ms [UE 42234] UL Throughput = 0.12503 Mbps
77234 ms [UE 30040] UL Throughput = 0.06178 Mbps
77234 ms [UE 42234] UL Throughput = 0.01626 Mbps
77238 ms [UE 30040] UL Throughput = 0.0 Mbps
77238 ms [UE 42234] UL Throughput = 0.0 Mbps
77362 ms [UE 30040] UL Throughput = 0.06249 Mbps
77362 ms [UE 42234] UL Throughput = 0.0 Mbps
77470 ms [UE 42234] UL Throughput = 0.10237 Mbps
77556 ms [UE 30040] UL Throughput = 0.0 Mbps
77556 ms [UE 42234] UL Throughput = 0.07548 Mbps
77558 ms [UE 30040] UL Throughput = 0.0 Mbps
77558 ms [UE 42234] UL Throughput = 0.0 Mbps
77645 ms [UE 30040] UL Throughput = 0.09409 Mbps
77645 ms [UE 42234] UL Throughput = 0.07756 Mbps
77754 ms [UE 30040] UL Throughput = 0.07514 Mbps
77754 ms [UE 42234] UL Throughput = 0.0 Mbps
77838 ms [UE 30040] UL Throughput = 0.053 Mbps
77838 ms [UE 42234] UL Throughput = 0.09478 Mbps
77939 ms [UE 42234] UL Throughput = 0.0 Mbps
77945 ms [UE 42234] UL Throughput = 0.01737 Mbps
78070 ms [UE 30040] UL Throughput = 0.08304 Mbps
78070 ms [UE 42234] UL Throughput = 0.04983 Mbps
78169 ms [UE 30040] UL Throughput = 0.07983 Mbps
78169 ms [UE 42234] UL Throughput = 0.02947 Mbps
78258 ms [UE 30040] UL Throughput = 0.0 Mbps
78258 ms [UE 42234] UL Throughput = 0.0 Mbps
78380 ms [UE 30040] UL Throughput = 0.12921 Mbps
78380 ms [UE 42234] UL Throughput = 0.05677 Mbps
78462 ms [UE 30040] UL Throughput = 0.0 Mbps
78462 ms [UE 42234] UL Throughput = 0.0 Mbps
78580 ms [UE 30040] UL Throughput = 0.0 Mbps
78580 ms [UE 42234] UL Throughput = 0.01297 Mbps
78581 ms [UE 42234] UL Throughput = 0.05132 Mbps
78673 ms [UE 30040] UL Throughput = 0.0 Mbps
78673 ms [UE 42234] UL Throughput = 0.08891 Mbps
78739 ms [UE 30040] UL Throughput = 0.0664 Mbps
78739 ms [UE 42234] UL Throughput = 0.05491 Mbps
78852 ms [UE 30040] UL Throughput = 0.09238 Mbps
78852 ms [UE 42234] UL Throughput = 0.01249 Mbps
78952 ms [UE 30040] UL Throughput = 0.0 Mbps
78952 ms [UE 42234] UL Throughput = 0.1187 Mbps
79041 ms [UE 30040] UL Throughput = 0.0 Mbps
79041 ms [UE 42234] UL Throughput = 0.05417 Mbps
79093 ms [UE 30040] UL Throughput = 0.0 Mbps
79093 ms [UE 42234] UL Throughput = 0.0 Mbps
79098 ms [UE 30040] UL Throughput = 0.0 Mbps
79098 ms [UE 42234] UL Throughput = 0.02632 Mbps
79185 ms [UE 30040] UL Throughput = 0.0 Mbps
79185 ms [UE 42234] UL Throughput = 0.0585 Mbps
79268 ms [UE 30040] UL Throughput = 0.04034 Mbps
79268 ms [UE 42234] UL Throughput = 0.07247 Mbps
79353 ms [UE 30040] UL Throughput = 0.0 Mbps
79353 ms [UE 42234] UL Throughput = 0.05359 Mbps
79428 ms [UE 30040] UL Throughput = 0.07485 Mbps
79428 ms [UE 42234] UL Throughput = 0.09167 Mbps
79433 ms [UE 30040] UL Throughput = 0.0579 Mbps
79433 ms [UE 42234] UL Throughput = 0.04824 Mbps
79514 ms [UE 42234] UL Throughput = 0.01023 Mbps
79619 ms [UE 30040] UL Throughput = 0.06083 Mbps
79619 ms [UE 42234] UL Throughput = 0.0 Mbps
79716 ms [UE 30040] UL Throughput = 0.0514 Mbps
79716 ms [UE 42234] UL Throughput = 0.04394 Mbps
79822 ms [UE 30040] UL Throughput = 0.08591 Mbps
79822 ms [UE 42234] UL Throughput = 0.0 Mbps
79947 ms [UE 30040] UL Throughput = 0.09386 Mbps
80036 ms [UE 30040] UL Throughput = 0.05038 Mbps
80036 ms [UE 42234] UL Throughput = 0.09916 Mbps
80149 ms [UE 30040] UL Throughput = 0.11931 Mbps
80149 ms [UE 42234] UL Throughput = 0.01455 Mbps
80153 ms [UE 30040] UL Throughput = 0.02572 Mbps
80153 ms [UE 42234] UL Throughput = 0.03481 Mbps
80267 ms [UE 42234] UL Throughput = 0.08283 Mbps
80378 ms [UE 30040] UL Throughput = 0.10882 Mbps
80378 ms [UE 42234] UL Throughput = 0.0 Mbps
80469 ms [UE 30040] UL Throughput = 0.06363 Mbps
80469 ms [UE 42234] UL Throughput = 0.07317 Mbps
80572 ms [UE 30040] UL Throughput = 0.0 Mbps
80572 ms [UE 42234] UL Throughput = 0.0 Mbps
80652 ms [UE 30040] UL Throughput = 0.0925 Mbps
80652 ms [UE 42234] UL Throughput = 0.05419 Mbps
80730 ms [UE 30040] UL Throughput = 0.0 Mbps
80842 ms [UE 30040] UL Throughput = 0.03035 Mbps
80842 ms [UE 42234] UL Throughput = 0.01746 Mbps
80846 ms [UE 30040] UL Throughput = 0.0746 Mbps
80846 ms [UE 42234] UL Throughput = 0.0 Mbps
80847 ms [UE 30040] UL Throughput = 0.03877 Mbps
80847 ms [UE 42234] UL Throughput = 0.08511 Mbps
80980 ms [UE 30040] UL Throughput = 0.02105 Mbps
80980 ms [UE 42234] UL Throughput = 0.0 Mbps
80983 ms [UE 42234] UL Throughput = 0.01341 Mbps
81080 ms [UE 30040] UL Throughput = 0.04716 Mbps
81080 ms [UE 42234] UL Throughput = 0.08373 Mbps
81185 ms [UE 30040] UL Throughput = 0.0 Mbps
81185 ms [UE 42234] UL Throughput = 0.0 Mbps
81267 ms [UE 30040] UL Throughput = 0.0 Mbps
81267 ms [UE 42234] UL Throughput = 0.02746 Mbps
81370 ms [UE 30040] UL Throughput = 0.0 Mbps
81370 ms [UE 42234] UL Throughput = 0.03454 Mbps
81376 ms [UE 30040] UL Throughput = 0.01387 Mbps
81376 ms [UE 42234] UL Throughput = 0.05275 Mbps
81378 ms [UE 30040] UL Throughput = 0.08368 Mbps
81378 ms [UE 42234] UL Throughput = 0.09707 Mbps
81477 ms [UE 30040] UL Throughput = 0.01901 Mbps
81477 ms [UE 42234] UL Throughput = 0.05718 Mbps
81583 ms [UE 30040] UL Throughput = 0.0 Mbps
81583 ms [UE 42234] UL Throughput = 0.04636 Mbps
81588 ms [UE 30040] UL Throughput = 0.0 Mbps
81592 ms [UE 30040] UL Throughput = 0.03868 Mbps
81592 ms [UE 42234] UL Throughput = 0.09914 Mbps
81696 ms [UE 30040] UL Throughput = 0.09446 Mbps
81696 ms [UE 42234] UL Throughput = 0.03344 Mbps
81701 ms [UE 30040] UL Throughput = 0.0 Mbps
81705 ms [UE 42234] UL Throughput = 0.09534 Mbps
81821 ms [UE 30040] UL Throughput = 0.05737 Mbps
81821 ms [UE 42234] UL Throughput = 0.05022 Mbps
81926 ms [UE 30040] UL Throughput = 0.15474 Mbps
81926 ms [UE 42234] UL Throughput = 0.0 Mbps
82029 ms [UE 30040] UL Throughput = 0.05999 Mbps
82029 ms [UE 42234] UL Throughput = 0.09692 Mbps
82030 ms [UE 30040] UL Throughput = 0.043 Mbps
82030 ms [UE 42234] UL Throughput = 0.09813 Mbps
82131 ms [UE 30040] UL Throughput = 0.03997 Mbps
82131 ms [UE 42234] UL Throughput = 0.0 Mbps
82229 ms [UE 42234] UL Throughput = 0.0 Mbps
82320 ms [UE 30040] UL Throughput = 0.0364 Mbps
82320 ms [UE 42234] UL Throughput = 0.0 Mbps
82414 ms [UE 30040] UL Throughput = 0.03973 Mbps
82414 ms [UE 42234] UL Throughput = 0.0 Mbps
82515 ms [UE 30040] UL Throughput = 0.0 Mbps
82610 ms [UE 30040] UL Throughput = 0.0 Mbps
82610 ms [UE 42234] UL Throughput = 0.0 Mbps
82706 ms [UE 30040] UL Throughput = 0.0 Mbps
82706 ms [UE 42234] UL Throughput = 0.0 Mbps
82804 ms [UE 30040] UL Throughput = 0.08464 Mbps
82903 ms [UE 30040] UL Throughput = 0.0 Mbps
82903 ms [UE 42234] UL Throughput = 0.0 Mbps
83016 ms [UE 30040] UL Throughput = 0.03261 Mbps
83016 ms [UE 42234] UL Throughput = 0.05811 Mbps
83122 ms [UE 30040] UL Throughput = 0.0989 Mbps
83122 ms [UE 42234] UL Throughput = 0.03622 Mbps
83218 ms [UE 42234] UL Throughput = 0.0 Mbps
83336 ms [UE 42234] UL Throughput = 0.0 Mbps
83440 ms [UE 30040] UL Throughput = 0.14694 Mbps
83440 ms [UE 42234] UL Throughput = 0.11525 Mbps
83527 ms [UE 42234] UL Throughput = 0.0 Mbps
83643 ms [UE 30040] UL Throughput = 0.0 Mbps
83765 ms [UE 30040] UL Throughput = 0.0 Mbps
83765 ms [UE 42234] UL Throughput = 0.05131 Mbps
83876 ms [UE 30040] UL Throughput = 0.09155 Mbps
83876 ms [UE 42234] UL Throughput = 0.0 Mbps
83978 ms [UE 30040] UL Throughput = 0.0 Mbps
83978 ms [UE 42234] UL Throughput = 0.0 Mbps
84056 ms [UE 30040] UL Throughput = 0.05231 Mbps
84056 ms [UE 42234] UL Throughput = 0.0 Mbps
84167 ms [UE 30040] UL Throughput = 0.0 Mbps
84167 ms [UE 42234] UL Throughput = 0.07014 Mbps
84261 ms [UE 30040] UL Throughput = 0.05704 Mbps
84261 ms [UE 42234] UL Throughput = 0.04129 Mbps
84369 ms [UE 30040] UL Throughput = 0.12021 Mbps
84369 ms [UE 42234] UL Throughput = 0.0 Mbps
84474 ms [UE 30040] UL Throughput = 0.06049 Mbps
84564 ms [UE 30040] UL Throughput = 0.05564 Mbps
84564 ms [UE 42234] UL Throughput = 0.0 Mbps
84649 ms [UE 30040] UL Throughput = 0.0 Mbps
84649 ms [UE 42234] UL Throughput = 0.13761 Mbps
84773 ms [UE 30040] UL Throughput = 0.0 Mbps
84773 ms [UE 42234] UL Throughput = 0.0 Mbps
84882 ms [UE 30040] UL Throughput = 0.0 Mbps
84882 ms [UE 42234] UL Throughput = 0.01134 Mbps
84980 ms [UE 30040] UL Throughput = 0.0 Mbps
84980 ms [UE 42234] UL Throughput = 0.09329 Mbps
85054 ms [UE 42234] UL Throughput = 0.04081 Mbps
85174 ms [UE 30040] UL Throughput = 0.05702 Mbps
85248 ms [UE 42234] UL Throughput = 0.02487 Mbps
85357 ms [UE 30040] UL Throughput = 0.0 Mbps
85357 ms [UE 42234] UL Throughput = 0.0 Mbps
85358 ms [UE 30040] UL Throughput = 0.04286 Mbps
85358 ms [UE 42234] UL Throughput = 0.01473 Mbps
85444 ms [UE 30040] UL Throughput = 0.05401 Mbps
85444 ms [UE 42234] UL Throughput = 0.0771 Mbps
85446 ms [UE 30040] UL Throughput = 0.04854 Mbps
85446 ms [UE 42234] UL Throughput = 0.08683 Mbps
85557 ms [UE 30040] UL Throughput = 0.0 Mbps
85559 ms [UE 42234] UL Throughput = 0.08173 Mbps
85656 ms [UE 30040] UL Throughput = 0.04266 Mbps
85656 ms [UE 42234] UL Throughput = 0.0 Mbps
85731 ms [UE 30040] UL Throughput = 0.02377 Mbps
85731 ms [UE 42234] UL Throughput = 0.0 Mbps
85812 ms [UE 30040] UL Throughput = 0.0 Mbps
85812 ms [UE 42234] UL Throughput = 0.0 Mbps
85817 ms [UE 30040] UL Throughput = 0.05924 Mbps
85817 ms [UE 42234] UL Throughput = 0.0 Mbps
85905 ms [UE 30040] UL Throughput = 0.03909 Mbps
85905 ms [UE 42234] UL Throughput = 0.0 Mbps
85993 ms [UE 30040] UL Throughput = 0.01152 Mbps
85993 ms [UE 42234] UL Throughput = 0.04042 Mbps
86083 ms [UE 30040] UL Throughput = 0.0 Mbps
86083 ms [UE 42234] UL Throughput = 0.04096 Mbps
86169 ms [UE 30040] UL Throughput = 0.0383 Mbps
86169 ms [UE 42234] UL Throughput = 0.09224 Mbps
86277 ms [UE 30040] UL Throughput = 0.0 Mbps
86277 ms [UE 42234] UL Throughput = 0.06039 Mbps
86283 ms [UE 30040] UL Throughput = 0.0 Mbps
86283 ms [UE 42234] UL Throughput = 0.0 Mbps
86380 ms [UE 30040] UL Throughput = 0.0 Mbps
86462 ms [UE 30040] UL Throughput = 0.04753 Mbps
86462 ms [UE 42234] UL Throughput = 0.05096 Mbps
86466 ms [UE 30040] UL Throughput = 0.05324 Mbps
86466 ms [UE 42234] UL Throughput = 0.0 Mbps
86560 ms [UE 30040] UL Throughput = 0.0 Mbps
86560 ms [UE 42234] UL Throughput = 0.0 Mbps
86566 ms [UE 30040] UL Throughput = 0.0 Mbps
86566 ms [UE 42234] UL Throughput = 0.0 Mbps
86656 ms [UE 30040] UL Throughput = 0.03544 Mbps
86656 ms [UE 42234] UL Throughput = 0.0 Mbps
86660 ms [UE 30040] UL Throughput = 0.01223 Mbps
86660 ms [UE 42234] UL Throughput = 0.0 Mbps
86771 ms [UE 30040] UL Throughput = 0.0 Mbps
86771 ms [UE 42234] UL Throughput = 0.0 Mbps
86858 ms [UE 30040] UL Throughput = 0.0 Mbps
86858 ms [UE 42234] UL Throughput = 0.0 Mbps
86953 ms [UE 30040] UL Throughput = 0.05699 Mbps
86959 ms [UE 30040] UL Throughput = 0.0 Mbps
86959 ms [UE 42234] UL Throughput = 0.09117 Mbps
87047 ms [UE 30040] UL Throughput = 0.0 Mbps
87047 ms [UE 42234] UL Throughput = 0.0 Mbps
87173 ms [UE 30040] UL Throughput = 0.13424 Mbps
87173 ms [UE 42234] UL Throughput = 0.0 Mbps
87291 ms [UE 30040] UL Throughput = 0.06703 Mbps
87291 ms [UE 42234] UL Throughput = 0.05802 Mbps
87404 ms [UE 30040] UL Throughput = 0.0 Mbps
87404 ms [UE 42234] UL Throughput = 0.05666 Mbps
87503 ms [UE 30040] UL Throughput = 0.03958 Mbps
87503 ms [UE 42234] UL Throughput = 0.01602 Mbps
87506 ms [UE 42234] UL Throughput = 0.0 Mbps
87628 ms [UE 30040] UL Throughput = 0.04411 Mbps
87628 ms [UE 42234] UL Throughput = 0.01293 Mbps
87777 ms [UE 30040] UL Throughput = 0.0 Mbps
87777 ms [UE 42234] UL Throughput = 0.0 Mbps
87880 ms [UE 30040] UL Throughput = 0.0 Mbps
87880 ms [UE 42234] UL Throughput = 0.0 Mbps
87882 ms [UE 30040] UL Throughput = 0.0 Mbps
87882 ms [UE 42234] UL Throughput = 0.0 Mbps
87999 ms [UE 30040] UL Throughput = 0.0 Mbps
87999 ms [UE 42234] UL Throughput = 0.04762 Mbps
88094 ms [UE 30040] UL Throughput = 0.03475 Mbps
88185 ms [UE 30040] UL Throughput = 0.06956 Mbps
88185 ms [UE 42234] UL Throughput = 0.0 Mbps
88190 ms [UE 30040] UL Throughput = 0.02851 Mbps
88190 ms [UE 42234] UL Throughput = 0.0 Mbps
88287 ms [UE 30040] UL Throughput = 0.0 Mbps
88287 ms [UE 42234] UL Throughput = 0.0 Mbps
88351 ms [UE 30040] UL Throughput = 0.04453 Mbps
88351 ms [UE 42234] UL Throughput = 0.06471 Mbps
88446 ms [UE 30040] UL Throughput = 0.07043 Mbps
88446 ms [UE 42234] UL Throughput = 0.0 Mbps
88539 ms [UE 30040] UL Throughput = 0.05334 Mbps
88539 ms [UE 42234] UL Throughput = 0.0 Mbps
88660 ms [UE 42234] UL Throughput = 0.16303 Mbps
88746 ms [UE 30040] UL Throughput = 0.0 Mbps
88746 ms [UE 42234] UL Throughput = 0.0 Mbps
88868 ms [UE 30040] UL Throughput = 0.0 Mbps
88868 ms [UE 42234] UL Throughput = 0.0 Mbps
88971 ms [UE 42234] UL Throughput = 0.06984 Mbps
89060 ms [UE 30040] UL Throughput = 0.0 Mbps
89060 ms [UE 42234] UL Throughput = 0.05391 Mbps
89164 ms [UE 30040] UL Throughput = 0.07007 Mbps
89260 ms [UE 30040] UL Throughput = 0.0 Mbps
89260 ms [UE 42234] UL Throughput = 0.0 Mbps
89366 ms [UE 30040] UL Throughput = 0.09909 Mbps
89366 ms [UE 42234] UL Throughput = 0.0 Mbps
89469 ms [UE 30040] UL Throughput = 0.01487 Mbps
89469 ms [UE 42234] UL Throughput = 0.0 Mbps
89570 ms [UE 30040] UL Throughput = 0.02643 Mbps
89570 ms [UE 42234] UL Throughput = 0.0 Mbps
89660 ms [UE 30040] UL Throughput = 0.03185 Mbps
89660 ms [UE 42234] UL Throughput = 0.02453 Mbps
89758 ms [UE 30040] UL Throughput = 0.0 Mbps
89758 ms [UE 42234] UL Throughput = 0.09078 Mbps
89763 ms [UE 30040] UL Throughput = 0.02593 Mbps
89763 ms [UE 42234] UL Throughput = 0.09593 Mbps
89765 ms [UE 42234] UL Throughput = 0.01422 Mbps
89853 ms [UE 30040] UL Throughput = 0.02268 Mbps
89853 ms [UE 42234] UL Throughput = 0.0 Mbps
89854 ms [UE 30040] UL Throughput = 0.0 Mbps
89854 ms [UE 42234] UL Throughput = 0.0 Mbps
