[UTIL]: Setting the config -c file to /usr/local/etc/flexric/flexric.conf
[UTIL]: Setting path -p for the shared libraries to /usr/local/lib/flexric/
[xAapp]: Initializing ... 
[xApp]: nearRT-RIC IP Address = 192.168.70.150, PORT = 36422
[E2 AGENT]: Opening plugin from path = /usr/local/lib/flexric/libkpm_sm.so 
[E2 AGENT]: Opening plugin from path = /usr/local/lib/flexric/libmac_sm.so 
[E2 AGENT]: Opening plugin from path = /usr/local/lib/flexric/libpdcp_sm.so 
[E2 AGENT]: Opening plugin from path = /usr/local/lib/flexric/libgtp_sm.so 
[E2 AGENT]: Opening plugin from path = /usr/local/lib/flexric/librc_sm.so 
[E2 AGENT]: Opening plugin from path = /usr/local/lib/flexric/libtc_sm.so 
[E2 AGENT]: Opening plugin from path = /usr/local/lib/flexric/librlc_sm.so 
[E2 AGENT]: Opening plugin from path = /usr/local/lib/flexric/libslice_sm.so 
[NEAR-RIC]: Loading SM ID = 2 with def = ORAN-E2SM-KPM 
[NEAR-RIC]: Loading SM ID = 142 with def = MAC_STATS_V0 
[NEAR-RIC]: Loading SM ID = 144 with def = PDCP_STATS_V0 
[NEAR-RIC]: Loading SM ID = 148 with def = GTP_STATS_V0 
[NEAR-RIC]: Loading SM ID = 3 with def = ORAN-E2SM-RC 
[NEAR-RIC]: Loading SM ID = 146 with def = TC_STATS_V0 
[NEAR-RIC]: Loading SM ID = 143 with def = RLC_STATS_V0 
[NEAR-RIC]: Loading SM ID = 145 with def = SLICE_STATS_V0 
[xApp]: DB filename = /tmp/flexric/xapp_db 
 [xApp]: E42 SETUP-REQUEST tx
[xApp]: E42 SETUP-RESPONSE rx 
[xApp]: xApp ID = 23
[xApp]: Registered E2 Nodes = 4 
Connected E2 nodes = 4
[xAPP] Registered node 0 ran func id = 2
[xAPP] Registered node 0 ran func id = 3
[xAPP] Registered node 0 ran func id = 142
[xAPP] Registered node 0 ran func id = 143
[xAPP] Registered node 0 ran func id = 144
[xAPP] Registered node 0 ran func id = 145
[xAPP] Registered node 0 ran func id = 146
[xAPP] Registered node 0 ran func id = 148
[xApp]: E42 RIC SUBSCRIPTION REQUEST tx RAN_FUNC_ID 144 RIC_REQ_ID 1 
[xApp]: SUBSCRIPTION RESPONSE rx
[xApp]: Successfully subscribed to RAN_FUNC_ID 144 
[xAPP] Registered node 1 ran func id = 2
[xAPP] Registered node 1 ran func id = 3
[xAPP] Registered node 1 ran func id = 142
[xAPP] Registered node 1 ran func id = 143
[xAPP] Registered node 1 ran func id = 144
[xAPP] Registered node 1 ran func id = 145
[xAPP] Registered node 1 ran func id = 146
[xAPP] Registered node 1 ran func id = 148
[xAPP] Registered node 2 ran func id = 2
[xAPP] Registered node 2 ran func id = 3
[xAPP] Registered node 2 ran func id = 142
[xAPP] Registered node 2 ran func id = 143
[xAPP] Registered node 2 ran func id = 144
[xAPP] Registered node 2 ran func id = 145
[xAPP] Registered node 2 ran func id = 146
[xAPP] Registered node 2 ran func id = 148
[xApp]: E42 RIC SUBSCRIPTION REQUEST tx RAN_FUNC_ID 142 RIC_REQ_ID 2 
7 ms | now=1755815452085481 us | PDCP ind_msg latency=71856988 us
[xApp]: SUBSCRIPTION RESPONSE rx
[xApp]: Successfully subscribed to RAN_FUNC_ID 142 
[xAPP] Registered node 3 ran func id = 2
[xAPP] Registered node 3 ran func id = 3
[xAPP] Registered node 3 ran func id = 142
[xAPP] Registered node 3 ran func id = 143
[xAPP] Registered node 3 ran func id = 144
[xAPP] Registered node 3 ran func id = 145
[xAPP] Registered node 3 ran func id = 146
[xAPP] Registered node 3 ran func id = 148
[xApp]: E42 RIC SUBSCRIPTION REQUEST tx RAN_FUNC_ID 142 RIC_REQ_ID 3 
[xApp]: SUBSCRIPTION RESPONSE rx
[xApp]: Successfully subscribed to RAN_FUNC_ID 142 
229 ms [UE 30040] UL Throughput = 0.0 Mbps
229 ms [UE 42234] UL Throughput = 0.0 Mbps
331 ms [UE 30040] UL Throughput = 0.0 Mbps
331 ms [UE 42234] UL Throughput = 0.09023 Mbps
332 ms [UE 30040] UL Throughput = 0.0 Mbps
413 ms [UE 30040] UL Throughput = 0.0 Mbps
413 ms [UE 42234] UL Throughput = 0.03087 Mbps
414 ms [UE 30040] UL Throughput = 0.0 Mbps
414 ms [UE 42234] UL Throughput = 0.0 Mbps
493 ms [UE 42234] UL Throughput = 0.01057 Mbps
574 ms [UE 30040] UL Throughput = 0.059 Mbps
574 ms [UE 42234] UL Throughput = 0.06548 Mbps
669 ms [UE 30040] UL Throughput = 0.0719 Mbps
669 ms [UE 42234] UL Throughput = 0.0 Mbps
742 ms [UE 30040] UL Throughput = 0.07951 Mbps
742 ms [UE 42234] UL Throughput = 0.03347 Mbps
879 ms [UE 30040] UL Throughput = 0.03068 Mbps
879 ms [UE 42234] UL Throughput = 0.0 Mbps
965 ms [UE 42234] UL Throughput = 0.04908 Mbps
1083 ms [UE 30040] UL Throughput = 0.14224 Mbps
1083 ms [UE 42234] UL Throughput = 0.06141 Mbps
1172 ms [UE 30040] UL Throughput = 0.05396 Mbps
1172 ms [UE 42234] UL Throughput = 0.0 Mbps
1282 ms [UE 30040] UL Throughput = 0.0 Mbps
1282 ms [UE 42234] UL Throughput = 0.0 Mbps
1285 ms [UE 42234] UL Throughput = 0.05427 Mbps
1389 ms [UE 30040] UL Throughput = 0.06024 Mbps
1389 ms [UE 42234] UL Throughput = 0.0962 Mbps
1494 ms [UE 30040] UL Throughput = 0.0 Mbps
1494 ms [UE 42234] UL Throughput = 0.02694 Mbps
1495 ms [UE 30040] UL Throughput = 0.0 Mbps
1495 ms [UE 42234] UL Throughput = 0.09122 Mbps
1500 ms [UE 30040] UL Throughput = 0.0 Mbps
1500 ms [UE 42234] UL Throughput = 0.0781 Mbps
1603 ms [UE 30040] UL Throughput = 0.0 Mbps
1603 ms [UE 42234] UL Throughput = 0.0 Mbps
1729 ms [UE 30040] UL Throughput = 0.0 Mbps
1824 ms [UE 30040] UL Throughput = 0.03563 Mbps
1824 ms [UE 42234] UL Throughput = 0.0 Mbps
1830 ms [UE 30040] UL Throughput = 0.04536 Mbps
1830 ms [UE 42234] UL Throughput = 0.0 Mbps
1831 ms [UE 30040] UL Throughput = 0.0 Mbps
1831 ms [UE 42234] UL Throughput = 0.08661 Mbps
1952 ms [UE 30040] UL Throughput = 0.04702 Mbps
1952 ms [UE 42234] UL Throughput = 0.08719 Mbps
2069 ms [UE 42234] UL Throughput = 0.09065 Mbps
2149 ms [UE 30040] UL Throughput = 0.06305 Mbps
2149 ms [UE 42234] UL Throughput = 0.0 Mbps
2244 ms [UE 30040] UL Throughput = 0.16348 Mbps
2244 ms [UE 42234] UL Throughput = 0.03717 Mbps
2326 ms [UE 30040] UL Throughput = 0.11431 Mbps
2326 ms [UE 42234] UL Throughput = 0.08758 Mbps
2408 ms [UE 30040] UL Throughput = 0.12819 Mbps
2408 ms [UE 42234] UL Throughput = 0.0 Mbps
2510 ms [UE 30040] UL Throughput = 0.02847 Mbps
2510 ms [UE 42234] UL Throughput = 0.0 Mbps
2616 ms [UE 30040] UL Throughput = 0.0 Mbps
2616 ms [UE 42234] UL Throughput = 0.08059 Mbps
2621 ms [UE 30040] UL Throughput = 0.0 Mbps
2621 ms [UE 42234] UL Throughput = 0.0 Mbps
2750 ms [UE 42234] UL Throughput = 0.0 Mbps
2845 ms [UE 30040] UL Throughput = 0.02226 Mbps
2845 ms [UE 42234] UL Throughput = 0.0 Mbps
2916 ms [UE 30040] UL Throughput = 0.09789 Mbps
2916 ms [UE 42234] UL Throughput = 0.0 Mbps
3029 ms [UE 30040] UL Throughput = 0.0 Mbps
3029 ms [UE 42234] UL Throughput = 0.05609 Mbps
3126 ms [UE 30040] UL Throughput = 0.08416 Mbps
3126 ms [UE 42234] UL Throughput = 0.06868 Mbps
3213 ms [UE 30040] UL Throughput = 0.01997 Mbps
3213 ms [UE 42234] UL Throughput = 0.04706 Mbps
3218 ms [UE 30040] UL Throughput = 0.0 Mbps
3218 ms [UE 42234] UL Throughput = 0.0 Mbps
3287 ms [UE 30040] UL Throughput = 0.01922 Mbps
3287 ms [UE 42234] UL Throughput = 0.0 Mbps
3404 ms [UE 30040] UL Throughput = 0.02826 Mbps
3404 ms [UE 42234] UL Throughput = 0.02298 Mbps
3492 ms [UE 30040] UL Throughput = 0.02463 Mbps
3492 ms [UE 42234] UL Throughput = 0.0 Mbps
3612 ms [UE 30040] UL Throughput = 0.02555 Mbps
3612 ms [UE 42234] UL Throughput = 0.0 Mbps
3734 ms [UE 30040] UL Throughput = 0.09399 Mbps
3734 ms [UE 42234] UL Throughput = 0.05749 Mbps
3816 ms [UE 30040] UL Throughput = 0.05706 Mbps
3907 ms [UE 30040] UL Throughput = 0.0 Mbps
3907 ms [UE 42234] UL Throughput = 0.0 Mbps
4008 ms [UE 30040] UL Throughput = 0.0 Mbps
4008 ms [UE 42234] UL Throughput = 0.0 Mbps
4094 ms [UE 42234] UL Throughput = 0.0 Mbps
4204 ms [UE 30040] UL Throughput = 0.08474 Mbps
4204 ms [UE 42234] UL Throughput = 0.06392 Mbps
4282 ms [UE 30040] UL Throughput = 0.0 Mbps
4282 ms [UE 42234] UL Throughput = 0.0 Mbps
4382 ms [UE 30040] UL Throughput = 0.05651 Mbps
4382 ms [UE 42234] UL Throughput = 0.05876 Mbps
4473 ms [UE 30040] UL Throughput = 0.02286 Mbps
4473 ms [UE 42234] UL Throughput = 0.0 Mbps
4566 ms [UE 30040] UL Throughput = 0.04347 Mbps
4566 ms [UE 42234] UL Throughput = 0.02576 Mbps
4675 ms [UE 30040] UL Throughput = 0.0 Mbps
4675 ms [UE 42234] UL Throughput = 0.03065 Mbps
4779 ms [UE 30040] UL Throughput = 0.0 Mbps
4779 ms [UE 42234] UL Throughput = 0.0 Mbps
4899 ms [UE 30040] UL Throughput = 0.0 Mbps
4899 ms [UE 42234] UL Throughput = 0.05706 Mbps
4994 ms [UE 42234] UL Throughput = 0.04419 Mbps
5084 ms [UE 30040] UL Throughput = 0.0 Mbps
5084 ms [UE 42234] UL Throughput = 0.0 Mbps
5193 ms [UE 30040] UL Throughput = 0.0 Mbps
5193 ms [UE 42234] UL Throughput = 0.14109 Mbps
5194 ms [UE 30040] UL Throughput = 0.0 Mbps
5194 ms [UE 42234] UL Throughput = 0.09364 Mbps
5284 ms [UE 30040] UL Throughput = 0.05559 Mbps
5284 ms [UE 42234] UL Throughput = 0.0 Mbps
5400 ms [UE 30040] UL Throughput = 0.0 Mbps
5401 ms [UE 30040] UL Throughput = 0.0 Mbps
5401 ms [UE 42234] UL Throughput = 0.0 Mbps
5403 ms [UE 30040] UL Throughput = 0.07305 Mbps
5403 ms [UE 42234] UL Throughput = 0.0 Mbps
5527 ms [UE 30040] UL Throughput = 0.0 Mbps
5527 ms [UE 42234] UL Throughput = 0.0 Mbps
5634 ms [UE 30040] UL Throughput = 0.0 Mbps
5634 ms [UE 42234] UL Throughput = 0.05 Mbps
5736 ms [UE 30040] UL Throughput = 0.08884 Mbps
5736 ms [UE 42234] UL Throughput = 0.0 Mbps
5829 ms [UE 30040] UL Throughput = 0.05648 Mbps
5829 ms [UE 42234] UL Throughput = 0.0 Mbps
5908 ms [UE 30040] UL Throughput = 0.0 Mbps
5908 ms [UE 42234] UL Throughput = 0.03627 Mbps
6004 ms [UE 30040] UL Throughput = 0.0858 Mbps
6004 ms [UE 42234] UL Throughput = 0.0 Mbps
6128 ms [UE 42234] UL Throughput = 0.0 Mbps
6216 ms [UE 30040] UL Throughput = 0.08762 Mbps
6216 ms [UE 42234] UL Throughput = 0.0 Mbps
6336 ms [UE 30040] UL Throughput = 0.02368 Mbps
6336 ms [UE 42234] UL Throughput = 0.0316 Mbps
6435 ms [UE 30040] UL Throughput = 0.09587 Mbps
6435 ms [UE 42234] UL Throughput = 0.0 Mbps
6436 ms [UE 30040] UL Throughput = 0.0 Mbps
6436 ms [UE 42234] UL Throughput = 0.0 Mbps
6550 ms [UE 42234] UL Throughput = 0.0 Mbps
6681 ms [UE 30040] UL Throughput = 0.0 Mbps
6768 ms [UE 42234] UL Throughput = 0.0 Mbps
6851 ms [UE 30040] UL Throughput = 0.0 Mbps
6851 ms [UE 42234] UL Throughput = 0.07131 Mbps
6960 ms [UE 30040] UL Throughput = 0.0 Mbps
6960 ms [UE 42234] UL Throughput = 0.03214 Mbps
7089 ms [UE 30040] UL Throughput = 0.07621 Mbps
7198 ms [UE 42234] UL Throughput = 0.0 Mbps
7295 ms [UE 30040] UL Throughput = 0.0 Mbps
7295 ms [UE 42234] UL Throughput = 0.0 Mbps
7299 ms [UE 30040] UL Throughput = 0.0 Mbps
7299 ms [UE 42234] UL Throughput = 0.0 Mbps
7396 ms [UE 30040] UL Throughput = 0.05824 Mbps
7396 ms [UE 42234] UL Throughput = 0.13998 Mbps
7530 ms [UE 30040] UL Throughput = 0.02474 Mbps
7530 ms [UE 42234] UL Throughput = 0.0 Mbps
7634 ms [UE 30040] UL Throughput = 0.0413 Mbps
7634 ms [UE 42234] UL Throughput = 0.0 Mbps
7729 ms [UE 30040] UL Throughput = 0.08311 Mbps
7729 ms [UE 42234] UL Throughput = 0.01423 Mbps
7834 ms [UE 30040] UL Throughput = 0.0 Mbps
7834 ms [UE 42234] UL Throughput = 0.0 Mbps
7917 ms [UE 30040] UL Throughput = 0.02064 Mbps
7917 ms [UE 42234] UL Throughput = 0.02462 Mbps
8026 ms [UE 30040] UL Throughput = 0.0 Mbps
8026 ms [UE 42234] UL Throughput = 0.0 Mbps
8149 ms [UE 30040] UL Throughput = 0.08557 Mbps
8237 ms [UE 30040] UL Throughput = 0.0 Mbps
8360 ms [UE 30040] UL Throughput = 0.0 Mbps
8460 ms [UE 30040] UL Throughput = 0.06655 Mbps
8460 ms [UE 42234] UL Throughput = 0.0128 Mbps
8465 ms [UE 30040] UL Throughput = 0.0161 Mbps
8465 ms [UE 42234] UL Throughput = 0.02452 Mbps
8528 ms [UE 30040] UL Throughput = 0.05867 Mbps
8528 ms [UE 42234] UL Throughput = 0.0 Mbps
8643 ms [UE 42234] UL Throughput = 0.0 Mbps
8644 ms [UE 30040] UL Throughput = 0.0 Mbps
8644 ms [UE 42234] UL Throughput = 0.01137 Mbps
8646 ms [UE 30040] UL Throughput = 0.0 Mbps
8646 ms [UE 42234] UL Throughput = 0.0 Mbps
8729 ms [UE 30040] UL Throughput = 0.0 Mbps
8729 ms [UE 42234] UL Throughput = 0.0238 Mbps
8854 ms [UE 30040] UL Throughput = 0.01928 Mbps
8854 ms [UE 42234] UL Throughput = 0.03686 Mbps
8972 ms [UE 30040] UL Throughput = 0.0 Mbps
8972 ms [UE 42234] UL Throughput = 0.0 Mbps
9059 ms [UE 30040] UL Throughput = 0.0 Mbps
9059 ms [UE 42234] UL Throughput = 0.0 Mbps
9166 ms [UE 30040] UL Throughput = 0.07874 Mbps
9166 ms [UE 42234] UL Throughput = 0.0183 Mbps
9259 ms [UE 42234] UL Throughput = 0.06485 Mbps
9357 ms [UE 30040] UL Throughput = 0.0 Mbps
9357 ms [UE 42234] UL Throughput = 0.13289 Mbps
9443 ms [UE 30040] UL Throughput = 0.07724 Mbps
9543 ms [UE 30040] UL Throughput = 0.04486 Mbps
9543 ms [UE 42234] UL Throughput = 0.03382 Mbps
9642 ms [UE 30040] UL Throughput = 0.0 Mbps
9642 ms [UE 42234] UL Throughput = 0.03978 Mbps
9740 ms [UE 30040] UL Throughput = 0.0 Mbps
9740 ms [UE 42234] UL Throughput = 0.01722 Mbps
9835 ms [UE 30040] UL Throughput = 0.06856 Mbps
9835 ms [UE 42234] UL Throughput = 0.06856 Mbps
9962 ms [UE 30040] UL Throughput = 0.01563 Mbps
9962 ms [UE 42234] UL Throughput = 0.0 Mbps
10057 ms [UE 30040] UL Throughput = 0.09321 Mbps
10057 ms [UE 42234] UL Throughput = 0.0 Mbps
10181 ms [UE 42234] UL Throughput = 0.02892 Mbps
10185 ms [UE 30040] UL Throughput = 0.0 Mbps
10185 ms [UE 42234] UL Throughput = 0.0 Mbps
10274 ms [UE 30040] UL Throughput = 0.07086 Mbps
10371 ms [UE 30040] UL Throughput = 0.07386 Mbps
10371 ms [UE 42234] UL Throughput = 0.0 Mbps
10376 ms [UE 30040] UL Throughput = 0.0 Mbps
10376 ms [UE 42234] UL Throughput = 0.0 Mbps
10478 ms [UE 30040] UL Throughput = 0.12566 Mbps
10478 ms [UE 42234] UL Throughput = 0.07676 Mbps
10575 ms [UE 30040] UL Throughput = 0.07603 Mbps
10575 ms [UE 42234] UL Throughput = 0.0 Mbps
10698 ms [UE 30040] UL Throughput = 0.03971 Mbps
10698 ms [UE 42234] UL Throughput = 0.09358 Mbps
10807 ms [UE 30040] UL Throughput = 0.0 Mbps
10807 ms [UE 42234] UL Throughput = 0.0 Mbps
10920 ms [UE 30040] UL Throughput = 0.14576 Mbps
10920 ms [UE 42234] UL Throughput = 0.09406 Mbps
10924 ms [UE 30040] UL Throughput = 0.0 Mbps
10924 ms [UE 42234] UL Throughput = 0.0 Mbps
11032 ms [UE 30040] UL Throughput = 0.0 Mbps
11032 ms [UE 42234] UL Throughput = 0.09029 Mbps
11136 ms [UE 30040] UL Throughput = 0.0 Mbps
11136 ms [UE 42234] UL Throughput = 0.0 Mbps
11259 ms [UE 30040] UL Throughput = 0.04086 Mbps
11259 ms [UE 42234] UL Throughput = 0.04223 Mbps
11359 ms [UE 30040] UL Throughput = 0.03324 Mbps
11359 ms [UE 42234] UL Throughput = 0.0 Mbps
11444 ms [UE 30040] UL Throughput = 0.0193 Mbps
11444 ms [UE 42234] UL Throughput = 0.02204 Mbps
11448 ms [UE 42234] UL Throughput = 0.09011 Mbps
11529 ms [UE 30040] UL Throughput = 0.04811 Mbps
11529 ms [UE 42234] UL Throughput = 0.0 Mbps
11636 ms [UE 30040] UL Throughput = 0.0 Mbps
11636 ms [UE 42234] UL Throughput = 0.08033 Mbps
11641 ms [UE 30040] UL Throughput = 0.03025 Mbps
11641 ms [UE 42234] UL Throughput = 0.03653 Mbps
11725 ms [UE 30040] UL Throughput = 0.0 Mbps
11725 ms [UE 42234] UL Throughput = 0.0 Mbps
11835 ms [UE 30040] UL Throughput = 0.0 Mbps
11835 ms [UE 42234] UL Throughput = 0.0 Mbps
11924 ms [UE 30040] UL Throughput = 0.09459 Mbps
11924 ms [UE 42234] UL Throughput = 0.0 Mbps
11926 ms [UE 30040] UL Throughput = 0.0 Mbps
11926 ms [UE 42234] UL Throughput = 0.0 Mbps
12024 ms [UE 30040] UL Throughput = 0.0 Mbps
12024 ms [UE 42234] UL Throughput = 0.09411 Mbps
12150 ms [UE 30040] UL Throughput = 0.03493 Mbps
12150 ms [UE 42234] UL Throughput = 0.02415 Mbps
12267 ms [UE 30040] UL Throughput = 0.04542 Mbps
12267 ms [UE 42234] UL Throughput = 0.07137 Mbps
12375 ms [UE 30040] UL Throughput = 0.0 Mbps
12375 ms [UE 42234] UL Throughput = 0.02884 Mbps
12377 ms [UE 30040] UL Throughput = 0.0 Mbps
12377 ms [UE 42234] UL Throughput = 0.07604 Mbps
12383 ms [UE 30040] UL Throughput = 0.0 Mbps
12383 ms [UE 42234] UL Throughput = 0.0 Mbps
12476 ms [UE 30040] UL Throughput = 0.0 Mbps
12476 ms [UE 42234] UL Throughput = 0.0 Mbps
12479 ms [UE 30040] UL Throughput = 0.06101 Mbps
12479 ms [UE 42234] UL Throughput = 0.0 Mbps
12576 ms [UE 30040] UL Throughput = 0.06147 Mbps
12576 ms [UE 42234] UL Throughput = 0.0 Mbps
12653 ms [UE 30040] UL Throughput = 0.0 Mbps
12758 ms [UE 30040] UL Throughput = 0.08059 Mbps
12758 ms [UE 42234] UL Throughput = 0.0 Mbps
12874 ms [UE 30040] UL Throughput = 0.0 Mbps
12874 ms [UE 42234] UL Throughput = 0.0 Mbps
12968 ms [UE 42234] UL Throughput = 0.06553 Mbps
13082 ms [UE 30040] UL Throughput = 0.07231 Mbps
13082 ms [UE 42234] UL Throughput = 0.1542 Mbps
13171 ms [UE 30040] UL Throughput = 0.0 Mbps
13171 ms [UE 42234] UL Throughput = 0.0 Mbps
13274 ms [UE 30040] UL Throughput = 0.09996 Mbps
13274 ms [UE 42234] UL Throughput = 0.02911 Mbps
13279 ms [UE 30040] UL Throughput = 0.05183 Mbps
13283 ms [UE 30040] UL Throughput = 0.02666 Mbps
13283 ms [UE 42234] UL Throughput = 0.04067 Mbps
13368 ms [UE 30040] UL Throughput = 0.0 Mbps
13368 ms [UE 42234] UL Throughput = 0.0 Mbps
13474 ms [UE 30040] UL Throughput = 0.0 Mbps
13474 ms [UE 42234] UL Throughput = 0.09772 Mbps
13574 ms [UE 30040] UL Throughput = 0.0 Mbps
13574 ms [UE 42234] UL Throughput = 0.06255 Mbps
13680 ms [UE 30040] UL Throughput = 0.07768 Mbps
13684 ms [UE 30040] UL Throughput = 0.03187 Mbps
13684 ms [UE 42234] UL Throughput = 0.0 Mbps
13685 ms [UE 42234] UL Throughput = 0.07588 Mbps
13762 ms [UE 42234] UL Throughput = 0.06845 Mbps
13849 ms [UE 30040] UL Throughput = 0.0 Mbps
13849 ms [UE 42234] UL Throughput = 0.0 Mbps
13854 ms [UE 30040] UL Throughput = 0.0 Mbps
13854 ms [UE 42234] UL Throughput = 0.0 Mbps
13933 ms [UE 30040] UL Throughput = 0.0422 Mbps
13933 ms [UE 42234] UL Throughput = 0.01647 Mbps
13939 ms [UE 30040] UL Throughput = 0.06889 Mbps
13939 ms [UE 42234] UL Throughput = 0.0 Mbps
14040 ms [UE 42234] UL Throughput = 0.0 Mbps
14123 ms [UE 42234] UL Throughput = 0.06579 Mbps
14124 ms [UE 30040] UL Throughput = 0.0 Mbps
14124 ms [UE 42234] UL Throughput = 0.05165 Mbps
14130 ms [UE 30040] UL Throughput = 0.0 Mbps
14130 ms [UE 42234] UL Throughput = 0.01426 Mbps
14243 ms [UE 30040] UL Throughput = 0.0 Mbps
14243 ms [UE 42234] UL Throughput = 0.0 Mbps
14313 ms [UE 30040] UL Throughput = 0.05165 Mbps
14313 ms [UE 42234] UL Throughput = 0.0 Mbps
14422 ms [UE 30040] UL Throughput = 0.0 Mbps
14422 ms [UE 42234] UL Throughput = 0.0 Mbps
14538 ms [UE 30040] UL Throughput = 0.02863 Mbps
14538 ms [UE 42234] UL Throughput = 0.0 Mbps
14634 ms [UE 30040] UL Throughput = 0.07904 Mbps
14634 ms [UE 42234] UL Throughput = 0.01298 Mbps
14734 ms [UE 30040] UL Throughput = 0.02111 Mbps
14850 ms [UE 30040] UL Throughput = 0.0 Mbps
14850 ms [UE 42234] UL Throughput = 0.0 Mbps
14953 ms [UE 30040] UL Throughput = 0.0 Mbps
14953 ms [UE 42234] UL Throughput = 0.0 Mbps
15060 ms [UE 30040] UL Throughput = 0.04714 Mbps
15060 ms [UE 42234] UL Throughput = 0.12081 Mbps
15158 ms [UE 30040] UL Throughput = 0.06345 Mbps
15158 ms [UE 42234] UL Throughput = 0.0 Mbps
15162 ms [UE 30040] UL Throughput = 0.0 Mbps
15162 ms [UE 42234] UL Throughput = 0.0432 Mbps
15260 ms [UE 42234] UL Throughput = 0.0 Mbps
15264 ms [UE 30040] UL Throughput = 0.0315 Mbps
15264 ms [UE 42234] UL Throughput = 0.0962 Mbps
15354 ms [UE 42234] UL Throughput = 0.09899 Mbps
15439 ms [UE 30040] UL Throughput = 0.0 Mbps
15439 ms [UE 42234] UL Throughput = 0.0 Mbps
15522 ms [UE 30040] UL Throughput = 0.07217 Mbps
15522 ms [UE 42234] UL Throughput = 0.0 Mbps
15620 ms [UE 42234] UL Throughput = 0.0 Mbps
15712 ms [UE 30040] UL Throughput = 0.0 Mbps
15712 ms [UE 42234] UL Throughput = 0.0 Mbps
15716 ms [UE 30040] UL Throughput = 0.09897 Mbps
15716 ms [UE 42234] UL Throughput = 0.0 Mbps
15810 ms [UE 30040] UL Throughput = 0.10271 Mbps
15901 ms [UE 30040] UL Throughput = 0.0 Mbps
15901 ms [UE 42234] UL Throughput = 0.02647 Mbps
16016 ms [UE 30040] UL Throughput = 0.04205 Mbps
16016 ms [UE 42234] UL Throughput = 0.0353 Mbps
16112 ms [UE 30040] UL Throughput = 0.0 Mbps
16112 ms [UE 42234] UL Throughput = 0.0 Mbps
16246 ms [UE 30040] UL Throughput = 0.0 Mbps
16246 ms [UE 42234] UL Throughput = 0.0 Mbps
16251 ms [UE 30040] UL Throughput = 0.0 Mbps
16251 ms [UE 42234] UL Throughput = 0.0 Mbps
16364 ms [UE 30040] UL Throughput = 0.02938 Mbps
16489 ms [UE 30040] UL Throughput = 0.07491 Mbps
16489 ms [UE 42234] UL Throughput = 0.0 Mbps
16491 ms [UE 42234] UL Throughput = 0.0 Mbps
16591 ms [UE 30040] UL Throughput = 0.0 Mbps
16591 ms [UE 42234] UL Throughput = 0.0 Mbps
16686 ms [UE 30040] UL Throughput = 0.04971 Mbps
16686 ms [UE 42234] UL Throughput = 0.0 Mbps
16687 ms [UE 30040] UL Throughput = 0.0 Mbps
16687 ms [UE 42234] UL Throughput = 0.0 Mbps
16770 ms [UE 30040] UL Throughput = 0.0 Mbps
16770 ms [UE 42234] UL Throughput = 0.0 Mbps
16845 ms [UE 30040] UL Throughput = 0.06392 Mbps
16845 ms [UE 42234] UL Throughput = 0.0 Mbps
16928 ms [UE 30040] UL Throughput = 0.01424 Mbps
16928 ms [UE 42234] UL Throughput = 0.07296 Mbps
17021 ms [UE 30040] UL Throughput = 0.0 Mbps
17116 ms [UE 30040] UL Throughput = 0.09044 Mbps
17116 ms [UE 42234] UL Throughput = 0.0 Mbps
17218 ms [UE 42234] UL Throughput = 0.02609 Mbps
17223 ms [UE 30040] UL Throughput = 0.0 Mbps
17223 ms [UE 42234] UL Throughput = 0.08426 Mbps
17362 ms [UE 30040] UL Throughput = 0.03247 Mbps
17362 ms [UE 42234] UL Throughput = 0.08537 Mbps
17487 ms [UE 42234] UL Throughput = 0.06633 Mbps
17488 ms [UE 30040] UL Throughput = 0.0 Mbps
17488 ms [UE 42234] UL Throughput = 0.0 Mbps
17580 ms [UE 30040] UL Throughput = 0.05698 Mbps
17580 ms [UE 42234] UL Throughput = 0.0 Mbps
17679 ms [UE 42234] UL Throughput = 0.0 Mbps
17777 ms [UE 30040] UL Throughput = 0.0 Mbps
17853 ms [UE 30040] UL Throughput = 0.0 Mbps
17853 ms [UE 42234] UL Throughput = 0.0 Mbps
17858 ms [UE 30040] UL Throughput = 0.01436 Mbps
17858 ms [UE 42234] UL Throughput = 0.09445 Mbps
17962 ms [UE 30040] UL Throughput = 0.03755 Mbps
17962 ms [UE 42234] UL Throughput = 0.0 Mbps
18061 ms [UE 30040] UL Throughput = 0.0 Mbps
18061 ms [UE 42234] UL Throughput = 0.0 Mbps
18173 ms [UE 30040] UL Throughput = 0.0367 Mbps
18289 ms [UE 30040] UL Throughput = 0.0 Mbps
18289 ms [UE 42234] UL Throughput = 0.0 Mbps
18357 ms [UE 30040] UL Throughput = 0.0 Mbps
18441 ms [UE 30040] UL Throughput = 0.05389 Mbps
18441 ms [UE 42234] UL Throughput = 0.0 Mbps
18540 ms [UE 30040] UL Throughput = 0.0 Mbps
18540 ms [UE 42234] UL Throughput = 0.0 Mbps
18646 ms [UE 42234] UL Throughput = 0.08173 Mbps
18728 ms [UE 30040] UL Throughput = 0.0 Mbps
18728 ms [UE 42234] UL Throughput = 0.0 Mbps
18816 ms [UE 30040] UL Throughput = 0.0 Mbps
18816 ms [UE 42234] UL Throughput = 0.0 Mbps
18921 ms [UE 30040] UL Throughput = 0.0 Mbps
18921 ms [UE 42234] UL Throughput = 0.03899 Mbps
19007 ms [UE 30040] UL Throughput = 0.0 Mbps
19112 ms [UE 30040] UL Throughput = 0.0 Mbps
19112 ms [UE 42234] UL Throughput = 0.03795 Mbps
19214 ms [UE 30040] UL Throughput = 0.0282 Mbps
19214 ms [UE 42234] UL Throughput = 0.0 Mbps
19326 ms [UE 30040] UL Throughput = 0.0 Mbps
19326 ms [UE 42234] UL Throughput = 0.07553 Mbps
19421 ms [UE 30040] UL Throughput = 0.0 Mbps
19421 ms [UE 42234] UL Throughput = 0.0 Mbps
19507 ms [UE 30040] UL Throughput = 0.0399 Mbps
19507 ms [UE 42234] UL Throughput = 0.03388 Mbps
19509 ms [UE 30040] UL Throughput = 0.09486 Mbps
19619 ms [UE 30040] UL Throughput = 0.0 Mbps
19619 ms [UE 42234] UL Throughput = 0.0 Mbps
19621 ms [UE 30040] UL Throughput = 0.0 Mbps
19621 ms [UE 42234] UL Throughput = 0.0 Mbps
19741 ms [UE 30040] UL Throughput = 0.03387 Mbps
19851 ms [UE 30040] UL Throughput = 0.06195 Mbps
19851 ms [UE 42234] UL Throughput = 0.07035 Mbps
19936 ms [UE 42234] UL Throughput = 0.01553 Mbps
20001 ms [UE 30040] UL Throughput = 0.0 Mbps
20001 ms [UE 42234] UL Throughput = 0.06266 Mbps
20094 ms [UE 30040] UL Throughput = 0.06176 Mbps
20094 ms [UE 42234] UL Throughput = 0.03353 Mbps
20191 ms [UE 30040] UL Throughput = 0.02307 Mbps
20191 ms [UE 42234] UL Throughput = 0.0 Mbps
20197 ms [UE 30040] UL Throughput = 0.0 Mbps
20197 ms [UE 42234] UL Throughput = 0.06862 Mbps
20277 ms [UE 30040] UL Throughput = 0.0 Mbps
20366 ms [UE 30040] UL Throughput = 0.0 Mbps
20366 ms [UE 42234] UL Throughput = 0.1293 Mbps
20463 ms [UE 30040] UL Throughput = 0.08527 Mbps
20463 ms [UE 42234] UL Throughput = 0.03343 Mbps
20465 ms [UE 30040] UL Throughput = 0.0 Mbps
20465 ms [UE 42234] UL Throughput = 0.0 Mbps
20575 ms [UE 30040] UL Throughput = 0.05594 Mbps
20575 ms [UE 42234] UL Throughput = 0.0 Mbps
20648 ms [UE 30040] UL Throughput = 0.0 Mbps
20648 ms [UE 42234] UL Throughput = 0.06774 Mbps
20769 ms [UE 30040] UL Throughput = 0.03435 Mbps
20769 ms [UE 42234] UL Throughput = 0.0 Mbps
20850 ms [UE 30040] UL Throughput = 0.0 Mbps
20850 ms [UE 42234] UL Throughput = 0.09204 Mbps
20961 ms [UE 30040] UL Throughput = 0.05148 Mbps
20961 ms [UE 42234] UL Throughput = 0.14996 Mbps
21051 ms [UE 30040] UL Throughput = 0.01821 Mbps
21051 ms [UE 42234] UL Throughput = 0.0 Mbps
21141 ms [UE 30040] UL Throughput = 0.0 Mbps
21141 ms [UE 42234] UL Throughput = 0.0 Mbps
21254 ms [UE 30040] UL Throughput = 0.0 Mbps
21254 ms [UE 42234] UL Throughput = 0.06286 Mbps
21352 ms [UE 42234] UL Throughput = 0.0 Mbps
21448 ms [UE 30040] UL Throughput = 0.0 Mbps
21448 ms [UE 42234] UL Throughput = 0.02624 Mbps
21537 ms [UE 30040] UL Throughput = 0.0 Mbps
21537 ms [UE 42234] UL Throughput = 0.0 Mbps
21618 ms [UE 30040] UL Throughput = 0.13024 Mbps
21618 ms [UE 42234] UL Throughput = 0.0 Mbps
21693 ms [UE 30040] UL Throughput = 0.0 Mbps
21693 ms [UE 42234] UL Throughput = 0.0 Mbps
21766 ms [UE 30040] UL Throughput = 0.03919 Mbps
21766 ms [UE 42234] UL Throughput = 0.0356 Mbps
21874 ms [UE 30040] UL Throughput = 0.0 Mbps
21874 ms [UE 42234] UL Throughput = 0.0 Mbps
21976 ms [UE 30040] UL Throughput = 0.07479 Mbps
21976 ms [UE 42234] UL Throughput = 0.04483 Mbps
22106 ms [UE 30040] UL Throughput = 0.08639 Mbps
22106 ms [UE 42234] UL Throughput = 0.089 Mbps
22215 ms [UE 30040] UL Throughput = 0.0 Mbps
22215 ms [UE 42234] UL Throughput = 0.0 Mbps
22323 ms [UE 30040] UL Throughput = 0.03776 Mbps
22323 ms [UE 42234] UL Throughput = 0.0 Mbps
22421 ms [UE 30040] UL Throughput = 0.0 Mbps
22421 ms [UE 42234] UL Throughput = 0.0 Mbps
22533 ms [UE 30040] UL Throughput = 0.04967 Mbps
22533 ms [UE 42234] UL Throughput = 0.0 Mbps
22611 ms [UE 30040] UL Throughput = 0.08545 Mbps
22690 ms [UE 30040] UL Throughput = 0.0 Mbps
22690 ms [UE 42234] UL Throughput = 0.0 Mbps
22815 ms [UE 30040] UL Throughput = 0.09037 Mbps
22815 ms [UE 42234] UL Throughput = 0.09205 Mbps
22914 ms [UE 42234] UL Throughput = 0.09379 Mbps
22994 ms [UE 30040] UL Throughput = 0.0 Mbps
22994 ms [UE 42234] UL Throughput = 0.0 Mbps
23087 ms [UE 30040] UL Throughput = 0.0 Mbps
23087 ms [UE 42234] UL Throughput = 0.0 Mbps
23188 ms [UE 30040] UL Throughput = 0.0 Mbps
23188 ms [UE 42234] UL Throughput = 0.10705 Mbps
23288 ms [UE 30040] UL Throughput = 0.0 Mbps
23288 ms [UE 42234] UL Throughput = 0.0 Mbps
23390 ms [UE 30040] UL Throughput = 0.0 Mbps
23390 ms [UE 42234] UL Throughput = 0.0 Mbps
23393 ms [UE 30040] UL Throughput = 0.0 Mbps
23393 ms [UE 42234] UL Throughput = 0.19677 Mbps
23394 ms [UE 42234] UL Throughput = 0.08959 Mbps
23465 ms [UE 30040] UL Throughput = 0.09943 Mbps
23465 ms [UE 42234] UL Throughput = 0.07142 Mbps
23571 ms [UE 30040] UL Throughput = 0.0 Mbps
23571 ms [UE 42234] UL Throughput = 0.06502 Mbps
23665 ms [UE 30040] UL Throughput = 0.05334 Mbps
23775 ms [UE 30040] UL Throughput = 0.07291 Mbps
23851 ms [UE 30040] UL Throughput = 0.08503 Mbps
23851 ms [UE 42234] UL Throughput = 0.01493 Mbps
23927 ms [UE 30040] UL Throughput = 0.01096 Mbps
23927 ms [UE 42234] UL Throughput = 0.0 Mbps
23997 ms [UE 30040] UL Throughput = 0.01041 Mbps
23997 ms [UE 42234] UL Throughput = 0.05732 Mbps
24002 ms [UE 30040] UL Throughput = 0.0 Mbps
24002 ms [UE 42234] UL Throughput = 0.04558 Mbps
24081 ms [UE 30040] UL Throughput = 0.08911 Mbps
24081 ms [UE 42234] UL Throughput = 0.01718 Mbps
24213 ms [UE 30040] UL Throughput = 0.0 Mbps
24213 ms [UE 42234] UL Throughput = 0.0 Mbps
24305 ms [UE 30040] UL Throughput = 0.0 Mbps
24305 ms [UE 42234] UL Throughput = 0.09448 Mbps
24429 ms [UE 30040] UL Throughput = 0.0 Mbps
24434 ms [UE 30040] UL Throughput = 0.03187 Mbps
24531 ms [UE 30040] UL Throughput = 0.0 Mbps
24531 ms [UE 42234] UL Throughput = 0.0 Mbps
24651 ms [UE 30040] UL Throughput = 0.03551 Mbps
24651 ms [UE 42234] UL Throughput = 0.0352 Mbps
24729 ms [UE 30040] UL Throughput = 0.0904 Mbps
24845 ms [UE 30040] UL Throughput = 0.0 Mbps
24845 ms [UE 42234] UL Throughput = 0.03447 Mbps
24959 ms [UE 30040] UL Throughput = 0.01295 Mbps
24959 ms [UE 42234] UL Throughput = 0.05451 Mbps
24962 ms [UE 30040] UL Throughput = 0.06973 Mbps
24962 ms [UE 42234] UL Throughput = 0.0 Mbps
25043 ms [UE 30040] UL Throughput = 0.0 Mbps
25043 ms [UE 42234] UL Throughput = 0.03295 Mbps
25154 ms [UE 30040] UL Throughput = 0.05542 Mbps
25154 ms [UE 42234] UL Throughput = 0.0 Mbps
25244 ms [UE 30040] UL Throughput = 0.12413 Mbps
25244 ms [UE 42234] UL Throughput = 0.07181 Mbps
25315 ms [UE 42234] UL Throughput = 0.06834 Mbps
25432 ms [UE 30040] UL Throughput = 0.0 Mbps
25432 ms [UE 42234] UL Throughput = 0.0 Mbps
25508 ms [UE 30040] UL Throughput = 0.0 Mbps
25508 ms [UE 42234] UL Throughput = 0.06162 Mbps
25626 ms [UE 42234] UL Throughput = 0.0 Mbps
25698 ms [UE 30040] UL Throughput = 0.0 Mbps
25698 ms [UE 42234] UL Throughput = 0.0 Mbps
25784 ms [UE 30040] UL Throughput = 0.07545 Mbps
25784 ms [UE 42234] UL Throughput = 0.0 Mbps
25878 ms [UE 30040] UL Throughput = 0.03612 Mbps
25878 ms [UE 42234] UL Throughput = 0.0 Mbps
25969 ms [UE 30040] UL Throughput = 0.04753 Mbps
25969 ms [UE 42234] UL Throughput = 0.0 Mbps
26053 ms [UE 42234] UL Throughput = 0.0 Mbps
26057 ms [UE 30040] UL Throughput = 0.0 Mbps
26057 ms [UE 42234] UL Throughput = 0.0 Mbps
26152 ms [UE 30040] UL Throughput = 0.01811 Mbps
26152 ms [UE 42234] UL Throughput = 0.0 Mbps
26236 ms [UE 30040] UL Throughput = 0.05487 Mbps
26236 ms [UE 42234] UL Throughput = 0.04056 Mbps
26312 ms [UE 30040] UL Throughput = 0.0 Mbps
26312 ms [UE 42234] UL Throughput = 0.0 Mbps
26407 ms [UE 30040] UL Throughput = 0.07989 Mbps
26407 ms [UE 42234] UL Throughput = 0.06377 Mbps
26487 ms [UE 30040] UL Throughput = 0.09566 Mbps
26487 ms [UE 42234] UL Throughput = 0.03635 Mbps
26563 ms [UE 30040] UL Throughput = 0.0 Mbps
26563 ms [UE 42234] UL Throughput = 0.06895 Mbps
26675 ms [UE 30040] UL Throughput = 0.06703 Mbps
26764 ms [UE 30040] UL Throughput = 0.05362 Mbps
26764 ms [UE 42234] UL Throughput = 0.01243 Mbps
26768 ms [UE 30040] UL Throughput = 0.01656 Mbps
26768 ms [UE 42234] UL Throughput = 0.0 Mbps
26837 ms [UE 42234] UL Throughput = 0.07192 Mbps
26841 ms [UE 30040] UL Throughput = 0.05388 Mbps
26841 ms [UE 42234] UL Throughput = 0.0 Mbps
26957 ms [UE 30040] UL Throughput = 0.03075 Mbps
26957 ms [UE 42234] UL Throughput = 0.0829 Mbps
27072 ms [UE 30040] UL Throughput = 0.0 Mbps
27072 ms [UE 42234] UL Throughput = 0.05529 Mbps
27172 ms [UE 30040] UL Throughput = 0.02684 Mbps
27172 ms [UE 42234] UL Throughput = 0.06491 Mbps
27264 ms [UE 30040] UL Throughput = 0.0 Mbps
27389 ms [UE 30040] UL Throughput = 0.0719 Mbps
27464 ms [UE 30040] UL Throughput = 0.08166 Mbps
27464 ms [UE 42234] UL Throughput = 0.0 Mbps
27569 ms [UE 30040] UL Throughput = 0.09372 Mbps
27569 ms [UE 42234] UL Throughput = 0.0 Mbps
27659 ms [UE 30040] UL Throughput = 0.01285 Mbps
27659 ms [UE 42234] UL Throughput = 0.0 Mbps
27765 ms [UE 30040] UL Throughput = 0.07615 Mbps
27765 ms [UE 42234] UL Throughput = 0.02939 Mbps
27863 ms [UE 30040] UL Throughput = 0.0842 Mbps
27863 ms [UE 42234] UL Throughput = 0.0 Mbps
27961 ms [UE 30040] UL Throughput = 0.0 Mbps
27961 ms [UE 42234] UL Throughput = 0.06256 Mbps
28085 ms [UE 30040] UL Throughput = 0.03266 Mbps
28085 ms [UE 42234] UL Throughput = 0.0 Mbps
28089 ms [UE 42234] UL Throughput = 0.0 Mbps
28185 ms [UE 30040] UL Throughput = 0.05582 Mbps
28185 ms [UE 42234] UL Throughput = 0.0 Mbps
28279 ms [UE 30040] UL Throughput = 0.03429 Mbps
28279 ms [UE 42234] UL Throughput = 0.07222 Mbps
28371 ms [UE 30040] UL Throughput = 0.0 Mbps
28371 ms [UE 42234] UL Throughput = 0.0 Mbps
28372 ms [UE 30040] UL Throughput = 0.0 Mbps
28372 ms [UE 42234] UL Throughput = 0.09682 Mbps
28377 ms [UE 30040] UL Throughput = 0.0 Mbps
28381 ms [UE 30040] UL Throughput = 0.02048 Mbps
28381 ms [UE 42234] UL Throughput = 0.0 Mbps
28486 ms [UE 30040] UL Throughput = 0.0 Mbps
28486 ms [UE 42234] UL Throughput = 0.05548 Mbps
28584 ms [UE 30040] UL Throughput = 0.0 Mbps
28584 ms [UE 42234] UL Throughput = 0.09685 Mbps
28689 ms [UE 30040] UL Throughput = 0.09019 Mbps
28787 ms [UE 30040] UL Throughput = 0.03546 Mbps
28787 ms [UE 42234] UL Throughput = 0.06628 Mbps
28872 ms [UE 30040] UL Throughput = 0.0 Mbps
28872 ms [UE 42234] UL Throughput = 0.0 Mbps
28960 ms [UE 30040] UL Throughput = 0.09434 Mbps
28960 ms [UE 42234] UL Throughput = 0.08604 Mbps
29056 ms [UE 30040] UL Throughput = 0.03725 Mbps
29056 ms [UE 42234] UL Throughput = 0.09079 Mbps
29157 ms [UE 30040] UL Throughput = 0.0 Mbps
29157 ms [UE 42234] UL Throughput = 0.10726 Mbps
29158 ms [UE 30040] UL Throughput = 0.0345 Mbps
29158 ms [UE 42234] UL Throughput = 0.0 Mbps
29161 ms [UE 30040] UL Throughput = 0.0 Mbps
29161 ms [UE 42234] UL Throughput = 0.07773 Mbps
29251 ms [UE 42234] UL Throughput = 0.0 Mbps
29353 ms [UE 30040] UL Throughput = 0.0 Mbps
29353 ms [UE 42234] UL Throughput = 0.0 Mbps
29480 ms [UE 42234] UL Throughput = 0.03531 Mbps
29565 ms [UE 30040] UL Throughput = 0.0 Mbps
29565 ms [UE 42234] UL Throughput = 0.02856 Mbps
29643 ms [UE 30040] UL Throughput = 0.0 Mbps
29643 ms [UE 42234] UL Throughput = 0.0 Mbps
29649 ms [UE 30040] UL Throughput = 0.0 Mbps
29649 ms [UE 42234] UL Throughput = 0.01345 Mbps
29732 ms [UE 30040] UL Throughput = 0.0 Mbps
29840 ms [UE 30040] UL Throughput = 0.12623 Mbps
29940 ms [UE 30040] UL Throughput = 0.02298 Mbps
29940 ms [UE 42234] UL Throughput = 0.0304 Mbps
30048 ms [UE 30040] UL Throughput = 0.15577 Mbps
30147 ms [UE 30040] UL Throughput = 0.06106 Mbps
30147 ms [UE 42234] UL Throughput = 0.09315 Mbps
30228 ms [UE 30040] UL Throughput = 0.03578 Mbps
30228 ms [UE 42234] UL Throughput = 0.02911 Mbps
30229 ms [UE 30040] UL Throughput = 0.0 Mbps
30322 ms [UE 30040] UL Throughput = 0.0 Mbps
30322 ms [UE 42234] UL Throughput = 0.0562 Mbps
30445 ms [UE 30040] UL Throughput = 0.0 Mbps
30445 ms [UE 42234] UL Throughput = 0.0 Mbps
30446 ms [UE 42234] UL Throughput = 0.14881 Mbps
30521 ms [UE 30040] UL Throughput = 0.0 Mbps
30521 ms [UE 42234] UL Throughput = 0.0 Mbps
30620 ms [UE 30040] UL Throughput = 0.02805 Mbps
30620 ms [UE 42234] UL Throughput = 0.0 Mbps
30691 ms [UE 42234] UL Throughput = 0.0 Mbps
30787 ms [UE 30040] UL Throughput = 0.04971 Mbps
30916 ms [UE 30040] UL Throughput = 0.0 Mbps
30916 ms [UE 42234] UL Throughput = 0.08517 Mbps
31001 ms [UE 30040] UL Throughput = 0.0 Mbps
31096 ms [UE 30040] UL Throughput = 0.06296 Mbps
31096 ms [UE 42234] UL Throughput = 0.0 Mbps
31102 ms [UE 30040] UL Throughput = 0.09713 Mbps
31102 ms [UE 42234] UL Throughput = 0.0 Mbps
31237 ms [UE 30040] UL Throughput = 0.02535 Mbps
31237 ms [UE 42234] UL Throughput = 0.05854 Mbps
31346 ms [UE 42234] UL Throughput = 0.08615 Mbps
31350 ms [UE 42234] UL Throughput = 0.06769 Mbps
31460 ms [UE 30040] UL Throughput = 0.0 Mbps
31460 ms [UE 42234] UL Throughput = 0.04347 Mbps
31573 ms [UE 30040] UL Throughput = 0.03928 Mbps
31573 ms [UE 42234] UL Throughput = 0.01414 Mbps
31636 ms [UE 30040] UL Throughput = 0.0 Mbps
31636 ms [UE 42234] UL Throughput = 0.0 Mbps
31728 ms [UE 30040] UL Throughput = 0.03197 Mbps
31728 ms [UE 42234] UL Throughput = 0.02365 Mbps
31827 ms [UE 30040] UL Throughput = 0.0395 Mbps
31827 ms [UE 42234] UL Throughput = 0.0 Mbps
31830 ms [UE 30040] UL Throughput = 0.0 Mbps
31830 ms [UE 42234] UL Throughput = 0.0 Mbps
31915 ms [UE 30040] UL Throughput = 0.0 Mbps
31915 ms [UE 42234] UL Throughput = 0.01308 Mbps
32007 ms [UE 30040] UL Throughput = 0.0738 Mbps
32007 ms [UE 42234] UL Throughput = 0.0937 Mbps
32010 ms [UE 30040] UL Throughput = 0.0 Mbps
32109 ms [UE 30040] UL Throughput = 0.03903 Mbps
32109 ms [UE 42234] UL Throughput = 0.0 Mbps
32191 ms [UE 30040] UL Throughput = 0.03672 Mbps
32191 ms [UE 42234] UL Throughput = 0.0 Mbps
32302 ms [UE 30040] UL Throughput = 0.0 Mbps
32302 ms [UE 42234] UL Throughput = 0.0 Mbps
32415 ms [UE 30040] UL Throughput = 0.03351 Mbps
32415 ms [UE 42234] UL Throughput = 0.03099 Mbps
32531 ms [UE 30040] UL Throughput = 0.0 Mbps
32621 ms [UE 30040] UL Throughput = 0.0 Mbps
32621 ms [UE 42234] UL Throughput = 0.0 Mbps
32709 ms [UE 30040] UL Throughput = 0.02513 Mbps
32709 ms [UE 42234] UL Throughput = 0.08707 Mbps
32823 ms [UE 30040] UL Throughput = 0.0 Mbps
32923 ms [UE 42234] UL Throughput = 0.0 Mbps
33026 ms [UE 30040] UL Throughput = 0.02545 Mbps
33125 ms [UE 30040] UL Throughput = 0.06894 Mbps
33125 ms [UE 42234] UL Throughput = 0.03531 Mbps
33227 ms [UE 30040] UL Throughput = 0.0443 Mbps
33348 ms [UE 30040] UL Throughput = 0.0 Mbps
33348 ms [UE 42234] UL Throughput = 0.03442 Mbps
33446 ms [UE 30040] UL Throughput = 0.0 Mbps
33446 ms [UE 42234] UL Throughput = 0.09822 Mbps
33549 ms [UE 30040] UL Throughput = 0.09558 Mbps
33549 ms [UE 42234] UL Throughput = 0.0 Mbps
33665 ms [UE 30040] UL Throughput = 0.09452 Mbps
33768 ms [UE 30040] UL Throughput = 0.0 Mbps
33768 ms [UE 42234] UL Throughput = 0.0 Mbps
33867 ms [UE 30040] UL Throughput = 0.0 Mbps
33963 ms [UE 30040] UL Throughput = 0.05921 Mbps
34075 ms [UE 42234] UL Throughput = 0.0 Mbps
34192 ms [UE 30040] UL Throughput = 0.07176 Mbps
34192 ms [UE 42234] UL Throughput = 0.0 Mbps
34286 ms [UE 30040] UL Throughput = 0.03834 Mbps
34286 ms [UE 42234] UL Throughput = 0.05318 Mbps
34405 ms [UE 30040] UL Throughput = 0.0 Mbps
34405 ms [UE 42234] UL Throughput = 0.0 Mbps
34524 ms [UE 30040] UL Throughput = 0.05242 Mbps
34524 ms [UE 42234] UL Throughput = 0.04791 Mbps
34624 ms [UE 30040] UL Throughput = 0.0 Mbps
34624 ms [UE 42234] UL Throughput = 0.0 Mbps
34629 ms [UE 30040] UL Throughput = 0.0 Mbps
34629 ms [UE 42234] UL Throughput = 0.05413 Mbps
34630 ms [UE 30040] UL Throughput = 0.0 Mbps
34630 ms [UE 42234] UL Throughput = 0.0 Mbps
34718 ms [UE 30040] UL Throughput = 0.0 Mbps
34718 ms [UE 42234] UL Throughput = 0.10578 Mbps
34816 ms [UE 30040] UL Throughput = 0.0 Mbps
34816 ms [UE 42234] UL Throughput = 0.0 Mbps
34915 ms [UE 30040] UL Throughput = 0.0 Mbps
34915 ms [UE 42234] UL Throughput = 0.07896 Mbps
35026 ms [UE 30040] UL Throughput = 0.09473 Mbps
35026 ms [UE 42234] UL Throughput = 0.0 Mbps
35129 ms [UE 30040] UL Throughput = 0.09815 Mbps
35129 ms [UE 42234] UL Throughput = 0.02287 Mbps
35183 ms [UE 30040] UL Throughput = 0.0 Mbps
35183 ms [UE 42234] UL Throughput = 0.01921 Mbps
35286 ms [UE 30040] UL Throughput = 0.01552 Mbps
35286 ms [UE 42234] UL Throughput = 0.03698 Mbps
35388 ms [UE 30040] UL Throughput = 0.0 Mbps
35388 ms [UE 42234] UL Throughput = 0.08445 Mbps
35479 ms [UE 30040] UL Throughput = 0.0 Mbps
35479 ms [UE 42234] UL Throughput = 0.0 Mbps
35572 ms [UE 30040] UL Throughput = 0.0 Mbps
35572 ms [UE 42234] UL Throughput = 0.0 Mbps
35577 ms [UE 42234] UL Throughput = 0.01404 Mbps
35701 ms [UE 30040] UL Throughput = 0.04959 Mbps
35701 ms [UE 42234] UL Throughput = 0.0 Mbps
35705 ms [UE 42234] UL Throughput = 0.0 Mbps
35709 ms [UE 30040] UL Throughput = 0.07099 Mbps
35709 ms [UE 42234] UL Throughput = 0.06805 Mbps
35844 ms [UE 30040] UL Throughput = 0.04645 Mbps
35844 ms [UE 42234] UL Throughput = 0.05027 Mbps
35935 ms [UE 30040] UL Throughput = 0.11625 Mbps
35935 ms [UE 42234] UL Throughput = 0.0 Mbps
36019 ms [UE 30040] UL Throughput = 0.04356 Mbps
36019 ms [UE 42234] UL Throughput = 0.0 Mbps
36129 ms [UE 30040] UL Throughput = 0.04582 Mbps
36129 ms [UE 42234] UL Throughput = 0.09798 Mbps
36226 ms [UE 30040] UL Throughput = 0.11814 Mbps
36226 ms [UE 42234] UL Throughput = 0.0323 Mbps
36344 ms [UE 30040] UL Throughput = 0.07431 Mbps
36344 ms [UE 42234] UL Throughput = 0.06369 Mbps
36350 ms [UE 30040] UL Throughput = 0.07213 Mbps
36350 ms [UE 42234] UL Throughput = 0.0 Mbps
36353 ms [UE 30040] UL Throughput = 0.0 Mbps
36449 ms [UE 30040] UL Throughput = 0.05037 Mbps
36449 ms [UE 42234] UL Throughput = 0.0 Mbps
36450 ms [UE 42234] UL Throughput = 0.0 Mbps
36539 ms [UE 30040] UL Throughput = 0.08222 Mbps
36539 ms [UE 42234] UL Throughput = 0.08214 Mbps
36635 ms [UE 30040] UL Throughput = 0.0 Mbps
36635 ms [UE 42234] UL Throughput = 0.04378 Mbps
36729 ms [UE 30040] UL Throughput = 0.0 Mbps
36729 ms [UE 42234] UL Throughput = 0.07991 Mbps
36826 ms [UE 30040] UL Throughput = 0.09942 Mbps
36826 ms [UE 42234] UL Throughput = 0.01201 Mbps
36923 ms [UE 42234] UL Throughput = 0.0 Mbps
37025 ms [UE 30040] UL Throughput = 0.08058 Mbps
37115 ms [UE 42234] UL Throughput = 0.0 Mbps
37198 ms [UE 30040] UL Throughput = 0.0 Mbps
37198 ms [UE 42234] UL Throughput = 0.0 Mbps
37284 ms [UE 42234] UL Throughput = 0.0 Mbps
37389 ms [UE 30040] UL Throughput = 0.0 Mbps
37389 ms [UE 42234] UL Throughput = 0.0 Mbps
37482 ms [UE 30040] UL Throughput = 0.0 Mbps
37482 ms [UE 42234] UL Throughput = 0.0 Mbps
37591 ms [UE 30040] UL Throughput = 0.05317 Mbps
37591 ms [UE 42234] UL Throughput = 0.0 Mbps
37715 ms [UE 30040] UL Throughput = 0.07577 Mbps
37715 ms [UE 42234] UL Throughput = 0.0 Mbps
37717 ms [UE 30040] UL Throughput = 0.0 Mbps
37717 ms [UE 42234] UL Throughput = 0.07786 Mbps
37723 ms [UE 30040] UL Throughput = 0.05086 Mbps
37723 ms [UE 42234] UL Throughput = 0.0 Mbps
37727 ms [UE 30040] UL Throughput = 0.10537 Mbps
37727 ms [UE 42234] UL Throughput = 0.0 Mbps
37834 ms [UE 30040] UL Throughput = 0.0 Mbps
37834 ms [UE 42234] UL Throughput = 0.0 Mbps
37961 ms [UE 30040] UL Throughput = 0.0 Mbps
37961 ms [UE 42234] UL Throughput = 0.0 Mbps
38091 ms [UE 30040] UL Throughput = 0.0 Mbps
38091 ms [UE 42234] UL Throughput = 0.0 Mbps
38182 ms [UE 42234] UL Throughput = 0.05375 Mbps
38267 ms [UE 30040] UL Throughput = 0.0 Mbps
38267 ms [UE 42234] UL Throughput = 0.0 Mbps
38371 ms [UE 30040] UL Throughput = 0.0 Mbps
38491 ms [UE 30040] UL Throughput = 0.0 Mbps
38491 ms [UE 42234] UL Throughput = 0.07674 Mbps
38601 ms [UE 30040] UL Throughput = 0.0 Mbps
38601 ms [UE 42234] UL Throughput = 0.04613 Mbps
38695 ms [UE 30040] UL Throughput = 0.0336 Mbps
38695 ms [UE 42234] UL Throughput = 0.0 Mbps
38794 ms [UE 30040] UL Throughput = 0.09309 Mbps
38794 ms [UE 42234] UL Throughput = 0.06643 Mbps
38870 ms [UE 30040] UL Throughput = 0.08057 Mbps
38870 ms [UE 42234] UL Throughput = 0.08165 Mbps
38964 ms [UE 30040] UL Throughput = 0.0 Mbps
38964 ms [UE 42234] UL Throughput = 0.0 Mbps
38970 ms [UE 30040] UL Throughput = 0.01083 Mbps
38970 ms [UE 42234] UL Throughput = 0.0 Mbps
38973 ms [UE 30040] UL Throughput = 0.02269 Mbps
38979 ms [UE 42234] UL Throughput = 0.07089 Mbps
39081 ms [UE 42234] UL Throughput = 0.04308 Mbps
39206 ms [UE 30040] UL Throughput = 0.0 Mbps
39206 ms [UE 42234] UL Throughput = 0.04174 Mbps
39318 ms [UE 42234] UL Throughput = 0.0 Mbps
39435 ms [UE 30040] UL Throughput = 0.1282 Mbps
39435 ms [UE 42234] UL Throughput = 0.0 Mbps
39438 ms [UE 30040] UL Throughput = 0.0 Mbps
39438 ms [UE 42234] UL Throughput = 0.0 Mbps
39534 ms [UE 30040] UL Throughput = 0.0 Mbps
39534 ms [UE 42234] UL Throughput = 0.05998 Mbps
39629 ms [UE 30040] UL Throughput = 0.0 Mbps
39728 ms [UE 30040] UL Throughput = 0.0 Mbps
39728 ms [UE 42234] UL Throughput = 0.0 Mbps
39826 ms [UE 30040] UL Throughput = 0.0 Mbps
39826 ms [UE 42234] UL Throughput = 0.04449 Mbps
39935 ms [UE 42234] UL Throughput = 0.09579 Mbps
40024 ms [UE 42234] UL Throughput = 0.0 Mbps
40026 ms [UE 30040] UL Throughput = 0.0 Mbps
40132 ms [UE 42234] UL Throughput = 0.0 Mbps
40201 ms [UE 30040] UL Throughput = 0.06468 Mbps
40201 ms [UE 42234] UL Throughput = 0.0 Mbps
40202 ms [UE 30040] UL Throughput = 0.06157 Mbps
40202 ms [UE 42234] UL Throughput = 0.01723 Mbps
40296 ms [UE 30040] UL Throughput = 0.0 Mbps
40296 ms [UE 42234] UL Throughput = 0.08913 Mbps
40411 ms [UE 30040] UL Throughput = 0.0 Mbps
40520 ms [UE 30040] UL Throughput = 0.0 Mbps
40520 ms [UE 42234] UL Throughput = 0.03192 Mbps
40625 ms [UE 30040] UL Throughput = 0.08746 Mbps
40625 ms [UE 42234] UL Throughput = 0.0 Mbps
40630 ms [UE 30040] UL Throughput = 0.0 Mbps
40732 ms [UE 30040] UL Throughput = 0.0 Mbps
40732 ms [UE 42234] UL Throughput = 0.0 Mbps
40833 ms [UE 30040] UL Throughput = 0.04383 Mbps
40833 ms [UE 42234] UL Throughput = 0.0 Mbps
40923 ms [UE 30040] UL Throughput = 0.02018 Mbps
40923 ms [UE 42234] UL Throughput = 0.0 Mbps
41038 ms [UE 30040] UL Throughput = 0.0 Mbps
41038 ms [UE 42234] UL Throughput = 0.0 Mbps
41160 ms [UE 30040] UL Throughput = 0.03972 Mbps
41160 ms [UE 42234] UL Throughput = 0.08354 Mbps
41165 ms [UE 42234] UL Throughput = 0.06632 Mbps
41170 ms [UE 30040] UL Throughput = 0.0 Mbps
41170 ms [UE 42234] UL Throughput = 0.08324 Mbps
41247 ms [UE 30040] UL Throughput = 0.0 Mbps
41247 ms [UE 42234] UL Throughput = 0.02371 Mbps
41330 ms [UE 30040] UL Throughput = 0.0 Mbps
41330 ms [UE 42234] UL Throughput = 0.0 Mbps
41439 ms [UE 30040] UL Throughput = 0.0 Mbps
41554 ms [UE 30040] UL Throughput = 0.17118 Mbps
41554 ms [UE 42234] UL Throughput = 0.0 Mbps
41643 ms [UE 30040] UL Throughput = 0.03343 Mbps
41643 ms [UE 42234] UL Throughput = 0.0 Mbps
41729 ms [UE 30040] UL Throughput = 0.0 Mbps
41729 ms [UE 42234] UL Throughput = 0.0 Mbps
41840 ms [UE 30040] UL Throughput = 0.06185 Mbps
41840 ms [UE 42234] UL Throughput = 0.03404 Mbps
41919 ms [UE 30040] UL Throughput = 0.01368 Mbps
41919 ms [UE 42234] UL Throughput = 0.07111 Mbps
42030 ms [UE 30040] UL Throughput = 0.07874 Mbps
42030 ms [UE 42234] UL Throughput = 0.0 Mbps
42031 ms [UE 42234] UL Throughput = 0.0 Mbps
42135 ms [UE 30040] UL Throughput = 0.0 Mbps
42135 ms [UE 42234] UL Throughput = 0.02861 Mbps
42261 ms [UE 30040] UL Throughput = 0.0 Mbps
42261 ms [UE 42234] UL Throughput = 0.0 Mbps
42359 ms [UE 42234] UL Throughput = 0.0 Mbps
42432 ms [UE 30040] UL Throughput = 0.06057 Mbps
42515 ms [UE 30040] UL Throughput = 0.0 Mbps
42515 ms [UE 42234] UL Throughput = 0.0 Mbps
42614 ms [UE 30040] UL Throughput = 0.0 Mbps
42614 ms [UE 42234] UL Throughput = 0.04683 Mbps
42696 ms [UE 30040] UL Throughput = 0.0 Mbps
42696 ms [UE 42234] UL Throughput = 0.0 Mbps
42826 ms [UE 42234] UL Throughput = 0.02828 Mbps
42934 ms [UE 30040] UL Throughput = 0.0 Mbps
42934 ms [UE 42234] UL Throughput = 0.0 Mbps
43012 ms [UE 30040] UL Throughput = 0.0 Mbps
43012 ms [UE 42234] UL Throughput = 0.0 Mbps
43130 ms [UE 30040] UL Throughput = 0.01061 Mbps
43130 ms [UE 42234] UL Throughput = 0.02088 Mbps
43220 ms [UE 30040] UL Throughput = 0.0532 Mbps
43220 ms [UE 42234] UL Throughput = 0.0 Mbps
43341 ms [UE 42234] UL Throughput = 0.0 Mbps
43422 ms [UE 30040] UL Throughput = 0.0 Mbps
43519 ms [UE 30040] UL Throughput = 0.0 Mbps
43519 ms [UE 42234] UL Throughput = 0.0 Mbps
43522 ms [UE 30040] UL Throughput = 0.0 Mbps
43522 ms [UE 42234] UL Throughput = 0.0 Mbps
43602 ms [UE 30040] UL Throughput = 0.18859 Mbps
43602 ms [UE 42234] UL Throughput = 0.01258 Mbps
43712 ms [UE 30040] UL Throughput = 0.01184 Mbps
43712 ms [UE 42234] UL Throughput = 0.0 Mbps
43796 ms [UE 30040] UL Throughput = 0.06194 Mbps
43796 ms [UE 42234] UL Throughput = 0.01648 Mbps
43917 ms [UE 30040] UL Throughput = 0.0 Mbps
43917 ms [UE 42234] UL Throughput = 0.0669 Mbps
43919 ms [UE 30040] UL Throughput = 0.0 Mbps
43919 ms [UE 42234] UL Throughput = 0.07706 Mbps
43920 ms [UE 30040] UL Throughput = 0.01417 Mbps
43920 ms [UE 42234] UL Throughput = 0.0 Mbps
44018 ms [UE 30040] UL Throughput = 0.0555 Mbps
44018 ms [UE 42234] UL Throughput = 0.06561 Mbps
44131 ms [UE 30040] UL Throughput = 0.07919 Mbps
44131 ms [UE 42234] UL Throughput = 0.0 Mbps
44274 ms [UE 30040] UL Throughput = 0.02578 Mbps
44274 ms [UE 42234] UL Throughput = 0.08567 Mbps
44375 ms [UE 30040] UL Throughput = 0.0 Mbps
44375 ms [UE 42234] UL Throughput = 0.03939 Mbps
44494 ms [UE 30040] UL Throughput = 0.0 Mbps
44494 ms [UE 42234] UL Throughput = 0.0391 Mbps
44621 ms [UE 30040] UL Throughput = 0.0 Mbps
44621 ms [UE 42234] UL Throughput = 0.09174 Mbps
44739 ms [UE 30040] UL Throughput = 0.0 Mbps
44739 ms [UE 42234] UL Throughput = 0.02731 Mbps
44798 ms [UE 30040] UL Throughput = 0.10308 Mbps
44910 ms [UE 30040] UL Throughput = 0.0 Mbps
44910 ms [UE 42234] UL Throughput = 0.0 Mbps
45028 ms [UE 30040] UL Throughput = 0.06733 Mbps
45028 ms [UE 42234] UL Throughput = 0.0 Mbps
45134 ms [UE 30040] UL Throughput = 0.0 Mbps
45134 ms [UE 42234] UL Throughput = 0.0 Mbps
45140 ms [UE 30040] UL Throughput = 0.1631 Mbps
45140 ms [UE 42234] UL Throughput = 0.0 Mbps
45141 ms [UE 30040] UL Throughput = 0.0 Mbps
45141 ms [UE 42234] UL Throughput = 0.0 Mbps
45147 ms [UE 30040] UL Throughput = 0.0 Mbps
45147 ms [UE 42234] UL Throughput = 0.06373 Mbps
45238 ms [UE 42234] UL Throughput = 0.02518 Mbps
45347 ms [UE 30040] UL Throughput = 0.02964 Mbps
45347 ms [UE 42234] UL Throughput = 0.05861 Mbps
45443 ms [UE 30040] UL Throughput = 0.0 Mbps
45556 ms [UE 30040] UL Throughput = 0.0 Mbps
45556 ms [UE 42234] UL Throughput = 0.0 Mbps
45683 ms [UE 30040] UL Throughput = 0.0 Mbps
45795 ms [UE 30040] UL Throughput = 0.09217 Mbps
45795 ms [UE 42234] UL Throughput = 0.0 Mbps
45889 ms [UE 30040] UL Throughput = 0.0 Mbps
45889 ms [UE 42234] UL Throughput = 0.0 Mbps
45973 ms [UE 30040] UL Throughput = 0.03564 Mbps
45973 ms [UE 42234] UL Throughput = 0.0 Mbps
46080 ms [UE 30040] UL Throughput = 0.0 Mbps
46080 ms [UE 42234] UL Throughput = 0.0 Mbps
46173 ms [UE 30040] UL Throughput = 0.08001 Mbps
46173 ms [UE 42234] UL Throughput = 0.014 Mbps
46262 ms [UE 30040] UL Throughput = 0.0 Mbps
46262 ms [UE 42234] UL Throughput = 0.15211 Mbps
46263 ms [UE 30040] UL Throughput = 0.0 Mbps
46263 ms [UE 42234] UL Throughput = 0.08356 Mbps
46349 ms [UE 30040] UL Throughput = 0.0 Mbps
46349 ms [UE 42234] UL Throughput = 0.0 Mbps
46353 ms [UE 30040] UL Throughput = 0.0 Mbps
46353 ms [UE 42234] UL Throughput = 0.08964 Mbps
46447 ms [UE 30040] UL Throughput = 0.1109 Mbps
46447 ms [UE 42234] UL Throughput = 0.04029 Mbps
46533 ms [UE 30040] UL Throughput = 0.04499 Mbps
46533 ms [UE 42234] UL Throughput = 0.0 Mbps
46611 ms [UE 30040] UL Throughput = 0.05636 Mbps
46611 ms [UE 42234] UL Throughput = 0.03418 Mbps
46722 ms [UE 30040] UL Throughput = 0.03863 Mbps
46722 ms [UE 42234] UL Throughput = 0.01665 Mbps
46808 ms [UE 30040] UL Throughput = 0.01803 Mbps
46808 ms [UE 42234] UL Throughput = 0.0 Mbps
46935 ms [UE 42234] UL Throughput = 0.04838 Mbps
47073 ms [UE 30040] UL Throughput = 0.0551 Mbps
47073 ms [UE 42234] UL Throughput = 0.0311 Mbps
47177 ms [UE 30040] UL Throughput = 0.08425 Mbps
47177 ms [UE 42234] UL Throughput = 0.02622 Mbps
47276 ms [UE 30040] UL Throughput = 0.0417 Mbps
47276 ms [UE 42234] UL Throughput = 0.09185 Mbps
47362 ms [UE 42234] UL Throughput = 0.03253 Mbps
47457 ms [UE 30040] UL Throughput = 0.0 Mbps
47457 ms [UE 42234] UL Throughput = 0.08879 Mbps
47552 ms [UE 30040] UL Throughput = 0.01904 Mbps
47552 ms [UE 42234] UL Throughput = 0.07266 Mbps
47656 ms [UE 30040] UL Throughput = 0.0 Mbps
47656 ms [UE 42234] UL Throughput = 0.04763 Mbps
47757 ms [UE 30040] UL Throughput = 0.04343 Mbps
47757 ms [UE 42234] UL Throughput = 0.08291 Mbps
47759 ms [UE 30040] UL Throughput = 0.0 Mbps
47759 ms [UE 42234] UL Throughput = 0.09347 Mbps
47760 ms [UE 30040] UL Throughput = 0.0 Mbps
47760 ms [UE 42234] UL Throughput = 0.0 Mbps
47852 ms [UE 30040] UL Throughput = 0.04218 Mbps
47852 ms [UE 42234] UL Throughput = 0.07109 Mbps
47966 ms [UE 30040] UL Throughput = 0.0 Mbps
47966 ms [UE 42234] UL Throughput = 0.0 Mbps
48054 ms [UE 30040] UL Throughput = 0.0 Mbps
48054 ms [UE 42234] UL Throughput = 0.0 Mbps
48153 ms [UE 30040] UL Throughput = 0.0 Mbps
48153 ms [UE 42234] UL Throughput = 0.0 Mbps
48262 ms [UE 30040] UL Throughput = 0.0576 Mbps
48262 ms [UE 42234] UL Throughput = 0.07549 Mbps
48353 ms [UE 30040] UL Throughput = 0.0944 Mbps
48353 ms [UE 42234] UL Throughput = 0.0 Mbps
48447 ms [UE 30040] UL Throughput = 0.0 Mbps
48447 ms [UE 42234] UL Throughput = 0.0 Mbps
48546 ms [UE 30040] UL Throughput = 0.0 Mbps
48546 ms [UE 42234] UL Throughput = 0.07256 Mbps
48552 ms [UE 30040] UL Throughput = 0.0 Mbps
48552 ms [UE 42234] UL Throughput = 0.0 Mbps
48659 ms [UE 30040] UL Throughput = 0.0623 Mbps
48661 ms [UE 42234] UL Throughput = 0.06008 Mbps
48744 ms [UE 30040] UL Throughput = 0.0 Mbps
48744 ms [UE 42234] UL Throughput = 0.0 Mbps
48842 ms [UE 30040] UL Throughput = 0.0 Mbps
48842 ms [UE 42234] UL Throughput = 0.0 Mbps
48936 ms [UE 30040] UL Throughput = 0.05815 Mbps
48936 ms [UE 42234] UL Throughput = 0.0 Mbps
49032 ms [UE 30040] UL Throughput = 0.0 Mbps
49032 ms [UE 42234] UL Throughput = 0.0 Mbps
49145 ms [UE 30040] UL Throughput = 0.0 Mbps
49145 ms [UE 42234] UL Throughput = 0.0 Mbps
49227 ms [UE 30040] UL Throughput = 0.0 Mbps
49227 ms [UE 42234] UL Throughput = 0.0 Mbps
49232 ms [UE 30040] UL Throughput = 0.0 Mbps
49232 ms [UE 42234] UL Throughput = 0.01563 Mbps
49311 ms [UE 30040] UL Throughput = 0.0 Mbps
49311 ms [UE 42234] UL Throughput = 0.06237 Mbps
49315 ms [UE 42234] UL Throughput = 0.0 Mbps
49405 ms [UE 30040] UL Throughput = 0.01993 Mbps
49405 ms [UE 42234] UL Throughput = 0.11059 Mbps
49406 ms [UE 30040] UL Throughput = 0.06061 Mbps
49406 ms [UE 42234] UL Throughput = 0.0972 Mbps
49496 ms [UE 42234] UL Throughput = 0.08985 Mbps
49500 ms [UE 30040] UL Throughput = 0.0 Mbps
49500 ms [UE 42234] UL Throughput = 0.04173 Mbps
49601 ms [UE 30040] UL Throughput = 0.02436 Mbps
49607 ms [UE 30040] UL Throughput = 0.08133 Mbps
49607 ms [UE 42234] UL Throughput = 0.01088 Mbps
49719 ms [UE 30040] UL Throughput = 0.04553 Mbps
49719 ms [UE 42234] UL Throughput = 0.08778 Mbps
49816 ms [UE 42234] UL Throughput = 0.05938 Mbps
49924 ms [UE 30040] UL Throughput = 0.0 Mbps
49924 ms [UE 42234] UL Throughput = 0.0 Mbps
50018 ms [UE 30040] UL Throughput = 0.04857 Mbps
50018 ms [UE 42234] UL Throughput = 0.09777 Mbps
50124 ms [UE 30040] UL Throughput = 0.0 Mbps
50124 ms [UE 42234] UL Throughput = 0.05765 Mbps
50129 ms [UE 30040] UL Throughput = 0.0 Mbps
50129 ms [UE 42234] UL Throughput = 0.0 Mbps
50135 ms [UE 30040] UL Throughput = 0.0 Mbps
50135 ms [UE 42234] UL Throughput = 0.0186 Mbps
50237 ms [UE 30040] UL Throughput = 0.0 Mbps
50241 ms [UE 30040] UL Throughput = 0.0 Mbps
50241 ms [UE 42234] UL Throughput = 0.0 Mbps
50247 ms [UE 30040] UL Throughput = 0.08395 Mbps
50247 ms [UE 42234] UL Throughput = 0.02128 Mbps
50329 ms [UE 30040] UL Throughput = 0.02346 Mbps
50329 ms [UE 42234] UL Throughput = 0.06206 Mbps
50455 ms [UE 30040] UL Throughput = 0.0 Mbps
50455 ms [UE 42234] UL Throughput = 0.0 Mbps
50459 ms [UE 42234] UL Throughput = 0.0 Mbps
50586 ms [UE 30040] UL Throughput = 0.0 Mbps
50586 ms [UE 42234] UL Throughput = 0.13012 Mbps
50688 ms [UE 30040] UL Throughput = 0.01834 Mbps
50688 ms [UE 42234] UL Throughput = 0.0 Mbps
50797 ms [UE 30040] UL Throughput = 0.0 Mbps
50803 ms [UE 30040] UL Throughput = 0.0 Mbps
50803 ms [UE 42234] UL Throughput = 0.0 Mbps
50903 ms [UE 30040] UL Throughput = 0.05703 Mbps
50903 ms [UE 42234] UL Throughput = 0.0 Mbps
51002 ms [UE 30040] UL Throughput = 0.0 Mbps
51002 ms [UE 42234] UL Throughput = 0.05554 Mbps
51124 ms [UE 30040] UL Throughput = 0.06666 Mbps
51124 ms [UE 42234] UL Throughput = 0.0 Mbps
51223 ms [UE 30040] UL Throughput = 0.0 Mbps
51223 ms [UE 42234] UL Throughput = 0.03083 Mbps
51227 ms [UE 30040] UL Throughput = 0.0 Mbps
51227 ms [UE 42234] UL Throughput = 0.0 Mbps
51339 ms [UE 30040] UL Throughput = 0.0 Mbps
51339 ms [UE 42234] UL Throughput = 0.03207 Mbps
51342 ms [UE 42234] UL Throughput = 0.0363 Mbps
51461 ms [UE 30040] UL Throughput = 0.0 Mbps
51578 ms [UE 42234] UL Throughput = 0.10156 Mbps
51666 ms [UE 30040] UL Throughput = 0.02384 Mbps
51777 ms [UE 30040] UL Throughput = 0.07654 Mbps
51777 ms [UE 42234] UL Throughput = 0.10484 Mbps
51875 ms [UE 30040] UL Throughput = 0.09485 Mbps
51875 ms [UE 42234] UL Throughput = 0.0258 Mbps
51965 ms [UE 30040] UL Throughput = 0.14146 Mbps
51965 ms [UE 42234] UL Throughput = 0.0316 Mbps
51969 ms [UE 30040] UL Throughput = 0.01818 Mbps
51969 ms [UE 42234] UL Throughput = 0.0 Mbps
52058 ms [UE 30040] UL Throughput = 0.0 Mbps
52058 ms [UE 42234] UL Throughput = 0.0 Mbps
52160 ms [UE 30040] UL Throughput = 0.0 Mbps
52160 ms [UE 42234] UL Throughput = 0.0 Mbps
52262 ms [UE 30040] UL Throughput = 0.11128 Mbps
52262 ms [UE 42234] UL Throughput = 0.0 Mbps
52373 ms [UE 30040] UL Throughput = 0.09033 Mbps
52373 ms [UE 42234] UL Throughput = 0.02926 Mbps
52376 ms [UE 30040] UL Throughput = 0.06493 Mbps
52376 ms [UE 42234] UL Throughput = 0.03618 Mbps
52462 ms [UE 30040] UL Throughput = 0.07365 Mbps
52462 ms [UE 42234] UL Throughput = 0.06159 Mbps
52568 ms [UE 30040] UL Throughput = 0.08215 Mbps
52568 ms [UE 42234] UL Throughput = 0.06427 Mbps
52570 ms [UE 30040] UL Throughput = 0.03047 Mbps
52570 ms [UE 42234] UL Throughput = 0.08085 Mbps
52574 ms [UE 30040] UL Throughput = 0.09373 Mbps
52574 ms [UE 42234] UL Throughput = 0.09102 Mbps
52680 ms [UE 30040] UL Throughput = 0.17135 Mbps
52680 ms [UE 42234] UL Throughput = 0.07022 Mbps
52783 ms [UE 30040] UL Throughput = 0.0 Mbps
52783 ms [UE 42234] UL Throughput = 0.0 Mbps
52883 ms [UE 30040] UL Throughput = 0.0 Mbps
52883 ms [UE 42234] UL Throughput = 0.0 Mbps
52982 ms [UE 30040] UL Throughput = 0.0 Mbps
52982 ms [UE 42234] UL Throughput = 0.0 Mbps
53077 ms [UE 30040] UL Throughput = 0.0 Mbps
53077 ms [UE 42234] UL Throughput = 0.02617 Mbps
53078 ms [UE 30040] UL Throughput = 0.0 Mbps
53078 ms [UE 42234] UL Throughput = 0.0 Mbps
53167 ms [UE 30040] UL Throughput = 0.06495 Mbps
53167 ms [UE 42234] UL Throughput = 0.14483 Mbps
53267 ms [UE 30040] UL Throughput = 0.0 Mbps
53267 ms [UE 42234] UL Throughput = 0.0 Mbps
53354 ms [UE 30040] UL Throughput = 0.04849 Mbps
53354 ms [UE 42234] UL Throughput = 0.04313 Mbps
53466 ms [UE 30040] UL Throughput = 0.07941 Mbps
53466 ms [UE 42234] UL Throughput = 0.06289 Mbps
53559 ms [UE 30040] UL Throughput = 0.02685 Mbps
53559 ms [UE 42234] UL Throughput = 0.0 Mbps
53561 ms [UE 30040] UL Throughput = 0.07583 Mbps
53561 ms [UE 42234] UL Throughput = 0.08466 Mbps
53680 ms [UE 30040] UL Throughput = 0.0 Mbps
53680 ms [UE 42234] UL Throughput = 0.05595 Mbps
53767 ms [UE 30040] UL Throughput = 0.0 Mbps
53767 ms [UE 42234] UL Throughput = 0.07965 Mbps
53848 ms [UE 30040] UL Throughput = 0.0 Mbps
53848 ms [UE 42234] UL Throughput = 0.0866 Mbps
53954 ms [UE 30040] UL Throughput = 0.0 Mbps
53954 ms [UE 42234] UL Throughput = 0.0 Mbps
54062 ms [UE 30040] UL Throughput = 0.0 Mbps
54062 ms [UE 42234] UL Throughput = 0.0 Mbps
54150 ms [UE 30040] UL Throughput = 0.0 Mbps
54218 ms [UE 30040] UL Throughput = 0.0 Mbps
54218 ms [UE 42234] UL Throughput = 0.06124 Mbps
54325 ms [UE 30040] UL Throughput = 0.0 Mbps
54444 ms [UE 30040] UL Throughput = 0.0 Mbps
54444 ms [UE 42234] UL Throughput = 0.0 Mbps
54547 ms [UE 30040] UL Throughput = 0.09136 Mbps
54553 ms [UE 30040] UL Throughput = 0.0 Mbps
54553 ms [UE 42234] UL Throughput = 0.0 Mbps
54554 ms [UE 42234] UL Throughput = 0.0 Mbps
54557 ms [UE 30040] UL Throughput = 0.0 Mbps
54562 ms [UE 30040] UL Throughput = 0.02296 Mbps
54562 ms [UE 42234] UL Throughput = 0.03859 Mbps
54672 ms [UE 30040] UL Throughput = 0.0 Mbps
54779 ms [UE 30040] UL Throughput = 0.07512 Mbps
54779 ms [UE 42234] UL Throughput = 0.0 Mbps
54880 ms [UE 30040] UL Throughput = 0.0 Mbps
54880 ms [UE 42234] UL Throughput = 0.06796 Mbps
54983 ms [UE 30040] UL Throughput = 0.0 Mbps
54983 ms [UE 42234] UL Throughput = 0.0 Mbps
55073 ms [UE 30040] UL Throughput = 0.0 Mbps
55073 ms [UE 42234] UL Throughput = 0.0 Mbps
55198 ms [UE 30040] UL Throughput = 0.06113 Mbps
55198 ms [UE 42234] UL Throughput = 0.0 Mbps
55309 ms [UE 30040] UL Throughput = 0.0362 Mbps
55309 ms [UE 42234] UL Throughput = 0.04274 Mbps
55398 ms [UE 30040] UL Throughput = 0.04705 Mbps
55398 ms [UE 42234] UL Throughput = 0.0 Mbps
55401 ms [UE 30040] UL Throughput = 0.14586 Mbps
55401 ms [UE 42234] UL Throughput = 0.0 Mbps
55491 ms [UE 30040] UL Throughput = 0.0183 Mbps
55491 ms [UE 42234] UL Throughput = 0.03496 Mbps
55593 ms [UE 30040] UL Throughput = 0.0 Mbps
55593 ms [UE 42234] UL Throughput = 0.02784 Mbps
55697 ms [UE 30040] UL Throughput = 0.0 Mbps
55697 ms [UE 42234] UL Throughput = 0.03404 Mbps
55790 ms [UE 30040] UL Throughput = 0.0 Mbps
55901 ms [UE 30040] UL Throughput = 0.07204 Mbps
55901 ms [UE 42234] UL Throughput = 0.0665 Mbps
56001 ms [UE 42234] UL Throughput = 0.0 Mbps
56004 ms [UE 30040] UL Throughput = 0.06952 Mbps
56004 ms [UE 42234] UL Throughput = 0.07702 Mbps
56100 ms [UE 30040] UL Throughput = 0.05889 Mbps
56100 ms [UE 42234] UL Throughput = 0.0 Mbps
56184 ms [UE 30040] UL Throughput = 0.0 Mbps
56184 ms [UE 42234] UL Throughput = 0.0 Mbps
56288 ms [UE 30040] UL Throughput = 0.0 Mbps
56288 ms [UE 42234] UL Throughput = 0.0 Mbps
56398 ms [UE 30040] UL Throughput = 0.0 Mbps
56398 ms [UE 42234] UL Throughput = 0.08827 Mbps
56402 ms [UE 30040] UL Throughput = 0.0 Mbps
56402 ms [UE 42234] UL Throughput = 0.02336 Mbps
56484 ms [UE 30040] UL Throughput = 0.0 Mbps
56591 ms [UE 30040] UL Throughput = 0.01236 Mbps
56591 ms [UE 42234] UL Throughput = 0.01072 Mbps
56700 ms [UE 30040] UL Throughput = 0.06332 Mbps
56700 ms [UE 42234] UL Throughput = 0.0 Mbps
56782 ms [UE 30040] UL Throughput = 0.12481 Mbps
56782 ms [UE 42234] UL Throughput = 0.0 Mbps
56874 ms [UE 42234] UL Throughput = 0.02126 Mbps
56986 ms [UE 30040] UL Throughput = 0.0407 Mbps
57067 ms [UE 30040] UL Throughput = 0.0 Mbps
57067 ms [UE 42234] UL Throughput = 0.0 Mbps
57070 ms [UE 30040] UL Throughput = 0.0 Mbps
57070 ms [UE 42234] UL Throughput = 0.03214 Mbps
57179 ms [UE 42234] UL Throughput = 0.0649 Mbps
57296 ms [UE 30040] UL Throughput = 0.0 Mbps
57416 ms [UE 42234] UL Throughput = 0.02569 Mbps
57513 ms [UE 30040] UL Throughput = 0.09053 Mbps
57513 ms [UE 42234] UL Throughput = 0.06616 Mbps
57634 ms [UE 30040] UL Throughput = 0.0295 Mbps
57634 ms [UE 42234] UL Throughput = 0.0 Mbps
57743 ms [UE 30040] UL Throughput = 0.07463 Mbps
57839 ms [UE 30040] UL Throughput = 0.08197 Mbps
57956 ms [UE 30040] UL Throughput = 0.07782 Mbps
57956 ms [UE 42234] UL Throughput = 0.0 Mbps
58051 ms [UE 30040] UL Throughput = 0.15769 Mbps
58051 ms [UE 42234] UL Throughput = 0.06308 Mbps
58125 ms [UE 30040] UL Throughput = 0.0 Mbps
58125 ms [UE 42234] UL Throughput = 0.01353 Mbps
58206 ms [UE 30040] UL Throughput = 0.04934 Mbps
58302 ms [UE 30040] UL Throughput = 0.07917 Mbps
58302 ms [UE 42234] UL Throughput = 0.0 Mbps
58416 ms [UE 30040] UL Throughput = 0.0511 Mbps
58416 ms [UE 42234] UL Throughput = 0.0 Mbps
58496 ms [UE 30040] UL Throughput = 0.03063 Mbps
58496 ms [UE 42234] UL Throughput = 0.06639 Mbps
58499 ms [UE 30040] UL Throughput = 0.0 Mbps
58499 ms [UE 42234] UL Throughput = 0.09413 Mbps
58585 ms [UE 30040] UL Throughput = 0.03604 Mbps
58585 ms [UE 42234] UL Throughput = 0.0 Mbps
58681 ms [UE 30040] UL Throughput = 0.0 Mbps
58681 ms [UE 42234] UL Throughput = 0.0 Mbps
58750 ms [UE 42234] UL Throughput = 0.01975 Mbps
58871 ms [UE 30040] UL Throughput = 0.0 Mbps
58871 ms [UE 42234] UL Throughput = 0.06807 Mbps
58955 ms [UE 30040] UL Throughput = 0.01993 Mbps
58955 ms [UE 42234] UL Throughput = 0.03768 Mbps
59041 ms [UE 30040] UL Throughput = 0.0 Mbps
59041 ms [UE 42234] UL Throughput = 0.0 Mbps
59137 ms [UE 30040] UL Throughput = 0.0 Mbps
59137 ms [UE 42234] UL Throughput = 0.0 Mbps
59139 ms [UE 30040] UL Throughput = 0.0 Mbps
59256 ms [UE 30040] UL Throughput = 0.06332 Mbps
59256 ms [UE 42234] UL Throughput = 0.03913 Mbps
59257 ms [UE 30040] UL Throughput = 0.0 Mbps
59257 ms [UE 42234] UL Throughput = 0.07498 Mbps
59347 ms [UE 30040] UL Throughput = 0.04617 Mbps
59347 ms [UE 42234] UL Throughput = 0.0 Mbps
59421 ms [UE 30040] UL Throughput = 0.0 Mbps
59421 ms [UE 42234] UL Throughput = 0.08352 Mbps
59531 ms [UE 30040] UL Throughput = 0.05764 Mbps
59531 ms [UE 42234] UL Throughput = 0.0 Mbps
59533 ms [UE 30040] UL Throughput = 0.0 Mbps
59533 ms [UE 42234] UL Throughput = 0.12354 Mbps
59534 ms [UE 30040] UL Throughput = 0.0 Mbps
59534 ms [UE 42234] UL Throughput = 0.08417 Mbps
59620 ms [UE 30040] UL Throughput = 0.02969 Mbps
59620 ms [UE 42234] UL Throughput = 0.03769 Mbps
59729 ms [UE 30040] UL Throughput = 0.0 Mbps
59729 ms [UE 42234] UL Throughput = 0.04757 Mbps
59821 ms [UE 30040] UL Throughput = 0.04711 Mbps
59821 ms [UE 42234] UL Throughput = 0.0 Mbps
59928 ms [UE 30040] UL Throughput = 0.07156 Mbps
59928 ms [UE 42234] UL Throughput = 0.0773 Mbps
60033 ms [UE 42234] UL Throughput = 0.0 Mbps
60145 ms [UE 30040] UL Throughput = 0.0 Mbps
60145 ms [UE 42234] UL Throughput = 0.0 Mbps
60147 ms [UE 30040] UL Throughput = 0.08833 Mbps
60147 ms [UE 42234] UL Throughput = 0.01728 Mbps
60249 ms [UE 30040] UL Throughput = 0.04275 Mbps
60249 ms [UE 42234] UL Throughput = 0.05315 Mbps
60369 ms [UE 30040] UL Throughput = 0.0 Mbps
60369 ms [UE 42234] UL Throughput = 0.08968 Mbps
60483 ms [UE 30040] UL Throughput = 0.0 Mbps
60483 ms [UE 42234] UL Throughput = 0.0 Mbps
60488 ms [UE 30040] UL Throughput = 0.0275 Mbps
60488 ms [UE 42234] UL Throughput = 0.04647 Mbps
60494 ms [UE 30040] UL Throughput = 0.05664 Mbps
60500 ms [UE 30040] UL Throughput = 0.10247 Mbps
60500 ms [UE 42234] UL Throughput = 0.06997 Mbps
60603 ms [UE 42234] UL Throughput = 0.1082 Mbps
60705 ms [UE 42234] UL Throughput = 0.01829 Mbps
60819 ms [UE 30040] UL Throughput = 0.0 Mbps
60819 ms [UE 42234] UL Throughput = 0.04711 Mbps
60907 ms [UE 30040] UL Throughput = 0.09744 Mbps
60907 ms [UE 42234] UL Throughput = 0.06542 Mbps
61016 ms [UE 30040] UL Throughput = 0.0 Mbps
61019 ms [UE 30040] UL Throughput = 0.0 Mbps
61019 ms [UE 42234] UL Throughput = 0.071 Mbps
61117 ms [UE 30040] UL Throughput = 0.0 Mbps
61117 ms [UE 42234] UL Throughput = 0.0 Mbps
61231 ms [UE 30040] UL Throughput = 0.0 Mbps
61231 ms [UE 42234] UL Throughput = 0.03486 Mbps
61336 ms [UE 30040] UL Throughput = 0.09775 Mbps
61336 ms [UE 42234] UL Throughput = 0.0 Mbps
61338 ms [UE 30040] UL Throughput = 0.09382 Mbps
61338 ms [UE 42234] UL Throughput = 0.0 Mbps
61468 ms [UE 30040] UL Throughput = 0.07703 Mbps
61468 ms [UE 42234] UL Throughput = 0.0 Mbps
61571 ms [UE 30040] UL Throughput = 0.0 Mbps
61571 ms [UE 42234] UL Throughput = 0.0 Mbps
61665 ms [UE 30040] UL Throughput = 0.0 Mbps
61665 ms [UE 42234] UL Throughput = 0.0 Mbps
61770 ms [UE 30040] UL Throughput = 0.08577 Mbps
61770 ms [UE 42234] UL Throughput = 0.01902 Mbps
61852 ms [UE 30040] UL Throughput = 0.0 Mbps
61852 ms [UE 42234] UL Throughput = 0.09608 Mbps
61853 ms [UE 30040] UL Throughput = 0.0 Mbps
61853 ms [UE 42234] UL Throughput = 0.08008 Mbps
61858 ms [UE 42234] UL Throughput = 0.0 Mbps
61952 ms [UE 42234] UL Throughput = 0.0 Mbps
61954 ms [UE 30040] UL Throughput = 0.02492 Mbps
61954 ms [UE 42234] UL Throughput = 0.05501 Mbps
62049 ms [UE 30040] UL Throughput = 0.0 Mbps
62049 ms [UE 42234] UL Throughput = 0.08823 Mbps
62137 ms [UE 30040] UL Throughput = 0.0 Mbps
62137 ms [UE 42234] UL Throughput = 0.07115 Mbps
62234 ms [UE 30040] UL Throughput = 0.0 Mbps
62336 ms [UE 42234] UL Throughput = 0.0 Mbps
62436 ms [UE 30040] UL Throughput = 0.01101 Mbps
62531 ms [UE 30040] UL Throughput = 0.09056 Mbps
62531 ms [UE 42234] UL Throughput = 0.04411 Mbps
62645 ms [UE 30040] UL Throughput = 0.12773 Mbps
62722 ms [UE 30040] UL Throughput = 0.0 Mbps
62722 ms [UE 42234] UL Throughput = 0.0 Mbps
62803 ms [UE 30040] UL Throughput = 0.0 Mbps
62803 ms [UE 42234] UL Throughput = 0.0 Mbps
62917 ms [UE 30040] UL Throughput = 0.0 Mbps
62917 ms [UE 42234] UL Throughput = 0.0 Mbps
62997 ms [UE 30040] UL Throughput = 0.08957 Mbps
62997 ms [UE 42234] UL Throughput = 0.0 Mbps
63129 ms [UE 30040] UL Throughput = 0.0181 Mbps
63129 ms [UE 42234] UL Throughput = 0.05507 Mbps
63230 ms [UE 30040] UL Throughput = 0.0 Mbps
63230 ms [UE 42234] UL Throughput = 0.06391 Mbps
63346 ms [UE 30040] UL Throughput = 0.09519 Mbps
63346 ms [UE 42234] UL Throughput = 0.01683 Mbps
63352 ms [UE 30040] UL Throughput = 0.0 Mbps
63352 ms [UE 42234] UL Throughput = 0.03258 Mbps
63454 ms [UE 30040] UL Throughput = 0.0 Mbps
63538 ms [UE 30040] UL Throughput = 0.0 Mbps
63538 ms [UE 42234] UL Throughput = 0.05398 Mbps
63642 ms [UE 30040] UL Throughput = 0.0 Mbps
63642 ms [UE 42234] UL Throughput = 0.0 Mbps
63756 ms [UE 30040] UL Throughput = 0.06189 Mbps
63859 ms [UE 30040] UL Throughput = 0.0 Mbps
63859 ms [UE 42234] UL Throughput = 0.07394 Mbps
63952 ms [UE 30040] UL Throughput = 0.04445 Mbps
63952 ms [UE 42234] UL Throughput = 0.0 Mbps
64085 ms [UE 42234] UL Throughput = 0.0 Mbps
64193 ms [UE 30040] UL Throughput = 0.06611 Mbps
64193 ms [UE 42234] UL Throughput = 0.01192 Mbps
64308 ms [UE 30040] UL Throughput = 0.0 Mbps
64308 ms [UE 42234] UL Throughput = 0.13221 Mbps
64407 ms [UE 30040] UL Throughput = 0.09089 Mbps
64407 ms [UE 42234] UL Throughput = 0.08338 Mbps
64476 ms [UE 30040] UL Throughput = 0.0 Mbps
64592 ms [UE 30040] UL Throughput = 0.01962 Mbps
64592 ms [UE 42234] UL Throughput = 0.07997 Mbps
64593 ms [UE 30040] UL Throughput = 0.09271 Mbps
64593 ms [UE 42234] UL Throughput = 0.02979 Mbps
64699 ms [UE 30040] UL Throughput = 0.04214 Mbps
64699 ms [UE 42234] UL Throughput = 0.0 Mbps
64705 ms [UE 30040] UL Throughput = 0.05335 Mbps
64818 ms [UE 30040] UL Throughput = 0.0 Mbps
64818 ms [UE 42234] UL Throughput = 0.0 Mbps
64916 ms [UE 30040] UL Throughput = 0.03448 Mbps
64916 ms [UE 42234] UL Throughput = 0.0 Mbps
65031 ms [UE 42234] UL Throughput = 0.08194 Mbps
65144 ms [UE 30040] UL Throughput = 0.0 Mbps
65144 ms [UE 42234] UL Throughput = 0.03316 Mbps
65222 ms [UE 30040] UL Throughput = 0.02854 Mbps
65222 ms [UE 42234] UL Throughput = 0.01937 Mbps
65336 ms [UE 30040] UL Throughput = 0.07662 Mbps
65336 ms [UE 42234] UL Throughput = 0.04223 Mbps
65427 ms [UE 30040] UL Throughput = 0.0 Mbps
65427 ms [UE 42234] UL Throughput = 0.0 Mbps
65506 ms [UE 30040] UL Throughput = 0.06004 Mbps
65506 ms [UE 42234] UL Throughput = 0.03947 Mbps
65607 ms [UE 30040] UL Throughput = 0.0 Mbps
65607 ms [UE 42234] UL Throughput = 0.05478 Mbps
65610 ms [UE 30040] UL Throughput = 0.0 Mbps
65610 ms [UE 42234] UL Throughput = 0.0859 Mbps
65734 ms [UE 30040] UL Throughput = 0.0 Mbps
65734 ms [UE 42234] UL Throughput = 0.07802 Mbps
65836 ms [UE 30040] UL Throughput = 0.0 Mbps
65836 ms [UE 42234] UL Throughput = 0.0 Mbps
65945 ms [UE 30040] UL Throughput = 0.0 Mbps
65945 ms [UE 42234] UL Throughput = 0.0 Mbps
65950 ms [UE 30040] UL Throughput = 0.0 Mbps
65950 ms [UE 42234] UL Throughput = 0.02853 Mbps
65952 ms [UE 30040] UL Throughput = 0.06772 Mbps
65952 ms [UE 42234] UL Throughput = 0.0 Mbps
66046 ms [UE 30040] UL Throughput = 0.11692 Mbps
66046 ms [UE 42234] UL Throughput = 0.03478 Mbps
66115 ms [UE 30040] UL Throughput = 0.02321 Mbps
66115 ms [UE 42234] UL Throughput = 0.03115 Mbps
66120 ms [UE 30040] UL Throughput = 0.0 Mbps
66120 ms [UE 42234] UL Throughput = 0.0 Mbps
66215 ms [UE 30040] UL Throughput = 0.08033 Mbps
66215 ms [UE 42234] UL Throughput = 0.0 Mbps
66324 ms [UE 42234] UL Throughput = 0.07564 Mbps
66432 ms [UE 30040] UL Throughput = 0.0 Mbps
66432 ms [UE 42234] UL Throughput = 0.05048 Mbps
66437 ms [UE 30040] UL Throughput = 0.0 Mbps
66437 ms [UE 42234] UL Throughput = 0.05362 Mbps
66531 ms [UE 30040] UL Throughput = 0.0 Mbps
66531 ms [UE 42234] UL Throughput = 0.05938 Mbps
66628 ms [UE 30040] UL Throughput = 0.0 Mbps
66628 ms [UE 42234] UL Throughput = 0.0 Mbps
66762 ms [UE 30040] UL Throughput = 0.10317 Mbps
66851 ms [UE 30040] UL Throughput = 0.02306 Mbps
66851 ms [UE 42234] UL Throughput = 0.0 Mbps
66959 ms [UE 30040] UL Throughput = 0.0 Mbps
66959 ms [UE 42234] UL Throughput = 0.09487 Mbps
67029 ms [UE 30040] UL Throughput = 0.0 Mbps
67029 ms [UE 42234] UL Throughput = 0.0 Mbps
67124 ms [UE 30040] UL Throughput = 0.06265 Mbps
67124 ms [UE 42234] UL Throughput = 0.0 Mbps
67226 ms [UE 42234] UL Throughput = 0.0 Mbps
67330 ms [UE 30040] UL Throughput = 0.01011 Mbps
67330 ms [UE 42234] UL Throughput = 0.12213 Mbps
67335 ms [UE 30040] UL Throughput = 0.0 Mbps
67335 ms [UE 42234] UL Throughput = 0.0 Mbps
67338 ms [UE 30040] UL Throughput = 0.0 Mbps
67338 ms [UE 42234] UL Throughput = 0.07423 Mbps
67442 ms [UE 30040] UL Throughput = 0.08292 Mbps
67442 ms [UE 42234] UL Throughput = 0.0 Mbps
67521 ms [UE 30040] UL Throughput = 0.11626 Mbps
67521 ms [UE 42234] UL Throughput = 0.0 Mbps
67616 ms [UE 30040] UL Throughput = 0.0 Mbps
67616 ms [UE 42234] UL Throughput = 0.08154 Mbps
67733 ms [UE 30040] UL Throughput = 0.03938 Mbps
67733 ms [UE 42234] UL Throughput = 0.0 Mbps
67814 ms [UE 30040] UL Throughput = 0.0 Mbps
67814 ms [UE 42234] UL Throughput = 0.12811 Mbps
67885 ms [UE 30040] UL Throughput = 0.10889 Mbps
67885 ms [UE 42234] UL Throughput = 0.0 Mbps
67983 ms [UE 30040] UL Throughput = 0.0343 Mbps
67983 ms [UE 42234] UL Throughput = 0.0 Mbps
68057 ms [UE 30040] UL Throughput = 0.08811 Mbps
68057 ms [UE 42234] UL Throughput = 0.06536 Mbps
68062 ms [UE 30040] UL Throughput = 0.05697 Mbps
68062 ms [UE 42234] UL Throughput = 0.0 Mbps
68171 ms [UE 30040] UL Throughput = 0.0 Mbps
68171 ms [UE 42234] UL Throughput = 0.06247 Mbps
68176 ms [UE 30040] UL Throughput = 0.0 Mbps
68176 ms [UE 42234] UL Throughput = 0.02827 Mbps
68277 ms [UE 42234] UL Throughput = 0.09386 Mbps
68367 ms [UE 42234] UL Throughput = 0.0 Mbps
68371 ms [UE 30040] UL Throughput = 0.0 Mbps
68371 ms [UE 42234] UL Throughput = 0.05512 Mbps
68465 ms [UE 30040] UL Throughput = 0.01763 Mbps
68465 ms [UE 42234] UL Throughput = 0.0 Mbps
68561 ms [UE 30040] UL Throughput = 0.10544 Mbps
68561 ms [UE 42234] UL Throughput = 0.0188 Mbps
68654 ms [UE 30040] UL Throughput = 0.01798 Mbps
68654 ms [UE 42234] UL Throughput = 0.0395 Mbps
68754 ms [UE 30040] UL Throughput = 0.0 Mbps
68754 ms [UE 42234] UL Throughput = 0.01245 Mbps
68861 ms [UE 30040] UL Throughput = 0.05202 Mbps
68861 ms [UE 42234] UL Throughput = 0.0 Mbps
68994 ms [UE 30040] UL Throughput = 0.0 Mbps
68994 ms [UE 42234] UL Throughput = 0.08082 Mbps
69066 ms [UE 30040] UL Throughput = 0.0 Mbps
69066 ms [UE 42234] UL Throughput = 0.11871 Mbps
69069 ms [UE 30040] UL Throughput = 0.02075 Mbps
69069 ms [UE 42234] UL Throughput = 0.03741 Mbps
69191 ms [UE 30040] UL Throughput = 0.07381 Mbps
69191 ms [UE 42234] UL Throughput = 0.0 Mbps
69193 ms [UE 30040] UL Throughput = 0.03001 Mbps
69193 ms [UE 42234] UL Throughput = 0.02562 Mbps
69296 ms [UE 30040] UL Throughput = 0.07888 Mbps
69296 ms [UE 42234] UL Throughput = 0.02369 Mbps
69387 ms [UE 30040] UL Throughput = 0.0 Mbps
69387 ms [UE 42234] UL Throughput = 0.07122 Mbps
69489 ms [UE 42234] UL Throughput = 0.04699 Mbps
69578 ms [UE 30040] UL Throughput = 0.0 Mbps
69697 ms [UE 42234] UL Throughput = 0.06598 Mbps
69789 ms [UE 30040] UL Throughput = 0.03278 Mbps
69789 ms [UE 42234] UL Throughput = 0.0 Mbps
69921 ms [UE 42234] UL Throughput = 0.0 Mbps
69926 ms [UE 30040] UL Throughput = 0.0 Mbps
69926 ms [UE 42234] UL Throughput = 0.09418 Mbps
69928 ms [UE 30040] UL Throughput = 0.0 Mbps
69928 ms [UE 42234] UL Throughput = 0.0 Mbps
70031 ms [UE 30040] UL Throughput = 0.0 Mbps
70031 ms [UE 42234] UL Throughput = 0.0 Mbps
70033 ms [UE 30040] UL Throughput = 0.0 Mbps
70033 ms [UE 42234] UL Throughput = 0.1446 Mbps
70123 ms [UE 30040] UL Throughput = 0.0943 Mbps
70123 ms [UE 42234] UL Throughput = 0.06402 Mbps
70233 ms [UE 30040] UL Throughput = 0.09553 Mbps
70233 ms [UE 42234] UL Throughput = 0.07947 Mbps
70335 ms [UE 30040] UL Throughput = 0.0 Mbps
70441 ms [UE 30040] UL Throughput = 0.0 Mbps
70442 ms [UE 30040] UL Throughput = 0.07297 Mbps
70442 ms [UE 42234] UL Throughput = 0.11001 Mbps
70524 ms [UE 30040] UL Throughput = 0.04113 Mbps
70524 ms [UE 42234] UL Throughput = 0.0 Mbps
70589 ms [UE 30040] UL Throughput = 0.0 Mbps
70589 ms [UE 42234] UL Throughput = 0.09522 Mbps
70693 ms [UE 30040] UL Throughput = 0.0 Mbps
70801 ms [UE 30040] UL Throughput = 0.06042 Mbps
70801 ms [UE 42234] UL Throughput = 0.051 Mbps
70807 ms [UE 30040] UL Throughput = 0.0 Mbps
70807 ms [UE 42234] UL Throughput = 0.0 Mbps
70920 ms [UE 30040] UL Throughput = 0.03766 Mbps
71033 ms [UE 30040] UL Throughput = 0.08286 Mbps
71033 ms [UE 42234] UL Throughput = 0.08159 Mbps
71036 ms [UE 30040] UL Throughput = 0.02516 Mbps
71151 ms [UE 30040] UL Throughput = 0.0 Mbps
71151 ms [UE 42234] UL Throughput = 0.01439 Mbps
71154 ms [UE 30040] UL Throughput = 0.0 Mbps
71154 ms [UE 42234] UL Throughput = 0.0 Mbps
71228 ms [UE 30040] UL Throughput = 0.03818 Mbps
71228 ms [UE 42234] UL Throughput = 0.07916 Mbps
71319 ms [UE 30040] UL Throughput = 0.0 Mbps
71319 ms [UE 42234] UL Throughput = 0.08719 Mbps
71411 ms [UE 30040] UL Throughput = 0.0 Mbps
71411 ms [UE 42234] UL Throughput = 0.08308 Mbps
71518 ms [UE 42234] UL Throughput = 0.0 Mbps
71622 ms [UE 30040] UL Throughput = 0.04927 Mbps
71622 ms [UE 42234] UL Throughput = 0.0 Mbps
71723 ms [UE 30040] UL Throughput = 0.0 Mbps
71723 ms [UE 42234] UL Throughput = 0.09272 Mbps
71728 ms [UE 30040] UL Throughput = 0.07769 Mbps
71728 ms [UE 42234] UL Throughput = 0.0 Mbps
71815 ms [UE 30040] UL Throughput = 0.02837 Mbps
71815 ms [UE 42234] UL Throughput = 0.0 Mbps
71919 ms [UE 30040] UL Throughput = 0.12026 Mbps
71919 ms [UE 42234] UL Throughput = 0.08575 Mbps
72017 ms [UE 30040] UL Throughput = 0.06287 Mbps
72017 ms [UE 42234] UL Throughput = 0.0 Mbps
72108 ms [UE 30040] UL Throughput = 0.0912 Mbps
72108 ms [UE 42234] UL Throughput = 0.13214 Mbps
72219 ms [UE 30040] UL Throughput = 0.0 Mbps
72219 ms [UE 42234] UL Throughput = 0.0 Mbps
72225 ms [UE 30040] UL Throughput = 0.06376 Mbps
72225 ms [UE 42234] UL Throughput = 0.0 Mbps
72338 ms [UE 42234] UL Throughput = 0.0 Mbps
72444 ms [UE 30040] UL Throughput = 0.0 Mbps
72444 ms [UE 42234] UL Throughput = 0.0 Mbps
72542 ms [UE 30040] UL Throughput = 0.0 Mbps
72542 ms [UE 42234] UL Throughput = 0.0 Mbps
72650 ms [UE 30040] UL Throughput = 0.15882 Mbps
72650 ms [UE 42234] UL Throughput = 0.08636 Mbps
72752 ms [UE 42234] UL Throughput = 0.01347 Mbps
72880 ms [UE 30040] UL Throughput = 0.1614 Mbps
72880 ms [UE 42234] UL Throughput = 0.0 Mbps
72960 ms [UE 30040] UL Throughput = 0.08678 Mbps
72960 ms [UE 42234] UL Throughput = 0.15083 Mbps
73040 ms [UE 30040] UL Throughput = 0.0 Mbps
73040 ms [UE 42234] UL Throughput = 0.0 Mbps
73138 ms [UE 30040] UL Throughput = 0.02522 Mbps
73138 ms [UE 42234] UL Throughput = 0.0 Mbps
73208 ms [UE 30040] UL Throughput = 0.08123 Mbps
73331 ms [UE 30040] UL Throughput = 0.01335 Mbps
73331 ms [UE 42234] UL Throughput = 0.09619 Mbps
73452 ms [UE 30040] UL Throughput = 0.08488 Mbps
73452 ms [UE 42234] UL Throughput = 0.0789 Mbps
73543 ms [UE 30040] UL Throughput = 0.04178 Mbps
73543 ms [UE 42234] UL Throughput = 0.06738 Mbps
73655 ms [UE 30040] UL Throughput = 0.09726 Mbps
73655 ms [UE 42234] UL Throughput = 0.0 Mbps
73659 ms [UE 30040] UL Throughput = 0.0 Mbps
73659 ms [UE 42234] UL Throughput = 0.02305 Mbps
73768 ms [UE 30040] UL Throughput = 0.05015 Mbps
73768 ms [UE 42234] UL Throughput = 0.10332 Mbps
73844 ms [UE 30040] UL Throughput = 0.0 Mbps
73844 ms [UE 42234] UL Throughput = 0.03024 Mbps
73938 ms [UE 30040] UL Throughput = 0.0 Mbps
73938 ms [UE 42234] UL Throughput = 0.0455 Mbps
74046 ms [UE 30040] UL Throughput = 0.07616 Mbps
74046 ms [UE 42234] UL Throughput = 0.03997 Mbps
74143 ms [UE 30040] UL Throughput = 0.06621 Mbps
74143 ms [UE 42234] UL Throughput = 0.0 Mbps
74240 ms [UE 30040] UL Throughput = 0.08002 Mbps
74240 ms [UE 42234] UL Throughput = 0.0 Mbps
74332 ms [UE 30040] UL Throughput = 0.01612 Mbps
74332 ms [UE 42234] UL Throughput = 0.0 Mbps
74335 ms [UE 30040] UL Throughput = 0.01274 Mbps
74335 ms [UE 42234] UL Throughput = 0.07692 Mbps
74437 ms [UE 30040] UL Throughput = 0.0 Mbps
74442 ms [UE 30040] UL Throughput = 0.09775 Mbps
74442 ms [UE 42234] UL Throughput = 0.09666 Mbps
74536 ms [UE 30040] UL Throughput = 0.0 Mbps
74536 ms [UE 42234] UL Throughput = 0.07941 Mbps
74626 ms [UE 30040] UL Throughput = 0.0 Mbps
74626 ms [UE 42234] UL Throughput = 0.0 Mbps
74747 ms [UE 30040] UL Throughput = 0.0 Mbps
74747 ms [UE 42234] UL Throughput = 0.0 Mbps
74859 ms [UE 30040] UL Throughput = 0.0 Mbps
74859 ms [UE 42234] UL Throughput = 0.0 Mbps
74934 ms [UE 30040] UL Throughput = 0.0 Mbps
74934 ms [UE 42234] UL Throughput = 0.0145 Mbps
75029 ms [UE 30040] UL Throughput = 0.05521 Mbps
75029 ms [UE 42234] UL Throughput = 0.02396 Mbps
75107 ms [UE 30040] UL Throughput = 0.0203 Mbps
75107 ms [UE 42234] UL Throughput = 0.01442 Mbps
75196 ms [UE 30040] UL Throughput = 0.07552 Mbps
75196 ms [UE 42234] UL Throughput = 0.0 Mbps
75282 ms [UE 30040] UL Throughput = 0.04872 Mbps
75282 ms [UE 42234] UL Throughput = 0.06526 Mbps
75377 ms [UE 30040] UL Throughput = 0.07975 Mbps
75377 ms [UE 42234] UL Throughput = 0.05455 Mbps
75502 ms [UE 30040] UL Throughput = 0.0 Mbps
75502 ms [UE 42234] UL Throughput = 0.0 Mbps
75505 ms [UE 30040] UL Throughput = 0.08913 Mbps
75505 ms [UE 42234] UL Throughput = 0.05089 Mbps
75609 ms [UE 30040] UL Throughput = 0.0 Mbps
75609 ms [UE 42234] UL Throughput = 0.0 Mbps
75683 ms [UE 30040] UL Throughput = 0.09472 Mbps
75683 ms [UE 42234] UL Throughput = 0.0 Mbps
75755 ms [UE 30040] UL Throughput = 0.0 Mbps
75755 ms [UE 42234] UL Throughput = 0.09223 Mbps
75873 ms [UE 30040] UL Throughput = 0.0 Mbps
75873 ms [UE 42234] UL Throughput = 0.07944 Mbps
75879 ms [UE 30040] UL Throughput = 0.04035 Mbps
75879 ms [UE 42234] UL Throughput = 0.0 Mbps
75977 ms [UE 30040] UL Throughput = 0.0 Mbps
75977 ms [UE 42234] UL Throughput = 0.03451 Mbps
76057 ms [UE 30040] UL Throughput = 0.01496 Mbps
76057 ms [UE 42234] UL Throughput = 0.07886 Mbps
76172 ms [UE 30040] UL Throughput = 0.0 Mbps
76258 ms [UE 30040] UL Throughput = 0.0 Mbps
76258 ms [UE 42234] UL Throughput = 0.03613 Mbps
76359 ms [UE 30040] UL Throughput = 0.06051 Mbps
76359 ms [UE 42234] UL Throughput = 0.0 Mbps
76460 ms [UE 30040] UL Throughput = 0.03674 Mbps
76460 ms [UE 42234] UL Throughput = 0.0 Mbps
76462 ms [UE 30040] UL Throughput = 0.0 Mbps
76462 ms [UE 42234] UL Throughput = 0.05014 Mbps
76559 ms [UE 30040] UL Throughput = 0.04159 Mbps
76559 ms [UE 42234] UL Throughput = 0.05413 Mbps
76647 ms [UE 30040] UL Throughput = 0.02904 Mbps
76721 ms [UE 30040] UL Throughput = 0.0 Mbps
76721 ms [UE 42234] UL Throughput = 0.03503 Mbps
76723 ms [UE 30040] UL Throughput = 0.0 Mbps
76723 ms [UE 42234] UL Throughput = 0.0 Mbps
76834 ms [UE 30040] UL Throughput = 0.02649 Mbps
76834 ms [UE 42234] UL Throughput = 0.11221 Mbps
76932 ms [UE 30040] UL Throughput = 0.0 Mbps
76932 ms [UE 42234] UL Throughput = 0.03696 Mbps
77039 ms [UE 30040] UL Throughput = 0.0 Mbps
77039 ms [UE 42234] UL Throughput = 0.0 Mbps
77124 ms [UE 30040] UL Throughput = 0.0 Mbps
77124 ms [UE 42234] UL Throughput = 0.0 Mbps
77225 ms [UE 30040] UL Throughput = 0.08777 Mbps
77225 ms [UE 42234] UL Throughput = 0.0 Mbps
77228 ms [UE 30040] UL Throughput = 0.0 Mbps
77228 ms [UE 42234] UL Throughput = 0.0 Mbps
77353 ms [UE 30040] UL Throughput = 0.0 Mbps
77353 ms [UE 42234] UL Throughput = 0.0 Mbps
77459 ms [UE 30040] UL Throughput = 0.03526 Mbps
77459 ms [UE 42234] UL Throughput = 0.0 Mbps
77558 ms [UE 30040] UL Throughput = 0.0 Mbps
77558 ms [UE 42234] UL Throughput = 0.0 Mbps
77689 ms [UE 42234] UL Throughput = 0.04705 Mbps
77761 ms [UE 30040] UL Throughput = 0.07867 Mbps
77761 ms [UE 42234] UL Throughput = 0.0 Mbps
77766 ms [UE 30040] UL Throughput = 0.0 Mbps
77766 ms [UE 42234] UL Throughput = 0.0928 Mbps
77865 ms [UE 30040] UL Throughput = 0.01088 Mbps
77865 ms [UE 42234] UL Throughput = 0.04127 Mbps
77871 ms [UE 30040] UL Throughput = 0.02828 Mbps
77871 ms [UE 42234] UL Throughput = 0.07699 Mbps
77963 ms [UE 30040] UL Throughput = 0.0 Mbps
77963 ms [UE 42234] UL Throughput = 0.0 Mbps
78078 ms [UE 30040] UL Throughput = 0.0 Mbps
78078 ms [UE 42234] UL Throughput = 0.04672 Mbps
78081 ms [UE 30040] UL Throughput = 0.0 Mbps
78081 ms [UE 42234] UL Throughput = 0.03961 Mbps
78176 ms [UE 30040] UL Throughput = 0.0 Mbps
78176 ms [UE 42234] UL Throughput = 0.06498 Mbps
78287 ms [UE 30040] UL Throughput = 0.0 Mbps
78287 ms [UE 42234] UL Throughput = 0.04585 Mbps
78392 ms [UE 30040] UL Throughput = 0.02028 Mbps
78392 ms [UE 42234] UL Throughput = 0.03148 Mbps
78489 ms [UE 42234] UL Throughput = 0.0 Mbps
78588 ms [UE 30040] UL Throughput = 0.02051 Mbps
78588 ms [UE 42234] UL Throughput = 0.01201 Mbps
78679 ms [UE 30040] UL Throughput = 0.0 Mbps
78679 ms [UE 42234] UL Throughput = 0.03567 Mbps
78685 ms [UE 30040] UL Throughput = 0.02933 Mbps
78685 ms [UE 42234] UL Throughput = 0.0 Mbps
78794 ms [UE 30040] UL Throughput = 0.09492 Mbps
78920 ms [UE 30040] UL Throughput = 0.0 Mbps
78920 ms [UE 42234] UL Throughput = 0.0 Mbps
79026 ms [UE 42234] UL Throughput = 0.0 Mbps
79031 ms [UE 30040] UL Throughput = 0.0 Mbps
79031 ms [UE 42234] UL Throughput = 0.08877 Mbps
79162 ms [UE 30040] UL Throughput = 0.0 Mbps
79162 ms [UE 42234] UL Throughput = 0.0 Mbps
79269 ms [UE 30040] UL Throughput = 0.05959 Mbps
79269 ms [UE 42234] UL Throughput = 0.0 Mbps
79399 ms [UE 30040] UL Throughput = 0.0 Mbps
79399 ms [UE 42234] UL Throughput = 0.09686 Mbps
79404 ms [UE 30040] UL Throughput = 0.0532 Mbps
79404 ms [UE 42234] UL Throughput = 0.0 Mbps
79409 ms [UE 42234] UL Throughput = 0.0 Mbps
79482 ms [UE 30040] UL Throughput = 0.02109 Mbps
79482 ms [UE 42234] UL Throughput = 0.06191 Mbps
79596 ms [UE 30040] UL Throughput = 0.22 Mbps
79596 ms [UE 42234] UL Throughput = 0.09674 Mbps
79664 ms [UE 30040] UL Throughput = 0.0 Mbps
79664 ms [UE 42234] UL Throughput = 0.0 Mbps
79759 ms [UE 30040] UL Throughput = 0.05855 Mbps
79759 ms [UE 42234] UL Throughput = 0.0 Mbps
79883 ms [UE 42234] UL Throughput = 0.0 Mbps
79989 ms [UE 42234] UL Throughput = 0.04067 Mbps
79992 ms [UE 30040] UL Throughput = 0.03084 Mbps
79992 ms [UE 42234] UL Throughput = 0.0 Mbps
79997 ms [UE 30040] UL Throughput = 0.09742 Mbps
79997 ms [UE 42234] UL Throughput = 0.0 Mbps
80077 ms [UE 42234] UL Throughput = 0.0 Mbps
80162 ms [UE 30040] UL Throughput = 0.0 Mbps
80162 ms [UE 42234] UL Throughput = 0.0847 Mbps
80268 ms [UE 30040] UL Throughput = 0.0 Mbps
80268 ms [UE 42234] UL Throughput = 0.0 Mbps
80384 ms [UE 30040] UL Throughput = 0.0 Mbps
80384 ms [UE 42234] UL Throughput = 0.0 Mbps
80481 ms [UE 30040] UL Throughput = 0.0 Mbps
80481 ms [UE 42234] UL Throughput = 0.0 Mbps
80589 ms [UE 30040] UL Throughput = 0.07582 Mbps
80589 ms [UE 42234] UL Throughput = 0.0 Mbps
80674 ms [UE 30040] UL Throughput = 0.077 Mbps
80674 ms [UE 42234] UL Throughput = 0.05387 Mbps
80771 ms [UE 30040] UL Throughput = 0.0 Mbps
80771 ms [UE 42234] UL Throughput = 0.0 Mbps
80774 ms [UE 42234] UL Throughput = 0.0678 Mbps
80780 ms [UE 30040] UL Throughput = 0.0 Mbps
80780 ms [UE 42234] UL Throughput = 0.09825 Mbps
80869 ms [UE 30040] UL Throughput = 0.07594 Mbps
80967 ms [UE 30040] UL Throughput = 0.0 Mbps
80967 ms [UE 42234] UL Throughput = 0.02844 Mbps
81086 ms [UE 30040] UL Throughput = 0.0 Mbps
81086 ms [UE 42234] UL Throughput = 0.08746 Mbps
81191 ms [UE 30040] UL Throughput = 0.0 Mbps
81191 ms [UE 42234] UL Throughput = 0.0 Mbps
81293 ms [UE 42234] UL Throughput = 0.08638 Mbps
81376 ms [UE 42234] UL Throughput = 0.06447 Mbps
81381 ms [UE 30040] UL Throughput = 0.0 Mbps
81381 ms [UE 42234] UL Throughput = 0.07205 Mbps
81498 ms [UE 30040] UL Throughput = 0.0 Mbps
81498 ms [UE 42234] UL Throughput = 0.05551 Mbps
81611 ms [UE 42234] UL Throughput = 0.0 Mbps
81707 ms [UE 30040] UL Throughput = 0.01666 Mbps
81707 ms [UE 42234] UL Throughput = 0.0 Mbps
81713 ms [UE 30040] UL Throughput = 0.0 Mbps
81713 ms [UE 42234] UL Throughput = 0.07208 Mbps
81830 ms [UE 30040] UL Throughput = 0.01233 Mbps
81830 ms [UE 42234] UL Throughput = 0.0 Mbps
81917 ms [UE 30040] UL Throughput = 0.0 Mbps
81917 ms [UE 42234] UL Throughput = 0.08788 Mbps
82003 ms [UE 30040] UL Throughput = 0.02872 Mbps
82003 ms [UE 42234] UL Throughput = 0.0 Mbps
82120 ms [UE 30040] UL Throughput = 0.0 Mbps
82120 ms [UE 42234] UL Throughput = 0.0 Mbps
82221 ms [UE 30040] UL Throughput = 0.0 Mbps
82221 ms [UE 42234] UL Throughput = 0.08709 Mbps
82308 ms [UE 30040] UL Throughput = 0.07888 Mbps
82308 ms [UE 42234] UL Throughput = 0.0 Mbps
82410 ms [UE 30040] UL Throughput = 0.0444 Mbps
82410 ms [UE 42234] UL Throughput = 0.03342 Mbps
82518 ms [UE 30040] UL Throughput = 0.0 Mbps
82622 ms [UE 30040] UL Throughput = 0.02293 Mbps
82622 ms [UE 42234] UL Throughput = 0.0 Mbps
82722 ms [UE 42234] UL Throughput = 0.02384 Mbps
82821 ms [UE 30040] UL Throughput = 0.0 Mbps
82821 ms [UE 42234] UL Throughput = 0.0 Mbps
82917 ms [UE 30040] UL Throughput = 0.0 Mbps
82917 ms [UE 42234] UL Throughput = 0.04203 Mbps
83023 ms [UE 30040] UL Throughput = 0.07167 Mbps
83023 ms [UE 42234] UL Throughput = 0.0 Mbps
83027 ms [UE 42234] UL Throughput = 0.01751 Mbps
83118 ms [UE 30040] UL Throughput = 0.06037 Mbps
83220 ms [UE 30040] UL Throughput = 0.01073 Mbps
83220 ms [UE 42234] UL Throughput = 0.07754 Mbps
83323 ms [UE 30040] UL Throughput = 0.12691 Mbps
83323 ms [UE 42234] UL Throughput = 0.0 Mbps
83418 ms [UE 30040] UL Throughput = 0.0 Mbps
83418 ms [UE 42234] UL Throughput = 0.03896 Mbps
83508 ms [UE 30040] UL Throughput = 0.0 Mbps
83508 ms [UE 42234] UL Throughput = 0.02459 Mbps
83511 ms [UE 30040] UL Throughput = 0.02316 Mbps
83511 ms [UE 42234] UL Throughput = 0.01907 Mbps
83632 ms [UE 30040] UL Throughput = 0.0 Mbps
83632 ms [UE 42234] UL Throughput = 0.01533 Mbps
83732 ms [UE 30040] UL Throughput = 0.0211 Mbps
83732 ms [UE 42234] UL Throughput = 0.08852 Mbps
83846 ms [UE 30040] UL Throughput = 0.0 Mbps
83846 ms [UE 42234] UL Throughput = 0.0 Mbps
83939 ms [UE 30040] UL Throughput = 0.0 Mbps
83939 ms [UE 42234] UL Throughput = 0.05036 Mbps
84031 ms [UE 30040] UL Throughput = 0.07551 Mbps
84031 ms [UE 42234] UL Throughput = 0.09179 Mbps
84156 ms [UE 30040] UL Throughput = 0.0 Mbps
84156 ms [UE 42234] UL Throughput = 0.09748 Mbps
84243 ms [UE 42234] UL Throughput = 0.0 Mbps
84249 ms [UE 30040] UL Throughput = 0.0 Mbps
84249 ms [UE 42234] UL Throughput = 0.0 Mbps
84339 ms [UE 30040] UL Throughput = 0.0 Mbps
84428 ms [UE 30040] UL Throughput = 0.09718 Mbps
84428 ms [UE 42234] UL Throughput = 0.03955 Mbps
84512 ms [UE 30040] UL Throughput = 0.07924 Mbps
84512 ms [UE 42234] UL Throughput = 0.0 Mbps
84614 ms [UE 30040] UL Throughput = 0.0 Mbps
84614 ms [UE 42234] UL Throughput = 0.0 Mbps
84717 ms [UE 30040] UL Throughput = 0.0 Mbps
84717 ms [UE 42234] UL Throughput = 0.0 Mbps
84823 ms [UE 30040] UL Throughput = 0.10842 Mbps
84823 ms [UE 42234] UL Throughput = 0.0 Mbps
84829 ms [UE 42234] UL Throughput = 0.02264 Mbps
84920 ms [UE 42234] UL Throughput = 0.0 Mbps
84924 ms [UE 30040] UL Throughput = 0.02549 Mbps
84924 ms [UE 42234] UL Throughput = 0.07425 Mbps
85037 ms [UE 30040] UL Throughput = 0.12482 Mbps
85037 ms [UE 42234] UL Throughput = 0.0 Mbps
85135 ms [UE 30040] UL Throughput = 0.0 Mbps
85135 ms [UE 42234] UL Throughput = 0.04187 Mbps
85231 ms [UE 30040] UL Throughput = 0.06033 Mbps
85299 ms [UE 30040] UL Throughput = 0.0 Mbps
85299 ms [UE 42234] UL Throughput = 0.02588 Mbps
85303 ms [UE 30040] UL Throughput = 0.0 Mbps
85305 ms [UE 30040] UL Throughput = 0.07892 Mbps
85305 ms [UE 42234] UL Throughput = 0.04416 Mbps
85412 ms [UE 30040] UL Throughput = 0.01003 Mbps
85413 ms [UE 42234] UL Throughput = 0.0 Mbps
85531 ms [UE 30040] UL Throughput = 0.0 Mbps
85531 ms [UE 42234] UL Throughput = 0.0 Mbps
85644 ms [UE 30040] UL Throughput = 0.04826 Mbps
85644 ms [UE 42234] UL Throughput = 0.0 Mbps
85739 ms [UE 30040] UL Throughput = 0.0 Mbps
85868 ms [UE 30040] UL Throughput = 0.0 Mbps
85868 ms [UE 42234] UL Throughput = 0.01223 Mbps
85952 ms [UE 30040] UL Throughput = 0.0 Mbps
85952 ms [UE 42234] UL Throughput = 0.0 Mbps
86088 ms [UE 30040] UL Throughput = 0.0 Mbps
86088 ms [UE 42234] UL Throughput = 0.09045 Mbps
86090 ms [UE 30040] UL Throughput = 0.0663 Mbps
86090 ms [UE 42234] UL Throughput = 0.0 Mbps
86174 ms [UE 30040] UL Throughput = 0.0 Mbps
86174 ms [UE 42234] UL Throughput = 0.0 Mbps
86269 ms [UE 30040] UL Throughput = 0.0944 Mbps
86269 ms [UE 42234] UL Throughput = 0.0 Mbps
86372 ms [UE 30040] UL Throughput = 0.0 Mbps
86372 ms [UE 42234] UL Throughput = 0.08589 Mbps
86376 ms [UE 42234] UL Throughput = 0.0724 Mbps
86494 ms [UE 30040] UL Throughput = 0.01102 Mbps
86494 ms [UE 42234] UL Throughput = 0.09922 Mbps
86591 ms [UE 30040] UL Throughput = 0.03071 Mbps
86591 ms [UE 42234] UL Throughput = 0.0 Mbps
86681 ms [UE 30040] UL Throughput = 0.0 Mbps
86681 ms [UE 42234] UL Throughput = 0.06412 Mbps
86788 ms [UE 30040] UL Throughput = 0.0 Mbps
86788 ms [UE 42234] UL Throughput = 0.02947 Mbps
86790 ms [UE 30040] UL Throughput = 0.05894 Mbps
86790 ms [UE 42234] UL Throughput = 0.01054 Mbps
86900 ms [UE 30040] UL Throughput = 0.0 Mbps
86900 ms [UE 42234] UL Throughput = 0.0 Mbps
87000 ms [UE 42234] UL Throughput = 0.0 Mbps
87001 ms [UE 42234] UL Throughput = 0.0 Mbps
87118 ms [UE 30040] UL Throughput = 0.04119 Mbps
87118 ms [UE 42234] UL Throughput = 0.02241 Mbps
87191 ms [UE 30040] UL Throughput = 0.06537 Mbps
87191 ms [UE 42234] UL Throughput = 0.0 Mbps
87197 ms [UE 30040] UL Throughput = 0.05902 Mbps
87197 ms [UE 42234] UL Throughput = 0.01237 Mbps
87281 ms [UE 30040] UL Throughput = 0.0 Mbps
87358 ms [UE 30040] UL Throughput = 0.0 Mbps
87358 ms [UE 42234] UL Throughput = 0.05889 Mbps
87446 ms [UE 42234] UL Throughput = 0.03999 Mbps
87536 ms [UE 30040] UL Throughput = 0.0 Mbps
87628 ms [UE 30040] UL Throughput = 0.0 Mbps
87628 ms [UE 42234] UL Throughput = 0.0 Mbps
87709 ms [UE 30040] UL Throughput = 0.01241 Mbps
87709 ms [UE 42234] UL Throughput = 0.0 Mbps
87711 ms [UE 30040] UL Throughput = 0.03473 Mbps
87711 ms [UE 42234] UL Throughput = 0.0 Mbps
87823 ms [UE 30040] UL Throughput = 0.04357 Mbps
87823 ms [UE 42234] UL Throughput = 0.01745 Mbps
87915 ms [UE 30040] UL Throughput = 0.07229 Mbps
87915 ms [UE 42234] UL Throughput = 0.14663 Mbps
87920 ms [UE 30040] UL Throughput = 0.03707 Mbps
87920 ms [UE 42234] UL Throughput = 0.02754 Mbps
88023 ms [UE 30040] UL Throughput = 0.0 Mbps
88023 ms [UE 42234] UL Throughput = 0.09294 Mbps
88127 ms [UE 30040] UL Throughput = 0.03091 Mbps
88127 ms [UE 42234] UL Throughput = 0.0837 Mbps
88238 ms [UE 30040] UL Throughput = 0.0 Mbps
88238 ms [UE 42234] UL Throughput = 0.0 Mbps
88344 ms [UE 30040] UL Throughput = 0.03385 Mbps
88344 ms [UE 42234] UL Throughput = 0.05473 Mbps
88346 ms [UE 30040] UL Throughput = 0.0 Mbps
88348 ms [UE 30040] UL Throughput = 0.0 Mbps
88348 ms [UE 42234] UL Throughput = 0.0 Mbps
88454 ms [UE 30040] UL Throughput = 0.02038 Mbps
88454 ms [UE 42234] UL Throughput = 0.1012 Mbps
88455 ms [UE 30040] UL Throughput = 0.0 Mbps
88455 ms [UE 42234] UL Throughput = 0.0 Mbps
88571 ms [UE 30040] UL Throughput = 0.0 Mbps
88571 ms [UE 42234] UL Throughput = 0.0 Mbps
88674 ms [UE 30040] UL Throughput = 0.06307 Mbps
88674 ms [UE 42234] UL Throughput = 0.0 Mbps
88679 ms [UE 30040] UL Throughput = 0.06438 Mbps
88679 ms [UE 42234] UL Throughput = 0.06719 Mbps
88779 ms [UE 30040] UL Throughput = 0.08669 Mbps
88779 ms [UE 42234] UL Throughput = 0.0 Mbps
88872 ms [UE 30040] UL Throughput = 0.01841 Mbps
88872 ms [UE 42234] UL Throughput = 0.07831 Mbps
88972 ms [UE 30040] UL Throughput = 0.0 Mbps
88972 ms [UE 42234] UL Throughput = 0.0 Mbps
89079 ms [UE 30040] UL Throughput = 0.0 Mbps
89079 ms [UE 42234] UL Throughput = 0.05498 Mbps
89150 ms [UE 42234] UL Throughput = 0.0 Mbps
89252 ms [UE 30040] UL Throughput = 0.0 Mbps
89252 ms [UE 42234] UL Throughput = 0.03772 Mbps
89253 ms [UE 30040] UL Throughput = 0.0 Mbps
89373 ms [UE 30040] UL Throughput = 0.04923 Mbps
89373 ms [UE 42234] UL Throughput = 0.04863 Mbps
89444 ms [UE 30040] UL Throughput = 0.01496 Mbps
89444 ms [UE 42234] UL Throughput = 0.06126 Mbps
89450 ms [UE 30040] UL Throughput = 0.06613 Mbps
89450 ms [UE 42234] UL Throughput = 0.03394 Mbps
89565 ms [UE 30040] UL Throughput = 0.04812 Mbps
89565 ms [UE 42234] UL Throughput = 0.03871 Mbps
89664 ms [UE 30040] UL Throughput = 0.01137 Mbps
89664 ms [UE 42234] UL Throughput = 0.0 Mbps
89772 ms [UE 30040] UL Throughput = 0.06265 Mbps
89772 ms [UE 42234] UL Throughput = 0.22 Mbps
89773 ms [UE 30040] UL Throughput = 0.0627 Mbps
89773 ms [UE 42234] UL Throughput = 0.05954 Mbps
89875 ms [UE 42234] UL Throughput = 0.0 Mbps
