[UTIL]: Setting the config -c file to /usr/local/etc/flexric/flexric.conf
[UTIL]: Setting path -p for the shared libraries to /usr/local/lib/flexric/
[xAapp]: Initializing ... 
[xApp]: nearRT-RIC IP Address = 192.168.70.150, PORT = 36422
[E2 AGENT]: Opening plugin from path = /usr/local/lib/flexric/libkpm_sm.so 
[E2 AGENT]: Opening plugin from path = /usr/local/lib/flexric/libmac_sm.so 
[E2 AGENT]: Opening plugin from path = /usr/local/lib/flexric/libpdcp_sm.so 
[E2 AGENT]: Opening plugin from path = /usr/local/lib/flexric/libgtp_sm.so 
[E2 AGENT]: Opening plugin from path = /usr/local/lib/flexric/librc_sm.so 
[E2 AGENT]: Opening plugin from path = /usr/local/lib/flexric/libtc_sm.so 
[E2 AGENT]: Opening plugin from path = /usr/local/lib/flexric/librlc_sm.so 
[E2 AGENT]: Opening plugin from path = /usr/local/lib/flexric/libslice_sm.so 
[NEAR-RIC]: Loading SM ID = 2 with def = ORAN-E2SM-KPM 
[NEAR-RIC]: Loading SM ID = 142 with def = MAC_STATS_V0 
[NEAR-RIC]: Loading SM ID = 144 with def = PDCP_STATS_V0 
[NEAR-RIC]: Loading SM ID = 148 with def = GTP_STATS_V0 
[NEAR-RIC]: Loading SM ID = 3 with def = ORAN-E2SM-RC 
[NEAR-RIC]: Loading SM ID = 146 with def = TC_STATS_V0 
[NEAR-RIC]: Loading SM ID = 143 with def = RLC_STATS_V0 
[NEAR-RIC]: Loading SM ID = 145 with def = SLICE_STATS_V0 
[xApp]: DB filename = /tmp/flexric/xapp_db 
 [xApp]: E42 SETUP-REQUEST tx
[xApp]: E42 SETUP-RESPONSE rx 
[xApp]: xApp ID = 6 
[xApp]: Registered E2 Nodes = 4 
Connected E2 nodes = 4
[xAPP] Registered node 0 ran func id = 2
[xAPP] Registered node 0 ran func id = 3
[xAPP] Registered node 0 ran func id = 142
[xAPP] Registered node 0 ran func id = 143
[xAPP] Registered node 0 ran func id = 144
[xAPP] Registered node 0 ran func id = 145
[xAPP] Registered node 0 ran func id = 146
[xAPP] Registered node 0 ran func id = 148
[xApp]: E42 RIC SUBSCRIPTION REQUEST tx RAN_FUNC_ID 144 RIC_REQ_ID 1 
[xApp]: SUBSCRIPTION RESPONSE rx
[xApp]: Successfully subscribed to RAN_FUNC_ID 144 
[xAPP] Registered node 1 ran func id = 2
[xAPP] Registered node 1 ran func id = 3
[xAPP] Registered node 1 ran func id = 142
[xAPP] Registered node 1 ran func id = 143
[xAPP] Registered node 1 ran func id = 144
[xAPP] Registered node 1 ran func id = 145
[xAPP] Registered node 1 ran func id = 146
[xAPP] Registered node 1 ran func id = 148
[xAPP] Registered node 2 ran func id = 2
[xAPP] Registered node 2 ran func id = 3
[xAPP] Registered node 2 ran func id = 142
[xAPP] Registered node 2 ran func id = 143
[xAPP] Registered node 2 ran func id = 144
[xAPP] Registered node 2 ran func id = 145
[xAPP] Registered node 2 ran func id = 146
[xAPP] Registered node 2 ran func id = 148
[xApp]: E42 RIC SUBSCRIPTION REQUEST tx RAN_FUNC_ID 142 RIC_REQ_ID 2 
7 ms | now=1755815452085481 us | PDCP ind_msg latency=71856988 us
[xApp]: SUBSCRIPTION RESPONSE rx
[xApp]: Successfully subscribed to RAN_FUNC_ID 142 
[xAPP] Registered node 3 ran func id = 2
[xAPP] Registered node 3 ran func id = 3
[xAPP] Registered node 3 ran func id = 142
[xAPP] Registered node 3 ran func id = 143
[xAPP] Registered node 3 ran func id = 144
[xAPP] Registered node 3 ran func id = 145
[xAPP] Registered node 3 ran func id = 146
[xAPP] Registered node 3 ran func id = 148
[xApp]: E42 RIC SUBSCRIPTION REQUEST tx RAN_FUNC_ID 142 RIC_REQ_ID 3 
[xApp]: SUBSCRIPTION RESPONSE rx
[xApp]: Successfully subscribed to RAN_FUNC_ID 142 
305 ms [UE 30040] UL Throughput = 0.01985 Mbps
305 ms [UE 42234] UL Throughput = 0.04889 Mbps
306 ms [UE 30040] UL Throughput = 0.0 Mbps
306 ms [UE 42234] UL Throughput = 0.0 Mbps
311 ms [UE 30040] UL Throughput = 0.0 Mbps
311 ms [UE 42234] UL Throughput = 0.0 Mbps
411 ms [UE 30040] UL Throughput = 0.0 Mbps
411 ms [UE 42234] UL Throughput = 0.0 Mbps
484 ms [UE 30040] UL Throughput = 0.02453 Mbps
484 ms [UE 42234] UL Throughput = 0.09059 Mbps
593 ms [UE 30040] UL Throughput = 0.0 Mbps
593 ms [UE 42234] UL Throughput = 0.01623 Mbps
696 ms [UE 42234] UL Throughput = 0.07708 Mbps
809 ms [UE 30040] UL Throughput = 0.0 Mbps
809 ms [UE 42234] UL Throughput = 0.09328 Mbps
810 ms [UE 30040] UL Throughput = 0.0 Mbps
810 ms [UE 42234] UL Throughput = 0.07939 Mbps
887 ms [UE 30040] UL Throughput = 0.04402 Mbps
887 ms [UE 42234] UL Throughput = 0.05846 Mbps
890 ms [UE 30040] UL Throughput = 0.07109 Mbps
890 ms [UE 42234] UL Throughput = 0.04837 Mbps
991 ms [UE 30040] UL Throughput = 0.0 Mbps
991 ms [UE 42234] UL Throughput = 0.03843 Mbps
1079 ms [UE 30040] UL Throughput = 0.0 Mbps
1079 ms [UE 42234] UL Throughput = 0.03118 Mbps
1184 ms [UE 30040] UL Throughput = 0.01988 Mbps
1184 ms [UE 42234] UL Throughput = 0.0 Mbps
1185 ms [UE 30040] UL Throughput = 0.0 Mbps
1185 ms [UE 42234] UL Throughput = 0.05252 Mbps
1296 ms [UE 30040] UL Throughput = 0.0 Mbps
1296 ms [UE 42234] UL Throughput = 0.0 Mbps
1409 ms [UE 30040] UL Throughput = 0.0 Mbps
1518 ms [UE 30040] UL Throughput = 0.0 Mbps
1518 ms [UE 42234] UL Throughput = 0.03312 Mbps
1615 ms [UE 30040] UL Throughput = 0.10243 Mbps
1615 ms [UE 42234] UL Throughput = 0.06756 Mbps
1743 ms [UE 42234] UL Throughput = 0.09111 Mbps
1746 ms [UE 30040] UL Throughput = 0.02446 Mbps
1746 ms [UE 42234] UL Throughput = 0.0 Mbps
1849 ms [UE 30040] UL Throughput = 0.05738 Mbps
1849 ms [UE 42234] UL Throughput = 0.0 Mbps
1850 ms [UE 30040] UL Throughput = 0.0316 Mbps
1850 ms [UE 42234] UL Throughput = 0.03481 Mbps
1941 ms [UE 30040] UL Throughput = 0.04224 Mbps
1941 ms [UE 42234] UL Throughput = 0.0938 Mbps
1946 ms [UE 30040] UL Throughput = 0.02582 Mbps
1946 ms [UE 42234] UL Throughput = 0.0 Mbps
1952 ms [UE 30040] UL Throughput = 0.0 Mbps
1952 ms [UE 42234] UL Throughput = 0.08889 Mbps
2058 ms [UE 30040] UL Throughput = 0.0 Mbps
2058 ms [UE 42234] UL Throughput = 0.0 Mbps
2186 ms [UE 30040] UL Throughput = 0.0 Mbps
2186 ms [UE 42234] UL Throughput = 0.0 Mbps
2293 ms [UE 30040] UL Throughput = 0.0 Mbps
2400 ms [UE 30040] UL Throughput = 0.04159 Mbps
2400 ms [UE 42234] UL Throughput = 0.05075 Mbps
2478 ms [UE 30040] UL Throughput = 0.0 Mbps
2484 ms [UE 30040] UL Throughput = 0.03616 Mbps
2484 ms [UE 42234] UL Throughput = 0.0662 Mbps
2487 ms [UE 42234] UL Throughput = 0.0 Mbps
2578 ms [UE 30040] UL Throughput = 0.0 Mbps
2578 ms [UE 42234] UL Throughput = 0.01899 Mbps
2688 ms [UE 30040] UL Throughput = 0.0 Mbps
2688 ms [UE 42234] UL Throughput = 0.0 Mbps
2789 ms [UE 30040] UL Throughput = 0.0 Mbps
2789 ms [UE 42234] UL Throughput = 0.0 Mbps
2879 ms [UE 30040] UL Throughput = 0.0 Mbps
2882 ms [UE 30040] UL Throughput = 0.0 Mbps
2886 ms [UE 42234] UL Throughput = 0.03023 Mbps
2978 ms [UE 30040] UL Throughput = 0.0 Mbps
2978 ms [UE 42234] UL Throughput = 0.04024 Mbps
3117 ms [UE 30040] UL Throughput = 0.0 Mbps
3117 ms [UE 42234] UL Throughput = 0.04791 Mbps
3233 ms [UE 30040] UL Throughput = 0.04022 Mbps
3233 ms [UE 42234] UL Throughput = 0.04203 Mbps
3335 ms [UE 30040] UL Throughput = 0.0 Mbps
3335 ms [UE 42234] UL Throughput = 0.07418 Mbps
3405 ms [UE 30040] UL Throughput = 0.09184 Mbps
3405 ms [UE 42234] UL Throughput = 0.0 Mbps
3515 ms [UE 30040] UL Throughput = 0.0 Mbps
3627 ms [UE 30040] UL Throughput = 0.07475 Mbps
3627 ms [UE 42234] UL Throughput = 0.09362 Mbps
3711 ms [UE 30040] UL Throughput = 0.0 Mbps
3711 ms [UE 42234] UL Throughput = 0.0 Mbps
3842 ms [UE 30040] UL Throughput = 0.0 Mbps
3842 ms [UE 42234] UL Throughput = 0.07979 Mbps
3958 ms [UE 30040] UL Throughput = 0.03519 Mbps
3958 ms [UE 42234] UL Throughput = 0.0 Mbps
4055 ms [UE 30040] UL Throughput = 0.0 Mbps
4055 ms [UE 42234] UL Throughput = 0.07509 Mbps
4134 ms [UE 30040] UL Throughput = 0.0 Mbps
4134 ms [UE 42234] UL Throughput = 0.1096 Mbps
4242 ms [UE 30040] UL Throughput = 0.02614 Mbps
4242 ms [UE 42234] UL Throughput = 0.0 Mbps
4317 ms [UE 30040] UL Throughput = 0.0 Mbps
4317 ms [UE 42234] UL Throughput = 0.0 Mbps
4323 ms [UE 30040] UL Throughput = 0.0 Mbps
4323 ms [UE 42234] UL Throughput = 0.08399 Mbps
4327 ms [UE 30040] UL Throughput = 0.01201 Mbps
4327 ms [UE 42234] UL Throughput = 0.0 Mbps
4332 ms [UE 30040] UL Throughput = 0.0 Mbps
4332 ms [UE 42234] UL Throughput = 0.088 Mbps
4410 ms [UE 42234] UL Throughput = 0.0 Mbps
4527 ms [UE 42234] UL Throughput = 0.0 Mbps
4531 ms [UE 30040] UL Throughput = 0.0 Mbps
4531 ms [UE 42234] UL Throughput = 0.02263 Mbps
4533 ms [UE 30040] UL Throughput = 0.06784 Mbps
4533 ms [UE 42234] UL Throughput = 0.09957 Mbps
4626 ms [UE 30040] UL Throughput = 0.06009 Mbps
4626 ms [UE 42234] UL Throughput = 0.10359 Mbps
4733 ms [UE 42234] UL Throughput = 0.05464 Mbps
4836 ms [UE 30040] UL Throughput = 0.16899 Mbps
4836 ms [UE 42234] UL Throughput = 0.05077 Mbps
4978 ms [UE 30040] UL Throughput = 0.0 Mbps
4978 ms [UE 42234] UL Throughput = 0.01479 Mbps
5087 ms [UE 30040] UL Throughput = 0.0 Mbps
5087 ms [UE 42234] UL Throughput = 0.06586 Mbps
5175 ms [UE 30040] UL Throughput = 0.06376 Mbps
5175 ms [UE 42234] UL Throughput = 0.05108 Mbps
5177 ms [UE 30040] UL Throughput = 0.01916 Mbps
5177 ms [UE 42234] UL Throughput = 0.0 Mbps
5233 ms [UE 30040] UL Throughput = 0.01876 Mbps
5233 ms [UE 42234] UL Throughput = 0.01548 Mbps
5235 ms [UE 30040] UL Throughput = 0.09094 Mbps
5235 ms [UE 42234] UL Throughput = 0.0 Mbps
5339 ms [UE 30040] UL Throughput = 0.03802 Mbps
5432 ms [UE 30040] UL Throughput = 0.04695 Mbps
5432 ms [UE 42234] UL Throughput = 0.0 Mbps
5547 ms [UE 30040] UL Throughput = 0.0 Mbps
5547 ms [UE 42234] UL Throughput = 0.0 Mbps
5552 ms [UE 30040] UL Throughput = 0.0 Mbps
5552 ms [UE 42234] UL Throughput = 0.03957 Mbps
5661 ms [UE 30040] UL Throughput = 0.0 Mbps
5661 ms [UE 42234] UL Throughput = 0.0 Mbps
5751 ms [UE 30040] UL Throughput = 0.1564 Mbps
5751 ms [UE 42234] UL Throughput = 0.08005 Mbps
5876 ms [UE 30040] UL Throughput = 0.12385 Mbps
5876 ms [UE 42234] UL Throughput = 0.0 Mbps
5975 ms [UE 30040] UL Throughput = 0.02116 Mbps
5981 ms [UE 30040] UL Throughput = 0.0 Mbps
5981 ms [UE 42234] UL Throughput = 0.0 Mbps
6087 ms [UE 30040] UL Throughput = 0.0 Mbps
6087 ms [UE 42234] UL Throughput = 0.08412 Mbps
6190 ms [UE 30040] UL Throughput = 0.0 Mbps
6190 ms [UE 42234] UL Throughput = 0.0 Mbps
6317 ms [UE 30040] UL Throughput = 0.0 Mbps
6403 ms [UE 42234] UL Throughput = 0.0 Mbps
6505 ms [UE 30040] UL Throughput = 0.0 Mbps
6505 ms [UE 42234] UL Throughput = 0.01803 Mbps
6608 ms [UE 30040] UL Throughput = 0.01925 Mbps
6608 ms [UE 42234] UL Throughput = 0.0 Mbps
6714 ms [UE 30040] UL Throughput = 0.04057 Mbps
6714 ms [UE 42234] UL Throughput = 0.0 Mbps
6817 ms [UE 30040] UL Throughput = 0.0 Mbps
6817 ms [UE 42234] UL Throughput = 0.0 Mbps
6820 ms [UE 30040] UL Throughput = 0.0 Mbps
6820 ms [UE 42234] UL Throughput = 0.01113 Mbps
6823 ms [UE 42234] UL Throughput = 0.03581 Mbps
6825 ms [UE 30040] UL Throughput = 0.01896 Mbps
6825 ms [UE 42234] UL Throughput = 0.0 Mbps
6939 ms [UE 30040] UL Throughput = 0.0 Mbps
6939 ms [UE 42234] UL Throughput = 0.0 Mbps
7018 ms [UE 30040] UL Throughput = 0.0 Mbps
7018 ms [UE 42234] UL Throughput = 0.04884 Mbps
7109 ms [UE 30040] UL Throughput = 0.07351 Mbps
7109 ms [UE 42234] UL Throughput = 0.05578 Mbps
7226 ms [UE 30040] UL Throughput = 0.02705 Mbps
7226 ms [UE 42234] UL Throughput = 0.01603 Mbps
7322 ms [UE 42234] UL Throughput = 0.0 Mbps
7431 ms [UE 30040] UL Throughput = 0.0 Mbps
7431 ms [UE 42234] UL Throughput = 0.0 Mbps
7539 ms [UE 30040] UL Throughput = 0.06659 Mbps
7539 ms [UE 42234] UL Throughput = 0.0353 Mbps
7637 ms [UE 30040] UL Throughput = 0.01869 Mbps
7637 ms [UE 42234] UL Throughput = 0.01887 Mbps
7761 ms [UE 30040] UL Throughput = 0.05827 Mbps
7761 ms [UE 42234] UL Throughput = 0.0 Mbps
7878 ms [UE 30040] UL Throughput = 0.09783 Mbps
7878 ms [UE 42234] UL Throughput = 0.02346 Mbps
7980 ms [UE 30040] UL Throughput = 0.01294 Mbps
7980 ms [UE 42234] UL Throughput = 0.0 Mbps
7984 ms [UE 30040] UL Throughput = 0.0 Mbps
7984 ms [UE 42234] UL Throughput = 0.0 Mbps
8082 ms [UE 30040] UL Throughput = 0.09705 Mbps
8082 ms [UE 42234] UL Throughput = 0.04951 Mbps
8188 ms [UE 30040] UL Throughput = 0.03057 Mbps
8261 ms [UE 42234] UL Throughput = 0.0918 Mbps
8345 ms [UE 30040] UL Throughput = 0.0 Mbps
8345 ms [UE 42234] UL Throughput = 0.03411 Mbps
8466 ms [UE 30040] UL Throughput = 0.08342 Mbps
8466 ms [UE 42234] UL Throughput = 0.0 Mbps
8554 ms [UE 30040] UL Throughput = 0.0 Mbps
8554 ms [UE 42234] UL Throughput = 0.09193 Mbps
8651 ms [UE 30040] UL Throughput = 0.0 Mbps
8651 ms [UE 42234] UL Throughput = 0.0 Mbps
8653 ms [UE 30040] UL Throughput = 0.0 Mbps
8653 ms [UE 42234] UL Throughput = 0.08939 Mbps
8655 ms [UE 30040] UL Throughput = 0.0 Mbps
8655 ms [UE 42234] UL Throughput = 0.0 Mbps
8658 ms [UE 30040] UL Throughput = 0.07227 Mbps
8658 ms [UE 42234] UL Throughput = 0.0 Mbps
8752 ms [UE 30040] UL Throughput = 0.0 Mbps
8752 ms [UE 42234] UL Throughput = 0.0 Mbps
8842 ms [UE 30040] UL Throughput = 0.0 Mbps
8842 ms [UE 42234] UL Throughput = 0.0 Mbps
8944 ms [UE 30040] UL Throughput = 0.07988 Mbps
8944 ms [UE 42234] UL Throughput = 0.06468 Mbps
9049 ms [UE 30040] UL Throughput = 0.09578 Mbps
9049 ms [UE 42234] UL Throughput = 0.0 Mbps
9138 ms [UE 30040] UL Throughput = 0.0638 Mbps
9138 ms [UE 42234] UL Throughput = 0.04316 Mbps
9208 ms [UE 30040] UL Throughput = 0.06557 Mbps
9208 ms [UE 42234] UL Throughput = 0.0 Mbps
9317 ms [UE 30040] UL Throughput = 0.0 Mbps
9317 ms [UE 42234] UL Throughput = 0.14268 Mbps
9405 ms [UE 30040] UL Throughput = 0.0 Mbps
9405 ms [UE 42234] UL Throughput = 0.0 Mbps
9518 ms [UE 30040] UL Throughput = 0.0 Mbps
9620 ms [UE 30040] UL Throughput = 0.06151 Mbps
9716 ms [UE 30040] UL Throughput = 0.01431 Mbps
9716 ms [UE 42234] UL Throughput = 0.0 Mbps
9791 ms [UE 30040] UL Throughput = 0.08761 Mbps
9791 ms [UE 42234] UL Throughput = 0.0 Mbps
9858 ms [UE 30040] UL Throughput = 0.01785 Mbps
9858 ms [UE 42234] UL Throughput = 0.06155 Mbps
9956 ms [UE 30040] UL Throughput = 0.0 Mbps
10080 ms [UE 30040] UL Throughput = 0.0 Mbps
10080 ms [UE 42234] UL Throughput = 0.15667 Mbps
10175 ms [UE 30040] UL Throughput = 0.0 Mbps
10175 ms [UE 42234] UL Throughput = 0.053 Mbps
10296 ms [UE 30040] UL Throughput = 0.0 Mbps
10296 ms [UE 42234] UL Throughput = 0.05483 Mbps
10384 ms [UE 30040] UL Throughput = 0.0 Mbps
10498 ms [UE 30040] UL Throughput = 0.02981 Mbps
10604 ms [UE 30040] UL Throughput = 0.03739 Mbps
10604 ms [UE 42234] UL Throughput = 0.0 Mbps
10703 ms [UE 30040] UL Throughput = 0.0 Mbps
10703 ms [UE 42234] UL Throughput = 0.06016 Mbps
10802 ms [UE 30040] UL Throughput = 0.0 Mbps
10802 ms [UE 42234] UL Throughput = 0.09851 Mbps
10805 ms [UE 30040] UL Throughput = 0.0 Mbps
10805 ms [UE 42234] UL Throughput = 0.07322 Mbps
10810 ms [UE 30040] UL Throughput = 0.03182 Mbps
10810 ms [UE 42234] UL Throughput = 0.08619 Mbps
10903 ms [UE 30040] UL Throughput = 0.0 Mbps
10903 ms [UE 42234] UL Throughput = 0.0 Mbps
10908 ms [UE 30040] UL Throughput = 0.02493 Mbps
10908 ms [UE 42234] UL Throughput = 0.0 Mbps
10913 ms [UE 30040] UL Throughput = 0.0 Mbps
10913 ms [UE 42234] UL Throughput = 0.01326 Mbps
11006 ms [UE 42234] UL Throughput = 0.0 Mbps
11009 ms [UE 30040] UL Throughput = 0.05987 Mbps
11009 ms [UE 42234] UL Throughput = 0.01447 Mbps
11114 ms [UE 30040] UL Throughput = 0.0 Mbps
11114 ms [UE 42234] UL Throughput = 0.0914 Mbps
11225 ms [UE 42234] UL Throughput = 0.04344 Mbps
11322 ms [UE 30040] UL Throughput = 0.12383 Mbps
11422 ms [UE 30040] UL Throughput = 0.0 Mbps
11422 ms [UE 42234] UL Throughput = 0.0 Mbps
11510 ms [UE 30040] UL Throughput = 0.04348 Mbps
11510 ms [UE 42234] UL Throughput = 0.04772 Mbps
11609 ms [UE 30040] UL Throughput = 0.0 Mbps
11609 ms [UE 42234] UL Throughput = 0.0 Mbps
11610 ms [UE 30040] UL Throughput = 0.0 Mbps
11610 ms [UE 42234] UL Throughput = 0.08512 Mbps
11705 ms [UE 30040] UL Throughput = 0.0 Mbps
11705 ms [UE 42234] UL Throughput = 0.0 Mbps
11711 ms [UE 30040] UL Throughput = 0.0 Mbps
11711 ms [UE 42234] UL Throughput = 0.06731 Mbps
11803 ms [UE 30040] UL Throughput = 0.06633 Mbps
11803 ms [UE 42234] UL Throughput = 0.0 Mbps
11925 ms [UE 30040] UL Throughput = 0.10492 Mbps
11925 ms [UE 42234] UL Throughput = 0.08933 Mbps
12033 ms [UE 30040] UL Throughput = 0.03118 Mbps
12033 ms [UE 42234] UL Throughput = 0.03004 Mbps
12124 ms [UE 30040] UL Throughput = 0.0 Mbps
12124 ms [UE 42234] UL Throughput = 0.0 Mbps
12230 ms [UE 30040] UL Throughput = 0.01056 Mbps
12230 ms [UE 42234] UL Throughput = 0.07358 Mbps
12334 ms [UE 30040] UL Throughput = 0.07986 Mbps
12438 ms [UE 30040] UL Throughput = 0.07241 Mbps
12438 ms [UE 42234] UL Throughput = 0.0 Mbps
12530 ms [UE 30040] UL Throughput = 0.0 Mbps
12635 ms [UE 30040] UL Throughput = 0.01335 Mbps
12635 ms [UE 42234] UL Throughput = 0.0 Mbps
12714 ms [UE 30040] UL Throughput = 0.0 Mbps
12714 ms [UE 42234] UL Throughput = 0.0 Mbps
12830 ms [UE 30040] UL Throughput = 0.0 Mbps
12830 ms [UE 42234] UL Throughput = 0.11375 Mbps
12835 ms [UE 30040] UL Throughput = 0.0 Mbps
12835 ms [UE 42234] UL Throughput = 0.08428 Mbps
12950 ms [UE 30040] UL Throughput = 0.06458 Mbps
12950 ms [UE 42234] UL Throughput = 0.0 Mbps
13065 ms [UE 30040] UL Throughput = 0.0 Mbps
13065 ms [UE 42234] UL Throughput = 0.06492 Mbps
13156 ms [UE 30040] UL Throughput = 0.08243 Mbps
13156 ms [UE 42234] UL Throughput = 0.07457 Mbps
13255 ms [UE 30040] UL Throughput = 0.10625 Mbps
13255 ms [UE 42234] UL Throughput = 0.03808 Mbps
13347 ms [UE 30040] UL Throughput = 0.09213 Mbps
13347 ms [UE 42234] UL Throughput = 0.0999 Mbps
13446 ms [UE 30040] UL Throughput = 0.08936 Mbps
13446 ms [UE 42234] UL Throughput = 0.03543 Mbps
13566 ms [UE 30040] UL Throughput = 0.07263 Mbps
13566 ms [UE 42234] UL Throughput = 0.0 Mbps
13567 ms [UE 30040] UL Throughput = 0.09698 Mbps
13567 ms [UE 42234] UL Throughput = 0.05713 Mbps
13644 ms [UE 30040] UL Throughput = 0.0 Mbps
13644 ms [UE 42234] UL Throughput = 0.0 Mbps
13646 ms [UE 30040] UL Throughput = 0.0 Mbps
13646 ms [UE 42234] UL Throughput = 0.04877 Mbps
13741 ms [UE 30040] UL Throughput = 0.0 Mbps
13741 ms [UE 42234] UL Throughput = 0.0 Mbps
13839 ms [UE 30040] UL Throughput = 0.06339 Mbps
13839 ms [UE 42234] UL Throughput = 0.05328 Mbps
13943 ms [UE 30040] UL Throughput = 0.0 Mbps
13943 ms [UE 42234] UL Throughput = 0.05112 Mbps
14036 ms [UE 30040] UL Throughput = 0.0 Mbps
14036 ms [UE 42234] UL Throughput = 0.0 Mbps
14041 ms [UE 30040] UL Throughput = 0.021 Mbps
14041 ms [UE 42234] UL Throughput = 0.0773 Mbps
14125 ms [UE 30040] UL Throughput = 0.0 Mbps
14125 ms [UE 42234] UL Throughput = 0.0 Mbps
14130 ms [UE 42234] UL Throughput = 0.0 Mbps
14131 ms [UE 42234] UL Throughput = 0.02586 Mbps
14132 ms [UE 30040] UL Throughput = 0.0 Mbps
14132 ms [UE 42234] UL Throughput = 0.0 Mbps
14245 ms [UE 30040] UL Throughput = 0.0 Mbps
14245 ms [UE 42234] UL Throughput = 0.08881 Mbps
14352 ms [UE 30040] UL Throughput = 0.0848 Mbps
14352 ms [UE 42234] UL Throughput = 0.06584 Mbps
14435 ms [UE 30040] UL Throughput = 0.07395 Mbps
14435 ms [UE 42234] UL Throughput = 0.02532 Mbps
14438 ms [UE 42234] UL Throughput = 0.0 Mbps
14531 ms [UE 30040] UL Throughput = 0.0 Mbps
14531 ms [UE 42234] UL Throughput = 0.0 Mbps
14635 ms [UE 30040] UL Throughput = 0.0 Mbps
14636 ms [UE 42234] UL Throughput = 0.08293 Mbps
14639 ms [UE 30040] UL Throughput = 0.0 Mbps
14639 ms [UE 42234] UL Throughput = 0.07909 Mbps
14642 ms [UE 30040] UL Throughput = 0.01335 Mbps
14642 ms [UE 42234] UL Throughput = 0.0 Mbps
14730 ms [UE 30040] UL Throughput = 0.0 Mbps
14730 ms [UE 42234] UL Throughput = 0.0 Mbps
14834 ms [UE 30040] UL Throughput = 0.05983 Mbps
14834 ms [UE 42234] UL Throughput = 0.09883 Mbps
14948 ms [UE 30040] UL Throughput = 0.09842 Mbps
14948 ms [UE 42234] UL Throughput = 0.0648 Mbps
15041 ms [UE 30040] UL Throughput = 0.03595 Mbps
15041 ms [UE 42234] UL Throughput = 0.07402 Mbps
15136 ms [UE 30040] UL Throughput = 0.0 Mbps
15136 ms [UE 42234] UL Throughput = 0.11888 Mbps
15230 ms [UE 30040] UL Throughput = 0.08091 Mbps
15324 ms [UE 30040] UL Throughput = 0.0388 Mbps
15324 ms [UE 42234] UL Throughput = 0.0 Mbps
15428 ms [UE 30040] UL Throughput = 0.04938 Mbps
15428 ms [UE 42234] UL Throughput = 0.0 Mbps
15507 ms [UE 30040] UL Throughput = 0.07676 Mbps
15507 ms [UE 42234] UL Throughput = 0.0 Mbps
15509 ms [UE 30040] UL Throughput = 0.04805 Mbps
15509 ms [UE 42234] UL Throughput = 0.01153 Mbps
15597 ms [UE 30040] UL Throughput = 0.0 Mbps
15597 ms [UE 42234] UL Throughput = 0.08357 Mbps
15707 ms [UE 30040] UL Throughput = 0.0 Mbps
15707 ms [UE 42234] UL Throughput = 0.0 Mbps
15811 ms [UE 30040] UL Throughput = 0.0 Mbps
15811 ms [UE 42234] UL Throughput = 0.08465 Mbps
15930 ms [UE 30040] UL Throughput = 0.07723 Mbps
15930 ms [UE 42234] UL Throughput = 0.0 Mbps
15933 ms [UE 30040] UL Throughput = 0.0 Mbps
15933 ms [UE 42234] UL Throughput = 0.0 Mbps
15938 ms [UE 30040] UL Throughput = 0.0 Mbps
15938 ms [UE 42234] UL Throughput = 0.09987 Mbps
16051 ms [UE 30040] UL Throughput = 0.0 Mbps
16051 ms [UE 42234] UL Throughput = 0.0 Mbps
16152 ms [UE 30040] UL Throughput = 0.0 Mbps
16152 ms [UE 42234] UL Throughput = 0.06411 Mbps
16251 ms [UE 30040] UL Throughput = 0.0 Mbps
16251 ms [UE 42234] UL Throughput = 0.0 Mbps
16342 ms [UE 30040] UL Throughput = 0.0 Mbps
16342 ms [UE 42234] UL Throughput = 0.05289 Mbps
16468 ms [UE 30040] UL Throughput = 0.0 Mbps
16468 ms [UE 42234] UL Throughput = 0.04636 Mbps
16552 ms [UE 30040] UL Throughput = 0.0 Mbps
16558 ms [UE 30040] UL Throughput = 0.0 Mbps
16558 ms [UE 42234] UL Throughput = 0.08799 Mbps
16561 ms [UE 30040] UL Throughput = 0.08185 Mbps
16561 ms [UE 42234] UL Throughput = 0.0 Mbps
16666 ms [UE 30040] UL Throughput = 0.0 Mbps
16666 ms [UE 42234] UL Throughput = 0.0 Mbps
16784 ms [UE 30040] UL Throughput = 0.0 Mbps
16784 ms [UE 42234] UL Throughput = 0.0 Mbps
16900 ms [UE 30040] UL Throughput = 0.05708 Mbps
16900 ms [UE 42234] UL Throughput = 0.0182 Mbps
16905 ms [UE 30040] UL Throughput = 0.07941 Mbps
16905 ms [UE 42234] UL Throughput = 0.09096 Mbps
17023 ms [UE 30040] UL Throughput = 0.0 Mbps
17023 ms [UE 42234] UL Throughput = 0.0 Mbps
17024 ms [UE 30040] UL Throughput = 0.01861 Mbps
17090 ms [UE 30040] UL Throughput = 0.0618 Mbps
17090 ms [UE 42234] UL Throughput = 0.0 Mbps
17185 ms [UE 42234] UL Throughput = 0.0 Mbps
17297 ms [UE 30040] UL Throughput = 0.0 Mbps
17297 ms [UE 42234] UL Throughput = 0.0 Mbps
17302 ms [UE 30040] UL Throughput = 0.0 Mbps
17302 ms [UE 42234] UL Throughput = 0.02368 Mbps
17400 ms [UE 30040] UL Throughput = 0.0 Mbps
17400 ms [UE 42234] UL Throughput = 0.06113 Mbps
17522 ms [UE 30040] UL Throughput = 0.0 Mbps
17522 ms [UE 42234] UL Throughput = 0.0 Mbps
17617 ms [UE 30040] UL Throughput = 0.0 Mbps
17617 ms [UE 42234] UL Throughput = 0.0 Mbps
17700 ms [UE 30040] UL Throughput = 0.05871 Mbps
17700 ms [UE 42234] UL Throughput = 0.06252 Mbps
17796 ms [UE 30040] UL Throughput = 0.0 Mbps
17796 ms [UE 42234] UL Throughput = 0.0 Mbps
17867 ms [UE 42234] UL Throughput = 0.04863 Mbps
17868 ms [UE 30040] UL Throughput = 0.07519 Mbps
17873 ms [UE 30040] UL Throughput = 0.0829 Mbps
17873 ms [UE 42234] UL Throughput = 0.07564 Mbps
17876 ms [UE 30040] UL Throughput = 0.09511 Mbps
17876 ms [UE 42234] UL Throughput = 0.06479 Mbps
17877 ms [UE 30040] UL Throughput = 0.0 Mbps
17877 ms [UE 42234] UL Throughput = 0.03679 Mbps
17880 ms [UE 30040] UL Throughput = 0.0 Mbps
17975 ms [UE 30040] UL Throughput = 0.05824 Mbps
17975 ms [UE 42234] UL Throughput = 0.07442 Mbps
18063 ms [UE 30040] UL Throughput = 0.02134 Mbps
18063 ms [UE 42234] UL Throughput = 0.03442 Mbps
18143 ms [UE 30040] UL Throughput = 0.0 Mbps
18143 ms [UE 42234] UL Throughput = 0.0 Mbps
18221 ms [UE 30040] UL Throughput = 0.0 Mbps
18221 ms [UE 42234] UL Throughput = 0.0 Mbps
18330 ms [UE 30040] UL Throughput = 0.0875 Mbps
18330 ms [UE 42234] UL Throughput = 0.08155 Mbps
18412 ms [UE 30040] UL Throughput = 0.01505 Mbps
18412 ms [UE 42234] UL Throughput = 0.0 Mbps
18513 ms [UE 30040] UL Throughput = 0.0 Mbps
18513 ms [UE 42234] UL Throughput = 0.07387 Mbps
18628 ms [UE 30040] UL Throughput = 0.02497 Mbps
18716 ms [UE 42234] UL Throughput = 0.0 Mbps
18839 ms [UE 30040] UL Throughput = 0.0 Mbps
18839 ms [UE 42234] UL Throughput = 0.03364 Mbps
18952 ms [UE 30040] UL Throughput = 0.02031 Mbps
18952 ms [UE 42234] UL Throughput = 0.01267 Mbps
19034 ms [UE 30040] UL Throughput = 0.0 Mbps
19034 ms [UE 42234] UL Throughput = 0.0 Mbps
19038 ms [UE 30040] UL Throughput = 0.0 Mbps
19038 ms [UE 42234] UL Throughput = 0.09559 Mbps
19131 ms [UE 30040] UL Throughput = 0.06474 Mbps
19131 ms [UE 42234] UL Throughput = 0.03017 Mbps
19134 ms [UE 30040] UL Throughput = 0.0 Mbps
19134 ms [UE 42234] UL Throughput = 0.07097 Mbps
19248 ms [UE 30040] UL Throughput = 0.09521 Mbps
19248 ms [UE 42234] UL Throughput = 0.0 Mbps
19342 ms [UE 30040] UL Throughput = 0.09587 Mbps
19342 ms [UE 42234] UL Throughput = 0.02208 Mbps
19469 ms [UE 30040] UL Throughput = 0.0 Mbps
19469 ms [UE 42234] UL Throughput = 0.0 Mbps
19557 ms [UE 30040] UL Throughput = 0.0 Mbps
19557 ms [UE 42234] UL Throughput = 0.0 Mbps
19663 ms [UE 30040] UL Throughput = 0.0 Mbps
19663 ms [UE 42234] UL Throughput = 0.0 Mbps
19742 ms [UE 30040] UL Throughput = 0.05385 Mbps
19742 ms [UE 42234] UL Throughput = 0.0 Mbps
19837 ms [UE 30040] UL Throughput = 0.0 Mbps
19837 ms [UE 42234] UL Throughput = 0.05433 Mbps
19936 ms [UE 30040] UL Throughput = 0.06016 Mbps
19936 ms [UE 42234] UL Throughput = 0.08894 Mbps
20036 ms [UE 42234] UL Throughput = 0.05899 Mbps
20143 ms [UE 42234] UL Throughput = 0.01072 Mbps
20218 ms [UE 30040] UL Throughput = 0.03802 Mbps
20218 ms [UE 42234] UL Throughput = 0.03975 Mbps
20351 ms [UE 30040] UL Throughput = 0.06545 Mbps
20351 ms [UE 42234] UL Throughput = 0.04206 Mbps
20354 ms [UE 30040] UL Throughput = 0.0 Mbps
20354 ms [UE 42234] UL Throughput = 0.0 Mbps
20446 ms [UE 30040] UL Throughput = 0.0 Mbps
20446 ms [UE 42234] UL Throughput = 0.08326 Mbps
20561 ms [UE 30040] UL Throughput = 0.02849 Mbps
20659 ms [UE 30040] UL Throughput = 0.0 Mbps
20659 ms [UE 42234] UL Throughput = 0.04333 Mbps
20770 ms [UE 30040] UL Throughput = 0.0495 Mbps
20770 ms [UE 42234] UL Throughput = 0.01258 Mbps
20858 ms [UE 30040] UL Throughput = 0.0492 Mbps
20858 ms [UE 42234] UL Throughput = 0.0 Mbps
20974 ms [UE 30040] UL Throughput = 0.08291 Mbps
20974 ms [UE 42234] UL Throughput = 0.0 Mbps
21068 ms [UE 30040] UL Throughput = 0.02044 Mbps
21068 ms [UE 42234] UL Throughput = 0.0 Mbps
21192 ms [UE 30040] UL Throughput = 0.0927 Mbps
21192 ms [UE 42234] UL Throughput = 0.0 Mbps
21286 ms [UE 30040] UL Throughput = 0.0 Mbps
21286 ms [UE 42234] UL Throughput = 0.01036 Mbps
21291 ms [UE 30040] UL Throughput = 0.02882 Mbps
21393 ms [UE 30040] UL Throughput = 0.10139 Mbps
21393 ms [UE 42234] UL Throughput = 0.0 Mbps
21496 ms [UE 30040] UL Throughput = 0.0493 Mbps
21496 ms [UE 42234] UL Throughput = 0.0 Mbps
21585 ms [UE 30040] UL Throughput = 0.07461 Mbps
21585 ms [UE 42234] UL Throughput = 0.0 Mbps
21590 ms [UE 30040] UL Throughput = 0.06393 Mbps
21590 ms [UE 42234] UL Throughput = 0.06036 Mbps
21666 ms [UE 30040] UL Throughput = 0.0 Mbps
21671 ms [UE 42234] UL Throughput = 0.0 Mbps
21780 ms [UE 30040] UL Throughput = 0.02724 Mbps
21780 ms [UE 42234] UL Throughput = 0.0 Mbps
21782 ms [UE 42234] UL Throughput = 0.0 Mbps
21879 ms [UE 30040] UL Throughput = 0.0 Mbps
21879 ms [UE 42234] UL Throughput = 0.05247 Mbps
21882 ms [UE 30040] UL Throughput = 0.0 Mbps
21986 ms [UE 30040] UL Throughput = 0.0 Mbps
21986 ms [UE 42234] UL Throughput = 0.0 Mbps
22108 ms [UE 30040] UL Throughput = 0.0923 Mbps
22108 ms [UE 42234] UL Throughput = 0.0 Mbps
22199 ms [UE 42234] UL Throughput = 0.04925 Mbps
22284 ms [UE 30040] UL Throughput = 0.0 Mbps
22284 ms [UE 42234] UL Throughput = 0.0 Mbps
22389 ms [UE 30040] UL Throughput = 0.08518 Mbps
22389 ms [UE 42234] UL Throughput = 0.05077 Mbps
22504 ms [UE 30040] UL Throughput = 0.04188 Mbps
22504 ms [UE 42234] UL Throughput = 0.0 Mbps
22624 ms [UE 30040] UL Throughput = 0.08394 Mbps
22624 ms [UE 42234] UL Throughput = 0.04673 Mbps
22628 ms [UE 30040] UL Throughput = 0.0 Mbps
22628 ms [UE 42234] UL Throughput = 0.0 Mbps
22629 ms [UE 30040] UL Throughput = 0.08635 Mbps
22629 ms [UE 42234] UL Throughput = 0.09374 Mbps
22727 ms [UE 30040] UL Throughput = 0.0 Mbps
22727 ms [UE 42234] UL Throughput = 0.08979 Mbps
22837 ms [UE 30040] UL Throughput = 0.08861 Mbps
22837 ms [UE 42234] UL Throughput = 0.07125 Mbps
22938 ms [UE 30040] UL Throughput = 0.03547 Mbps
23036 ms [UE 30040] UL Throughput = 0.0 Mbps
23036 ms [UE 42234] UL Throughput = 0.06998 Mbps
23037 ms [UE 30040] UL Throughput = 0.06641 Mbps
23037 ms [UE 42234] UL Throughput = 0.0 Mbps
23042 ms [UE 42234] UL Throughput = 0.07184 Mbps
23139 ms [UE 30040] UL Throughput = 0.0 Mbps
23225 ms [UE 30040] UL Throughput = 0.0432 Mbps
23225 ms [UE 42234] UL Throughput = 0.08271 Mbps
23283 ms [UE 30040] UL Throughput = 0.05245 Mbps
23283 ms [UE 42234] UL Throughput = 0.0 Mbps
23371 ms [UE 30040] UL Throughput = 0.0 Mbps
23371 ms [UE 42234] UL Throughput = 0.0 Mbps
23454 ms [UE 42234] UL Throughput = 0.03384 Mbps
23528 ms [UE 30040] UL Throughput = 0.0 Mbps
23643 ms [UE 30040] UL Throughput = 0.0 Mbps
23643 ms [UE 42234] UL Throughput = 0.0 Mbps
23737 ms [UE 30040] UL Throughput = 0.0 Mbps
23737 ms [UE 42234] UL Throughput = 0.0 Mbps
23815 ms [UE 30040] UL Throughput = 0.0 Mbps
23815 ms [UE 42234] UL Throughput = 0.0283 Mbps
23896 ms [UE 30040] UL Throughput = 0.07256 Mbps
23896 ms [UE 42234] UL Throughput = 0.0 Mbps
23986 ms [UE 30040] UL Throughput = 0.02432 Mbps
23986 ms [UE 42234] UL Throughput = 0.0243 Mbps
24048 ms [UE 30040] UL Throughput = 0.03946 Mbps
24048 ms [UE 42234] UL Throughput = 0.08233 Mbps
24135 ms [UE 30040] UL Throughput = 0.0 Mbps
24135 ms [UE 42234] UL Throughput = 0.0 Mbps
24138 ms [UE 30040] UL Throughput = 0.09455 Mbps
24143 ms [UE 30040] UL Throughput = 0.0 Mbps
24143 ms [UE 42234] UL Throughput = 0.02184 Mbps
24209 ms [UE 30040] UL Throughput = 0.0 Mbps
24209 ms [UE 42234] UL Throughput = 0.06614 Mbps
24313 ms [UE 30040] UL Throughput = 0.04487 Mbps
24313 ms [UE 42234] UL Throughput = 0.0 Mbps
24417 ms [UE 30040] UL Throughput = 0.0 Mbps
24417 ms [UE 42234] UL Throughput = 0.04459 Mbps
24423 ms [UE 30040] UL Throughput = 0.0 Mbps
24423 ms [UE 42234] UL Throughput = 0.0 Mbps
24425 ms [UE 30040] UL Throughput = 0.03548 Mbps
24521 ms [UE 30040] UL Throughput = 0.07835 Mbps
24521 ms [UE 42234] UL Throughput = 0.0 Mbps
24639 ms [UE 30040] UL Throughput = 0.07436 Mbps
24639 ms [UE 42234] UL Throughput = 0.0 Mbps
24726 ms [UE 30040] UL Throughput = 0.05735 Mbps
24726 ms [UE 42234] UL Throughput = 0.0 Mbps
24727 ms [UE 30040] UL Throughput = 0.03881 Mbps
24727 ms [UE 42234] UL Throughput = 0.01422 Mbps
24823 ms [UE 30040] UL Throughput = 0.0 Mbps
24823 ms [UE 42234] UL Throughput = 0.0 Mbps
24921 ms [UE 30040] UL Throughput = 0.0 Mbps
24921 ms [UE 42234] UL Throughput = 0.05187 Mbps
25012 ms [UE 30040] UL Throughput = 0.0 Mbps
25122 ms [UE 42234] UL Throughput = 0.07309 Mbps
25213 ms [UE 30040] UL Throughput = 0.01657 Mbps
25213 ms [UE 42234] UL Throughput = 0.06767 Mbps
25313 ms [UE 30040] UL Throughput = 0.0 Mbps
25313 ms [UE 42234] UL Throughput = 0.0 Mbps
25409 ms [UE 30040] UL Throughput = 0.01795 Mbps
25409 ms [UE 42234] UL Throughput = 0.0 Mbps
25415 ms [UE 30040] UL Throughput = 0.05746 Mbps
25415 ms [UE 42234] UL Throughput = 0.05498 Mbps
25510 ms [UE 30040] UL Throughput = 0.04341 Mbps
25510 ms [UE 42234] UL Throughput = 0.06055 Mbps
25616 ms [UE 30040] UL Throughput = 0.0856 Mbps
25616 ms [UE 42234] UL Throughput = 0.06027 Mbps
25696 ms [UE 30040] UL Throughput = 0.0 Mbps
25696 ms [UE 42234] UL Throughput = 0.01071 Mbps
25814 ms [UE 30040] UL Throughput = 0.05517 Mbps
25891 ms [UE 30040] UL Throughput = 0.07958 Mbps
26004 ms [UE 42234] UL Throughput = 0.0 Mbps
26095 ms [UE 30040] UL Throughput = 0.0 Mbps
26095 ms [UE 42234] UL Throughput = 0.0437 Mbps
26197 ms [UE 30040] UL Throughput = 0.0 Mbps
26197 ms [UE 42234] UL Throughput = 0.05212 Mbps
26290 ms [UE 30040] UL Throughput = 0.05184 Mbps
26290 ms [UE 42234] UL Throughput = 0.0 Mbps
26379 ms [UE 30040] UL Throughput = 0.02286 Mbps
26379 ms [UE 42234] UL Throughput = 0.0 Mbps
26464 ms [UE 30040] UL Throughput = 0.09791 Mbps
26583 ms [UE 42234] UL Throughput = 0.06684 Mbps
26587 ms [UE 30040] UL Throughput = 0.05015 Mbps
26587 ms [UE 42234] UL Throughput = 0.07858 Mbps
26693 ms [UE 30040] UL Throughput = 0.06433 Mbps
26693 ms [UE 42234] UL Throughput = 0.07493 Mbps
26793 ms [UE 30040] UL Throughput = 0.07485 Mbps
26793 ms [UE 42234] UL Throughput = 0.03585 Mbps
26797 ms [UE 30040] UL Throughput = 0.01858 Mbps
26797 ms [UE 42234] UL Throughput = 0.04894 Mbps
26884 ms [UE 30040] UL Throughput = 0.06813 Mbps
26884 ms [UE 42234] UL Throughput = 0.07487 Mbps
26992 ms [UE 30040] UL Throughput = 0.0 Mbps
26992 ms [UE 42234] UL Throughput = 0.0 Mbps
26997 ms [UE 30040] UL Throughput = 0.07335 Mbps
26997 ms [UE 42234] UL Throughput = 0.04596 Mbps
27108 ms [UE 30040] UL Throughput = 0.0 Mbps
27108 ms [UE 42234] UL Throughput = 0.0 Mbps
27209 ms [UE 30040] UL Throughput = 0.06869 Mbps
27209 ms [UE 42234] UL Throughput = 0.13623 Mbps
27288 ms [UE 42234] UL Throughput = 0.07424 Mbps
27291 ms [UE 30040] UL Throughput = 0.0 Mbps
27291 ms [UE 42234] UL Throughput = 0.0 Mbps
27388 ms [UE 30040] UL Throughput = 0.0 Mbps
27388 ms [UE 42234] UL Throughput = 0.0 Mbps
27532 ms [UE 30040] UL Throughput = 0.0 Mbps
27532 ms [UE 42234] UL Throughput = 0.0 Mbps
27631 ms [UE 30040] UL Throughput = 0.08924 Mbps
27631 ms [UE 42234] UL Throughput = 0.0 Mbps
27733 ms [UE 30040] UL Throughput = 0.0 Mbps
27733 ms [UE 42234] UL Throughput = 0.08422 Mbps
27807 ms [UE 30040] UL Throughput = 0.0 Mbps
27807 ms [UE 42234] UL Throughput = 0.05063 Mbps
27808 ms [UE 42234] UL Throughput = 0.0 Mbps
27871 ms [UE 30040] UL Throughput = 0.02971 Mbps
27871 ms [UE 42234] UL Throughput = 0.09669 Mbps
27968 ms [UE 30040] UL Throughput = 0.0 Mbps
27968 ms [UE 42234] UL Throughput = 0.06801 Mbps
28100 ms [UE 42234] UL Throughput = 0.04468 Mbps
28105 ms [UE 30040] UL Throughput = 0.0452 Mbps
28105 ms [UE 42234] UL Throughput = 0.10176 Mbps
28197 ms [UE 30040] UL Throughput = 0.0 Mbps
28197 ms [UE 42234] UL Throughput = 0.01185 Mbps
28275 ms [UE 30040] UL Throughput = 0.04892 Mbps
28275 ms [UE 42234] UL Throughput = 0.0 Mbps
28359 ms [UE 30040] UL Throughput = 0.01134 Mbps
28359 ms [UE 42234] UL Throughput = 0.09736 Mbps
28464 ms [UE 30040] UL Throughput = 0.01885 Mbps
28464 ms [UE 42234] UL Throughput = 0.0 Mbps
28564 ms [UE 30040] UL Throughput = 0.0 Mbps
28564 ms [UE 42234] UL Throughput = 0.05332 Mbps
28653 ms [UE 30040] UL Throughput = 0.0 Mbps
28653 ms [UE 42234] UL Throughput = 0.0 Mbps
28758 ms [UE 30040] UL Throughput = 0.08181 Mbps
28879 ms [UE 30040] UL Throughput = 0.0 Mbps
28879 ms [UE 42234] UL Throughput = 0.10266 Mbps
28954 ms [UE 30040] UL Throughput = 0.04125 Mbps
28954 ms [UE 42234] UL Throughput = 0.06004 Mbps
29058 ms [UE 30040] UL Throughput = 0.0 Mbps
29058 ms [UE 42234] UL Throughput = 0.04622 Mbps
29165 ms [UE 42234] UL Throughput = 0.0 Mbps
29255 ms [UE 30040] UL Throughput = 0.06882 Mbps
29255 ms [UE 42234] UL Throughput = 0.08841 Mbps
29341 ms [UE 30040] UL Throughput = 0.0 Mbps
29341 ms [UE 42234] UL Throughput = 0.0 Mbps
29460 ms [UE 42234] UL Throughput = 0.07449 Mbps
29541 ms [UE 42234] UL Throughput = 0.03949 Mbps
29639 ms [UE 30040] UL Throughput = 0.0 Mbps
29639 ms [UE 42234] UL Throughput = 0.01671 Mbps
29741 ms [UE 30040] UL Throughput = 0.08219 Mbps
29741 ms [UE 42234] UL Throughput = 0.03399 Mbps
29833 ms [UE 30040] UL Throughput = 0.04886 Mbps
29833 ms [UE 42234] UL Throughput = 0.0 Mbps
29839 ms [UE 30040] UL Throughput = 0.13795 Mbps
29839 ms [UE 42234] UL Throughput = 0.08881 Mbps
29942 ms [UE 30040] UL Throughput = 0.04139 Mbps
29942 ms [UE 42234] UL Throughput = 0.0 Mbps
30039 ms [UE 30040] UL Throughput = 0.06449 Mbps
30039 ms [UE 42234] UL Throughput = 0.09329 Mbps
30126 ms [UE 30040] UL Throughput = 0.06265 Mbps
30126 ms [UE 42234] UL Throughput = 0.09955 Mbps
30209 ms [UE 30040] UL Throughput = 0.06696 Mbps
30209 ms [UE 42234] UL Throughput = 0.0 Mbps
30317 ms [UE 30040] UL Throughput = 0.03903 Mbps
30409 ms [UE 30040] UL Throughput = 0.0 Mbps
30409 ms [UE 42234] UL Throughput = 0.0 Mbps
30500 ms [UE 30040] UL Throughput = 0.08631 Mbps
30500 ms [UE 42234] UL Throughput = 0.0201 Mbps
30607 ms [UE 30040] UL Throughput = 0.07916 Mbps
30607 ms [UE 42234] UL Throughput = 0.09433 Mbps
30609 ms [UE 30040] UL Throughput = 0.0 Mbps
30712 ms [UE 30040] UL Throughput = 0.09559 Mbps
30712 ms [UE 42234] UL Throughput = 0.0 Mbps
30816 ms [UE 30040] UL Throughput = 0.0 Mbps
30816 ms [UE 42234] UL Throughput = 0.0 Mbps
30926 ms [UE 30040] UL Throughput = 0.0 Mbps
30926 ms [UE 42234] UL Throughput = 0.0 Mbps
31003 ms [UE 30040] UL Throughput = 0.03244 Mbps
31003 ms [UE 42234] UL Throughput = 0.0 Mbps
31004 ms [UE 30040] UL Throughput = 0.06039 Mbps
31123 ms [UE 30040] UL Throughput = 0.0742 Mbps
31234 ms [UE 30040] UL Throughput = 0.0 Mbps
31234 ms [UE 42234] UL Throughput = 0.0 Mbps
31238 ms [UE 30040] UL Throughput = 0.09953 Mbps
31238 ms [UE 42234] UL Throughput = 0.0 Mbps
31343 ms [UE 30040] UL Throughput = 0.01885 Mbps
31343 ms [UE 42234] UL Throughput = 0.04436 Mbps
31348 ms [UE 30040] UL Throughput = 0.0 Mbps
31348 ms [UE 42234] UL Throughput = 0.0 Mbps
31419 ms [UE 30040] UL Throughput = 0.16676 Mbps
31419 ms [UE 42234] UL Throughput = 0.0 Mbps
31519 ms [UE 30040] UL Throughput = 0.0 Mbps
31519 ms [UE 42234] UL Throughput = 0.02277 Mbps
31633 ms [UE 30040] UL Throughput = 0.0 Mbps
31638 ms [UE 30040] UL Throughput = 0.12708 Mbps
31638 ms [UE 42234] UL Throughput = 0.0287 Mbps
31644 ms [UE 30040] UL Throughput = 0.02285 Mbps
31644 ms [UE 42234] UL Throughput = 0.0533 Mbps
31733 ms [UE 30040] UL Throughput = 0.0 Mbps
31733 ms [UE 42234] UL Throughput = 0.0 Mbps
31822 ms [UE 30040] UL Throughput = 0.0 Mbps
31822 ms [UE 42234] UL Throughput = 0.07156 Mbps
31925 ms [UE 30040] UL Throughput = 0.0 Mbps
31925 ms [UE 42234] UL Throughput = 0.0 Mbps
32028 ms [UE 30040] UL Throughput = 0.0 Mbps
32028 ms [UE 42234] UL Throughput = 0.09642 Mbps
32129 ms [UE 42234] UL Throughput = 0.02282 Mbps
32215 ms [UE 30040] UL Throughput = 0.0139 Mbps
32215 ms [UE 42234] UL Throughput = 0.0 Mbps
32304 ms [UE 30040] UL Throughput = 0.01665 Mbps
32304 ms [UE 42234] UL Throughput = 0.02818 Mbps
32419 ms [UE 30040] UL Throughput = 0.05819 Mbps
32419 ms [UE 42234] UL Throughput = 0.0 Mbps
32511 ms [UE 42234] UL Throughput = 0.01424 Mbps
32621 ms [UE 30040] UL Throughput = 0.05323 Mbps
32621 ms [UE 42234] UL Throughput = 0.04833 Mbps
32728 ms [UE 30040] UL Throughput = 0.04655 Mbps
32728 ms [UE 42234] UL Throughput = 0.08582 Mbps
32818 ms [UE 30040] UL Throughput = 0.0 Mbps
32818 ms [UE 42234] UL Throughput = 0.0775 Mbps
32914 ms [UE 30040] UL Throughput = 0.04885 Mbps
32914 ms [UE 42234] UL Throughput = 0.0 Mbps
33007 ms [UE 30040] UL Throughput = 0.12136 Mbps
33007 ms [UE 42234] UL Throughput = 0.07112 Mbps
33129 ms [UE 30040] UL Throughput = 0.04487 Mbps
33129 ms [UE 42234] UL Throughput = 0.09393 Mbps
33240 ms [UE 30040] UL Throughput = 0.0 Mbps
33240 ms [UE 42234] UL Throughput = 0.03684 Mbps
33357 ms [UE 42234] UL Throughput = 0.0 Mbps
33363 ms [UE 42234] UL Throughput = 0.02353 Mbps
33464 ms [UE 30040] UL Throughput = 0.0 Mbps
33464 ms [UE 42234] UL Throughput = 0.0 Mbps
33573 ms [UE 30040] UL Throughput = 0.0 Mbps
33573 ms [UE 42234] UL Throughput = 0.0 Mbps
33677 ms [UE 42234] UL Throughput = 0.0 Mbps
33767 ms [UE 42234] UL Throughput = 0.10943 Mbps
33771 ms [UE 30040] UL Throughput = 0.0 Mbps
33771 ms [UE 42234] UL Throughput = 0.08048 Mbps
33846 ms [UE 30040] UL Throughput = 0.0 Mbps
33846 ms [UE 42234] UL Throughput = 0.13309 Mbps
33955 ms [UE 30040] UL Throughput = 0.0 Mbps
34054 ms [UE 30040] UL Throughput = 0.05082 Mbps
34054 ms [UE 42234] UL Throughput = 0.05171 Mbps
34059 ms [UE 30040] UL Throughput = 0.0 Mbps
34059 ms [UE 42234] UL Throughput = 0.0 Mbps
34166 ms [UE 30040] UL Throughput = 0.09741 Mbps
34166 ms [UE 42234] UL Throughput = 0.08079 Mbps
34169 ms [UE 30040] UL Throughput = 0.08028 Mbps
34169 ms [UE 42234] UL Throughput = 0.0 Mbps
34273 ms [UE 42234] UL Throughput = 0.02497 Mbps
34390 ms [UE 30040] UL Throughput = 0.0 Mbps
34390 ms [UE 42234] UL Throughput = 0.0 Mbps
34393 ms [UE 42234] UL Throughput = 0.05661 Mbps
34465 ms [UE 30040] UL Throughput = 0.0 Mbps
34465 ms [UE 42234] UL Throughput = 0.08067 Mbps
34588 ms [UE 30040] UL Throughput = 0.03859 Mbps
34588 ms [UE 42234] UL Throughput = 0.04213 Mbps
34589 ms [UE 30040] UL Throughput = 0.0 Mbps
34589 ms [UE 42234] UL Throughput = 0.01309 Mbps
34594 ms [UE 30040] UL Throughput = 0.0 Mbps
34594 ms [UE 42234] UL Throughput = 0.03962 Mbps
34671 ms [UE 30040] UL Throughput = 0.03811 Mbps
34792 ms [UE 30040] UL Throughput = 0.0 Mbps
34792 ms [UE 42234] UL Throughput = 0.09661 Mbps
34902 ms [UE 30040] UL Throughput = 0.0 Mbps
34902 ms [UE 42234] UL Throughput = 0.02216 Mbps
35001 ms [UE 30040] UL Throughput = 0.01972 Mbps
35001 ms [UE 42234] UL Throughput = 0.03273 Mbps
35112 ms [UE 30040] UL Throughput = 0.07415 Mbps
35112 ms [UE 42234] UL Throughput = 0.07744 Mbps
35226 ms [UE 30040] UL Throughput = 0.07677 Mbps
35226 ms [UE 42234] UL Throughput = 0.0 Mbps
35319 ms [UE 30040] UL Throughput = 0.08063 Mbps
35319 ms [UE 42234] UL Throughput = 0.07979 Mbps
35420 ms [UE 30040] UL Throughput = 0.0 Mbps
35420 ms [UE 42234] UL Throughput = 0.03347 Mbps
35422 ms [UE 42234] UL Throughput = 0.0 Mbps
35428 ms [UE 30040] UL Throughput = 0.0 Mbps
35521 ms [UE 42234] UL Throughput = 0.0 Mbps
35620 ms [UE 30040] UL Throughput = 0.0 Mbps
35620 ms [UE 42234] UL Throughput = 0.0717 Mbps
35682 ms [UE 30040] UL Throughput = 0.12599 Mbps
35774 ms [UE 30040] UL Throughput = 0.0949 Mbps
35774 ms [UE 42234] UL Throughput = 0.0 Mbps
35869 ms [UE 30040] UL Throughput = 0.05153 Mbps
35869 ms [UE 42234] UL Throughput = 0.0 Mbps
35951 ms [UE 30040] UL Throughput = 0.05834 Mbps
36090 ms [UE 30040] UL Throughput = 0.0 Mbps
36090 ms [UE 42234] UL Throughput = 0.0 Mbps
36178 ms [UE 30040] UL Throughput = 0.06975 Mbps
36178 ms [UE 42234] UL Throughput = 0.02743 Mbps
36184 ms [UE 30040] UL Throughput = 0.0 Mbps
36285 ms [UE 30040] UL Throughput = 0.09407 Mbps
36285 ms [UE 42234] UL Throughput = 0.0 Mbps
36288 ms [UE 30040] UL Throughput = 0.0 Mbps
36288 ms [UE 42234] UL Throughput = 0.03846 Mbps
36376 ms [UE 42234] UL Throughput = 0.11012 Mbps
36495 ms [UE 30040] UL Throughput = 0.03632 Mbps
36495 ms [UE 42234] UL Throughput = 0.02662 Mbps
36605 ms [UE 30040] UL Throughput = 0.01715 Mbps
36716 ms [UE 30040] UL Throughput = 0.09572 Mbps
36716 ms [UE 42234] UL Throughput = 0.08029 Mbps
36790 ms [UE 30040] UL Throughput = 0.0 Mbps
36790 ms [UE 42234] UL Throughput = 0.0303 Mbps
36877 ms [UE 30040] UL Throughput = 0.0 Mbps
36877 ms [UE 42234] UL Throughput = 0.0 Mbps
36880 ms [UE 30040] UL Throughput = 0.0 Mbps
36880 ms [UE 42234] UL Throughput = 0.01351 Mbps
36994 ms [UE 30040] UL Throughput = 0.11386 Mbps
36994 ms [UE 42234] UL Throughput = 0.0 Mbps
37118 ms [UE 30040] UL Throughput = 0.04938 Mbps
37118 ms [UE 42234] UL Throughput = 0.0 Mbps
37123 ms [UE 30040] UL Throughput = 0.12312 Mbps
37123 ms [UE 42234] UL Throughput = 0.0 Mbps
37218 ms [UE 30040] UL Throughput = 0.0 Mbps
37218 ms [UE 42234] UL Throughput = 0.0 Mbps
37310 ms [UE 30040] UL Throughput = 0.05615 Mbps
37310 ms [UE 42234] UL Throughput = 0.04859 Mbps
37394 ms [UE 42234] UL Throughput = 0.0 Mbps
37491 ms [UE 30040] UL Throughput = 0.0 Mbps
37491 ms [UE 42234] UL Throughput = 0.08009 Mbps
37597 ms [UE 30040] UL Throughput = 0.0 Mbps
37697 ms [UE 30040] UL Throughput = 0.0 Mbps
37697 ms [UE 42234] UL Throughput = 0.02608 Mbps
37700 ms [UE 30040] UL Throughput = 0.04226 Mbps
37700 ms [UE 42234] UL Throughput = 0.0 Mbps
37781 ms [UE 30040] UL Throughput = 0.08401 Mbps
37781 ms [UE 42234] UL Throughput = 0.0 Mbps
37867 ms [UE 30040] UL Throughput = 0.0 Mbps
37867 ms [UE 42234] UL Throughput = 0.0 Mbps
37869 ms [UE 30040] UL Throughput = 0.0 Mbps
37869 ms [UE 42234] UL Throughput = 0.08876 Mbps
37871 ms [UE 30040] UL Throughput = 0.11833 Mbps
37871 ms [UE 42234] UL Throughput = 0.0 Mbps
37979 ms [UE 30040] UL Throughput = 0.0 Mbps
37979 ms [UE 42234] UL Throughput = 0.06487 Mbps
38088 ms [UE 30040] UL Throughput = 0.0679 Mbps
38088 ms [UE 42234] UL Throughput = 0.0 Mbps
38180 ms [UE 30040] UL Throughput = 0.02983 Mbps
38180 ms [UE 42234] UL Throughput = 0.0 Mbps
38265 ms [UE 30040] UL Throughput = 0.0 Mbps
38265 ms [UE 42234] UL Throughput = 0.06474 Mbps
38268 ms [UE 42234] UL Throughput = 0.0 Mbps
38362 ms [UE 30040] UL Throughput = 0.0 Mbps
38475 ms [UE 30040] UL Throughput = 0.08585 Mbps
38475 ms [UE 42234] UL Throughput = 0.0 Mbps
38571 ms [UE 30040] UL Throughput = 0.08124 Mbps
38571 ms [UE 42234] UL Throughput = 0.05159 Mbps
38660 ms [UE 30040] UL Throughput = 0.03869 Mbps
38660 ms [UE 42234] UL Throughput = 0.01248 Mbps
38779 ms [UE 30040] UL Throughput = 0.09799 Mbps
38781 ms [UE 30040] UL Throughput = 0.04432 Mbps
38781 ms [UE 42234] UL Throughput = 0.01218 Mbps
38882 ms [UE 30040] UL Throughput = 0.0358 Mbps
38882 ms [UE 42234] UL Throughput = 0.0 Mbps
38981 ms [UE 30040] UL Throughput = 0.0 Mbps
38981 ms [UE 42234] UL Throughput = 0.04046 Mbps
38985 ms [UE 30040] UL Throughput = 0.03185 Mbps
38985 ms [UE 42234] UL Throughput = 0.03544 Mbps
38991 ms [UE 30040] UL Throughput = 0.0 Mbps
38991 ms [UE 42234] UL Throughput = 0.0 Mbps
39139 ms [UE 30040] UL Throughput = 0.03349 Mbps
39139 ms [UE 42234] UL Throughput = 0.02274 Mbps
39141 ms [UE 30040] UL Throughput = 0.0 Mbps
39141 ms [UE 42234] UL Throughput = 0.0 Mbps
39145 ms [UE 30040] UL Throughput = 0.0 Mbps
39145 ms [UE 42234] UL Throughput = 0.0 Mbps
39234 ms [UE 30040] UL Throughput = 0.09371 Mbps
39234 ms [UE 42234] UL Throughput = 0.0 Mbps
39317 ms [UE 30040] UL Throughput = 0.05081 Mbps
39317 ms [UE 42234] UL Throughput = 0.0 Mbps
39440 ms [UE 30040] UL Throughput = 0.08444 Mbps
39440 ms [UE 42234] UL Throughput = 0.01021 Mbps
39446 ms [UE 30040] UL Throughput = 0.16255 Mbps
39583 ms [UE 30040] UL Throughput = 0.10855 Mbps
39583 ms [UE 42234] UL Throughput = 0.0 Mbps
39586 ms [UE 30040] UL Throughput = 0.0 Mbps
39586 ms [UE 42234] UL Throughput = 0.0 Mbps
39675 ms [UE 30040] UL Throughput = 0.0 Mbps
39675 ms [UE 42234] UL Throughput = 0.08004 Mbps
39776 ms [UE 30040] UL Throughput = 0.07481 Mbps
39776 ms [UE 42234] UL Throughput = 0.0 Mbps
39865 ms [UE 30040] UL Throughput = 0.0 Mbps
39865 ms [UE 42234] UL Throughput = 0.0 Mbps
39871 ms [UE 30040] UL Throughput = 0.0 Mbps
39872 ms [UE 30040] UL Throughput = 0.09072 Mbps
39872 ms [UE 42234] UL Throughput = 0.0 Mbps
39963 ms [UE 30040] UL Throughput = 0.05759 Mbps
39963 ms [UE 42234] UL Throughput = 0.05907 Mbps
40039 ms [UE 30040] UL Throughput = 0.0 Mbps
40039 ms [UE 42234] UL Throughput = 0.0 Mbps
40140 ms [UE 42234] UL Throughput = 0.03014 Mbps
40217 ms [UE 30040] UL Throughput = 0.09488 Mbps
40217 ms [UE 42234] UL Throughput = 0.04625 Mbps
40291 ms [UE 30040] UL Throughput = 0.0 Mbps
40291 ms [UE 42234] UL Throughput = 0.09157 Mbps
40401 ms [UE 30040] UL Throughput = 0.0 Mbps
40401 ms [UE 42234] UL Throughput = 0.0 Mbps
40486 ms [UE 30040] UL Throughput = 0.0 Mbps
40486 ms [UE 42234] UL Throughput = 0.0 Mbps
40577 ms [UE 30040] UL Throughput = 0.0 Mbps
40577 ms [UE 42234] UL Throughput = 0.0 Mbps
40693 ms [UE 30040] UL Throughput = 0.0 Mbps
40693 ms [UE 42234] UL Throughput = 0.02502 Mbps
40786 ms [UE 30040] UL Throughput = 0.01661 Mbps
40786 ms [UE 42234] UL Throughput = 0.03556 Mbps
40903 ms [UE 30040] UL Throughput = 0.05041 Mbps
40984 ms [UE 30040] UL Throughput = 0.01507 Mbps
40984 ms [UE 42234] UL Throughput = 0.0681 Mbps
40987 ms [UE 30040] UL Throughput = 0.0 Mbps
40987 ms [UE 42234] UL Throughput = 0.05675 Mbps
41080 ms [UE 30040] UL Throughput = 0.02036 Mbps
41080 ms [UE 42234] UL Throughput = 0.04288 Mbps
41081 ms [UE 30040] UL Throughput = 0.07172 Mbps
41081 ms [UE 42234] UL Throughput = 0.06108 Mbps
41177 ms [UE 30040] UL Throughput = 0.02384 Mbps
41177 ms [UE 42234] UL Throughput = 0.0535 Mbps
41277 ms [UE 30040] UL Throughput = 0.0 Mbps
41277 ms [UE 42234] UL Throughput = 0.07459 Mbps
41392 ms [UE 30040] UL Throughput = 0.0 Mbps
41392 ms [UE 42234] UL Throughput = 0.0 Mbps
41469 ms [UE 30040] UL Throughput = 0.0 Mbps
41469 ms [UE 42234] UL Throughput = 0.0 Mbps
41562 ms [UE 30040] UL Throughput = 0.0 Mbps
41678 ms [UE 30040] UL Throughput = 0.08338 Mbps
41678 ms [UE 42234] UL Throughput = 0.03197 Mbps
41737 ms [UE 30040] UL Throughput = 0.0 Mbps
41737 ms [UE 42234] UL Throughput = 0.06592 Mbps
41852 ms [UE 30040] UL Throughput = 0.0 Mbps
41852 ms [UE 42234] UL Throughput = 0.0638 Mbps
41936 ms [UE 30040] UL Throughput = 0.0 Mbps
41936 ms [UE 42234] UL Throughput = 0.0 Mbps
42056 ms [UE 30040] UL Throughput = 0.0 Mbps
42056 ms [UE 42234] UL Throughput = 0.0 Mbps
42146 ms [UE 30040] UL Throughput = 0.02624 Mbps
42146 ms [UE 42234] UL Throughput = 0.0 Mbps
42245 ms [UE 30040] UL Throughput = 0.0 Mbps
42245 ms [UE 42234] UL Throughput = 0.02886 Mbps
42246 ms [UE 30040] UL Throughput = 0.0 Mbps
42246 ms [UE 42234] UL Throughput = 0.08003 Mbps
42339 ms [UE 30040] UL Throughput = 0.0 Mbps
42442 ms [UE 30040] UL Throughput = 0.0 Mbps
42442 ms [UE 42234] UL Throughput = 0.0 Mbps
42551 ms [UE 30040] UL Throughput = 0.07504 Mbps
42551 ms [UE 42234] UL Throughput = 0.04085 Mbps
42647 ms [UE 30040] UL Throughput = 0.0 Mbps
42647 ms [UE 42234] UL Throughput = 0.07244 Mbps
42652 ms [UE 30040] UL Throughput = 0.0 Mbps
42652 ms [UE 42234] UL Throughput = 0.03708 Mbps
42755 ms [UE 30040] UL Throughput = 0.08534 Mbps
42755 ms [UE 42234] UL Throughput = 0.0 Mbps
42883 ms [UE 30040] UL Throughput = 0.03439 Mbps
42883 ms [UE 42234] UL Throughput = 0.0 Mbps
42957 ms [UE 42234] UL Throughput = 0.0 Mbps
43057 ms [UE 30040] UL Throughput = 0.0 Mbps
43057 ms [UE 42234] UL Throughput = 0.02834 Mbps
43180 ms [UE 30040] UL Throughput = 0.05366 Mbps
43180 ms [UE 42234] UL Throughput = 0.0 Mbps
43186 ms [UE 30040] UL Throughput = 0.0 Mbps
43186 ms [UE 42234] UL Throughput = 0.0 Mbps
43188 ms [UE 30040] UL Throughput = 0.01951 Mbps
43188 ms [UE 42234] UL Throughput = 0.08308 Mbps
43190 ms [UE 42234] UL Throughput = 0.05785 Mbps
43193 ms [UE 30040] UL Throughput = 0.0 Mbps
43193 ms [UE 42234] UL Throughput = 0.0 Mbps
43284 ms [UE 30040] UL Throughput = 0.0748 Mbps
43284 ms [UE 42234] UL Throughput = 0.06387 Mbps
43382 ms [UE 42234] UL Throughput = 0.0 Mbps
43473 ms [UE 30040] UL Throughput = 0.07174 Mbps
43473 ms [UE 42234] UL Throughput = 0.11357 Mbps
43537 ms [UE 30040] UL Throughput = 0.0 Mbps
43537 ms [UE 42234] UL Throughput = 0.02483 Mbps
43540 ms [UE 30040] UL Throughput = 0.0 Mbps
43540 ms [UE 42234] UL Throughput = 0.03412 Mbps
43661 ms [UE 30040] UL Throughput = 0.055 Mbps
43661 ms [UE 42234] UL Throughput = 0.08107 Mbps
43666 ms [UE 30040] UL Throughput = 0.07161 Mbps
43666 ms [UE 42234] UL Throughput = 0.10571 Mbps
43670 ms [UE 30040] UL Throughput = 0.04691 Mbps
43670 ms [UE 42234] UL Throughput = 0.0 Mbps
43757 ms [UE 42234] UL Throughput = 0.0 Mbps
43840 ms [UE 30040] UL Throughput = 0.0 Mbps
43840 ms [UE 42234] UL Throughput = 0.02629 Mbps
43938 ms [UE 30040] UL Throughput = 0.0 Mbps
43938 ms [UE 42234] UL Throughput = 0.05072 Mbps
44044 ms [UE 30040] UL Throughput = 0.03681 Mbps
44114 ms [UE 42234] UL Throughput = 0.03047 Mbps
44229 ms [UE 30040] UL Throughput = 0.09133 Mbps
44229 ms [UE 42234] UL Throughput = 0.0 Mbps
44235 ms [UE 30040] UL Throughput = 0.0 Mbps
44235 ms [UE 42234] UL Throughput = 0.10148 Mbps
44337 ms [UE 30040] UL Throughput = 0.0 Mbps
44337 ms [UE 42234] UL Throughput = 0.15269 Mbps
44429 ms [UE 30040] UL Throughput = 0.08973 Mbps
44429 ms [UE 42234] UL Throughput = 0.0 Mbps
44497 ms [UE 30040] UL Throughput = 0.0 Mbps
44497 ms [UE 42234] UL Throughput = 0.01488 Mbps
44620 ms [UE 30040] UL Throughput = 0.0 Mbps
44620 ms [UE 42234] UL Throughput = 0.0 Mbps
44625 ms [UE 30040] UL Throughput = 0.06837 Mbps
44625 ms [UE 42234] UL Throughput = 0.04361 Mbps
44742 ms [UE 30040] UL Throughput = 0.0 Mbps
44742 ms [UE 42234] UL Throughput = 0.0 Mbps
44843 ms [UE 30040] UL Throughput = 0.0 Mbps
44843 ms [UE 42234] UL Throughput = 0.0 Mbps
44945 ms [UE 30040] UL Throughput = 0.0 Mbps
45079 ms [UE 30040] UL Throughput = 0.06698 Mbps
45079 ms [UE 42234] UL Throughput = 0.0 Mbps
45209 ms [UE 30040] UL Throughput = 0.0 Mbps
45304 ms [UE 30040] UL Throughput = 0.0 Mbps
45304 ms [UE 42234] UL Throughput = 0.03769 Mbps
45375 ms [UE 30040] UL Throughput = 0.0 Mbps
45375 ms [UE 42234] UL Throughput = 0.0426 Mbps
45376 ms [UE 30040] UL Throughput = 0.0 Mbps
45376 ms [UE 42234] UL Throughput = 0.0 Mbps
45468 ms [UE 30040] UL Throughput = 0.07143 Mbps
45468 ms [UE 42234] UL Throughput = 0.06485 Mbps
45473 ms [UE 30040] UL Throughput = 0.0 Mbps
45473 ms [UE 42234] UL Throughput = 0.0 Mbps
45475 ms [UE 30040] UL Throughput = 0.06912 Mbps
45475 ms [UE 42234] UL Throughput = 0.1322 Mbps
45577 ms [UE 30040] UL Throughput = 0.08823 Mbps
45577 ms [UE 42234] UL Throughput = 0.0 Mbps
45655 ms [UE 30040] UL Throughput = 0.0 Mbps
45655 ms [UE 42234] UL Throughput = 0.0 Mbps
45737 ms [UE 30040] UL Throughput = 0.11352 Mbps
45737 ms [UE 42234] UL Throughput = 0.09232 Mbps
45863 ms [UE 30040] UL Throughput = 0.0 Mbps
45943 ms [UE 30040] UL Throughput = 0.0 Mbps
45943 ms [UE 42234] UL Throughput = 0.04879 Mbps
45947 ms [UE 30040] UL Throughput = 0.09733 Mbps
45947 ms [UE 42234] UL Throughput = 0.0 Mbps
46064 ms [UE 30040] UL Throughput = 0.07969 Mbps
46064 ms [UE 42234] UL Throughput = 0.06901 Mbps
46156 ms [UE 30040] UL Throughput = 0.0 Mbps
46258 ms [UE 30040] UL Throughput = 0.0 Mbps
46365 ms [UE 42234] UL Throughput = 0.06683 Mbps
46458 ms [UE 30040] UL Throughput = 0.01792 Mbps
46563 ms [UE 30040] UL Throughput = 0.0 Mbps
46563 ms [UE 42234] UL Throughput = 0.0 Mbps
46568 ms [UE 42234] UL Throughput = 0.0 Mbps
46660 ms [UE 30040] UL Throughput = 0.0 Mbps
46660 ms [UE 42234] UL Throughput = 0.0 Mbps
46750 ms [UE 42234] UL Throughput = 0.0 Mbps
46753 ms [UE 30040] UL Throughput = 0.0 Mbps
46753 ms [UE 42234] UL Throughput = 0.0 Mbps
46884 ms [UE 30040] UL Throughput = 0.0 Mbps
46884 ms [UE 42234] UL Throughput = 0.09357 Mbps
46996 ms [UE 30040] UL Throughput = 0.069 Mbps
46996 ms [UE 42234] UL Throughput = 0.0 Mbps
47117 ms [UE 30040] UL Throughput = 0.09101 Mbps
47117 ms [UE 42234] UL Throughput = 0.0 Mbps
47219 ms [UE 30040] UL Throughput = 0.02397 Mbps
47219 ms [UE 42234] UL Throughput = 0.0 Mbps
47313 ms [UE 30040] UL Throughput = 0.0 Mbps
47313 ms [UE 42234] UL Throughput = 0.10771 Mbps
47319 ms [UE 42234] UL Throughput = 0.0 Mbps
47410 ms [UE 30040] UL Throughput = 0.0 Mbps
47410 ms [UE 42234] UL Throughput = 0.0 Mbps
47502 ms [UE 30040] UL Throughput = 0.0 Mbps
47502 ms [UE 42234] UL Throughput = 0.05062 Mbps
47508 ms [UE 30040] UL Throughput = 0.0 Mbps
47600 ms [UE 30040] UL Throughput = 0.0 Mbps
47600 ms [UE 42234] UL Throughput = 0.1319 Mbps
47686 ms [UE 30040] UL Throughput = 0.0961 Mbps
47686 ms [UE 42234] UL Throughput = 0.06141 Mbps
47766 ms [UE 30040] UL Throughput = 0.0 Mbps
47766 ms [UE 42234] UL Throughput = 0.0 Mbps
47889 ms [UE 30040] UL Throughput = 0.0 Mbps
47889 ms [UE 42234] UL Throughput = 0.0 Mbps
47978 ms [UE 30040] UL Throughput = 0.0 Mbps
47978 ms [UE 42234] UL Throughput = 0.0 Mbps
48066 ms [UE 42234] UL Throughput = 0.0 Mbps
48156 ms [UE 30040] UL Throughput = 0.03727 Mbps
48156 ms [UE 42234] UL Throughput = 0.01117 Mbps
48256 ms [UE 30040] UL Throughput = 0.07096 Mbps
48352 ms [UE 30040] UL Throughput = 0.0 Mbps
48352 ms [UE 42234] UL Throughput = 0.02341 Mbps
48484 ms [UE 30040] UL Throughput = 0.0 Mbps
48484 ms [UE 42234] UL Throughput = 0.0 Mbps
48489 ms [UE 30040] UL Throughput = 0.07149 Mbps
48489 ms [UE 42234] UL Throughput = 0.0 Mbps
48588 ms [UE 30040] UL Throughput = 0.0 Mbps
48588 ms [UE 42234] UL Throughput = 0.02206 Mbps
48593 ms [UE 42234] UL Throughput = 0.08277 Mbps
48595 ms [UE 30040] UL Throughput = 0.09298 Mbps
48707 ms [UE 30040] UL Throughput = 0.0 Mbps
48707 ms [UE 42234] UL Throughput = 0.0 Mbps
48800 ms [UE 30040] UL Throughput = 0.0 Mbps
48800 ms [UE 42234] UL Throughput = 0.0 Mbps
48870 ms [UE 30040] UL Throughput = 0.0 Mbps
48870 ms [UE 42234] UL Throughput = 0.0 Mbps
48977 ms [UE 30040] UL Throughput = 0.06851 Mbps
48977 ms [UE 42234] UL Throughput = 0.07066 Mbps
49078 ms [UE 30040] UL Throughput = 0.04526 Mbps
49078 ms [UE 42234] UL Throughput = 0.0 Mbps
49158 ms [UE 30040] UL Throughput = 0.05881 Mbps
49158 ms [UE 42234] UL Throughput = 0.05725 Mbps
49275 ms [UE 30040] UL Throughput = 0.0 Mbps
49275 ms [UE 42234] UL Throughput = 0.0 Mbps
49347 ms [UE 30040] UL Throughput = 0.0999 Mbps
49347 ms [UE 42234] UL Throughput = 0.0772 Mbps
49431 ms [UE 30040] UL Throughput = 0.04028 Mbps
49431 ms [UE 42234] UL Throughput = 0.0 Mbps
49515 ms [UE 30040] UL Throughput = 0.0 Mbps
49515 ms [UE 42234] UL Throughput = 0.05758 Mbps
49521 ms [UE 30040] UL Throughput = 0.07774 Mbps
49521 ms [UE 42234] UL Throughput = 0.0 Mbps
49615 ms [UE 42234] UL Throughput = 0.01586 Mbps
49717 ms [UE 30040] UL Throughput = 0.0 Mbps
49827 ms [UE 30040] UL Throughput = 0.02891 Mbps
49827 ms [UE 42234] UL Throughput = 0.04075 Mbps
49912 ms [UE 42234] UL Throughput = 0.01225 Mbps
50028 ms [UE 30040] UL Throughput = 0.06415 Mbps
50134 ms [UE 30040] UL Throughput = 0.0 Mbps
50134 ms [UE 42234] UL Throughput = 0.092 Mbps
50226 ms [UE 30040] UL Throughput = 0.0 Mbps
50226 ms [UE 42234] UL Throughput = 0.03626 Mbps
50352 ms [UE 30040] UL Throughput = 0.05111 Mbps
50352 ms [UE 42234] UL Throughput = 0.0 Mbps
50462 ms [UE 30040] UL Throughput = 0.0 Mbps
50462 ms [UE 42234] UL Throughput = 0.09231 Mbps
50549 ms [UE 30040] UL Throughput = 0.1175 Mbps
50549 ms [UE 42234] UL Throughput = 0.05259 Mbps
50627 ms [UE 30040] UL Throughput = 0.01794 Mbps
50627 ms [UE 42234] UL Throughput = 0.07274 Mbps
50739 ms [UE 42234] UL Throughput = 0.0966 Mbps
50830 ms [UE 30040] UL Throughput = 0.08341 Mbps
50830 ms [UE 42234] UL Throughput = 0.08231 Mbps
50956 ms [UE 30040] UL Throughput = 0.0 Mbps
50956 ms [UE 42234] UL Throughput = 0.09186 Mbps
51062 ms [UE 42234] UL Throughput = 0.0 Mbps
51179 ms [UE 30040] UL Throughput = 0.05265 Mbps
51179 ms [UE 42234] UL Throughput = 0.03425 Mbps
51319 ms [UE 42234] UL Throughput = 0.09193 Mbps
51412 ms [UE 30040] UL Throughput = 0.0 Mbps
51412 ms [UE 42234] UL Throughput = 0.0 Mbps
51506 ms [UE 30040] UL Throughput = 0.05356 Mbps
51506 ms [UE 42234] UL Throughput = 0.0 Mbps
51511 ms [UE 30040] UL Throughput = 0.0 Mbps
51511 ms [UE 42234] UL Throughput = 0.02571 Mbps
51516 ms [UE 30040] UL Throughput = 0.0 Mbps
51516 ms [UE 42234] UL Throughput = 0.0402 Mbps
51621 ms [UE 30040] UL Throughput = 0.0 Mbps
51621 ms [UE 42234] UL Throughput = 0.0 Mbps
51627 ms [UE 30040] UL Throughput = 0.0 Mbps
51630 ms [UE 30040] UL Throughput = 0.0 Mbps
51630 ms [UE 42234] UL Throughput = 0.01187 Mbps
51631 ms [UE 30040] UL Throughput = 0.03954 Mbps
51631 ms [UE 42234] UL Throughput = 0.0 Mbps
51635 ms [UE 30040] UL Throughput = 0.13476 Mbps
51635 ms [UE 42234] UL Throughput = 0.0 Mbps
51716 ms [UE 30040] UL Throughput = 0.0 Mbps
51716 ms [UE 42234] UL Throughput = 0.04868 Mbps
51821 ms [UE 30040] UL Throughput = 0.0137 Mbps
51821 ms [UE 42234] UL Throughput = 0.03835 Mbps
51904 ms [UE 30040] UL Throughput = 0.04473 Mbps
51904 ms [UE 42234] UL Throughput = 0.05764 Mbps
51992 ms [UE 30040] UL Throughput = 0.06125 Mbps
52075 ms [UE 30040] UL Throughput = 0.06727 Mbps
52075 ms [UE 42234] UL Throughput = 0.0 Mbps
52077 ms [UE 30040] UL Throughput = 0.03177 Mbps
52077 ms [UE 42234] UL Throughput = 0.08392 Mbps
52183 ms [UE 30040] UL Throughput = 0.05816 Mbps
52183 ms [UE 42234] UL Throughput = 0.06303 Mbps
52299 ms [UE 30040] UL Throughput = 0.0 Mbps
52299 ms [UE 42234] UL Throughput = 0.0 Mbps
52377 ms [UE 30040] UL Throughput = 0.07278 Mbps
52377 ms [UE 42234] UL Throughput = 0.05736 Mbps
52481 ms [UE 30040] UL Throughput = 0.0 Mbps
52481 ms [UE 42234] UL Throughput = 0.0 Mbps
52485 ms [UE 30040] UL Throughput = 0.07101 Mbps
52485 ms [UE 42234] UL Throughput = 0.07026 Mbps
52575 ms [UE 30040] UL Throughput = 0.02387 Mbps
52575 ms [UE 42234] UL Throughput = 0.04747 Mbps
52576 ms [UE 30040] UL Throughput = 0.07781 Mbps
52576 ms [UE 42234] UL Throughput = 0.03838 Mbps
52698 ms [UE 30040] UL Throughput = 0.0 Mbps
52698 ms [UE 42234] UL Throughput = 0.0 Mbps
52781 ms [UE 42234] UL Throughput = 0.0 Mbps
52888 ms [UE 30040] UL Throughput = 0.0 Mbps
52888 ms [UE 42234] UL Throughput = 0.0 Mbps
52890 ms [UE 30040] UL Throughput = 0.0 Mbps
52890 ms [UE 42234] UL Throughput = 0.02312 Mbps
52981 ms [UE 42234] UL Throughput = 0.09225 Mbps
53085 ms [UE 42234] UL Throughput = 0.0 Mbps
53189 ms [UE 30040] UL Throughput = 0.10396 Mbps
53189 ms [UE 42234] UL Throughput = 0.0 Mbps
53294 ms [UE 30040] UL Throughput = 0.0 Mbps
53294 ms [UE 42234] UL Throughput = 0.0624 Mbps
53299 ms [UE 30040] UL Throughput = 0.0 Mbps
53299 ms [UE 42234] UL Throughput = 0.0 Mbps
53390 ms [UE 30040] UL Throughput = 0.06735 Mbps
53390 ms [UE 42234] UL Throughput = 0.0 Mbps
53513 ms [UE 30040] UL Throughput = 0.02091 Mbps
53513 ms [UE 42234] UL Throughput = 0.0 Mbps
53616 ms [UE 30040] UL Throughput = 0.09107 Mbps
53616 ms [UE 42234] UL Throughput = 0.08671 Mbps
53707 ms [UE 30040] UL Throughput = 0.0 Mbps
53707 ms [UE 42234] UL Throughput = 0.0291 Mbps
53784 ms [UE 30040] UL Throughput = 0.0 Mbps
53784 ms [UE 42234] UL Throughput = 0.0 Mbps
53869 ms [UE 30040] UL Throughput = 0.05112 Mbps
53869 ms [UE 42234] UL Throughput = 0.02969 Mbps
53994 ms [UE 30040] UL Throughput = 0.0 Mbps
53994 ms [UE 42234] UL Throughput = 0.0 Mbps
54093 ms [UE 42234] UL Throughput = 0.0 Mbps
54095 ms [UE 30040] UL Throughput = 0.02438 Mbps
54095 ms [UE 42234] UL Throughput = 0.06727 Mbps
54203 ms [UE 30040] UL Throughput = 0.07916 Mbps
54203 ms [UE 42234] UL Throughput = 0.15216 Mbps
54299 ms [UE 30040] UL Throughput = 0.0 Mbps
54299 ms [UE 42234] UL Throughput = 0.0 Mbps
54303 ms [UE 30040] UL Throughput = 0.0 Mbps
54303 ms [UE 42234] UL Throughput = 0.0 Mbps
54376 ms [UE 30040] UL Throughput = 0.0 Mbps
54376 ms [UE 42234] UL Throughput = 0.07487 Mbps
54482 ms [UE 42234] UL Throughput = 0.02815 Mbps
54485 ms [UE 30040] UL Throughput = 0.0 Mbps
54485 ms [UE 42234] UL Throughput = 0.08189 Mbps
54590 ms [UE 42234] UL Throughput = 0.0 Mbps
54688 ms [UE 30040] UL Throughput = 0.09957 Mbps
54788 ms [UE 42234] UL Throughput = 0.0 Mbps
54791 ms [UE 30040] UL Throughput = 0.09616 Mbps
54884 ms [UE 30040] UL Throughput = 0.0 Mbps
54884 ms [UE 42234] UL Throughput = 0.03178 Mbps
54978 ms [UE 30040] UL Throughput = 0.03889 Mbps
54978 ms [UE 42234] UL Throughput = 0.0 Mbps
55073 ms [UE 30040] UL Throughput = 0.0 Mbps
55073 ms [UE 42234] UL Throughput = 0.0 Mbps
55201 ms [UE 42234] UL Throughput = 0.08888 Mbps
55314 ms [UE 30040] UL Throughput = 0.0 Mbps
55314 ms [UE 42234] UL Throughput = 0.02971 Mbps
55405 ms [UE 30040] UL Throughput = 0.02046 Mbps
55405 ms [UE 42234] UL Throughput = 0.06224 Mbps
55481 ms [UE 30040] UL Throughput = 0.04918 Mbps
55481 ms [UE 42234] UL Throughput = 0.0 Mbps
55585 ms [UE 30040] UL Throughput = 0.08191 Mbps
55585 ms [UE 42234] UL Throughput = 0.0 Mbps
55687 ms [UE 30040] UL Throughput = 0.07671 Mbps
55687 ms [UE 42234] UL Throughput = 0.11107 Mbps
55769 ms [UE 30040] UL Throughput = 0.08722 Mbps
55769 ms [UE 42234] UL Throughput = 0.08918 Mbps
55879 ms [UE 30040] UL Throughput = 0.0 Mbps
55997 ms [UE 30040] UL Throughput = 0.01952 Mbps
55997 ms [UE 42234] UL Throughput = 0.0 Mbps
56097 ms [UE 30040] UL Throughput = 0.0 Mbps
56097 ms [UE 42234] UL Throughput = 0.01237 Mbps
56100 ms [UE 42234] UL Throughput = 0.0 Mbps
56104 ms [UE 30040] UL Throughput = 0.0 Mbps
56104 ms [UE 42234] UL Throughput = 0.04592 Mbps
56190 ms [UE 42234] UL Throughput = 0.0 Mbps
56278 ms [UE 30040] UL Throughput = 0.03367 Mbps
56278 ms [UE 42234] UL Throughput = 0.0 Mbps
56363 ms [UE 30040] UL Throughput = 0.09116 Mbps
56459 ms [UE 30040] UL Throughput = 0.0 Mbps
56459 ms [UE 42234] UL Throughput = 0.0 Mbps
56460 ms [UE 30040] UL Throughput = 0.0 Mbps
56460 ms [UE 42234] UL Throughput = 0.0 Mbps
56569 ms [UE 30040] UL Throughput = 0.08337 Mbps
56686 ms [UE 30040] UL Throughput = 0.05113 Mbps
56686 ms [UE 42234] UL Throughput = 0.04439 Mbps
56765 ms [UE 30040] UL Throughput = 0.0 Mbps
56770 ms [UE 30040] UL Throughput = 0.05253 Mbps
56770 ms [UE 42234] UL Throughput = 0.0 Mbps
56857 ms [UE 30040] UL Throughput = 0.0 Mbps
56857 ms [UE 42234] UL Throughput = 0.0 Mbps
56959 ms [UE 30040] UL Throughput = 0.02388 Mbps
56959 ms [UE 42234] UL Throughput = 0.0 Mbps
57041 ms [UE 30040] UL Throughput = 0.0 Mbps
57041 ms [UE 42234] UL Throughput = 0.07768 Mbps
57045 ms [UE 30040] UL Throughput = 0.0 Mbps
57045 ms [UE 42234] UL Throughput = 0.06342 Mbps
57125 ms [UE 30040] UL Throughput = 0.01737 Mbps
57125 ms [UE 42234] UL Throughput = 0.01049 Mbps
57228 ms [UE 30040] UL Throughput = 0.08934 Mbps
57228 ms [UE 42234] UL Throughput = 0.01662 Mbps
57331 ms [UE 30040] UL Throughput = 0.03667 Mbps
57331 ms [UE 42234] UL Throughput = 0.10819 Mbps
57417 ms [UE 30040] UL Throughput = 0.02232 Mbps
57417 ms [UE 42234] UL Throughput = 0.0 Mbps
57508 ms [UE 30040] UL Throughput = 0.04692 Mbps
57508 ms [UE 42234] UL Throughput = 0.0 Mbps
57608 ms [UE 30040] UL Throughput = 0.0 Mbps
57608 ms [UE 42234] UL Throughput = 0.09283 Mbps
57735 ms [UE 30040] UL Throughput = 0.09735 Mbps
57735 ms [UE 42234] UL Throughput = 0.0 Mbps
57824 ms [UE 30040] UL Throughput = 0.0 Mbps
57824 ms [UE 42234] UL Throughput = 0.0 Mbps
57897 ms [UE 30040] UL Throughput = 0.08613 Mbps
57897 ms [UE 42234] UL Throughput = 0.0 Mbps
58001 ms [UE 30040] UL Throughput = 0.0 Mbps
58001 ms [UE 42234] UL Throughput = 0.0 Mbps
58106 ms [UE 30040] UL Throughput = 0.05149 Mbps
58106 ms [UE 42234] UL Throughput = 0.01858 Mbps
58189 ms [UE 30040] UL Throughput = 0.0 Mbps
58189 ms [UE 42234] UL Throughput = 0.0 Mbps
58303 ms [UE 30040] UL Throughput = 0.02574 Mbps
58303 ms [UE 42234] UL Throughput = 0.02954 Mbps
58403 ms [UE 30040] UL Throughput = 0.0 Mbps
58403 ms [UE 42234] UL Throughput = 0.0 Mbps
58479 ms [UE 30040] UL Throughput = 0.0557 Mbps
58479 ms [UE 42234] UL Throughput = 0.05499 Mbps
58484 ms [UE 30040] UL Throughput = 0.0 Mbps
58484 ms [UE 42234] UL Throughput = 0.05668 Mbps
58486 ms [UE 30040] UL Throughput = 0.0 Mbps
58486 ms [UE 42234] UL Throughput = 0.0 Mbps
58587 ms [UE 30040] UL Throughput = 0.0 Mbps
58587 ms [UE 42234] UL Throughput = 0.0 Mbps
58591 ms [UE 30040] UL Throughput = 0.0 Mbps
58591 ms [UE 42234] UL Throughput = 0.10209 Mbps
58713 ms [UE 30040] UL Throughput = 0.03278 Mbps
58713 ms [UE 42234] UL Throughput = 0.0 Mbps
58819 ms [UE 30040] UL Throughput = 0.081 Mbps
58819 ms [UE 42234] UL Throughput = 0.08452 Mbps
58929 ms [UE 30040] UL Throughput = 0.0335 Mbps
58929 ms [UE 42234] UL Throughput = 0.0 Mbps
58933 ms [UE 30040] UL Throughput = 0.03764 Mbps
58933 ms [UE 42234] UL Throughput = 0.05589 Mbps
59059 ms [UE 30040] UL Throughput = 0.02948 Mbps
59059 ms [UE 42234] UL Throughput = 0.08764 Mbps
59130 ms [UE 42234] UL Throughput = 0.0 Mbps
59133 ms [UE 30040] UL Throughput = 0.0 Mbps
59133 ms [UE 42234] UL Throughput = 0.0 Mbps
59253 ms [UE 30040] UL Throughput = 0.05014 Mbps
59253 ms [UE 42234] UL Throughput = 0.06032 Mbps
59351 ms [UE 42234] UL Throughput = 0.0544 Mbps
59436 ms [UE 30040] UL Throughput = 0.04083 Mbps
59436 ms [UE 42234] UL Throughput = 0.02141 Mbps
59550 ms [UE 30040] UL Throughput = 0.0 Mbps
59550 ms [UE 42234] UL Throughput = 0.01375 Mbps
59666 ms [UE 30040] UL Throughput = 0.0 Mbps
59666 ms [UE 42234] UL Throughput = 0.0 Mbps
59799 ms [UE 30040] UL Throughput = 0.0686 Mbps
59799 ms [UE 42234] UL Throughput = 0.0 Mbps
59902 ms [UE 30040] UL Throughput = 0.04568 Mbps
59902 ms [UE 42234] UL Throughput = 0.09958 Mbps
60033 ms [UE 30040] UL Throughput = 0.0 Mbps
60033 ms [UE 42234] UL Throughput = 0.0 Mbps
60142 ms [UE 30040] UL Throughput = 0.0 Mbps
60142 ms [UE 42234] UL Throughput = 0.07764 Mbps
60148 ms [UE 30040] UL Throughput = 0.0 Mbps
60148 ms [UE 42234] UL Throughput = 0.0 Mbps
60257 ms [UE 30040] UL Throughput = 0.07475 Mbps
60259 ms [UE 30040] UL Throughput = 0.0 Mbps
60259 ms [UE 42234] UL Throughput = 0.11486 Mbps
60346 ms [UE 30040] UL Throughput = 0.0194 Mbps
60346 ms [UE 42234] UL Throughput = 0.0 Mbps
60479 ms [UE 30040] UL Throughput = 0.0 Mbps
60479 ms [UE 42234] UL Throughput = 0.09863 Mbps
60576 ms [UE 30040] UL Throughput = 0.02491 Mbps
60576 ms [UE 42234] UL Throughput = 0.0 Mbps
60686 ms [UE 30040] UL Throughput = 0.08592 Mbps
60686 ms [UE 42234] UL Throughput = 0.0 Mbps
60763 ms [UE 30040] UL Throughput = 0.0 Mbps
60855 ms [UE 30040] UL Throughput = 0.0 Mbps
60855 ms [UE 42234] UL Throughput = 0.0 Mbps
60940 ms [UE 30040] UL Throughput = 0.0 Mbps
60940 ms [UE 42234] UL Throughput = 0.04806 Mbps
60942 ms [UE 30040] UL Throughput = 0.06351 Mbps
60942 ms [UE 42234] UL Throughput = 0.0 Mbps
61016 ms [UE 30040] UL Throughput = 0.03429 Mbps
61125 ms [UE 30040] UL Throughput = 0.0 Mbps
61221 ms [UE 30040] UL Throughput = 0.05397 Mbps
61221 ms [UE 42234] UL Throughput = 0.0 Mbps
61348 ms [UE 30040] UL Throughput = 0.0 Mbps
61348 ms [UE 42234] UL Throughput = 0.0 Mbps
61449 ms [UE 30040] UL Throughput = 0.0 Mbps
61449 ms [UE 42234] UL Throughput = 0.0 Mbps
61541 ms [UE 30040] UL Throughput = 0.0 Mbps
61541 ms [UE 42234] UL Throughput = 0.0 Mbps
61648 ms [UE 30040] UL Throughput = 0.03081 Mbps
61648 ms [UE 42234] UL Throughput = 0.02901 Mbps
61750 ms [UE 30040] UL Throughput = 0.04603 Mbps
61750 ms [UE 42234] UL Throughput = 0.04675 Mbps
61814 ms [UE 30040] UL Throughput = 0.07604 Mbps
61814 ms [UE 42234] UL Throughput = 0.0 Mbps
61816 ms [UE 30040] UL Throughput = 0.0 Mbps
61816 ms [UE 42234] UL Throughput = 0.0 Mbps
61883 ms [UE 30040] UL Throughput = 0.0 Mbps
61883 ms [UE 42234] UL Throughput = 0.01776 Mbps
61980 ms [UE 30040] UL Throughput = 0.0134 Mbps
61980 ms [UE 42234] UL Throughput = 0.06746 Mbps
61985 ms [UE 30040] UL Throughput = 0.09434 Mbps
61985 ms [UE 42234] UL Throughput = 0.09363 Mbps
61986 ms [UE 30040] UL Throughput = 0.08299 Mbps
61986 ms [UE 42234] UL Throughput = 0.05176 Mbps
62089 ms [UE 30040] UL Throughput = 0.01626 Mbps
62089 ms [UE 42234] UL Throughput = 0.0 Mbps
62175 ms [UE 42234] UL Throughput = 0.0 Mbps
62280 ms [UE 30040] UL Throughput = 0.04864 Mbps
62280 ms [UE 42234] UL Throughput = 0.0 Mbps
62395 ms [UE 30040] UL Throughput = 0.0 Mbps
62395 ms [UE 42234] UL Throughput = 0.0 Mbps
62513 ms [UE 30040] UL Throughput = 0.0 Mbps
62513 ms [UE 42234] UL Throughput = 0.09558 Mbps
62619 ms [UE 30040] UL Throughput = 0.05749 Mbps
62619 ms [UE 42234] UL Throughput = 0.0 Mbps
62623 ms [UE 30040] UL Throughput = 0.09395 Mbps
62629 ms [UE 42234] UL Throughput = 0.0 Mbps
62728 ms [UE 30040] UL Throughput = 0.0 Mbps
62728 ms [UE 42234] UL Throughput = 0.0 Mbps
62824 ms [UE 42234] UL Throughput = 0.0 Mbps
62932 ms [UE 30040] UL Throughput = 0.12815 Mbps
62932 ms [UE 42234] UL Throughput = 0.0 Mbps
63062 ms [UE 30040] UL Throughput = 0.0 Mbps
63165 ms [UE 42234] UL Throughput = 0.10304 Mbps
63270 ms [UE 30040] UL Throughput = 0.0 Mbps
63270 ms [UE 42234] UL Throughput = 0.03217 Mbps
63364 ms [UE 30040] UL Throughput = 0.0 Mbps
63364 ms [UE 42234] UL Throughput = 0.0 Mbps
63491 ms [UE 30040] UL Throughput = 0.08262 Mbps
63491 ms [UE 42234] UL Throughput = 0.08855 Mbps
63496 ms [UE 30040] UL Throughput = 0.06422 Mbps
63496 ms [UE 42234] UL Throughput = 0.0 Mbps
63596 ms [UE 42234] UL Throughput = 0.0 Mbps
63669 ms [UE 30040] UL Throughput = 0.01538 Mbps
63669 ms [UE 42234] UL Throughput = 0.0 Mbps
63753 ms [UE 30040] UL Throughput = 0.0 Mbps
63753 ms [UE 42234] UL Throughput = 0.0 Mbps
63858 ms [UE 30040] UL Throughput = 0.09508 Mbps
63858 ms [UE 42234] UL Throughput = 0.0 Mbps
63968 ms [UE 30040] UL Throughput = 0.04832 Mbps
63968 ms [UE 42234] UL Throughput = 0.07904 Mbps
63970 ms [UE 30040] UL Throughput = 0.01204 Mbps
63970 ms [UE 42234] UL Throughput = 0.0 Mbps
63975 ms [UE 30040] UL Throughput = 0.06668 Mbps
63975 ms [UE 42234] UL Throughput = 0.03094 Mbps
64074 ms [UE 30040] UL Throughput = 0.0 Mbps
64074 ms [UE 42234] UL Throughput = 0.0 Mbps
64173 ms [UE 30040] UL Throughput = 0.0 Mbps
64173 ms [UE 42234] UL Throughput = 0.0 Mbps
64286 ms [UE 30040] UL Throughput = 0.01705 Mbps
64286 ms [UE 42234] UL Throughput = 0.0 Mbps
64291 ms [UE 30040] UL Throughput = 0.07848 Mbps
64388 ms [UE 30040] UL Throughput = 0.01914 Mbps
64388 ms [UE 42234] UL Throughput = 0.06862 Mbps
64394 ms [UE 30040] UL Throughput = 0.08857 Mbps
64394 ms [UE 42234] UL Throughput = 0.15594 Mbps
64398 ms [UE 30040] UL Throughput = 0.06146 Mbps
64398 ms [UE 42234] UL Throughput = 0.0 Mbps
64399 ms [UE 42234] UL Throughput = 0.0 Mbps
64499 ms [UE 30040] UL Throughput = 0.0 Mbps
64499 ms [UE 42234] UL Throughput = 0.03786 Mbps
64577 ms [UE 30040] UL Throughput = 0.04464 Mbps
64577 ms [UE 42234] UL Throughput = 0.0 Mbps
64677 ms [UE 30040] UL Throughput = 0.0 Mbps
64677 ms [UE 42234] UL Throughput = 0.0 Mbps
64788 ms [UE 30040] UL Throughput = 0.09763 Mbps
64788 ms [UE 42234] UL Throughput = 0.08002 Mbps
64897 ms [UE 30040] UL Throughput = 0.0 Mbps
64987 ms [UE 30040] UL Throughput = 0.08868 Mbps
64987 ms [UE 42234] UL Throughput = 0.03004 Mbps
64992 ms [UE 30040] UL Throughput = 0.0 Mbps
64992 ms [UE 42234] UL Throughput = 0.0 Mbps
65107 ms [UE 30040] UL Throughput = 0.0 Mbps
65107 ms [UE 42234] UL Throughput = 0.09095 Mbps
65112 ms [UE 30040] UL Throughput = 0.0 Mbps
65112 ms [UE 42234] UL Throughput = 0.05811 Mbps
65116 ms [UE 30040] UL Throughput = 0.03068 Mbps
65116 ms [UE 42234] UL Throughput = 0.06254 Mbps
65194 ms [UE 30040] UL Throughput = 0.05609 Mbps
65194 ms [UE 42234] UL Throughput = 0.02119 Mbps
65311 ms [UE 42234] UL Throughput = 0.0 Mbps
65426 ms [UE 30040] UL Throughput = 0.069 Mbps
65426 ms [UE 42234] UL Throughput = 0.08364 Mbps
65503 ms [UE 30040] UL Throughput = 0.08295 Mbps
65503 ms [UE 42234] UL Throughput = 0.04706 Mbps
65617 ms [UE 30040] UL Throughput = 0.0709 Mbps
65617 ms [UE 42234] UL Throughput = 0.0 Mbps
65704 ms [UE 30040] UL Throughput = 0.06411 Mbps
65704 ms [UE 42234] UL Throughput = 0.06872 Mbps
65782 ms [UE 30040] UL Throughput = 0.0 Mbps
65868 ms [UE 30040] UL Throughput = 0.05261 Mbps
65868 ms [UE 42234] UL Throughput = 0.0 Mbps
65966 ms [UE 30040] UL Throughput = 0.0 Mbps
65966 ms [UE 42234] UL Throughput = 0.0 Mbps
65971 ms [UE 30040] UL Throughput = 0.04379 Mbps
65971 ms [UE 42234] UL Throughput = 0.0 Mbps
66056 ms [UE 30040] UL Throughput = 0.0 Mbps
66056 ms [UE 42234] UL Throughput = 0.0 Mbps
66149 ms [UE 30040] UL Throughput = 0.0 Mbps
66149 ms [UE 42234] UL Throughput = 0.03512 Mbps
66261 ms [UE 30040] UL Throughput = 0.0 Mbps
66261 ms [UE 42234] UL Throughput = 0.02306 Mbps
66344 ms [UE 30040] UL Throughput = 0.0 Mbps
66344 ms [UE 42234] UL Throughput = 0.02694 Mbps
66462 ms [UE 30040] UL Throughput = 0.09677 Mbps
66462 ms [UE 42234] UL Throughput = 0.08249 Mbps
66569 ms [UE 30040] UL Throughput = 0.02988 Mbps
66569 ms [UE 42234] UL Throughput = 0.06095 Mbps
66575 ms [UE 42234] UL Throughput = 0.10399 Mbps
66577 ms [UE 30040] UL Throughput = 0.04579 Mbps
66577 ms [UE 42234] UL Throughput = 0.06654 Mbps
66684 ms [UE 30040] UL Throughput = 0.0183 Mbps
66684 ms [UE 42234] UL Throughput = 0.0 Mbps
66790 ms [UE 30040] UL Throughput = 0.0 Mbps
66790 ms [UE 42234] UL Throughput = 0.0 Mbps
66907 ms [UE 42234] UL Throughput = 0.0 Mbps
66991 ms [UE 42234] UL Throughput = 0.0259 Mbps
67092 ms [UE 30040] UL Throughput = 0.0 Mbps
67092 ms [UE 42234] UL Throughput = 0.09212 Mbps
67191 ms [UE 30040] UL Throughput = 0.0 Mbps
67191 ms [UE 42234] UL Throughput = 0.03382 Mbps
67291 ms [UE 30040] UL Throughput = 0.01489 Mbps
67291 ms [UE 42234] UL Throughput = 0.09122 Mbps
67292 ms [UE 30040] UL Throughput = 0.08639 Mbps
67292 ms [UE 42234] UL Throughput = 0.03818 Mbps
67393 ms [UE 30040] UL Throughput = 0.06788 Mbps
67393 ms [UE 42234] UL Throughput = 0.03188 Mbps
67491 ms [UE 30040] UL Throughput = 0.0 Mbps
67491 ms [UE 42234] UL Throughput = 0.0 Mbps
67593 ms [UE 30040] UL Throughput = 0.0 Mbps
67593 ms [UE 42234] UL Throughput = 0.0779 Mbps
67677 ms [UE 30040] UL Throughput = 0.10139 Mbps
67677 ms [UE 42234] UL Throughput = 0.0 Mbps
67683 ms [UE 30040] UL Throughput = 0.0642 Mbps
67683 ms [UE 42234] UL Throughput = 0.0 Mbps
67764 ms [UE 42234] UL Throughput = 0.07204 Mbps
67840 ms [UE 30040] UL Throughput = 0.0 Mbps
67840 ms [UE 42234] UL Throughput = 0.0 Mbps
67932 ms [UE 30040] UL Throughput = 0.0 Mbps
67936 ms [UE 30040] UL Throughput = 0.0 Mbps
67936 ms [UE 42234] UL Throughput = 0.0 Mbps
68052 ms [UE 30040] UL Throughput = 0.0716 Mbps
68052 ms [UE 42234] UL Throughput = 0.04813 Mbps
68123 ms [UE 42234] UL Throughput = 0.01927 Mbps
68220 ms [UE 30040] UL Throughput = 0.0 Mbps
68220 ms [UE 42234] UL Throughput = 0.0 Mbps
68310 ms [UE 42234] UL Throughput = 0.01785 Mbps
68402 ms [UE 30040] UL Throughput = 0.05301 Mbps
68533 ms [UE 30040] UL Throughput = 0.02369 Mbps
68533 ms [UE 42234] UL Throughput = 0.0 Mbps
68620 ms [UE 30040] UL Throughput = 0.0 Mbps
68620 ms [UE 42234] UL Throughput = 0.0 Mbps
68732 ms [UE 30040] UL Throughput = 0.04504 Mbps
68732 ms [UE 42234] UL Throughput = 0.0 Mbps
68804 ms [UE 30040] UL Throughput = 0.02792 Mbps
68804 ms [UE 42234] UL Throughput = 0.03345 Mbps
68924 ms [UE 30040] UL Throughput = 0.09311 Mbps
69019 ms [UE 30040] UL Throughput = 0.0 Mbps
69022 ms [UE 30040] UL Throughput = 0.04643 Mbps
69022 ms [UE 42234] UL Throughput = 0.06635 Mbps
69098 ms [UE 30040] UL Throughput = 0.08683 Mbps
69098 ms [UE 42234] UL Throughput = 0.03856 Mbps
69204 ms [UE 30040] UL Throughput = 0.0 Mbps
69204 ms [UE 42234] UL Throughput = 0.09997 Mbps
69316 ms [UE 30040] UL Throughput = 0.0 Mbps
69316 ms [UE 42234] UL Throughput = 0.01236 Mbps
69401 ms [UE 42234] UL Throughput = 0.06138 Mbps
69533 ms [UE 30040] UL Throughput = 0.0 Mbps
69533 ms [UE 42234] UL Throughput = 0.0 Mbps
69623 ms [UE 30040] UL Throughput = 0.0984 Mbps
69623 ms [UE 42234] UL Throughput = 0.0 Mbps
69628 ms [UE 30040] UL Throughput = 0.0 Mbps
69628 ms [UE 42234] UL Throughput = 0.0 Mbps
69721 ms [UE 30040] UL Throughput = 0.04576 Mbps
69721 ms [UE 42234] UL Throughput = 0.0 Mbps
69827 ms [UE 30040] UL Throughput = 0.17237 Mbps
69903 ms [UE 30040] UL Throughput = 0.08484 Mbps
69903 ms [UE 42234] UL Throughput = 0.0 Mbps
69906 ms [UE 30040] UL Throughput = 0.07055 Mbps
69906 ms [UE 42234] UL Throughput = 0.0 Mbps
69909 ms [UE 30040] UL Throughput = 0.0 Mbps
69909 ms [UE 42234] UL Throughput = 0.02664 Mbps
70027 ms [UE 30040] UL Throughput = 0.01488 Mbps
70027 ms [UE 42234] UL Throughput = 0.05445 Mbps
70104 ms [UE 30040] UL Throughput = 0.012 Mbps
70104 ms [UE 42234] UL Throughput = 0.05767 Mbps
70201 ms [UE 30040] UL Throughput = 0.06324 Mbps
70201 ms [UE 42234] UL Throughput = 0.13502 Mbps
70202 ms [UE 30040] UL Throughput = 0.0 Mbps
70202 ms [UE 42234] UL Throughput = 0.09303 Mbps
70296 ms [UE 30040] UL Throughput = 0.0 Mbps
70296 ms [UE 42234] UL Throughput = 0.06961 Mbps
70398 ms [UE 30040] UL Throughput = 0.05723 Mbps
70398 ms [UE 42234] UL Throughput = 0.0 Mbps
70495 ms [UE 30040] UL Throughput = 0.0 Mbps
70495 ms [UE 42234] UL Throughput = 0.01982 Mbps
70634 ms [UE 30040] UL Throughput = 0.0968 Mbps
70634 ms [UE 42234] UL Throughput = 0.08293 Mbps
70637 ms [UE 30040] UL Throughput = 0.09713 Mbps
70637 ms [UE 42234] UL Throughput = 0.06835 Mbps
70731 ms [UE 30040] UL Throughput = 0.0 Mbps
70731 ms [UE 42234] UL Throughput = 0.0 Mbps
70736 ms [UE 30040] UL Throughput = 0.0 Mbps
70736 ms [UE 42234] UL Throughput = 0.02192 Mbps
70823 ms [UE 30040] UL Throughput = 0.0794 Mbps
70823 ms [UE 42234] UL Throughput = 0.0 Mbps
70948 ms [UE 30040] UL Throughput = 0.09717 Mbps
70948 ms [UE 42234] UL Throughput = 0.0 Mbps
70952 ms [UE 42234] UL Throughput = 0.0 Mbps
71067 ms [UE 30040] UL Throughput = 0.0 Mbps
71067 ms [UE 42234] UL Throughput = 0.06291 Mbps
71071 ms [UE 42234] UL Throughput = 0.0 Mbps
71137 ms [UE 30040] UL Throughput = 0.0632 Mbps
71137 ms [UE 42234] UL Throughput = 0.01542 Mbps
71234 ms [UE 30040] UL Throughput = 0.14951 Mbps
71234 ms [UE 42234] UL Throughput = 0.0 Mbps
71307 ms [UE 30040] UL Throughput = 0.0 Mbps
71307 ms [UE 42234] UL Throughput = 0.0 Mbps
71404 ms [UE 30040] UL Throughput = 0.05283 Mbps
71408 ms [UE 30040] UL Throughput = 0.0 Mbps
71408 ms [UE 42234] UL Throughput = 0.0 Mbps
71486 ms [UE 30040] UL Throughput = 0.0 Mbps
71486 ms [UE 42234] UL Throughput = 0.0 Mbps
71491 ms [UE 30040] UL Throughput = 0.0 Mbps
71491 ms [UE 42234] UL Throughput = 0.0 Mbps
71584 ms [UE 30040] UL Throughput = 0.05499 Mbps
71584 ms [UE 42234] UL Throughput = 0.07465 Mbps
71585 ms [UE 30040] UL Throughput = 0.05598 Mbps
71585 ms [UE 42234] UL Throughput = 0.01025 Mbps
71678 ms [UE 30040] UL Throughput = 0.09164 Mbps
71678 ms [UE 42234] UL Throughput = 0.07151 Mbps
71755 ms [UE 30040] UL Throughput = 0.08401 Mbps
71755 ms [UE 42234] UL Throughput = 0.0 Mbps
71851 ms [UE 30040] UL Throughput = 0.01663 Mbps
71851 ms [UE 42234] UL Throughput = 0.14944 Mbps
71994 ms [UE 30040] UL Throughput = 0.04408 Mbps
71994 ms [UE 42234] UL Throughput = 0.02248 Mbps
71996 ms [UE 30040] UL Throughput = 0.0 Mbps
71996 ms [UE 42234] UL Throughput = 0.0 Mbps
72128 ms [UE 30040] UL Throughput = 0.05959 Mbps
72128 ms [UE 42234] UL Throughput = 0.0 Mbps
72133 ms [UE 30040] UL Throughput = 0.01286 Mbps
72133 ms [UE 42234] UL Throughput = 0.07267 Mbps
72135 ms [UE 30040] UL Throughput = 0.03482 Mbps
72135 ms [UE 42234] UL Throughput = 0.0926 Mbps
72250 ms [UE 30040] UL Throughput = 0.07452 Mbps
72250 ms [UE 42234] UL Throughput = 0.02148 Mbps
72354 ms [UE 30040] UL Throughput = 0.0 Mbps
72354 ms [UE 42234] UL Throughput = 0.02551 Mbps
72358 ms [UE 30040] UL Throughput = 0.09435 Mbps
72358 ms [UE 42234] UL Throughput = 0.07056 Mbps
72470 ms [UE 30040] UL Throughput = 0.03318 Mbps
72470 ms [UE 42234] UL Throughput = 0.04466 Mbps
72568 ms [UE 30040] UL Throughput = 0.05552 Mbps
72568 ms [UE 42234] UL Throughput = 0.01473 Mbps
72671 ms [UE 30040] UL Throughput = 0.0 Mbps
72766 ms [UE 30040] UL Throughput = 0.03448 Mbps
72766 ms [UE 42234] UL Throughput = 0.0872 Mbps
72854 ms [UE 30040] UL Throughput = 0.05933 Mbps
72854 ms [UE 42234] UL Throughput = 0.12263 Mbps
72939 ms [UE 30040] UL Throughput = 0.04423 Mbps
73017 ms [UE 30040] UL Throughput = 0.0 Mbps
73017 ms [UE 42234] UL Throughput = 0.02898 Mbps
73102 ms [UE 30040] UL Throughput = 0.05888 Mbps
73102 ms [UE 42234] UL Throughput = 0.0 Mbps
73204 ms [UE 30040] UL Throughput = 0.0 Mbps
73204 ms [UE 42234] UL Throughput = 0.0 Mbps
73309 ms [UE 30040] UL Throughput = 0.0843 Mbps
73309 ms [UE 42234] UL Throughput = 0.0 Mbps
73311 ms [UE 30040] UL Throughput = 0.06434 Mbps
73311 ms [UE 42234] UL Throughput = 0.16276 Mbps
73394 ms [UE 30040] UL Throughput = 0.0 Mbps
73394 ms [UE 42234] UL Throughput = 0.0 Mbps
73498 ms [UE 30040] UL Throughput = 0.06593 Mbps
73498 ms [UE 42234] UL Throughput = 0.0 Mbps
73635 ms [UE 30040] UL Throughput = 0.0 Mbps
73635 ms [UE 42234] UL Throughput = 0.07934 Mbps
73755 ms [UE 30040] UL Throughput = 0.07574 Mbps
73845 ms [UE 42234] UL Throughput = 0.0 Mbps
73851 ms [UE 30040] UL Throughput = 0.0 Mbps
73851 ms [UE 42234] UL Throughput = 0.04021 Mbps
73933 ms [UE 30040] UL Throughput = 0.06627 Mbps
73933 ms [UE 42234] UL Throughput = 0.0 Mbps
74044 ms [UE 30040] UL Throughput = 0.08477 Mbps
74044 ms [UE 42234] UL Throughput = 0.02709 Mbps
74157 ms [UE 30040] UL Throughput = 0.07369 Mbps
74157 ms [UE 42234] UL Throughput = 0.06614 Mbps
74261 ms [UE 30040] UL Throughput = 0.0 Mbps
74261 ms [UE 42234] UL Throughput = 0.06518 Mbps
74367 ms [UE 30040] UL Throughput = 0.04048 Mbps
74367 ms [UE 42234] UL Throughput = 0.04937 Mbps
74495 ms [UE 30040] UL Throughput = 0.0445 Mbps
74495 ms [UE 42234] UL Throughput = 0.0 Mbps
74587 ms [UE 30040] UL Throughput = 0.10234 Mbps
74587 ms [UE 42234] UL Throughput = 0.04828 Mbps
74686 ms [UE 30040] UL Throughput = 0.08121 Mbps
74686 ms [UE 42234] UL Throughput = 0.0 Mbps
74796 ms [UE 30040] UL Throughput = 0.02623 Mbps
74796 ms [UE 42234] UL Throughput = 0.0 Mbps
74871 ms [UE 30040] UL Throughput = 0.0 Mbps
74871 ms [UE 42234] UL Throughput = 0.08828 Mbps
74874 ms [UE 30040] UL Throughput = 0.05343 Mbps
74874 ms [UE 42234] UL Throughput = 0.06027 Mbps
74877 ms [UE 30040] UL Throughput = 0.07437 Mbps
74877 ms [UE 42234] UL Throughput = 0.0 Mbps
75019 ms [UE 30040] UL Throughput = 0.0 Mbps
75019 ms [UE 42234] UL Throughput = 0.0 Mbps
75106 ms [UE 30040] UL Throughput = 0.0 Mbps
75106 ms [UE 42234] UL Throughput = 0.0 Mbps
75210 ms [UE 30040] UL Throughput = 0.06781 Mbps
75210 ms [UE 42234] UL Throughput = 0.06902 Mbps
75215 ms [UE 30040] UL Throughput = 0.0 Mbps
75287 ms [UE 30040] UL Throughput = 0.0 Mbps
75287 ms [UE 42234] UL Throughput = 0.06089 Mbps
75395 ms [UE 30040] UL Throughput = 0.04057 Mbps
75395 ms [UE 42234] UL Throughput = 0.0 Mbps
75529 ms [UE 42234] UL Throughput = 0.0204 Mbps
75638 ms [UE 30040] UL Throughput = 0.0 Mbps
75638 ms [UE 42234] UL Throughput = 0.12221 Mbps
75729 ms [UE 30040] UL Throughput = 0.07309 Mbps
75729 ms [UE 42234] UL Throughput = 0.0521 Mbps
75813 ms [UE 30040] UL Throughput = 0.07909 Mbps
75813 ms [UE 42234] UL Throughput = 0.0 Mbps
75916 ms [UE 30040] UL Throughput = 0.07023 Mbps
75916 ms [UE 42234] UL Throughput = 0.04333 Mbps
76032 ms [UE 30040] UL Throughput = 0.0 Mbps
76032 ms [UE 42234] UL Throughput = 0.0 Mbps
76153 ms [UE 30040] UL Throughput = 0.0 Mbps
76153 ms [UE 42234] UL Throughput = 0.05158 Mbps
76239 ms [UE 30040] UL Throughput = 0.0 Mbps
76239 ms [UE 42234] UL Throughput = 0.0 Mbps
76242 ms [UE 30040] UL Throughput = 0.0 Mbps
76242 ms [UE 42234] UL Throughput = 0.09008 Mbps
76363 ms [UE 42234] UL Throughput = 0.07099 Mbps
76456 ms [UE 30040] UL Throughput = 0.02636 Mbps
76456 ms [UE 42234] UL Throughput = 0.0 Mbps
76540 ms [UE 30040] UL Throughput = 0.10042 Mbps
76540 ms [UE 42234] UL Throughput = 0.02357 Mbps
76648 ms [UE 30040] UL Throughput = 0.06352 Mbps
76648 ms [UE 42234] UL Throughput = 0.0 Mbps
76651 ms [UE 42234] UL Throughput = 0.0 Mbps
76763 ms [UE 30040] UL Throughput = 0.0 Mbps
76763 ms [UE 42234] UL Throughput = 0.08559 Mbps
76872 ms [UE 30040] UL Throughput = 0.0 Mbps
76872 ms [UE 42234] UL Throughput = 0.0 Mbps
76977 ms [UE 30040] UL Throughput = 0.0 Mbps
76977 ms [UE 42234] UL Throughput = 0.05105 Mbps
77083 ms [UE 42234] UL Throughput = 0.0 Mbps
77089 ms [UE 30040] UL Throughput = 0.02208 Mbps
77178 ms [UE 30040] UL Throughput = 0.0 Mbps
77277 ms [UE 30040] UL Throughput = 0.01706 Mbps
77277 ms [UE 42234] UL Throughput = 0.08248 Mbps
77382 ms [UE 30040] UL Throughput = 0.08414 Mbps
77382 ms [UE 42234] UL Throughput = 0.0 Mbps
77490 ms [UE 30040] UL Throughput = 0.06259 Mbps
77490 ms [UE 42234] UL Throughput = 0.05655 Mbps
77610 ms [UE 30040] UL Throughput = 0.0 Mbps
77610 ms [UE 42234] UL Throughput = 0.0 Mbps
77715 ms [UE 30040] UL Throughput = 0.0 Mbps
77715 ms [UE 42234] UL Throughput = 0.08177 Mbps
77798 ms [UE 30040] UL Throughput = 0.08952 Mbps
77798 ms [UE 42234] UL Throughput = 0.09467 Mbps
77887 ms [UE 30040] UL Throughput = 0.06027 Mbps
77887 ms [UE 42234] UL Throughput = 0.0 Mbps
78011 ms [UE 42234] UL Throughput = 0.01136 Mbps
78015 ms [UE 42234] UL Throughput = 0.0 Mbps
78021 ms [UE 30040] UL Throughput = 0.04024 Mbps
78021 ms [UE 42234] UL Throughput = 0.0 Mbps
78152 ms [UE 42234] UL Throughput = 0.0 Mbps
78240 ms [UE 30040] UL Throughput = 0.0 Mbps
78240 ms [UE 42234] UL Throughput = 0.02754 Mbps
78348 ms [UE 30040] UL Throughput = 0.0683 Mbps
78348 ms [UE 42234] UL Throughput = 0.0 Mbps
78352 ms [UE 30040] UL Throughput = 0.0 Mbps
78475 ms [UE 30040] UL Throughput = 0.0 Mbps
78475 ms [UE 42234] UL Throughput = 0.0 Mbps
78557 ms [UE 30040] UL Throughput = 0.0 Mbps
78557 ms [UE 42234] UL Throughput = 0.05699 Mbps
78679 ms [UE 30040] UL Throughput = 0.06172 Mbps
78679 ms [UE 42234] UL Throughput = 0.0 Mbps
78765 ms [UE 30040] UL Throughput = 0.0 Mbps
78765 ms [UE 42234] UL Throughput = 0.0 Mbps
78879 ms [UE 30040] UL Throughput = 0.07164 Mbps
78879 ms [UE 42234] UL Throughput = 0.05015 Mbps
78984 ms [UE 30040] UL Throughput = 0.0566 Mbps
78984 ms [UE 42234] UL Throughput = 0.0 Mbps
79086 ms [UE 30040] UL Throughput = 0.05958 Mbps
79086 ms [UE 42234] UL Throughput = 0.0 Mbps
79214 ms [UE 30040] UL Throughput = 0.0 Mbps
79214 ms [UE 42234] UL Throughput = 0.0 Mbps
79215 ms [UE 30040] UL Throughput = 0.09008 Mbps
79215 ms [UE 42234] UL Throughput = 0.0 Mbps
79317 ms [UE 30040] UL Throughput = 0.04739 Mbps
79317 ms [UE 42234] UL Throughput = 0.0 Mbps
79321 ms [UE 42234] UL Throughput = 0.0 Mbps
79323 ms [UE 30040] UL Throughput = 0.0 Mbps
79430 ms [UE 30040] UL Throughput = 0.08085 Mbps
79430 ms [UE 42234] UL Throughput = 0.0 Mbps
79529 ms [UE 30040] UL Throughput = 0.0819 Mbps
79529 ms [UE 42234] UL Throughput = 0.0 Mbps
79617 ms [UE 30040] UL Throughput = 0.03214 Mbps
79617 ms [UE 42234] UL Throughput = 0.0994 Mbps
79746 ms [UE 30040] UL Throughput = 0.0381 Mbps
79746 ms [UE 42234] UL Throughput = 0.0 Mbps
79857 ms [UE 42234] UL Throughput = 0.0 Mbps
79959 ms [UE 30040] UL Throughput = 0.04075 Mbps
79959 ms [UE 42234] UL Throughput = 0.03642 Mbps
80063 ms [UE 30040] UL Throughput = 0.0 Mbps
80063 ms [UE 42234] UL Throughput = 0.0 Mbps
80149 ms [UE 30040] UL Throughput = 0.0 Mbps
80149 ms [UE 42234] UL Throughput = 0.0 Mbps
80225 ms [UE 30040] UL Throughput = 0.02657 Mbps
80225 ms [UE 42234] UL Throughput = 0.0 Mbps
80324 ms [UE 30040] UL Throughput = 0.02599 Mbps
80412 ms [UE 30040] UL Throughput = 0.07984 Mbps
80412 ms [UE 42234] UL Throughput = 0.0 Mbps
80514 ms [UE 30040] UL Throughput = 0.03235 Mbps
80514 ms [UE 42234] UL Throughput = 0.0 Mbps
80597 ms [UE 30040] UL Throughput = 0.07259 Mbps
80597 ms [UE 42234] UL Throughput = 0.0 Mbps
80602 ms [UE 30040] UL Throughput = 0.0 Mbps
80602 ms [UE 42234] UL Throughput = 0.05214 Mbps
80681 ms [UE 30040] UL Throughput = 0.02773 Mbps
80681 ms [UE 42234] UL Throughput = 0.0 Mbps
80769 ms [UE 42234] UL Throughput = 0.09449 Mbps
80879 ms [UE 42234] UL Throughput = 0.0 Mbps
80989 ms [UE 42234] UL Throughput = 0.01508 Mbps
80995 ms [UE 30040] UL Throughput = 0.04178 Mbps
80995 ms [UE 42234] UL Throughput = 0.06497 Mbps
81106 ms [UE 30040] UL Throughput = 0.0 Mbps
81106 ms [UE 42234] UL Throughput = 0.04915 Mbps
81213 ms [UE 30040] UL Throughput = 0.0 Mbps
81213 ms [UE 42234] UL Throughput = 0.0 Mbps
81218 ms [UE 30040] UL Throughput = 0.0 Mbps
81220 ms [UE 30040] UL Throughput = 0.0 Mbps
81220 ms [UE 42234] UL Throughput = 0.09702 Mbps
81335 ms [UE 30040] UL Throughput = 0.0 Mbps
81335 ms [UE 42234] UL Throughput = 0.0 Mbps
81422 ms [UE 30040] UL Throughput = 0.0 Mbps
81422 ms [UE 42234] UL Throughput = 0.0 Mbps
81525 ms [UE 30040] UL Throughput = 0.0 Mbps
81525 ms [UE 42234] UL Throughput = 0.0 Mbps
81629 ms [UE 30040] UL Throughput = 0.0 Mbps
81629 ms [UE 42234] UL Throughput = 0.0 Mbps
81635 ms [UE 30040] UL Throughput = 0.08111 Mbps
81734 ms [UE 30040] UL Throughput = 0.05004 Mbps
81734 ms [UE 42234] UL Throughput = 0.0 Mbps
81825 ms [UE 30040] UL Throughput = 0.0 Mbps
81825 ms [UE 42234] UL Throughput = 0.09605 Mbps
81949 ms [UE 30040] UL Throughput = 0.03485 Mbps
81949 ms [UE 42234] UL Throughput = 0.0 Mbps
82055 ms [UE 30040] UL Throughput = 0.03054 Mbps
82055 ms [UE 42234] UL Throughput = 0.0 Mbps
82148 ms [UE 30040] UL Throughput = 0.0 Mbps
82148 ms [UE 42234] UL Throughput = 0.0 Mbps
82154 ms [UE 30040] UL Throughput = 0.0 Mbps
82154 ms [UE 42234] UL Throughput = 0.0 Mbps
82160 ms [UE 30040] UL Throughput = 0.0 Mbps
82160 ms [UE 42234] UL Throughput = 0.0 Mbps
82275 ms [UE 30040] UL Throughput = 0.10635 Mbps
82275 ms [UE 42234] UL Throughput = 0.0 Mbps
82369 ms [UE 30040] UL Throughput = 0.0 Mbps
82370 ms [UE 42234] UL Throughput = 0.08862 Mbps
82480 ms [UE 30040] UL Throughput = 0.09052 Mbps
82480 ms [UE 42234] UL Throughput = 0.09128 Mbps
82573 ms [UE 30040] UL Throughput = 0.07556 Mbps
82573 ms [UE 42234] UL Throughput = 0.0 Mbps
82651 ms [UE 30040] UL Throughput = 0.0148 Mbps
82651 ms [UE 42234] UL Throughput = 0.0 Mbps
82744 ms [UE 30040] UL Throughput = 0.0 Mbps
82744 ms [UE 42234] UL Throughput = 0.08771 Mbps
82853 ms [UE 30040] UL Throughput = 0.05589 Mbps
82853 ms [UE 42234] UL Throughput = 0.0 Mbps
82922 ms [UE 30040] UL Throughput = 0.0 Mbps
82922 ms [UE 42234] UL Throughput = 0.0 Mbps
83019 ms [UE 30040] UL Throughput = 0.03809 Mbps
83125 ms [UE 42234] UL Throughput = 0.04685 Mbps
83214 ms [UE 42234] UL Throughput = 0.0 Mbps
83309 ms [UE 30040] UL Throughput = 0.0378 Mbps
83433 ms [UE 30040] UL Throughput = 0.0653 Mbps
83433 ms [UE 42234] UL Throughput = 0.17473 Mbps
83513 ms [UE 30040] UL Throughput = 0.09857 Mbps
83513 ms [UE 42234] UL Throughput = 0.0 Mbps
83597 ms [UE 30040] UL Throughput = 0.06233 Mbps
83597 ms [UE 42234] UL Throughput = 0.0 Mbps
83601 ms [UE 30040] UL Throughput = 0.05951 Mbps
83601 ms [UE 42234] UL Throughput = 0.0779 Mbps
83692 ms [UE 30040] UL Throughput = 0.02979 Mbps
83692 ms [UE 42234] UL Throughput = 0.0 Mbps
83791 ms [UE 30040] UL Throughput = 0.0 Mbps
83791 ms [UE 42234] UL Throughput = 0.01847 Mbps
83794 ms [UE 30040] UL Throughput = 0.0 Mbps
83794 ms [UE 42234] UL Throughput = 0.09475 Mbps
83909 ms [UE 42234] UL Throughput = 0.01347 Mbps
83999 ms [UE 30040] UL Throughput = 0.0 Mbps
83999 ms [UE 42234] UL Throughput = 0.09537 Mbps
84121 ms [UE 30040] UL Throughput = 0.0 Mbps
84121 ms [UE 42234] UL Throughput = 0.0 Mbps
84222 ms [UE 30040] UL Throughput = 0.0 Mbps
84222 ms [UE 42234] UL Throughput = 0.08733 Mbps
84224 ms [UE 30040] UL Throughput = 0.0229 Mbps
84224 ms [UE 42234] UL Throughput = 0.0861 Mbps
84229 ms [UE 30040] UL Throughput = 0.07392 Mbps
84229 ms [UE 42234] UL Throughput = 0.0 Mbps
84230 ms [UE 30040] UL Throughput = 0.07403 Mbps
84230 ms [UE 42234] UL Throughput = 0.0 Mbps
84326 ms [UE 30040] UL Throughput = 0.0 Mbps
84326 ms [UE 42234] UL Throughput = 0.02163 Mbps
84328 ms [UE 30040] UL Throughput = 0.01762 Mbps
84328 ms [UE 42234] UL Throughput = 0.07507 Mbps
84407 ms [UE 30040] UL Throughput = 0.0 Mbps
84407 ms [UE 42234] UL Throughput = 0.05042 Mbps
84413 ms [UE 30040] UL Throughput = 0.01587 Mbps
84495 ms [UE 30040] UL Throughput = 0.0 Mbps
84495 ms [UE 42234] UL Throughput = 0.09557 Mbps
84601 ms [UE 30040] UL Throughput = 0.0 Mbps
84605 ms [UE 30040] UL Throughput = 0.0 Mbps
84609 ms [UE 30040] UL Throughput = 0.0 Mbps
84609 ms [UE 42234] UL Throughput = 0.0 Mbps
84612 ms [UE 30040] UL Throughput = 0.1445 Mbps
84612 ms [UE 42234] UL Throughput = 0.12954 Mbps
84616 ms [UE 30040] UL Throughput = 0.04955 Mbps
84616 ms [UE 42234] UL Throughput = 0.0 Mbps
84724 ms [UE 30040] UL Throughput = 0.09016 Mbps
84724 ms [UE 42234] UL Throughput = 0.0 Mbps
84811 ms [UE 30040] UL Throughput = 0.03859 Mbps
84811 ms [UE 42234] UL Throughput = 0.01035 Mbps
84898 ms [UE 30040] UL Throughput = 0.01179 Mbps
84898 ms [UE 42234] UL Throughput = 0.0 Mbps
85014 ms [UE 30040] UL Throughput = 0.0 Mbps
85014 ms [UE 42234] UL Throughput = 0.03803 Mbps
85107 ms [UE 30040] UL Throughput = 0.0 Mbps
85107 ms [UE 42234] UL Throughput = 0.06977 Mbps
85228 ms [UE 30040] UL Throughput = 0.05235 Mbps
85231 ms [UE 30040] UL Throughput = 0.11129 Mbps
85231 ms [UE 42234] UL Throughput = 0.0 Mbps
85349 ms [UE 30040] UL Throughput = 0.0 Mbps
85349 ms [UE 42234] UL Throughput = 0.06463 Mbps
85445 ms [UE 30040] UL Throughput = 0.0 Mbps
85445 ms [UE 42234] UL Throughput = 0.0108 Mbps
85563 ms [UE 30040] UL Throughput = 0.09249 Mbps
85563 ms [UE 42234] UL Throughput = 0.02643 Mbps
85569 ms [UE 30040] UL Throughput = 0.0 Mbps
85569 ms [UE 42234] UL Throughput = 0.0 Mbps
85652 ms [UE 30040] UL Throughput = 0.0585 Mbps
85652 ms [UE 42234] UL Throughput = 0.02539 Mbps
85657 ms [UE 30040] UL Throughput = 0.07122 Mbps
85657 ms [UE 42234] UL Throughput = 0.0 Mbps
85732 ms [UE 30040] UL Throughput = 0.0 Mbps
85732 ms [UE 42234] UL Throughput = 0.09885 Mbps
85863 ms [UE 30040] UL Throughput = 0.0 Mbps
85964 ms [UE 30040] UL Throughput = 0.11293 Mbps
85964 ms [UE 42234] UL Throughput = 0.0 Mbps
85970 ms [UE 30040] UL Throughput = 0.08737 Mbps
85970 ms [UE 42234] UL Throughput = 0.05974 Mbps
86049 ms [UE 30040] UL Throughput = 0.05236 Mbps
86049 ms [UE 42234] UL Throughput = 0.03984 Mbps
86159 ms [UE 30040] UL Throughput = 0.0 Mbps
86159 ms [UE 42234] UL Throughput = 0.10432 Mbps
86272 ms [UE 30040] UL Throughput = 0.0 Mbps
86272 ms [UE 42234] UL Throughput = 0.0 Mbps
86362 ms [UE 30040] UL Throughput = 0.0 Mbps
86362 ms [UE 42234] UL Throughput = 0.06745 Mbps
86365 ms [UE 30040] UL Throughput = 0.0 Mbps
86365 ms [UE 42234] UL Throughput = 0.08386 Mbps
86466 ms [UE 30040] UL Throughput = 0.0 Mbps
86466 ms [UE 42234] UL Throughput = 0.0 Mbps
86552 ms [UE 42234] UL Throughput = 0.07229 Mbps
86649 ms [UE 30040] UL Throughput = 0.0 Mbps
86649 ms [UE 42234] UL Throughput = 0.08017 Mbps
86747 ms [UE 30040] UL Throughput = 0.08219 Mbps
86747 ms [UE 42234] UL Throughput = 0.0934 Mbps
86859 ms [UE 30040] UL Throughput = 0.0 Mbps
86859 ms [UE 42234] UL Throughput = 0.0 Mbps
86954 ms [UE 30040] UL Throughput = 0.0 Mbps
86954 ms [UE 42234] UL Throughput = 0.04746 Mbps
87039 ms [UE 30040] UL Throughput = 0.07299 Mbps
87039 ms [UE 42234] UL Throughput = 0.03489 Mbps
87153 ms [UE 30040] UL Throughput = 0.0 Mbps
87153 ms [UE 42234] UL Throughput = 0.0 Mbps
87244 ms [UE 30040] UL Throughput = 0.0 Mbps
87244 ms [UE 42234] UL Throughput = 0.08544 Mbps
87249 ms [UE 30040] UL Throughput = 0.04055 Mbps
87249 ms [UE 42234] UL Throughput = 0.0963 Mbps
87350 ms [UE 30040] UL Throughput = 0.07895 Mbps
87350 ms [UE 42234] UL Throughput = 0.02496 Mbps
87473 ms [UE 30040] UL Throughput = 0.1836 Mbps
87473 ms [UE 42234] UL Throughput = 0.0 Mbps
87587 ms [UE 30040] UL Throughput = 0.04219 Mbps
87587 ms [UE 42234] UL Throughput = 0.04125 Mbps
87681 ms [UE 30040] UL Throughput = 0.0 Mbps
87681 ms [UE 42234] UL Throughput = 0.0 Mbps
87791 ms [UE 30040] UL Throughput = 0.07057 Mbps
87791 ms [UE 42234] UL Throughput = 0.0853 Mbps
87882 ms [UE 30040] UL Throughput = 0.0 Mbps
87882 ms [UE 42234] UL Throughput = 0.05645 Mbps
87979 ms [UE 42234] UL Throughput = 0.01111 Mbps
88067 ms [UE 30040] UL Throughput = 0.0 Mbps
88067 ms [UE 42234] UL Throughput = 0.02985 Mbps
88168 ms [UE 30040] UL Throughput = 0.08869 Mbps
88168 ms [UE 42234] UL Throughput = 0.0 Mbps
88283 ms [UE 30040] UL Throughput = 0.0 Mbps
88283 ms [UE 42234] UL Throughput = 0.03162 Mbps
88397 ms [UE 30040] UL Throughput = 0.03625 Mbps
88397 ms [UE 42234] UL Throughput = 0.02135 Mbps
88489 ms [UE 30040] UL Throughput = 0.0 Mbps
88489 ms [UE 42234] UL Throughput = 0.08401 Mbps
88600 ms [UE 30040] UL Throughput = 0.0 Mbps
88600 ms [UE 42234] UL Throughput = 0.0 Mbps
88605 ms [UE 30040] UL Throughput = 0.0 Mbps
88605 ms [UE 42234] UL Throughput = 0.0605 Mbps
88607 ms [UE 30040] UL Throughput = 0.0 Mbps
88706 ms [UE 30040] UL Throughput = 0.0 Mbps
88706 ms [UE 42234] UL Throughput = 0.16156 Mbps
88820 ms [UE 30040] UL Throughput = 0.0 Mbps
88820 ms [UE 42234] UL Throughput = 0.04305 Mbps
88931 ms [UE 30040] UL Throughput = 0.02991 Mbps
88931 ms [UE 42234] UL Throughput = 0.05892 Mbps
89030 ms [UE 30040] UL Throughput = 0.05153 Mbps
89030 ms [UE 42234] UL Throughput = 0.0 Mbps
89139 ms [UE 30040] UL Throughput = 0.0 Mbps
89243 ms [UE 30040] UL Throughput = 0.06729 Mbps
89243 ms [UE 42234] UL Throughput = 0.0 Mbps
89354 ms [UE 30040] UL Throughput = 0.06948 Mbps
89354 ms [UE 42234] UL Throughput = 0.07877 Mbps
89452 ms [UE 30040] UL Throughput = 0.0 Mbps
89452 ms [UE 42234] UL Throughput = 0.07581 Mbps
89559 ms [UE 30040] UL Throughput = 0.07456 Mbps
89559 ms [UE 42234] UL Throughput = 0.02529 Mbps
89648 ms [UE 30040] UL Throughput = 0.0 Mbps
89648 ms [UE 42234] UL Throughput = 0.05168 Mbps
89746 ms [UE 30040] UL Throughput = 0.0 Mbps
89746 ms [UE 42234] UL Throughput = 0.0426 Mbps
89820 ms [UE 30040] UL Throughput = 0.0 Mbps
89820 ms [UE 42234] UL Throughput = 0.03261 Mbps
89824 ms [UE 30040] UL Throughput = 0.06926 Mbps
89824 ms [UE 42234] UL Throughput = 0.0 Mbps
