[UTIL]: Setting the config -c file to /usr/local/etc/flexric/flexric.conf
[UTIL]: Setting path -p for the shared libraries to /usr/local/lib/flexric/
[xAapp]: Initializing ... 
[xApp]: nearRT-RIC IP Address = 192.168.70.150, PORT = 36422
[E2 AGENT]: Opening plugin from path = /usr/local/lib/flexric/libkpm_sm.so 
[E2 AGENT]: Opening plugin from path = /usr/local/lib/flexric/libmac_sm.so 
[E2 AGENT]: Opening plugin from path = /usr/local/lib/flexric/libpdcp_sm.so 
[E2 AGENT]: Opening plugin from path = /usr/local/lib/flexric/libgtp_sm.so 
[E2 AGENT]: Opening plugin from path = /usr/local/lib/flexric/librc_sm.so 
[E2 AGENT]: Opening plugin from path = /usr/local/lib/flexric/libtc_sm.so 
[E2 AGENT]: Opening plugin from path = /usr/local/lib/flexric/librlc_sm.so 
[E2 AGENT]: Opening plugin from path = /usr/local/lib/flexric/libslice_sm.so 
[NEAR-RIC]: Loading SM ID = 2 with def = ORAN-E2SM-KPM 
[NEAR-RIC]: Loading SM ID = 142 with def = MAC_STATS_V0 
[NEAR-RIC]: Loading SM ID = 144 with def = PDCP_STATS_V0 
[NEAR-RIC]: Loading SM ID = 148 with def = GTP_STATS_V0 
[NEAR-RIC]: Loading SM ID = 3 with def = ORAN-E2SM-RC 
[NEAR-RIC]: Loading SM ID = 146 with def = TC_STATS_V0 
[NEAR-RIC]: Loading SM ID = 143 with def = RLC_STATS_V0 
[NEAR-RIC]: Loading SM ID = 145 with def = SLICE_STATS_V0 
[xApp]: DB filename = /tmp/flexric/xapp_db 
 [xApp]: E42 SETUP-REQUEST tx
[xApp]: E42 SETUP-RESPONSE rx 
[xApp]: xApp ID = 14
[xApp]: Registered E2 Nodes = 4 
Connected E2 nodes = 4
[xAPP] Registered node 0 ran func id = 2
[xAPP] Registered node 0 ran func id = 3
[xAPP] Registered node 0 ran func id = 142
[xAPP] Registered node 0 ran func id = 143
[xAPP] Registered node 0 ran func id = 144
[xAPP] Registered node 0 ran func id = 145
[xAPP] Registered node 0 ran func id = 146
[xAPP] Registered node 0 ran func id = 148
[xApp]: E42 RIC SUBSCRIPTION REQUEST tx RAN_FUNC_ID 144 RIC_REQ_ID 1 
[xApp]: SUBSCRIPTION RESPONSE rx
[xApp]: Successfully subscribed to RAN_FUNC_ID 144 
[xAPP] Registered node 1 ran func id = 2
[xAPP] Registered node 1 ran func id = 3
[xAPP] Registered node 1 ran func id = 142
[xAPP] Registered node 1 ran func id = 143
[xAPP] Registered node 1 ran func id = 144
[xAPP] Registered node 1 ran func id = 145
[xAPP] Registered node 1 ran func id = 146
[xAPP] Registered node 1 ran func id = 148
[xAPP] Registered node 2 ran func id = 2
[xAPP] Registered node 2 ran func id = 3
[xAPP] Registered node 2 ran func id = 142
[xAPP] Registered node 2 ran func id = 143
[xAPP] Registered node 2 ran func id = 144
[xAPP] Registered node 2 ran func id = 145
[xAPP] Registered node 2 ran func id = 146
[xAPP] Registered node 2 ran func id = 148
[xApp]: E42 RIC SUBSCRIPTION REQUEST tx RAN_FUNC_ID 142 RIC_REQ_ID 2 
7 ms | now=1755815452085481 us | PDCP ind_msg latency=71856988 us
[xApp]: SUBSCRIPTION RESPONSE rx
[xApp]: Successfully subscribed to RAN_FUNC_ID 142 
[xAPP] Registered node 3 ran func id = 2
[xAPP] Registered node 3 ran func id = 3
[xAPP] Registered node 3 ran func id = 142
[xAPP] Registered node 3 ran func id = 143
[xAPP] Registered node 3 ran func id = 144
[xAPP] Registered node 3 ran func id = 145
[xAPP] Registered node 3 ran func id = 146
[xAPP] Registered node 3 ran func id = 148
[xApp]: E42 RIC SUBSCRIPTION REQUEST tx RAN_FUNC_ID 142 RIC_REQ_ID 3 
[xApp]: SUBSCRIPTION RESPONSE rx
[xApp]: Successfully subscribed to RAN_FUNC_ID 142 
401 ms [UE 42234] UL Throughput = 0.08961 Mbps
506 ms [UE 30040] UL Throughput = 0.04469 Mbps
506 ms [UE 42234] UL Throughput = 0.0 Mbps
596 ms [UE 30040] UL Throughput = 0.09374 Mbps
596 ms [UE 42234] UL Throughput = 0.01193 Mbps
695 ms [UE 30040] UL Throughput = 0.0 Mbps
695 ms [UE 42234] UL Throughput = 0.0 Mbps
701 ms [UE 30040] UL Throughput = 0.0 Mbps
701 ms [UE 42234] UL Throughput = 0.0 Mbps
808 ms [UE 30040] UL Throughput = 0.0 Mbps
808 ms [UE 42234] UL Throughput = 0.0 Mbps
814 ms [UE 30040] UL Throughput = 0.0 Mbps
814 ms [UE 42234] UL Throughput = 0.02597 Mbps
818 ms [UE 30040] UL Throughput = 0.0 Mbps
818 ms [UE 42234] UL Throughput = 0.09097 Mbps
931 ms [UE 30040] UL Throughput = 0.0 Mbps
931 ms [UE 42234] UL Throughput = 0.02394 Mbps
1042 ms [UE 30040] UL Throughput = 0.07933 Mbps
1042 ms [UE 42234] UL Throughput = 0.02677 Mbps
1043 ms [UE 30040] UL Throughput = 0.0 Mbps
1145 ms [UE 30040] UL Throughput = 0.0 Mbps
1145 ms [UE 42234] UL Throughput = 0.03982 Mbps
1234 ms [UE 30040] UL Throughput = 0.0 Mbps
1234 ms [UE 42234] UL Throughput = 0.05732 Mbps
1309 ms [UE 30040] UL Throughput = 0.03634 Mbps
1309 ms [UE 42234] UL Throughput = 0.0 Mbps
1449 ms [UE 30040] UL Throughput = 0.03077 Mbps
1556 ms [UE 30040] UL Throughput = 0.0 Mbps
1556 ms [UE 42234] UL Throughput = 0.0 Mbps
1663 ms [UE 30040] UL Throughput = 0.0 Mbps
1663 ms [UE 42234] UL Throughput = 0.0 Mbps
1668 ms [UE 30040] UL Throughput = 0.0211 Mbps
1668 ms [UE 42234] UL Throughput = 0.12053 Mbps
1763 ms [UE 30040] UL Throughput = 0.14939 Mbps
1763 ms [UE 42234] UL Throughput = 0.09686 Mbps
1861 ms [UE 30040] UL Throughput = 0.02159 Mbps
1861 ms [UE 42234] UL Throughput = 0.0 Mbps
1954 ms [UE 30040] UL Throughput = 0.0 Mbps
1954 ms [UE 42234] UL Throughput = 0.0 Mbps
2071 ms [UE 42234] UL Throughput = 0.0 Mbps
2151 ms [UE 30040] UL Throughput = 0.0 Mbps
2151 ms [UE 42234] UL Throughput = 0.06002 Mbps
2230 ms [UE 30040] UL Throughput = 0.07205 Mbps
2230 ms [UE 42234] UL Throughput = 0.0 Mbps
2324 ms [UE 42234] UL Throughput = 0.0 Mbps
2412 ms [UE 42234] UL Throughput = 0.0 Mbps
2414 ms [UE 30040] UL Throughput = 0.02664 Mbps
2414 ms [UE 42234] UL Throughput = 0.09894 Mbps
2534 ms [UE 30040] UL Throughput = 0.0 Mbps
2534 ms [UE 42234] UL Throughput = 0.0 Mbps
2628 ms [UE 30040] UL Throughput = 0.07425 Mbps
2628 ms [UE 42234] UL Throughput = 0.0 Mbps
2634 ms [UE 30040] UL Throughput = 0.09374 Mbps
2634 ms [UE 42234] UL Throughput = 0.01688 Mbps
2710 ms [UE 30040] UL Throughput = 0.0 Mbps
2710 ms [UE 42234] UL Throughput = 0.0 Mbps
2716 ms [UE 42234] UL Throughput = 0.04667 Mbps
2805 ms [UE 30040] UL Throughput = 0.0 Mbps
2805 ms [UE 42234] UL Throughput = 0.0 Mbps
2900 ms [UE 30040] UL Throughput = 0.07237 Mbps
2900 ms [UE 42234] UL Throughput = 0.0 Mbps
2970 ms [UE 30040] UL Throughput = 0.0 Mbps
2970 ms [UE 42234] UL Throughput = 0.02015 Mbps
3070 ms [UE 30040] UL Throughput = 0.0 Mbps
3074 ms [UE 30040] UL Throughput = 0.0468 Mbps
3074 ms [UE 42234] UL Throughput = 0.0 Mbps
3164 ms [UE 42234] UL Throughput = 0.0 Mbps
3233 ms [UE 30040] UL Throughput = 0.04739 Mbps
3341 ms [UE 30040] UL Throughput = 0.0 Mbps
3341 ms [UE 42234] UL Throughput = 0.0 Mbps
3412 ms [UE 30040] UL Throughput = 0.05172 Mbps
3412 ms [UE 42234] UL Throughput = 0.0457 Mbps
3416 ms [UE 30040] UL Throughput = 0.03699 Mbps
3416 ms [UE 42234] UL Throughput = 0.08775 Mbps
3528 ms [UE 30040] UL Throughput = 0.08284 Mbps
3528 ms [UE 42234] UL Throughput = 0.0 Mbps
3534 ms [UE 30040] UL Throughput = 0.19574 Mbps
3534 ms [UE 42234] UL Throughput = 0.04114 Mbps
3629 ms [UE 30040] UL Throughput = 0.04286 Mbps
3629 ms [UE 42234] UL Throughput = 0.07439 Mbps
3722 ms [UE 30040] UL Throughput = 0.0 Mbps
3722 ms [UE 42234] UL Throughput = 0.04997 Mbps
3830 ms [UE 30040] UL Throughput = 0.0 Mbps
3830 ms [UE 42234] UL Throughput = 0.01699 Mbps
3905 ms [UE 30040] UL Throughput = 0.08392 Mbps
3905 ms [UE 42234] UL Throughput = 0.09628 Mbps
3906 ms [UE 30040] UL Throughput = 0.01306 Mbps
3906 ms [UE 42234] UL Throughput = 0.0 Mbps
4012 ms [UE 30040] UL Throughput = 0.03759 Mbps
4012 ms [UE 42234] UL Throughput = 0.08169 Mbps
4125 ms [UE 30040] UL Throughput = 0.0 Mbps
4125 ms [UE 42234] UL Throughput = 0.0 Mbps
4194 ms [UE 30040] UL Throughput = 0.0 Mbps
4194 ms [UE 42234] UL Throughput = 0.0 Mbps
4200 ms [UE 30040] UL Throughput = 0.01197 Mbps
4200 ms [UE 42234] UL Throughput = 0.0 Mbps
4301 ms [UE 30040] UL Throughput = 0.0 Mbps
4301 ms [UE 42234] UL Throughput = 0.0 Mbps
4304 ms [UE 30040] UL Throughput = 0.02408 Mbps
4383 ms [UE 42234] UL Throughput = 0.0 Mbps
4389 ms [UE 30040] UL Throughput = 0.0 Mbps
4511 ms [UE 30040] UL Throughput = 0.09841 Mbps
4511 ms [UE 42234] UL Throughput = 0.0 Mbps
4612 ms [UE 30040] UL Throughput = 0.0 Mbps
4612 ms [UE 42234] UL Throughput = 0.0 Mbps
4696 ms [UE 30040] UL Throughput = 0.06607 Mbps
4696 ms [UE 42234] UL Throughput = 0.0 Mbps
4697 ms [UE 30040] UL Throughput = 0.05182 Mbps
4697 ms [UE 42234] UL Throughput = 0.04132 Mbps
4777 ms [UE 30040] UL Throughput = 0.01444 Mbps
4777 ms [UE 42234] UL Throughput = 0.0 Mbps
4852 ms [UE 30040] UL Throughput = 0.0521 Mbps
4852 ms [UE 42234] UL Throughput = 0.01559 Mbps
4939 ms [UE 30040] UL Throughput = 0.0 Mbps
4939 ms [UE 42234] UL Throughput = 0.01848 Mbps
4943 ms [UE 30040] UL Throughput = 0.01763 Mbps
4943 ms [UE 42234] UL Throughput = 0.0 Mbps
5051 ms [UE 30040] UL Throughput = 0.03414 Mbps
5051 ms [UE 42234] UL Throughput = 0.03602 Mbps
5157 ms [UE 30040] UL Throughput = 0.1699 Mbps
5157 ms [UE 42234] UL Throughput = 0.0 Mbps
5159 ms [UE 30040] UL Throughput = 0.0 Mbps
5159 ms [UE 42234] UL Throughput = 0.02788 Mbps
5255 ms [UE 30040] UL Throughput = 0.0 Mbps
5255 ms [UE 42234] UL Throughput = 0.0 Mbps
5327 ms [UE 30040] UL Throughput = 0.08424 Mbps
5327 ms [UE 42234] UL Throughput = 0.09759 Mbps
5426 ms [UE 30040] UL Throughput = 0.0 Mbps
5426 ms [UE 42234] UL Throughput = 0.06169 Mbps
5505 ms [UE 30040] UL Throughput = 0.0 Mbps
5505 ms [UE 42234] UL Throughput = 0.04926 Mbps
5508 ms [UE 30040] UL Throughput = 0.05461 Mbps
5605 ms [UE 30040] UL Throughput = 0.04513 Mbps
5605 ms [UE 42234] UL Throughput = 0.07593 Mbps
5695 ms [UE 42234] UL Throughput = 0.0 Mbps
5795 ms [UE 30040] UL Throughput = 0.0 Mbps
5795 ms [UE 42234] UL Throughput = 0.0 Mbps
5879 ms [UE 30040] UL Throughput = 0.11746 Mbps
5879 ms [UE 42234] UL Throughput = 0.0 Mbps
5970 ms [UE 42234] UL Throughput = 0.0 Mbps
6076 ms [UE 30040] UL Throughput = 0.0 Mbps
6076 ms [UE 42234] UL Throughput = 0.06182 Mbps
6166 ms [UE 30040] UL Throughput = 0.01495 Mbps
6166 ms [UE 42234] UL Throughput = 0.02701 Mbps
6255 ms [UE 30040] UL Throughput = 0.09331 Mbps
6255 ms [UE 42234] UL Throughput = 0.09202 Mbps
6374 ms [UE 30040] UL Throughput = 0.0 Mbps
6374 ms [UE 42234] UL Throughput = 0.0 Mbps
6376 ms [UE 30040] UL Throughput = 0.0 Mbps
6376 ms [UE 42234] UL Throughput = 0.0 Mbps
6378 ms [UE 30040] UL Throughput = 0.0 Mbps
6481 ms [UE 30040] UL Throughput = 0.05237 Mbps
6481 ms [UE 42234] UL Throughput = 0.04822 Mbps
6595 ms [UE 30040] UL Throughput = 0.05345 Mbps
6595 ms [UE 42234] UL Throughput = 0.073 Mbps
6599 ms [UE 30040] UL Throughput = 0.0 Mbps
6599 ms [UE 42234] UL Throughput = 0.0 Mbps
6698 ms [UE 30040] UL Throughput = 0.0 Mbps
6698 ms [UE 42234] UL Throughput = 0.0 Mbps
6811 ms [UE 30040] UL Throughput = 0.07207 Mbps
6811 ms [UE 42234] UL Throughput = 0.0 Mbps
6816 ms [UE 30040] UL Throughput = 0.08979 Mbps
6816 ms [UE 42234] UL Throughput = 0.05179 Mbps
6913 ms [UE 30040] UL Throughput = 0.09872 Mbps
6913 ms [UE 42234] UL Throughput = 0.03916 Mbps
6976 ms [UE 30040] UL Throughput = 0.0 Mbps
6976 ms [UE 42234] UL Throughput = 0.0 Mbps
7081 ms [UE 30040] UL Throughput = 0.08297 Mbps
7081 ms [UE 42234] UL Throughput = 0.07909 Mbps
7193 ms [UE 30040] UL Throughput = 0.0 Mbps
7290 ms [UE 30040] UL Throughput = 0.01392 Mbps
7290 ms [UE 42234] UL Throughput = 0.0 Mbps
7291 ms [UE 30040] UL Throughput = 0.0 Mbps
7291 ms [UE 42234] UL Throughput = 0.0 Mbps
7382 ms [UE 30040] UL Throughput = 0.03532 Mbps
7382 ms [UE 42234] UL Throughput = 0.08673 Mbps
7485 ms [UE 30040] UL Throughput = 0.0 Mbps
7485 ms [UE 42234] UL Throughput = 0.08851 Mbps
7581 ms [UE 30040] UL Throughput = 0.01634 Mbps
7581 ms [UE 42234] UL Throughput = 0.0 Mbps
7708 ms [UE 30040] UL Throughput = 0.06168 Mbps
7708 ms [UE 42234] UL Throughput = 0.06217 Mbps
7805 ms [UE 30040] UL Throughput = 0.01196 Mbps
7805 ms [UE 42234] UL Throughput = 0.01126 Mbps
7895 ms [UE 30040] UL Throughput = 0.03303 Mbps
7895 ms [UE 42234] UL Throughput = 0.13023 Mbps
8002 ms [UE 30040] UL Throughput = 0.0 Mbps
8002 ms [UE 42234] UL Throughput = 0.07841 Mbps
8096 ms [UE 42234] UL Throughput = 0.02632 Mbps
8191 ms [UE 30040] UL Throughput = 0.06105 Mbps
8304 ms [UE 30040] UL Throughput = 0.0 Mbps
8304 ms [UE 42234] UL Throughput = 0.05072 Mbps
8398 ms [UE 30040] UL Throughput = 0.05969 Mbps
8398 ms [UE 42234] UL Throughput = 0.0 Mbps
8498 ms [UE 30040] UL Throughput = 0.0 Mbps
8614 ms [UE 30040] UL Throughput = 0.06641 Mbps
8614 ms [UE 42234] UL Throughput = 0.0 Mbps
8722 ms [UE 30040] UL Throughput = 0.0 Mbps
8722 ms [UE 42234] UL Throughput = 0.0286 Mbps
8789 ms [UE 30040] UL Throughput = 0.08497 Mbps
8789 ms [UE 42234] UL Throughput = 0.0 Mbps
8914 ms [UE 42234] UL Throughput = 0.09493 Mbps
8915 ms [UE 30040] UL Throughput = 0.0 Mbps
8915 ms [UE 42234] UL Throughput = 0.0 Mbps
9013 ms [UE 30040] UL Throughput = 0.0 Mbps
9013 ms [UE 42234] UL Throughput = 0.0 Mbps
9018 ms [UE 30040] UL Throughput = 0.0 Mbps
9018 ms [UE 42234] UL Throughput = 0.04811 Mbps
9110 ms [UE 30040] UL Throughput = 0.0 Mbps
9110 ms [UE 42234] UL Throughput = 0.0 Mbps
9113 ms [UE 30040] UL Throughput = 0.08358 Mbps
9113 ms [UE 42234] UL Throughput = 0.04658 Mbps
9117 ms [UE 42234] UL Throughput = 0.10926 Mbps
9238 ms [UE 30040] UL Throughput = 0.01136 Mbps
9238 ms [UE 42234] UL Throughput = 0.0 Mbps
9334 ms [UE 30040] UL Throughput = 0.0 Mbps
9451 ms [UE 30040] UL Throughput = 0.0 Mbps
9451 ms [UE 42234] UL Throughput = 0.0 Mbps
9525 ms [UE 30040] UL Throughput = 0.0 Mbps
9525 ms [UE 42234] UL Throughput = 0.0 Mbps
9622 ms [UE 30040] UL Throughput = 0.0 Mbps
9705 ms [UE 30040] UL Throughput = 0.0 Mbps
9705 ms [UE 42234] UL Throughput = 0.08229 Mbps
9813 ms [UE 30040] UL Throughput = 0.01065 Mbps
9886 ms [UE 30040] UL Throughput = 0.0 Mbps
9886 ms [UE 42234] UL Throughput = 0.0 Mbps
9994 ms [UE 30040] UL Throughput = 0.0 Mbps
10101 ms [UE 30040] UL Throughput = 0.0 Mbps
10101 ms [UE 42234] UL Throughput = 0.0 Mbps
10190 ms [UE 30040] UL Throughput = 0.08821 Mbps
10190 ms [UE 42234] UL Throughput = 0.0 Mbps
10192 ms [UE 30040] UL Throughput = 0.0 Mbps
10192 ms [UE 42234] UL Throughput = 0.06895 Mbps
10194 ms [UE 30040] UL Throughput = 0.0 Mbps
10194 ms [UE 42234] UL Throughput = 0.0 Mbps
10199 ms [UE 30040] UL Throughput = 0.07236 Mbps
10199 ms [UE 42234] UL Throughput = 0.0 Mbps
10201 ms [UE 30040] UL Throughput = 0.0 Mbps
10298 ms [UE 30040] UL Throughput = 0.05948 Mbps
10298 ms [UE 42234] UL Throughput = 0.05456 Mbps
10393 ms [UE 42234] UL Throughput = 0.0 Mbps
10489 ms [UE 30040] UL Throughput = 0.0 Mbps
10489 ms [UE 42234] UL Throughput = 0.0 Mbps
10601 ms [UE 30040] UL Throughput = 0.0 Mbps
10601 ms [UE 42234] UL Throughput = 0.0 Mbps
10686 ms [UE 30040] UL Throughput = 0.02432 Mbps
10686 ms [UE 42234] UL Throughput = 0.02457 Mbps
10812 ms [UE 30040] UL Throughput = 0.08853 Mbps
10812 ms [UE 42234] UL Throughput = 0.0 Mbps
10897 ms [UE 42234] UL Throughput = 0.02722 Mbps
10995 ms [UE 30040] UL Throughput = 0.02365 Mbps
10995 ms [UE 42234] UL Throughput = 0.0 Mbps
11102 ms [UE 30040] UL Throughput = 0.0 Mbps
11102 ms [UE 42234] UL Throughput = 0.06988 Mbps
11202 ms [UE 30040] UL Throughput = 0.06422 Mbps
11335 ms [UE 30040] UL Throughput = 0.0 Mbps
11335 ms [UE 42234] UL Throughput = 0.0 Mbps
11438 ms [UE 30040] UL Throughput = 0.0329 Mbps
11545 ms [UE 30040] UL Throughput = 0.06393 Mbps
11545 ms [UE 42234] UL Throughput = 0.0142 Mbps
11657 ms [UE 30040] UL Throughput = 0.03751 Mbps
11657 ms [UE 42234] UL Throughput = 0.0 Mbps
11749 ms [UE 42234] UL Throughput = 0.0 Mbps
11856 ms [UE 30040] UL Throughput = 0.07189 Mbps
11856 ms [UE 42234] UL Throughput = 0.03516 Mbps
11950 ms [UE 30040] UL Throughput = 0.0 Mbps
11950 ms [UE 42234] UL Throughput = 0.08751 Mbps
12040 ms [UE 30040] UL Throughput = 0.0 Mbps
12040 ms [UE 42234] UL Throughput = 0.0 Mbps
12123 ms [UE 30040] UL Throughput = 0.05709 Mbps
12123 ms [UE 42234] UL Throughput = 0.04037 Mbps
12214 ms [UE 30040] UL Throughput = 0.08837 Mbps
12214 ms [UE 42234] UL Throughput = 0.0 Mbps
12338 ms [UE 30040] UL Throughput = 0.0 Mbps
12338 ms [UE 42234] UL Throughput = 0.09095 Mbps
12422 ms [UE 30040] UL Throughput = 0.03264 Mbps
12422 ms [UE 42234] UL Throughput = 0.0 Mbps
12511 ms [UE 30040] UL Throughput = 0.05874 Mbps
12511 ms [UE 42234] UL Throughput = 0.05034 Mbps
12604 ms [UE 30040] UL Throughput = 0.02975 Mbps
12604 ms [UE 42234] UL Throughput = 0.06454 Mbps
12723 ms [UE 30040] UL Throughput = 0.0 Mbps
12723 ms [UE 42234] UL Throughput = 0.0 Mbps
12810 ms [UE 30040] UL Throughput = 0.08411 Mbps
12810 ms [UE 42234] UL Throughput = 0.0672 Mbps
12906 ms [UE 30040] UL Throughput = 0.0 Mbps
12906 ms [UE 42234] UL Throughput = 0.0 Mbps
12907 ms [UE 42234] UL Throughput = 0.08381 Mbps
13009 ms [UE 30040] UL Throughput = 0.0 Mbps
13009 ms [UE 42234] UL Throughput = 0.06201 Mbps
13092 ms [UE 30040] UL Throughput = 0.03232 Mbps
13092 ms [UE 42234] UL Throughput = 0.0 Mbps
13093 ms [UE 30040] UL Throughput = 0.0 Mbps
13093 ms [UE 42234] UL Throughput = 0.05871 Mbps
13221 ms [UE 42234] UL Throughput = 0.0 Mbps
13303 ms [UE 30040] UL Throughput = 0.03596 Mbps
13408 ms [UE 42234] UL Throughput = 0.08043 Mbps
13474 ms [UE 30040] UL Throughput = 0.03823 Mbps
13474 ms [UE 42234] UL Throughput = 0.0 Mbps
13479 ms [UE 30040] UL Throughput = 0.05079 Mbps
13479 ms [UE 42234] UL Throughput = 0.05678 Mbps
13562 ms [UE 30040] UL Throughput = 0.0 Mbps
13562 ms [UE 42234] UL Throughput = 0.07535 Mbps
13568 ms [UE 30040] UL Throughput = 0.06896 Mbps
13568 ms [UE 42234] UL Throughput = 0.0 Mbps
13663 ms [UE 30040] UL Throughput = 0.02135 Mbps
13751 ms [UE 30040] UL Throughput = 0.01992 Mbps
13751 ms [UE 42234] UL Throughput = 0.08293 Mbps
13839 ms [UE 30040] UL Throughput = 0.01902 Mbps
13839 ms [UE 42234] UL Throughput = 0.0836 Mbps
13939 ms [UE 30040] UL Throughput = 0.0 Mbps
13939 ms [UE 42234] UL Throughput = 0.0858 Mbps
14051 ms [UE 30040] UL Throughput = 0.0 Mbps
14051 ms [UE 42234] UL Throughput = 0.0 Mbps
14134 ms [UE 30040] UL Throughput = 0.05439 Mbps
14134 ms [UE 42234] UL Throughput = 0.06498 Mbps
14246 ms [UE 30040] UL Throughput = 0.01097 Mbps
14246 ms [UE 42234] UL Throughput = 0.0 Mbps
14324 ms [UE 30040] UL Throughput = 0.0 Mbps
14324 ms [UE 42234] UL Throughput = 0.07561 Mbps
14443 ms [UE 30040] UL Throughput = 0.06965 Mbps
14529 ms [UE 30040] UL Throughput = 0.0 Mbps
14627 ms [UE 30040] UL Throughput = 0.09091 Mbps
14627 ms [UE 42234] UL Throughput = 0.01839 Mbps
14702 ms [UE 30040] UL Throughput = 0.0 Mbps
14702 ms [UE 42234] UL Throughput = 0.0 Mbps
14703 ms [UE 30040] UL Throughput = 0.03945 Mbps
14703 ms [UE 42234] UL Throughput = 0.06561 Mbps
14813 ms [UE 42234] UL Throughput = 0.05681 Mbps
14818 ms [UE 30040] UL Throughput = 0.02346 Mbps
14821 ms [UE 42234] UL Throughput = 0.0 Mbps
14917 ms [UE 30040] UL Throughput = 0.0 Mbps
14917 ms [UE 42234] UL Throughput = 0.06158 Mbps
15025 ms [UE 30040] UL Throughput = 0.0943 Mbps
15025 ms [UE 42234] UL Throughput = 0.05601 Mbps
15120 ms [UE 30040] UL Throughput = 0.06598 Mbps
15120 ms [UE 42234] UL Throughput = 0.0 Mbps
15241 ms [UE 30040] UL Throughput = 0.06267 Mbps
15241 ms [UE 42234] UL Throughput = 0.0 Mbps
15359 ms [UE 30040] UL Throughput = 0.0 Mbps
15359 ms [UE 42234] UL Throughput = 0.14914 Mbps
15441 ms [UE 30040] UL Throughput = 0.05489 Mbps
15441 ms [UE 42234] UL Throughput = 0.01487 Mbps
15533 ms [UE 30040] UL Throughput = 0.04898 Mbps
15533 ms [UE 42234] UL Throughput = 0.0913 Mbps
15643 ms [UE 30040] UL Throughput = 0.0 Mbps
15643 ms [UE 42234] UL Throughput = 0.0 Mbps
15741 ms [UE 30040] UL Throughput = 0.01725 Mbps
15741 ms [UE 42234] UL Throughput = 0.02621 Mbps
15819 ms [UE 30040] UL Throughput = 0.0 Mbps
15819 ms [UE 42234] UL Throughput = 0.0 Mbps
15926 ms [UE 30040] UL Throughput = 0.08558 Mbps
15926 ms [UE 42234] UL Throughput = 0.0372 Mbps
15930 ms [UE 30040] UL Throughput = 0.0 Mbps
15930 ms [UE 42234] UL Throughput = 0.0 Mbps
15936 ms [UE 42234] UL Throughput = 0.0 Mbps
16021 ms [UE 30040] UL Throughput = 0.09541 Mbps
16021 ms [UE 42234] UL Throughput = 0.04937 Mbps
16090 ms [UE 30040] UL Throughput = 0.07981 Mbps
16187 ms [UE 30040] UL Throughput = 0.0 Mbps
16187 ms [UE 42234] UL Throughput = 0.02615 Mbps
16280 ms [UE 30040] UL Throughput = 0.0 Mbps
16280 ms [UE 42234] UL Throughput = 0.0 Mbps
16369 ms [UE 30040] UL Throughput = 0.0 Mbps
16369 ms [UE 42234] UL Throughput = 0.03229 Mbps
16457 ms [UE 42234] UL Throughput = 0.06122 Mbps
16562 ms [UE 30040] UL Throughput = 0.0 Mbps
16562 ms [UE 42234] UL Throughput = 0.0 Mbps
16644 ms [UE 30040] UL Throughput = 0.01464 Mbps
16644 ms [UE 42234] UL Throughput = 0.06937 Mbps
16722 ms [UE 30040] UL Throughput = 0.0 Mbps
16722 ms [UE 42234] UL Throughput = 0.0 Mbps
16827 ms [UE 30040] UL Throughput = 0.09839 Mbps
16827 ms [UE 42234] UL Throughput = 0.02638 Mbps
16940 ms [UE 30040] UL Throughput = 0.06287 Mbps
16940 ms [UE 42234] UL Throughput = 0.02607 Mbps
16943 ms [UE 30040] UL Throughput = 0.01538 Mbps
16943 ms [UE 42234] UL Throughput = 0.02017 Mbps
16946 ms [UE 42234] UL Throughput = 0.03575 Mbps
17047 ms [UE 30040] UL Throughput = 0.0 Mbps
17047 ms [UE 42234] UL Throughput = 0.08461 Mbps
17130 ms [UE 30040] UL Throughput = 0.02936 Mbps
17130 ms [UE 42234] UL Throughput = 0.08921 Mbps
17223 ms [UE 30040] UL Throughput = 0.0 Mbps
17223 ms [UE 42234] UL Throughput = 0.0 Mbps
17339 ms [UE 30040] UL Throughput = 0.0 Mbps
17339 ms [UE 42234] UL Throughput = 0.0 Mbps
17461 ms [UE 30040] UL Throughput = 0.0 Mbps
17461 ms [UE 42234] UL Throughput = 0.09015 Mbps
17560 ms [UE 30040] UL Throughput = 0.0 Mbps
17560 ms [UE 42234] UL Throughput = 0.01702 Mbps
17562 ms [UE 30040] UL Throughput = 0.02035 Mbps
17562 ms [UE 42234] UL Throughput = 0.0 Mbps
17635 ms [UE 30040] UL Throughput = 0.08204 Mbps
17635 ms [UE 42234] UL Throughput = 0.0 Mbps
17727 ms [UE 30040] UL Throughput = 0.0 Mbps
17727 ms [UE 42234] UL Throughput = 0.0 Mbps
17831 ms [UE 30040] UL Throughput = 0.09661 Mbps
17831 ms [UE 42234] UL Throughput = 0.01488 Mbps
17833 ms [UE 30040] UL Throughput = 0.06748 Mbps
17833 ms [UE 42234] UL Throughput = 0.05896 Mbps
17839 ms [UE 30040] UL Throughput = 0.02323 Mbps
17839 ms [UE 42234] UL Throughput = 0.0 Mbps
17923 ms [UE 30040] UL Throughput = 0.0 Mbps
17923 ms [UE 42234] UL Throughput = 0.0 Mbps
18009 ms [UE 30040] UL Throughput = 0.0 Mbps
18011 ms [UE 30040] UL Throughput = 0.09884 Mbps
18011 ms [UE 42234] UL Throughput = 0.02503 Mbps
18100 ms [UE 30040] UL Throughput = 0.09623 Mbps
18179 ms [UE 42234] UL Throughput = 0.12483 Mbps
18264 ms [UE 30040] UL Throughput = 0.0 Mbps
18264 ms [UE 42234] UL Throughput = 0.06883 Mbps
18267 ms [UE 30040] UL Throughput = 0.08602 Mbps
18267 ms [UE 42234] UL Throughput = 0.0 Mbps
18363 ms [UE 30040] UL Throughput = 0.06283 Mbps
18363 ms [UE 42234] UL Throughput = 0.0 Mbps
18489 ms [UE 30040] UL Throughput = 0.0 Mbps
18489 ms [UE 42234] UL Throughput = 0.0 Mbps
18593 ms [UE 30040] UL Throughput = 0.0 Mbps
18692 ms [UE 42234] UL Throughput = 0.05969 Mbps
18790 ms [UE 42234] UL Throughput = 0.04577 Mbps
18901 ms [UE 30040] UL Throughput = 0.0 Mbps
18901 ms [UE 42234] UL Throughput = 0.0 Mbps
18905 ms [UE 42234] UL Throughput = 0.0 Mbps
18992 ms [UE 30040] UL Throughput = 0.0 Mbps
18992 ms [UE 42234] UL Throughput = 0.0 Mbps
19066 ms [UE 30040] UL Throughput = 0.0 Mbps
19066 ms [UE 42234] UL Throughput = 0.02617 Mbps
19180 ms [UE 30040] UL Throughput = 0.02874 Mbps
19180 ms [UE 42234] UL Throughput = 0.0 Mbps
19301 ms [UE 30040] UL Throughput = 0.0 Mbps
19301 ms [UE 42234] UL Throughput = 0.0 Mbps
19378 ms [UE 30040] UL Throughput = 0.09099 Mbps
19378 ms [UE 42234] UL Throughput = 0.0 Mbps
19484 ms [UE 30040] UL Throughput = 0.0 Mbps
19484 ms [UE 42234] UL Throughput = 0.09421 Mbps
19575 ms [UE 42234] UL Throughput = 0.03069 Mbps
19581 ms [UE 30040] UL Throughput = 0.0 Mbps
19581 ms [UE 42234] UL Throughput = 0.0 Mbps
19679 ms [UE 42234] UL Throughput = 0.06126 Mbps
19793 ms [UE 42234] UL Throughput = 0.08808 Mbps
19891 ms [UE 30040] UL Throughput = 0.0 Mbps
19891 ms [UE 42234] UL Throughput = 0.12827 Mbps
19985 ms [UE 30040] UL Throughput = 0.0 Mbps
19985 ms [UE 42234] UL Throughput = 0.0 Mbps
20106 ms [UE 42234] UL Throughput = 0.0 Mbps
20197 ms [UE 30040] UL Throughput = 0.0 Mbps
20197 ms [UE 42234] UL Throughput = 0.0918 Mbps
20280 ms [UE 30040] UL Throughput = 0.07326 Mbps
20280 ms [UE 42234] UL Throughput = 0.0 Mbps
20392 ms [UE 42234] UL Throughput = 0.0 Mbps
20397 ms [UE 30040] UL Throughput = 0.09549 Mbps
20397 ms [UE 42234] UL Throughput = 0.0 Mbps
20496 ms [UE 30040] UL Throughput = 0.0 Mbps
20496 ms [UE 42234] UL Throughput = 0.0479 Mbps
20500 ms [UE 30040] UL Throughput = 0.0 Mbps
20599 ms [UE 30040] UL Throughput = 0.04306 Mbps
20599 ms [UE 42234] UL Throughput = 0.0 Mbps
20702 ms [UE 30040] UL Throughput = 0.0 Mbps
20702 ms [UE 42234] UL Throughput = 0.0 Mbps
20703 ms [UE 30040] UL Throughput = 0.0 Mbps
20703 ms [UE 42234] UL Throughput = 0.0 Mbps
20704 ms [UE 30040] UL Throughput = 0.0 Mbps
20704 ms [UE 42234] UL Throughput = 0.0 Mbps
20820 ms [UE 30040] UL Throughput = 0.0 Mbps
20820 ms [UE 42234] UL Throughput = 0.02982 Mbps
20951 ms [UE 30040] UL Throughput = 0.0 Mbps
20951 ms [UE 42234] UL Throughput = 0.0 Mbps
21041 ms [UE 30040] UL Throughput = 0.08136 Mbps
21041 ms [UE 42234] UL Throughput = 0.0 Mbps
21146 ms [UE 30040] UL Throughput = 0.0 Mbps
21255 ms [UE 30040] UL Throughput = 0.04074 Mbps
21255 ms [UE 42234] UL Throughput = 0.0 Mbps
21355 ms [UE 30040] UL Throughput = 0.0 Mbps
21355 ms [UE 42234] UL Throughput = 0.0 Mbps
21442 ms [UE 30040] UL Throughput = 0.0 Mbps
21442 ms [UE 42234] UL Throughput = 0.0 Mbps
21447 ms [UE 30040] UL Throughput = 0.0641 Mbps
21447 ms [UE 42234] UL Throughput = 0.0 Mbps
21450 ms [UE 30040] UL Throughput = 0.0 Mbps
21450 ms [UE 42234] UL Throughput = 0.0 Mbps
21546 ms [UE 30040] UL Throughput = 0.0 Mbps
21628 ms [UE 30040] UL Throughput = 0.07807 Mbps
21628 ms [UE 42234] UL Throughput = 0.08009 Mbps
21743 ms [UE 30040] UL Throughput = 0.0 Mbps
21743 ms [UE 42234] UL Throughput = 0.0541 Mbps
21748 ms [UE 30040] UL Throughput = 0.07734 Mbps
21748 ms [UE 42234] UL Throughput = 0.03128 Mbps
21750 ms [UE 30040] UL Throughput = 0.09488 Mbps
21750 ms [UE 42234] UL Throughput = 0.0 Mbps
21752 ms [UE 30040] UL Throughput = 0.0 Mbps
21752 ms [UE 42234] UL Throughput = 0.0 Mbps
21861 ms [UE 30040] UL Throughput = 0.03611 Mbps
21861 ms [UE 42234] UL Throughput = 0.0 Mbps
21866 ms [UE 30040] UL Throughput = 0.07681 Mbps
21866 ms [UE 42234] UL Throughput = 0.0 Mbps
21927 ms [UE 30040] UL Throughput = 0.06653 Mbps
21927 ms [UE 42234] UL Throughput = 0.0 Mbps
21932 ms [UE 30040] UL Throughput = 0.0 Mbps
22035 ms [UE 30040] UL Throughput = 0.0 Mbps
22123 ms [UE 42234] UL Throughput = 0.0 Mbps
22201 ms [UE 30040] UL Throughput = 0.0899 Mbps
22295 ms [UE 30040] UL Throughput = 0.0 Mbps
22295 ms [UE 42234] UL Throughput = 0.0 Mbps
22300 ms [UE 30040] UL Throughput = 0.04841 Mbps
22300 ms [UE 42234] UL Throughput = 0.06368 Mbps
22400 ms [UE 30040] UL Throughput = 0.1133 Mbps
22548 ms [UE 30040] UL Throughput = 0.07252 Mbps
22548 ms [UE 42234] UL Throughput = 0.0 Mbps
22654 ms [UE 30040] UL Throughput = 0.0 Mbps
22748 ms [UE 30040] UL Throughput = 0.07317 Mbps
22748 ms [UE 42234] UL Throughput = 0.01273 Mbps
22851 ms [UE 30040] UL Throughput = 0.09473 Mbps
22851 ms [UE 42234] UL Throughput = 0.0 Mbps
22975 ms [UE 30040] UL Throughput = 0.0 Mbps
22975 ms [UE 42234] UL Throughput = 0.0 Mbps
23094 ms [UE 30040] UL Throughput = 0.0 Mbps
23094 ms [UE 42234] UL Throughput = 0.02133 Mbps
23098 ms [UE 30040] UL Throughput = 0.0 Mbps
23098 ms [UE 42234] UL Throughput = 0.06279 Mbps
23189 ms [UE 30040] UL Throughput = 0.08729 Mbps
23189 ms [UE 42234] UL Throughput = 0.0 Mbps
23297 ms [UE 30040] UL Throughput = 0.09602 Mbps
23297 ms [UE 42234] UL Throughput = 0.07038 Mbps
23377 ms [UE 30040] UL Throughput = 0.0 Mbps
23377 ms [UE 42234] UL Throughput = 0.07912 Mbps
23505 ms [UE 30040] UL Throughput = 0.0 Mbps
23505 ms [UE 42234] UL Throughput = 0.09684 Mbps
23606 ms [UE 30040] UL Throughput = 0.0 Mbps
23606 ms [UE 42234] UL Throughput = 0.09648 Mbps
23725 ms [UE 30040] UL Throughput = 0.08064 Mbps
23725 ms [UE 42234] UL Throughput = 0.14682 Mbps
23832 ms [UE 30040] UL Throughput = 0.0 Mbps
23832 ms [UE 42234] UL Throughput = 0.04141 Mbps
23963 ms [UE 30040] UL Throughput = 0.03743 Mbps
23963 ms [UE 42234] UL Throughput = 0.0 Mbps
24077 ms [UE 30040] UL Throughput = 0.03883 Mbps
24077 ms [UE 42234] UL Throughput = 0.0 Mbps
24165 ms [UE 30040] UL Throughput = 0.0 Mbps
24165 ms [UE 42234] UL Throughput = 0.03772 Mbps
24272 ms [UE 30040] UL Throughput = 0.0 Mbps
24272 ms [UE 42234] UL Throughput = 0.01972 Mbps
24369 ms [UE 30040] UL Throughput = 0.09329 Mbps
24369 ms [UE 42234] UL Throughput = 0.05835 Mbps
24466 ms [UE 30040] UL Throughput = 0.0 Mbps
24466 ms [UE 42234] UL Throughput = 0.0 Mbps
24584 ms [UE 30040] UL Throughput = 0.03795 Mbps
24584 ms [UE 42234] UL Throughput = 0.0 Mbps
24664 ms [UE 30040] UL Throughput = 0.0296 Mbps
24664 ms [UE 42234] UL Throughput = 0.0 Mbps
24667 ms [UE 30040] UL Throughput = 0.0 Mbps
24667 ms [UE 42234] UL Throughput = 0.04274 Mbps
24672 ms [UE 30040] UL Throughput = 0.05727 Mbps
24672 ms [UE 42234] UL Throughput = 0.0 Mbps
24766 ms [UE 30040] UL Throughput = 0.0 Mbps
24766 ms [UE 42234] UL Throughput = 0.0 Mbps
24767 ms [UE 30040] UL Throughput = 0.06986 Mbps
24767 ms [UE 42234] UL Throughput = 0.04603 Mbps
24890 ms [UE 30040] UL Throughput = 0.0533 Mbps
24890 ms [UE 42234] UL Throughput = 0.02414 Mbps
24970 ms [UE 30040] UL Throughput = 0.0 Mbps
24970 ms [UE 42234] UL Throughput = 0.0 Mbps
25098 ms [UE 30040] UL Throughput = 0.04118 Mbps
25098 ms [UE 42234] UL Throughput = 0.09066 Mbps
25194 ms [UE 30040] UL Throughput = 0.0 Mbps
25289 ms [UE 30040] UL Throughput = 0.0 Mbps
25289 ms [UE 42234] UL Throughput = 0.01333 Mbps
25387 ms [UE 30040] UL Throughput = 0.0 Mbps
25387 ms [UE 42234] UL Throughput = 0.11331 Mbps
25392 ms [UE 30040] UL Throughput = 0.08923 Mbps
25392 ms [UE 42234] UL Throughput = 0.04309 Mbps
25494 ms [UE 30040] UL Throughput = 0.07931 Mbps
25494 ms [UE 42234] UL Throughput = 0.08658 Mbps
25600 ms [UE 30040] UL Throughput = 0.0 Mbps
25600 ms [UE 42234] UL Throughput = 0.01769 Mbps
25706 ms [UE 30040] UL Throughput = 0.0 Mbps
25706 ms [UE 42234] UL Throughput = 0.0 Mbps
25845 ms [UE 30040] UL Throughput = 0.07942 Mbps
25845 ms [UE 42234] UL Throughput = 0.09279 Mbps
25940 ms [UE 30040] UL Throughput = 0.0 Mbps
25940 ms [UE 42234] UL Throughput = 0.0813 Mbps
26047 ms [UE 30040] UL Throughput = 0.01138 Mbps
26047 ms [UE 42234] UL Throughput = 0.0 Mbps
26144 ms [UE 30040] UL Throughput = 0.08994 Mbps
26144 ms [UE 42234] UL Throughput = 0.05185 Mbps
26246 ms [UE 30040] UL Throughput = 0.08666 Mbps
26246 ms [UE 42234] UL Throughput = 0.04938 Mbps
26343 ms [UE 30040] UL Throughput = 0.0892 Mbps
26343 ms [UE 42234] UL Throughput = 0.01723 Mbps
26440 ms [UE 30040] UL Throughput = 0.01859 Mbps
26440 ms [UE 42234] UL Throughput = 0.0 Mbps
26550 ms [UE 30040] UL Throughput = 0.0 Mbps
26550 ms [UE 42234] UL Throughput = 0.09454 Mbps
26554 ms [UE 30040] UL Throughput = 0.0 Mbps
26554 ms [UE 42234] UL Throughput = 0.13177 Mbps
26559 ms [UE 42234] UL Throughput = 0.06202 Mbps
26674 ms [UE 30040] UL Throughput = 0.0 Mbps
26674 ms [UE 42234] UL Throughput = 0.1228 Mbps
26678 ms [UE 30040] UL Throughput = 0.0 Mbps
26678 ms [UE 42234] UL Throughput = 0.01361 Mbps
26753 ms [UE 30040] UL Throughput = 0.0 Mbps
26753 ms [UE 42234] UL Throughput = 0.0 Mbps
26836 ms [UE 30040] UL Throughput = 0.03693 Mbps
26836 ms [UE 42234] UL Throughput = 0.0523 Mbps
26932 ms [UE 30040] UL Throughput = 0.06544 Mbps
26932 ms [UE 42234] UL Throughput = 0.0 Mbps
27032 ms [UE 30040] UL Throughput = 0.0 Mbps
27032 ms [UE 42234] UL Throughput = 0.0308 Mbps
27121 ms [UE 30040] UL Throughput = 0.09011 Mbps
27121 ms [UE 42234] UL Throughput = 0.09356 Mbps
27124 ms [UE 30040] UL Throughput = 0.0 Mbps
27124 ms [UE 42234] UL Throughput = 0.09061 Mbps
27126 ms [UE 30040] UL Throughput = 0.0 Mbps
27126 ms [UE 42234] UL Throughput = 0.03823 Mbps
27231 ms [UE 30040] UL Throughput = 0.0 Mbps
27231 ms [UE 42234] UL Throughput = 0.06019 Mbps
27311 ms [UE 42234] UL Throughput = 0.0 Mbps
27409 ms [UE 42234] UL Throughput = 0.0 Mbps
27488 ms [UE 30040] UL Throughput = 0.07573 Mbps
27488 ms [UE 42234] UL Throughput = 0.0 Mbps
27605 ms [UE 30040] UL Throughput = 0.05495 Mbps
27605 ms [UE 42234] UL Throughput = 0.0563 Mbps
27682 ms [UE 30040] UL Throughput = 0.04297 Mbps
27682 ms [UE 42234] UL Throughput = 0.0 Mbps
27781 ms [UE 30040] UL Throughput = 0.06765 Mbps
27781 ms [UE 42234] UL Throughput = 0.04874 Mbps
27883 ms [UE 30040] UL Throughput = 0.09824 Mbps
27883 ms [UE 42234] UL Throughput = 0.0 Mbps
27884 ms [UE 30040] UL Throughput = 0.0 Mbps
27967 ms [UE 30040] UL Throughput = 0.0 Mbps
27967 ms [UE 42234] UL Throughput = 0.09489 Mbps
28083 ms [UE 30040] UL Throughput = 0.05049 Mbps
28200 ms [UE 30040] UL Throughput = 0.07984 Mbps
28200 ms [UE 42234] UL Throughput = 0.0 Mbps
28291 ms [UE 30040] UL Throughput = 0.09784 Mbps
28291 ms [UE 42234] UL Throughput = 0.02665 Mbps
28383 ms [UE 30040] UL Throughput = 0.12249 Mbps
28383 ms [UE 42234] UL Throughput = 0.09952 Mbps
28473 ms [UE 30040] UL Throughput = 0.08775 Mbps
28473 ms [UE 42234] UL Throughput = 0.05989 Mbps
28602 ms [UE 30040] UL Throughput = 0.0 Mbps
28602 ms [UE 42234] UL Throughput = 0.0 Mbps
28668 ms [UE 30040] UL Throughput = 0.01332 Mbps
28784 ms [UE 30040] UL Throughput = 0.06876 Mbps
28784 ms [UE 42234] UL Throughput = 0.0 Mbps
28859 ms [UE 30040] UL Throughput = 0.0 Mbps
28975 ms [UE 42234] UL Throughput = 0.09585 Mbps
29072 ms [UE 30040] UL Throughput = 0.0 Mbps
29072 ms [UE 42234] UL Throughput = 0.0 Mbps
29078 ms [UE 30040] UL Throughput = 0.05749 Mbps
29078 ms [UE 42234] UL Throughput = 0.0 Mbps
29079 ms [UE 30040] UL Throughput = 0.06285 Mbps
29079 ms [UE 42234] UL Throughput = 0.08037 Mbps
29172 ms [UE 30040] UL Throughput = 0.0 Mbps
29172 ms [UE 42234] UL Throughput = 0.0 Mbps
29265 ms [UE 30040] UL Throughput = 0.0 Mbps
29265 ms [UE 42234] UL Throughput = 0.0408 Mbps
29381 ms [UE 30040] UL Throughput = 0.04377 Mbps
29381 ms [UE 42234] UL Throughput = 0.11808 Mbps
29466 ms [UE 30040] UL Throughput = 0.06763 Mbps
29466 ms [UE 42234] UL Throughput = 0.03489 Mbps
29561 ms [UE 30040] UL Throughput = 0.08857 Mbps
29561 ms [UE 42234] UL Throughput = 0.0 Mbps
29687 ms [UE 30040] UL Throughput = 0.0 Mbps
29687 ms [UE 42234] UL Throughput = 0.0 Mbps
29792 ms [UE 30040] UL Throughput = 0.06845 Mbps
29792 ms [UE 42234] UL Throughput = 0.0 Mbps
29883 ms [UE 42234] UL Throughput = 0.0418 Mbps
29887 ms [UE 30040] UL Throughput = 0.04829 Mbps
29973 ms [UE 30040] UL Throughput = 0.01017 Mbps
29973 ms [UE 42234] UL Throughput = 0.0 Mbps
29976 ms [UE 30040] UL Throughput = 0.09326 Mbps
29976 ms [UE 42234] UL Throughput = 0.12623 Mbps
30069 ms [UE 30040] UL Throughput = 0.0 Mbps
30069 ms [UE 42234] UL Throughput = 0.0 Mbps
30072 ms [UE 30040] UL Throughput = 0.0 Mbps
30072 ms [UE 42234] UL Throughput = 0.0 Mbps
30162 ms [UE 30040] UL Throughput = 0.0 Mbps
30162 ms [UE 42234] UL Throughput = 0.05037 Mbps
30275 ms [UE 30040] UL Throughput = 0.0 Mbps
30275 ms [UE 42234] UL Throughput = 0.0 Mbps
30397 ms [UE 30040] UL Throughput = 0.0 Mbps
30397 ms [UE 42234] UL Throughput = 0.0 Mbps
30497 ms [UE 30040] UL Throughput = 0.10996 Mbps
30497 ms [UE 42234] UL Throughput = 0.0 Mbps
30603 ms [UE 42234] UL Throughput = 0.07787 Mbps
30688 ms [UE 30040] UL Throughput = 0.0 Mbps
30767 ms [UE 30040] UL Throughput = 0.0 Mbps
30767 ms [UE 42234] UL Throughput = 0.0 Mbps
30867 ms [UE 30040] UL Throughput = 0.0 Mbps
30867 ms [UE 42234] UL Throughput = 0.05891 Mbps
30956 ms [UE 30040] UL Throughput = 0.03375 Mbps
30956 ms [UE 42234] UL Throughput = 0.01688 Mbps
31044 ms [UE 42234] UL Throughput = 0.0 Mbps
31139 ms [UE 30040] UL Throughput = 0.01685 Mbps
31139 ms [UE 42234] UL Throughput = 0.0 Mbps
31143 ms [UE 30040] UL Throughput = 0.0 Mbps
31143 ms [UE 42234] UL Throughput = 0.06729 Mbps
31253 ms [UE 30040] UL Throughput = 0.09838 Mbps
31253 ms [UE 42234] UL Throughput = 0.0474 Mbps
31356 ms [UE 30040] UL Throughput = 0.07812 Mbps
31357 ms [UE 30040] UL Throughput = 0.0 Mbps
31357 ms [UE 42234] UL Throughput = 0.07501 Mbps
31456 ms [UE 30040] UL Throughput = 0.0 Mbps
31456 ms [UE 42234] UL Throughput = 0.04701 Mbps
31461 ms [UE 30040] UL Throughput = 0.1286 Mbps
31461 ms [UE 42234] UL Throughput = 0.07913 Mbps
31548 ms [UE 30040] UL Throughput = 0.04481 Mbps
31643 ms [UE 30040] UL Throughput = 0.0437 Mbps
31643 ms [UE 42234] UL Throughput = 0.0 Mbps
31646 ms [UE 30040] UL Throughput = 0.0 Mbps
31646 ms [UE 42234] UL Throughput = 0.0 Mbps
31737 ms [UE 30040] UL Throughput = 0.0 Mbps
31737 ms [UE 42234] UL Throughput = 0.0 Mbps
31822 ms [UE 30040] UL Throughput = 0.0 Mbps
31822 ms [UE 42234] UL Throughput = 0.02228 Mbps
31898 ms [UE 30040] UL Throughput = 0.0 Mbps
31998 ms [UE 30040] UL Throughput = 0.0 Mbps
31998 ms [UE 42234] UL Throughput = 0.09086 Mbps
32098 ms [UE 42234] UL Throughput = 0.08406 Mbps
32231 ms [UE 30040] UL Throughput = 0.0 Mbps
32231 ms [UE 42234] UL Throughput = 0.03847 Mbps
32334 ms [UE 30040] UL Throughput = 0.09602 Mbps
32455 ms [UE 42234] UL Throughput = 0.0 Mbps
32558 ms [UE 30040] UL Throughput = 0.03846 Mbps
32558 ms [UE 42234] UL Throughput = 0.01506 Mbps
32686 ms [UE 42234] UL Throughput = 0.0 Mbps
32773 ms [UE 42234] UL Throughput = 0.01657 Mbps
32867 ms [UE 30040] UL Throughput = 0.06928 Mbps
32867 ms [UE 42234] UL Throughput = 0.01655 Mbps
32869 ms [UE 30040] UL Throughput = 0.0 Mbps
32869 ms [UE 42234] UL Throughput = 0.06239 Mbps
32962 ms [UE 30040] UL Throughput = 0.0 Mbps
32962 ms [UE 42234] UL Throughput = 0.04928 Mbps
33054 ms [UE 30040] UL Throughput = 0.0 Mbps
33054 ms [UE 42234] UL Throughput = 0.06492 Mbps
33160 ms [UE 30040] UL Throughput = 0.0 Mbps
33260 ms [UE 30040] UL Throughput = 0.0 Mbps
33260 ms [UE 42234] UL Throughput = 0.0624 Mbps
33349 ms [UE 30040] UL Throughput = 0.12964 Mbps
33349 ms [UE 42234] UL Throughput = 0.0364 Mbps
33452 ms [UE 30040] UL Throughput = 0.0326 Mbps
33452 ms [UE 42234] UL Throughput = 0.0279 Mbps
33537 ms [UE 30040] UL Throughput = 0.0 Mbps
33537 ms [UE 42234] UL Throughput = 0.0 Mbps
33538 ms [UE 30040] UL Throughput = 0.08047 Mbps
33538 ms [UE 42234] UL Throughput = 0.07673 Mbps
33654 ms [UE 30040] UL Throughput = 0.0 Mbps
33654 ms [UE 42234] UL Throughput = 0.0 Mbps
33747 ms [UE 42234] UL Throughput = 0.01828 Mbps
33819 ms [UE 30040] UL Throughput = 0.04901 Mbps
33819 ms [UE 42234] UL Throughput = 0.04871 Mbps
33902 ms [UE 30040] UL Throughput = 0.0 Mbps
33902 ms [UE 42234] UL Throughput = 0.05737 Mbps
33998 ms [UE 30040] UL Throughput = 0.0736 Mbps
33998 ms [UE 42234] UL Throughput = 0.0 Mbps
34074 ms [UE 30040] UL Throughput = 0.17068 Mbps
34074 ms [UE 42234] UL Throughput = 0.16091 Mbps
34178 ms [UE 30040] UL Throughput = 0.07006 Mbps
34178 ms [UE 42234] UL Throughput = 0.02009 Mbps
34265 ms [UE 30040] UL Throughput = 0.09506 Mbps
34265 ms [UE 42234] UL Throughput = 0.0 Mbps
34335 ms [UE 30040] UL Throughput = 0.0 Mbps
34335 ms [UE 42234] UL Throughput = 0.0458 Mbps
34414 ms [UE 30040] UL Throughput = 0.02074 Mbps
34511 ms [UE 30040] UL Throughput = 0.0 Mbps
34511 ms [UE 42234] UL Throughput = 0.0 Mbps
34611 ms [UE 30040] UL Throughput = 0.04704 Mbps
34611 ms [UE 42234] UL Throughput = 0.05549 Mbps
34613 ms [UE 30040] UL Throughput = 0.0 Mbps
34613 ms [UE 42234] UL Throughput = 0.06346 Mbps
34710 ms [UE 42234] UL Throughput = 0.08894 Mbps
34834 ms [UE 30040] UL Throughput = 0.05614 Mbps
34834 ms [UE 42234] UL Throughput = 0.08153 Mbps
34950 ms [UE 30040] UL Throughput = 0.0 Mbps
34950 ms [UE 42234] UL Throughput = 0.05169 Mbps
35067 ms [UE 30040] UL Throughput = 0.0 Mbps
35067 ms [UE 42234] UL Throughput = 0.0 Mbps
35197 ms [UE 30040] UL Throughput = 0.0 Mbps
35197 ms [UE 42234] UL Throughput = 0.0 Mbps
35199 ms [UE 30040] UL Throughput = 0.01884 Mbps
35199 ms [UE 42234] UL Throughput = 0.0 Mbps
35202 ms [UE 30040] UL Throughput = 0.06409 Mbps
35202 ms [UE 42234] UL Throughput = 0.08542 Mbps
35310 ms [UE 42234] UL Throughput = 0.02012 Mbps
35420 ms [UE 42234] UL Throughput = 0.04559 Mbps
35510 ms [UE 42234] UL Throughput = 0.0 Mbps
35627 ms [UE 30040] UL Throughput = 0.07695 Mbps
35627 ms [UE 42234] UL Throughput = 0.0 Mbps
35735 ms [UE 30040] UL Throughput = 0.06227 Mbps
35735 ms [UE 42234] UL Throughput = 0.0 Mbps
35844 ms [UE 30040] UL Throughput = 0.0 Mbps
35844 ms [UE 42234] UL Throughput = 0.04441 Mbps
35962 ms [UE 30040] UL Throughput = 0.05532 Mbps
35962 ms [UE 42234] UL Throughput = 0.0391 Mbps
36066 ms [UE 30040] UL Throughput = 0.04795 Mbps
36066 ms [UE 42234] UL Throughput = 0.0 Mbps
36156 ms [UE 30040] UL Throughput = 0.0 Mbps
36156 ms [UE 42234] UL Throughput = 0.0659 Mbps
36237 ms [UE 30040] UL Throughput = 0.0 Mbps
36237 ms [UE 42234] UL Throughput = 0.0 Mbps
36335 ms [UE 42234] UL Throughput = 0.0 Mbps
36435 ms [UE 30040] UL Throughput = 0.0 Mbps
36435 ms [UE 42234] UL Throughput = 0.0 Mbps
36544 ms [UE 42234] UL Throughput = 0.05971 Mbps
36646 ms [UE 30040] UL Throughput = 0.0 Mbps
36646 ms [UE 42234] UL Throughput = 0.02998 Mbps
36726 ms [UE 30040] UL Throughput = 0.0 Mbps
36726 ms [UE 42234] UL Throughput = 0.0521 Mbps
36829 ms [UE 42234] UL Throughput = 0.05546 Mbps
36926 ms [UE 30040] UL Throughput = 0.0 Mbps
36926 ms [UE 42234] UL Throughput = 0.0 Mbps
36997 ms [UE 30040] UL Throughput = 0.08807 Mbps
36997 ms [UE 42234] UL Throughput = 0.0 Mbps
37111 ms [UE 30040] UL Throughput = 0.07192 Mbps
37111 ms [UE 42234] UL Throughput = 0.15594 Mbps
37215 ms [UE 30040] UL Throughput = 0.01598 Mbps
37215 ms [UE 42234] UL Throughput = 0.01444 Mbps
37221 ms [UE 30040] UL Throughput = 0.0 Mbps
37221 ms [UE 42234] UL Throughput = 0.07944 Mbps
37327 ms [UE 30040] UL Throughput = 0.02594 Mbps
37327 ms [UE 42234] UL Throughput = 0.02096 Mbps
37423 ms [UE 30040] UL Throughput = 0.0 Mbps
37429 ms [UE 30040] UL Throughput = 0.0 Mbps
37429 ms [UE 42234] UL Throughput = 0.01293 Mbps
37541 ms [UE 30040] UL Throughput = 0.0 Mbps
37541 ms [UE 42234] UL Throughput = 0.0 Mbps
37642 ms [UE 30040] UL Throughput = 0.08785 Mbps
37642 ms [UE 42234] UL Throughput = 0.0 Mbps
37644 ms [UE 30040] UL Throughput = 0.0 Mbps
37644 ms [UE 42234] UL Throughput = 0.0 Mbps
37649 ms [UE 30040] UL Throughput = 0.07568 Mbps
37649 ms [UE 42234] UL Throughput = 0.0 Mbps
37723 ms [UE 30040] UL Throughput = 0.0 Mbps
37723 ms [UE 42234] UL Throughput = 0.04209 Mbps
37837 ms [UE 30040] UL Throughput = 0.0 Mbps
37837 ms [UE 42234] UL Throughput = 0.05001 Mbps
37924 ms [UE 30040] UL Throughput = 0.05749 Mbps
37924 ms [UE 42234] UL Throughput = 0.03248 Mbps
38028 ms [UE 30040] UL Throughput = 0.01835 Mbps
38118 ms [UE 30040] UL Throughput = 0.0 Mbps
38233 ms [UE 30040] UL Throughput = 0.03714 Mbps
38369 ms [UE 30040] UL Throughput = 0.0 Mbps
38369 ms [UE 42234] UL Throughput = 0.03924 Mbps
38370 ms [UE 30040] UL Throughput = 0.0 Mbps
38370 ms [UE 42234] UL Throughput = 0.05644 Mbps
38481 ms [UE 30040] UL Throughput = 0.0 Mbps
38580 ms [UE 30040] UL Throughput = 0.06543 Mbps
38580 ms [UE 42234] UL Throughput = 0.0 Mbps
38583 ms [UE 30040] UL Throughput = 0.0 Mbps
38583 ms [UE 42234] UL Throughput = 0.08644 Mbps
38677 ms [UE 30040] UL Throughput = 0.0 Mbps
38677 ms [UE 42234] UL Throughput = 0.01837 Mbps
38790 ms [UE 30040] UL Throughput = 0.0 Mbps
38790 ms [UE 42234] UL Throughput = 0.04764 Mbps
38906 ms [UE 30040] UL Throughput = 0.0 Mbps
38906 ms [UE 42234] UL Throughput = 0.0 Mbps
38996 ms [UE 30040] UL Throughput = 0.04189 Mbps
38996 ms [UE 42234] UL Throughput = 0.07284 Mbps
39091 ms [UE 30040] UL Throughput = 0.07052 Mbps
39091 ms [UE 42234] UL Throughput = 0.05205 Mbps
39195 ms [UE 30040] UL Throughput = 0.08602 Mbps
39195 ms [UE 42234] UL Throughput = 0.02897 Mbps
39310 ms [UE 42234] UL Throughput = 0.0 Mbps
39406 ms [UE 30040] UL Throughput = 0.06505 Mbps
39406 ms [UE 42234] UL Throughput = 0.08648 Mbps
39525 ms [UE 30040] UL Throughput = 0.0 Mbps
39525 ms [UE 42234] UL Throughput = 0.11064 Mbps
39609 ms [UE 30040] UL Throughput = 0.0 Mbps
39609 ms [UE 42234] UL Throughput = 0.0 Mbps
39723 ms [UE 30040] UL Throughput = 0.08236 Mbps
39723 ms [UE 42234] UL Throughput = 0.0 Mbps
39838 ms [UE 30040] UL Throughput = 0.01051 Mbps
39838 ms [UE 42234] UL Throughput = 0.0397 Mbps
39950 ms [UE 30040] UL Throughput = 0.06672 Mbps
39950 ms [UE 42234] UL Throughput = 0.0 Mbps
40032 ms [UE 30040] UL Throughput = 0.0 Mbps
40032 ms [UE 42234] UL Throughput = 0.05268 Mbps
40136 ms [UE 30040] UL Throughput = 0.0 Mbps
40136 ms [UE 42234] UL Throughput = 0.0281 Mbps
40140 ms [UE 30040] UL Throughput = 0.0 Mbps
40140 ms [UE 42234] UL Throughput = 0.0 Mbps
40146 ms [UE 30040] UL Throughput = 0.0 Mbps
40146 ms [UE 42234] UL Throughput = 0.0 Mbps
40264 ms [UE 42234] UL Throughput = 0.0 Mbps
40360 ms [UE 30040] UL Throughput = 0.01959 Mbps
40360 ms [UE 42234] UL Throughput = 0.0 Mbps
40472 ms [UE 30040] UL Throughput = 0.01141 Mbps
40472 ms [UE 42234] UL Throughput = 0.05459 Mbps
40544 ms [UE 42234] UL Throughput = 0.0388 Mbps
40640 ms [UE 30040] UL Throughput = 0.09463 Mbps
40640 ms [UE 42234] UL Throughput = 0.0 Mbps
40643 ms [UE 30040] UL Throughput = 0.0 Mbps
40643 ms [UE 42234] UL Throughput = 0.02513 Mbps
40648 ms [UE 30040] UL Throughput = 0.0 Mbps
40648 ms [UE 42234] UL Throughput = 0.01006 Mbps
40652 ms [UE 42234] UL Throughput = 0.0 Mbps
40726 ms [UE 30040] UL Throughput = 0.01098 Mbps
40726 ms [UE 42234] UL Throughput = 0.15637 Mbps
40813 ms [UE 42234] UL Throughput = 0.0 Mbps
40896 ms [UE 30040] UL Throughput = 0.0 Mbps
40967 ms [UE 30040] UL Throughput = 0.0 Mbps
40967 ms [UE 42234] UL Throughput = 0.0 Mbps
41083 ms [UE 30040] UL Throughput = 0.0 Mbps
41083 ms [UE 42234] UL Throughput = 0.03307 Mbps
41188 ms [UE 42234] UL Throughput = 0.0 Mbps
41312 ms [UE 30040] UL Throughput = 0.0 Mbps
41312 ms [UE 42234] UL Throughput = 0.0 Mbps
41411 ms [UE 30040] UL Throughput = 0.0 Mbps
41411 ms [UE 42234] UL Throughput = 0.0 Mbps
41507 ms [UE 42234] UL Throughput = 0.08506 Mbps
41628 ms [UE 30040] UL Throughput = 0.09144 Mbps
41628 ms [UE 42234] UL Throughput = 0.04424 Mbps
41630 ms [UE 30040] UL Throughput = 0.0917 Mbps
41630 ms [UE 42234] UL Throughput = 0.0 Mbps
41738 ms [UE 30040] UL Throughput = 0.09458 Mbps
41738 ms [UE 42234] UL Throughput = 0.0 Mbps
41826 ms [UE 30040] UL Throughput = 0.05002 Mbps
41826 ms [UE 42234] UL Throughput = 0.0943 Mbps
41935 ms [UE 30040] UL Throughput = 0.09826 Mbps
42041 ms [UE 30040] UL Throughput = 0.09975 Mbps
42041 ms [UE 42234] UL Throughput = 0.06169 Mbps
42124 ms [UE 30040] UL Throughput = 0.0 Mbps
42124 ms [UE 42234] UL Throughput = 0.0 Mbps
42213 ms [UE 42234] UL Throughput = 0.0 Mbps
42309 ms [UE 30040] UL Throughput = 0.07646 Mbps
42309 ms [UE 42234] UL Throughput = 0.01226 Mbps
42429 ms [UE 30040] UL Throughput = 0.06965 Mbps
42429 ms [UE 42234] UL Throughput = 0.0 Mbps
42520 ms [UE 30040] UL Throughput = 0.0 Mbps
42520 ms [UE 42234] UL Throughput = 0.06524 Mbps
42621 ms [UE 30040] UL Throughput = 0.05736 Mbps
42621 ms [UE 42234] UL Throughput = 0.01614 Mbps
42721 ms [UE 30040] UL Throughput = 0.03648 Mbps
42830 ms [UE 30040] UL Throughput = 0.04519 Mbps
42830 ms [UE 42234] UL Throughput = 0.11092 Mbps
42910 ms [UE 30040] UL Throughput = 0.0 Mbps
42910 ms [UE 42234] UL Throughput = 0.06244 Mbps
42914 ms [UE 30040] UL Throughput = 0.02814 Mbps
42914 ms [UE 42234] UL Throughput = 0.0 Mbps
42996 ms [UE 30040] UL Throughput = 0.09476 Mbps
42996 ms [UE 42234] UL Throughput = 0.06705 Mbps
43101 ms [UE 30040] UL Throughput = 0.0 Mbps
43101 ms [UE 42234] UL Throughput = 0.07041 Mbps
43192 ms [UE 30040] UL Throughput = 0.0 Mbps
43192 ms [UE 42234] UL Throughput = 0.02856 Mbps
43299 ms [UE 30040] UL Throughput = 0.08327 Mbps
43299 ms [UE 42234] UL Throughput = 0.0 Mbps
43406 ms [UE 30040] UL Throughput = 0.01422 Mbps
43406 ms [UE 42234] UL Throughput = 0.01918 Mbps
43516 ms [UE 30040] UL Throughput = 0.01236 Mbps
43516 ms [UE 42234] UL Throughput = 0.0 Mbps
43609 ms [UE 30040] UL Throughput = 0.0725 Mbps
43609 ms [UE 42234] UL Throughput = 0.0473 Mbps
43706 ms [UE 30040] UL Throughput = 0.08361 Mbps
43706 ms [UE 42234] UL Throughput = 0.08606 Mbps
43708 ms [UE 30040] UL Throughput = 0.0 Mbps
43708 ms [UE 42234] UL Throughput = 0.01239 Mbps
43824 ms [UE 42234] UL Throughput = 0.02663 Mbps
43826 ms [UE 42234] UL Throughput = 0.017 Mbps
43947 ms [UE 30040] UL Throughput = 0.0 Mbps
43947 ms [UE 42234] UL Throughput = 0.09611 Mbps
44039 ms [UE 42234] UL Throughput = 0.04777 Mbps
44128 ms [UE 30040] UL Throughput = 0.06793 Mbps
44128 ms [UE 42234] UL Throughput = 0.0 Mbps
44239 ms [UE 30040] UL Throughput = 0.0 Mbps
44239 ms [UE 42234] UL Throughput = 0.03028 Mbps
44349 ms [UE 30040] UL Throughput = 0.0 Mbps
44349 ms [UE 42234] UL Throughput = 0.08286 Mbps
44452 ms [UE 30040] UL Throughput = 0.0484 Mbps
44452 ms [UE 42234] UL Throughput = 0.0 Mbps
44564 ms [UE 30040] UL Throughput = 0.0 Mbps
44642 ms [UE 30040] UL Throughput = 0.0801 Mbps
44642 ms [UE 42234] UL Throughput = 0.04478 Mbps
44731 ms [UE 30040] UL Throughput = 0.0 Mbps
44731 ms [UE 42234] UL Throughput = 0.0 Mbps
44830 ms [UE 30040] UL Throughput = 0.0 Mbps
44830 ms [UE 42234] UL Throughput = 0.01181 Mbps
44945 ms [UE 30040] UL Throughput = 0.05333 Mbps
44945 ms [UE 42234] UL Throughput = 0.02984 Mbps
45052 ms [UE 30040] UL Throughput = 0.0 Mbps
45052 ms [UE 42234] UL Throughput = 0.08119 Mbps
45134 ms [UE 30040] UL Throughput = 0.11783 Mbps
45134 ms [UE 42234] UL Throughput = 0.0 Mbps
45135 ms [UE 30040] UL Throughput = 0.02521 Mbps
45135 ms [UE 42234] UL Throughput = 0.07116 Mbps
45232 ms [UE 30040] UL Throughput = 0.0 Mbps
45232 ms [UE 42234] UL Throughput = 0.0 Mbps
45356 ms [UE 30040] UL Throughput = 0.04859 Mbps
45356 ms [UE 42234] UL Throughput = 0.0 Mbps
45437 ms [UE 30040] UL Throughput = 0.0 Mbps
45437 ms [UE 42234] UL Throughput = 0.0 Mbps
45438 ms [UE 30040] UL Throughput = 0.09422 Mbps
45438 ms [UE 42234] UL Throughput = 0.02126 Mbps
45549 ms [UE 42234] UL Throughput = 0.03919 Mbps
45553 ms [UE 30040] UL Throughput = 0.0946 Mbps
45553 ms [UE 42234] UL Throughput = 0.0 Mbps
45660 ms [UE 30040] UL Throughput = 0.0732 Mbps
45660 ms [UE 42234] UL Throughput = 0.09152 Mbps
45745 ms [UE 42234] UL Throughput = 0.06701 Mbps
45850 ms [UE 30040] UL Throughput = 0.08713 Mbps
45850 ms [UE 42234] UL Throughput = 0.0 Mbps
45952 ms [UE 30040] UL Throughput = 0.04133 Mbps
45952 ms [UE 42234] UL Throughput = 0.0349 Mbps
46049 ms [UE 30040] UL Throughput = 0.0 Mbps
46049 ms [UE 42234] UL Throughput = 0.04234 Mbps
46053 ms [UE 30040] UL Throughput = 0.0496 Mbps
46053 ms [UE 42234] UL Throughput = 0.0 Mbps
46054 ms [UE 30040] UL Throughput = 0.0 Mbps
46054 ms [UE 42234] UL Throughput = 0.0 Mbps
46136 ms [UE 30040] UL Throughput = 0.01026 Mbps
46136 ms [UE 42234] UL Throughput = 0.02455 Mbps
46247 ms [UE 30040] UL Throughput = 0.0 Mbps
46247 ms [UE 42234] UL Throughput = 0.0 Mbps
46358 ms [UE 30040] UL Throughput = 0.01289 Mbps
46444 ms [UE 30040] UL Throughput = 0.05344 Mbps
46444 ms [UE 42234] UL Throughput = 0.01815 Mbps
46445 ms [UE 30040] UL Throughput = 0.0 Mbps
46445 ms [UE 42234] UL Throughput = 0.03357 Mbps
46544 ms [UE 30040] UL Throughput = 0.01602 Mbps
46544 ms [UE 42234] UL Throughput = 0.0 Mbps
46628 ms [UE 30040] UL Throughput = 0.02348 Mbps
46628 ms [UE 42234] UL Throughput = 0.0 Mbps
46630 ms [UE 30040] UL Throughput = 0.0228 Mbps
46630 ms [UE 42234] UL Throughput = 0.0 Mbps
46728 ms [UE 30040] UL Throughput = 0.0 Mbps
46728 ms [UE 42234] UL Throughput = 0.07273 Mbps
46802 ms [UE 30040] UL Throughput = 0.05542 Mbps
46802 ms [UE 42234] UL Throughput = 0.01155 Mbps
46804 ms [UE 30040] UL Throughput = 0.0 Mbps
46804 ms [UE 42234] UL Throughput = 0.04523 Mbps
46807 ms [UE 42234] UL Throughput = 0.09737 Mbps
46915 ms [UE 30040] UL Throughput = 0.0 Mbps
46915 ms [UE 42234] UL Throughput = 0.01599 Mbps
46991 ms [UE 30040] UL Throughput = 0.0 Mbps
46991 ms [UE 42234] UL Throughput = 0.09062 Mbps
47085 ms [UE 42234] UL Throughput = 0.06643 Mbps
47089 ms [UE 30040] UL Throughput = 0.01782 Mbps
47089 ms [UE 42234] UL Throughput = 0.0 Mbps
47201 ms [UE 30040] UL Throughput = 0.04225 Mbps
47201 ms [UE 42234] UL Throughput = 0.03954 Mbps
47302 ms [UE 30040] UL Throughput = 0.08861 Mbps
47302 ms [UE 42234] UL Throughput = 0.01707 Mbps
47390 ms [UE 30040] UL Throughput = 0.0 Mbps
47390 ms [UE 42234] UL Throughput = 0.0817 Mbps
47484 ms [UE 30040] UL Throughput = 0.0 Mbps
47484 ms [UE 42234] UL Throughput = 0.0 Mbps
47582 ms [UE 30040] UL Throughput = 0.0 Mbps
47582 ms [UE 42234] UL Throughput = 0.04817 Mbps
47677 ms [UE 30040] UL Throughput = 0.0 Mbps
47677 ms [UE 42234] UL Throughput = 0.0 Mbps
47791 ms [UE 30040] UL Throughput = 0.08603 Mbps
47791 ms [UE 42234] UL Throughput = 0.0629 Mbps
47792 ms [UE 30040] UL Throughput = 0.0 Mbps
47792 ms [UE 42234] UL Throughput = 0.03774 Mbps
47914 ms [UE 30040] UL Throughput = 0.02379 Mbps
47918 ms [UE 30040] UL Throughput = 0.10525 Mbps
47918 ms [UE 42234] UL Throughput = 0.0 Mbps
48000 ms [UE 30040] UL Throughput = 0.11692 Mbps
48000 ms [UE 42234] UL Throughput = 0.07547 Mbps
48112 ms [UE 30040] UL Throughput = 0.03556 Mbps
48112 ms [UE 42234] UL Throughput = 0.0 Mbps
48114 ms [UE 30040] UL Throughput = 0.02688 Mbps
48114 ms [UE 42234] UL Throughput = 0.0 Mbps
48222 ms [UE 30040] UL Throughput = 0.0 Mbps
48222 ms [UE 42234] UL Throughput = 0.0 Mbps
48228 ms [UE 30040] UL Throughput = 0.067 Mbps
48228 ms [UE 42234] UL Throughput = 0.0 Mbps
48309 ms [UE 30040] UL Throughput = 0.01189 Mbps
48309 ms [UE 42234] UL Throughput = 0.04595 Mbps
48312 ms [UE 30040] UL Throughput = 0.0 Mbps
48312 ms [UE 42234] UL Throughput = 0.0 Mbps
48314 ms [UE 30040] UL Throughput = 0.03065 Mbps
48314 ms [UE 42234] UL Throughput = 0.0724 Mbps
48411 ms [UE 30040] UL Throughput = 0.0 Mbps
48411 ms [UE 42234] UL Throughput = 0.0 Mbps
48502 ms [UE 30040] UL Throughput = 0.08729 Mbps
48594 ms [UE 30040] UL Throughput = 0.13092 Mbps
48594 ms [UE 42234] UL Throughput = 0.0 Mbps
48703 ms [UE 30040] UL Throughput = 0.07715 Mbps
48703 ms [UE 42234] UL Throughput = 0.09312 Mbps
48795 ms [UE 42234] UL Throughput = 0.0 Mbps
48887 ms [UE 30040] UL Throughput = 0.05479 Mbps
48887 ms [UE 42234] UL Throughput = 0.0 Mbps
49014 ms [UE 30040] UL Throughput = 0.0 Mbps
49014 ms [UE 42234] UL Throughput = 0.0 Mbps
49140 ms [UE 30040] UL Throughput = 0.09917 Mbps
49140 ms [UE 42234] UL Throughput = 0.0 Mbps
49143 ms [UE 30040] UL Throughput = 0.0 Mbps
49143 ms [UE 42234] UL Throughput = 0.0505 Mbps
49147 ms [UE 30040] UL Throughput = 0.02557 Mbps
49147 ms [UE 42234] UL Throughput = 0.08767 Mbps
49245 ms [UE 30040] UL Throughput = 0.04377 Mbps
49245 ms [UE 42234] UL Throughput = 0.0 Mbps
49337 ms [UE 30040] UL Throughput = 0.07138 Mbps
49337 ms [UE 42234] UL Throughput = 0.0 Mbps
49448 ms [UE 30040] UL Throughput = 0.06269 Mbps
49448 ms [UE 42234] UL Throughput = 0.02593 Mbps
49578 ms [UE 30040] UL Throughput = 0.0 Mbps
49578 ms [UE 42234] UL Throughput = 0.0 Mbps
49580 ms [UE 30040] UL Throughput = 0.0 Mbps
49580 ms [UE 42234] UL Throughput = 0.0 Mbps
49582 ms [UE 30040] UL Throughput = 0.01105 Mbps
49670 ms [UE 30040] UL Throughput = 0.0 Mbps
49670 ms [UE 42234] UL Throughput = 0.01234 Mbps
49764 ms [UE 30040] UL Throughput = 0.0 Mbps
49764 ms [UE 42234] UL Throughput = 0.0 Mbps
49869 ms [UE 30040] UL Throughput = 0.01953 Mbps
49869 ms [UE 42234] UL Throughput = 0.01435 Mbps
49975 ms [UE 30040] UL Throughput = 0.0 Mbps
49975 ms [UE 42234] UL Throughput = 0.04297 Mbps
50075 ms [UE 30040] UL Throughput = 0.07347 Mbps
50075 ms [UE 42234] UL Throughput = 0.02579 Mbps
50152 ms [UE 30040] UL Throughput = 0.15549 Mbps
50152 ms [UE 42234] UL Throughput = 0.01998 Mbps
50245 ms [UE 30040] UL Throughput = 0.07461 Mbps
50245 ms [UE 42234] UL Throughput = 0.09764 Mbps
50363 ms [UE 30040] UL Throughput = 0.02097 Mbps
50363 ms [UE 42234] UL Throughput = 0.0 Mbps
50461 ms [UE 30040] UL Throughput = 0.0 Mbps
50461 ms [UE 42234] UL Throughput = 0.02588 Mbps
50530 ms [UE 30040] UL Throughput = 0.0 Mbps
50530 ms [UE 42234] UL Throughput = 0.0 Mbps
50638 ms [UE 30040] UL Throughput = 0.0 Mbps
50638 ms [UE 42234] UL Throughput = 0.08843 Mbps
50640 ms [UE 42234] UL Throughput = 0.0 Mbps
50733 ms [UE 30040] UL Throughput = 0.0 Mbps
50733 ms [UE 42234] UL Throughput = 0.0 Mbps
50831 ms [UE 30040] UL Throughput = 0.09858 Mbps
50831 ms [UE 42234] UL Throughput = 0.05486 Mbps
50930 ms [UE 30040] UL Throughput = 0.02757 Mbps
50930 ms [UE 42234] UL Throughput = 0.06803 Mbps
51035 ms [UE 42234] UL Throughput = 0.03476 Mbps
51041 ms [UE 30040] UL Throughput = 0.07976 Mbps
51041 ms [UE 42234] UL Throughput = 0.01086 Mbps
51129 ms [UE 30040] UL Throughput = 0.0 Mbps
51129 ms [UE 42234] UL Throughput = 0.05317 Mbps
51250 ms [UE 42234] UL Throughput = 0.0 Mbps
51339 ms [UE 30040] UL Throughput = 0.0596 Mbps
51339 ms [UE 42234] UL Throughput = 0.04495 Mbps
51426 ms [UE 30040] UL Throughput = 0.02284 Mbps
51426 ms [UE 42234] UL Throughput = 0.0 Mbps
51427 ms [UE 30040] UL Throughput = 0.02349 Mbps
51427 ms [UE 42234] UL Throughput = 0.0 Mbps
51433 ms [UE 30040] UL Throughput = 0.03676 Mbps
51433 ms [UE 42234] UL Throughput = 0.0812 Mbps
51520 ms [UE 30040] UL Throughput = 0.11171 Mbps
51520 ms [UE 42234] UL Throughput = 0.05788 Mbps
51610 ms [UE 30040] UL Throughput = 0.07578 Mbps
51610 ms [UE 42234] UL Throughput = 0.02756 Mbps
51701 ms [UE 30040] UL Throughput = 0.0 Mbps
51701 ms [UE 42234] UL Throughput = 0.07246 Mbps
51704 ms [UE 30040] UL Throughput = 0.0 Mbps
51704 ms [UE 42234] UL Throughput = 0.0 Mbps
51707 ms [UE 30040] UL Throughput = 0.0 Mbps
51707 ms [UE 42234] UL Throughput = 0.04123 Mbps
51809 ms [UE 30040] UL Throughput = 0.09428 Mbps
51809 ms [UE 42234] UL Throughput = 0.0 Mbps
51910 ms [UE 30040] UL Throughput = 0.0 Mbps
51915 ms [UE 30040] UL Throughput = 0.0 Mbps
51915 ms [UE 42234] UL Throughput = 0.0 Mbps
52030 ms [UE 30040] UL Throughput = 0.03335 Mbps
52030 ms [UE 42234] UL Throughput = 0.0 Mbps
52131 ms [UE 30040] UL Throughput = 0.03229 Mbps
52131 ms [UE 42234] UL Throughput = 0.0 Mbps
52239 ms [UE 30040] UL Throughput = 0.07645 Mbps
52334 ms [UE 30040] UL Throughput = 0.01558 Mbps
52427 ms [UE 30040] UL Throughput = 0.0 Mbps
52427 ms [UE 42234] UL Throughput = 0.0 Mbps
52524 ms [UE 30040] UL Throughput = 0.0671 Mbps
52524 ms [UE 42234] UL Throughput = 0.04596 Mbps
52616 ms [UE 30040] UL Throughput = 0.0 Mbps
52616 ms [UE 42234] UL Throughput = 0.09847 Mbps
52712 ms [UE 30040] UL Throughput = 0.05079 Mbps
52712 ms [UE 42234] UL Throughput = 0.08988 Mbps
52716 ms [UE 30040] UL Throughput = 0.06043 Mbps
52716 ms [UE 42234] UL Throughput = 0.04097 Mbps
52808 ms [UE 30040] UL Throughput = 0.08905 Mbps
52808 ms [UE 42234] UL Throughput = 0.02416 Mbps
52884 ms [UE 42234] UL Throughput = 0.0 Mbps
52993 ms [UE 42234] UL Throughput = 0.0 Mbps
53102 ms [UE 30040] UL Throughput = 0.0 Mbps
53102 ms [UE 42234] UL Throughput = 0.06879 Mbps
53192 ms [UE 30040] UL Throughput = 0.03053 Mbps
53192 ms [UE 42234] UL Throughput = 0.09606 Mbps
53289 ms [UE 30040] UL Throughput = 0.0 Mbps
53289 ms [UE 42234] UL Throughput = 0.07061 Mbps
53356 ms [UE 30040] UL Throughput = 0.0 Mbps
53356 ms [UE 42234] UL Throughput = 0.0 Mbps
53469 ms [UE 30040] UL Throughput = 0.0169 Mbps
53469 ms [UE 42234] UL Throughput = 0.01792 Mbps
53562 ms [UE 30040] UL Throughput = 0.0 Mbps
53562 ms [UE 42234] UL Throughput = 0.05766 Mbps
53677 ms [UE 30040] UL Throughput = 0.0 Mbps
53677 ms [UE 42234] UL Throughput = 0.07386 Mbps
53757 ms [UE 42234] UL Throughput = 0.0 Mbps
53759 ms [UE 30040] UL Throughput = 0.02642 Mbps
53759 ms [UE 42234] UL Throughput = 0.0 Mbps
53858 ms [UE 30040] UL Throughput = 0.0 Mbps
53861 ms [UE 30040] UL Throughput = 0.02466 Mbps
53861 ms [UE 42234] UL Throughput = 0.09443 Mbps
53865 ms [UE 42234] UL Throughput = 0.0 Mbps
53964 ms [UE 30040] UL Throughput = 0.0 Mbps
53964 ms [UE 42234] UL Throughput = 0.01204 Mbps
53965 ms [UE 30040] UL Throughput = 0.09317 Mbps
53965 ms [UE 42234] UL Throughput = 0.02625 Mbps
54050 ms [UE 42234] UL Throughput = 0.0 Mbps
54150 ms [UE 30040] UL Throughput = 0.0 Mbps
54150 ms [UE 42234] UL Throughput = 0.07113 Mbps
54152 ms [UE 30040] UL Throughput = 0.0 Mbps
54249 ms [UE 42234] UL Throughput = 0.07416 Mbps
54358 ms [UE 30040] UL Throughput = 0.04631 Mbps
54441 ms [UE 42234] UL Throughput = 0.0 Mbps
54444 ms [UE 30040] UL Throughput = 0.0 Mbps
54444 ms [UE 42234] UL Throughput = 0.0 Mbps
54448 ms [UE 42234] UL Throughput = 0.03893 Mbps
54450 ms [UE 30040] UL Throughput = 0.0 Mbps
54590 ms [UE 30040] UL Throughput = 0.0 Mbps
54685 ms [UE 30040] UL Throughput = 0.0 Mbps
54685 ms [UE 42234] UL Throughput = 0.0 Mbps
54780 ms [UE 30040] UL Throughput = 0.09873 Mbps
54780 ms [UE 42234] UL Throughput = 0.05173 Mbps
54865 ms [UE 30040] UL Throughput = 0.0 Mbps
54865 ms [UE 42234] UL Throughput = 0.0 Mbps
54944 ms [UE 30040] UL Throughput = 0.0 Mbps
54944 ms [UE 42234] UL Throughput = 0.0 Mbps
54947 ms [UE 30040] UL Throughput = 0.0 Mbps
54947 ms [UE 42234] UL Throughput = 0.06038 Mbps
55056 ms [UE 30040] UL Throughput = 0.0862 Mbps
55056 ms [UE 42234] UL Throughput = 0.0 Mbps
55058 ms [UE 30040] UL Throughput = 0.09474 Mbps
55058 ms [UE 42234] UL Throughput = 0.0885 Mbps
55165 ms [UE 30040] UL Throughput = 0.0353 Mbps
55166 ms [UE 30040] UL Throughput = 0.06681 Mbps
55166 ms [UE 42234] UL Throughput = 0.07401 Mbps
55169 ms [UE 30040] UL Throughput = 0.0 Mbps
55169 ms [UE 42234] UL Throughput = 0.0 Mbps
55278 ms [UE 30040] UL Throughput = 0.0 Mbps
55278 ms [UE 42234] UL Throughput = 0.0 Mbps
55281 ms [UE 30040] UL Throughput = 0.0 Mbps
55281 ms [UE 42234] UL Throughput = 0.05171 Mbps
55388 ms [UE 30040] UL Throughput = 0.0 Mbps
55388 ms [UE 42234] UL Throughput = 0.0 Mbps
55462 ms [UE 30040] UL Throughput = 0.05232 Mbps
55462 ms [UE 42234] UL Throughput = 0.02666 Mbps
55466 ms [UE 30040] UL Throughput = 0.0 Mbps
55466 ms [UE 42234] UL Throughput = 0.09002 Mbps
55559 ms [UE 30040] UL Throughput = 0.0 Mbps
55559 ms [UE 42234] UL Throughput = 0.07082 Mbps
55561 ms [UE 30040] UL Throughput = 0.0 Mbps
55561 ms [UE 42234] UL Throughput = 0.0 Mbps
55668 ms [UE 30040] UL Throughput = 0.0 Mbps
55668 ms [UE 42234] UL Throughput = 0.0 Mbps
55674 ms [UE 30040] UL Throughput = 0.08968 Mbps
55674 ms [UE 42234] UL Throughput = 0.0 Mbps
55780 ms [UE 30040] UL Throughput = 0.0 Mbps
55780 ms [UE 42234] UL Throughput = 0.0 Mbps
55867 ms [UE 30040] UL Throughput = 0.02157 Mbps
55867 ms [UE 42234] UL Throughput = 0.0 Mbps
55982 ms [UE 30040] UL Throughput = 0.0 Mbps
55982 ms [UE 42234] UL Throughput = 0.0 Mbps
56057 ms [UE 30040] UL Throughput = 0.02386 Mbps
56057 ms [UE 42234] UL Throughput = 0.0 Mbps
56193 ms [UE 30040] UL Throughput = 0.08651 Mbps
56193 ms [UE 42234] UL Throughput = 0.0 Mbps
56290 ms [UE 30040] UL Throughput = 0.0 Mbps
56290 ms [UE 42234] UL Throughput = 0.0 Mbps
56378 ms [UE 30040] UL Throughput = 0.0 Mbps
56378 ms [UE 42234] UL Throughput = 0.04839 Mbps
56382 ms [UE 30040] UL Throughput = 0.09262 Mbps
56382 ms [UE 42234] UL Throughput = 0.02068 Mbps
56477 ms [UE 30040] UL Throughput = 0.0 Mbps
56477 ms [UE 42234] UL Throughput = 0.08413 Mbps
56593 ms [UE 30040] UL Throughput = 0.0 Mbps
56593 ms [UE 42234] UL Throughput = 0.05141 Mbps
56707 ms [UE 30040] UL Throughput = 0.13415 Mbps
56707 ms [UE 42234] UL Throughput = 0.03423 Mbps
56781 ms [UE 30040] UL Throughput = 0.02887 Mbps
56781 ms [UE 42234] UL Throughput = 0.0 Mbps
56786 ms [UE 30040] UL Throughput = 0.0 Mbps
56786 ms [UE 42234] UL Throughput = 0.0 Mbps
56790 ms [UE 30040] UL Throughput = 0.01507 Mbps
56790 ms [UE 42234] UL Throughput = 0.08788 Mbps
56883 ms [UE 30040] UL Throughput = 0.0 Mbps
56883 ms [UE 42234] UL Throughput = 0.04262 Mbps
56965 ms [UE 30040] UL Throughput = 0.0 Mbps
56965 ms [UE 42234] UL Throughput = 0.0 Mbps
57054 ms [UE 30040] UL Throughput = 0.07523 Mbps
57054 ms [UE 42234] UL Throughput = 0.08548 Mbps
57154 ms [UE 30040] UL Throughput = 0.04744 Mbps
57154 ms [UE 42234] UL Throughput = 0.0 Mbps
57253 ms [UE 30040] UL Throughput = 0.04976 Mbps
57253 ms [UE 42234] UL Throughput = 0.04352 Mbps
57258 ms [UE 30040] UL Throughput = 0.0 Mbps
57258 ms [UE 42234] UL Throughput = 0.05571 Mbps
57264 ms [UE 30040] UL Throughput = 0.11558 Mbps
57387 ms [UE 30040] UL Throughput = 0.0 Mbps
57387 ms [UE 42234] UL Throughput = 0.01929 Mbps
57488 ms [UE 30040] UL Throughput = 0.0 Mbps
57488 ms [UE 42234] UL Throughput = 0.07629 Mbps
57493 ms [UE 30040] UL Throughput = 0.06274 Mbps
57587 ms [UE 30040] UL Throughput = 0.08249 Mbps
57587 ms [UE 42234] UL Throughput = 0.07358 Mbps
57591 ms [UE 30040] UL Throughput = 0.07221 Mbps
57591 ms [UE 42234] UL Throughput = 0.0 Mbps
57699 ms [UE 30040] UL Throughput = 0.08159 Mbps
57699 ms [UE 42234] UL Throughput = 0.0 Mbps
57704 ms [UE 30040] UL Throughput = 0.06262 Mbps
57704 ms [UE 42234] UL Throughput = 0.1576 Mbps
57706 ms [UE 30040] UL Throughput = 0.0 Mbps
57706 ms [UE 42234] UL Throughput = 0.0 Mbps
57809 ms [UE 30040] UL Throughput = 0.12651 Mbps
57809 ms [UE 42234] UL Throughput = 0.0 Mbps
57934 ms [UE 42234] UL Throughput = 0.04269 Mbps
58012 ms [UE 30040] UL Throughput = 0.07347 Mbps
58012 ms [UE 42234] UL Throughput = 0.0 Mbps
58110 ms [UE 30040] UL Throughput = 0.0 Mbps
58110 ms [UE 42234] UL Throughput = 0.0 Mbps
58204 ms [UE 30040] UL Throughput = 0.0 Mbps
58204 ms [UE 42234] UL Throughput = 0.02551 Mbps
58209 ms [UE 30040] UL Throughput = 0.0 Mbps
58209 ms [UE 42234] UL Throughput = 0.03787 Mbps
58323 ms [UE 42234] UL Throughput = 0.08241 Mbps
58438 ms [UE 30040] UL Throughput = 0.0 Mbps
58438 ms [UE 42234] UL Throughput = 0.03133 Mbps
58559 ms [UE 30040] UL Throughput = 0.0 Mbps
58559 ms [UE 42234] UL Throughput = 0.0 Mbps
58656 ms [UE 30040] UL Throughput = 0.0 Mbps
58656 ms [UE 42234] UL Throughput = 0.0 Mbps
58661 ms [UE 30040] UL Throughput = 0.08141 Mbps
58661 ms [UE 42234] UL Throughput = 0.06345 Mbps
58749 ms [UE 30040] UL Throughput = 0.06471 Mbps
58749 ms [UE 42234] UL Throughput = 0.09103 Mbps
58856 ms [UE 30040] UL Throughput = 0.04744 Mbps
58856 ms [UE 42234] UL Throughput = 0.06065 Mbps
58949 ms [UE 30040] UL Throughput = 0.08387 Mbps
58949 ms [UE 42234] UL Throughput = 0.0 Mbps
59029 ms [UE 30040] UL Throughput = 0.04772 Mbps
59029 ms [UE 42234] UL Throughput = 0.0 Mbps
59127 ms [UE 42234] UL Throughput = 0.0597 Mbps
59234 ms [UE 42234] UL Throughput = 0.0 Mbps
59328 ms [UE 30040] UL Throughput = 0.0 Mbps
59328 ms [UE 42234] UL Throughput = 0.0 Mbps
59420 ms [UE 30040] UL Throughput = 0.0 Mbps
59420 ms [UE 42234] UL Throughput = 0.0 Mbps
59520 ms [UE 30040] UL Throughput = 0.0 Mbps
59520 ms [UE 42234] UL Throughput = 0.10475 Mbps
59614 ms [UE 30040] UL Throughput = 0.0 Mbps
59614 ms [UE 42234] UL Throughput = 0.0 Mbps
59711 ms [UE 30040] UL Throughput = 0.03498 Mbps
59711 ms [UE 42234] UL Throughput = 0.0 Mbps
59821 ms [UE 42234] UL Throughput = 0.06297 Mbps
59827 ms [UE 30040] UL Throughput = 0.03558 Mbps
59827 ms [UE 42234] UL Throughput = 0.03571 Mbps
59886 ms [UE 30040] UL Throughput = 0.0 Mbps
59886 ms [UE 42234] UL Throughput = 0.0 Mbps
59986 ms [UE 30040] UL Throughput = 0.0 Mbps
59986 ms [UE 42234] UL Throughput = 0.06721 Mbps
59988 ms [UE 30040] UL Throughput = 0.05167 Mbps
60099 ms [UE 30040] UL Throughput = 0.0 Mbps
60099 ms [UE 42234] UL Throughput = 0.0 Mbps
60209 ms [UE 30040] UL Throughput = 0.08615 Mbps
60209 ms [UE 42234] UL Throughput = 0.09825 Mbps
60289 ms [UE 30040] UL Throughput = 0.0 Mbps
60289 ms [UE 42234] UL Throughput = 0.08493 Mbps
60379 ms [UE 30040] UL Throughput = 0.07947 Mbps
60379 ms [UE 42234] UL Throughput = 0.0 Mbps
60464 ms [UE 30040] UL Throughput = 0.0 Mbps
60464 ms [UE 42234] UL Throughput = 0.0 Mbps
60560 ms [UE 30040] UL Throughput = 0.03172 Mbps
60560 ms [UE 42234] UL Throughput = 0.09516 Mbps
60660 ms [UE 30040] UL Throughput = 0.02732 Mbps
60660 ms [UE 42234] UL Throughput = 0.13133 Mbps
60762 ms [UE 30040] UL Throughput = 0.06174 Mbps
60762 ms [UE 42234] UL Throughput = 0.04472 Mbps
60893 ms [UE 30040] UL Throughput = 0.09167 Mbps
60893 ms [UE 42234] UL Throughput = 0.06322 Mbps
60897 ms [UE 30040] UL Throughput = 0.0 Mbps
60897 ms [UE 42234] UL Throughput = 0.0 Mbps
60963 ms [UE 30040] UL Throughput = 0.05853 Mbps
60963 ms [UE 42234] UL Throughput = 0.02518 Mbps
61046 ms [UE 30040] UL Throughput = 0.01515 Mbps
61046 ms [UE 42234] UL Throughput = 0.0 Mbps
61052 ms [UE 30040] UL Throughput = 0.0 Mbps
61052 ms [UE 42234] UL Throughput = 0.0838 Mbps
61150 ms [UE 30040] UL Throughput = 0.0 Mbps
61150 ms [UE 42234] UL Throughput = 0.0 Mbps
61249 ms [UE 30040] UL Throughput = 0.02467 Mbps
61249 ms [UE 42234] UL Throughput = 0.02759 Mbps
61340 ms [UE 30040] UL Throughput = 0.0 Mbps
61340 ms [UE 42234] UL Throughput = 0.06977 Mbps
61428 ms [UE 30040] UL Throughput = 0.02788 Mbps
61433 ms [UE 30040] UL Throughput = 0.0 Mbps
61433 ms [UE 42234] UL Throughput = 0.08827 Mbps
61536 ms [UE 30040] UL Throughput = 0.04678 Mbps
61536 ms [UE 42234] UL Throughput = 0.03632 Mbps
61622 ms [UE 30040] UL Throughput = 0.08725 Mbps
61622 ms [UE 42234] UL Throughput = 0.0 Mbps
61741 ms [UE 30040] UL Throughput = 0.02838 Mbps
61741 ms [UE 42234] UL Throughput = 0.09083 Mbps
61743 ms [UE 30040] UL Throughput = 0.05458 Mbps
61743 ms [UE 42234] UL Throughput = 0.0 Mbps
61810 ms [UE 30040] UL Throughput = 0.0 Mbps
61810 ms [UE 42234] UL Throughput = 0.025 Mbps
61812 ms [UE 30040] UL Throughput = 0.05541 Mbps
61818 ms [UE 30040] UL Throughput = 0.05306 Mbps
61818 ms [UE 42234] UL Throughput = 0.08484 Mbps
61895 ms [UE 30040] UL Throughput = 0.046 Mbps
62006 ms [UE 30040] UL Throughput = 0.0 Mbps
62006 ms [UE 42234] UL Throughput = 0.0 Mbps
62095 ms [UE 30040] UL Throughput = 0.01198 Mbps
62095 ms [UE 42234] UL Throughput = 0.0 Mbps
62210 ms [UE 30040] UL Throughput = 0.06264 Mbps
62210 ms [UE 42234] UL Throughput = 0.01035 Mbps
62311 ms [UE 30040] UL Throughput = 0.0 Mbps
62418 ms [UE 30040] UL Throughput = 0.03326 Mbps
62418 ms [UE 42234] UL Throughput = 0.0 Mbps
62528 ms [UE 30040] UL Throughput = 0.08163 Mbps
62528 ms [UE 42234] UL Throughput = 0.07444 Mbps
62624 ms [UE 42234] UL Throughput = 0.0 Mbps
62730 ms [UE 30040] UL Throughput = 0.0 Mbps
62730 ms [UE 42234] UL Throughput = 0.07053 Mbps
62815 ms [UE 30040] UL Throughput = 0.0 Mbps
62815 ms [UE 42234] UL Throughput = 0.0 Mbps
62902 ms [UE 30040] UL Throughput = 0.09685 Mbps
62902 ms [UE 42234] UL Throughput = 0.06825 Mbps
63002 ms [UE 42234] UL Throughput = 0.0 Mbps
63086 ms [UE 30040] UL Throughput = 0.03604 Mbps
63086 ms [UE 42234] UL Throughput = 0.0 Mbps
63202 ms [UE 30040] UL Throughput = 0.07262 Mbps
63202 ms [UE 42234] UL Throughput = 0.0 Mbps
63205 ms [UE 30040] UL Throughput = 0.0 Mbps
63205 ms [UE 42234] UL Throughput = 0.03612 Mbps
63301 ms [UE 30040] UL Throughput = 0.03403 Mbps
63390 ms [UE 30040] UL Throughput = 0.08755 Mbps
63514 ms [UE 30040] UL Throughput = 0.04042 Mbps
63514 ms [UE 42234] UL Throughput = 0.0 Mbps
63597 ms [UE 42234] UL Throughput = 0.06268 Mbps
63711 ms [UE 42234] UL Throughput = 0.0 Mbps
63829 ms [UE 30040] UL Throughput = 0.02579 Mbps
63937 ms [UE 30040] UL Throughput = 0.0 Mbps
63937 ms [UE 42234] UL Throughput = 0.0538 Mbps
64040 ms [UE 30040] UL Throughput = 0.0 Mbps
64144 ms [UE 30040] UL Throughput = 0.0 Mbps
64144 ms [UE 42234] UL Throughput = 0.0 Mbps
64148 ms [UE 30040] UL Throughput = 0.10174 Mbps
64148 ms [UE 42234] UL Throughput = 0.0 Mbps
64225 ms [UE 30040] UL Throughput = 0.03383 Mbps
64225 ms [UE 42234] UL Throughput = 0.0 Mbps
64342 ms [UE 30040] UL Throughput = 0.05496 Mbps
64342 ms [UE 42234] UL Throughput = 0.02581 Mbps
64444 ms [UE 30040] UL Throughput = 0.0 Mbps
64444 ms [UE 42234] UL Throughput = 0.06836 Mbps
64545 ms [UE 30040] UL Throughput = 0.0 Mbps
64545 ms [UE 42234] UL Throughput = 0.0 Mbps
64551 ms [UE 30040] UL Throughput = 0.09144 Mbps
64651 ms [UE 30040] UL Throughput = 0.0 Mbps
64651 ms [UE 42234] UL Throughput = 0.06506 Mbps
64764 ms [UE 30040] UL Throughput = 0.0 Mbps
64764 ms [UE 42234] UL Throughput = 0.0 Mbps
64865 ms [UE 30040] UL Throughput = 0.06976 Mbps
64865 ms [UE 42234] UL Throughput = 0.05127 Mbps
64980 ms [UE 30040] UL Throughput = 0.0 Mbps
64980 ms [UE 42234] UL Throughput = 0.0 Mbps
65076 ms [UE 30040] UL Throughput = 0.0 Mbps
65076 ms [UE 42234] UL Throughput = 0.06945 Mbps
65151 ms [UE 30040] UL Throughput = 0.0 Mbps
65151 ms [UE 42234] UL Throughput = 0.051 Mbps
65236 ms [UE 30040] UL Throughput = 0.0 Mbps
65236 ms [UE 42234] UL Throughput = 0.09494 Mbps
65335 ms [UE 30040] UL Throughput = 0.07619 Mbps
65335 ms [UE 42234] UL Throughput = 0.07056 Mbps
65413 ms [UE 30040] UL Throughput = 0.06886 Mbps
65413 ms [UE 42234] UL Throughput = 0.0 Mbps
65513 ms [UE 30040] UL Throughput = 0.0 Mbps
65513 ms [UE 42234] UL Throughput = 0.0 Mbps
65632 ms [UE 30040] UL Throughput = 0.01535 Mbps
65632 ms [UE 42234] UL Throughput = 0.0 Mbps
65637 ms [UE 30040] UL Throughput = 0.0 Mbps
65637 ms [UE 42234] UL Throughput = 0.05716 Mbps
65742 ms [UE 30040] UL Throughput = 0.09771 Mbps
65742 ms [UE 42234] UL Throughput = 0.0 Mbps
65743 ms [UE 30040] UL Throughput = 0.0 Mbps
65743 ms [UE 42234] UL Throughput = 0.0 Mbps
65839 ms [UE 30040] UL Throughput = 0.09678 Mbps
65839 ms [UE 42234] UL Throughput = 0.0 Mbps
65947 ms [UE 30040] UL Throughput = 0.0845 Mbps
65947 ms [UE 42234] UL Throughput = 0.0 Mbps
66064 ms [UE 42234] UL Throughput = 0.0 Mbps
66166 ms [UE 30040] UL Throughput = 0.0 Mbps
66166 ms [UE 42234] UL Throughput = 0.0 Mbps
66252 ms [UE 30040] UL Throughput = 0.0 Mbps
66252 ms [UE 42234] UL Throughput = 0.0 Mbps
66254 ms [UE 30040] UL Throughput = 0.0 Mbps
66254 ms [UE 42234] UL Throughput = 0.08471 Mbps
66360 ms [UE 30040] UL Throughput = 0.10706 Mbps
66360 ms [UE 42234] UL Throughput = 0.02873 Mbps
66453 ms [UE 30040] UL Throughput = 0.0 Mbps
66551 ms [UE 30040] UL Throughput = 0.08592 Mbps
66551 ms [UE 42234] UL Throughput = 0.07854 Mbps
66658 ms [UE 42234] UL Throughput = 0.08223 Mbps
66765 ms [UE 30040] UL Throughput = 0.07627 Mbps
66765 ms [UE 42234] UL Throughput = 0.07468 Mbps
66766 ms [UE 30040] UL Throughput = 0.0 Mbps
66852 ms [UE 30040] UL Throughput = 0.17693 Mbps
66852 ms [UE 42234] UL Throughput = 0.06995 Mbps
66956 ms [UE 30040] UL Throughput = 0.08214 Mbps
66956 ms [UE 42234] UL Throughput = 0.0 Mbps
67058 ms [UE 30040] UL Throughput = 0.0 Mbps
67058 ms [UE 42234] UL Throughput = 0.0 Mbps
67063 ms [UE 42234] UL Throughput = 0.06258 Mbps
67174 ms [UE 30040] UL Throughput = 0.0 Mbps
67174 ms [UE 42234] UL Throughput = 0.0 Mbps
67247 ms [UE 30040] UL Throughput = 0.0848 Mbps
67247 ms [UE 42234] UL Throughput = 0.0 Mbps
67253 ms [UE 30040] UL Throughput = 0.0 Mbps
67353 ms [UE 30040] UL Throughput = 0.0 Mbps
67353 ms [UE 42234] UL Throughput = 0.0 Mbps
67359 ms [UE 30040] UL Throughput = 0.04644 Mbps
67445 ms [UE 30040] UL Throughput = 0.01203 Mbps
67445 ms [UE 42234] UL Throughput = 0.09761 Mbps
67527 ms [UE 30040] UL Throughput = 0.0 Mbps
67527 ms [UE 42234] UL Throughput = 0.05402 Mbps
67615 ms [UE 30040] UL Throughput = 0.06266 Mbps
67619 ms [UE 30040] UL Throughput = 0.02745 Mbps
67619 ms [UE 42234] UL Throughput = 0.0 Mbps
67622 ms [UE 30040] UL Throughput = 0.07096 Mbps
67625 ms [UE 30040] UL Throughput = 0.04472 Mbps
67625 ms [UE 42234] UL Throughput = 0.0916 Mbps
67731 ms [UE 42234] UL Throughput = 0.0 Mbps
67844 ms [UE 30040] UL Throughput = 0.09869 Mbps
67844 ms [UE 42234] UL Throughput = 0.09845 Mbps
67941 ms [UE 30040] UL Throughput = 0.02614 Mbps
67941 ms [UE 42234] UL Throughput = 0.1455 Mbps
68056 ms [UE 30040] UL Throughput = 0.0 Mbps
68056 ms [UE 42234] UL Throughput = 0.0 Mbps
68161 ms [UE 30040] UL Throughput = 0.03736 Mbps
68161 ms [UE 42234] UL Throughput = 0.0 Mbps
68163 ms [UE 30040] UL Throughput = 0.11273 Mbps
68163 ms [UE 42234] UL Throughput = 0.05217 Mbps
68287 ms [UE 30040] UL Throughput = 0.02894 Mbps
68287 ms [UE 42234] UL Throughput = 0.0 Mbps
68376 ms [UE 30040] UL Throughput = 0.08161 Mbps
68376 ms [UE 42234] UL Throughput = 0.0 Mbps
68455 ms [UE 30040] UL Throughput = 0.02246 Mbps
68455 ms [UE 42234] UL Throughput = 0.11073 Mbps
68525 ms [UE 30040] UL Throughput = 0.0 Mbps
68525 ms [UE 42234] UL Throughput = 0.0 Mbps
68529 ms [UE 30040] UL Throughput = 0.0 Mbps
68616 ms [UE 30040] UL Throughput = 0.09937 Mbps
68616 ms [UE 42234] UL Throughput = 0.0 Mbps
68622 ms [UE 30040] UL Throughput = 0.0 Mbps
68622 ms [UE 42234] UL Throughput = 0.0 Mbps
68626 ms [UE 30040] UL Throughput = 0.0 Mbps
68626 ms [UE 42234] UL Throughput = 0.06145 Mbps
68723 ms [UE 30040] UL Throughput = 0.03275 Mbps
68723 ms [UE 42234] UL Throughput = 0.0 Mbps
68843 ms [UE 30040] UL Throughput = 0.07859 Mbps
68918 ms [UE 30040] UL Throughput = 0.0 Mbps
68918 ms [UE 42234] UL Throughput = 0.06095 Mbps
69018 ms [UE 30040] UL Throughput = 0.08131 Mbps
69018 ms [UE 42234] UL Throughput = 0.0 Mbps
69024 ms [UE 30040] UL Throughput = 0.0 Mbps
69113 ms [UE 30040] UL Throughput = 0.0 Mbps
69113 ms [UE 42234] UL Throughput = 0.02812 Mbps
69201 ms [UE 30040] UL Throughput = 0.04543 Mbps
69201 ms [UE 42234] UL Throughput = 0.06392 Mbps
69204 ms [UE 30040] UL Throughput = 0.0 Mbps
69204 ms [UE 42234] UL Throughput = 0.0 Mbps
69266 ms [UE 30040] UL Throughput = 0.01113 Mbps
69266 ms [UE 42234] UL Throughput = 0.0 Mbps
69393 ms [UE 30040] UL Throughput = 0.0 Mbps
69393 ms [UE 42234] UL Throughput = 0.01441 Mbps
69500 ms [UE 42234] UL Throughput = 0.08395 Mbps
69583 ms [UE 30040] UL Throughput = 0.0 Mbps
69669 ms [UE 30040] UL Throughput = 0.0 Mbps
69669 ms [UE 42234] UL Throughput = 0.0 Mbps
69758 ms [UE 30040] UL Throughput = 0.06115 Mbps
69758 ms [UE 42234] UL Throughput = 0.08324 Mbps
69863 ms [UE 30040] UL Throughput = 0.0 Mbps
69863 ms [UE 42234] UL Throughput = 0.0 Mbps
69954 ms [UE 30040] UL Throughput = 0.0 Mbps
69954 ms [UE 42234] UL Throughput = 0.08219 Mbps
69955 ms [UE 30040] UL Throughput = 0.04262 Mbps
69955 ms [UE 42234] UL Throughput = 0.0 Mbps
70044 ms [UE 30040] UL Throughput = 0.0 Mbps
70122 ms [UE 42234] UL Throughput = 0.0 Mbps
70218 ms [UE 30040] UL Throughput = 0.082 Mbps
70286 ms [UE 30040] UL Throughput = 0.0615 Mbps
70286 ms [UE 42234] UL Throughput = 0.0 Mbps
70288 ms [UE 30040] UL Throughput = 0.0 Mbps
70423 ms [UE 30040] UL Throughput = 0.08143 Mbps
70423 ms [UE 42234] UL Throughput = 0.0 Mbps
70496 ms [UE 30040] UL Throughput = 0.0 Mbps
70496 ms [UE 42234] UL Throughput = 0.0 Mbps
70602 ms [UE 30040] UL Throughput = 0.0 Mbps
70602 ms [UE 42234] UL Throughput = 0.01352 Mbps
70607 ms [UE 30040] UL Throughput = 0.07885 Mbps
70607 ms [UE 42234] UL Throughput = 0.0 Mbps
70711 ms [UE 30040] UL Throughput = 0.04858 Mbps
70711 ms [UE 42234] UL Throughput = 0.05352 Mbps
70716 ms [UE 30040] UL Throughput = 0.08258 Mbps
70716 ms [UE 42234] UL Throughput = 0.05826 Mbps
70845 ms [UE 30040] UL Throughput = 0.0 Mbps
70925 ms [UE 30040] UL Throughput = 0.0 Mbps
70925 ms [UE 42234] UL Throughput = 0.0 Mbps
71020 ms [UE 30040] UL Throughput = 0.05551 Mbps
71020 ms [UE 42234] UL Throughput = 0.0 Mbps
71107 ms [UE 30040] UL Throughput = 0.0 Mbps
71107 ms [UE 42234] UL Throughput = 0.0338 Mbps
71110 ms [UE 30040] UL Throughput = 0.0 Mbps
71110 ms [UE 42234] UL Throughput = 0.0 Mbps
71114 ms [UE 30040] UL Throughput = 0.03391 Mbps
71114 ms [UE 42234] UL Throughput = 0.0 Mbps
71198 ms [UE 30040] UL Throughput = 0.0978 Mbps
71198 ms [UE 42234] UL Throughput = 0.0793 Mbps
71297 ms [UE 30040] UL Throughput = 0.024 Mbps
71297 ms [UE 42234] UL Throughput = 0.0 Mbps
71303 ms [UE 30040] UL Throughput = 0.0 Mbps
71303 ms [UE 42234] UL Throughput = 0.05755 Mbps
71409 ms [UE 30040] UL Throughput = 0.09525 Mbps
71409 ms [UE 42234] UL Throughput = 0.11224 Mbps
71412 ms [UE 30040] UL Throughput = 0.04932 Mbps
71412 ms [UE 42234] UL Throughput = 0.0 Mbps
71516 ms [UE 30040] UL Throughput = 0.0 Mbps
71516 ms [UE 42234] UL Throughput = 0.08495 Mbps
71626 ms [UE 30040] UL Throughput = 0.08957 Mbps
71626 ms [UE 42234] UL Throughput = 0.04244 Mbps
71732 ms [UE 30040] UL Throughput = 0.0 Mbps
71732 ms [UE 42234] UL Throughput = 0.02261 Mbps
71733 ms [UE 30040] UL Throughput = 0.01278 Mbps
71733 ms [UE 42234] UL Throughput = 0.06 Mbps
71738 ms [UE 30040] UL Throughput = 0.02847 Mbps
71738 ms [UE 42234] UL Throughput = 0.0509 Mbps
71882 ms [UE 30040] UL Throughput = 0.0 Mbps
71882 ms [UE 42234] UL Throughput = 0.0 Mbps
71883 ms [UE 30040] UL Throughput = 0.0 Mbps
71883 ms [UE 42234] UL Throughput = 0.0 Mbps
71966 ms [UE 30040] UL Throughput = 0.0 Mbps
71966 ms [UE 42234] UL Throughput = 0.01309 Mbps
72056 ms [UE 30040] UL Throughput = 0.0 Mbps
72170 ms [UE 30040] UL Throughput = 0.15644 Mbps
72238 ms [UE 30040] UL Throughput = 0.0 Mbps
72238 ms [UE 42234] UL Throughput = 0.20178 Mbps
72340 ms [UE 30040] UL Throughput = 0.02663 Mbps
72340 ms [UE 42234] UL Throughput = 0.03477 Mbps
72428 ms [UE 30040] UL Throughput = 0.06869 Mbps
72428 ms [UE 42234] UL Throughput = 0.07153 Mbps
72531 ms [UE 30040] UL Throughput = 0.0 Mbps
72642 ms [UE 30040] UL Throughput = 0.0 Mbps
72642 ms [UE 42234] UL Throughput = 0.0 Mbps
72752 ms [UE 30040] UL Throughput = 0.0 Mbps
72752 ms [UE 42234] UL Throughput = 0.07169 Mbps
72858 ms [UE 30040] UL Throughput = 0.08593 Mbps
72858 ms [UE 42234] UL Throughput = 0.06595 Mbps
72954 ms [UE 30040] UL Throughput = 0.05929 Mbps
72954 ms [UE 42234] UL Throughput = 0.06466 Mbps
73066 ms [UE 30040] UL Throughput = 0.0 Mbps
73066 ms [UE 42234] UL Throughput = 0.06692 Mbps
73170 ms [UE 30040] UL Throughput = 0.02466 Mbps
73170 ms [UE 42234] UL Throughput = 0.0 Mbps
73275 ms [UE 30040] UL Throughput = 0.09675 Mbps
73275 ms [UE 42234] UL Throughput = 0.0 Mbps
73375 ms [UE 42234] UL Throughput = 0.02076 Mbps
73481 ms [UE 30040] UL Throughput = 0.0 Mbps
73481 ms [UE 42234] UL Throughput = 0.0 Mbps
73548 ms [UE 30040] UL Throughput = 0.01064 Mbps
73659 ms [UE 30040] UL Throughput = 0.07193 Mbps
73659 ms [UE 42234] UL Throughput = 0.0806 Mbps
73661 ms [UE 30040] UL Throughput = 0.09428 Mbps
73661 ms [UE 42234] UL Throughput = 0.09884 Mbps
73664 ms [UE 30040] UL Throughput = 0.0 Mbps
73664 ms [UE 42234] UL Throughput = 0.04648 Mbps
73666 ms [UE 30040] UL Throughput = 0.09097 Mbps
73666 ms [UE 42234] UL Throughput = 0.0981 Mbps
73735 ms [UE 30040] UL Throughput = 0.09357 Mbps
73740 ms [UE 30040] UL Throughput = 0.12013 Mbps
73740 ms [UE 42234] UL Throughput = 0.0 Mbps
73846 ms [UE 30040] UL Throughput = 0.0 Mbps
73846 ms [UE 42234] UL Throughput = 0.07748 Mbps
73954 ms [UE 30040] UL Throughput = 0.02946 Mbps
73954 ms [UE 42234] UL Throughput = 0.04656 Mbps
74040 ms [UE 30040] UL Throughput = 0.02367 Mbps
74040 ms [UE 42234] UL Throughput = 0.06097 Mbps
74139 ms [UE 30040] UL Throughput = 0.0 Mbps
74139 ms [UE 42234] UL Throughput = 0.03118 Mbps
74241 ms [UE 30040] UL Throughput = 0.05 Mbps
74241 ms [UE 42234] UL Throughput = 0.0 Mbps
74243 ms [UE 30040] UL Throughput = 0.03742 Mbps
74243 ms [UE 42234] UL Throughput = 0.0 Mbps
74331 ms [UE 42234] UL Throughput = 0.0608 Mbps
74336 ms [UE 30040] UL Throughput = 0.0 Mbps
74445 ms [UE 30040] UL Throughput = 0.0 Mbps
74445 ms [UE 42234] UL Throughput = 0.07207 Mbps
74549 ms [UE 30040] UL Throughput = 0.0342 Mbps
74549 ms [UE 42234] UL Throughput = 0.04204 Mbps
74641 ms [UE 30040] UL Throughput = 0.01292 Mbps
74641 ms [UE 42234] UL Throughput = 0.0 Mbps
74744 ms [UE 42234] UL Throughput = 0.03168 Mbps
74826 ms [UE 30040] UL Throughput = 0.0 Mbps
74826 ms [UE 42234] UL Throughput = 0.0 Mbps
74914 ms [UE 30040] UL Throughput = 0.06442 Mbps
74914 ms [UE 42234] UL Throughput = 0.0 Mbps
75008 ms [UE 42234] UL Throughput = 0.0 Mbps
75133 ms [UE 30040] UL Throughput = 0.0 Mbps
75133 ms [UE 42234] UL Throughput = 0.0 Mbps
75135 ms [UE 30040] UL Throughput = 0.0 Mbps
75135 ms [UE 42234] UL Throughput = 0.02409 Mbps
75220 ms [UE 42234] UL Throughput = 0.01115 Mbps
75224 ms [UE 30040] UL Throughput = 0.04327 Mbps
75224 ms [UE 42234] UL Throughput = 0.08001 Mbps
75322 ms [UE 30040] UL Throughput = 0.07038 Mbps
75322 ms [UE 42234] UL Throughput = 0.08003 Mbps
75324 ms [UE 30040] UL Throughput = 0.02787 Mbps
75324 ms [UE 42234] UL Throughput = 0.09531 Mbps
75432 ms [UE 30040] UL Throughput = 0.0 Mbps
75432 ms [UE 42234] UL Throughput = 0.09142 Mbps
75530 ms [UE 30040] UL Throughput = 0.0 Mbps
75530 ms [UE 42234] UL Throughput = 0.09921 Mbps
75532 ms [UE 30040] UL Throughput = 0.06518 Mbps
75532 ms [UE 42234] UL Throughput = 0.0 Mbps
75631 ms [UE 30040] UL Throughput = 0.08131 Mbps
75631 ms [UE 42234] UL Throughput = 0.08438 Mbps
75749 ms [UE 30040] UL Throughput = 0.0 Mbps
75749 ms [UE 42234] UL Throughput = 0.04746 Mbps
75838 ms [UE 30040] UL Throughput = 0.15814 Mbps
75838 ms [UE 42234] UL Throughput = 0.07493 Mbps
75839 ms [UE 30040] UL Throughput = 0.0 Mbps
75839 ms [UE 42234] UL Throughput = 0.05186 Mbps
75924 ms [UE 30040] UL Throughput = 0.06696 Mbps
75924 ms [UE 42234] UL Throughput = 0.0 Mbps
76009 ms [UE 42234] UL Throughput = 0.06216 Mbps
76117 ms [UE 30040] UL Throughput = 0.08987 Mbps
76202 ms [UE 30040] UL Throughput = 0.01064 Mbps
76202 ms [UE 42234] UL Throughput = 0.05046 Mbps
76269 ms [UE 30040] UL Throughput = 0.08849 Mbps
76269 ms [UE 42234] UL Throughput = 0.0 Mbps
76359 ms [UE 30040] UL Throughput = 0.07354 Mbps
76359 ms [UE 42234] UL Throughput = 0.0976 Mbps
76463 ms [UE 30040] UL Throughput = 0.05724 Mbps
76463 ms [UE 42234] UL Throughput = 0.09354 Mbps
76566 ms [UE 42234] UL Throughput = 0.0 Mbps
76569 ms [UE 30040] UL Throughput = 0.0 Mbps
76569 ms [UE 42234] UL Throughput = 0.0 Mbps
76670 ms [UE 30040] UL Throughput = 0.0 Mbps
76670 ms [UE 42234] UL Throughput = 0.0 Mbps
76773 ms [UE 30040] UL Throughput = 0.09593 Mbps
76773 ms [UE 42234] UL Throughput = 0.09706 Mbps
76779 ms [UE 30040] UL Throughput = 0.0 Mbps
76891 ms [UE 30040] UL Throughput = 0.08136 Mbps
76891 ms [UE 42234] UL Throughput = 0.0 Mbps
76959 ms [UE 30040] UL Throughput = 0.08185 Mbps
76959 ms [UE 42234] UL Throughput = 0.07919 Mbps
76964 ms [UE 30040] UL Throughput = 0.08326 Mbps
76964 ms [UE 42234] UL Throughput = 0.0 Mbps
76965 ms [UE 42234] UL Throughput = 0.0678 Mbps
77067 ms [UE 30040] UL Throughput = 0.07557 Mbps
77067 ms [UE 42234] UL Throughput = 0.09463 Mbps
77161 ms [UE 30040] UL Throughput = 0.0 Mbps
77161 ms [UE 42234] UL Throughput = 0.08266 Mbps
77248 ms [UE 30040] UL Throughput = 0.0 Mbps
77248 ms [UE 42234] UL Throughput = 0.0 Mbps
77328 ms [UE 30040] UL Throughput = 0.0 Mbps
77328 ms [UE 42234] UL Throughput = 0.01839 Mbps
77438 ms [UE 30040] UL Throughput = 0.09909 Mbps
77438 ms [UE 42234] UL Throughput = 0.03831 Mbps
77548 ms [UE 42234] UL Throughput = 0.0 Mbps
77635 ms [UE 30040] UL Throughput = 0.0 Mbps
77746 ms [UE 30040] UL Throughput = 0.06952 Mbps
77746 ms [UE 42234] UL Throughput = 0.0 Mbps
77826 ms [UE 30040] UL Throughput = 0.0281 Mbps
77826 ms [UE 42234] UL Throughput = 0.0 Mbps
77830 ms [UE 30040] UL Throughput = 0.0 Mbps
77830 ms [UE 42234] UL Throughput = 0.19723 Mbps
77892 ms [UE 42234] UL Throughput = 0.0 Mbps
77988 ms [UE 30040] UL Throughput = 0.0 Mbps
77988 ms [UE 42234] UL Throughput = 0.0 Mbps
77993 ms [UE 30040] UL Throughput = 0.0 Mbps
77993 ms [UE 42234] UL Throughput = 0.07011 Mbps
77997 ms [UE 42234] UL Throughput = 0.02498 Mbps
78078 ms [UE 30040] UL Throughput = 0.02666 Mbps
78078 ms [UE 42234] UL Throughput = 0.0 Mbps
78178 ms [UE 30040] UL Throughput = 0.01202 Mbps
78178 ms [UE 42234] UL Throughput = 0.0 Mbps
78275 ms [UE 30040] UL Throughput = 0.06553 Mbps
78275 ms [UE 42234] UL Throughput = 0.0 Mbps
78363 ms [UE 30040] UL Throughput = 0.0 Mbps
78363 ms [UE 42234] UL Throughput = 0.0 Mbps
78456 ms [UE 30040] UL Throughput = 0.0 Mbps
78456 ms [UE 42234] UL Throughput = 0.03921 Mbps
78563 ms [UE 30040] UL Throughput = 0.0 Mbps
78563 ms [UE 42234] UL Throughput = 0.0 Mbps
78564 ms [UE 30040] UL Throughput = 0.0 Mbps
78564 ms [UE 42234] UL Throughput = 0.0 Mbps
78680 ms [UE 42234] UL Throughput = 0.0 Mbps
78773 ms [UE 30040] UL Throughput = 0.0 Mbps
78773 ms [UE 42234] UL Throughput = 0.0992 Mbps
78898 ms [UE 30040] UL Throughput = 0.0 Mbps
78898 ms [UE 42234] UL Throughput = 0.02475 Mbps
78973 ms [UE 30040] UL Throughput = 0.0 Mbps
78973 ms [UE 42234] UL Throughput = 0.0 Mbps
79066 ms [UE 30040] UL Throughput = 0.09623 Mbps
79066 ms [UE 42234] UL Throughput = 0.03663 Mbps
79071 ms [UE 30040] UL Throughput = 0.04149 Mbps
79071 ms [UE 42234] UL Throughput = 0.0 Mbps
79073 ms [UE 42234] UL Throughput = 0.0188 Mbps
79153 ms [UE 30040] UL Throughput = 0.0 Mbps
79153 ms [UE 42234] UL Throughput = 0.0 Mbps
79233 ms [UE 30040] UL Throughput = 0.06185 Mbps
79233 ms [UE 42234] UL Throughput = 0.14048 Mbps
79345 ms [UE 30040] UL Throughput = 0.0 Mbps
79345 ms [UE 42234] UL Throughput = 0.0 Mbps
79438 ms [UE 30040] UL Throughput = 0.05605 Mbps
79438 ms [UE 42234] UL Throughput = 0.0 Mbps
79554 ms [UE 30040] UL Throughput = 0.0 Mbps
79554 ms [UE 42234] UL Throughput = 0.0 Mbps
79666 ms [UE 30040] UL Throughput = 0.04809 Mbps
79666 ms [UE 42234] UL Throughput = 0.0588 Mbps
79756 ms [UE 30040] UL Throughput = 0.06151 Mbps
79756 ms [UE 42234] UL Throughput = 0.07316 Mbps
79846 ms [UE 30040] UL Throughput = 0.0 Mbps
79846 ms [UE 42234] UL Throughput = 0.12352 Mbps
79947 ms [UE 30040] UL Throughput = 0.0 Mbps
79947 ms [UE 42234] UL Throughput = 0.1314 Mbps
80031 ms [UE 30040] UL Throughput = 0.15947 Mbps
80031 ms [UE 42234] UL Throughput = 0.06452 Mbps
80159 ms [UE 30040] UL Throughput = 0.12455 Mbps
80159 ms [UE 42234] UL Throughput = 0.0 Mbps
80271 ms [UE 42234] UL Throughput = 0.07197 Mbps
80273 ms [UE 30040] UL Throughput = 0.07654 Mbps
80273 ms [UE 42234] UL Throughput = 0.0 Mbps
80365 ms [UE 30040] UL Throughput = 0.0 Mbps
80365 ms [UE 42234] UL Throughput = 0.01802 Mbps
80473 ms [UE 30040] UL Throughput = 0.0 Mbps
80473 ms [UE 42234] UL Throughput = 0.01918 Mbps
80562 ms [UE 30040] UL Throughput = 0.04839 Mbps
80562 ms [UE 42234] UL Throughput = 0.05085 Mbps
80660 ms [UE 30040] UL Throughput = 0.03461 Mbps
80660 ms [UE 42234] UL Throughput = 0.01354 Mbps
80741 ms [UE 30040] UL Throughput = 0.0 Mbps
80741 ms [UE 42234] UL Throughput = 0.0 Mbps
80823 ms [UE 30040] UL Throughput = 0.04627 Mbps
80823 ms [UE 42234] UL Throughput = 0.0992 Mbps
80892 ms [UE 30040] UL Throughput = 0.09974 Mbps
80892 ms [UE 42234] UL Throughput = 0.0 Mbps
81006 ms [UE 30040] UL Throughput = 0.07697 Mbps
81006 ms [UE 42234] UL Throughput = 0.01952 Mbps
81096 ms [UE 30040] UL Throughput = 0.02245 Mbps
81096 ms [UE 42234] UL Throughput = 0.0 Mbps
81189 ms [UE 30040] UL Throughput = 0.0296 Mbps
81189 ms [UE 42234] UL Throughput = 0.14805 Mbps
81311 ms [UE 30040] UL Throughput = 0.08391 Mbps
81311 ms [UE 42234] UL Throughput = 0.0 Mbps
81436 ms [UE 30040] UL Throughput = 0.08553 Mbps
81436 ms [UE 42234] UL Throughput = 0.09269 Mbps
81542 ms [UE 30040] UL Throughput = 0.01865 Mbps
81542 ms [UE 42234] UL Throughput = 0.0 Mbps
81657 ms [UE 30040] UL Throughput = 0.0 Mbps
81657 ms [UE 42234] UL Throughput = 0.08385 Mbps
81746 ms [UE 30040] UL Throughput = 0.01866 Mbps
81746 ms [UE 42234] UL Throughput = 0.05019 Mbps
81857 ms [UE 30040] UL Throughput = 0.0 Mbps
81857 ms [UE 42234] UL Throughput = 0.0 Mbps
81954 ms [UE 30040] UL Throughput = 0.0 Mbps
81954 ms [UE 42234] UL Throughput = 0.0 Mbps
82044 ms [UE 42234] UL Throughput = 0.01723 Mbps
82045 ms [UE 30040] UL Throughput = 0.0 Mbps
82045 ms [UE 42234] UL Throughput = 0.0898 Mbps
82133 ms [UE 30040] UL Throughput = 0.0911 Mbps
82133 ms [UE 42234] UL Throughput = 0.01563 Mbps
82237 ms [UE 30040] UL Throughput = 0.03295 Mbps
82237 ms [UE 42234] UL Throughput = 0.0 Mbps
82310 ms [UE 30040] UL Throughput = 0.0 Mbps
82310 ms [UE 42234] UL Throughput = 0.0608 Mbps
82410 ms [UE 30040] UL Throughput = 0.09093 Mbps
82410 ms [UE 42234] UL Throughput = 0.0 Mbps
82507 ms [UE 30040] UL Throughput = 0.0 Mbps
82507 ms [UE 42234] UL Throughput = 0.02731 Mbps
82608 ms [UE 30040] UL Throughput = 0.07383 Mbps
82608 ms [UE 42234] UL Throughput = 0.033 Mbps
82687 ms [UE 30040] UL Throughput = 0.02834 Mbps
82693 ms [UE 30040] UL Throughput = 0.0 Mbps
82777 ms [UE 30040] UL Throughput = 0.0 Mbps
82848 ms [UE 30040] UL Throughput = 0.0 Mbps
82848 ms [UE 42234] UL Throughput = 0.0 Mbps
82959 ms [UE 30040] UL Throughput = 0.0 Mbps
83068 ms [UE 30040] UL Throughput = 0.01891 Mbps
83185 ms [UE 30040] UL Throughput = 0.0 Mbps
83185 ms [UE 42234] UL Throughput = 0.07633 Mbps
83275 ms [UE 30040] UL Throughput = 0.12207 Mbps
83275 ms [UE 42234] UL Throughput = 0.0 Mbps
83276 ms [UE 30040] UL Throughput = 0.0 Mbps
83276 ms [UE 42234] UL Throughput = 0.1241 Mbps
83397 ms [UE 30040] UL Throughput = 0.02411 Mbps
83397 ms [UE 42234] UL Throughput = 0.0593 Mbps
83515 ms [UE 30040] UL Throughput = 0.0 Mbps
83515 ms [UE 42234] UL Throughput = 0.02098 Mbps
83613 ms [UE 30040] UL Throughput = 0.01902 Mbps
83613 ms [UE 42234] UL Throughput = 0.02469 Mbps
83617 ms [UE 30040] UL Throughput = 0.03542 Mbps
83617 ms [UE 42234] UL Throughput = 0.0 Mbps
83623 ms [UE 30040] UL Throughput = 0.15761 Mbps
83623 ms [UE 42234] UL Throughput = 0.0356 Mbps
83716 ms [UE 30040] UL Throughput = 0.04568 Mbps
83823 ms [UE 30040] UL Throughput = 0.0 Mbps
83823 ms [UE 42234] UL Throughput = 0.07374 Mbps
83826 ms [UE 30040] UL Throughput = 0.02625 Mbps
83826 ms [UE 42234] UL Throughput = 0.01625 Mbps
83934 ms [UE 30040] UL Throughput = 0.05439 Mbps
83934 ms [UE 42234] UL Throughput = 0.02364 Mbps
83940 ms [UE 42234] UL Throughput = 0.06879 Mbps
83944 ms [UE 30040] UL Throughput = 0.0 Mbps
83944 ms [UE 42234] UL Throughput = 0.0 Mbps
84037 ms [UE 30040] UL Throughput = 0.05161 Mbps
84037 ms [UE 42234] UL Throughput = 0.0 Mbps
84130 ms [UE 30040] UL Throughput = 0.0 Mbps
84131 ms [UE 30040] UL Throughput = 0.0 Mbps
84131 ms [UE 42234] UL Throughput = 0.04353 Mbps
84253 ms [UE 30040] UL Throughput = 0.05945 Mbps
84253 ms [UE 42234] UL Throughput = 0.09773 Mbps
84363 ms [UE 30040] UL Throughput = 0.03851 Mbps
84363 ms [UE 42234] UL Throughput = 0.18692 Mbps
84458 ms [UE 30040] UL Throughput = 0.0 Mbps
84458 ms [UE 42234] UL Throughput = 0.09414 Mbps
84542 ms [UE 30040] UL Throughput = 0.09723 Mbps
84542 ms [UE 42234] UL Throughput = 0.06777 Mbps
84616 ms [UE 30040] UL Throughput = 0.104 Mbps
84616 ms [UE 42234] UL Throughput = 0.09406 Mbps
84730 ms [UE 30040] UL Throughput = 0.0 Mbps
84730 ms [UE 42234] UL Throughput = 0.0 Mbps
84824 ms [UE 30040] UL Throughput = 0.01988 Mbps
84824 ms [UE 42234] UL Throughput = 0.0 Mbps
84948 ms [UE 42234] UL Throughput = 0.04249 Mbps
84954 ms [UE 30040] UL Throughput = 0.0 Mbps
84954 ms [UE 42234] UL Throughput = 0.08675 Mbps
85072 ms [UE 30040] UL Throughput = 0.02127 Mbps
85073 ms [UE 30040] UL Throughput = 0.0 Mbps
85166 ms [UE 30040] UL Throughput = 0.0 Mbps
85166 ms [UE 42234] UL Throughput = 0.03266 Mbps
85271 ms [UE 30040] UL Throughput = 0.0 Mbps
85271 ms [UE 42234] UL Throughput = 0.0872 Mbps
85358 ms [UE 30040] UL Throughput = 0.0 Mbps
85358 ms [UE 42234] UL Throughput = 0.13982 Mbps
85440 ms [UE 30040] UL Throughput = 0.0 Mbps
85440 ms [UE 42234] UL Throughput = 0.01082 Mbps
85530 ms [UE 30040] UL Throughput = 0.0 Mbps
85536 ms [UE 30040] UL Throughput = 0.0907 Mbps
85632 ms [UE 42234] UL Throughput = 0.0 Mbps
85637 ms [UE 30040] UL Throughput = 0.01767 Mbps
85637 ms [UE 42234] UL Throughput = 0.0354 Mbps
85713 ms [UE 30040] UL Throughput = 0.012 Mbps
85832 ms [UE 30040] UL Throughput = 0.03329 Mbps
85832 ms [UE 42234] UL Throughput = 0.01018 Mbps
85837 ms [UE 42234] UL Throughput = 0.16084 Mbps
85838 ms [UE 30040] UL Throughput = 0.0 Mbps
85949 ms [UE 30040] UL Throughput = 0.0 Mbps
85949 ms [UE 42234] UL Throughput = 0.05621 Mbps
86045 ms [UE 30040] UL Throughput = 0.0 Mbps
86045 ms [UE 42234] UL Throughput = 0.0 Mbps
86124 ms [UE 30040] UL Throughput = 0.09531 Mbps
86124 ms [UE 42234] UL Throughput = 0.0 Mbps
86221 ms [UE 30040] UL Throughput = 0.09367 Mbps
86221 ms [UE 42234] UL Throughput = 0.0 Mbps
86222 ms [UE 30040] UL Throughput = 0.0 Mbps
86222 ms [UE 42234] UL Throughput = 0.01173 Mbps
86322 ms [UE 30040] UL Throughput = 0.13771 Mbps
86322 ms [UE 42234] UL Throughput = 0.0 Mbps
86414 ms [UE 30040] UL Throughput = 0.0 Mbps
86414 ms [UE 42234] UL Throughput = 0.0 Mbps
86503 ms [UE 30040] UL Throughput = 0.05104 Mbps
86503 ms [UE 42234] UL Throughput = 0.0 Mbps
86611 ms [UE 30040] UL Throughput = 0.0 Mbps
86611 ms [UE 42234] UL Throughput = 0.0 Mbps
86688 ms [UE 30040] UL Throughput = 0.06138 Mbps
86688 ms [UE 42234] UL Throughput = 0.0 Mbps
86788 ms [UE 30040] UL Throughput = 0.0377 Mbps
86788 ms [UE 42234] UL Throughput = 0.0 Mbps
86867 ms [UE 30040] UL Throughput = 0.0 Mbps
86867 ms [UE 42234] UL Throughput = 0.0 Mbps
86947 ms [UE 30040] UL Throughput = 0.06409 Mbps
86947 ms [UE 42234] UL Throughput = 0.0457 Mbps
87039 ms [UE 30040] UL Throughput = 0.0 Mbps
87039 ms [UE 42234] UL Throughput = 0.0 Mbps
87139 ms [UE 30040] UL Throughput = 0.09805 Mbps
87139 ms [UE 42234] UL Throughput = 0.09434 Mbps
87144 ms [UE 30040] UL Throughput = 0.04182 Mbps
87144 ms [UE 42234] UL Throughput = 0.0 Mbps
87245 ms [UE 30040] UL Throughput = 0.0 Mbps
87245 ms [UE 42234] UL Throughput = 0.08118 Mbps
87327 ms [UE 30040] UL Throughput = 0.04848 Mbps
87327 ms [UE 42234] UL Throughput = 0.0 Mbps
87443 ms [UE 30040] UL Throughput = 0.0294 Mbps
87443 ms [UE 42234] UL Throughput = 0.02658 Mbps
87549 ms [UE 30040] UL Throughput = 0.0 Mbps
87549 ms [UE 42234] UL Throughput = 0.0 Mbps
87642 ms [UE 30040] UL Throughput = 0.02232 Mbps
87644 ms [UE 30040] UL Throughput = 0.0683 Mbps
87644 ms [UE 42234] UL Throughput = 0.0 Mbps
87748 ms [UE 30040] UL Throughput = 0.09033 Mbps
87849 ms [UE 42234] UL Throughput = 0.05773 Mbps
87950 ms [UE 30040] UL Throughput = 0.08976 Mbps
87952 ms [UE 30040] UL Throughput = 0.04298 Mbps
87952 ms [UE 42234] UL Throughput = 0.07286 Mbps
88029 ms [UE 30040] UL Throughput = 0.01944 Mbps
88029 ms [UE 42234] UL Throughput = 0.0 Mbps
88107 ms [UE 30040] UL Throughput = 0.07878 Mbps
88201 ms [UE 42234] UL Throughput = 0.0 Mbps
88316 ms [UE 30040] UL Throughput = 0.0 Mbps
88316 ms [UE 42234] UL Throughput = 0.08544 Mbps
88414 ms [UE 30040] UL Throughput = 0.0 Mbps
88414 ms [UE 42234] UL Throughput = 0.05021 Mbps
88524 ms [UE 42234] UL Throughput = 0.06795 Mbps
88530 ms [UE 30040] UL Throughput = 0.032 Mbps
88530 ms [UE 42234] UL Throughput = 0.07346 Mbps
88658 ms [UE 30040] UL Throughput = 0.04153 Mbps
88659 ms [UE 30040] UL Throughput = 0.0 Mbps
88659 ms [UE 42234] UL Throughput = 0.0 Mbps
88758 ms [UE 30040] UL Throughput = 0.07894 Mbps
88864 ms [UE 42234] UL Throughput = 0.08282 Mbps
88946 ms [UE 30040] UL Throughput = 0.0 Mbps
88946 ms [UE 42234] UL Throughput = 0.0 Mbps
89042 ms [UE 30040] UL Throughput = 0.03518 Mbps
89042 ms [UE 42234] UL Throughput = 0.0 Mbps
89150 ms [UE 30040] UL Throughput = 0.08348 Mbps
89150 ms [UE 42234] UL Throughput = 0.0 Mbps
89247 ms [UE 30040] UL Throughput = 0.0 Mbps
89247 ms [UE 42234] UL Throughput = 0.11414 Mbps
89369 ms [UE 30040] UL Throughput = 0.018 Mbps
89369 ms [UE 42234] UL Throughput = 0.12793 Mbps
89463 ms [UE 30040] UL Throughput = 0.07913 Mbps
89463 ms [UE 42234] UL Throughput = 0.05496 Mbps
89556 ms [UE 30040] UL Throughput = 0.0462 Mbps
89556 ms [UE 42234] UL Throughput = 0.07799 Mbps
89671 ms [UE 30040] UL Throughput = 0.05427 Mbps
89671 ms [UE 42234] UL Throughput = 0.03598 Mbps
89798 ms [UE 30040] UL Throughput = 0.1075 Mbps
89886 ms [UE 30040] UL Throughput = 0.03166 Mbps
89886 ms [UE 42234] UL Throughput = 0.0186 Mbps
