[UTIL]: Setting the config -c file to /usr/local/etc/flexric/flexric.conf
[UTIL]: Setting path -p for the shared libraries to /usr/local/lib/flexric/
[xAapp]: Initializing ... 
[xApp]: nearRT-RIC IP Address = 192.168.70.150, PORT = 36422
[E2 AGENT]: Opening plugin from path = /usr/local/lib/flexric/libkpm_sm.so 
[E2 AGENT]: Opening plugin from path = /usr/local/lib/flexric/libmac_sm.so 
[E2 AGENT]: Opening plugin from path = /usr/local/lib/flexric/libpdcp_sm.so 
[E2 AGENT]: Opening plugin from path = /usr/local/lib/flexric/libgtp_sm.so 
[E2 AGENT]: Opening plugin from path = /usr/local/lib/flexric/librc_sm.so 
[E2 AGENT]: Opening plugin from path = /usr/local/lib/flexric/libtc_sm.so 
[E2 AGENT]: Opening plugin from path = /usr/local/lib/flexric/librlc_sm.so 
[E2 AGENT]: Opening plugin from path = /usr/local/lib/flexric/libslice_sm.so 
[NEAR-RIC]: Loading SM ID = 2 with def = ORAN-E2SM-KPM 
[NEAR-RIC]: Loading SM ID = 142 with def = MAC_STATS_V0 
[NEAR-RIC]: Loading SM ID = 144 with def = PDCP_STATS_V0 
[NEAR-RIC]: Loading SM ID = 148 with def = GTP_STATS_V0 
[NEAR-RIC]: Loading SM ID = 3 with def = ORAN-E2SM-RC 
[NEAR-RIC]: Loading SM ID = 146 with def = TC_STATS_V0 
[NEAR-RIC]: Loading SM ID = 143 with def = RLC_STATS_V0 
[NEAR-RIC]: Loading SM ID = 145 with def = SLICE_STATS_V0 
[xApp]: DB filename = /tmp/flexric/xapp_db 
 [xApp]: E42 SETUP-REQUEST tx
[xApp]: E42 SETUP-RESPONSE rx 
[xApp]: xApp ID = 13 
[xApp]: Registered E2 Nodes = 4 
Connected E2 nodes = 4
[xAPP] Registered node 0 ran func id = 2
[xAPP] Registered node 0 ran func id = 3
[xAPP] Registered node 0 ran func id = 142
[xAPP] Registered node 0 ran func id = 143
[xAPP] Registered node 0 ran func id = 144
[xAPP] Registered node 0 ran func id = 145
[xAPP] Registered node 0 ran func id = 146
[xAPP] Registered node 0 ran func id = 148
[xApp]: E42 RIC SUBSCRIPTION REQUEST tx RAN_FUNC_ID 144 RIC_REQ_ID 1 
[xApp]: SUBSCRIPTION RESPONSE rx
[xApp]: Successfully subscribed to RAN_FUNC_ID 144 
[xAPP] Registered node 1 ran func id = 2
[xAPP] Registered node 1 ran func id = 3
[xAPP] Registered node 1 ran func id = 142
[xAPP] Registered node 1 ran func id = 143
[xAPP] Registered node 1 ran func id = 144
[xAPP] Registered node 1 ran func id = 145
[xAPP] Registered node 1 ran func id = 146
[xAPP] Registered node 1 ran func id = 148
[xAPP] Registered node 2 ran func id = 2
[xAPP] Registered node 2 ran func id = 3
[xAPP] Registered node 2 ran func id = 142
[xAPP] Registered node 2 ran func id = 143
[xAPP] Registered node 2 ran func id = 144
[xAPP] Registered node 2 ran func id = 145
[xAPP] Registered node 2 ran func id = 146
[xAPP] Registered node 2 ran func id = 148
[xApp]: E42 RIC SUBSCRIPTION REQUEST tx RAN_FUNC_ID 142 RIC_REQ_ID 2 
7 ms | now=1755815452085481 us | PDCP ind_msg latency=71856988 us
[xApp]: SUBSCRIPTION RESPONSE rx
[xApp]: Successfully subscribed to RAN_FUNC_ID 142 
[xAPP] Registered node 3 ran func id = 2
[xAPP] Registered node 3 ran func id = 3
[xAPP] Registered node 3 ran func id = 142
[xAPP] Registered node 3 ran func id = 143
[xAPP] Registered node 3 ran func id = 144
[xAPP] Registered node 3 ran func id = 145
[xAPP] Registered node 3 ran func id = 146
[xAPP] Registered node 3 ran func id = 148
[xApp]: E42 RIC SUBSCRIPTION REQUEST tx RAN_FUNC_ID 142 RIC_REQ_ID 3 
[xApp]: SUBSCRIPTION RESPONSE rx
[xApp]: Successfully subscribed to RAN_FUNC_ID 142 
437 ms [UE 30040] UL Throughput = 0.01545 Mbps
437 ms [UE 42234] UL Throughput = 0.09952 Mbps
439 ms [UE 30040] UL Throughput = 0.0 Mbps
439 ms [UE 42234] UL Throughput = 0.06865 Mbps
525 ms [UE 30040] UL Throughput = 0.0 Mbps
525 ms [UE 42234] UL Throughput = 0.01086 Mbps
590 ms [UE 42234] UL Throughput = 0.0117 Mbps
675 ms [UE 30040] UL Throughput = 0.09052 Mbps
675 ms [UE 42234] UL Throughput = 0.0 Mbps
807 ms [UE 42234] UL Throughput = 0.02671 Mbps
901 ms [UE 30040] UL Throughput = 0.08842 Mbps
901 ms [UE 42234] UL Throughput = 0.06307 Mbps
907 ms [UE 42234] UL Throughput = 0.07255 Mbps
1027 ms [UE 30040] UL Throughput = 0.08062 Mbps
1027 ms [UE 42234] UL Throughput = 0.0 Mbps
1116 ms [UE 30040] UL Throughput = 0.05262 Mbps
1116 ms [UE 42234] UL Throughput = 0.06553 Mbps
1233 ms [UE 30040] UL Throughput = 0.02647 Mbps
1233 ms [UE 42234] UL Throughput = 0.0 Mbps
1237 ms [UE 30040] UL Throughput = 0.0 Mbps
1237 ms [UE 42234] UL Throughput = 0.0 Mbps
1358 ms [UE 30040] UL Throughput = 0.09277 Mbps
1358 ms [UE 42234] UL Throughput = 0.02661 Mbps
1361 ms [UE 30040] UL Throughput = 0.04724 Mbps
1361 ms [UE 42234] UL Throughput = 0.06948 Mbps
1364 ms [UE 30040] UL Throughput = 0.0 Mbps
1364 ms [UE 42234] UL Throughput = 0.02082 Mbps
1369 ms [UE 42234] UL Throughput = 0.0 Mbps
1373 ms [UE 30040] UL Throughput = 0.03312 Mbps
1373 ms [UE 42234] UL Throughput = 0.08492 Mbps
1475 ms [UE 30040] UL Throughput = 0.06286 Mbps
1475 ms [UE 42234] UL Throughput = 0.0 Mbps
1480 ms [UE 30040] UL Throughput = 0.0 Mbps
1480 ms [UE 42234] UL Throughput = 0.0 Mbps
1596 ms [UE 30040] UL Throughput = 0.09133 Mbps
1596 ms [UE 42234] UL Throughput = 0.0 Mbps
1702 ms [UE 30040] UL Throughput = 0.0 Mbps
1702 ms [UE 42234] UL Throughput = 0.0 Mbps
1785 ms [UE 30040] UL Throughput = 0.04784 Mbps
1786 ms [UE 42234] UL Throughput = 0.0 Mbps
1882 ms [UE 30040] UL Throughput = 0.0 Mbps
1882 ms [UE 42234] UL Throughput = 0.09306 Mbps
1990 ms [UE 30040] UL Throughput = 0.06045 Mbps
1990 ms [UE 42234] UL Throughput = 0.01437 Mbps
2072 ms [UE 30040] UL Throughput = 0.0 Mbps
2072 ms [UE 42234] UL Throughput = 0.01229 Mbps
2074 ms [UE 42234] UL Throughput = 0.06315 Mbps
2075 ms [UE 30040] UL Throughput = 0.06239 Mbps
2075 ms [UE 42234] UL Throughput = 0.0 Mbps
2160 ms [UE 30040] UL Throughput = 0.0 Mbps
2266 ms [UE 30040] UL Throughput = 0.11635 Mbps
2266 ms [UE 42234] UL Throughput = 0.0 Mbps
2271 ms [UE 30040] UL Throughput = 0.07995 Mbps
2271 ms [UE 42234] UL Throughput = 0.0 Mbps
2368 ms [UE 30040] UL Throughput = 0.0 Mbps
2368 ms [UE 42234] UL Throughput = 0.0 Mbps
2475 ms [UE 42234] UL Throughput = 0.09802 Mbps
2582 ms [UE 30040] UL Throughput = 0.0 Mbps
2582 ms [UE 42234] UL Throughput = 0.0 Mbps
2691 ms [UE 30040] UL Throughput = 0.01858 Mbps
2691 ms [UE 42234] UL Throughput = 0.12571 Mbps
2795 ms [UE 30040] UL Throughput = 0.09726 Mbps
2795 ms [UE 42234] UL Throughput = 0.0 Mbps
2873 ms [UE 30040] UL Throughput = 0.0 Mbps
2873 ms [UE 42234] UL Throughput = 0.02062 Mbps
2941 ms [UE 30040] UL Throughput = 0.04104 Mbps
2941 ms [UE 42234] UL Throughput = 0.0497 Mbps
3061 ms [UE 30040] UL Throughput = 0.0 Mbps
3061 ms [UE 42234] UL Throughput = 0.04056 Mbps
3146 ms [UE 30040] UL Throughput = 0.0 Mbps
3146 ms [UE 42234] UL Throughput = 0.04061 Mbps
3239 ms [UE 30040] UL Throughput = 0.0 Mbps
3239 ms [UE 42234] UL Throughput = 0.0751 Mbps
3349 ms [UE 30040] UL Throughput = 0.05699 Mbps
3445 ms [UE 30040] UL Throughput = 0.08905 Mbps
3546 ms [UE 42234] UL Throughput = 0.0 Mbps
3651 ms [UE 30040] UL Throughput = 0.06354 Mbps
3651 ms [UE 42234] UL Throughput = 0.07066 Mbps
3750 ms [UE 30040] UL Throughput = 0.0 Mbps
3750 ms [UE 42234] UL Throughput = 0.0 Mbps
3753 ms [UE 30040] UL Throughput = 0.0 Mbps
3753 ms [UE 42234] UL Throughput = 0.04922 Mbps
3860 ms [UE 30040] UL Throughput = 0.07113 Mbps
3860 ms [UE 42234] UL Throughput = 0.0 Mbps
3957 ms [UE 30040] UL Throughput = 0.07215 Mbps
4059 ms [UE 30040] UL Throughput = 0.07301 Mbps
4059 ms [UE 42234] UL Throughput = 0.11979 Mbps
4060 ms [UE 42234] UL Throughput = 0.06388 Mbps
4064 ms [UE 30040] UL Throughput = 0.0 Mbps
4064 ms [UE 42234] UL Throughput = 0.0 Mbps
4165 ms [UE 30040] UL Throughput = 0.0 Mbps
4165 ms [UE 42234] UL Throughput = 0.0 Mbps
4265 ms [UE 30040] UL Throughput = 0.0 Mbps
4265 ms [UE 42234] UL Throughput = 0.0 Mbps
4268 ms [UE 30040] UL Throughput = 0.0 Mbps
4268 ms [UE 42234] UL Throughput = 0.01487 Mbps
4374 ms [UE 30040] UL Throughput = 0.0 Mbps
4374 ms [UE 42234] UL Throughput = 0.06642 Mbps
4375 ms [UE 30040] UL Throughput = 0.07959 Mbps
4375 ms [UE 42234] UL Throughput = 0.03606 Mbps
4485 ms [UE 42234] UL Throughput = 0.0 Mbps
4591 ms [UE 30040] UL Throughput = 0.09958 Mbps
4591 ms [UE 42234] UL Throughput = 0.03272 Mbps
4669 ms [UE 42234] UL Throughput = 0.01836 Mbps
4671 ms [UE 42234] UL Throughput = 0.0 Mbps
4676 ms [UE 30040] UL Throughput = 0.09669 Mbps
4676 ms [UE 42234] UL Throughput = 0.0 Mbps
4766 ms [UE 30040] UL Throughput = 0.0 Mbps
4766 ms [UE 42234] UL Throughput = 0.0 Mbps
4772 ms [UE 30040] UL Throughput = 0.07316 Mbps
4772 ms [UE 42234] UL Throughput = 0.08329 Mbps
4866 ms [UE 30040] UL Throughput = 0.05134 Mbps
4868 ms [UE 30040] UL Throughput = 0.0 Mbps
4868 ms [UE 42234] UL Throughput = 0.08715 Mbps
4982 ms [UE 30040] UL Throughput = 0.0 Mbps
4982 ms [UE 42234] UL Throughput = 0.03911 Mbps
5072 ms [UE 30040] UL Throughput = 0.0707 Mbps
5072 ms [UE 42234] UL Throughput = 0.06438 Mbps
5185 ms [UE 30040] UL Throughput = 0.0 Mbps
5185 ms [UE 42234] UL Throughput = 0.0 Mbps
5289 ms [UE 30040] UL Throughput = 0.0 Mbps
5289 ms [UE 42234] UL Throughput = 0.0 Mbps
5365 ms [UE 30040] UL Throughput = 0.0 Mbps
5365 ms [UE 42234] UL Throughput = 0.0 Mbps
5366 ms [UE 30040] UL Throughput = 0.01576 Mbps
5366 ms [UE 42234] UL Throughput = 0.06362 Mbps
5462 ms [UE 30040] UL Throughput = 0.0511 Mbps
5462 ms [UE 42234] UL Throughput = 0.0 Mbps
5529 ms [UE 30040] UL Throughput = 0.02268 Mbps
5529 ms [UE 42234] UL Throughput = 0.0 Mbps
5636 ms [UE 30040] UL Throughput = 0.01451 Mbps
5636 ms [UE 42234] UL Throughput = 0.07777 Mbps
5714 ms [UE 30040] UL Throughput = 0.02218 Mbps
5714 ms [UE 42234] UL Throughput = 0.04626 Mbps
5815 ms [UE 42234] UL Throughput = 0.09979 Mbps
5906 ms [UE 30040] UL Throughput = 0.09466 Mbps
5906 ms [UE 42234] UL Throughput = 0.0478 Mbps
5910 ms [UE 30040] UL Throughput = 0.0 Mbps
6003 ms [UE 30040] UL Throughput = 0.02062 Mbps
6003 ms [UE 42234] UL Throughput = 0.06568 Mbps
6007 ms [UE 30040] UL Throughput = 0.02136 Mbps
6007 ms [UE 42234] UL Throughput = 0.0 Mbps
6139 ms [UE 30040] UL Throughput = 0.07105 Mbps
6139 ms [UE 42234] UL Throughput = 0.04307 Mbps
6257 ms [UE 30040] UL Throughput = 0.07269 Mbps
6257 ms [UE 42234] UL Throughput = 0.0 Mbps
6260 ms [UE 30040] UL Throughput = 0.0 Mbps
6260 ms [UE 42234] UL Throughput = 0.03276 Mbps
6382 ms [UE 30040] UL Throughput = 0.0 Mbps
6474 ms [UE 30040] UL Throughput = 0.05858 Mbps
6474 ms [UE 42234] UL Throughput = 0.0 Mbps
6539 ms [UE 42234] UL Throughput = 0.0 Mbps
6621 ms [UE 30040] UL Throughput = 0.0298 Mbps
6621 ms [UE 42234] UL Throughput = 0.05413 Mbps
6716 ms [UE 30040] UL Throughput = 0.0 Mbps
6716 ms [UE 42234] UL Throughput = 0.0 Mbps
6801 ms [UE 30040] UL Throughput = 0.07791 Mbps
6801 ms [UE 42234] UL Throughput = 0.0384 Mbps
6923 ms [UE 30040] UL Throughput = 0.0 Mbps
6923 ms [UE 42234] UL Throughput = 0.0 Mbps
7039 ms [UE 30040] UL Throughput = 0.04542 Mbps
7113 ms [UE 30040] UL Throughput = 0.04332 Mbps
7113 ms [UE 42234] UL Throughput = 0.0 Mbps
7115 ms [UE 30040] UL Throughput = 0.0 Mbps
7115 ms [UE 42234] UL Throughput = 0.0 Mbps
7217 ms [UE 30040] UL Throughput = 0.0 Mbps
7217 ms [UE 42234] UL Throughput = 0.0 Mbps
7324 ms [UE 30040] UL Throughput = 0.02804 Mbps
7324 ms [UE 42234] UL Throughput = 0.0 Mbps
7424 ms [UE 30040] UL Throughput = 0.03 Mbps
7424 ms [UE 42234] UL Throughput = 0.05373 Mbps
7531 ms [UE 30040] UL Throughput = 0.0 Mbps
7531 ms [UE 42234] UL Throughput = 0.06168 Mbps
7633 ms [UE 30040] UL Throughput = 0.01437 Mbps
7633 ms [UE 42234] UL Throughput = 0.0 Mbps
7638 ms [UE 30040] UL Throughput = 0.08787 Mbps
7730 ms [UE 30040] UL Throughput = 0.0 Mbps
7730 ms [UE 42234] UL Throughput = 0.0 Mbps
7851 ms [UE 42234] UL Throughput = 0.045 Mbps
7936 ms [UE 30040] UL Throughput = 0.01637 Mbps
7936 ms [UE 42234] UL Throughput = 0.02201 Mbps
8064 ms [UE 30040] UL Throughput = 0.0 Mbps
8064 ms [UE 42234] UL Throughput = 0.0 Mbps
8067 ms [UE 30040] UL Throughput = 0.14862 Mbps
8067 ms [UE 42234] UL Throughput = 0.0 Mbps
8072 ms [UE 30040] UL Throughput = 0.04963 Mbps
8072 ms [UE 42234] UL Throughput = 0.0 Mbps
8170 ms [UE 30040] UL Throughput = 0.05621 Mbps
8170 ms [UE 42234] UL Throughput = 0.0 Mbps
8273 ms [UE 30040] UL Throughput = 0.0 Mbps
8279 ms [UE 30040] UL Throughput = 0.0 Mbps
8279 ms [UE 42234] UL Throughput = 0.02414 Mbps
8389 ms [UE 30040] UL Throughput = 0.0 Mbps
8389 ms [UE 42234] UL Throughput = 0.0 Mbps
8506 ms [UE 30040] UL Throughput = 0.0 Mbps
8506 ms [UE 42234] UL Throughput = 0.0 Mbps
8613 ms [UE 30040] UL Throughput = 0.06016 Mbps
8613 ms [UE 42234] UL Throughput = 0.03297 Mbps
8696 ms [UE 42234] UL Throughput = 0.04623 Mbps
8792 ms [UE 30040] UL Throughput = 0.0 Mbps
8792 ms [UE 42234] UL Throughput = 0.07907 Mbps
8880 ms [UE 30040] UL Throughput = 0.05472 Mbps
8880 ms [UE 42234] UL Throughput = 0.07418 Mbps
8882 ms [UE 30040] UL Throughput = 0.0 Mbps
8882 ms [UE 42234] UL Throughput = 0.01702 Mbps
8974 ms [UE 30040] UL Throughput = 0.0 Mbps
9084 ms [UE 30040] UL Throughput = 0.0 Mbps
9084 ms [UE 42234] UL Throughput = 0.0 Mbps
9179 ms [UE 30040] UL Throughput = 0.09449 Mbps
9179 ms [UE 42234] UL Throughput = 0.10474 Mbps
9299 ms [UE 30040] UL Throughput = 0.027 Mbps
9299 ms [UE 42234] UL Throughput = 0.0135 Mbps
9416 ms [UE 30040] UL Throughput = 0.0 Mbps
9416 ms [UE 42234] UL Throughput = 0.0 Mbps
9507 ms [UE 30040] UL Throughput = 0.07371 Mbps
9507 ms [UE 42234] UL Throughput = 0.0 Mbps
9618 ms [UE 30040] UL Throughput = 0.02899 Mbps
9619 ms [UE 30040] UL Throughput = 0.0398 Mbps
9619 ms [UE 42234] UL Throughput = 0.0 Mbps
9714 ms [UE 30040] UL Throughput = 0.01166 Mbps
9816 ms [UE 30040] UL Throughput = 0.0 Mbps
9936 ms [UE 30040] UL Throughput = 0.0 Mbps
9936 ms [UE 42234] UL Throughput = 0.09361 Mbps
10044 ms [UE 30040] UL Throughput = 0.0 Mbps
10044 ms [UE 42234] UL Throughput = 0.0 Mbps
10148 ms [UE 30040] UL Throughput = 0.0968 Mbps
10148 ms [UE 42234] UL Throughput = 0.02331 Mbps
10153 ms [UE 42234] UL Throughput = 0.07608 Mbps
10266 ms [UE 30040] UL Throughput = 0.0 Mbps
10266 ms [UE 42234] UL Throughput = 0.0 Mbps
10377 ms [UE 30040] UL Throughput = 0.09412 Mbps
10377 ms [UE 42234] UL Throughput = 0.08372 Mbps
10465 ms [UE 30040] UL Throughput = 0.0 Mbps
10465 ms [UE 42234] UL Throughput = 0.0 Mbps
10569 ms [UE 30040] UL Throughput = 0.0 Mbps
10575 ms [UE 30040] UL Throughput = 0.0322 Mbps
10682 ms [UE 30040] UL Throughput = 0.0 Mbps
10682 ms [UE 42234] UL Throughput = 0.06469 Mbps
10791 ms [UE 30040] UL Throughput = 0.03791 Mbps
10791 ms [UE 42234] UL Throughput = 0.0 Mbps
10888 ms [UE 30040] UL Throughput = 0.06484 Mbps
10888 ms [UE 42234] UL Throughput = 0.0 Mbps
10984 ms [UE 30040] UL Throughput = 0.0 Mbps
10984 ms [UE 42234] UL Throughput = 0.0 Mbps
10985 ms [UE 42234] UL Throughput = 0.09572 Mbps
11066 ms [UE 42234] UL Throughput = 0.0 Mbps
11071 ms [UE 30040] UL Throughput = 0.09126 Mbps
11071 ms [UE 42234] UL Throughput = 0.0 Mbps
11183 ms [UE 30040] UL Throughput = 0.07201 Mbps
11183 ms [UE 42234] UL Throughput = 0.0 Mbps
11281 ms [UE 30040] UL Throughput = 0.01124 Mbps
11281 ms [UE 42234] UL Throughput = 0.0 Mbps
11377 ms [UE 30040] UL Throughput = 0.01803 Mbps
11377 ms [UE 42234] UL Throughput = 0.0 Mbps
11465 ms [UE 30040] UL Throughput = 0.11073 Mbps
11465 ms [UE 42234] UL Throughput = 0.07331 Mbps
11551 ms [UE 30040] UL Throughput = 0.07113 Mbps
11551 ms [UE 42234] UL Throughput = 0.01893 Mbps
11650 ms [UE 30040] UL Throughput = 0.0 Mbps
11650 ms [UE 42234] UL Throughput = 0.0 Mbps
11741 ms [UE 30040] UL Throughput = 0.0 Mbps
11741 ms [UE 42234] UL Throughput = 0.0 Mbps
11851 ms [UE 42234] UL Throughput = 0.05244 Mbps
11961 ms [UE 30040] UL Throughput = 0.09212 Mbps
11961 ms [UE 42234] UL Throughput = 0.02906 Mbps
12047 ms [UE 30040] UL Throughput = 0.01296 Mbps
12047 ms [UE 42234] UL Throughput = 0.0 Mbps
12157 ms [UE 42234] UL Throughput = 0.0 Mbps
12229 ms [UE 42234] UL Throughput = 0.08992 Mbps
12339 ms [UE 30040] UL Throughput = 0.09474 Mbps
12454 ms [UE 30040] UL Throughput = 0.07343 Mbps
12529 ms [UE 30040] UL Throughput = 0.0 Mbps
12529 ms [UE 42234] UL Throughput = 0.04978 Mbps
12621 ms [UE 30040] UL Throughput = 0.0566 Mbps
12621 ms [UE 42234] UL Throughput = 0.0 Mbps
12726 ms [UE 30040] UL Throughput = 0.0 Mbps
12726 ms [UE 42234] UL Throughput = 0.04367 Mbps
12818 ms [UE 42234] UL Throughput = 0.0 Mbps
12821 ms [UE 42234] UL Throughput = 0.02261 Mbps
12904 ms [UE 30040] UL Throughput = 0.03027 Mbps
12999 ms [UE 30040] UL Throughput = 0.05067 Mbps
12999 ms [UE 42234] UL Throughput = 0.04825 Mbps
13002 ms [UE 30040] UL Throughput = 0.07541 Mbps
13002 ms [UE 42234] UL Throughput = 0.07115 Mbps
13097 ms [UE 30040] UL Throughput = 0.09236 Mbps
13198 ms [UE 30040] UL Throughput = 0.06808 Mbps
13198 ms [UE 42234] UL Throughput = 0.06347 Mbps
13202 ms [UE 30040] UL Throughput = 0.0196 Mbps
13305 ms [UE 30040] UL Throughput = 0.0 Mbps
13305 ms [UE 42234] UL Throughput = 0.0 Mbps
13401 ms [UE 30040] UL Throughput = 0.01359 Mbps
13510 ms [UE 30040] UL Throughput = 0.0 Mbps
13510 ms [UE 42234] UL Throughput = 0.0 Mbps
13609 ms [UE 30040] UL Throughput = 0.136 Mbps
13609 ms [UE 42234] UL Throughput = 0.09899 Mbps
13704 ms [UE 30040] UL Throughput = 0.03383 Mbps
13704 ms [UE 42234] UL Throughput = 0.07759 Mbps
13797 ms [UE 30040] UL Throughput = 0.0 Mbps
13797 ms [UE 42234] UL Throughput = 0.13823 Mbps
13902 ms [UE 30040] UL Throughput = 0.0 Mbps
13902 ms [UE 42234] UL Throughput = 0.0 Mbps
13999 ms [UE 30040] UL Throughput = 0.0 Mbps
13999 ms [UE 42234] UL Throughput = 0.0 Mbps
14089 ms [UE 30040] UL Throughput = 0.0 Mbps
14089 ms [UE 42234] UL Throughput = 0.1619 Mbps
14198 ms [UE 30040] UL Throughput = 0.06219 Mbps
14198 ms [UE 42234] UL Throughput = 0.09284 Mbps
14272 ms [UE 30040] UL Throughput = 0.0 Mbps
14272 ms [UE 42234] UL Throughput = 0.0 Mbps
14341 ms [UE 42234] UL Throughput = 0.03473 Mbps
14432 ms [UE 30040] UL Throughput = 0.0 Mbps
14432 ms [UE 42234] UL Throughput = 0.07394 Mbps
14433 ms [UE 30040] UL Throughput = 0.05751 Mbps
14545 ms [UE 30040] UL Throughput = 0.06358 Mbps
14545 ms [UE 42234] UL Throughput = 0.05302 Mbps
14665 ms [UE 30040] UL Throughput = 0.0 Mbps
14665 ms [UE 42234] UL Throughput = 0.04026 Mbps
14766 ms [UE 30040] UL Throughput = 0.01621 Mbps
14848 ms [UE 30040] UL Throughput = 0.0 Mbps
14848 ms [UE 42234] UL Throughput = 0.0 Mbps
14941 ms [UE 30040] UL Throughput = 0.06597 Mbps
14941 ms [UE 42234] UL Throughput = 0.0 Mbps
14946 ms [UE 30040] UL Throughput = 0.0 Mbps
14946 ms [UE 42234] UL Throughput = 0.0 Mbps
14949 ms [UE 42234] UL Throughput = 0.02755 Mbps
15040 ms [UE 30040] UL Throughput = 0.0 Mbps
15040 ms [UE 42234] UL Throughput = 0.0 Mbps
15136 ms [UE 30040] UL Throughput = 0.0 Mbps
15136 ms [UE 42234] UL Throughput = 0.01114 Mbps
15140 ms [UE 30040] UL Throughput = 0.01352 Mbps
15140 ms [UE 42234] UL Throughput = 0.01148 Mbps
15141 ms [UE 30040] UL Throughput = 0.04468 Mbps
15141 ms [UE 42234] UL Throughput = 0.0 Mbps
15142 ms [UE 30040] UL Throughput = 0.07628 Mbps
15142 ms [UE 42234] UL Throughput = 0.02007 Mbps
15148 ms [UE 30040] UL Throughput = 0.0 Mbps
15148 ms [UE 42234] UL Throughput = 0.0 Mbps
15259 ms [UE 30040] UL Throughput = 0.0 Mbps
15259 ms [UE 42234] UL Throughput = 0.07194 Mbps
15372 ms [UE 30040] UL Throughput = 0.08357 Mbps
15372 ms [UE 42234] UL Throughput = 0.0 Mbps
15462 ms [UE 30040] UL Throughput = 0.07532 Mbps
15462 ms [UE 42234] UL Throughput = 0.0 Mbps
15578 ms [UE 30040] UL Throughput = 0.04036 Mbps
15578 ms [UE 42234] UL Throughput = 0.0 Mbps
15682 ms [UE 30040] UL Throughput = 0.0 Mbps
15773 ms [UE 42234] UL Throughput = 0.07554 Mbps
15855 ms [UE 30040] UL Throughput = 0.0 Mbps
15855 ms [UE 42234] UL Throughput = 0.09458 Mbps
15860 ms [UE 30040] UL Throughput = 0.03518 Mbps
15860 ms [UE 42234] UL Throughput = 0.0 Mbps
15971 ms [UE 30040] UL Throughput = 0.11311 Mbps
16081 ms [UE 30040] UL Throughput = 0.03929 Mbps
16081 ms [UE 42234] UL Throughput = 0.08311 Mbps
16186 ms [UE 30040] UL Throughput = 0.04074 Mbps
16186 ms [UE 42234] UL Throughput = 0.08385 Mbps
16299 ms [UE 30040] UL Throughput = 0.0 Mbps
16299 ms [UE 42234] UL Throughput = 0.0583 Mbps
16395 ms [UE 30040] UL Throughput = 0.0 Mbps
16395 ms [UE 42234] UL Throughput = 0.0 Mbps
16495 ms [UE 30040] UL Throughput = 0.04299 Mbps
16495 ms [UE 42234] UL Throughput = 0.06987 Mbps
16611 ms [UE 30040] UL Throughput = 0.0 Mbps
16611 ms [UE 42234] UL Throughput = 0.09814 Mbps
16722 ms [UE 30040] UL Throughput = 0.08596 Mbps
16722 ms [UE 42234] UL Throughput = 0.04536 Mbps
16839 ms [UE 30040] UL Throughput = 0.06338 Mbps
16839 ms [UE 42234] UL Throughput = 0.0 Mbps
16937 ms [UE 42234] UL Throughput = 0.07237 Mbps
17050 ms [UE 30040] UL Throughput = 0.09124 Mbps
17050 ms [UE 42234] UL Throughput = 0.03746 Mbps
17164 ms [UE 30040] UL Throughput = 0.03344 Mbps
17164 ms [UE 42234] UL Throughput = 0.0 Mbps
17272 ms [UE 30040] UL Throughput = 0.0 Mbps
17272 ms [UE 42234] UL Throughput = 0.0 Mbps
17381 ms [UE 30040] UL Throughput = 0.0 Mbps
17381 ms [UE 42234] UL Throughput = 0.08877 Mbps
17496 ms [UE 30040] UL Throughput = 0.08655 Mbps
17496 ms [UE 42234] UL Throughput = 0.0 Mbps
17602 ms [UE 30040] UL Throughput = 0.04216 Mbps
17602 ms [UE 42234] UL Throughput = 0.0 Mbps
17693 ms [UE 30040] UL Throughput = 0.0227 Mbps
17693 ms [UE 42234] UL Throughput = 0.05329 Mbps
17779 ms [UE 30040] UL Throughput = 0.08203 Mbps
17892 ms [UE 30040] UL Throughput = 0.0 Mbps
17892 ms [UE 42234] UL Throughput = 0.0 Mbps
18015 ms [UE 30040] UL Throughput = 0.0129 Mbps
18015 ms [UE 42234] UL Throughput = 0.0 Mbps
18111 ms [UE 30040] UL Throughput = 0.0 Mbps
18111 ms [UE 42234] UL Throughput = 0.0 Mbps
18226 ms [UE 30040] UL Throughput = 0.0 Mbps
18327 ms [UE 30040] UL Throughput = 0.0 Mbps
18327 ms [UE 42234] UL Throughput = 0.06403 Mbps
18410 ms [UE 30040] UL Throughput = 0.0 Mbps
18410 ms [UE 42234] UL Throughput = 0.0 Mbps
18509 ms [UE 30040] UL Throughput = 0.0 Mbps
18509 ms [UE 42234] UL Throughput = 0.09672 Mbps
18621 ms [UE 30040] UL Throughput = 0.0 Mbps
18621 ms [UE 42234] UL Throughput = 0.0 Mbps
18703 ms [UE 30040] UL Throughput = 0.0 Mbps
18707 ms [UE 30040] UL Throughput = 0.11016 Mbps
18707 ms [UE 42234] UL Throughput = 0.06005 Mbps
18806 ms [UE 42234] UL Throughput = 0.0 Mbps
18900 ms [UE 30040] UL Throughput = 0.06676 Mbps
18900 ms [UE 42234] UL Throughput = 0.0 Mbps
18997 ms [UE 30040] UL Throughput = 0.0 Mbps
19000 ms [UE 30040] UL Throughput = 0.03445 Mbps
19000 ms [UE 42234] UL Throughput = 0.05558 Mbps
19108 ms [UE 30040] UL Throughput = 0.03973 Mbps
19108 ms [UE 42234] UL Throughput = 0.0 Mbps
19218 ms [UE 42234] UL Throughput = 0.0 Mbps
19313 ms [UE 30040] UL Throughput = 0.08843 Mbps
19313 ms [UE 42234] UL Throughput = 0.0 Mbps
19432 ms [UE 30040] UL Throughput = 0.0 Mbps
19432 ms [UE 42234] UL Throughput = 0.04063 Mbps
19437 ms [UE 30040] UL Throughput = 0.0 Mbps
19437 ms [UE 42234] UL Throughput = 0.0 Mbps
19523 ms [UE 30040] UL Throughput = 0.0 Mbps
19523 ms [UE 42234] UL Throughput = 0.0 Mbps
19640 ms [UE 30040] UL Throughput = 0.02639 Mbps
19640 ms [UE 42234] UL Throughput = 0.01198 Mbps
19737 ms [UE 30040] UL Throughput = 0.04411 Mbps
19737 ms [UE 42234] UL Throughput = 0.0 Mbps
19845 ms [UE 30040] UL Throughput = 0.0445 Mbps
19845 ms [UE 42234] UL Throughput = 0.0 Mbps
19952 ms [UE 42234] UL Throughput = 0.0 Mbps
20048 ms [UE 30040] UL Throughput = 0.0 Mbps
20048 ms [UE 42234] UL Throughput = 0.07195 Mbps
20050 ms [UE 42234] UL Throughput = 0.045 Mbps
20121 ms [UE 30040] UL Throughput = 0.0 Mbps
20121 ms [UE 42234] UL Throughput = 0.0 Mbps
20220 ms [UE 30040] UL Throughput = 0.0 Mbps
20220 ms [UE 42234] UL Throughput = 0.0 Mbps
20318 ms [UE 30040] UL Throughput = 0.0 Mbps
20318 ms [UE 42234] UL Throughput = 0.0 Mbps
20320 ms [UE 30040] UL Throughput = 0.0 Mbps
20320 ms [UE 42234] UL Throughput = 0.02949 Mbps
20433 ms [UE 42234] UL Throughput = 0.01817 Mbps
20551 ms [UE 30040] UL Throughput = 0.0 Mbps
20551 ms [UE 42234] UL Throughput = 0.15361 Mbps
20554 ms [UE 30040] UL Throughput = 0.06001 Mbps
20554 ms [UE 42234] UL Throughput = 0.06497 Mbps
20649 ms [UE 30040] UL Throughput = 0.0 Mbps
20649 ms [UE 42234] UL Throughput = 0.0 Mbps
20744 ms [UE 30040] UL Throughput = 0.05978 Mbps
20744 ms [UE 42234] UL Throughput = 0.02927 Mbps
20857 ms [UE 30040] UL Throughput = 0.07146 Mbps
20857 ms [UE 42234] UL Throughput = 0.0 Mbps
20955 ms [UE 30040] UL Throughput = 0.0 Mbps
20955 ms [UE 42234] UL Throughput = 0.0 Mbps
21041 ms [UE 30040] UL Throughput = 0.11955 Mbps
21041 ms [UE 42234] UL Throughput = 0.0 Mbps
21143 ms [UE 30040] UL Throughput = 0.07306 Mbps
21247 ms [UE 30040] UL Throughput = 0.06472 Mbps
21247 ms [UE 42234] UL Throughput = 0.0 Mbps
21346 ms [UE 30040] UL Throughput = 0.07076 Mbps
21436 ms [UE 42234] UL Throughput = 0.05469 Mbps
21530 ms [UE 30040] UL Throughput = 0.02611 Mbps
21530 ms [UE 42234] UL Throughput = 0.09828 Mbps
21659 ms [UE 30040] UL Throughput = 0.0 Mbps
21659 ms [UE 42234] UL Throughput = 0.0 Mbps
21763 ms [UE 42234] UL Throughput = 0.03309 Mbps
21868 ms [UE 30040] UL Throughput = 0.0 Mbps
21868 ms [UE 42234] UL Throughput = 0.0 Mbps
21870 ms [UE 30040] UL Throughput = 0.0 Mbps
21980 ms [UE 30040] UL Throughput = 0.0 Mbps
21982 ms [UE 30040] UL Throughput = 0.0 Mbps
21982 ms [UE 42234] UL Throughput = 0.09875 Mbps
22075 ms [UE 42234] UL Throughput = 0.0 Mbps
22169 ms [UE 30040] UL Throughput = 0.02499 Mbps
22169 ms [UE 42234] UL Throughput = 0.09737 Mbps
22264 ms [UE 30040] UL Throughput = 0.08975 Mbps
22264 ms [UE 42234] UL Throughput = 0.0 Mbps
22360 ms [UE 42234] UL Throughput = 0.0 Mbps
22434 ms [UE 30040] UL Throughput = 0.0 Mbps
22434 ms [UE 42234] UL Throughput = 0.02141 Mbps
22534 ms [UE 30040] UL Throughput = 0.0 Mbps
22534 ms [UE 42234] UL Throughput = 0.019 Mbps
22540 ms [UE 30040] UL Throughput = 0.09237 Mbps
22540 ms [UE 42234] UL Throughput = 0.0 Mbps
22546 ms [UE 30040] UL Throughput = 0.02434 Mbps
22546 ms [UE 42234] UL Throughput = 0.0 Mbps
22621 ms [UE 30040] UL Throughput = 0.0323 Mbps
22621 ms [UE 42234] UL Throughput = 0.16425 Mbps
22623 ms [UE 30040] UL Throughput = 0.0 Mbps
22623 ms [UE 42234] UL Throughput = 0.0 Mbps
22705 ms [UE 30040] UL Throughput = 0.04649 Mbps
22705 ms [UE 42234] UL Throughput = 0.02351 Mbps
22795 ms [UE 30040] UL Throughput = 0.0 Mbps
22795 ms [UE 42234] UL Throughput = 0.0 Mbps
22904 ms [UE 30040] UL Throughput = 0.01972 Mbps
22904 ms [UE 42234] UL Throughput = 0.03705 Mbps
22906 ms [UE 30040] UL Throughput = 0.0 Mbps
22906 ms [UE 42234] UL Throughput = 0.0 Mbps
22999 ms [UE 30040] UL Throughput = 0.0 Mbps
22999 ms [UE 42234] UL Throughput = 0.04693 Mbps
23089 ms [UE 30040] UL Throughput = 0.08401 Mbps
23089 ms [UE 42234] UL Throughput = 0.0 Mbps
23203 ms [UE 30040] UL Throughput = 0.0 Mbps
23203 ms [UE 42234] UL Throughput = 0.0 Mbps
23205 ms [UE 30040] UL Throughput = 0.0 Mbps
23205 ms [UE 42234] UL Throughput = 0.0 Mbps
23303 ms [UE 30040] UL Throughput = 0.06652 Mbps
23303 ms [UE 42234] UL Throughput = 0.0 Mbps
23420 ms [UE 30040] UL Throughput = 0.0 Mbps
23420 ms [UE 42234] UL Throughput = 0.0 Mbps
23515 ms [UE 30040] UL Throughput = 0.05597 Mbps
23515 ms [UE 42234] UL Throughput = 0.06682 Mbps
23580 ms [UE 42234] UL Throughput = 0.0 Mbps
23699 ms [UE 30040] UL Throughput = 0.0999 Mbps
23699 ms [UE 42234] UL Throughput = 0.0595 Mbps
23815 ms [UE 30040] UL Throughput = 0.06665 Mbps
23815 ms [UE 42234] UL Throughput = 0.08639 Mbps
23937 ms [UE 30040] UL Throughput = 0.07454 Mbps
23937 ms [UE 42234] UL Throughput = 0.0168 Mbps
24026 ms [UE 30040] UL Throughput = 0.03475 Mbps
24026 ms [UE 42234] UL Throughput = 0.0 Mbps
24161 ms [UE 42234] UL Throughput = 0.01782 Mbps
24243 ms [UE 30040] UL Throughput = 0.0 Mbps
24243 ms [UE 42234] UL Throughput = 0.07029 Mbps
24351 ms [UE 30040] UL Throughput = 0.02664 Mbps
24351 ms [UE 42234] UL Throughput = 0.0 Mbps
24463 ms [UE 30040] UL Throughput = 0.0 Mbps
24463 ms [UE 42234] UL Throughput = 0.0 Mbps
24581 ms [UE 30040] UL Throughput = 0.07727 Mbps
24581 ms [UE 42234] UL Throughput = 0.01189 Mbps
24692 ms [UE 30040] UL Throughput = 0.07378 Mbps
24692 ms [UE 42234] UL Throughput = 0.20258 Mbps
24816 ms [UE 30040] UL Throughput = 0.0 Mbps
24816 ms [UE 42234] UL Throughput = 0.07711 Mbps
24884 ms [UE 30040] UL Throughput = 0.0 Mbps
24884 ms [UE 42234] UL Throughput = 0.0 Mbps
24934 ms [UE 30040] UL Throughput = 0.0 Mbps
24934 ms [UE 42234] UL Throughput = 0.0 Mbps
24939 ms [UE 30040] UL Throughput = 0.02745 Mbps
25023 ms [UE 30040] UL Throughput = 0.0 Mbps
25106 ms [UE 42234] UL Throughput = 0.0 Mbps
25208 ms [UE 30040] UL Throughput = 0.0 Mbps
25208 ms [UE 42234] UL Throughput = 0.04003 Mbps
25294 ms [UE 30040] UL Throughput = 0.08741 Mbps
25294 ms [UE 42234] UL Throughput = 0.0 Mbps
25379 ms [UE 42234] UL Throughput = 0.0343 Mbps
25468 ms [UE 30040] UL Throughput = 0.0 Mbps
25468 ms [UE 42234] UL Throughput = 0.0 Mbps
25571 ms [UE 42234] UL Throughput = 0.0 Mbps
25671 ms [UE 30040] UL Throughput = 0.0 Mbps
25671 ms [UE 42234] UL Throughput = 0.09585 Mbps
25753 ms [UE 30040] UL Throughput = 0.10559 Mbps
25887 ms [UE 30040] UL Throughput = 0.07758 Mbps
25887 ms [UE 42234] UL Throughput = 0.0 Mbps
25977 ms [UE 30040] UL Throughput = 0.0 Mbps
25977 ms [UE 42234] UL Throughput = 0.05312 Mbps
26101 ms [UE 30040] UL Throughput = 0.06463 Mbps
26101 ms [UE 42234] UL Throughput = 0.03976 Mbps
26102 ms [UE 30040] UL Throughput = 0.0 Mbps
26102 ms [UE 42234] UL Throughput = 0.09155 Mbps
26186 ms [UE 30040] UL Throughput = 0.0 Mbps
26186 ms [UE 42234] UL Throughput = 0.08176 Mbps
26277 ms [UE 30040] UL Throughput = 0.0 Mbps
26360 ms [UE 30040] UL Throughput = 0.0 Mbps
26360 ms [UE 42234] UL Throughput = 0.0 Mbps
26452 ms [UE 30040] UL Throughput = 0.09853 Mbps
26452 ms [UE 42234] UL Throughput = 0.0 Mbps
26560 ms [UE 30040] UL Throughput = 0.07619 Mbps
26560 ms [UE 42234] UL Throughput = 0.06102 Mbps
26561 ms [UE 30040] UL Throughput = 0.03515 Mbps
26633 ms [UE 30040] UL Throughput = 0.0 Mbps
26633 ms [UE 42234] UL Throughput = 0.0 Mbps
26737 ms [UE 30040] UL Throughput = 0.07472 Mbps
26737 ms [UE 42234] UL Throughput = 0.07455 Mbps
26740 ms [UE 30040] UL Throughput = 0.0 Mbps
26740 ms [UE 42234] UL Throughput = 0.05902 Mbps
26833 ms [UE 30040] UL Throughput = 0.04809 Mbps
26833 ms [UE 42234] UL Throughput = 0.01888 Mbps
26914 ms [UE 30040] UL Throughput = 0.0 Mbps
26914 ms [UE 42234] UL Throughput = 0.01785 Mbps
26915 ms [UE 30040] UL Throughput = 0.03238 Mbps
26915 ms [UE 42234] UL Throughput = 0.07561 Mbps
26997 ms [UE 30040] UL Throughput = 0.03487 Mbps
27129 ms [UE 30040] UL Throughput = 0.05249 Mbps
27129 ms [UE 42234] UL Throughput = 0.0 Mbps
27133 ms [UE 30040] UL Throughput = 0.08982 Mbps
27133 ms [UE 42234] UL Throughput = 0.0 Mbps
27211 ms [UE 30040] UL Throughput = 0.03928 Mbps
27211 ms [UE 42234] UL Throughput = 0.0 Mbps
27307 ms [UE 30040] UL Throughput = 0.0 Mbps
27307 ms [UE 42234] UL Throughput = 0.07378 Mbps
27406 ms [UE 30040] UL Throughput = 0.0 Mbps
27406 ms [UE 42234] UL Throughput = 0.0 Mbps
27499 ms [UE 30040] UL Throughput = 0.0707 Mbps
27499 ms [UE 42234] UL Throughput = 0.0 Mbps
27501 ms [UE 30040] UL Throughput = 0.07637 Mbps
27501 ms [UE 42234] UL Throughput = 0.08418 Mbps
27593 ms [UE 30040] UL Throughput = 0.05832 Mbps
27593 ms [UE 42234] UL Throughput = 0.09595 Mbps
27674 ms [UE 30040] UL Throughput = 0.0 Mbps
27674 ms [UE 42234] UL Throughput = 0.0 Mbps
27746 ms [UE 30040] UL Throughput = 0.07066 Mbps
27830 ms [UE 30040] UL Throughput = 0.08217 Mbps
27830 ms [UE 42234] UL Throughput = 0.0 Mbps
27930 ms [UE 30040] UL Throughput = 0.03808 Mbps
27930 ms [UE 42234] UL Throughput = 0.08323 Mbps
28001 ms [UE 30040] UL Throughput = 0.0 Mbps
28001 ms [UE 42234] UL Throughput = 0.0 Mbps
28004 ms [UE 30040] UL Throughput = 0.01454 Mbps
28004 ms [UE 42234] UL Throughput = 0.09746 Mbps
28098 ms [UE 30040] UL Throughput = 0.0 Mbps
28098 ms [UE 42234] UL Throughput = 0.0 Mbps
28208 ms [UE 30040] UL Throughput = 0.0 Mbps
28208 ms [UE 42234] UL Throughput = 0.0 Mbps
28214 ms [UE 30040] UL Throughput = 0.02422 Mbps
28214 ms [UE 42234] UL Throughput = 0.04827 Mbps
28300 ms [UE 42234] UL Throughput = 0.0 Mbps
28302 ms [UE 42234] UL Throughput = 0.08276 Mbps
28306 ms [UE 30040] UL Throughput = 0.0626 Mbps
28306 ms [UE 42234] UL Throughput = 0.05323 Mbps
28408 ms [UE 30040] UL Throughput = 0.0 Mbps
28515 ms [UE 30040] UL Throughput = 0.06202 Mbps
28515 ms [UE 42234] UL Throughput = 0.04954 Mbps
28517 ms [UE 30040] UL Throughput = 0.0 Mbps
28517 ms [UE 42234] UL Throughput = 0.0 Mbps
28591 ms [UE 30040] UL Throughput = 0.03744 Mbps
28591 ms [UE 42234] UL Throughput = 0.0227 Mbps
28594 ms [UE 30040] UL Throughput = 0.06349 Mbps
28594 ms [UE 42234] UL Throughput = 0.03102 Mbps
28690 ms [UE 30040] UL Throughput = 0.0 Mbps
28690 ms [UE 42234] UL Throughput = 0.04496 Mbps
28798 ms [UE 42234] UL Throughput = 0.0752 Mbps
28903 ms [UE 30040] UL Throughput = 0.04807 Mbps
28903 ms [UE 42234] UL Throughput = 0.0 Mbps
28997 ms [UE 30040] UL Throughput = 0.0 Mbps
28997 ms [UE 42234] UL Throughput = 0.06455 Mbps
29105 ms [UE 30040] UL Throughput = 0.03117 Mbps
29109 ms [UE 30040] UL Throughput = 0.0 Mbps
29109 ms [UE 42234] UL Throughput = 0.07169 Mbps
29110 ms [UE 30040] UL Throughput = 0.0596 Mbps
29110 ms [UE 42234] UL Throughput = 0.0 Mbps
29113 ms [UE 30040] UL Throughput = 0.0 Mbps
29115 ms [UE 42234] UL Throughput = 0.0 Mbps
29223 ms [UE 42234] UL Throughput = 0.0 Mbps
29227 ms [UE 30040] UL Throughput = 0.0 Mbps
29227 ms [UE 42234] UL Throughput = 0.0 Mbps
29229 ms [UE 30040] UL Throughput = 0.0 Mbps
29229 ms [UE 42234] UL Throughput = 0.0 Mbps
29312 ms [UE 30040] UL Throughput = 0.04314 Mbps
29312 ms [UE 42234] UL Throughput = 0.0 Mbps
29406 ms [UE 30040] UL Throughput = 0.0 Mbps
29406 ms [UE 42234] UL Throughput = 0.0 Mbps
29507 ms [UE 42234] UL Throughput = 0.0369 Mbps
29605 ms [UE 30040] UL Throughput = 0.04683 Mbps
29605 ms [UE 42234] UL Throughput = 0.0 Mbps
29686 ms [UE 30040] UL Throughput = 0.05773 Mbps
29686 ms [UE 42234] UL Throughput = 0.1127 Mbps
29808 ms [UE 42234] UL Throughput = 0.0 Mbps
29894 ms [UE 30040] UL Throughput = 0.0 Mbps
29894 ms [UE 42234] UL Throughput = 0.05444 Mbps
30006 ms [UE 30040] UL Throughput = 0.0 Mbps
30006 ms [UE 42234] UL Throughput = 0.15101 Mbps
30119 ms [UE 30040] UL Throughput = 0.01269 Mbps
30119 ms [UE 42234] UL Throughput = 0.04089 Mbps
30220 ms [UE 42234] UL Throughput = 0.0 Mbps
30327 ms [UE 30040] UL Throughput = 0.0 Mbps
30327 ms [UE 42234] UL Throughput = 0.0 Mbps
30333 ms [UE 30040] UL Throughput = 0.0 Mbps
30333 ms [UE 42234] UL Throughput = 0.0 Mbps
30338 ms [UE 30040] UL Throughput = 0.026 Mbps
30338 ms [UE 42234] UL Throughput = 0.16905 Mbps
30424 ms [UE 30040] UL Throughput = 0.08377 Mbps
30424 ms [UE 42234] UL Throughput = 0.05219 Mbps
30427 ms [UE 30040] UL Throughput = 0.06619 Mbps
30427 ms [UE 42234] UL Throughput = 0.0 Mbps
30433 ms [UE 30040] UL Throughput = 0.0 Mbps
30433 ms [UE 42234] UL Throughput = 0.0 Mbps
30520 ms [UE 42234] UL Throughput = 0.0 Mbps
30597 ms [UE 30040] UL Throughput = 0.0265 Mbps
30685 ms [UE 30040] UL Throughput = 0.05883 Mbps
30685 ms [UE 42234] UL Throughput = 0.02121 Mbps
30818 ms [UE 30040] UL Throughput = 0.0 Mbps
30818 ms [UE 42234] UL Throughput = 0.09241 Mbps
30906 ms [UE 30040] UL Throughput = 0.0 Mbps
30906 ms [UE 42234] UL Throughput = 0.0 Mbps
31023 ms [UE 42234] UL Throughput = 0.0 Mbps
31029 ms [UE 30040] UL Throughput = 0.08095 Mbps
31126 ms [UE 30040] UL Throughput = 0.0 Mbps
31126 ms [UE 42234] UL Throughput = 0.02839 Mbps
31254 ms [UE 30040] UL Throughput = 0.0 Mbps
31254 ms [UE 42234] UL Throughput = 0.0552 Mbps
31359 ms [UE 30040] UL Throughput = 0.0 Mbps
31359 ms [UE 42234] UL Throughput = 0.0 Mbps
31468 ms [UE 30040] UL Throughput = 0.05788 Mbps
31468 ms [UE 42234] UL Throughput = 0.04133 Mbps
31569 ms [UE 30040] UL Throughput = 0.0 Mbps
31569 ms [UE 42234] UL Throughput = 0.03551 Mbps
31679 ms [UE 30040] UL Throughput = 0.07203 Mbps
31679 ms [UE 42234] UL Throughput = 0.08478 Mbps
31779 ms [UE 30040] UL Throughput = 0.0398 Mbps
31779 ms [UE 42234] UL Throughput = 0.0 Mbps
31873 ms [UE 30040] UL Throughput = 0.0 Mbps
31873 ms [UE 42234] UL Throughput = 0.0 Mbps
31934 ms [UE 30040] UL Throughput = 0.09065 Mbps
31934 ms [UE 42234] UL Throughput = 0.0 Mbps
32042 ms [UE 30040] UL Throughput = 0.0 Mbps
32042 ms [UE 42234] UL Throughput = 0.0 Mbps
32043 ms [UE 42234] UL Throughput = 0.0753 Mbps
32044 ms [UE 30040] UL Throughput = 0.0 Mbps
32044 ms [UE 42234] UL Throughput = 0.03106 Mbps
32125 ms [UE 30040] UL Throughput = 0.08941 Mbps
32125 ms [UE 42234] UL Throughput = 0.03113 Mbps
32211 ms [UE 30040] UL Throughput = 0.09097 Mbps
32211 ms [UE 42234] UL Throughput = 0.09102 Mbps
32216 ms [UE 30040] UL Throughput = 0.0 Mbps
32216 ms [UE 42234] UL Throughput = 0.02764 Mbps
32314 ms [UE 30040] UL Throughput = 0.08102 Mbps
32319 ms [UE 30040] UL Throughput = 0.04796 Mbps
32319 ms [UE 42234] UL Throughput = 0.0 Mbps
32424 ms [UE 30040] UL Throughput = 0.0663 Mbps
32424 ms [UE 42234] UL Throughput = 0.0 Mbps
32547 ms [UE 30040] UL Throughput = 0.0 Mbps
32547 ms [UE 42234] UL Throughput = 0.05738 Mbps
32644 ms [UE 30040] UL Throughput = 0.06733 Mbps
32644 ms [UE 42234] UL Throughput = 0.0 Mbps
32766 ms [UE 30040] UL Throughput = 0.0 Mbps
32766 ms [UE 42234] UL Throughput = 0.0 Mbps
32889 ms [UE 30040] UL Throughput = 0.0 Mbps
32889 ms [UE 42234] UL Throughput = 0.05812 Mbps
32970 ms [UE 30040] UL Throughput = 0.0 Mbps
33072 ms [UE 42234] UL Throughput = 0.0 Mbps
33160 ms [UE 30040] UL Throughput = 0.09483 Mbps
33160 ms [UE 42234] UL Throughput = 0.0 Mbps
33282 ms [UE 30040] UL Throughput = 0.11394 Mbps
33282 ms [UE 42234] UL Throughput = 0.1788 Mbps
33396 ms [UE 30040] UL Throughput = 0.0 Mbps
33396 ms [UE 42234] UL Throughput = 0.0318 Mbps
33520 ms [UE 30040] UL Throughput = 0.07399 Mbps
33520 ms [UE 42234] UL Throughput = 0.04668 Mbps
33638 ms [UE 30040] UL Throughput = 0.0 Mbps
33638 ms [UE 42234] UL Throughput = 0.07264 Mbps
33641 ms [UE 30040] UL Throughput = 0.02819 Mbps
33641 ms [UE 42234] UL Throughput = 0.0 Mbps
33734 ms [UE 30040] UL Throughput = 0.08395 Mbps
33734 ms [UE 42234] UL Throughput = 0.0 Mbps
33839 ms [UE 30040] UL Throughput = 0.04065 Mbps
33839 ms [UE 42234] UL Throughput = 0.0 Mbps
33921 ms [UE 30040] UL Throughput = 0.0 Mbps
33921 ms [UE 42234] UL Throughput = 0.14877 Mbps
34026 ms [UE 42234] UL Throughput = 0.0 Mbps
34154 ms [UE 30040] UL Throughput = 0.0 Mbps
34154 ms [UE 42234] UL Throughput = 0.04967 Mbps
34253 ms [UE 30040] UL Throughput = 0.02957 Mbps
34253 ms [UE 42234] UL Throughput = 0.07727 Mbps
34340 ms [UE 42234] UL Throughput = 0.07378 Mbps
34438 ms [UE 30040] UL Throughput = 0.0 Mbps
34438 ms [UE 42234] UL Throughput = 0.0 Mbps
34549 ms [UE 42234] UL Throughput = 0.04836 Mbps
34551 ms [UE 30040] UL Throughput = 0.09076 Mbps
34551 ms [UE 42234] UL Throughput = 0.0 Mbps
34653 ms [UE 30040] UL Throughput = 0.0 Mbps
34653 ms [UE 42234] UL Throughput = 0.05302 Mbps
34730 ms [UE 30040] UL Throughput = 0.04604 Mbps
34730 ms [UE 42234] UL Throughput = 0.01667 Mbps
34824 ms [UE 30040] UL Throughput = 0.07802 Mbps
34827 ms [UE 30040] UL Throughput = 0.0 Mbps
34827 ms [UE 42234] UL Throughput = 0.06873 Mbps
34925 ms [UE 30040] UL Throughput = 0.0 Mbps
34925 ms [UE 42234] UL Throughput = 0.0 Mbps
34927 ms [UE 30040] UL Throughput = 0.09934 Mbps
34927 ms [UE 42234] UL Throughput = 0.0 Mbps
35018 ms [UE 30040] UL Throughput = 0.0 Mbps
35018 ms [UE 42234] UL Throughput = 0.0 Mbps
35104 ms [UE 30040] UL Throughput = 0.0 Mbps
35104 ms [UE 42234] UL Throughput = 0.0 Mbps
35214 ms [UE 30040] UL Throughput = 0.0 Mbps
35214 ms [UE 42234] UL Throughput = 0.05905 Mbps
35295 ms [UE 30040] UL Throughput = 0.0 Mbps
35295 ms [UE 42234] UL Throughput = 0.04081 Mbps
35403 ms [UE 30040] UL Throughput = 0.08648 Mbps
35490 ms [UE 42234] UL Throughput = 0.0 Mbps
35582 ms [UE 30040] UL Throughput = 0.0 Mbps
35582 ms [UE 42234] UL Throughput = 0.02723 Mbps
35585 ms [UE 30040] UL Throughput = 0.0 Mbps
35585 ms [UE 42234] UL Throughput = 0.0 Mbps
35650 ms [UE 30040] UL Throughput = 0.02057 Mbps
35650 ms [UE 42234] UL Throughput = 0.0 Mbps
35729 ms [UE 42234] UL Throughput = 0.0 Mbps
35843 ms [UE 30040] UL Throughput = 0.0 Mbps
35843 ms [UE 42234] UL Throughput = 0.0 Mbps
35939 ms [UE 42234] UL Throughput = 0.0 Mbps
36037 ms [UE 30040] UL Throughput = 0.0 Mbps
36037 ms [UE 42234] UL Throughput = 0.03658 Mbps
36117 ms [UE 30040] UL Throughput = 0.0 Mbps
36117 ms [UE 42234] UL Throughput = 0.0 Mbps
36211 ms [UE 30040] UL Throughput = 0.02697 Mbps
36211 ms [UE 42234] UL Throughput = 0.0 Mbps
36313 ms [UE 30040] UL Throughput = 0.0 Mbps
36313 ms [UE 42234] UL Throughput = 0.0 Mbps
36435 ms [UE 30040] UL Throughput = 0.0 Mbps
36435 ms [UE 42234] UL Throughput = 0.05442 Mbps
36541 ms [UE 30040] UL Throughput = 0.11637 Mbps
36541 ms [UE 42234] UL Throughput = 0.0963 Mbps
36626 ms [UE 30040] UL Throughput = 0.0 Mbps
36626 ms [UE 42234] UL Throughput = 0.0 Mbps
36725 ms [UE 30040] UL Throughput = 0.0868 Mbps
36828 ms [UE 30040] UL Throughput = 0.04463 Mbps
36828 ms [UE 42234] UL Throughput = 0.0 Mbps
36933 ms [UE 30040] UL Throughput = 0.09553 Mbps
36933 ms [UE 42234] UL Throughput = 0.04557 Mbps
37040 ms [UE 42234] UL Throughput = 0.0 Mbps
37139 ms [UE 30040] UL Throughput = 0.0 Mbps
37139 ms [UE 42234] UL Throughput = 0.0 Mbps
37251 ms [UE 30040] UL Throughput = 0.08671 Mbps
37251 ms [UE 42234] UL Throughput = 0.06186 Mbps
37327 ms [UE 30040] UL Throughput = 0.0 Mbps
37327 ms [UE 42234] UL Throughput = 0.0 Mbps
37328 ms [UE 42234] UL Throughput = 0.0326 Mbps
37329 ms [UE 42234] UL Throughput = 0.05819 Mbps
37439 ms [UE 30040] UL Throughput = 0.07961 Mbps
37439 ms [UE 42234] UL Throughput = 0.05553 Mbps
37441 ms [UE 30040] UL Throughput = 0.0 Mbps
37441 ms [UE 42234] UL Throughput = 0.0 Mbps
37574 ms [UE 30040] UL Throughput = 0.02254 Mbps
37574 ms [UE 42234] UL Throughput = 0.0 Mbps
37575 ms [UE 30040] UL Throughput = 0.0116 Mbps
37575 ms [UE 42234] UL Throughput = 0.0 Mbps
37649 ms [UE 30040] UL Throughput = 0.08974 Mbps
37649 ms [UE 42234] UL Throughput = 0.04083 Mbps
37713 ms [UE 30040] UL Throughput = 0.0 Mbps
37713 ms [UE 42234] UL Throughput = 0.17011 Mbps
37810 ms [UE 42234] UL Throughput = 0.0495 Mbps
37815 ms [UE 30040] UL Throughput = 0.0 Mbps
37815 ms [UE 42234] UL Throughput = 0.0 Mbps
37905 ms [UE 30040] UL Throughput = 0.02734 Mbps
37905 ms [UE 42234] UL Throughput = 0.0 Mbps
37982 ms [UE 30040] UL Throughput = 0.04517 Mbps
37982 ms [UE 42234] UL Throughput = 0.03348 Mbps
37983 ms [UE 30040] UL Throughput = 0.0 Mbps
38100 ms [UE 30040] UL Throughput = 0.0 Mbps
38100 ms [UE 42234] UL Throughput = 0.01309 Mbps
38105 ms [UE 30040] UL Throughput = 0.01522 Mbps
38105 ms [UE 42234] UL Throughput = 0.0382 Mbps
38109 ms [UE 30040] UL Throughput = 0.0 Mbps
38109 ms [UE 42234] UL Throughput = 0.0 Mbps
38115 ms [UE 30040] UL Throughput = 0.0295 Mbps
38115 ms [UE 42234] UL Throughput = 0.0 Mbps
38198 ms [UE 30040] UL Throughput = 0.0 Mbps
38198 ms [UE 42234] UL Throughput = 0.0 Mbps
38200 ms [UE 30040] UL Throughput = 0.01779 Mbps
38200 ms [UE 42234] UL Throughput = 0.0986 Mbps
38303 ms [UE 30040] UL Throughput = 0.0 Mbps
38303 ms [UE 42234] UL Throughput = 0.0 Mbps
38395 ms [UE 30040] UL Throughput = 0.01617 Mbps
38395 ms [UE 42234] UL Throughput = 0.02163 Mbps
38476 ms [UE 30040] UL Throughput = 0.05898 Mbps
38476 ms [UE 42234] UL Throughput = 0.0 Mbps
38574 ms [UE 30040] UL Throughput = 0.0 Mbps
38574 ms [UE 42234] UL Throughput = 0.05146 Mbps
38653 ms [UE 30040] UL Throughput = 0.0 Mbps
38653 ms [UE 42234] UL Throughput = 0.02579 Mbps
38739 ms [UE 30040] UL Throughput = 0.0 Mbps
38739 ms [UE 42234] UL Throughput = 0.09404 Mbps
38845 ms [UE 30040] UL Throughput = 0.04828 Mbps
38845 ms [UE 42234] UL Throughput = 0.0 Mbps
38849 ms [UE 30040] UL Throughput = 0.0 Mbps
38849 ms [UE 42234] UL Throughput = 0.06 Mbps
38968 ms [UE 30040] UL Throughput = 0.0788 Mbps
38970 ms [UE 30040] UL Throughput = 0.06867 Mbps
38970 ms [UE 42234] UL Throughput = 0.0 Mbps
38972 ms [UE 30040] UL Throughput = 0.0 Mbps
38972 ms [UE 42234] UL Throughput = 0.06926 Mbps
39062 ms [UE 30040] UL Throughput = 0.0 Mbps
39062 ms [UE 42234] UL Throughput = 0.0 Mbps
39186 ms [UE 30040] UL Throughput = 0.08639 Mbps
39285 ms [UE 42234] UL Throughput = 0.0 Mbps
39373 ms [UE 30040] UL Throughput = 0.08363 Mbps
39373 ms [UE 42234] UL Throughput = 0.05732 Mbps
39446 ms [UE 30040] UL Throughput = 0.0 Mbps
39446 ms [UE 42234] UL Throughput = 0.06455 Mbps
39568 ms [UE 30040] UL Throughput = 0.04745 Mbps
39568 ms [UE 42234] UL Throughput = 0.0 Mbps
39570 ms [UE 30040] UL Throughput = 0.11324 Mbps
39570 ms [UE 42234] UL Throughput = 0.04966 Mbps
39659 ms [UE 30040] UL Throughput = 0.01836 Mbps
39659 ms [UE 42234] UL Throughput = 0.05328 Mbps
39760 ms [UE 30040] UL Throughput = 0.22 Mbps
39760 ms [UE 42234] UL Throughput = 0.1 Mbps
39858 ms [UE 30040] UL Throughput = 0.06913 Mbps
39858 ms [UE 42234] UL Throughput = 0.0 Mbps
39961 ms [UE 30040] UL Throughput = 0.0 Mbps
39961 ms [UE 42234] UL Throughput = 0.01037 Mbps
40041 ms [UE 30040] UL Throughput = 0.0 Mbps
40041 ms [UE 42234] UL Throughput = 0.05495 Mbps
40133 ms [UE 30040] UL Throughput = 0.0 Mbps
40133 ms [UE 42234] UL Throughput = 0.0 Mbps
40253 ms [UE 30040] UL Throughput = 0.05824 Mbps
40253 ms [UE 42234] UL Throughput = 0.0 Mbps
40373 ms [UE 30040] UL Throughput = 0.0 Mbps
40373 ms [UE 42234] UL Throughput = 0.09301 Mbps
40492 ms [UE 30040] UL Throughput = 0.05899 Mbps
40492 ms [UE 42234] UL Throughput = 0.09021 Mbps
40598 ms [UE 30040] UL Throughput = 0.0 Mbps
40598 ms [UE 42234] UL Throughput = 0.04205 Mbps
40717 ms [UE 30040] UL Throughput = 0.08269 Mbps
40717 ms [UE 42234] UL Throughput = 0.0 Mbps
40834 ms [UE 30040] UL Throughput = 0.08201 Mbps
40834 ms [UE 42234] UL Throughput = 0.09951 Mbps
40904 ms [UE 30040] UL Throughput = 0.12226 Mbps
40904 ms [UE 42234] UL Throughput = 0.07952 Mbps
41015 ms [UE 30040] UL Throughput = 0.09312 Mbps
41015 ms [UE 42234] UL Throughput = 0.07831 Mbps
41119 ms [UE 30040] UL Throughput = 0.0 Mbps
41192 ms [UE 30040] UL Throughput = 0.0 Mbps
41192 ms [UE 42234] UL Throughput = 0.01441 Mbps
41294 ms [UE 30040] UL Throughput = 0.08619 Mbps
41382 ms [UE 30040] UL Throughput = 0.0 Mbps
41382 ms [UE 42234] UL Throughput = 0.0 Mbps
41383 ms [UE 30040] UL Throughput = 0.02647 Mbps
41383 ms [UE 42234] UL Throughput = 0.0 Mbps
41491 ms [UE 30040] UL Throughput = 0.0 Mbps
41491 ms [UE 42234] UL Throughput = 0.07313 Mbps
41572 ms [UE 30040] UL Throughput = 0.0 Mbps
41572 ms [UE 42234] UL Throughput = 0.06456 Mbps
41675 ms [UE 30040] UL Throughput = 0.01909 Mbps
41675 ms [UE 42234] UL Throughput = 0.0 Mbps
41779 ms [UE 30040] UL Throughput = 0.04328 Mbps
41779 ms [UE 42234] UL Throughput = 0.0 Mbps
41864 ms [UE 30040] UL Throughput = 0.01982 Mbps
41864 ms [UE 42234] UL Throughput = 0.0 Mbps
41868 ms [UE 42234] UL Throughput = 0.0 Mbps
41966 ms [UE 30040] UL Throughput = 0.0 Mbps
41966 ms [UE 42234] UL Throughput = 0.01221 Mbps
42070 ms [UE 30040] UL Throughput = 0.07659 Mbps
42070 ms [UE 42234] UL Throughput = 0.0 Mbps
42170 ms [UE 30040] UL Throughput = 0.05955 Mbps
42170 ms [UE 42234] UL Throughput = 0.0 Mbps
42289 ms [UE 30040] UL Throughput = 0.1569 Mbps
42289 ms [UE 42234] UL Throughput = 0.0 Mbps
42292 ms [UE 30040] UL Throughput = 0.06994 Mbps
42292 ms [UE 42234] UL Throughput = 0.0367 Mbps
42394 ms [UE 30040] UL Throughput = 0.01737 Mbps
42394 ms [UE 42234] UL Throughput = 0.0708 Mbps
42483 ms [UE 30040] UL Throughput = 0.02324 Mbps
42483 ms [UE 42234] UL Throughput = 0.08898 Mbps
42591 ms [UE 30040] UL Throughput = 0.08437 Mbps
42694 ms [UE 30040] UL Throughput = 0.0 Mbps
42694 ms [UE 42234] UL Throughput = 0.09976 Mbps
42700 ms [UE 30040] UL Throughput = 0.03186 Mbps
42700 ms [UE 42234] UL Throughput = 0.0 Mbps
42795 ms [UE 30040] UL Throughput = 0.03576 Mbps
42795 ms [UE 42234] UL Throughput = 0.0 Mbps
42873 ms [UE 30040] UL Throughput = 0.0 Mbps
42873 ms [UE 42234] UL Throughput = 0.0 Mbps
42968 ms [UE 30040] UL Throughput = 0.06696 Mbps
42968 ms [UE 42234] UL Throughput = 0.16078 Mbps
43059 ms [UE 30040] UL Throughput = 0.03386 Mbps
43163 ms [UE 30040] UL Throughput = 0.0688 Mbps
43163 ms [UE 42234] UL Throughput = 0.04229 Mbps
43251 ms [UE 30040] UL Throughput = 0.0 Mbps
43251 ms [UE 42234] UL Throughput = 0.06172 Mbps
43256 ms [UE 30040] UL Throughput = 0.0 Mbps
43256 ms [UE 42234] UL Throughput = 0.0 Mbps
43369 ms [UE 30040] UL Throughput = 0.07396 Mbps
43504 ms [UE 30040] UL Throughput = 0.06732 Mbps
43504 ms [UE 42234] UL Throughput = 0.04806 Mbps
43508 ms [UE 30040] UL Throughput = 0.05619 Mbps
43508 ms [UE 42234] UL Throughput = 0.03072 Mbps
43581 ms [UE 30040] UL Throughput = 0.0982 Mbps
43581 ms [UE 42234] UL Throughput = 0.0 Mbps
43680 ms [UE 30040] UL Throughput = 0.0 Mbps
43680 ms [UE 42234] UL Throughput = 0.08467 Mbps
43684 ms [UE 30040] UL Throughput = 0.05081 Mbps
43684 ms [UE 42234] UL Throughput = 0.03043 Mbps
43686 ms [UE 30040] UL Throughput = 0.0 Mbps
43686 ms [UE 42234] UL Throughput = 0.0 Mbps
43691 ms [UE 42234] UL Throughput = 0.0666 Mbps
43786 ms [UE 30040] UL Throughput = 0.0 Mbps
43786 ms [UE 42234] UL Throughput = 0.0 Mbps
43790 ms [UE 30040] UL Throughput = 0.01114 Mbps
43790 ms [UE 42234] UL Throughput = 0.0 Mbps
43889 ms [UE 30040] UL Throughput = 0.04288 Mbps
43889 ms [UE 42234] UL Throughput = 0.0345 Mbps
43985 ms [UE 30040] UL Throughput = 0.02338 Mbps
43985 ms [UE 42234] UL Throughput = 0.0 Mbps
43991 ms [UE 30040] UL Throughput = 0.04654 Mbps
43991 ms [UE 42234] UL Throughput = 0.01257 Mbps
44112 ms [UE 30040] UL Throughput = 0.0841 Mbps
44112 ms [UE 42234] UL Throughput = 0.08426 Mbps
44192 ms [UE 30040] UL Throughput = 0.0 Mbps
44192 ms [UE 42234] UL Throughput = 0.09508 Mbps
44292 ms [UE 42234] UL Throughput = 0.0 Mbps
44371 ms [UE 30040] UL Throughput = 0.02426 Mbps
44479 ms [UE 30040] UL Throughput = 0.0 Mbps
44479 ms [UE 42234] UL Throughput = 0.0 Mbps
44602 ms [UE 42234] UL Throughput = 0.07132 Mbps
44604 ms [UE 30040] UL Throughput = 0.0 Mbps
44604 ms [UE 42234] UL Throughput = 0.0 Mbps
44730 ms [UE 30040] UL Throughput = 0.05695 Mbps
44730 ms [UE 42234] UL Throughput = 0.04263 Mbps
44848 ms [UE 30040] UL Throughput = 0.0 Mbps
44848 ms [UE 42234] UL Throughput = 0.0 Mbps
44949 ms [UE 30040] UL Throughput = 0.0 Mbps
44949 ms [UE 42234] UL Throughput = 0.0164 Mbps
45052 ms [UE 30040] UL Throughput = 0.09898 Mbps
45052 ms [UE 42234] UL Throughput = 0.09793 Mbps
45121 ms [UE 30040] UL Throughput = 0.03229 Mbps
45121 ms [UE 42234] UL Throughput = 0.06823 Mbps
45215 ms [UE 42234] UL Throughput = 0.0 Mbps
45349 ms [UE 30040] UL Throughput = 0.03524 Mbps
45349 ms [UE 42234] UL Throughput = 0.0 Mbps
45353 ms [UE 30040] UL Throughput = 0.08654 Mbps
45353 ms [UE 42234] UL Throughput = 0.0 Mbps
45359 ms [UE 30040] UL Throughput = 0.06885 Mbps
45359 ms [UE 42234] UL Throughput = 0.0 Mbps
45449 ms [UE 30040] UL Throughput = 0.03134 Mbps
45449 ms [UE 42234] UL Throughput = 0.05568 Mbps
45560 ms [UE 30040] UL Throughput = 0.0 Mbps
45560 ms [UE 42234] UL Throughput = 0.0943 Mbps
45655 ms [UE 30040] UL Throughput = 0.08002 Mbps
45655 ms [UE 42234] UL Throughput = 0.06427 Mbps
45738 ms [UE 30040] UL Throughput = 0.0 Mbps
45738 ms [UE 42234] UL Throughput = 0.0162 Mbps
45818 ms [UE 30040] UL Throughput = 0.0 Mbps
45818 ms [UE 42234] UL Throughput = 0.0251 Mbps
45820 ms [UE 30040] UL Throughput = 0.02689 Mbps
45821 ms [UE 42234] UL Throughput = 0.0 Mbps
45822 ms [UE 30040] UL Throughput = 0.0 Mbps
45822 ms [UE 42234] UL Throughput = 0.0 Mbps
45922 ms [UE 30040] UL Throughput = 0.0 Mbps
45922 ms [UE 42234] UL Throughput = 0.0 Mbps
46008 ms [UE 30040] UL Throughput = 0.0 Mbps
46008 ms [UE 42234] UL Throughput = 0.0 Mbps
46107 ms [UE 30040] UL Throughput = 0.0271 Mbps
46107 ms [UE 42234] UL Throughput = 0.0 Mbps
46174 ms [UE 30040] UL Throughput = 0.0 Mbps
46174 ms [UE 42234] UL Throughput = 0.09753 Mbps
46255 ms [UE 42234] UL Throughput = 0.12 Mbps
46329 ms [UE 30040] UL Throughput = 0.0 Mbps
46329 ms [UE 42234] UL Throughput = 0.05761 Mbps
46434 ms [UE 30040] UL Throughput = 0.075 Mbps
46434 ms [UE 42234] UL Throughput = 0.05996 Mbps
46560 ms [UE 30040] UL Throughput = 0.01794 Mbps
46560 ms [UE 42234] UL Throughput = 0.08077 Mbps
46624 ms [UE 30040] UL Throughput = 0.09574 Mbps
46624 ms [UE 42234] UL Throughput = 0.0 Mbps
46628 ms [UE 30040] UL Throughput = 0.06768 Mbps
46628 ms [UE 42234] UL Throughput = 0.10016 Mbps
46711 ms [UE 30040] UL Throughput = 0.0 Mbps
46711 ms [UE 42234] UL Throughput = 0.0 Mbps
46823 ms [UE 30040] UL Throughput = 0.09397 Mbps
46823 ms [UE 42234] UL Throughput = 0.0 Mbps
46927 ms [UE 30040] UL Throughput = 0.07178 Mbps
46927 ms [UE 42234] UL Throughput = 0.03845 Mbps
46932 ms [UE 30040] UL Throughput = 0.0 Mbps
46932 ms [UE 42234] UL Throughput = 0.0 Mbps
47040 ms [UE 30040] UL Throughput = 0.0 Mbps
47040 ms [UE 42234] UL Throughput = 0.0 Mbps
47145 ms [UE 42234] UL Throughput = 0.0 Mbps
47242 ms [UE 30040] UL Throughput = 0.0 Mbps
47242 ms [UE 42234] UL Throughput = 0.01724 Mbps
47326 ms [UE 30040] UL Throughput = 0.0 Mbps
47326 ms [UE 42234] UL Throughput = 0.0 Mbps
47428 ms [UE 42234] UL Throughput = 0.01672 Mbps
47538 ms [UE 30040] UL Throughput = 0.08819 Mbps
47538 ms [UE 42234] UL Throughput = 0.05084 Mbps
47633 ms [UE 30040] UL Throughput = 0.0 Mbps
47633 ms [UE 42234] UL Throughput = 0.03771 Mbps
47755 ms [UE 42234] UL Throughput = 0.07967 Mbps
47875 ms [UE 30040] UL Throughput = 0.0 Mbps
47875 ms [UE 42234] UL Throughput = 0.01987 Mbps
47967 ms [UE 30040] UL Throughput = 0.07766 Mbps
47967 ms [UE 42234] UL Throughput = 0.0 Mbps
48081 ms [UE 30040] UL Throughput = 0.0 Mbps
48177 ms [UE 30040] UL Throughput = 0.0 Mbps
48177 ms [UE 42234] UL Throughput = 0.0 Mbps
48180 ms [UE 30040] UL Throughput = 0.0 Mbps
48260 ms [UE 30040] UL Throughput = 0.0 Mbps
48260 ms [UE 42234] UL Throughput = 0.17343 Mbps
48353 ms [UE 42234] UL Throughput = 0.06577 Mbps
48463 ms [UE 30040] UL Throughput = 0.0 Mbps
48463 ms [UE 42234] UL Throughput = 0.0 Mbps
48557 ms [UE 30040] UL Throughput = 0.0143 Mbps
48557 ms [UE 42234] UL Throughput = 0.0 Mbps
48670 ms [UE 30040] UL Throughput = 0.0 Mbps
48670 ms [UE 42234] UL Throughput = 0.0 Mbps
48792 ms [UE 30040] UL Throughput = 0.0 Mbps
48792 ms [UE 42234] UL Throughput = 0.0 Mbps
48868 ms [UE 30040] UL Throughput = 0.03424 Mbps
48868 ms [UE 42234] UL Throughput = 0.0 Mbps
48874 ms [UE 30040] UL Throughput = 0.0396 Mbps
48874 ms [UE 42234] UL Throughput = 0.0 Mbps
48978 ms [UE 30040] UL Throughput = 0.0 Mbps
48978 ms [UE 42234] UL Throughput = 0.0 Mbps
49048 ms [UE 30040] UL Throughput = 0.0 Mbps
49048 ms [UE 42234] UL Throughput = 0.01904 Mbps
49131 ms [UE 30040] UL Throughput = 0.09383 Mbps
49131 ms [UE 42234] UL Throughput = 0.0 Mbps
49239 ms [UE 30040] UL Throughput = 0.0 Mbps
49239 ms [UE 42234] UL Throughput = 0.01334 Mbps
49243 ms [UE 30040] UL Throughput = 0.08569 Mbps
49243 ms [UE 42234] UL Throughput = 0.0 Mbps
49341 ms [UE 30040] UL Throughput = 0.0 Mbps
49341 ms [UE 42234] UL Throughput = 0.13322 Mbps
49345 ms [UE 42234] UL Throughput = 0.02098 Mbps
49454 ms [UE 30040] UL Throughput = 0.0 Mbps
49454 ms [UE 42234] UL Throughput = 0.0 Mbps
49559 ms [UE 30040] UL Throughput = 0.0 Mbps
49559 ms [UE 42234] UL Throughput = 0.0 Mbps
49564 ms [UE 30040] UL Throughput = 0.02765 Mbps
49676 ms [UE 30040] UL Throughput = 0.08866 Mbps
49676 ms [UE 42234] UL Throughput = 0.05762 Mbps
49780 ms [UE 30040] UL Throughput = 0.0 Mbps
49780 ms [UE 42234] UL Throughput = 0.07779 Mbps
49906 ms [UE 30040] UL Throughput = 0.0 Mbps
49906 ms [UE 42234] UL Throughput = 0.05847 Mbps
49907 ms [UE 30040] UL Throughput = 0.0 Mbps
49907 ms [UE 42234] UL Throughput = 0.0 Mbps
49913 ms [UE 30040] UL Throughput = 0.0 Mbps
49913 ms [UE 42234] UL Throughput = 0.0 Mbps
50008 ms [UE 30040] UL Throughput = 0.0 Mbps
50008 ms [UE 42234] UL Throughput = 0.0 Mbps
50091 ms [UE 30040] UL Throughput = 0.0 Mbps
50091 ms [UE 42234] UL Throughput = 0.09869 Mbps
50184 ms [UE 30040] UL Throughput = 0.0 Mbps
50280 ms [UE 30040] UL Throughput = 0.03958 Mbps
50280 ms [UE 42234] UL Throughput = 0.09583 Mbps
50285 ms [UE 42234] UL Throughput = 0.0 Mbps
50398 ms [UE 30040] UL Throughput = 0.01608 Mbps
50398 ms [UE 42234] UL Throughput = 0.0 Mbps
50527 ms [UE 30040] UL Throughput = 0.09331 Mbps
50527 ms [UE 42234] UL Throughput = 0.03885 Mbps
50635 ms [UE 30040] UL Throughput = 0.09344 Mbps
50635 ms [UE 42234] UL Throughput = 0.01543 Mbps
50728 ms [UE 30040] UL Throughput = 0.07052 Mbps
50728 ms [UE 42234] UL Throughput = 0.0 Mbps
50840 ms [UE 30040] UL Throughput = 0.07402 Mbps
50840 ms [UE 42234] UL Throughput = 0.0 Mbps
50843 ms [UE 30040] UL Throughput = 0.0 Mbps
50843 ms [UE 42234] UL Throughput = 0.14151 Mbps
50941 ms [UE 42234] UL Throughput = 0.08387 Mbps
51052 ms [UE 30040] UL Throughput = 0.0 Mbps
51052 ms [UE 42234] UL Throughput = 0.0 Mbps
51161 ms [UE 30040] UL Throughput = 0.0 Mbps
51161 ms [UE 42234] UL Throughput = 0.0 Mbps
51291 ms [UE 30040] UL Throughput = 0.0 Mbps
51291 ms [UE 42234] UL Throughput = 0.01562 Mbps
51380 ms [UE 30040] UL Throughput = 0.0 Mbps
51380 ms [UE 42234] UL Throughput = 0.03673 Mbps
51386 ms [UE 30040] UL Throughput = 0.03153 Mbps
51386 ms [UE 42234] UL Throughput = 0.0 Mbps
51505 ms [UE 30040] UL Throughput = 0.05698 Mbps
51505 ms [UE 42234] UL Throughput = 0.0 Mbps
51621 ms [UE 30040] UL Throughput = 0.07697 Mbps
51621 ms [UE 42234] UL Throughput = 0.0 Mbps
51718 ms [UE 30040] UL Throughput = 0.0 Mbps
51718 ms [UE 42234] UL Throughput = 0.0 Mbps
51817 ms [UE 30040] UL Throughput = 0.0 Mbps
51817 ms [UE 42234] UL Throughput = 0.0 Mbps
51893 ms [UE 30040] UL Throughput = 0.01252 Mbps
51893 ms [UE 42234] UL Throughput = 0.06345 Mbps
51991 ms [UE 30040] UL Throughput = 0.0 Mbps
51991 ms [UE 42234] UL Throughput = 0.0 Mbps
51997 ms [UE 30040] UL Throughput = 0.11483 Mbps
51997 ms [UE 42234] UL Throughput = 0.0 Mbps
52076 ms [UE 30040] UL Throughput = 0.06644 Mbps
52076 ms [UE 42234] UL Throughput = 0.0 Mbps
52165 ms [UE 30040] UL Throughput = 0.0 Mbps
52165 ms [UE 42234] UL Throughput = 0.14284 Mbps
52270 ms [UE 30040] UL Throughput = 0.0 Mbps
52270 ms [UE 42234] UL Throughput = 0.09729 Mbps
52374 ms [UE 30040] UL Throughput = 0.0 Mbps
52374 ms [UE 42234] UL Throughput = 0.0 Mbps
52475 ms [UE 30040] UL Throughput = 0.0 Mbps
52476 ms [UE 30040] UL Throughput = 0.0 Mbps
52476 ms [UE 42234] UL Throughput = 0.09264 Mbps
52482 ms [UE 30040] UL Throughput = 0.05357 Mbps
52482 ms [UE 42234] UL Throughput = 0.09102 Mbps
52585 ms [UE 30040] UL Throughput = 0.01631 Mbps
52585 ms [UE 42234] UL Throughput = 0.0 Mbps
52590 ms [UE 30040] UL Throughput = 0.02926 Mbps
52590 ms [UE 42234] UL Throughput = 0.07998 Mbps
52711 ms [UE 30040] UL Throughput = 0.02085 Mbps
52711 ms [UE 42234] UL Throughput = 0.0 Mbps
52792 ms [UE 30040] UL Throughput = 0.07801 Mbps
52792 ms [UE 42234] UL Throughput = 0.05852 Mbps
52917 ms [UE 30040] UL Throughput = 0.06835 Mbps
52917 ms [UE 42234] UL Throughput = 0.02626 Mbps
53010 ms [UE 30040] UL Throughput = 0.0 Mbps
53010 ms [UE 42234] UL Throughput = 0.0707 Mbps
53125 ms [UE 42234] UL Throughput = 0.04328 Mbps
53236 ms [UE 30040] UL Throughput = 0.06253 Mbps
53236 ms [UE 42234] UL Throughput = 0.0 Mbps
53327 ms [UE 30040] UL Throughput = 0.04035 Mbps
53327 ms [UE 42234] UL Throughput = 0.0 Mbps
53424 ms [UE 30040] UL Throughput = 0.0 Mbps
53424 ms [UE 42234] UL Throughput = 0.01123 Mbps
53541 ms [UE 30040] UL Throughput = 0.02345 Mbps
53624 ms [UE 30040] UL Throughput = 0.01561 Mbps
53624 ms [UE 42234] UL Throughput = 0.08295 Mbps
53704 ms [UE 30040] UL Throughput = 0.0926 Mbps
53704 ms [UE 42234] UL Throughput = 0.05452 Mbps
53816 ms [UE 30040] UL Throughput = 0.0 Mbps
53816 ms [UE 42234] UL Throughput = 0.0 Mbps
53916 ms [UE 30040] UL Throughput = 0.09575 Mbps
53916 ms [UE 42234] UL Throughput = 0.1175 Mbps
54002 ms [UE 30040] UL Throughput = 0.01416 Mbps
54002 ms [UE 42234] UL Throughput = 0.0 Mbps
54087 ms [UE 30040] UL Throughput = 0.0 Mbps
54087 ms [UE 42234] UL Throughput = 0.0 Mbps
54202 ms [UE 30040] UL Throughput = 0.07099 Mbps
54202 ms [UE 42234] UL Throughput = 0.03476 Mbps
54274 ms [UE 42234] UL Throughput = 0.0 Mbps
54280 ms [UE 30040] UL Throughput = 0.04165 Mbps
54280 ms [UE 42234] UL Throughput = 0.07292 Mbps
54411 ms [UE 42234] UL Throughput = 0.04181 Mbps
54412 ms [UE 30040] UL Throughput = 0.0 Mbps
54511 ms [UE 30040] UL Throughput = 0.0 Mbps
54511 ms [UE 42234] UL Throughput = 0.04056 Mbps
54603 ms [UE 30040] UL Throughput = 0.0 Mbps
54603 ms [UE 42234] UL Throughput = 0.01599 Mbps
54696 ms [UE 42234] UL Throughput = 0.0 Mbps
54826 ms [UE 30040] UL Throughput = 0.0 Mbps
54826 ms [UE 42234] UL Throughput = 0.0 Mbps
54936 ms [UE 30040] UL Throughput = 0.1236 Mbps
54936 ms [UE 42234] UL Throughput = 0.0 Mbps
54938 ms [UE 30040] UL Throughput = 0.0 Mbps
54938 ms [UE 42234] UL Throughput = 0.01283 Mbps
55058 ms [UE 30040] UL Throughput = 0.07266 Mbps
55058 ms [UE 42234] UL Throughput = 0.02281 Mbps
55175 ms [UE 30040] UL Throughput = 0.0 Mbps
55175 ms [UE 42234] UL Throughput = 0.06264 Mbps
55181 ms [UE 30040] UL Throughput = 0.02792 Mbps
55181 ms [UE 42234] UL Throughput = 0.0 Mbps
55281 ms [UE 30040] UL Throughput = 0.0 Mbps
55281 ms [UE 42234] UL Throughput = 0.06395 Mbps
55396 ms [UE 30040] UL Throughput = 0.0465 Mbps
55396 ms [UE 42234] UL Throughput = 0.0 Mbps
55489 ms [UE 30040] UL Throughput = 0.0 Mbps
55491 ms [UE 30040] UL Throughput = 0.0 Mbps
55491 ms [UE 42234] UL Throughput = 0.0 Mbps
55587 ms [UE 30040] UL Throughput = 0.0 Mbps
55587 ms [UE 42234] UL Throughput = 0.10931 Mbps
55697 ms [UE 30040] UL Throughput = 0.08739 Mbps
55697 ms [UE 42234] UL Throughput = 0.0 Mbps
55700 ms [UE 30040] UL Throughput = 0.08601 Mbps
55810 ms [UE 30040] UL Throughput = 0.0 Mbps
55810 ms [UE 42234] UL Throughput = 0.0 Mbps
55914 ms [UE 42234] UL Throughput = 0.0 Mbps
55919 ms [UE 30040] UL Throughput = 0.0 Mbps
56031 ms [UE 30040] UL Throughput = 0.0 Mbps
56031 ms [UE 42234] UL Throughput = 0.0 Mbps
56116 ms [UE 42234] UL Throughput = 0.0 Mbps
56192 ms [UE 42234] UL Throughput = 0.0 Mbps
56282 ms [UE 30040] UL Throughput = 0.09495 Mbps
56282 ms [UE 42234] UL Throughput = 0.0 Mbps
56288 ms [UE 30040] UL Throughput = 0.03268 Mbps
56288 ms [UE 42234] UL Throughput = 0.0 Mbps
56376 ms [UE 30040] UL Throughput = 0.05995 Mbps
56376 ms [UE 42234] UL Throughput = 0.02174 Mbps
56452 ms [UE 30040] UL Throughput = 0.0 Mbps
56452 ms [UE 42234] UL Throughput = 0.0 Mbps
56456 ms [UE 42234] UL Throughput = 0.0 Mbps
56462 ms [UE 42234] UL Throughput = 0.0 Mbps
56540 ms [UE 30040] UL Throughput = 0.09451 Mbps
56540 ms [UE 42234] UL Throughput = 0.06804 Mbps
56642 ms [UE 30040] UL Throughput = 0.06559 Mbps
56642 ms [UE 42234] UL Throughput = 0.0 Mbps
56747 ms [UE 30040] UL Throughput = 0.05215 Mbps
56747 ms [UE 42234] UL Throughput = 0.03094 Mbps
56866 ms [UE 30040] UL Throughput = 0.0 Mbps
56866 ms [UE 42234] UL Throughput = 0.0 Mbps
56986 ms [UE 30040] UL Throughput = 0.0 Mbps
56986 ms [UE 42234] UL Throughput = 0.0931 Mbps
57093 ms [UE 30040] UL Throughput = 0.08068 Mbps
57093 ms [UE 42234] UL Throughput = 0.11528 Mbps
57182 ms [UE 30040] UL Throughput = 0.01101 Mbps
57182 ms [UE 42234] UL Throughput = 0.09204 Mbps
57188 ms [UE 30040] UL Throughput = 0.09764 Mbps
57188 ms [UE 42234] UL Throughput = 0.09665 Mbps
57189 ms [UE 30040] UL Throughput = 0.06912 Mbps
57189 ms [UE 42234] UL Throughput = 0.01142 Mbps
57286 ms [UE 30040] UL Throughput = 0.0 Mbps
57286 ms [UE 42234] UL Throughput = 0.07692 Mbps
57427 ms [UE 42234] UL Throughput = 0.08478 Mbps
57511 ms [UE 30040] UL Throughput = 0.0 Mbps
57598 ms [UE 30040] UL Throughput = 0.0 Mbps
57598 ms [UE 42234] UL Throughput = 0.09061 Mbps
57693 ms [UE 30040] UL Throughput = 0.0 Mbps
57693 ms [UE 42234] UL Throughput = 0.07076 Mbps
57776 ms [UE 42234] UL Throughput = 0.0 Mbps
57892 ms [UE 30040] UL Throughput = 0.08589 Mbps
57892 ms [UE 42234] UL Throughput = 0.0 Mbps
57984 ms [UE 30040] UL Throughput = 0.0 Mbps
58084 ms [UE 30040] UL Throughput = 0.03311 Mbps
58084 ms [UE 42234] UL Throughput = 0.04673 Mbps
58189 ms [UE 30040] UL Throughput = 0.02464 Mbps
58189 ms [UE 42234] UL Throughput = 0.0 Mbps
58304 ms [UE 30040] UL Throughput = 0.0 Mbps
58304 ms [UE 42234] UL Throughput = 0.0 Mbps
58397 ms [UE 30040] UL Throughput = 0.0 Mbps
58397 ms [UE 42234] UL Throughput = 0.0 Mbps
58401 ms [UE 30040] UL Throughput = 0.04298 Mbps
58401 ms [UE 42234] UL Throughput = 0.03601 Mbps
58406 ms [UE 30040] UL Throughput = 0.0 Mbps
58407 ms [UE 30040] UL Throughput = 0.02361 Mbps
58407 ms [UE 42234] UL Throughput = 0.0362 Mbps
58494 ms [UE 42234] UL Throughput = 0.0 Mbps
58498 ms [UE 30040] UL Throughput = 0.0 Mbps
58498 ms [UE 42234] UL Throughput = 0.03725 Mbps
58584 ms [UE 30040] UL Throughput = 0.0 Mbps
58584 ms [UE 42234] UL Throughput = 0.0 Mbps
58688 ms [UE 30040] UL Throughput = 0.06762 Mbps
58688 ms [UE 42234] UL Throughput = 0.09403 Mbps
58769 ms [UE 30040] UL Throughput = 0.0 Mbps
58769 ms [UE 42234] UL Throughput = 0.0 Mbps
58857 ms [UE 30040] UL Throughput = 0.07457 Mbps
58857 ms [UE 42234] UL Throughput = 0.06391 Mbps
58960 ms [UE 30040] UL Throughput = 0.0 Mbps
58960 ms [UE 42234] UL Throughput = 0.0 Mbps
59027 ms [UE 42234] UL Throughput = 0.08042 Mbps
59031 ms [UE 30040] UL Throughput = 0.0 Mbps
59031 ms [UE 42234] UL Throughput = 0.0 Mbps
59137 ms [UE 30040] UL Throughput = 0.0 Mbps
59137 ms [UE 42234] UL Throughput = 0.09829 Mbps
59229 ms [UE 30040] UL Throughput = 0.0 Mbps
59229 ms [UE 42234] UL Throughput = 0.0 Mbps
59349 ms [UE 30040] UL Throughput = 0.0 Mbps
59349 ms [UE 42234] UL Throughput = 0.0915 Mbps
59352 ms [UE 30040] UL Throughput = 0.0 Mbps
59352 ms [UE 42234] UL Throughput = 0.0 Mbps
59355 ms [UE 30040] UL Throughput = 0.0 Mbps
59355 ms [UE 42234] UL Throughput = 0.08008 Mbps
59357 ms [UE 30040] UL Throughput = 0.0 Mbps
59357 ms [UE 42234] UL Throughput = 0.0 Mbps
59442 ms [UE 30040] UL Throughput = 0.0 Mbps
59442 ms [UE 42234] UL Throughput = 0.06492 Mbps
59509 ms [UE 30040] UL Throughput = 0.04103 Mbps
59509 ms [UE 42234] UL Throughput = 0.08979 Mbps
59596 ms [UE 30040] UL Throughput = 0.0 Mbps
59596 ms [UE 42234] UL Throughput = 0.0574 Mbps
59683 ms [UE 30040] UL Throughput = 0.0 Mbps
59683 ms [UE 42234] UL Throughput = 0.04684 Mbps
59764 ms [UE 30040] UL Throughput = 0.02371 Mbps
59764 ms [UE 42234] UL Throughput = 0.09542 Mbps
59768 ms [UE 30040] UL Throughput = 0.0 Mbps
59768 ms [UE 42234] UL Throughput = 0.0 Mbps
59838 ms [UE 30040] UL Throughput = 0.03465 Mbps
59838 ms [UE 42234] UL Throughput = 0.0 Mbps
59916 ms [UE 30040] UL Throughput = 0.08239 Mbps
59916 ms [UE 42234] UL Throughput = 0.0 Mbps
59920 ms [UE 30040] UL Throughput = 0.03119 Mbps
59920 ms [UE 42234] UL Throughput = 0.04113 Mbps
60026 ms [UE 30040] UL Throughput = 0.02292 Mbps
60026 ms [UE 42234] UL Throughput = 0.08924 Mbps
60028 ms [UE 30040] UL Throughput = 0.0 Mbps
60028 ms [UE 42234] UL Throughput = 0.0 Mbps
60139 ms [UE 42234] UL Throughput = 0.0 Mbps
60237 ms [UE 42234] UL Throughput = 0.02347 Mbps
60352 ms [UE 30040] UL Throughput = 0.0 Mbps
60419 ms [UE 30040] UL Throughput = 0.07622 Mbps
60419 ms [UE 42234] UL Throughput = 0.02675 Mbps
60507 ms [UE 30040] UL Throughput = 0.0 Mbps
60507 ms [UE 42234] UL Throughput = 0.06057 Mbps
60629 ms [UE 42234] UL Throughput = 0.07628 Mbps
60743 ms [UE 30040] UL Throughput = 0.0257 Mbps
60815 ms [UE 30040] UL Throughput = 0.02453 Mbps
60821 ms [UE 30040] UL Throughput = 0.0 Mbps
60932 ms [UE 30040] UL Throughput = 0.0 Mbps
60932 ms [UE 42234] UL Throughput = 0.0 Mbps
61020 ms [UE 30040] UL Throughput = 0.05263 Mbps
61020 ms [UE 42234] UL Throughput = 0.09189 Mbps
61107 ms [UE 30040] UL Throughput = 0.09482 Mbps
61107 ms [UE 42234] UL Throughput = 0.03264 Mbps
61233 ms [UE 42234] UL Throughput = 0.0 Mbps
61345 ms [UE 42234] UL Throughput = 0.09236 Mbps
61346 ms [UE 30040] UL Throughput = 0.0 Mbps
61346 ms [UE 42234] UL Throughput = 0.01966 Mbps
61441 ms [UE 30040] UL Throughput = 0.05317 Mbps
61441 ms [UE 42234] UL Throughput = 0.02782 Mbps
61540 ms [UE 30040] UL Throughput = 0.09224 Mbps
61540 ms [UE 42234] UL Throughput = 0.0718 Mbps
61650 ms [UE 42234] UL Throughput = 0.0 Mbps
61748 ms [UE 30040] UL Throughput = 0.0 Mbps
61748 ms [UE 42234] UL Throughput = 0.0 Mbps
61868 ms [UE 30040] UL Throughput = 0.0 Mbps
61868 ms [UE 42234] UL Throughput = 0.01801 Mbps
61992 ms [UE 30040] UL Throughput = 0.02264 Mbps
61992 ms [UE 42234] UL Throughput = 0.107 Mbps
62071 ms [UE 30040] UL Throughput = 0.07015 Mbps
62071 ms [UE 42234] UL Throughput = 0.05543 Mbps
62176 ms [UE 30040] UL Throughput = 0.0 Mbps
62176 ms [UE 42234] UL Throughput = 0.03273 Mbps
62270 ms [UE 30040] UL Throughput = 0.05707 Mbps
62270 ms [UE 42234] UL Throughput = 0.03973 Mbps
62387 ms [UE 42234] UL Throughput = 0.10646 Mbps
62478 ms [UE 42234] UL Throughput = 0.02979 Mbps
62577 ms [UE 30040] UL Throughput = 0.0 Mbps
62577 ms [UE 42234] UL Throughput = 0.09134 Mbps
62668 ms [UE 30040] UL Throughput = 0.07504 Mbps
62668 ms [UE 42234] UL Throughput = 0.0364 Mbps
62750 ms [UE 30040] UL Throughput = 0.0 Mbps
62750 ms [UE 42234] UL Throughput = 0.0 Mbps
62808 ms [UE 30040] UL Throughput = 0.06682 Mbps
62808 ms [UE 42234] UL Throughput = 0.0 Mbps
62810 ms [UE 30040] UL Throughput = 0.0 Mbps
62810 ms [UE 42234] UL Throughput = 0.0 Mbps
62905 ms [UE 30040] UL Throughput = 0.08075 Mbps
62905 ms [UE 42234] UL Throughput = 0.0 Mbps
62911 ms [UE 30040] UL Throughput = 0.0 Mbps
62911 ms [UE 42234] UL Throughput = 0.0 Mbps
63025 ms [UE 30040] UL Throughput = 0.02766 Mbps
63025 ms [UE 42234] UL Throughput = 0.14232 Mbps
63026 ms [UE 30040] UL Throughput = 0.0 Mbps
63026 ms [UE 42234] UL Throughput = 0.04256 Mbps
63151 ms [UE 30040] UL Throughput = 0.0 Mbps
63151 ms [UE 42234] UL Throughput = 0.017 Mbps
63282 ms [UE 30040] UL Throughput = 0.09213 Mbps
63282 ms [UE 42234] UL Throughput = 0.0439 Mbps
63377 ms [UE 30040] UL Throughput = 0.09999 Mbps
63377 ms [UE 42234] UL Throughput = 0.0 Mbps
63379 ms [UE 30040] UL Throughput = 0.0 Mbps
63379 ms [UE 42234] UL Throughput = 0.0 Mbps
63381 ms [UE 30040] UL Throughput = 0.05353 Mbps
63381 ms [UE 42234] UL Throughput = 0.0 Mbps
63483 ms [UE 30040] UL Throughput = 0.02325 Mbps
63576 ms [UE 30040] UL Throughput = 0.06774 Mbps
63576 ms [UE 42234] UL Throughput = 0.07203 Mbps
63661 ms [UE 30040] UL Throughput = 0.0 Mbps
63661 ms [UE 42234] UL Throughput = 0.0 Mbps
63731 ms [UE 30040] UL Throughput = 0.0 Mbps
63731 ms [UE 42234] UL Throughput = 0.02657 Mbps
63853 ms [UE 30040] UL Throughput = 0.0 Mbps
63853 ms [UE 42234] UL Throughput = 0.01598 Mbps
63939 ms [UE 30040] UL Throughput = 0.0 Mbps
64033 ms [UE 30040] UL Throughput = 0.05578 Mbps
64033 ms [UE 42234] UL Throughput = 0.10759 Mbps
64118 ms [UE 30040] UL Throughput = 0.05321 Mbps
64118 ms [UE 42234] UL Throughput = 0.07844 Mbps
64223 ms [UE 30040] UL Throughput = 0.0 Mbps
64223 ms [UE 42234] UL Throughput = 0.09904 Mbps
64337 ms [UE 30040] UL Throughput = 0.06532 Mbps
64337 ms [UE 42234] UL Throughput = 0.01775 Mbps
64421 ms [UE 30040] UL Throughput = 0.0 Mbps
64421 ms [UE 42234] UL Throughput = 0.0 Mbps
64561 ms [UE 30040] UL Throughput = 0.07014 Mbps
64561 ms [UE 42234] UL Throughput = 0.10099 Mbps
64665 ms [UE 42234] UL Throughput = 0.06747 Mbps
64667 ms [UE 42234] UL Throughput = 0.0 Mbps
64765 ms [UE 30040] UL Throughput = 0.0 Mbps
64765 ms [UE 42234] UL Throughput = 0.0 Mbps
64861 ms [UE 30040] UL Throughput = 0.07164 Mbps
64861 ms [UE 42234] UL Throughput = 0.0 Mbps
64979 ms [UE 30040] UL Throughput = 0.02744 Mbps
64979 ms [UE 42234] UL Throughput = 0.04813 Mbps
65065 ms [UE 30040] UL Throughput = 0.0 Mbps
65065 ms [UE 42234] UL Throughput = 0.02738 Mbps
65169 ms [UE 30040] UL Throughput = 0.0 Mbps
65169 ms [UE 42234] UL Throughput = 0.0 Mbps
65262 ms [UE 30040] UL Throughput = 0.0 Mbps
65262 ms [UE 42234] UL Throughput = 0.11959 Mbps
65354 ms [UE 30040] UL Throughput = 0.0 Mbps
65354 ms [UE 42234] UL Throughput = 0.0 Mbps
65451 ms [UE 30040] UL Throughput = 0.0 Mbps
65451 ms [UE 42234] UL Throughput = 0.0 Mbps
65528 ms [UE 30040] UL Throughput = 0.0 Mbps
65528 ms [UE 42234] UL Throughput = 0.08804 Mbps
65626 ms [UE 42234] UL Throughput = 0.09124 Mbps
65631 ms [UE 30040] UL Throughput = 0.0 Mbps
65631 ms [UE 42234] UL Throughput = 0.0 Mbps
65761 ms [UE 30040] UL Throughput = 0.04312 Mbps
65761 ms [UE 42234] UL Throughput = 0.05461 Mbps
65861 ms [UE 30040] UL Throughput = 0.0 Mbps
65861 ms [UE 42234] UL Throughput = 0.0 Mbps
65951 ms [UE 30040] UL Throughput = 0.09985 Mbps
65951 ms [UE 42234] UL Throughput = 0.02544 Mbps
66069 ms [UE 30040] UL Throughput = 0.09859 Mbps
66069 ms [UE 42234] UL Throughput = 0.0 Mbps
66158 ms [UE 30040] UL Throughput = 0.08118 Mbps
66158 ms [UE 42234] UL Throughput = 0.12151 Mbps
66159 ms [UE 30040] UL Throughput = 0.07544 Mbps
66159 ms [UE 42234] UL Throughput = 0.0 Mbps
66274 ms [UE 30040] UL Throughput = 0.08141 Mbps
66274 ms [UE 42234] UL Throughput = 0.0 Mbps
66384 ms [UE 30040] UL Throughput = 0.0 Mbps
66384 ms [UE 42234] UL Throughput = 0.0 Mbps
66479 ms [UE 30040] UL Throughput = 0.0677 Mbps
66479 ms [UE 42234] UL Throughput = 0.0 Mbps
66480 ms [UE 30040] UL Throughput = 0.05089 Mbps
66480 ms [UE 42234] UL Throughput = 0.09555 Mbps
66580 ms [UE 30040] UL Throughput = 0.0 Mbps
66682 ms [UE 30040] UL Throughput = 0.0 Mbps
66682 ms [UE 42234] UL Throughput = 0.07482 Mbps
66800 ms [UE 30040] UL Throughput = 0.02373 Mbps
66800 ms [UE 42234] UL Throughput = 0.08279 Mbps
66891 ms [UE 30040] UL Throughput = 0.0 Mbps
66891 ms [UE 42234] UL Throughput = 0.0 Mbps
66980 ms [UE 42234] UL Throughput = 0.13413 Mbps
67070 ms [UE 30040] UL Throughput = 0.0 Mbps
67070 ms [UE 42234] UL Throughput = 0.01508 Mbps
67178 ms [UE 30040] UL Throughput = 0.07749 Mbps
67178 ms [UE 42234] UL Throughput = 0.0 Mbps
67280 ms [UE 30040] UL Throughput = 0.0 Mbps
67372 ms [UE 30040] UL Throughput = 0.0 Mbps
67372 ms [UE 42234] UL Throughput = 0.09021 Mbps
67468 ms [UE 30040] UL Throughput = 0.0 Mbps
67468 ms [UE 42234] UL Throughput = 0.07912 Mbps
67562 ms [UE 30040] UL Throughput = 0.01421 Mbps
67562 ms [UE 42234] UL Throughput = 0.02523 Mbps
67565 ms [UE 30040] UL Throughput = 0.0 Mbps
67565 ms [UE 42234] UL Throughput = 0.07419 Mbps
67668 ms [UE 30040] UL Throughput = 0.12623 Mbps
67668 ms [UE 42234] UL Throughput = 0.03696 Mbps
67755 ms [UE 30040] UL Throughput = 0.08258 Mbps
67755 ms [UE 42234] UL Throughput = 0.07907 Mbps
67856 ms [UE 30040] UL Throughput = 0.06958 Mbps
67856 ms [UE 42234] UL Throughput = 0.0 Mbps
67965 ms [UE 30040] UL Throughput = 0.0 Mbps
67965 ms [UE 42234] UL Throughput = 0.0 Mbps
68076 ms [UE 30040] UL Throughput = 0.0 Mbps
68076 ms [UE 42234] UL Throughput = 0.07615 Mbps
68149 ms [UE 42234] UL Throughput = 0.12835 Mbps
68244 ms [UE 30040] UL Throughput = 0.02308 Mbps
68344 ms [UE 30040] UL Throughput = 0.0363 Mbps
68344 ms [UE 42234] UL Throughput = 0.07406 Mbps
68445 ms [UE 30040] UL Throughput = 0.0 Mbps
68445 ms [UE 42234] UL Throughput = 0.0 Mbps
68527 ms [UE 30040] UL Throughput = 0.0 Mbps
68527 ms [UE 42234] UL Throughput = 0.16125 Mbps
68533 ms [UE 30040] UL Throughput = 0.0 Mbps
68533 ms [UE 42234] UL Throughput = 0.0 Mbps
68633 ms [UE 30040] UL Throughput = 0.0 Mbps
68633 ms [UE 42234] UL Throughput = 0.14991 Mbps
68742 ms [UE 30040] UL Throughput = 0.08666 Mbps
68742 ms [UE 42234] UL Throughput = 0.0935 Mbps
68852 ms [UE 30040] UL Throughput = 0.0 Mbps
68852 ms [UE 42234] UL Throughput = 0.0 Mbps
68981 ms [UE 30040] UL Throughput = 0.0 Mbps
68981 ms [UE 42234] UL Throughput = 0.0 Mbps
69073 ms [UE 30040] UL Throughput = 0.0 Mbps
69073 ms [UE 42234] UL Throughput = 0.09522 Mbps
69196 ms [UE 42234] UL Throughput = 0.08785 Mbps
69199 ms [UE 30040] UL Throughput = 0.0 Mbps
69199 ms [UE 42234] UL Throughput = 0.03778 Mbps
69303 ms [UE 30040] UL Throughput = 0.03695 Mbps
69303 ms [UE 42234] UL Throughput = 0.02552 Mbps
69309 ms [UE 30040] UL Throughput = 0.01129 Mbps
69406 ms [UE 30040] UL Throughput = 0.02683 Mbps
69406 ms [UE 42234] UL Throughput = 0.0 Mbps
69407 ms [UE 30040] UL Throughput = 0.09617 Mbps
69407 ms [UE 42234] UL Throughput = 0.06849 Mbps
69504 ms [UE 42234] UL Throughput = 0.0 Mbps
69609 ms [UE 30040] UL Throughput = 0.0 Mbps
69728 ms [UE 30040] UL Throughput = 0.0 Mbps
69728 ms [UE 42234] UL Throughput = 0.0 Mbps
69733 ms [UE 30040] UL Throughput = 0.04138 Mbps
69844 ms [UE 30040] UL Throughput = 0.0 Mbps
69844 ms [UE 42234] UL Throughput = 0.04974 Mbps
69967 ms [UE 30040] UL Throughput = 0.0 Mbps
69967 ms [UE 42234] UL Throughput = 0.05616 Mbps
69968 ms [UE 30040] UL Throughput = 0.13065 Mbps
69968 ms [UE 42234] UL Throughput = 0.01646 Mbps
70078 ms [UE 30040] UL Throughput = 0.01547 Mbps
70078 ms [UE 42234] UL Throughput = 0.07114 Mbps
70083 ms [UE 30040] UL Throughput = 0.0 Mbps
70083 ms [UE 42234] UL Throughput = 0.0 Mbps
70181 ms [UE 30040] UL Throughput = 0.04441 Mbps
70181 ms [UE 42234] UL Throughput = 0.01358 Mbps
70298 ms [UE 30040] UL Throughput = 0.0 Mbps
70298 ms [UE 42234] UL Throughput = 0.0 Mbps
70407 ms [UE 30040] UL Throughput = 0.09134 Mbps
70407 ms [UE 42234] UL Throughput = 0.08608 Mbps
70503 ms [UE 30040] UL Throughput = 0.0 Mbps
70503 ms [UE 42234] UL Throughput = 0.09323 Mbps
70584 ms [UE 30040] UL Throughput = 0.02716 Mbps
70584 ms [UE 42234] UL Throughput = 0.0 Mbps
70680 ms [UE 30040] UL Throughput = 0.06098 Mbps
70680 ms [UE 42234] UL Throughput = 0.08133 Mbps
70766 ms [UE 30040] UL Throughput = 0.0 Mbps
70766 ms [UE 42234] UL Throughput = 0.0 Mbps
70767 ms [UE 30040] UL Throughput = 0.0 Mbps
70767 ms [UE 42234] UL Throughput = 0.0 Mbps
70879 ms [UE 30040] UL Throughput = 0.0 Mbps
70879 ms [UE 42234] UL Throughput = 0.0 Mbps
70955 ms [UE 30040] UL Throughput = 0.0445 Mbps
70955 ms [UE 42234] UL Throughput = 0.0 Mbps
70959 ms [UE 30040] UL Throughput = 0.0 Mbps
70959 ms [UE 42234] UL Throughput = 0.0158 Mbps
71072 ms [UE 30040] UL Throughput = 0.05692 Mbps
71072 ms [UE 42234] UL Throughput = 0.0 Mbps
71182 ms [UE 42234] UL Throughput = 0.0 Mbps
71265 ms [UE 42234] UL Throughput = 0.0 Mbps
71358 ms [UE 30040] UL Throughput = 0.09179 Mbps
71358 ms [UE 42234] UL Throughput = 0.0 Mbps
71441 ms [UE 30040] UL Throughput = 0.0 Mbps
71441 ms [UE 42234] UL Throughput = 0.01251 Mbps
71525 ms [UE 30040] UL Throughput = 0.06215 Mbps
71525 ms [UE 42234] UL Throughput = 0.02512 Mbps
71529 ms [UE 30040] UL Throughput = 0.0 Mbps
71529 ms [UE 42234] UL Throughput = 0.04852 Mbps
71640 ms [UE 30040] UL Throughput = 0.0743 Mbps
71640 ms [UE 42234] UL Throughput = 0.09185 Mbps
71735 ms [UE 30040] UL Throughput = 0.0 Mbps
71735 ms [UE 42234] UL Throughput = 0.10645 Mbps
71817 ms [UE 42234] UL Throughput = 0.0 Mbps
71911 ms [UE 30040] UL Throughput = 0.0 Mbps
71911 ms [UE 42234] UL Throughput = 0.03735 Mbps
72010 ms [UE 30040] UL Throughput = 0.01021 Mbps
72010 ms [UE 42234] UL Throughput = 0.03857 Mbps
72011 ms [UE 30040] UL Throughput = 0.0 Mbps
72011 ms [UE 42234] UL Throughput = 0.0 Mbps
72107 ms [UE 30040] UL Throughput = 0.09265 Mbps
72107 ms [UE 42234] UL Throughput = 0.087 Mbps
72183 ms [UE 30040] UL Throughput = 0.0 Mbps
72183 ms [UE 42234] UL Throughput = 0.0 Mbps
72281 ms [UE 30040] UL Throughput = 0.0 Mbps
72281 ms [UE 42234] UL Throughput = 0.08757 Mbps
72373 ms [UE 30040] UL Throughput = 0.0 Mbps
72477 ms [UE 30040] UL Throughput = 0.0 Mbps
72477 ms [UE 42234] UL Throughput = 0.09935 Mbps
72483 ms [UE 30040] UL Throughput = 0.0 Mbps
72483 ms [UE 42234] UL Throughput = 0.0 Mbps
72585 ms [UE 30040] UL Throughput = 0.04564 Mbps
72585 ms [UE 42234] UL Throughput = 0.0716 Mbps
72672 ms [UE 30040] UL Throughput = 0.03767 Mbps
72672 ms [UE 42234] UL Throughput = 0.06143 Mbps
72678 ms [UE 42234] UL Throughput = 0.04347 Mbps
72789 ms [UE 30040] UL Throughput = 0.03843 Mbps
72789 ms [UE 42234] UL Throughput = 0.07786 Mbps
72892 ms [UE 30040] UL Throughput = 0.08766 Mbps
72892 ms [UE 42234] UL Throughput = 0.0 Mbps
72898 ms [UE 30040] UL Throughput = 0.03895 Mbps
72904 ms [UE 30040] UL Throughput = 0.05119 Mbps
72904 ms [UE 42234] UL Throughput = 0.0 Mbps
73048 ms [UE 30040] UL Throughput = 0.07829 Mbps
73048 ms [UE 42234] UL Throughput = 0.09476 Mbps
73196 ms [UE 30040] UL Throughput = 0.0 Mbps
73196 ms [UE 42234] UL Throughput = 0.03521 Mbps
73305 ms [UE 30040] UL Throughput = 0.0 Mbps
73396 ms [UE 30040] UL Throughput = 0.09084 Mbps
73396 ms [UE 42234] UL Throughput = 0.0 Mbps
73485 ms [UE 30040] UL Throughput = 0.06145 Mbps
73485 ms [UE 42234] UL Throughput = 0.0 Mbps
73603 ms [UE 30040] UL Throughput = 0.0 Mbps
73700 ms [UE 30040] UL Throughput = 0.0 Mbps
73700 ms [UE 42234] UL Throughput = 0.05922 Mbps
73706 ms [UE 30040] UL Throughput = 0.03677 Mbps
73706 ms [UE 42234] UL Throughput = 0.09714 Mbps
73836 ms [UE 30040] UL Throughput = 0.08799 Mbps
73836 ms [UE 42234] UL Throughput = 0.02824 Mbps
73940 ms [UE 30040] UL Throughput = 0.0838 Mbps
73940 ms [UE 42234] UL Throughput = 0.02578 Mbps
73988 ms [UE 30040] UL Throughput = 0.05958 Mbps
73988 ms [UE 42234] UL Throughput = 0.06408 Mbps
73991 ms [UE 42234] UL Throughput = 0.07376 Mbps
73992 ms [UE 42234] UL Throughput = 0.0 Mbps
74069 ms [UE 30040] UL Throughput = 0.045 Mbps
74069 ms [UE 42234] UL Throughput = 0.0 Mbps
74072 ms [UE 42234] UL Throughput = 0.05197 Mbps
74074 ms [UE 30040] UL Throughput = 0.0934 Mbps
74074 ms [UE 42234] UL Throughput = 0.09628 Mbps
74172 ms [UE 30040] UL Throughput = 0.0 Mbps
74172 ms [UE 42234] UL Throughput = 0.04539 Mbps
74267 ms [UE 30040] UL Throughput = 0.0 Mbps
74267 ms [UE 42234] UL Throughput = 0.0 Mbps
74374 ms [UE 30040] UL Throughput = 0.03074 Mbps
74374 ms [UE 42234] UL Throughput = 0.03852 Mbps
74490 ms [UE 30040] UL Throughput = 0.0 Mbps
74490 ms [UE 42234] UL Throughput = 0.0 Mbps
74496 ms [UE 30040] UL Throughput = 0.0 Mbps
74499 ms [UE 30040] UL Throughput = 0.0 Mbps
74499 ms [UE 42234] UL Throughput = 0.0 Mbps
74589 ms [UE 30040] UL Throughput = 0.0 Mbps
74686 ms [UE 30040] UL Throughput = 0.0 Mbps
74686 ms [UE 42234] UL Throughput = 0.0 Mbps
74784 ms [UE 30040] UL Throughput = 0.0 Mbps
74784 ms [UE 42234] UL Throughput = 0.0453 Mbps
74864 ms [UE 30040] UL Throughput = 0.0 Mbps
74864 ms [UE 42234] UL Throughput = 0.0 Mbps
74870 ms [UE 30040] UL Throughput = 0.0 Mbps
74870 ms [UE 42234] UL Throughput = 0.0 Mbps
74968 ms [UE 30040] UL Throughput = 0.0 Mbps
74968 ms [UE 42234] UL Throughput = 0.0 Mbps
74971 ms [UE 30040] UL Throughput = 0.01348 Mbps
74971 ms [UE 42234] UL Throughput = 0.14964 Mbps
75072 ms [UE 30040] UL Throughput = 0.0187 Mbps
75072 ms [UE 42234] UL Throughput = 0.06001 Mbps
75187 ms [UE 30040] UL Throughput = 0.09206 Mbps
75187 ms [UE 42234] UL Throughput = 0.05874 Mbps
75298 ms [UE 30040] UL Throughput = 0.0 Mbps
75298 ms [UE 42234] UL Throughput = 0.0 Mbps
75403 ms [UE 30040] UL Throughput = 0.09972 Mbps
75403 ms [UE 42234] UL Throughput = 0.05835 Mbps
75503 ms [UE 30040] UL Throughput = 0.0841 Mbps
75503 ms [UE 42234] UL Throughput = 0.07696 Mbps
75509 ms [UE 30040] UL Throughput = 0.0 Mbps
75509 ms [UE 42234] UL Throughput = 0.0 Mbps
75618 ms [UE 30040] UL Throughput = 0.0 Mbps
75618 ms [UE 42234] UL Throughput = 0.0 Mbps
75724 ms [UE 30040] UL Throughput = 0.0 Mbps
75724 ms [UE 42234] UL Throughput = 0.09407 Mbps
75833 ms [UE 30040] UL Throughput = 0.17336 Mbps
75833 ms [UE 42234] UL Throughput = 0.0 Mbps
75934 ms [UE 42234] UL Throughput = 0.05074 Mbps
76034 ms [UE 42234] UL Throughput = 0.0 Mbps
76036 ms [UE 30040] UL Throughput = 0.09383 Mbps
76036 ms [UE 42234] UL Throughput = 0.0194 Mbps
76122 ms [UE 42234] UL Throughput = 0.02977 Mbps
76128 ms [UE 30040] UL Throughput = 0.0 Mbps
76128 ms [UE 42234] UL Throughput = 0.0 Mbps
76234 ms [UE 30040] UL Throughput = 0.08255 Mbps
76234 ms [UE 42234] UL Throughput = 0.0333 Mbps
76338 ms [UE 42234] UL Throughput = 0.0 Mbps
76452 ms [UE 30040] UL Throughput = 0.0407 Mbps
76533 ms [UE 30040] UL Throughput = 0.0 Mbps
76533 ms [UE 42234] UL Throughput = 0.0 Mbps
76632 ms [UE 30040] UL Throughput = 0.0 Mbps
76632 ms [UE 42234] UL Throughput = 0.05982 Mbps
76735 ms [UE 30040] UL Throughput = 0.0 Mbps
76735 ms [UE 42234] UL Throughput = 0.0 Mbps
76844 ms [UE 42234] UL Throughput = 0.05069 Mbps
76956 ms [UE 30040] UL Throughput = 0.0 Mbps
76956 ms [UE 42234] UL Throughput = 0.03538 Mbps
76961 ms [UE 30040] UL Throughput = 0.02211 Mbps
76961 ms [UE 42234] UL Throughput = 0.06004 Mbps
76962 ms [UE 42234] UL Throughput = 0.05793 Mbps
77059 ms [UE 30040] UL Throughput = 0.04701 Mbps
77185 ms [UE 30040] UL Throughput = 0.0 Mbps
77185 ms [UE 42234] UL Throughput = 0.11228 Mbps
77285 ms [UE 30040] UL Throughput = 0.0 Mbps
77285 ms [UE 42234] UL Throughput = 0.0 Mbps
77358 ms [UE 30040] UL Throughput = 0.07672 Mbps
77358 ms [UE 42234] UL Throughput = 0.0 Mbps
77438 ms [UE 30040] UL Throughput = 0.0 Mbps
77438 ms [UE 42234] UL Throughput = 0.0 Mbps
77488 ms [UE 30040] UL Throughput = 0.03446 Mbps
77488 ms [UE 42234] UL Throughput = 0.09552 Mbps
77612 ms [UE 30040] UL Throughput = 0.0 Mbps
77612 ms [UE 42234] UL Throughput = 0.0 Mbps
77710 ms [UE 30040] UL Throughput = 0.02992 Mbps
77710 ms [UE 42234] UL Throughput = 0.03608 Mbps
77791 ms [UE 30040] UL Throughput = 0.16997 Mbps
77791 ms [UE 42234] UL Throughput = 0.0 Mbps
77897 ms [UE 30040] UL Throughput = 0.0 Mbps
78018 ms [UE 30040] UL Throughput = 0.0 Mbps
78018 ms [UE 42234] UL Throughput = 0.0 Mbps
78105 ms [UE 30040] UL Throughput = 0.0 Mbps
78105 ms [UE 42234] UL Throughput = 0.0 Mbps
78215 ms [UE 30040] UL Throughput = 0.0 Mbps
78215 ms [UE 42234] UL Throughput = 0.0 Mbps
78337 ms [UE 30040] UL Throughput = 0.04777 Mbps
78337 ms [UE 42234] UL Throughput = 0.0 Mbps
78422 ms [UE 42234] UL Throughput = 0.09226 Mbps
78552 ms [UE 42234] UL Throughput = 0.09226 Mbps
78652 ms [UE 30040] UL Throughput = 0.05992 Mbps
78652 ms [UE 42234] UL Throughput = 0.0 Mbps
78748 ms [UE 30040] UL Throughput = 0.0 Mbps
78748 ms [UE 42234] UL Throughput = 0.0 Mbps
78750 ms [UE 30040] UL Throughput = 0.0 Mbps
78750 ms [UE 42234] UL Throughput = 0.02801 Mbps
78842 ms [UE 30040] UL Throughput = 0.0 Mbps
78842 ms [UE 42234] UL Throughput = 0.0 Mbps
78924 ms [UE 30040] UL Throughput = 0.0 Mbps
78924 ms [UE 42234] UL Throughput = 0.0 Mbps
79018 ms [UE 30040] UL Throughput = 0.07086 Mbps
79018 ms [UE 42234] UL Throughput = 0.09452 Mbps
79133 ms [UE 30040] UL Throughput = 0.0 Mbps
79133 ms [UE 42234] UL Throughput = 0.0 Mbps
79272 ms [UE 30040] UL Throughput = 0.08671 Mbps
79272 ms [UE 42234] UL Throughput = 0.0 Mbps
79367 ms [UE 30040] UL Throughput = 0.09375 Mbps
79367 ms [UE 42234] UL Throughput = 0.0 Mbps
79475 ms [UE 30040] UL Throughput = 0.0 Mbps
79475 ms [UE 42234] UL Throughput = 0.0 Mbps
79562 ms [UE 30040] UL Throughput = 0.0 Mbps
79562 ms [UE 42234] UL Throughput = 0.0 Mbps
79647 ms [UE 42234] UL Throughput = 0.0 Mbps
79751 ms [UE 30040] UL Throughput = 0.0 Mbps
79751 ms [UE 42234] UL Throughput = 0.0 Mbps
79847 ms [UE 30040] UL Throughput = 0.01299 Mbps
79847 ms [UE 42234] UL Throughput = 0.0 Mbps
79939 ms [UE 30040] UL Throughput = 0.08789 Mbps
79939 ms [UE 42234] UL Throughput = 0.06076 Mbps
80036 ms [UE 30040] UL Throughput = 0.07434 Mbps
80036 ms [UE 42234] UL Throughput = 0.0 Mbps
80140 ms [UE 30040] UL Throughput = 0.0 Mbps
80140 ms [UE 42234] UL Throughput = 0.0 Mbps
80144 ms [UE 30040] UL Throughput = 0.0 Mbps
80144 ms [UE 42234] UL Throughput = 0.05563 Mbps
80147 ms [UE 30040] UL Throughput = 0.06874 Mbps
80147 ms [UE 42234] UL Throughput = 0.05636 Mbps
80241 ms [UE 30040] UL Throughput = 0.0 Mbps
80241 ms [UE 42234] UL Throughput = 0.08475 Mbps
80356 ms [UE 30040] UL Throughput = 0.0 Mbps
80356 ms [UE 42234] UL Throughput = 0.08355 Mbps
80456 ms [UE 30040] UL Throughput = 0.0 Mbps
80456 ms [UE 42234] UL Throughput = 0.10873 Mbps
80548 ms [UE 30040] UL Throughput = 0.0 Mbps
80548 ms [UE 42234] UL Throughput = 0.0 Mbps
80644 ms [UE 30040] UL Throughput = 0.0 Mbps
80644 ms [UE 42234] UL Throughput = 0.07164 Mbps
80746 ms [UE 42234] UL Throughput = 0.04967 Mbps
80749 ms [UE 30040] UL Throughput = 0.0 Mbps
80749 ms [UE 42234] UL Throughput = 0.0 Mbps
80849 ms [UE 30040] UL Throughput = 0.0 Mbps
80849 ms [UE 42234] UL Throughput = 0.05725 Mbps
80972 ms [UE 30040] UL Throughput = 0.0 Mbps
80972 ms [UE 42234] UL Throughput = 0.01075 Mbps
81079 ms [UE 30040] UL Throughput = 0.0 Mbps
81079 ms [UE 42234] UL Throughput = 0.01337 Mbps
81192 ms [UE 30040] UL Throughput = 0.06701 Mbps
81299 ms [UE 30040] UL Throughput = 0.0547 Mbps
81299 ms [UE 42234] UL Throughput = 0.0 Mbps
81399 ms [UE 30040] UL Throughput = 0.03302 Mbps
81399 ms [UE 42234] UL Throughput = 0.03198 Mbps
81481 ms [UE 30040] UL Throughput = 0.0 Mbps
81481 ms [UE 42234] UL Throughput = 0.0 Mbps
81608 ms [UE 30040] UL Throughput = 0.07245 Mbps
81608 ms [UE 42234] UL Throughput = 0.09546 Mbps
81688 ms [UE 42234] UL Throughput = 0.04486 Mbps
81691 ms [UE 30040] UL Throughput = 0.0 Mbps
81691 ms [UE 42234] UL Throughput = 0.07104 Mbps
81771 ms [UE 42234] UL Throughput = 0.02197 Mbps
81886 ms [UE 30040] UL Throughput = 0.0 Mbps
81886 ms [UE 42234] UL Throughput = 0.0 Mbps
81991 ms [UE 30040] UL Throughput = 0.07451 Mbps
82082 ms [UE 30040] UL Throughput = 0.0632 Mbps
82082 ms [UE 42234] UL Throughput = 0.08636 Mbps
82156 ms [UE 30040] UL Throughput = 0.01194 Mbps
82156 ms [UE 42234] UL Throughput = 0.0 Mbps
82241 ms [UE 30040] UL Throughput = 0.05048 Mbps
82241 ms [UE 42234] UL Throughput = 0.0 Mbps
82320 ms [UE 30040] UL Throughput = 0.09506 Mbps
82320 ms [UE 42234] UL Throughput = 0.0 Mbps
82429 ms [UE 30040] UL Throughput = 0.0611 Mbps
82429 ms [UE 42234] UL Throughput = 0.0 Mbps
82435 ms [UE 30040] UL Throughput = 0.09096 Mbps
82435 ms [UE 42234] UL Throughput = 0.0 Mbps
82440 ms [UE 30040] UL Throughput = 0.0 Mbps
82440 ms [UE 42234] UL Throughput = 0.0 Mbps
82562 ms [UE 30040] UL Throughput = 0.0 Mbps
82562 ms [UE 42234] UL Throughput = 0.0 Mbps
82647 ms [UE 30040] UL Throughput = 0.03206 Mbps
82647 ms [UE 42234] UL Throughput = 0.04292 Mbps
82772 ms [UE 30040] UL Throughput = 0.0 Mbps
82772 ms [UE 42234] UL Throughput = 0.0428 Mbps
82842 ms [UE 30040] UL Throughput = 0.01055 Mbps
82842 ms [UE 42234] UL Throughput = 0.0363 Mbps
82929 ms [UE 30040] UL Throughput = 0.03725 Mbps
82929 ms [UE 42234] UL Throughput = 0.09489 Mbps
83044 ms [UE 30040] UL Throughput = 0.0 Mbps
83044 ms [UE 42234] UL Throughput = 0.03048 Mbps
83047 ms [UE 30040] UL Throughput = 0.0 Mbps
83047 ms [UE 42234] UL Throughput = 0.0 Mbps
83052 ms [UE 30040] UL Throughput = 0.05096 Mbps
83052 ms [UE 42234] UL Throughput = 0.0 Mbps
83058 ms [UE 30040] UL Throughput = 0.08982 Mbps
83058 ms [UE 42234] UL Throughput = 0.0 Mbps
83171 ms [UE 42234] UL Throughput = 0.05267 Mbps
83273 ms [UE 30040] UL Throughput = 0.0 Mbps
83273 ms [UE 42234] UL Throughput = 0.07042 Mbps
83354 ms [UE 30040] UL Throughput = 0.0 Mbps
83354 ms [UE 42234] UL Throughput = 0.0 Mbps
83359 ms [UE 30040] UL Throughput = 0.13528 Mbps
83363 ms [UE 42234] UL Throughput = 0.0 Mbps
83365 ms [UE 30040] UL Throughput = 0.09181 Mbps
83365 ms [UE 42234] UL Throughput = 0.04471 Mbps
83369 ms [UE 30040] UL Throughput = 0.0 Mbps
83369 ms [UE 42234] UL Throughput = 0.0 Mbps
83435 ms [UE 30040] UL Throughput = 0.0 Mbps
83435 ms [UE 42234] UL Throughput = 0.03872 Mbps
83534 ms [UE 30040] UL Throughput = 0.09688 Mbps
83534 ms [UE 42234] UL Throughput = 0.0472 Mbps
83612 ms [UE 30040] UL Throughput = 0.0 Mbps
83612 ms [UE 42234] UL Throughput = 0.0 Mbps
83715 ms [UE 30040] UL Throughput = 0.01937 Mbps
83817 ms [UE 30040] UL Throughput = 0.0915 Mbps
83817 ms [UE 42234] UL Throughput = 0.03374 Mbps
83920 ms [UE 30040] UL Throughput = 0.04231 Mbps
83920 ms [UE 42234] UL Throughput = 0.01054 Mbps
84017 ms [UE 30040] UL Throughput = 0.04652 Mbps
84017 ms [UE 42234] UL Throughput = 0.05606 Mbps
84129 ms [UE 30040] UL Throughput = 0.0 Mbps
84129 ms [UE 42234] UL Throughput = 0.0 Mbps
84209 ms [UE 30040] UL Throughput = 0.0 Mbps
84317 ms [UE 30040] UL Throughput = 0.0982 Mbps
84317 ms [UE 42234] UL Throughput = 0.0 Mbps
84318 ms [UE 30040] UL Throughput = 0.061 Mbps
84318 ms [UE 42234] UL Throughput = 0.02716 Mbps
84429 ms [UE 30040] UL Throughput = 0.0 Mbps
84429 ms [UE 42234] UL Throughput = 0.03671 Mbps
84525 ms [UE 30040] UL Throughput = 0.0 Mbps
84525 ms [UE 42234] UL Throughput = 0.07054 Mbps
84613 ms [UE 30040] UL Throughput = 0.0 Mbps
84613 ms [UE 42234] UL Throughput = 0.0 Mbps
84673 ms [UE 30040] UL Throughput = 0.0536 Mbps
84769 ms [UE 30040] UL Throughput = 0.0 Mbps
84769 ms [UE 42234] UL Throughput = 0.0 Mbps
84850 ms [UE 30040] UL Throughput = 0.02472 Mbps
84850 ms [UE 42234] UL Throughput = 0.02254 Mbps
84954 ms [UE 30040] UL Throughput = 0.07606 Mbps
84954 ms [UE 42234] UL Throughput = 0.0 Mbps
85057 ms [UE 30040] UL Throughput = 0.04939 Mbps
85057 ms [UE 42234] UL Throughput = 0.0 Mbps
85140 ms [UE 30040] UL Throughput = 0.14485 Mbps
85140 ms [UE 42234] UL Throughput = 0.0 Mbps
85235 ms [UE 30040] UL Throughput = 0.0 Mbps
85235 ms [UE 42234] UL Throughput = 0.06005 Mbps
85369 ms [UE 30040] UL Throughput = 0.08459 Mbps
85369 ms [UE 42234] UL Throughput = 0.11992 Mbps
85483 ms [UE 30040] UL Throughput = 0.0471 Mbps
85618 ms [UE 30040] UL Throughput = 0.06452 Mbps
85618 ms [UE 42234] UL Throughput = 0.05952 Mbps
85622 ms [UE 30040] UL Throughput = 0.0 Mbps
85622 ms [UE 42234] UL Throughput = 0.06443 Mbps
85720 ms [UE 30040] UL Throughput = 0.06093 Mbps
85720 ms [UE 42234] UL Throughput = 0.0 Mbps
85810 ms [UE 30040] UL Throughput = 0.06243 Mbps
85810 ms [UE 42234] UL Throughput = 0.0 Mbps
85913 ms [UE 30040] UL Throughput = 0.04423 Mbps
85913 ms [UE 42234] UL Throughput = 0.0 Mbps
86003 ms [UE 42234] UL Throughput = 0.0 Mbps
86120 ms [UE 30040] UL Throughput = 0.04373 Mbps
86120 ms [UE 42234] UL Throughput = 0.08409 Mbps
86121 ms [UE 30040] UL Throughput = 0.02197 Mbps
86121 ms [UE 42234] UL Throughput = 0.0 Mbps
86251 ms [UE 30040] UL Throughput = 0.0 Mbps
86251 ms [UE 42234] UL Throughput = 0.0 Mbps
86255 ms [UE 30040] UL Throughput = 0.0 Mbps
86255 ms [UE 42234] UL Throughput = 0.01675 Mbps
86259 ms [UE 30040] UL Throughput = 0.0 Mbps
86259 ms [UE 42234] UL Throughput = 0.04522 Mbps
86371 ms [UE 42234] UL Throughput = 0.09126 Mbps
86373 ms [UE 30040] UL Throughput = 0.0505 Mbps
86373 ms [UE 42234] UL Throughput = 0.0 Mbps
86471 ms [UE 30040] UL Throughput = 0.01252 Mbps
86471 ms [UE 42234] UL Throughput = 0.11304 Mbps
86571 ms [UE 42234] UL Throughput = 0.0 Mbps
86672 ms [UE 30040] UL Throughput = 0.0 Mbps
86672 ms [UE 42234] UL Throughput = 0.0 Mbps
86742 ms [UE 30040] UL Throughput = 0.0 Mbps
86742 ms [UE 42234] UL Throughput = 0.0 Mbps
86745 ms [UE 42234] UL Throughput = 0.0 Mbps
86837 ms [UE 30040] UL Throughput = 0.09611 Mbps
86837 ms [UE 42234] UL Throughput = 0.07043 Mbps
86935 ms [UE 30040] UL Throughput = 0.0 Mbps
87032 ms [UE 30040] UL Throughput = 0.01842 Mbps
87032 ms [UE 42234] UL Throughput = 0.08248 Mbps
87127 ms [UE 30040] UL Throughput = 0.07293 Mbps
87127 ms [UE 42234] UL Throughput = 0.0 Mbps
87210 ms [UE 30040] UL Throughput = 0.0 Mbps
87210 ms [UE 42234] UL Throughput = 0.0 Mbps
87308 ms [UE 30040] UL Throughput = 0.09631 Mbps
87308 ms [UE 42234] UL Throughput = 0.0 Mbps
87426 ms [UE 30040] UL Throughput = 0.07206 Mbps
87426 ms [UE 42234] UL Throughput = 0.0206 Mbps
87432 ms [UE 30040] UL Throughput = 0.02085 Mbps
87436 ms [UE 30040] UL Throughput = 0.0764 Mbps
87436 ms [UE 42234] UL Throughput = 0.05463 Mbps
87543 ms [UE 30040] UL Throughput = 0.02665 Mbps
87543 ms [UE 42234] UL Throughput = 0.0 Mbps
87625 ms [UE 30040] UL Throughput = 0.0 Mbps
87625 ms [UE 42234] UL Throughput = 0.04621 Mbps
87627 ms [UE 30040] UL Throughput = 0.0 Mbps
87627 ms [UE 42234] UL Throughput = 0.01069 Mbps
87729 ms [UE 30040] UL Throughput = 0.0 Mbps
87729 ms [UE 42234] UL Throughput = 0.0 Mbps
87733 ms [UE 30040] UL Throughput = 0.06285 Mbps
87733 ms [UE 42234] UL Throughput = 0.09985 Mbps
87848 ms [UE 30040] UL Throughput = 0.0 Mbps
87848 ms [UE 42234] UL Throughput = 0.0 Mbps
87947 ms [UE 30040] UL Throughput = 0.08725 Mbps
87947 ms [UE 42234] UL Throughput = 0.0 Mbps
87949 ms [UE 30040] UL Throughput = 0.0 Mbps
87949 ms [UE 42234] UL Throughput = 0.06705 Mbps
88044 ms [UE 30040] UL Throughput = 0.02628 Mbps
88044 ms [UE 42234] UL Throughput = 0.0 Mbps
88160 ms [UE 30040] UL Throughput = 0.0 Mbps
88160 ms [UE 42234] UL Throughput = 0.0 Mbps
88268 ms [UE 30040] UL Throughput = 0.0 Mbps
88268 ms [UE 42234] UL Throughput = 0.05419 Mbps
88369 ms [UE 30040] UL Throughput = 0.0569 Mbps
88369 ms [UE 42234] UL Throughput = 0.02958 Mbps
88473 ms [UE 30040] UL Throughput = 0.0 Mbps
88473 ms [UE 42234] UL Throughput = 0.09747 Mbps
88542 ms [UE 30040] UL Throughput = 0.0 Mbps
88542 ms [UE 42234] UL Throughput = 0.0 Mbps
88640 ms [UE 30040] UL Throughput = 0.0 Mbps
88640 ms [UE 42234] UL Throughput = 0.03237 Mbps
88751 ms [UE 30040] UL Throughput = 0.09113 Mbps
88751 ms [UE 42234] UL Throughput = 0.0 Mbps
88840 ms [UE 30040] UL Throughput = 0.05 Mbps
88840 ms [UE 42234] UL Throughput = 0.0 Mbps
88932 ms [UE 30040] UL Throughput = 0.0 Mbps
88932 ms [UE 42234] UL Throughput = 0.0 Mbps
89037 ms [UE 30040] UL Throughput = 0.0 Mbps
89037 ms [UE 42234] UL Throughput = 0.06477 Mbps
89142 ms [UE 30040] UL Throughput = 0.0 Mbps
89142 ms [UE 42234] UL Throughput = 0.0 Mbps
89215 ms [UE 30040] UL Throughput = 0.0 Mbps
89215 ms [UE 42234] UL Throughput = 0.02871 Mbps
89301 ms [UE 30040] UL Throughput = 0.0 Mbps
89301 ms [UE 42234] UL Throughput = 0.0 Mbps
89392 ms [UE 30040] UL Throughput = 0.01311 Mbps
89392 ms [UE 42234] UL Throughput = 0.0 Mbps
89483 ms [UE 30040] UL Throughput = 0.03515 Mbps
89483 ms [UE 42234] UL Throughput = 0.09026 Mbps
89485 ms [UE 30040] UL Throughput = 0.05075 Mbps
89485 ms [UE 42234] UL Throughput = 0.0 Mbps
89580 ms [UE 30040] UL Throughput = 0.0 Mbps
89580 ms [UE 42234] UL Throughput = 0.0 Mbps
89672 ms [UE 30040] UL Throughput = 0.0 Mbps
89672 ms [UE 42234] UL Throughput = 0.09261 Mbps
89781 ms [UE 42234] UL Throughput = 0.08144 Mbps
89887 ms [UE 30040] UL Throughput = 0.0 Mbps
89887 ms [UE 42234] UL Throughput = 0.10059 Mbps
89890 ms [UE 30040] UL Throughput = 0.0 Mbps
89890 ms [UE 42234] UL Throughput = 0.04418 Mbps
89891 ms [UE 30040] UL Throughput = 0.0 Mbps
89891 ms [UE 42234] UL Throughput = 0.0 Mbps
