[UTIL]: Setting the config -c file to /usr/local/etc/flexric/flexric.conf
[UTIL]: Setting path -p for the shared libraries to /usr/local/lib/flexric/
[xAapp]: Initializing ... 
[xApp]: nearRT-RIC IP Address = 192.168.70.150, PORT = 36422
[E2 AGENT]: Opening plugin from path = /usr/local/lib/flexric/libkpm_sm.so 
[E2 AGENT]: Opening plugin from path = /usr/local/lib/flexric/libmac_sm.so 
[E2 AGENT]: Opening plugin from path = /usr/local/lib/flexric/libpdcp_sm.so 
[E2 AGENT]: Opening plugin from path = /usr/local/lib/flexric/libgtp_sm.so 
[E2 AGENT]: Opening plugin from path = /usr/local/lib/flexric/librc_sm.so 
[E2 AGENT]: Opening plugin from path = /usr/local/lib/flexric/libtc_sm.so 
[E2 AGENT]: Opening plugin from path = /usr/local/lib/flexric/librlc_sm.so 
[E2 AGENT]: Opening plugin from path = /usr/local/lib/flexric/libslice_sm.so 
[NEAR-RIC]: Loading SM ID = 2 with def = ORAN-E2SM-KPM 
[NEAR-RIC]: Loading SM ID = 142 with def = MAC_STATS_V0 
[NEAR-RIC]: Loading SM ID = 144 with def = PDCP_STATS_V0 
[NEAR-RIC]: Loading SM ID = 148 with def = GTP_STATS_V0 
[NEAR-RIC]: Loading SM ID = 3 with def = ORAN-E2SM-RC 
[NEAR-RIC]: Loading SM ID = 146 with def = TC_STATS_V0 
[NEAR-RIC]: Loading SM ID = 143 with def = RLC_STATS_V0 
[NEAR-RIC]: Loading SM ID = 145 with def = SLICE_STATS_V0 
[xApp]: DB filename = /tmp/flexric/xapp_db 
 [xApp]: E42 SETUP-REQUEST tx
[xApp]: E42 SETUP-RESPONSE rx 
[xApp]: xApp ID = 16 
[xApp]: Registered E2 Nodes = 4 
Connected E2 nodes = 4
[xAPP] Registered node 0 ran func id = 2
[xAPP] Registered node 0 ran func id = 3
[xAPP] Registered node 0 ran func id = 142
[xAPP] Registered node 0 ran func id = 143
[xAPP] Registered node 0 ran func id = 144
[xAPP] Registered node 0 ran func id = 145
[xAPP] Registered node 0 ran func id = 146
[xAPP] Registered node 0 ran func id = 148
[xApp]: E42 RIC SUBSCRIPTION REQUEST tx RAN_FUNC_ID 144 RIC_REQ_ID 1 
[xApp]: SUBSCRIPTION RESPONSE rx
[xApp]: Successfully subscribed to RAN_FUNC_ID 144 
[xAPP] Registered node 1 ran func id = 2
[xAPP] Registered node 1 ran func id = 3
[xAPP] Registered node 1 ran func id = 142
[xAPP] Registered node 1 ran func id = 143
[xAPP] Registered node 1 ran func id = 144
[xAPP] Registered node 1 ran func id = 145
[xAPP] Registered node 1 ran func id = 146
[xAPP] Registered node 1 ran func id = 148
[xAPP] Registered node 2 ran func id = 2
[xAPP] Registered node 2 ran func id = 3
[xAPP] Registered node 2 ran func id = 142
[xAPP] Registered node 2 ran func id = 143
[xAPP] Registered node 2 ran func id = 144
[xAPP] Registered node 2 ran func id = 145
[xAPP] Registered node 2 ran func id = 146
[xAPP] Registered node 2 ran func id = 148
[xApp]: E42 RIC SUBSCRIPTION REQUEST tx RAN_FUNC_ID 142 RIC_REQ_ID 2 
7 ms | now=1755815452085481 us | PDCP ind_msg latency=71856988 us
[xApp]: SUBSCRIPTION RESPONSE rx
[xApp]: Successfully subscribed to RAN_FUNC_ID 142 
[xAPP] Registered node 3 ran func id = 2
[xAPP] Registered node 3 ran func id = 3
[xAPP] Registered node 3 ran func id = 142
[xAPP] Registered node 3 ran func id = 143
[xAPP] Registered node 3 ran func id = 144
[xAPP] Registered node 3 ran func id = 145
[xAPP] Registered node 3 ran func id = 146
[xAPP] Registered node 3 ran func id = 148
[xApp]: E42 RIC SUBSCRIPTION REQUEST tx RAN_FUNC_ID 142 RIC_REQ_ID 3 
[xApp]: SUBSCRIPTION RESPONSE rx
[xApp]: Successfully subscribed to RAN_FUNC_ID 142 
233 ms [UE 42234] UL Throughput = 0.07613 Mbps
236 ms [UE 30040] UL Throughput = 0.07155 Mbps
236 ms [UE 42234] UL Throughput = 0.05224 Mbps
356 ms [UE 30040] UL Throughput = 0.06532 Mbps
356 ms [UE 42234] UL Throughput = 0.0 Mbps
479 ms [UE 30040] UL Throughput = 0.02072 Mbps
479 ms [UE 42234] UL Throughput = 0.0 Mbps
482 ms [UE 42234] UL Throughput = 0.0 Mbps
568 ms [UE 30040] UL Throughput = 0.02319 Mbps
568 ms [UE 42234] UL Throughput = 0.0 Mbps
667 ms [UE 30040] UL Throughput = 0.0 Mbps
667 ms [UE 42234] UL Throughput = 0.08174 Mbps
756 ms [UE 30040] UL Throughput = 0.09335 Mbps
756 ms [UE 42234] UL Throughput = 0.0 Mbps
898 ms [UE 42234] UL Throughput = 0.0 Mbps
1025 ms [UE 42234] UL Throughput = 0.06482 Mbps
1136 ms [UE 30040] UL Throughput = 0.0 Mbps
1136 ms [UE 42234] UL Throughput = 0.06084 Mbps
1142 ms [UE 30040] UL Throughput = 0.0 Mbps
1142 ms [UE 42234] UL Throughput = 0.0 Mbps
1250 ms [UE 30040] UL Throughput = 0.09017 Mbps
1250 ms [UE 42234] UL Throughput = 0.0 Mbps
1323 ms [UE 30040] UL Throughput = 0.01341 Mbps
1399 ms [UE 30040] UL Throughput = 0.0 Mbps
1399 ms [UE 42234] UL Throughput = 0.09171 Mbps
1404 ms [UE 30040] UL Throughput = 0.04488 Mbps
1404 ms [UE 42234] UL Throughput = 0.0 Mbps
1407 ms [UE 30040] UL Throughput = 0.04843 Mbps
1407 ms [UE 42234] UL Throughput = 0.0 Mbps
1494 ms [UE 42234] UL Throughput = 0.08762 Mbps
1500 ms [UE 30040] UL Throughput = 0.05307 Mbps
1500 ms [UE 42234] UL Throughput = 0.0 Mbps
1614 ms [UE 30040] UL Throughput = 0.0 Mbps
1614 ms [UE 42234] UL Throughput = 0.05016 Mbps
1724 ms [UE 42234] UL Throughput = 0.0 Mbps
1797 ms [UE 30040] UL Throughput = 0.04189 Mbps
1797 ms [UE 42234] UL Throughput = 0.0 Mbps
1865 ms [UE 30040] UL Throughput = 0.0 Mbps
1967 ms [UE 30040] UL Throughput = 0.07271 Mbps
1967 ms [UE 42234] UL Throughput = 0.0931 Mbps
1972 ms [UE 30040] UL Throughput = 0.0748 Mbps
1972 ms [UE 42234] UL Throughput = 0.06477 Mbps
2082 ms [UE 30040] UL Throughput = 0.0 Mbps
2082 ms [UE 42234] UL Throughput = 0.08708 Mbps
2181 ms [UE 30040] UL Throughput = 0.08844 Mbps
2181 ms [UE 42234] UL Throughput = 0.04494 Mbps
2269 ms [UE 30040] UL Throughput = 0.0 Mbps
2269 ms [UE 42234] UL Throughput = 0.05066 Mbps
2387 ms [UE 30040] UL Throughput = 0.09411 Mbps
2387 ms [UE 42234] UL Throughput = 0.09126 Mbps
2490 ms [UE 30040] UL Throughput = 0.0141 Mbps
2490 ms [UE 42234] UL Throughput = 0.0 Mbps
2592 ms [UE 30040] UL Throughput = 0.04305 Mbps
2592 ms [UE 42234] UL Throughput = 0.07228 Mbps
2594 ms [UE 30040] UL Throughput = 0.0 Mbps
2594 ms [UE 42234] UL Throughput = 0.0 Mbps
2670 ms [UE 30040] UL Throughput = 0.0944 Mbps
2670 ms [UE 42234] UL Throughput = 0.04417 Mbps
2770 ms [UE 30040] UL Throughput = 0.03167 Mbps
2770 ms [UE 42234] UL Throughput = 0.0 Mbps
2878 ms [UE 42234] UL Throughput = 0.0 Mbps
2998 ms [UE 30040] UL Throughput = 0.01805 Mbps
2998 ms [UE 42234] UL Throughput = 0.0 Mbps
3115 ms [UE 30040] UL Throughput = 0.04716 Mbps
3115 ms [UE 42234] UL Throughput = 0.0 Mbps
3195 ms [UE 30040] UL Throughput = 0.04413 Mbps
3195 ms [UE 42234] UL Throughput = 0.09161 Mbps
3304 ms [UE 30040] UL Throughput = 0.0 Mbps
3304 ms [UE 42234] UL Throughput = 0.0 Mbps
3305 ms [UE 30040] UL Throughput = 0.08506 Mbps
3305 ms [UE 42234] UL Throughput = 0.02838 Mbps
3374 ms [UE 30040] UL Throughput = 0.09578 Mbps
3484 ms [UE 30040] UL Throughput = 0.0 Mbps
3484 ms [UE 42234] UL Throughput = 0.09923 Mbps
3599 ms [UE 30040] UL Throughput = 0.0189 Mbps
3599 ms [UE 42234] UL Throughput = 0.0 Mbps
3604 ms [UE 30040] UL Throughput = 0.0 Mbps
3604 ms [UE 42234] UL Throughput = 0.09721 Mbps
3731 ms [UE 30040] UL Throughput = 0.06575 Mbps
3731 ms [UE 42234] UL Throughput = 0.02446 Mbps
3847 ms [UE 30040] UL Throughput = 0.01809 Mbps
3847 ms [UE 42234] UL Throughput = 0.08136 Mbps
3940 ms [UE 30040] UL Throughput = 0.0 Mbps
3940 ms [UE 42234] UL Throughput = 0.02839 Mbps
4059 ms [UE 30040] UL Throughput = 0.0 Mbps
4059 ms [UE 42234] UL Throughput = 0.0 Mbps
4177 ms [UE 30040] UL Throughput = 0.0 Mbps
4177 ms [UE 42234] UL Throughput = 0.0 Mbps
4257 ms [UE 30040] UL Throughput = 0.02538 Mbps
4257 ms [UE 42234] UL Throughput = 0.0 Mbps
4260 ms [UE 30040] UL Throughput = 0.0 Mbps
4260 ms [UE 42234] UL Throughput = 0.0 Mbps
4341 ms [UE 30040] UL Throughput = 0.09846 Mbps
4341 ms [UE 42234] UL Throughput = 0.08625 Mbps
4449 ms [UE 42234] UL Throughput = 0.08729 Mbps
4552 ms [UE 30040] UL Throughput = 0.0 Mbps
4552 ms [UE 42234] UL Throughput = 0.0 Mbps
4558 ms [UE 30040] UL Throughput = 0.0 Mbps
4558 ms [UE 42234] UL Throughput = 0.0 Mbps
4663 ms [UE 30040] UL Throughput = 0.0945 Mbps
4768 ms [UE 30040] UL Throughput = 0.066 Mbps
4768 ms [UE 42234] UL Throughput = 0.0 Mbps
4855 ms [UE 30040] UL Throughput = 0.0 Mbps
4855 ms [UE 42234] UL Throughput = 0.03784 Mbps
4966 ms [UE 30040] UL Throughput = 0.0 Mbps
4966 ms [UE 42234] UL Throughput = 0.0 Mbps
4970 ms [UE 30040] UL Throughput = 0.0409 Mbps
4970 ms [UE 42234] UL Throughput = 0.0 Mbps
5082 ms [UE 30040] UL Throughput = 0.06395 Mbps
5082 ms [UE 42234] UL Throughput = 0.0 Mbps
5197 ms [UE 42234] UL Throughput = 0.02556 Mbps
5297 ms [UE 30040] UL Throughput = 0.0 Mbps
5297 ms [UE 42234] UL Throughput = 0.03386 Mbps
5370 ms [UE 42234] UL Throughput = 0.07506 Mbps
5453 ms [UE 30040] UL Throughput = 0.09331 Mbps
5453 ms [UE 42234] UL Throughput = 0.05229 Mbps
5528 ms [UE 30040] UL Throughput = 0.0 Mbps
5528 ms [UE 42234] UL Throughput = 0.1299 Mbps
5631 ms [UE 30040] UL Throughput = 0.0491 Mbps
5631 ms [UE 42234] UL Throughput = 0.03388 Mbps
5738 ms [UE 30040] UL Throughput = 0.0 Mbps
5851 ms [UE 30040] UL Throughput = 0.04935 Mbps
5851 ms [UE 42234] UL Throughput = 0.0205 Mbps
5971 ms [UE 30040] UL Throughput = 0.0 Mbps
5971 ms [UE 42234] UL Throughput = 0.0 Mbps
6059 ms [UE 30040] UL Throughput = 0.0169 Mbps
6059 ms [UE 42234] UL Throughput = 0.04411 Mbps
6175 ms [UE 30040] UL Throughput = 0.0995 Mbps
6175 ms [UE 42234] UL Throughput = 0.0 Mbps
6289 ms [UE 30040] UL Throughput = 0.0 Mbps
6289 ms [UE 42234] UL Throughput = 0.0 Mbps
6374 ms [UE 30040] UL Throughput = 0.03115 Mbps
6374 ms [UE 42234] UL Throughput = 0.1344 Mbps
6445 ms [UE 42234] UL Throughput = 0.04014 Mbps
6534 ms [UE 30040] UL Throughput = 0.0 Mbps
6534 ms [UE 42234] UL Throughput = 0.04999 Mbps
6638 ms [UE 42234] UL Throughput = 0.0 Mbps
6751 ms [UE 30040] UL Throughput = 0.0 Mbps
6751 ms [UE 42234] UL Throughput = 0.0 Mbps
6877 ms [UE 30040] UL Throughput = 0.0 Mbps
6877 ms [UE 42234] UL Throughput = 0.06003 Mbps
6985 ms [UE 30040] UL Throughput = 0.06882 Mbps
6985 ms [UE 42234] UL Throughput = 0.07321 Mbps
7058 ms [UE 30040] UL Throughput = 0.09519 Mbps
7058 ms [UE 42234] UL Throughput = 0.0 Mbps
7152 ms [UE 30040] UL Throughput = 0.0 Mbps
7152 ms [UE 42234] UL Throughput = 0.07803 Mbps
7248 ms [UE 30040] UL Throughput = 0.0 Mbps
7248 ms [UE 42234] UL Throughput = 0.0 Mbps
7349 ms [UE 30040] UL Throughput = 0.05801 Mbps
7349 ms [UE 42234] UL Throughput = 0.0 Mbps
7457 ms [UE 30040] UL Throughput = 0.0 Mbps
7457 ms [UE 42234] UL Throughput = 0.01311 Mbps
7540 ms [UE 30040] UL Throughput = 0.08112 Mbps
7540 ms [UE 42234] UL Throughput = 0.0 Mbps
7636 ms [UE 30040] UL Throughput = 0.01149 Mbps
7636 ms [UE 42234] UL Throughput = 0.0 Mbps
7642 ms [UE 30040] UL Throughput = 0.0 Mbps
7642 ms [UE 42234] UL Throughput = 0.02041 Mbps
7721 ms [UE 30040] UL Throughput = 0.0185 Mbps
7721 ms [UE 42234] UL Throughput = 0.0 Mbps
7843 ms [UE 42234] UL Throughput = 0.0 Mbps
7940 ms [UE 30040] UL Throughput = 0.0 Mbps
7940 ms [UE 42234] UL Throughput = 0.0 Mbps
8025 ms [UE 30040] UL Throughput = 0.0 Mbps
8139 ms [UE 30040] UL Throughput = 0.0 Mbps
8139 ms [UE 42234] UL Throughput = 0.0 Mbps
8242 ms [UE 30040] UL Throughput = 0.0 Mbps
8242 ms [UE 42234] UL Throughput = 0.02629 Mbps
8245 ms [UE 30040] UL Throughput = 0.07571 Mbps
8333 ms [UE 30040] UL Throughput = 0.0 Mbps
8428 ms [UE 30040] UL Throughput = 0.0 Mbps
8428 ms [UE 42234] UL Throughput = 0.0 Mbps
8515 ms [UE 30040] UL Throughput = 0.0 Mbps
8515 ms [UE 42234] UL Throughput = 0.0313 Mbps
8584 ms [UE 30040] UL Throughput = 0.0 Mbps
8584 ms [UE 42234] UL Throughput = 0.0 Mbps
8585 ms [UE 30040] UL Throughput = 0.0 Mbps
8585 ms [UE 42234] UL Throughput = 0.0 Mbps
8678 ms [UE 30040] UL Throughput = 0.0 Mbps
8678 ms [UE 42234] UL Throughput = 0.0 Mbps
8784 ms [UE 30040] UL Throughput = 0.0 Mbps
8784 ms [UE 42234] UL Throughput = 0.0 Mbps
8882 ms [UE 30040] UL Throughput = 0.03429 Mbps
8882 ms [UE 42234] UL Throughput = 0.0 Mbps
9006 ms [UE 30040] UL Throughput = 0.0 Mbps
9006 ms [UE 42234] UL Throughput = 0.0 Mbps
9012 ms [UE 30040] UL Throughput = 0.06478 Mbps
9110 ms [UE 30040] UL Throughput = 0.0 Mbps
9110 ms [UE 42234] UL Throughput = 0.0 Mbps
9201 ms [UE 30040] UL Throughput = 0.0 Mbps
9201 ms [UE 42234] UL Throughput = 0.1275 Mbps
9305 ms [UE 30040] UL Throughput = 0.02202 Mbps
9422 ms [UE 42234] UL Throughput = 0.0 Mbps
9520 ms [UE 30040] UL Throughput = 0.0 Mbps
9520 ms [UE 42234] UL Throughput = 0.07931 Mbps
9626 ms [UE 30040] UL Throughput = 0.0 Mbps
9626 ms [UE 42234] UL Throughput = 0.03974 Mbps
9708 ms [UE 30040] UL Throughput = 0.08724 Mbps
9708 ms [UE 42234] UL Throughput = 0.06834 Mbps
9807 ms [UE 30040] UL Throughput = 0.0 Mbps
9807 ms [UE 42234] UL Throughput = 0.07083 Mbps
9889 ms [UE 30040] UL Throughput = 0.06986 Mbps
9889 ms [UE 42234] UL Throughput = 0.09374 Mbps
10005 ms [UE 30040] UL Throughput = 0.0 Mbps
10005 ms [UE 42234] UL Throughput = 0.07826 Mbps
10088 ms [UE 30040] UL Throughput = 0.0 Mbps
10178 ms [UE 30040] UL Throughput = 0.0 Mbps
10281 ms [UE 30040] UL Throughput = 0.05981 Mbps
10281 ms [UE 42234] UL Throughput = 0.0 Mbps
10366 ms [UE 30040] UL Throughput = 0.0 Mbps
10366 ms [UE 42234] UL Throughput = 0.0 Mbps
10472 ms [UE 30040] UL Throughput = 0.08027 Mbps
10472 ms [UE 42234] UL Throughput = 0.0788 Mbps
10586 ms [UE 30040] UL Throughput = 0.02243 Mbps
10586 ms [UE 42234] UL Throughput = 0.04453 Mbps
10591 ms [UE 30040] UL Throughput = 0.08213 Mbps
10687 ms [UE 30040] UL Throughput = 0.07489 Mbps
10687 ms [UE 42234] UL Throughput = 0.0 Mbps
10794 ms [UE 30040] UL Throughput = 0.0 Mbps
10794 ms [UE 42234] UL Throughput = 0.0 Mbps
10884 ms [UE 30040] UL Throughput = 0.02879 Mbps
10978 ms [UE 30040] UL Throughput = 0.0 Mbps
10978 ms [UE 42234] UL Throughput = 0.0 Mbps
11082 ms [UE 30040] UL Throughput = 0.0126 Mbps
11082 ms [UE 42234] UL Throughput = 0.07743 Mbps
11086 ms [UE 30040] UL Throughput = 0.09054 Mbps
11086 ms [UE 42234] UL Throughput = 0.01617 Mbps
11175 ms [UE 30040] UL Throughput = 0.07515 Mbps
11175 ms [UE 42234] UL Throughput = 0.0 Mbps
11280 ms [UE 42234] UL Throughput = 0.0709 Mbps
11382 ms [UE 42234] UL Throughput = 0.0553 Mbps
11486 ms [UE 30040] UL Throughput = 0.0 Mbps
11486 ms [UE 42234] UL Throughput = 0.02934 Mbps
11592 ms [UE 30040] UL Throughput = 0.0 Mbps
11592 ms [UE 42234] UL Throughput = 0.0 Mbps
11701 ms [UE 30040] UL Throughput = 0.0 Mbps
11701 ms [UE 42234] UL Throughput = 0.11382 Mbps
11764 ms [UE 30040] UL Throughput = 0.0 Mbps
11764 ms [UE 42234] UL Throughput = 0.04426 Mbps
11767 ms [UE 30040] UL Throughput = 0.06038 Mbps
11851 ms [UE 30040] UL Throughput = 0.04074 Mbps
11851 ms [UE 42234] UL Throughput = 0.0 Mbps
11953 ms [UE 30040] UL Throughput = 0.0 Mbps
11956 ms [UE 30040] UL Throughput = 0.01446 Mbps
11956 ms [UE 42234] UL Throughput = 0.04947 Mbps
12061 ms [UE 42234] UL Throughput = 0.01849 Mbps
12158 ms [UE 42234] UL Throughput = 0.0 Mbps
12280 ms [UE 42234] UL Throughput = 0.02826 Mbps
12285 ms [UE 30040] UL Throughput = 0.05803 Mbps
12285 ms [UE 42234] UL Throughput = 0.02078 Mbps
12385 ms [UE 30040] UL Throughput = 0.08673 Mbps
12385 ms [UE 42234] UL Throughput = 0.0 Mbps
12507 ms [UE 42234] UL Throughput = 0.0951 Mbps
12608 ms [UE 30040] UL Throughput = 0.0 Mbps
12608 ms [UE 42234] UL Throughput = 0.0 Mbps
12711 ms [UE 30040] UL Throughput = 0.0 Mbps
12711 ms [UE 42234] UL Throughput = 0.04686 Mbps
12836 ms [UE 30040] UL Throughput = 0.04915 Mbps
12836 ms [UE 42234] UL Throughput = 0.0 Mbps
12943 ms [UE 30040] UL Throughput = 0.0 Mbps
12943 ms [UE 42234] UL Throughput = 0.02533 Mbps
12946 ms [UE 30040] UL Throughput = 0.0 Mbps
12946 ms [UE 42234] UL Throughput = 0.09892 Mbps
12952 ms [UE 30040] UL Throughput = 0.0 Mbps
12952 ms [UE 42234] UL Throughput = 0.02297 Mbps
13005 ms [UE 42234] UL Throughput = 0.01764 Mbps
13084 ms [UE 30040] UL Throughput = 0.07495 Mbps
13084 ms [UE 42234] UL Throughput = 0.0 Mbps
13208 ms [UE 30040] UL Throughput = 0.06576 Mbps
13208 ms [UE 42234] UL Throughput = 0.08894 Mbps
13305 ms [UE 30040] UL Throughput = 0.0 Mbps
13402 ms [UE 30040] UL Throughput = 0.02977 Mbps
13402 ms [UE 42234] UL Throughput = 0.07162 Mbps
13524 ms [UE 42234] UL Throughput = 0.04747 Mbps
13591 ms [UE 30040] UL Throughput = 0.03553 Mbps
13591 ms [UE 42234] UL Throughput = 0.0 Mbps
13594 ms [UE 30040] UL Throughput = 0.0 Mbps
13594 ms [UE 42234] UL Throughput = 0.04938 Mbps
13597 ms [UE 30040] UL Throughput = 0.02672 Mbps
13597 ms [UE 42234] UL Throughput = 0.0 Mbps
13719 ms [UE 30040] UL Throughput = 0.04624 Mbps
13719 ms [UE 42234] UL Throughput = 0.09533 Mbps
13816 ms [UE 30040] UL Throughput = 0.02906 Mbps
13816 ms [UE 42234] UL Throughput = 0.08691 Mbps
13934 ms [UE 30040] UL Throughput = 0.0 Mbps
13934 ms [UE 42234] UL Throughput = 0.0 Mbps
14047 ms [UE 30040] UL Throughput = 0.0 Mbps
14047 ms [UE 42234] UL Throughput = 0.06606 Mbps
14140 ms [UE 30040] UL Throughput = 0.0308 Mbps
14140 ms [UE 42234] UL Throughput = 0.02353 Mbps
14141 ms [UE 30040] UL Throughput = 0.08266 Mbps
14141 ms [UE 42234] UL Throughput = 0.06898 Mbps
14236 ms [UE 30040] UL Throughput = 0.0 Mbps
14236 ms [UE 42234] UL Throughput = 0.0 Mbps
14318 ms [UE 30040] UL Throughput = 0.0 Mbps
14318 ms [UE 42234] UL Throughput = 0.06987 Mbps
14430 ms [UE 30040] UL Throughput = 0.07321 Mbps
14430 ms [UE 42234] UL Throughput = 0.06072 Mbps
14433 ms [UE 30040] UL Throughput = 0.0 Mbps
14433 ms [UE 42234] UL Throughput = 0.04596 Mbps
14544 ms [UE 30040] UL Throughput = 0.0 Mbps
14544 ms [UE 42234] UL Throughput = 0.0 Mbps
14638 ms [UE 30040] UL Throughput = 0.03917 Mbps
14638 ms [UE 42234] UL Throughput = 0.06985 Mbps
14741 ms [UE 30040] UL Throughput = 0.01042 Mbps
14741 ms [UE 42234] UL Throughput = 0.0409 Mbps
14837 ms [UE 30040] UL Throughput = 0.08367 Mbps
14837 ms [UE 42234] UL Throughput = 0.0 Mbps
14909 ms [UE 30040] UL Throughput = 0.0 Mbps
14909 ms [UE 42234] UL Throughput = 0.0 Mbps
14996 ms [UE 30040] UL Throughput = 0.0 Mbps
14996 ms [UE 42234] UL Throughput = 0.01265 Mbps
15000 ms [UE 30040] UL Throughput = 0.0 Mbps
15000 ms [UE 42234] UL Throughput = 0.0 Mbps
15086 ms [UE 30040] UL Throughput = 0.0 Mbps
15086 ms [UE 42234] UL Throughput = 0.08459 Mbps
15176 ms [UE 42234] UL Throughput = 0.0 Mbps
15278 ms [UE 30040] UL Throughput = 0.0 Mbps
15278 ms [UE 42234] UL Throughput = 0.09582 Mbps
15382 ms [UE 30040] UL Throughput = 0.0 Mbps
15492 ms [UE 30040] UL Throughput = 0.0 Mbps
15607 ms [UE 30040] UL Throughput = 0.09666 Mbps
15607 ms [UE 42234] UL Throughput = 0.0885 Mbps
15693 ms [UE 30040] UL Throughput = 0.08436 Mbps
15693 ms [UE 42234] UL Throughput = 0.0 Mbps
15695 ms [UE 30040] UL Throughput = 0.0 Mbps
15787 ms [UE 30040] UL Throughput = 0.07289 Mbps
15787 ms [UE 42234] UL Throughput = 0.06196 Mbps
15878 ms [UE 42234] UL Throughput = 0.06315 Mbps
16001 ms [UE 30040] UL Throughput = 0.08449 Mbps
16001 ms [UE 42234] UL Throughput = 0.0 Mbps
16060 ms [UE 30040] UL Throughput = 0.10804 Mbps
16060 ms [UE 42234] UL Throughput = 0.0 Mbps
16161 ms [UE 30040] UL Throughput = 0.0 Mbps
16161 ms [UE 42234] UL Throughput = 0.0 Mbps
16279 ms [UE 30040] UL Throughput = 0.0 Mbps
16279 ms [UE 42234] UL Throughput = 0.0347 Mbps
16370 ms [UE 30040] UL Throughput = 0.08268 Mbps
16491 ms [UE 30040] UL Throughput = 0.06664 Mbps
16491 ms [UE 42234] UL Throughput = 0.01299 Mbps
16581 ms [UE 30040] UL Throughput = 0.0 Mbps
16581 ms [UE 42234] UL Throughput = 0.0 Mbps
16685 ms [UE 30040] UL Throughput = 0.08325 Mbps
16685 ms [UE 42234] UL Throughput = 0.03081 Mbps
16774 ms [UE 30040] UL Throughput = 0.05636 Mbps
16774 ms [UE 42234] UL Throughput = 0.11269 Mbps
16904 ms [UE 30040] UL Throughput = 0.0 Mbps
16904 ms [UE 42234] UL Throughput = 0.0 Mbps
16993 ms [UE 42234] UL Throughput = 0.0 Mbps
17085 ms [UE 30040] UL Throughput = 0.0 Mbps
17202 ms [UE 30040] UL Throughput = 0.0 Mbps
17202 ms [UE 42234] UL Throughput = 0.0 Mbps
17286 ms [UE 30040] UL Throughput = 0.0 Mbps
17286 ms [UE 42234] UL Throughput = 0.07845 Mbps
17288 ms [UE 30040] UL Throughput = 0.0 Mbps
17288 ms [UE 42234] UL Throughput = 0.0 Mbps
17383 ms [UE 30040] UL Throughput = 0.0931 Mbps
17383 ms [UE 42234] UL Throughput = 0.0 Mbps
17493 ms [UE 30040] UL Throughput = 0.06278 Mbps
17493 ms [UE 42234] UL Throughput = 0.0 Mbps
17592 ms [UE 42234] UL Throughput = 0.0401 Mbps
17684 ms [UE 30040] UL Throughput = 0.0 Mbps
17684 ms [UE 42234] UL Throughput = 0.04021 Mbps
17801 ms [UE 30040] UL Throughput = 0.09307 Mbps
17801 ms [UE 42234] UL Throughput = 0.09859 Mbps
17894 ms [UE 30040] UL Throughput = 0.0 Mbps
17894 ms [UE 42234] UL Throughput = 0.0 Mbps
17987 ms [UE 30040] UL Throughput = 0.05625 Mbps
17987 ms [UE 42234] UL Throughput = 0.05942 Mbps
18087 ms [UE 30040] UL Throughput = 0.10185 Mbps
18087 ms [UE 42234] UL Throughput = 0.0 Mbps
18184 ms [UE 30040] UL Throughput = 0.0 Mbps
18184 ms [UE 42234] UL Throughput = 0.09244 Mbps
18187 ms [UE 30040] UL Throughput = 0.06596 Mbps
18187 ms [UE 42234] UL Throughput = 0.05948 Mbps
18294 ms [UE 30040] UL Throughput = 0.0628 Mbps
18294 ms [UE 42234] UL Throughput = 0.06889 Mbps
18411 ms [UE 30040] UL Throughput = 0.0 Mbps
18411 ms [UE 42234] UL Throughput = 0.02748 Mbps
18536 ms [UE 30040] UL Throughput = 0.0673 Mbps
18536 ms [UE 42234] UL Throughput = 0.04796 Mbps
18641 ms [UE 30040] UL Throughput = 0.0 Mbps
18641 ms [UE 42234] UL Throughput = 0.0 Mbps
18643 ms [UE 30040] UL Throughput = 0.0 Mbps
18643 ms [UE 42234] UL Throughput = 0.0 Mbps
18751 ms [UE 30040] UL Throughput = 0.0 Mbps
18751 ms [UE 42234] UL Throughput = 0.0 Mbps
18835 ms [UE 30040] UL Throughput = 0.0 Mbps
18835 ms [UE 42234] UL Throughput = 0.03836 Mbps
18836 ms [UE 30040] UL Throughput = 0.07574 Mbps
18836 ms [UE 42234] UL Throughput = 0.07447 Mbps
18916 ms [UE 42234] UL Throughput = 0.08022 Mbps
19004 ms [UE 30040] UL Throughput = 0.0 Mbps
19004 ms [UE 42234] UL Throughput = 0.0 Mbps
19113 ms [UE 30040] UL Throughput = 0.11796 Mbps
19113 ms [UE 42234] UL Throughput = 0.07685 Mbps
19194 ms [UE 30040] UL Throughput = 0.0 Mbps
19194 ms [UE 42234] UL Throughput = 0.03126 Mbps
19198 ms [UE 30040] UL Throughput = 0.0 Mbps
19198 ms [UE 42234] UL Throughput = 0.07878 Mbps
19313 ms [UE 30040] UL Throughput = 0.10551 Mbps
19313 ms [UE 42234] UL Throughput = 0.0 Mbps
19411 ms [UE 30040] UL Throughput = 0.0327 Mbps
19411 ms [UE 42234] UL Throughput = 0.0 Mbps
19413 ms [UE 30040] UL Throughput = 0.04814 Mbps
19413 ms [UE 42234] UL Throughput = 0.0 Mbps
19417 ms [UE 30040] UL Throughput = 0.09924 Mbps
19417 ms [UE 42234] UL Throughput = 0.08889 Mbps
19524 ms [UE 30040] UL Throughput = 0.04328 Mbps
19524 ms [UE 42234] UL Throughput = 0.0 Mbps
19668 ms [UE 42234] UL Throughput = 0.07223 Mbps
19757 ms [UE 30040] UL Throughput = 0.03526 Mbps
19757 ms [UE 42234] UL Throughput = 0.02799 Mbps
19876 ms [UE 42234] UL Throughput = 0.0 Mbps
19878 ms [UE 30040] UL Throughput = 0.0 Mbps
19878 ms [UE 42234] UL Throughput = 0.0 Mbps
19879 ms [UE 30040] UL Throughput = 0.06121 Mbps
19879 ms [UE 42234] UL Throughput = 0.04071 Mbps
19971 ms [UE 30040] UL Throughput = 0.02064 Mbps
19971 ms [UE 42234] UL Throughput = 0.04849 Mbps
20052 ms [UE 42234] UL Throughput = 0.0234 Mbps
20153 ms [UE 30040] UL Throughput = 0.05412 Mbps
20153 ms [UE 42234] UL Throughput = 0.06839 Mbps
20257 ms [UE 30040] UL Throughput = 0.06159 Mbps
20377 ms [UE 30040] UL Throughput = 0.06328 Mbps
20377 ms [UE 42234] UL Throughput = 0.03223 Mbps
20477 ms [UE 30040] UL Throughput = 0.0 Mbps
20477 ms [UE 42234] UL Throughput = 0.0 Mbps
20542 ms [UE 30040] UL Throughput = 0.0497 Mbps
20542 ms [UE 42234] UL Throughput = 0.0 Mbps
20638 ms [UE 30040] UL Throughput = 0.0 Mbps
20638 ms [UE 42234] UL Throughput = 0.07615 Mbps
20641 ms [UE 30040] UL Throughput = 0.0 Mbps
20641 ms [UE 42234] UL Throughput = 0.0 Mbps
20756 ms [UE 30040] UL Throughput = 0.0 Mbps
20756 ms [UE 42234] UL Throughput = 0.0 Mbps
20831 ms [UE 30040] UL Throughput = 0.03348 Mbps
20831 ms [UE 42234] UL Throughput = 0.0 Mbps
20930 ms [UE 30040] UL Throughput = 0.0 Mbps
20930 ms [UE 42234] UL Throughput = 0.0 Mbps
21040 ms [UE 30040] UL Throughput = 0.0 Mbps
21040 ms [UE 42234] UL Throughput = 0.0126 Mbps
21046 ms [UE 42234] UL Throughput = 0.05043 Mbps
21162 ms [UE 30040] UL Throughput = 0.02901 Mbps
21162 ms [UE 42234] UL Throughput = 0.0 Mbps
21252 ms [UE 30040] UL Throughput = 0.05128 Mbps
21252 ms [UE 42234] UL Throughput = 0.07456 Mbps
21348 ms [UE 30040] UL Throughput = 0.0 Mbps
21427 ms [UE 30040] UL Throughput = 0.01118 Mbps
21427 ms [UE 42234] UL Throughput = 0.09446 Mbps
21535 ms [UE 30040] UL Throughput = 0.0 Mbps
21535 ms [UE 42234] UL Throughput = 0.05721 Mbps
21647 ms [UE 30040] UL Throughput = 0.03001 Mbps
21647 ms [UE 42234] UL Throughput = 0.05953 Mbps
21757 ms [UE 30040] UL Throughput = 0.04699 Mbps
21757 ms [UE 42234] UL Throughput = 0.09919 Mbps
21854 ms [UE 30040] UL Throughput = 0.0 Mbps
21854 ms [UE 42234] UL Throughput = 0.05775 Mbps
21958 ms [UE 30040] UL Throughput = 0.0 Mbps
21958 ms [UE 42234] UL Throughput = 0.0 Mbps
22049 ms [UE 30040] UL Throughput = 0.0 Mbps
22151 ms [UE 30040] UL Throughput = 0.0 Mbps
22151 ms [UE 42234] UL Throughput = 0.07015 Mbps
22263 ms [UE 30040] UL Throughput = 0.07258 Mbps
22263 ms [UE 42234] UL Throughput = 0.0 Mbps
22265 ms [UE 42234] UL Throughput = 0.03632 Mbps
22392 ms [UE 30040] UL Throughput = 0.0 Mbps
22392 ms [UE 42234] UL Throughput = 0.0 Mbps
22501 ms [UE 30040] UL Throughput = 0.06226 Mbps
22501 ms [UE 42234] UL Throughput = 0.0665 Mbps
22505 ms [UE 30040] UL Throughput = 0.08441 Mbps
22505 ms [UE 42234] UL Throughput = 0.06403 Mbps
22619 ms [UE 30040] UL Throughput = 0.10873 Mbps
22619 ms [UE 42234] UL Throughput = 0.0 Mbps
22700 ms [UE 30040] UL Throughput = 0.0 Mbps
22700 ms [UE 42234] UL Throughput = 0.01018 Mbps
22705 ms [UE 30040] UL Throughput = 0.0 Mbps
22705 ms [UE 42234] UL Throughput = 0.0 Mbps
22809 ms [UE 30040] UL Throughput = 0.09964 Mbps
22809 ms [UE 42234] UL Throughput = 0.0 Mbps
22884 ms [UE 30040] UL Throughput = 0.07961 Mbps
22884 ms [UE 42234] UL Throughput = 0.08146 Mbps
22885 ms [UE 42234] UL Throughput = 0.09864 Mbps
22978 ms [UE 30040] UL Throughput = 0.0 Mbps
22978 ms [UE 42234] UL Throughput = 0.04064 Mbps
23070 ms [UE 42234] UL Throughput = 0.0 Mbps
23167 ms [UE 30040] UL Throughput = 0.0 Mbps
23167 ms [UE 42234] UL Throughput = 0.0 Mbps
23235 ms [UE 30040] UL Throughput = 0.05283 Mbps
23344 ms [UE 30040] UL Throughput = 0.0145 Mbps
23344 ms [UE 42234] UL Throughput = 0.0 Mbps
23346 ms [UE 30040] UL Throughput = 0.03841 Mbps
23346 ms [UE 42234] UL Throughput = 0.06949 Mbps
23454 ms [UE 30040] UL Throughput = 0.07917 Mbps
23454 ms [UE 42234] UL Throughput = 0.0 Mbps
23543 ms [UE 30040] UL Throughput = 0.03714 Mbps
23543 ms [UE 42234] UL Throughput = 0.0 Mbps
23616 ms [UE 30040] UL Throughput = 0.08035 Mbps
23616 ms [UE 42234] UL Throughput = 0.04072 Mbps
23748 ms [UE 30040] UL Throughput = 0.0 Mbps
23748 ms [UE 42234] UL Throughput = 0.0 Mbps
23750 ms [UE 30040] UL Throughput = 0.06673 Mbps
23750 ms [UE 42234] UL Throughput = 0.12511 Mbps
23829 ms [UE 30040] UL Throughput = 0.0 Mbps
23829 ms [UE 42234] UL Throughput = 0.0 Mbps
23953 ms [UE 30040] UL Throughput = 0.04942 Mbps
23953 ms [UE 42234] UL Throughput = 0.02854 Mbps
24086 ms [UE 30040] UL Throughput = 0.02028 Mbps
24086 ms [UE 42234] UL Throughput = 0.0492 Mbps
24175 ms [UE 30040] UL Throughput = 0.06483 Mbps
24175 ms [UE 42234] UL Throughput = 0.0 Mbps
24178 ms [UE 30040] UL Throughput = 0.0 Mbps
24178 ms [UE 42234] UL Throughput = 0.07123 Mbps
24249 ms [UE 30040] UL Throughput = 0.03887 Mbps
24249 ms [UE 42234] UL Throughput = 0.0 Mbps
24356 ms [UE 30040] UL Throughput = 0.0 Mbps
24356 ms [UE 42234] UL Throughput = 0.0 Mbps
24416 ms [UE 30040] UL Throughput = 0.0 Mbps
24416 ms [UE 42234] UL Throughput = 0.0 Mbps
24496 ms [UE 30040] UL Throughput = 0.16049 Mbps
24496 ms [UE 42234] UL Throughput = 0.0 Mbps
24499 ms [UE 30040] UL Throughput = 0.02754 Mbps
24499 ms [UE 42234] UL Throughput = 0.0 Mbps
24622 ms [UE 30040] UL Throughput = 0.0 Mbps
24622 ms [UE 42234] UL Throughput = 0.05359 Mbps
24734 ms [UE 30040] UL Throughput = 0.0 Mbps
24734 ms [UE 42234] UL Throughput = 0.0 Mbps
24838 ms [UE 30040] UL Throughput = 0.0 Mbps
24838 ms [UE 42234] UL Throughput = 0.08926 Mbps
24934 ms [UE 42234] UL Throughput = 0.09818 Mbps
25046 ms [UE 30040] UL Throughput = 0.0 Mbps
25150 ms [UE 30040] UL Throughput = 0.08853 Mbps
25150 ms [UE 42234] UL Throughput = 0.07254 Mbps
25244 ms [UE 30040] UL Throughput = 0.04512 Mbps
25334 ms [UE 30040] UL Throughput = 0.0415 Mbps
25334 ms [UE 42234] UL Throughput = 0.05652 Mbps
25456 ms [UE 30040] UL Throughput = 0.0 Mbps
25456 ms [UE 42234] UL Throughput = 0.08937 Mbps
25570 ms [UE 30040] UL Throughput = 0.05744 Mbps
25672 ms [UE 30040] UL Throughput = 0.05419 Mbps
25672 ms [UE 42234] UL Throughput = 0.0 Mbps
25778 ms [UE 30040] UL Throughput = 0.0 Mbps
25778 ms [UE 42234] UL Throughput = 0.01593 Mbps
25877 ms [UE 30040] UL Throughput = 0.0 Mbps
25877 ms [UE 42234] UL Throughput = 0.07912 Mbps
25968 ms [UE 30040] UL Throughput = 0.08064 Mbps
25968 ms [UE 42234] UL Throughput = 0.08628 Mbps
26078 ms [UE 42234] UL Throughput = 0.07182 Mbps
26190 ms [UE 30040] UL Throughput = 0.0 Mbps
26190 ms [UE 42234] UL Throughput = 0.01365 Mbps
26309 ms [UE 30040] UL Throughput = 0.0953 Mbps
26309 ms [UE 42234] UL Throughput = 0.0 Mbps
26424 ms [UE 30040] UL Throughput = 0.08805 Mbps
26424 ms [UE 42234] UL Throughput = 0.0 Mbps
26524 ms [UE 30040] UL Throughput = 0.0 Mbps
26524 ms [UE 42234] UL Throughput = 0.0 Mbps
26530 ms [UE 30040] UL Throughput = 0.09777 Mbps
26530 ms [UE 42234] UL Throughput = 0.08612 Mbps
26629 ms [UE 30040] UL Throughput = 0.03832 Mbps
26629 ms [UE 42234] UL Throughput = 0.02989 Mbps
26743 ms [UE 30040] UL Throughput = 0.05702 Mbps
26743 ms [UE 42234] UL Throughput = 0.09948 Mbps
26840 ms [UE 30040] UL Throughput = 0.0 Mbps
26840 ms [UE 42234] UL Throughput = 0.08039 Mbps
26841 ms [UE 30040] UL Throughput = 0.02748 Mbps
26947 ms [UE 30040] UL Throughput = 0.0 Mbps
26947 ms [UE 42234] UL Throughput = 0.07985 Mbps
27045 ms [UE 42234] UL Throughput = 0.03116 Mbps
27156 ms [UE 30040] UL Throughput = 0.10353 Mbps
27156 ms [UE 42234] UL Throughput = 0.06157 Mbps
27270 ms [UE 30040] UL Throughput = 0.0 Mbps
27270 ms [UE 42234] UL Throughput = 0.01177 Mbps
27388 ms [UE 30040] UL Throughput = 0.0 Mbps
27388 ms [UE 42234] UL Throughput = 0.01099 Mbps
27484 ms [UE 30040] UL Throughput = 0.0 Mbps
27484 ms [UE 42234] UL Throughput = 0.01502 Mbps
27575 ms [UE 30040] UL Throughput = 0.06771 Mbps
27575 ms [UE 42234] UL Throughput = 0.04073 Mbps
27679 ms [UE 30040] UL Throughput = 0.06739 Mbps
27762 ms [UE 30040] UL Throughput = 0.05915 Mbps
27762 ms [UE 42234] UL Throughput = 0.0 Mbps
27857 ms [UE 30040] UL Throughput = 0.0 Mbps
27857 ms [UE 42234] UL Throughput = 0.0 Mbps
27960 ms [UE 30040] UL Throughput = 0.11063 Mbps
27960 ms [UE 42234] UL Throughput = 0.0 Mbps
28072 ms [UE 30040] UL Throughput = 0.0 Mbps
28072 ms [UE 42234] UL Throughput = 0.06003 Mbps
28186 ms [UE 30040] UL Throughput = 0.0 Mbps
28186 ms [UE 42234] UL Throughput = 0.15874 Mbps
28294 ms [UE 30040] UL Throughput = 0.15375 Mbps
28294 ms [UE 42234] UL Throughput = 0.0 Mbps
28393 ms [UE 30040] UL Throughput = 0.0 Mbps
28393 ms [UE 42234] UL Throughput = 0.14525 Mbps
28479 ms [UE 42234] UL Throughput = 0.0 Mbps
28480 ms [UE 42234] UL Throughput = 0.0 Mbps
28481 ms [UE 30040] UL Throughput = 0.05322 Mbps
28481 ms [UE 42234] UL Throughput = 0.01642 Mbps
28554 ms [UE 30040] UL Throughput = 0.09226 Mbps
28554 ms [UE 42234] UL Throughput = 0.0 Mbps
28663 ms [UE 30040] UL Throughput = 0.06775 Mbps
28663 ms [UE 42234] UL Throughput = 0.04577 Mbps
28738 ms [UE 30040] UL Throughput = 0.0499 Mbps
28738 ms [UE 42234] UL Throughput = 0.0 Mbps
28838 ms [UE 30040] UL Throughput = 0.05576 Mbps
28838 ms [UE 42234] UL Throughput = 0.0 Mbps
28913 ms [UE 30040] UL Throughput = 0.06762 Mbps
28913 ms [UE 42234] UL Throughput = 0.0 Mbps
28914 ms [UE 30040] UL Throughput = 0.09819 Mbps
28914 ms [UE 42234] UL Throughput = 0.0 Mbps
28989 ms [UE 30040] UL Throughput = 0.0 Mbps
28989 ms [UE 42234] UL Throughput = 0.0 Mbps
29072 ms [UE 30040] UL Throughput = 0.02392 Mbps
29072 ms [UE 42234] UL Throughput = 0.03054 Mbps
29152 ms [UE 30040] UL Throughput = 0.04578 Mbps
29152 ms [UE 42234] UL Throughput = 0.04697 Mbps
29272 ms [UE 30040] UL Throughput = 0.0 Mbps
29272 ms [UE 42234] UL Throughput = 0.08947 Mbps
29385 ms [UE 30040] UL Throughput = 0.03789 Mbps
29385 ms [UE 42234] UL Throughput = 0.04215 Mbps
29474 ms [UE 30040] UL Throughput = 0.06783 Mbps
29474 ms [UE 42234] UL Throughput = 0.11566 Mbps
29559 ms [UE 30040] UL Throughput = 0.03186 Mbps
29559 ms [UE 42234] UL Throughput = 0.0 Mbps
29653 ms [UE 30040] UL Throughput = 0.0 Mbps
29653 ms [UE 42234] UL Throughput = 0.02633 Mbps
29777 ms [UE 30040] UL Throughput = 0.06411 Mbps
29777 ms [UE 42234] UL Throughput = 0.0 Mbps
29914 ms [UE 30040] UL Throughput = 0.0 Mbps
29914 ms [UE 42234] UL Throughput = 0.0 Mbps
30007 ms [UE 30040] UL Throughput = 0.01677 Mbps
30009 ms [UE 30040] UL Throughput = 0.0 Mbps
30009 ms [UE 42234] UL Throughput = 0.04005 Mbps
30085 ms [UE 30040] UL Throughput = 0.05604 Mbps
30085 ms [UE 42234] UL Throughput = 0.02844 Mbps
30154 ms [UE 30040] UL Throughput = 0.0 Mbps
30154 ms [UE 42234] UL Throughput = 0.08886 Mbps
30269 ms [UE 30040] UL Throughput = 0.06415 Mbps
30269 ms [UE 42234] UL Throughput = 0.07712 Mbps
30362 ms [UE 30040] UL Throughput = 0.0103 Mbps
30362 ms [UE 42234] UL Throughput = 0.0 Mbps
30458 ms [UE 30040] UL Throughput = 0.08443 Mbps
30458 ms [UE 42234] UL Throughput = 0.0122 Mbps
30555 ms [UE 30040] UL Throughput = 0.07239 Mbps
30555 ms [UE 42234] UL Throughput = 0.05896 Mbps
30656 ms [UE 30040] UL Throughput = 0.06406 Mbps
30656 ms [UE 42234] UL Throughput = 0.0 Mbps
30756 ms [UE 42234] UL Throughput = 0.05463 Mbps
30861 ms [UE 30040] UL Throughput = 0.08861 Mbps
30954 ms [UE 30040] UL Throughput = 0.0 Mbps
30955 ms [UE 30040] UL Throughput = 0.03743 Mbps
30955 ms [UE 42234] UL Throughput = 0.04504 Mbps
31068 ms [UE 30040] UL Throughput = 0.0 Mbps
31068 ms [UE 42234] UL Throughput = 0.08131 Mbps
31154 ms [UE 30040] UL Throughput = 0.0 Mbps
31154 ms [UE 42234] UL Throughput = 0.0 Mbps
31264 ms [UE 30040] UL Throughput = 0.04658 Mbps
31264 ms [UE 42234] UL Throughput = 0.09473 Mbps
31358 ms [UE 30040] UL Throughput = 0.0 Mbps
31358 ms [UE 42234] UL Throughput = 0.02426 Mbps
31462 ms [UE 30040] UL Throughput = 0.06871 Mbps
31462 ms [UE 42234] UL Throughput = 0.01545 Mbps
31539 ms [UE 30040] UL Throughput = 0.016 Mbps
31539 ms [UE 42234] UL Throughput = 0.04726 Mbps
31626 ms [UE 42234] UL Throughput = 0.07889 Mbps
31688 ms [UE 42234] UL Throughput = 0.0 Mbps
31810 ms [UE 30040] UL Throughput = 0.0 Mbps
31810 ms [UE 42234] UL Throughput = 0.01859 Mbps
31938 ms [UE 30040] UL Throughput = 0.03428 Mbps
31941 ms [UE 30040] UL Throughput = 0.0 Mbps
31946 ms [UE 30040] UL Throughput = 0.01849 Mbps
31946 ms [UE 42234] UL Throughput = 0.01004 Mbps
32041 ms [UE 30040] UL Throughput = 0.11294 Mbps
32041 ms [UE 42234] UL Throughput = 0.0 Mbps
32143 ms [UE 30040] UL Throughput = 0.0 Mbps
32143 ms [UE 42234] UL Throughput = 0.06369 Mbps
32232 ms [UE 30040] UL Throughput = 0.12317 Mbps
32232 ms [UE 42234] UL Throughput = 0.07117 Mbps
32236 ms [UE 30040] UL Throughput = 0.0 Mbps
32236 ms [UE 42234] UL Throughput = 0.02832 Mbps
32335 ms [UE 42234] UL Throughput = 0.01802 Mbps
32451 ms [UE 30040] UL Throughput = 0.06777 Mbps
32451 ms [UE 42234] UL Throughput = 0.06824 Mbps
32554 ms [UE 30040] UL Throughput = 0.0 Mbps
32554 ms [UE 42234] UL Throughput = 0.0 Mbps
32666 ms [UE 42234] UL Throughput = 0.03941 Mbps
32763 ms [UE 30040] UL Throughput = 0.09499 Mbps
32763 ms [UE 42234] UL Throughput = 0.0 Mbps
32859 ms [UE 30040] UL Throughput = 0.05447 Mbps
32859 ms [UE 42234] UL Throughput = 0.0 Mbps
32977 ms [UE 30040] UL Throughput = 0.06309 Mbps
33061 ms [UE 30040] UL Throughput = 0.04165 Mbps
33061 ms [UE 42234] UL Throughput = 0.09431 Mbps
33174 ms [UE 30040] UL Throughput = 0.0 Mbps
33174 ms [UE 42234] UL Throughput = 0.0 Mbps
33288 ms [UE 30040] UL Throughput = 0.09659 Mbps
33288 ms [UE 42234] UL Throughput = 0.0 Mbps
33294 ms [UE 30040] UL Throughput = 0.0 Mbps
33294 ms [UE 42234] UL Throughput = 0.0 Mbps
33295 ms [UE 30040] UL Throughput = 0.05683 Mbps
33295 ms [UE 42234] UL Throughput = 0.02913 Mbps
33387 ms [UE 30040] UL Throughput = 0.0 Mbps
33387 ms [UE 42234] UL Throughput = 0.0574 Mbps
33486 ms [UE 30040] UL Throughput = 0.05975 Mbps
33486 ms [UE 42234] UL Throughput = 0.04821 Mbps
33571 ms [UE 30040] UL Throughput = 0.0 Mbps
33571 ms [UE 42234] UL Throughput = 0.05635 Mbps
33575 ms [UE 30040] UL Throughput = 0.0 Mbps
33575 ms [UE 42234] UL Throughput = 0.0 Mbps
33664 ms [UE 42234] UL Throughput = 0.06404 Mbps
33767 ms [UE 30040] UL Throughput = 0.0 Mbps
33767 ms [UE 42234] UL Throughput = 0.03968 Mbps
33859 ms [UE 42234] UL Throughput = 0.0 Mbps
33936 ms [UE 30040] UL Throughput = 0.0 Mbps
33936 ms [UE 42234] UL Throughput = 0.0 Mbps
34045 ms [UE 30040] UL Throughput = 0.05094 Mbps
34045 ms [UE 42234] UL Throughput = 0.01413 Mbps
34131 ms [UE 30040] UL Throughput = 0.0 Mbps
34131 ms [UE 42234] UL Throughput = 0.08417 Mbps
34248 ms [UE 30040] UL Throughput = 0.02927 Mbps
34248 ms [UE 42234] UL Throughput = 0.09407 Mbps
34327 ms [UE 30040] UL Throughput = 0.03293 Mbps
34327 ms [UE 42234] UL Throughput = 0.0 Mbps
34440 ms [UE 30040] UL Throughput = 0.0 Mbps
34440 ms [UE 42234] UL Throughput = 0.0 Mbps
34559 ms [UE 30040] UL Throughput = 0.17132 Mbps
34559 ms [UE 42234] UL Throughput = 0.0 Mbps
34665 ms [UE 42234] UL Throughput = 0.0 Mbps
34667 ms [UE 30040] UL Throughput = 0.02503 Mbps
34667 ms [UE 42234] UL Throughput = 0.19814 Mbps
34669 ms [UE 42234] UL Throughput = 0.02501 Mbps
34675 ms [UE 30040] UL Throughput = 0.0 Mbps
34675 ms [UE 42234] UL Throughput = 0.02065 Mbps
34757 ms [UE 30040] UL Throughput = 0.0 Mbps
34757 ms [UE 42234] UL Throughput = 0.0 Mbps
34761 ms [UE 30040] UL Throughput = 0.0 Mbps
34761 ms [UE 42234] UL Throughput = 0.03856 Mbps
34767 ms [UE 30040] UL Throughput = 0.02548 Mbps
34767 ms [UE 42234] UL Throughput = 0.04092 Mbps
34858 ms [UE 30040] UL Throughput = 0.01669 Mbps
34858 ms [UE 42234] UL Throughput = 0.05204 Mbps
34951 ms [UE 30040] UL Throughput = 0.0 Mbps
34951 ms [UE 42234] UL Throughput = 0.0 Mbps
34953 ms [UE 30040] UL Throughput = 0.0206 Mbps
34953 ms [UE 42234] UL Throughput = 0.0 Mbps
34959 ms [UE 30040] UL Throughput = 0.05577 Mbps
34959 ms [UE 42234] UL Throughput = 0.01859 Mbps
35070 ms [UE 30040] UL Throughput = 0.04656 Mbps
35070 ms [UE 42234] UL Throughput = 0.02702 Mbps
35071 ms [UE 30040] UL Throughput = 0.09652 Mbps
35071 ms [UE 42234] UL Throughput = 0.0484 Mbps
35153 ms [UE 30040] UL Throughput = 0.05663 Mbps
35153 ms [UE 42234] UL Throughput = 0.09284 Mbps
35159 ms [UE 30040] UL Throughput = 0.06859 Mbps
35159 ms [UE 42234] UL Throughput = 0.0 Mbps
35256 ms [UE 30040] UL Throughput = 0.0 Mbps
35256 ms [UE 42234] UL Throughput = 0.04787 Mbps
35342 ms [UE 30040] UL Throughput = 0.09136 Mbps
35342 ms [UE 42234] UL Throughput = 0.0 Mbps
35450 ms [UE 30040] UL Throughput = 0.0 Mbps
35552 ms [UE 30040] UL Throughput = 0.06505 Mbps
35552 ms [UE 42234] UL Throughput = 0.06276 Mbps
35648 ms [UE 30040] UL Throughput = 0.07642 Mbps
35648 ms [UE 42234] UL Throughput = 0.03017 Mbps
35731 ms [UE 30040] UL Throughput = 0.01062 Mbps
35731 ms [UE 42234] UL Throughput = 0.0 Mbps
35811 ms [UE 30040] UL Throughput = 0.09775 Mbps
35811 ms [UE 42234] UL Throughput = 0.0 Mbps
35923 ms [UE 30040] UL Throughput = 0.09512 Mbps
35923 ms [UE 42234] UL Throughput = 0.0 Mbps
36011 ms [UE 30040] UL Throughput = 0.01231 Mbps
36011 ms [UE 42234] UL Throughput = 0.09014 Mbps
36115 ms [UE 30040] UL Throughput = 0.0 Mbps
36115 ms [UE 42234] UL Throughput = 0.10163 Mbps
36226 ms [UE 30040] UL Throughput = 0.0 Mbps
36226 ms [UE 42234] UL Throughput = 0.06206 Mbps
36231 ms [UE 30040] UL Throughput = 0.07436 Mbps
36335 ms [UE 42234] UL Throughput = 0.0 Mbps
36454 ms [UE 30040] UL Throughput = 0.03856 Mbps
36454 ms [UE 42234] UL Throughput = 0.07135 Mbps
36536 ms [UE 30040] UL Throughput = 0.0 Mbps
36536 ms [UE 42234] UL Throughput = 0.06651 Mbps
36651 ms [UE 30040] UL Throughput = 0.05782 Mbps
36651 ms [UE 42234] UL Throughput = 0.04334 Mbps
36730 ms [UE 30040] UL Throughput = 0.0 Mbps
36730 ms [UE 42234] UL Throughput = 0.09809 Mbps
36852 ms [UE 30040] UL Throughput = 0.08561 Mbps
36852 ms [UE 42234] UL Throughput = 0.0 Mbps
36993 ms [UE 30040] UL Throughput = 0.0 Mbps
37102 ms [UE 30040] UL Throughput = 0.0 Mbps
37102 ms [UE 42234] UL Throughput = 0.01352 Mbps
37106 ms [UE 30040] UL Throughput = 0.04123 Mbps
37106 ms [UE 42234] UL Throughput = 0.04333 Mbps
37169 ms [UE 30040] UL Throughput = 0.03576 Mbps
37169 ms [UE 42234] UL Throughput = 0.0 Mbps
37264 ms [UE 30040] UL Throughput = 0.01744 Mbps
37264 ms [UE 42234] UL Throughput = 0.0 Mbps
37387 ms [UE 30040] UL Throughput = 0.05456 Mbps
37387 ms [UE 42234] UL Throughput = 0.04343 Mbps
37388 ms [UE 42234] UL Throughput = 0.0953 Mbps
37494 ms [UE 42234] UL Throughput = 0.05684 Mbps
37594 ms [UE 30040] UL Throughput = 0.08951 Mbps
37594 ms [UE 42234] UL Throughput = 0.0 Mbps
37710 ms [UE 30040] UL Throughput = 0.03673 Mbps
37710 ms [UE 42234] UL Throughput = 0.05469 Mbps
37711 ms [UE 30040] UL Throughput = 0.01667 Mbps
37711 ms [UE 42234] UL Throughput = 0.0 Mbps
37819 ms [UE 30040] UL Throughput = 0.0 Mbps
37915 ms [UE 30040] UL Throughput = 0.0 Mbps
37915 ms [UE 42234] UL Throughput = 0.05078 Mbps
38036 ms [UE 30040] UL Throughput = 0.0802 Mbps
38036 ms [UE 42234] UL Throughput = 0.0 Mbps
38149 ms [UE 30040] UL Throughput = 0.0991 Mbps
38149 ms [UE 42234] UL Throughput = 0.03993 Mbps
38254 ms [UE 30040] UL Throughput = 0.0 Mbps
38254 ms [UE 42234] UL Throughput = 0.0 Mbps
38359 ms [UE 42234] UL Throughput = 0.0 Mbps
38456 ms [UE 30040] UL Throughput = 0.0 Mbps
38456 ms [UE 42234] UL Throughput = 0.06022 Mbps
38459 ms [UE 30040] UL Throughput = 0.0 Mbps
38459 ms [UE 42234] UL Throughput = 0.01811 Mbps
38548 ms [UE 30040] UL Throughput = 0.0 Mbps
38548 ms [UE 42234] UL Throughput = 0.07199 Mbps
38663 ms [UE 30040] UL Throughput = 0.04109 Mbps
38663 ms [UE 42234] UL Throughput = 0.0 Mbps
38738 ms [UE 30040] UL Throughput = 0.0 Mbps
38738 ms [UE 42234] UL Throughput = 0.0 Mbps
38826 ms [UE 30040] UL Throughput = 0.07898 Mbps
38829 ms [UE 30040] UL Throughput = 0.06091 Mbps
38952 ms [UE 30040] UL Throughput = 0.0 Mbps
38952 ms [UE 42234] UL Throughput = 0.0 Mbps
39067 ms [UE 30040] UL Throughput = 0.0 Mbps
39160 ms [UE 30040] UL Throughput = 0.0 Mbps
39160 ms [UE 42234] UL Throughput = 0.0 Mbps
39163 ms [UE 30040] UL Throughput = 0.05544 Mbps
39163 ms [UE 42234] UL Throughput = 0.0 Mbps
39169 ms [UE 30040] UL Throughput = 0.0 Mbps
39169 ms [UE 42234] UL Throughput = 0.0 Mbps
39174 ms [UE 30040] UL Throughput = 0.08165 Mbps
39174 ms [UE 42234] UL Throughput = 0.0 Mbps
39176 ms [UE 30040] UL Throughput = 0.0 Mbps
39176 ms [UE 42234] UL Throughput = 0.14593 Mbps
39283 ms [UE 30040] UL Throughput = 0.0 Mbps
39283 ms [UE 42234] UL Throughput = 0.05638 Mbps
39376 ms [UE 30040] UL Throughput = 0.0 Mbps
39376 ms [UE 42234] UL Throughput = 0.0 Mbps
39510 ms [UE 30040] UL Throughput = 0.03541 Mbps
39510 ms [UE 42234] UL Throughput = 0.05326 Mbps
39511 ms [UE 30040] UL Throughput = 0.0 Mbps
39511 ms [UE 42234] UL Throughput = 0.06541 Mbps
39599 ms [UE 30040] UL Throughput = 0.08113 Mbps
39599 ms [UE 42234] UL Throughput = 0.0 Mbps
39600 ms [UE 30040] UL Throughput = 0.0 Mbps
39600 ms [UE 42234] UL Throughput = 0.0 Mbps
39679 ms [UE 30040] UL Throughput = 0.0 Mbps
39679 ms [UE 42234] UL Throughput = 0.0 Mbps
39781 ms [UE 30040] UL Throughput = 0.0 Mbps
39781 ms [UE 42234] UL Throughput = 0.0 Mbps
39902 ms [UE 30040] UL Throughput = 0.0 Mbps
39902 ms [UE 42234] UL Throughput = 0.03547 Mbps
39905 ms [UE 30040] UL Throughput = 0.0 Mbps
39905 ms [UE 42234] UL Throughput = 0.0 Mbps
40004 ms [UE 30040] UL Throughput = 0.0 Mbps
40004 ms [UE 42234] UL Throughput = 0.05389 Mbps
40112 ms [UE 30040] UL Throughput = 0.04287 Mbps
40112 ms [UE 42234] UL Throughput = 0.02321 Mbps
40180 ms [UE 30040] UL Throughput = 0.0 Mbps
40180 ms [UE 42234] UL Throughput = 0.0 Mbps
40185 ms [UE 30040] UL Throughput = 0.0477 Mbps
40185 ms [UE 42234] UL Throughput = 0.04516 Mbps
40281 ms [UE 30040] UL Throughput = 0.09525 Mbps
40281 ms [UE 42234] UL Throughput = 0.0 Mbps
40377 ms [UE 30040] UL Throughput = 0.04333 Mbps
40488 ms [UE 30040] UL Throughput = 0.0298 Mbps
40488 ms [UE 42234] UL Throughput = 0.0412 Mbps
40566 ms [UE 30040] UL Throughput = 0.04834 Mbps
40566 ms [UE 42234] UL Throughput = 0.0 Mbps
40668 ms [UE 42234] UL Throughput = 0.08393 Mbps
40757 ms [UE 30040] UL Throughput = 0.07438 Mbps
40757 ms [UE 42234] UL Throughput = 0.0 Mbps
40873 ms [UE 30040] UL Throughput = 0.03608 Mbps
40873 ms [UE 42234] UL Throughput = 0.03967 Mbps
40971 ms [UE 30040] UL Throughput = 0.07694 Mbps
40971 ms [UE 42234] UL Throughput = 0.0 Mbps
41078 ms [UE 30040] UL Throughput = 0.01297 Mbps
41078 ms [UE 42234] UL Throughput = 0.02642 Mbps
41079 ms [UE 42234] UL Throughput = 0.01801 Mbps
41167 ms [UE 30040] UL Throughput = 0.0 Mbps
41167 ms [UE 42234] UL Throughput = 0.0 Mbps
41253 ms [UE 30040] UL Throughput = 0.0 Mbps
41253 ms [UE 42234] UL Throughput = 0.05783 Mbps
41255 ms [UE 30040] UL Throughput = 0.0 Mbps
41255 ms [UE 42234] UL Throughput = 0.07706 Mbps
41259 ms [UE 30040] UL Throughput = 0.04941 Mbps
41259 ms [UE 42234] UL Throughput = 0.08942 Mbps
41353 ms [UE 30040] UL Throughput = 0.03565 Mbps
41353 ms [UE 42234] UL Throughput = 0.0 Mbps
41463 ms [UE 30040] UL Throughput = 0.06183 Mbps
41463 ms [UE 42234] UL Throughput = 0.0 Mbps
41464 ms [UE 30040] UL Throughput = 0.0 Mbps
41464 ms [UE 42234] UL Throughput = 0.0 Mbps
41550 ms [UE 30040] UL Throughput = 0.0 Mbps
41550 ms [UE 42234] UL Throughput = 0.0 Mbps
41616 ms [UE 30040] UL Throughput = 0.0256 Mbps
41616 ms [UE 42234] UL Throughput = 0.09558 Mbps
41725 ms [UE 30040] UL Throughput = 0.06072 Mbps
41725 ms [UE 42234] UL Throughput = 0.03628 Mbps
41828 ms [UE 30040] UL Throughput = 0.0888 Mbps
41828 ms [UE 42234] UL Throughput = 0.0 Mbps
41921 ms [UE 30040] UL Throughput = 0.0 Mbps
41921 ms [UE 42234] UL Throughput = 0.0 Mbps
42034 ms [UE 42234] UL Throughput = 0.06125 Mbps
42040 ms [UE 42234] UL Throughput = 0.0 Mbps
42137 ms [UE 30040] UL Throughput = 0.0 Mbps
42137 ms [UE 42234] UL Throughput = 0.0 Mbps
42245 ms [UE 30040] UL Throughput = 0.04075 Mbps
42245 ms [UE 42234] UL Throughput = 0.04481 Mbps
42352 ms [UE 30040] UL Throughput = 0.09909 Mbps
42352 ms [UE 42234] UL Throughput = 0.0 Mbps
42357 ms [UE 30040] UL Throughput = 0.03688 Mbps
42357 ms [UE 42234] UL Throughput = 0.07169 Mbps
42435 ms [UE 30040] UL Throughput = 0.0 Mbps
42517 ms [UE 42234] UL Throughput = 0.05651 Mbps
42620 ms [UE 30040] UL Throughput = 0.0 Mbps
42620 ms [UE 42234] UL Throughput = 0.03961 Mbps
42722 ms [UE 30040] UL Throughput = 0.0 Mbps
42722 ms [UE 42234] UL Throughput = 0.0 Mbps
42821 ms [UE 30040] UL Throughput = 0.07697 Mbps
42821 ms [UE 42234] UL Throughput = 0.0 Mbps
42827 ms [UE 30040] UL Throughput = 0.03724 Mbps
42827 ms [UE 42234] UL Throughput = 0.0 Mbps
42919 ms [UE 30040] UL Throughput = 0.0 Mbps
42919 ms [UE 42234] UL Throughput = 0.0 Mbps
43033 ms [UE 30040] UL Throughput = 0.0 Mbps
43033 ms [UE 42234] UL Throughput = 0.0 Mbps
43120 ms [UE 30040] UL Throughput = 0.04821 Mbps
43120 ms [UE 42234] UL Throughput = 0.02363 Mbps
43177 ms [UE 30040] UL Throughput = 0.0 Mbps
43177 ms [UE 42234] UL Throughput = 0.07962 Mbps
43283 ms [UE 30040] UL Throughput = 0.0 Mbps
43374 ms [UE 30040] UL Throughput = 0.02647 Mbps
43374 ms [UE 42234] UL Throughput = 0.0 Mbps
43469 ms [UE 30040] UL Throughput = 0.0 Mbps
43469 ms [UE 42234] UL Throughput = 0.07116 Mbps
43473 ms [UE 30040] UL Throughput = 0.09099 Mbps
43473 ms [UE 42234] UL Throughput = 0.0778 Mbps
43548 ms [UE 30040] UL Throughput = 0.0 Mbps
43548 ms [UE 42234] UL Throughput = 0.0 Mbps
43666 ms [UE 30040] UL Throughput = 0.0 Mbps
43666 ms [UE 42234] UL Throughput = 0.0 Mbps
43755 ms [UE 30040] UL Throughput = 0.0 Mbps
43755 ms [UE 42234] UL Throughput = 0.03752 Mbps
43854 ms [UE 30040] UL Throughput = 0.0356 Mbps
43854 ms [UE 42234] UL Throughput = 0.03898 Mbps
43860 ms [UE 30040] UL Throughput = 0.06001 Mbps
43860 ms [UE 42234] UL Throughput = 0.01315 Mbps
43935 ms [UE 30040] UL Throughput = 0.0108 Mbps
43935 ms [UE 42234] UL Throughput = 0.04564 Mbps
44029 ms [UE 30040] UL Throughput = 0.0 Mbps
44029 ms [UE 42234] UL Throughput = 0.0 Mbps
44135 ms [UE 30040] UL Throughput = 0.0767 Mbps
44135 ms [UE 42234] UL Throughput = 0.0 Mbps
44213 ms [UE 30040] UL Throughput = 0.05532 Mbps
44213 ms [UE 42234] UL Throughput = 0.09682 Mbps
44336 ms [UE 30040] UL Throughput = 0.06283 Mbps
44336 ms [UE 42234] UL Throughput = 0.01002 Mbps
44447 ms [UE 42234] UL Throughput = 0.08519 Mbps
44532 ms [UE 30040] UL Throughput = 0.0 Mbps
44532 ms [UE 42234] UL Throughput = 0.0 Mbps
44626 ms [UE 30040] UL Throughput = 0.06464 Mbps
44626 ms [UE 42234] UL Throughput = 0.0 Mbps
44707 ms [UE 30040] UL Throughput = 0.0 Mbps
44707 ms [UE 42234] UL Throughput = 0.0 Mbps
44803 ms [UE 30040] UL Throughput = 0.0 Mbps
44803 ms [UE 42234] UL Throughput = 0.0 Mbps
44921 ms [UE 42234] UL Throughput = 0.04221 Mbps
45005 ms [UE 30040] UL Throughput = 0.05013 Mbps
45005 ms [UE 42234] UL Throughput = 0.0602 Mbps
45113 ms [UE 30040] UL Throughput = 0.04164 Mbps
45113 ms [UE 42234] UL Throughput = 0.0 Mbps
45115 ms [UE 30040] UL Throughput = 0.0 Mbps
45115 ms [UE 42234] UL Throughput = 0.0 Mbps
45235 ms [UE 30040] UL Throughput = 0.0681 Mbps
45339 ms [UE 30040] UL Throughput = 0.0 Mbps
45339 ms [UE 42234] UL Throughput = 0.0 Mbps
45435 ms [UE 30040] UL Throughput = 0.10752 Mbps
45435 ms [UE 42234] UL Throughput = 0.0 Mbps
45516 ms [UE 30040] UL Throughput = 0.0 Mbps
45622 ms [UE 30040] UL Throughput = 0.0 Mbps
45622 ms [UE 42234] UL Throughput = 0.0 Mbps
45626 ms [UE 30040] UL Throughput = 0.0 Mbps
45626 ms [UE 42234] UL Throughput = 0.0 Mbps
45630 ms [UE 30040] UL Throughput = 0.06909 Mbps
45630 ms [UE 42234] UL Throughput = 0.0 Mbps
45633 ms [UE 30040] UL Throughput = 0.0 Mbps
45701 ms [UE 30040] UL Throughput = 0.04774 Mbps
45701 ms [UE 42234] UL Throughput = 0.01581 Mbps
45766 ms [UE 30040] UL Throughput = 0.0 Mbps
45766 ms [UE 42234] UL Throughput = 0.05677 Mbps
45768 ms [UE 42234] UL Throughput = 0.0 Mbps
45872 ms [UE 30040] UL Throughput = 0.08154 Mbps
45872 ms [UE 42234] UL Throughput = 0.0 Mbps
45968 ms [UE 30040] UL Throughput = 0.12541 Mbps
45968 ms [UE 42234] UL Throughput = 0.0 Mbps
46084 ms [UE 30040] UL Throughput = 0.0619 Mbps
46084 ms [UE 42234] UL Throughput = 0.03856 Mbps
46163 ms [UE 42234] UL Throughput = 0.0 Mbps
46280 ms [UE 30040] UL Throughput = 0.0 Mbps
46280 ms [UE 42234] UL Throughput = 0.0 Mbps
46397 ms [UE 30040] UL Throughput = 0.03885 Mbps
46397 ms [UE 42234] UL Throughput = 0.0 Mbps
46499 ms [UE 30040] UL Throughput = 0.0 Mbps
46499 ms [UE 42234] UL Throughput = 0.07727 Mbps
46577 ms [UE 30040] UL Throughput = 0.0 Mbps
46577 ms [UE 42234] UL Throughput = 0.09706 Mbps
46697 ms [UE 30040] UL Throughput = 0.07024 Mbps
46697 ms [UE 42234] UL Throughput = 0.0 Mbps
46805 ms [UE 30040] UL Throughput = 0.0 Mbps
46805 ms [UE 42234] UL Throughput = 0.0 Mbps
46922 ms [UE 30040] UL Throughput = 0.0457 Mbps
46922 ms [UE 42234] UL Throughput = 0.06745 Mbps
46923 ms [UE 30040] UL Throughput = 0.0 Mbps
46999 ms [UE 30040] UL Throughput = 0.0 Mbps
46999 ms [UE 42234] UL Throughput = 0.0 Mbps
47088 ms [UE 30040] UL Throughput = 0.04331 Mbps
47088 ms [UE 42234] UL Throughput = 0.0 Mbps
47179 ms [UE 42234] UL Throughput = 0.04425 Mbps
47289 ms [UE 30040] UL Throughput = 0.09251 Mbps
47289 ms [UE 42234] UL Throughput = 0.0 Mbps
47376 ms [UE 30040] UL Throughput = 0.0696 Mbps
47376 ms [UE 42234] UL Throughput = 0.04613 Mbps
47382 ms [UE 30040] UL Throughput = 0.0328 Mbps
47483 ms [UE 30040] UL Throughput = 0.04107 Mbps
47483 ms [UE 42234] UL Throughput = 0.0 Mbps
47571 ms [UE 30040] UL Throughput = 0.01774 Mbps
47571 ms [UE 42234] UL Throughput = 0.02106 Mbps
47687 ms [UE 30040] UL Throughput = 0.0 Mbps
47687 ms [UE 42234] UL Throughput = 0.0 Mbps
47780 ms [UE 30040] UL Throughput = 0.03283 Mbps
47780 ms [UE 42234] UL Throughput = 0.06267 Mbps
47881 ms [UE 30040] UL Throughput = 0.01492 Mbps
47881 ms [UE 42234] UL Throughput = 0.0 Mbps
47982 ms [UE 30040] UL Throughput = 0.0478 Mbps
47982 ms [UE 42234] UL Throughput = 0.08612 Mbps
48081 ms [UE 30040] UL Throughput = 0.0 Mbps
48081 ms [UE 42234] UL Throughput = 0.0 Mbps
48180 ms [UE 42234] UL Throughput = 0.0 Mbps
48291 ms [UE 30040] UL Throughput = 0.07991 Mbps
48291 ms [UE 42234] UL Throughput = 0.01193 Mbps
48296 ms [UE 30040] UL Throughput = 0.05361 Mbps
48411 ms [UE 30040] UL Throughput = 0.0 Mbps
48411 ms [UE 42234] UL Throughput = 0.0 Mbps
48524 ms [UE 30040] UL Throughput = 0.0 Mbps
48524 ms [UE 42234] UL Throughput = 0.0 Mbps
48528 ms [UE 30040] UL Throughput = 0.0 Mbps
48528 ms [UE 42234] UL Throughput = 0.01501 Mbps
48630 ms [UE 30040] UL Throughput = 0.0 Mbps
48630 ms [UE 42234] UL Throughput = 0.0 Mbps
48732 ms [UE 30040] UL Throughput = 0.09763 Mbps
48829 ms [UE 30040] UL Throughput = 0.0 Mbps
48829 ms [UE 42234] UL Throughput = 0.0 Mbps
48925 ms [UE 30040] UL Throughput = 0.0 Mbps
48925 ms [UE 42234] UL Throughput = 0.0 Mbps
48927 ms [UE 30040] UL Throughput = 0.0 Mbps
48927 ms [UE 42234] UL Throughput = 0.0 Mbps
48932 ms [UE 30040] UL Throughput = 0.03148 Mbps
48932 ms [UE 42234] UL Throughput = 0.07383 Mbps
49039 ms [UE 30040] UL Throughput = 0.09938 Mbps
49039 ms [UE 42234] UL Throughput = 0.0 Mbps
49127 ms [UE 30040] UL Throughput = 0.08308 Mbps
49127 ms [UE 42234] UL Throughput = 0.0 Mbps
49234 ms [UE 30040] UL Throughput = 0.0 Mbps
49234 ms [UE 42234] UL Throughput = 0.0 Mbps
49330 ms [UE 30040] UL Throughput = 0.0 Mbps
49330 ms [UE 42234] UL Throughput = 0.0 Mbps
49443 ms [UE 30040] UL Throughput = 0.05636 Mbps
49443 ms [UE 42234] UL Throughput = 0.04766 Mbps
49552 ms [UE 30040] UL Throughput = 0.0 Mbps
49552 ms [UE 42234] UL Throughput = 0.02112 Mbps
49644 ms [UE 30040] UL Throughput = 0.0 Mbps
49644 ms [UE 42234] UL Throughput = 0.0 Mbps
49758 ms [UE 30040] UL Throughput = 0.0 Mbps
49758 ms [UE 42234] UL Throughput = 0.02028 Mbps
49863 ms [UE 42234] UL Throughput = 0.0 Mbps
49990 ms [UE 30040] UL Throughput = 0.0 Mbps
49993 ms [UE 30040] UL Throughput = 0.02756 Mbps
49993 ms [UE 42234] UL Throughput = 0.05934 Mbps
50111 ms [UE 30040] UL Throughput = 0.05212 Mbps
50111 ms [UE 42234] UL Throughput = 0.0373 Mbps
50235 ms [UE 30040] UL Throughput = 0.08149 Mbps
50235 ms [UE 42234] UL Throughput = 0.01222 Mbps
50236 ms [UE 30040] UL Throughput = 0.05893 Mbps
50236 ms [UE 42234] UL Throughput = 0.0 Mbps
50345 ms [UE 30040] UL Throughput = 0.0 Mbps
50345 ms [UE 42234] UL Throughput = 0.0 Mbps
50441 ms [UE 30040] UL Throughput = 0.08171 Mbps
50441 ms [UE 42234] UL Throughput = 0.01975 Mbps
50442 ms [UE 30040] UL Throughput = 0.0 Mbps
50442 ms [UE 42234] UL Throughput = 0.07365 Mbps
50547 ms [UE 30040] UL Throughput = 0.04738 Mbps
50547 ms [UE 42234] UL Throughput = 0.09934 Mbps
50550 ms [UE 30040] UL Throughput = 0.05541 Mbps
50550 ms [UE 42234] UL Throughput = 0.0 Mbps
50553 ms [UE 30040] UL Throughput = 0.04432 Mbps
50553 ms [UE 42234] UL Throughput = 0.01081 Mbps
50663 ms [UE 30040] UL Throughput = 0.0 Mbps
50663 ms [UE 42234] UL Throughput = 0.09406 Mbps
50777 ms [UE 42234] UL Throughput = 0.0 Mbps
50864 ms [UE 30040] UL Throughput = 0.02191 Mbps
50962 ms [UE 42234] UL Throughput = 0.0 Mbps
51068 ms [UE 30040] UL Throughput = 0.07372 Mbps
51068 ms [UE 42234] UL Throughput = 0.06885 Mbps
51170 ms [UE 30040] UL Throughput = 0.0 Mbps
51267 ms [UE 30040] UL Throughput = 0.0719 Mbps
51267 ms [UE 42234] UL Throughput = 0.01525 Mbps
51361 ms [UE 42234] UL Throughput = 0.0 Mbps
51364 ms [UE 30040] UL Throughput = 0.09751 Mbps
51364 ms [UE 42234] UL Throughput = 0.03863 Mbps
51466 ms [UE 30040] UL Throughput = 0.08596 Mbps
51466 ms [UE 42234] UL Throughput = 0.0 Mbps
51469 ms [UE 30040] UL Throughput = 0.0 Mbps
51469 ms [UE 42234] UL Throughput = 0.0 Mbps
51578 ms [UE 30040] UL Throughput = 0.0 Mbps
51683 ms [UE 30040] UL Throughput = 0.01389 Mbps
51683 ms [UE 42234] UL Throughput = 0.0861 Mbps
51687 ms [UE 30040] UL Throughput = 0.0 Mbps
51687 ms [UE 42234] UL Throughput = 0.06539 Mbps
51814 ms [UE 30040] UL Throughput = 0.07553 Mbps
51814 ms [UE 42234] UL Throughput = 0.0 Mbps
51815 ms [UE 30040] UL Throughput = 0.02221 Mbps
51815 ms [UE 42234] UL Throughput = 0.04388 Mbps
51906 ms [UE 30040] UL Throughput = 0.09303 Mbps
51906 ms [UE 42234] UL Throughput = 0.0 Mbps
52008 ms [UE 30040] UL Throughput = 0.09673 Mbps
52008 ms [UE 42234] UL Throughput = 0.13381 Mbps
52106 ms [UE 30040] UL Throughput = 0.0 Mbps
52106 ms [UE 42234] UL Throughput = 0.01773 Mbps
52199 ms [UE 30040] UL Throughput = 0.05345 Mbps
52199 ms [UE 42234] UL Throughput = 0.06163 Mbps
52311 ms [UE 30040] UL Throughput = 0.0 Mbps
52311 ms [UE 42234] UL Throughput = 0.0 Mbps
52406 ms [UE 30040] UL Throughput = 0.09863 Mbps
52406 ms [UE 42234] UL Throughput = 0.0 Mbps
52486 ms [UE 30040] UL Throughput = 0.0 Mbps
52486 ms [UE 42234] UL Throughput = 0.0218 Mbps
52488 ms [UE 30040] UL Throughput = 0.03377 Mbps
52488 ms [UE 42234] UL Throughput = 0.03233 Mbps
52595 ms [UE 30040] UL Throughput = 0.0 Mbps
52595 ms [UE 42234] UL Throughput = 0.0 Mbps
52680 ms [UE 30040] UL Throughput = 0.07898 Mbps
52798 ms [UE 30040] UL Throughput = 0.0 Mbps
52798 ms [UE 42234] UL Throughput = 0.15068 Mbps
52906 ms [UE 30040] UL Throughput = 0.05404 Mbps
53001 ms [UE 30040] UL Throughput = 0.0 Mbps
53001 ms [UE 42234] UL Throughput = 0.08015 Mbps
53111 ms [UE 30040] UL Throughput = 0.07019 Mbps
53111 ms [UE 42234] UL Throughput = 0.0 Mbps
53117 ms [UE 30040] UL Throughput = 0.0 Mbps
53117 ms [UE 42234] UL Throughput = 0.04871 Mbps
53222 ms [UE 30040] UL Throughput = 0.08602 Mbps
53222 ms [UE 42234] UL Throughput = 0.0 Mbps
53326 ms [UE 30040] UL Throughput = 0.0 Mbps
53326 ms [UE 42234] UL Throughput = 0.05611 Mbps
53430 ms [UE 30040] UL Throughput = 0.0 Mbps
53430 ms [UE 42234] UL Throughput = 0.0 Mbps
53539 ms [UE 30040] UL Throughput = 0.0 Mbps
53539 ms [UE 42234] UL Throughput = 0.0 Mbps
53545 ms [UE 30040] UL Throughput = 0.0 Mbps
53545 ms [UE 42234] UL Throughput = 0.05411 Mbps
53649 ms [UE 30040] UL Throughput = 0.03737 Mbps
53649 ms [UE 42234] UL Throughput = 0.05495 Mbps
53653 ms [UE 30040] UL Throughput = 0.0 Mbps
53653 ms [UE 42234] UL Throughput = 0.01739 Mbps
53741 ms [UE 30040] UL Throughput = 0.06084 Mbps
53853 ms [UE 30040] UL Throughput = 0.0 Mbps
53959 ms [UE 30040] UL Throughput = 0.07852 Mbps
53959 ms [UE 42234] UL Throughput = 0.0 Mbps
53960 ms [UE 30040] UL Throughput = 0.08766 Mbps
53960 ms [UE 42234] UL Throughput = 0.0 Mbps
53963 ms [UE 30040] UL Throughput = 0.04614 Mbps
53963 ms [UE 42234] UL Throughput = 0.07416 Mbps
53965 ms [UE 30040] UL Throughput = 0.0 Mbps
53965 ms [UE 42234] UL Throughput = 0.0 Mbps
54056 ms [UE 30040] UL Throughput = 0.04367 Mbps
54056 ms [UE 42234] UL Throughput = 0.03214 Mbps
54057 ms [UE 42234] UL Throughput = 0.02397 Mbps
54148 ms [UE 30040] UL Throughput = 0.07633 Mbps
54148 ms [UE 42234] UL Throughput = 0.0 Mbps
54242 ms [UE 30040] UL Throughput = 0.14676 Mbps
54242 ms [UE 42234] UL Throughput = 0.0 Mbps
54326 ms [UE 30040] UL Throughput = 0.04609 Mbps
54428 ms [UE 30040] UL Throughput = 0.0 Mbps
54428 ms [UE 42234] UL Throughput = 0.08033 Mbps
54532 ms [UE 30040] UL Throughput = 0.0 Mbps
54532 ms [UE 42234] UL Throughput = 0.0 Mbps
54611 ms [UE 30040] UL Throughput = 0.0 Mbps
54611 ms [UE 42234] UL Throughput = 0.0 Mbps
54613 ms [UE 30040] UL Throughput = 0.07344 Mbps
54719 ms [UE 30040] UL Throughput = 0.0 Mbps
54719 ms [UE 42234] UL Throughput = 0.0 Mbps
54810 ms [UE 30040] UL Throughput = 0.09792 Mbps
54810 ms [UE 42234] UL Throughput = 0.0 Mbps
54901 ms [UE 30040] UL Throughput = 0.0 Mbps
54901 ms [UE 42234] UL Throughput = 0.0 Mbps
54906 ms [UE 30040] UL Throughput = 0.09303 Mbps
55020 ms [UE 30040] UL Throughput = 0.0 Mbps
55020 ms [UE 42234] UL Throughput = 0.0 Mbps
55021 ms [UE 30040] UL Throughput = 0.04031 Mbps
55021 ms [UE 42234] UL Throughput = 0.0 Mbps
55121 ms [UE 30040] UL Throughput = 0.0 Mbps
55121 ms [UE 42234] UL Throughput = 0.11553 Mbps
55222 ms [UE 30040] UL Throughput = 0.13932 Mbps
55222 ms [UE 42234] UL Throughput = 0.0 Mbps
55333 ms [UE 30040] UL Throughput = 0.0 Mbps
55333 ms [UE 42234] UL Throughput = 0.0 Mbps
55423 ms [UE 30040] UL Throughput = 0.0 Mbps
55423 ms [UE 42234] UL Throughput = 0.01712 Mbps
55517 ms [UE 30040] UL Throughput = 0.0 Mbps
55517 ms [UE 42234] UL Throughput = 0.0385 Mbps
55618 ms [UE 30040] UL Throughput = 0.0 Mbps
55618 ms [UE 42234] UL Throughput = 0.07342 Mbps
55739 ms [UE 30040] UL Throughput = 0.0 Mbps
55739 ms [UE 42234] UL Throughput = 0.0 Mbps
55838 ms [UE 30040] UL Throughput = 0.03795 Mbps
55938 ms [UE 30040] UL Throughput = 0.03494 Mbps
56040 ms [UE 30040] UL Throughput = 0.01051 Mbps
56040 ms [UE 42234] UL Throughput = 0.04663 Mbps
56132 ms [UE 30040] UL Throughput = 0.0 Mbps
56132 ms [UE 42234] UL Throughput = 0.09263 Mbps
56254 ms [UE 42234] UL Throughput = 0.0 Mbps
56361 ms [UE 30040] UL Throughput = 0.01823 Mbps
56361 ms [UE 42234] UL Throughput = 0.0 Mbps
56461 ms [UE 30040] UL Throughput = 0.0 Mbps
56461 ms [UE 42234] UL Throughput = 0.0 Mbps
56462 ms [UE 30040] UL Throughput = 0.01026 Mbps
56462 ms [UE 42234] UL Throughput = 0.045 Mbps
56595 ms [UE 30040] UL Throughput = 0.0 Mbps
56595 ms [UE 42234] UL Throughput = 0.029 Mbps
56725 ms [UE 30040] UL Throughput = 0.0 Mbps
56725 ms [UE 42234] UL Throughput = 0.04409 Mbps
56819 ms [UE 30040] UL Throughput = 0.09832 Mbps
56819 ms [UE 42234] UL Throughput = 0.08546 Mbps
56821 ms [UE 30040] UL Throughput = 0.04112 Mbps
56821 ms [UE 42234] UL Throughput = 0.01854 Mbps
56941 ms [UE 30040] UL Throughput = 0.0 Mbps
56941 ms [UE 42234] UL Throughput = 0.0 Mbps
57037 ms [UE 30040] UL Throughput = 0.0 Mbps
57037 ms [UE 42234] UL Throughput = 0.0 Mbps
57115 ms [UE 30040] UL Throughput = 0.0118 Mbps
57234 ms [UE 30040] UL Throughput = 0.0 Mbps
57342 ms [UE 30040] UL Throughput = 0.03871 Mbps
57342 ms [UE 42234] UL Throughput = 0.0 Mbps
57437 ms [UE 30040] UL Throughput = 0.01771 Mbps
57437 ms [UE 42234] UL Throughput = 0.13791 Mbps
57563 ms [UE 42234] UL Throughput = 0.0 Mbps
57630 ms [UE 30040] UL Throughput = 0.0 Mbps
57630 ms [UE 42234] UL Throughput = 0.0 Mbps
57744 ms [UE 30040] UL Throughput = 0.0 Mbps
57744 ms [UE 42234] UL Throughput = 0.0 Mbps
57850 ms [UE 30040] UL Throughput = 0.0 Mbps
57850 ms [UE 42234] UL Throughput = 0.0921 Mbps
57855 ms [UE 30040] UL Throughput = 0.0 Mbps
57855 ms [UE 42234] UL Throughput = 0.0 Mbps
57961 ms [UE 30040] UL Throughput = 0.0 Mbps
57961 ms [UE 42234] UL Throughput = 0.04843 Mbps
58036 ms [UE 30040] UL Throughput = 0.0644 Mbps
58036 ms [UE 42234] UL Throughput = 0.0 Mbps
58128 ms [UE 30040] UL Throughput = 0.08598 Mbps
58128 ms [UE 42234] UL Throughput = 0.0 Mbps
58227 ms [UE 30040] UL Throughput = 0.02814 Mbps
58227 ms [UE 42234] UL Throughput = 0.09238 Mbps
58301 ms [UE 30040] UL Throughput = 0.0797 Mbps
58301 ms [UE 42234] UL Throughput = 0.0 Mbps
58304 ms [UE 30040] UL Throughput = 0.0946 Mbps
58304 ms [UE 42234] UL Throughput = 0.01573 Mbps
58398 ms [UE 30040] UL Throughput = 0.09264 Mbps
58398 ms [UE 42234] UL Throughput = 0.07556 Mbps
58503 ms [UE 42234] UL Throughput = 0.0 Mbps
58611 ms [UE 30040] UL Throughput = 0.0 Mbps
58611 ms [UE 42234] UL Throughput = 0.06118 Mbps
58691 ms [UE 30040] UL Throughput = 0.07326 Mbps
58691 ms [UE 42234] UL Throughput = 0.0 Mbps
58789 ms [UE 30040] UL Throughput = 0.0 Mbps
58789 ms [UE 42234] UL Throughput = 0.0 Mbps
58891 ms [UE 30040] UL Throughput = 0.0 Mbps
58891 ms [UE 42234] UL Throughput = 0.08938 Mbps
58985 ms [UE 30040] UL Throughput = 0.07321 Mbps
58985 ms [UE 42234] UL Throughput = 0.06053 Mbps
59103 ms [UE 30040] UL Throughput = 0.0 Mbps
59103 ms [UE 42234] UL Throughput = 0.09945 Mbps
59178 ms [UE 30040] UL Throughput = 0.0 Mbps
59178 ms [UE 42234] UL Throughput = 0.03511 Mbps
59181 ms [UE 30040] UL Throughput = 0.0 Mbps
59280 ms [UE 30040] UL Throughput = 0.07882 Mbps
59280 ms [UE 42234] UL Throughput = 0.0 Mbps
59401 ms [UE 30040] UL Throughput = 0.12673 Mbps
59401 ms [UE 42234] UL Throughput = 0.0 Mbps
59502 ms [UE 30040] UL Throughput = 0.09231 Mbps
59502 ms [UE 42234] UL Throughput = 0.07235 Mbps
59609 ms [UE 30040] UL Throughput = 0.0 Mbps
59609 ms [UE 42234] UL Throughput = 0.05202 Mbps
59714 ms [UE 42234] UL Throughput = 0.08898 Mbps
59833 ms [UE 30040] UL Throughput = 0.08799 Mbps
59833 ms [UE 42234] UL Throughput = 0.0 Mbps
59960 ms [UE 30040] UL Throughput = 0.0 Mbps
59960 ms [UE 42234] UL Throughput = 0.0 Mbps
60051 ms [UE 30040] UL Throughput = 0.04329 Mbps
60161 ms [UE 30040] UL Throughput = 0.04301 Mbps
60271 ms [UE 30040] UL Throughput = 0.0 Mbps
60365 ms [UE 30040] UL Throughput = 0.0 Mbps
60365 ms [UE 42234] UL Throughput = 0.0 Mbps
60467 ms [UE 30040] UL Throughput = 0.0 Mbps
60467 ms [UE 42234] UL Throughput = 0.0 Mbps
60579 ms [UE 30040] UL Throughput = 0.08455 Mbps
60579 ms [UE 42234] UL Throughput = 0.09817 Mbps
60719 ms [UE 30040] UL Throughput = 0.06925 Mbps
60719 ms [UE 42234] UL Throughput = 0.09624 Mbps
60840 ms [UE 30040] UL Throughput = 0.0 Mbps
60840 ms [UE 42234] UL Throughput = 0.06 Mbps
60844 ms [UE 30040] UL Throughput = 0.08464 Mbps
60844 ms [UE 42234] UL Throughput = 0.04842 Mbps
60849 ms [UE 30040] UL Throughput = 0.0 Mbps
60849 ms [UE 42234] UL Throughput = 0.08822 Mbps
60957 ms [UE 30040] UL Throughput = 0.06155 Mbps
60957 ms [UE 42234] UL Throughput = 0.04493 Mbps
61052 ms [UE 30040] UL Throughput = 0.09299 Mbps
61052 ms [UE 42234] UL Throughput = 0.0 Mbps
61053 ms [UE 30040] UL Throughput = 0.0 Mbps
61053 ms [UE 42234] UL Throughput = 0.0 Mbps
61168 ms [UE 30040] UL Throughput = 0.0 Mbps
61168 ms [UE 42234] UL Throughput = 0.0 Mbps
61263 ms [UE 30040] UL Throughput = 0.0 Mbps
61263 ms [UE 42234] UL Throughput = 0.09745 Mbps
61359 ms [UE 30040] UL Throughput = 0.0 Mbps
61359 ms [UE 42234] UL Throughput = 0.09991 Mbps
61365 ms [UE 30040] UL Throughput = 0.06593 Mbps
61365 ms [UE 42234] UL Throughput = 0.02472 Mbps
61458 ms [UE 30040] UL Throughput = 0.04637 Mbps
61578 ms [UE 30040] UL Throughput = 0.18527 Mbps
61578 ms [UE 42234] UL Throughput = 0.0 Mbps
61580 ms [UE 30040] UL Throughput = 0.11551 Mbps
61580 ms [UE 42234] UL Throughput = 0.1803 Mbps
61663 ms [UE 30040] UL Throughput = 0.07657 Mbps
61663 ms [UE 42234] UL Throughput = 0.0 Mbps
61775 ms [UE 30040] UL Throughput = 0.0 Mbps
61775 ms [UE 42234] UL Throughput = 0.03986 Mbps
61837 ms [UE 30040] UL Throughput = 0.05042 Mbps
61837 ms [UE 42234] UL Throughput = 0.08404 Mbps
61915 ms [UE 30040] UL Throughput = 0.0 Mbps
61915 ms [UE 42234] UL Throughput = 0.0 Mbps
61996 ms [UE 30040] UL Throughput = 0.01558 Mbps
62074 ms [UE 30040] UL Throughput = 0.09042 Mbps
62074 ms [UE 42234] UL Throughput = 0.0 Mbps
62205 ms [UE 30040] UL Throughput = 0.0 Mbps
62205 ms [UE 42234] UL Throughput = 0.08484 Mbps
62293 ms [UE 30040] UL Throughput = 0.0 Mbps
62293 ms [UE 42234] UL Throughput = 0.0 Mbps
62428 ms [UE 30040] UL Throughput = 0.05139 Mbps
62428 ms [UE 42234] UL Throughput = 0.06621 Mbps
62533 ms [UE 30040] UL Throughput = 0.0 Mbps
62533 ms [UE 42234] UL Throughput = 0.0 Mbps
62663 ms [UE 30040] UL Throughput = 0.01535 Mbps
62773 ms [UE 30040] UL Throughput = 0.07616 Mbps
62773 ms [UE 42234] UL Throughput = 0.09484 Mbps
62875 ms [UE 30040] UL Throughput = 0.03138 Mbps
62875 ms [UE 42234] UL Throughput = 0.0 Mbps
62967 ms [UE 30040] UL Throughput = 0.0 Mbps
62967 ms [UE 42234] UL Throughput = 0.0 Mbps
63059 ms [UE 30040] UL Throughput = 0.02657 Mbps
63059 ms [UE 42234] UL Throughput = 0.03629 Mbps
63159 ms [UE 30040] UL Throughput = 0.0 Mbps
63159 ms [UE 42234] UL Throughput = 0.09884 Mbps
63267 ms [UE 30040] UL Throughput = 0.01941 Mbps
63267 ms [UE 42234] UL Throughput = 0.01299 Mbps
63367 ms [UE 30040] UL Throughput = 0.0 Mbps
63367 ms [UE 42234] UL Throughput = 0.06872 Mbps
63465 ms [UE 30040] UL Throughput = 0.0 Mbps
63465 ms [UE 42234] UL Throughput = 0.0 Mbps
63546 ms [UE 30040] UL Throughput = 0.03513 Mbps
63546 ms [UE 42234] UL Throughput = 0.0663 Mbps
63660 ms [UE 30040] UL Throughput = 0.05693 Mbps
63660 ms [UE 42234] UL Throughput = 0.07724 Mbps
63794 ms [UE 30040] UL Throughput = 0.0 Mbps
63794 ms [UE 42234] UL Throughput = 0.0 Mbps
63886 ms [UE 30040] UL Throughput = 0.0 Mbps
63886 ms [UE 42234] UL Throughput = 0.0 Mbps
64003 ms [UE 30040] UL Throughput = 0.05865 Mbps
64004 ms [UE 30040] UL Throughput = 0.07971 Mbps
64007 ms [UE 30040] UL Throughput = 0.0 Mbps
64007 ms [UE 42234] UL Throughput = 0.0 Mbps
64010 ms [UE 30040] UL Throughput = 0.03518 Mbps
64010 ms [UE 42234] UL Throughput = 0.0 Mbps
64016 ms [UE 30040] UL Throughput = 0.0 Mbps
64016 ms [UE 42234] UL Throughput = 0.13496 Mbps
64112 ms [UE 30040] UL Throughput = 0.0 Mbps
64112 ms [UE 42234] UL Throughput = 0.07054 Mbps
64240 ms [UE 30040] UL Throughput = 0.0 Mbps
64240 ms [UE 42234] UL Throughput = 0.0 Mbps
64353 ms [UE 30040] UL Throughput = 0.09978 Mbps
64353 ms [UE 42234] UL Throughput = 0.06669 Mbps
64443 ms [UE 30040] UL Throughput = 0.09516 Mbps
64443 ms [UE 42234] UL Throughput = 0.05155 Mbps
64535 ms [UE 30040] UL Throughput = 0.02368 Mbps
64535 ms [UE 42234] UL Throughput = 0.0 Mbps
64640 ms [UE 30040] UL Throughput = 0.0 Mbps
64640 ms [UE 42234] UL Throughput = 0.0 Mbps
64735 ms [UE 42234] UL Throughput = 0.07296 Mbps
64741 ms [UE 30040] UL Throughput = 0.0 Mbps
64853 ms [UE 30040] UL Throughput = 0.0 Mbps
64853 ms [UE 42234] UL Throughput = 0.0 Mbps
64951 ms [UE 30040] UL Throughput = 0.01847 Mbps
64956 ms [UE 30040] UL Throughput = 0.0 Mbps
64956 ms [UE 42234] UL Throughput = 0.07756 Mbps
65073 ms [UE 30040] UL Throughput = 0.022 Mbps
65073 ms [UE 42234] UL Throughput = 0.0 Mbps
65174 ms [UE 42234] UL Throughput = 0.0 Mbps
65176 ms [UE 30040] UL Throughput = 0.07976 Mbps
65176 ms [UE 42234] UL Throughput = 0.0 Mbps
65280 ms [UE 30040] UL Throughput = 0.02916 Mbps
65280 ms [UE 42234] UL Throughput = 0.05373 Mbps
65384 ms [UE 30040] UL Throughput = 0.0 Mbps
65384 ms [UE 42234] UL Throughput = 0.0 Mbps
65466 ms [UE 30040] UL Throughput = 0.0704 Mbps
65466 ms [UE 42234] UL Throughput = 0.0 Mbps
65562 ms [UE 30040] UL Throughput = 0.0 Mbps
65562 ms [UE 42234] UL Throughput = 0.0 Mbps
65647 ms [UE 30040] UL Throughput = 0.04642 Mbps
65647 ms [UE 42234] UL Throughput = 0.02969 Mbps
65778 ms [UE 30040] UL Throughput = 0.0 Mbps
65778 ms [UE 42234] UL Throughput = 0.12102 Mbps
65890 ms [UE 30040] UL Throughput = 0.04155 Mbps
65890 ms [UE 42234] UL Throughput = 0.0 Mbps
65975 ms [UE 30040] UL Throughput = 0.07725 Mbps
65975 ms [UE 42234] UL Throughput = 0.0 Mbps
66078 ms [UE 30040] UL Throughput = 0.0 Mbps
66078 ms [UE 42234] UL Throughput = 0.02917 Mbps
66183 ms [UE 30040] UL Throughput = 0.0 Mbps
66183 ms [UE 42234] UL Throughput = 0.0 Mbps
66301 ms [UE 30040] UL Throughput = 0.0 Mbps
66301 ms [UE 42234] UL Throughput = 0.17918 Mbps
66396 ms [UE 30040] UL Throughput = 0.0 Mbps
66396 ms [UE 42234] UL Throughput = 0.06355 Mbps
66491 ms [UE 30040] UL Throughput = 0.0 Mbps
66491 ms [UE 42234] UL Throughput = 0.0 Mbps
66571 ms [UE 30040] UL Throughput = 0.0 Mbps
66571 ms [UE 42234] UL Throughput = 0.02983 Mbps
66676 ms [UE 30040] UL Throughput = 0.0 Mbps
66676 ms [UE 42234] UL Throughput = 0.0 Mbps
66768 ms [UE 30040] UL Throughput = 0.02331 Mbps
66768 ms [UE 42234] UL Throughput = 0.0 Mbps
66770 ms [UE 30040] UL Throughput = 0.0347 Mbps
66770 ms [UE 42234] UL Throughput = 0.07255 Mbps
66774 ms [UE 30040] UL Throughput = 0.04767 Mbps
66774 ms [UE 42234] UL Throughput = 0.0 Mbps
66780 ms [UE 30040] UL Throughput = 0.0139 Mbps
66780 ms [UE 42234] UL Throughput = 0.09484 Mbps
66891 ms [UE 30040] UL Throughput = 0.0 Mbps
66891 ms [UE 42234] UL Throughput = 0.0 Mbps
66896 ms [UE 30040] UL Throughput = 0.1293 Mbps
66896 ms [UE 42234] UL Throughput = 0.07577 Mbps
66985 ms [UE 30040] UL Throughput = 0.09779 Mbps
66985 ms [UE 42234] UL Throughput = 0.0744 Mbps
67088 ms [UE 30040] UL Throughput = 0.08363 Mbps
67088 ms [UE 42234] UL Throughput = 0.03395 Mbps
67182 ms [UE 30040] UL Throughput = 0.05421 Mbps
67182 ms [UE 42234] UL Throughput = 0.09232 Mbps
67188 ms [UE 30040] UL Throughput = 0.05361 Mbps
67188 ms [UE 42234] UL Throughput = 0.05883 Mbps
67272 ms [UE 30040] UL Throughput = 0.09889 Mbps
67272 ms [UE 42234] UL Throughput = 0.0 Mbps
67276 ms [UE 30040] UL Throughput = 0.0 Mbps
67276 ms [UE 42234] UL Throughput = 0.0 Mbps
67397 ms [UE 30040] UL Throughput = 0.0 Mbps
67397 ms [UE 42234] UL Throughput = 0.0 Mbps
67489 ms [UE 30040] UL Throughput = 0.0 Mbps
67489 ms [UE 42234] UL Throughput = 0.06501 Mbps
67580 ms [UE 30040] UL Throughput = 0.0 Mbps
67693 ms [UE 30040] UL Throughput = 0.0 Mbps
67693 ms [UE 42234] UL Throughput = 0.0278 Mbps
67800 ms [UE 30040] UL Throughput = 0.01788 Mbps
67800 ms [UE 42234] UL Throughput = 0.02976 Mbps
67923 ms [UE 42234] UL Throughput = 0.05941 Mbps
68000 ms [UE 30040] UL Throughput = 0.04216 Mbps
68099 ms [UE 30040] UL Throughput = 0.0 Mbps
68099 ms [UE 42234] UL Throughput = 0.0 Mbps
68220 ms [UE 30040] UL Throughput = 0.0 Mbps
68220 ms [UE 42234] UL Throughput = 0.0 Mbps
68289 ms [UE 30040] UL Throughput = 0.03129 Mbps
68348 ms [UE 30040] UL Throughput = 0.0492 Mbps
68348 ms [UE 42234] UL Throughput = 0.11853 Mbps
68349 ms [UE 30040] UL Throughput = 0.03671 Mbps
68349 ms [UE 42234] UL Throughput = 0.07716 Mbps
68433 ms [UE 30040] UL Throughput = 0.04835 Mbps
68433 ms [UE 42234] UL Throughput = 0.0 Mbps
68541 ms [UE 30040] UL Throughput = 0.0 Mbps
68541 ms [UE 42234] UL Throughput = 0.0 Mbps
68647 ms [UE 30040] UL Throughput = 0.09681 Mbps
68647 ms [UE 42234] UL Throughput = 0.0 Mbps
68733 ms [UE 42234] UL Throughput = 0.08113 Mbps
68835 ms [UE 42234] UL Throughput = 0.01753 Mbps
68945 ms [UE 30040] UL Throughput = 0.01079 Mbps
68945 ms [UE 42234] UL Throughput = 0.0 Mbps
69056 ms [UE 30040] UL Throughput = 0.05346 Mbps
69056 ms [UE 42234] UL Throughput = 0.0 Mbps
69127 ms [UE 30040] UL Throughput = 0.0472 Mbps
69127 ms [UE 42234] UL Throughput = 0.0 Mbps
69225 ms [UE 30040] UL Throughput = 0.0 Mbps
69225 ms [UE 42234] UL Throughput = 0.01208 Mbps
69317 ms [UE 30040] UL Throughput = 0.07592 Mbps
69317 ms [UE 42234] UL Throughput = 0.09823 Mbps
69466 ms [UE 42234] UL Throughput = 0.0 Mbps
69553 ms [UE 30040] UL Throughput = 0.0 Mbps
69553 ms [UE 42234] UL Throughput = 0.07188 Mbps
69678 ms [UE 42234] UL Throughput = 0.0 Mbps
69778 ms [UE 30040] UL Throughput = 0.03179 Mbps
69778 ms [UE 42234] UL Throughput = 0.0 Mbps
69897 ms [UE 30040] UL Throughput = 0.07097 Mbps
69897 ms [UE 42234] UL Throughput = 0.0 Mbps
69989 ms [UE 30040] UL Throughput = 0.0 Mbps
69989 ms [UE 42234] UL Throughput = 0.0 Mbps
70087 ms [UE 30040] UL Throughput = 0.02005 Mbps
70088 ms [UE 30040] UL Throughput = 0.05311 Mbps
70088 ms [UE 42234] UL Throughput = 0.01434 Mbps
70180 ms [UE 30040] UL Throughput = 0.01207 Mbps
70186 ms [UE 30040] UL Throughput = 0.05665 Mbps
70186 ms [UE 42234] UL Throughput = 0.01844 Mbps
70189 ms [UE 30040] UL Throughput = 0.0 Mbps
70189 ms [UE 42234] UL Throughput = 0.09994 Mbps
70274 ms [UE 30040] UL Throughput = 0.0 Mbps
70274 ms [UE 42234] UL Throughput = 0.0 Mbps
70374 ms [UE 30040] UL Throughput = 0.07622 Mbps
70374 ms [UE 42234] UL Throughput = 0.0 Mbps
70476 ms [UE 30040] UL Throughput = 0.04287 Mbps
70476 ms [UE 42234] UL Throughput = 0.0 Mbps
70578 ms [UE 30040] UL Throughput = 0.03196 Mbps
70578 ms [UE 42234] UL Throughput = 0.01395 Mbps
70683 ms [UE 30040] UL Throughput = 0.0216 Mbps
70683 ms [UE 42234] UL Throughput = 0.0 Mbps
70777 ms [UE 30040] UL Throughput = 0.0 Mbps
70777 ms [UE 42234] UL Throughput = 0.06497 Mbps
70865 ms [UE 30040] UL Throughput = 0.0 Mbps
70865 ms [UE 42234] UL Throughput = 0.02867 Mbps
70921 ms [UE 30040] UL Throughput = 0.05963 Mbps
70921 ms [UE 42234] UL Throughput = 0.08118 Mbps
71007 ms [UE 30040] UL Throughput = 0.0 Mbps
71007 ms [UE 42234] UL Throughput = 0.0 Mbps
71135 ms [UE 30040] UL Throughput = 0.05231 Mbps
71135 ms [UE 42234] UL Throughput = 0.02952 Mbps
71137 ms [UE 30040] UL Throughput = 0.01232 Mbps
71137 ms [UE 42234] UL Throughput = 0.0 Mbps
71229 ms [UE 42234] UL Throughput = 0.05501 Mbps
71232 ms [UE 30040] UL Throughput = 0.0 Mbps
71232 ms [UE 42234] UL Throughput = 0.03867 Mbps
71236 ms [UE 30040] UL Throughput = 0.0 Mbps
71236 ms [UE 42234] UL Throughput = 0.0 Mbps
71332 ms [UE 30040] UL Throughput = 0.01919 Mbps
71332 ms [UE 42234] UL Throughput = 0.08049 Mbps
71336 ms [UE 30040] UL Throughput = 0.04569 Mbps
71336 ms [UE 42234] UL Throughput = 0.0 Mbps
71445 ms [UE 30040] UL Throughput = 0.0 Mbps
71445 ms [UE 42234] UL Throughput = 0.116 Mbps
71542 ms [UE 30040] UL Throughput = 0.02829 Mbps
71542 ms [UE 42234] UL Throughput = 0.0 Mbps
71545 ms [UE 30040] UL Throughput = 0.0 Mbps
71545 ms [UE 42234] UL Throughput = 0.02483 Mbps
71641 ms [UE 30040] UL Throughput = 0.05629 Mbps
71641 ms [UE 42234] UL Throughput = 0.0 Mbps
71720 ms [UE 42234] UL Throughput = 0.06396 Mbps
71817 ms [UE 42234] UL Throughput = 0.0 Mbps
71928 ms [UE 30040] UL Throughput = 0.22 Mbps
71928 ms [UE 42234] UL Throughput = 0.08235 Mbps
72028 ms [UE 30040] UL Throughput = 0.05368 Mbps
72028 ms [UE 42234] UL Throughput = 0.0 Mbps
72114 ms [UE 30040] UL Throughput = 0.05527 Mbps
72114 ms [UE 42234] UL Throughput = 0.05711 Mbps
72117 ms [UE 30040] UL Throughput = 0.0 Mbps
72117 ms [UE 42234] UL Throughput = 0.04266 Mbps
72118 ms [UE 30040] UL Throughput = 0.07141 Mbps
72124 ms [UE 30040] UL Throughput = 0.0 Mbps
72124 ms [UE 42234] UL Throughput = 0.0 Mbps
72222 ms [UE 42234] UL Throughput = 0.07498 Mbps
72345 ms [UE 30040] UL Throughput = 0.01115 Mbps
72451 ms [UE 30040] UL Throughput = 0.0 Mbps
72451 ms [UE 42234] UL Throughput = 0.08638 Mbps
72561 ms [UE 30040] UL Throughput = 0.05224 Mbps
72561 ms [UE 42234] UL Throughput = 0.0 Mbps
72567 ms [UE 42234] UL Throughput = 0.04674 Mbps
72633 ms [UE 30040] UL Throughput = 0.02064 Mbps
72633 ms [UE 42234] UL Throughput = 0.0 Mbps
72757 ms [UE 30040] UL Throughput = 0.0 Mbps
72864 ms [UE 30040] UL Throughput = 0.06675 Mbps
72864 ms [UE 42234] UL Throughput = 0.0104 Mbps
72992 ms [UE 30040] UL Throughput = 0.0 Mbps
72992 ms [UE 42234] UL Throughput = 0.0 Mbps
72998 ms [UE 30040] UL Throughput = 0.0 Mbps
72998 ms [UE 42234] UL Throughput = 0.08477 Mbps
73092 ms [UE 30040] UL Throughput = 0.0 Mbps
73092 ms [UE 42234] UL Throughput = 0.06339 Mbps
73195 ms [UE 30040] UL Throughput = 0.03993 Mbps
73195 ms [UE 42234] UL Throughput = 0.05907 Mbps
73299 ms [UE 30040] UL Throughput = 0.0 Mbps
73299 ms [UE 42234] UL Throughput = 0.04989 Mbps
73300 ms [UE 30040] UL Throughput = 0.0 Mbps
73300 ms [UE 42234] UL Throughput = 0.0551 Mbps
73302 ms [UE 30040] UL Throughput = 0.05818 Mbps
73302 ms [UE 42234] UL Throughput = 0.0 Mbps
73408 ms [UE 30040] UL Throughput = 0.0 Mbps
73408 ms [UE 42234] UL Throughput = 0.15264 Mbps
73514 ms [UE 30040] UL Throughput = 0.08565 Mbps
73514 ms [UE 42234] UL Throughput = 0.0 Mbps
73590 ms [UE 30040] UL Throughput = 0.0 Mbps
73590 ms [UE 42234] UL Throughput = 0.04591 Mbps
73687 ms [UE 42234] UL Throughput = 0.0561 Mbps
73815 ms [UE 30040] UL Throughput = 0.0 Mbps
73815 ms [UE 42234] UL Throughput = 0.0 Mbps
73819 ms [UE 30040] UL Throughput = 0.0 Mbps
73819 ms [UE 42234] UL Throughput = 0.02901 Mbps
73932 ms [UE 30040] UL Throughput = 0.0 Mbps
73932 ms [UE 42234] UL Throughput = 0.09982 Mbps
74059 ms [UE 30040] UL Throughput = 0.02622 Mbps
74059 ms [UE 42234] UL Throughput = 0.06824 Mbps
74169 ms [UE 30040] UL Throughput = 0.01701 Mbps
74169 ms [UE 42234] UL Throughput = 0.0 Mbps
74271 ms [UE 30040] UL Throughput = 0.0 Mbps
74271 ms [UE 42234] UL Throughput = 0.14839 Mbps
74277 ms [UE 42234] UL Throughput = 0.08747 Mbps
74365 ms [UE 30040] UL Throughput = 0.0 Mbps
74365 ms [UE 42234] UL Throughput = 0.0 Mbps
74463 ms [UE 30040] UL Throughput = 0.08986 Mbps
74463 ms [UE 42234] UL Throughput = 0.0 Mbps
74468 ms [UE 30040] UL Throughput = 0.07423 Mbps
74468 ms [UE 42234] UL Throughput = 0.06626 Mbps
74471 ms [UE 42234] UL Throughput = 0.0 Mbps
74582 ms [UE 30040] UL Throughput = 0.15678 Mbps
74582 ms [UE 42234] UL Throughput = 0.04735 Mbps
74686 ms [UE 42234] UL Throughput = 0.03565 Mbps
74777 ms [UE 30040] UL Throughput = 0.0 Mbps
74777 ms [UE 42234] UL Throughput = 0.0 Mbps
74877 ms [UE 30040] UL Throughput = 0.0 Mbps
74877 ms [UE 42234] UL Throughput = 0.0 Mbps
74950 ms [UE 30040] UL Throughput = 0.01019 Mbps
74950 ms [UE 42234] UL Throughput = 0.0 Mbps
75051 ms [UE 30040] UL Throughput = 0.03084 Mbps
75051 ms [UE 42234] UL Throughput = 0.06833 Mbps
75056 ms [UE 30040] UL Throughput = 0.13768 Mbps
75056 ms [UE 42234] UL Throughput = 0.0 Mbps
75166 ms [UE 30040] UL Throughput = 0.09482 Mbps
75166 ms [UE 42234] UL Throughput = 0.0 Mbps
75270 ms [UE 30040] UL Throughput = 0.0 Mbps
75270 ms [UE 42234] UL Throughput = 0.0 Mbps
75271 ms [UE 30040] UL Throughput = 0.091 Mbps
75271 ms [UE 42234] UL Throughput = 0.13504 Mbps
75382 ms [UE 30040] UL Throughput = 0.06366 Mbps
75382 ms [UE 42234] UL Throughput = 0.03739 Mbps
75385 ms [UE 30040] UL Throughput = 0.0 Mbps
75385 ms [UE 42234] UL Throughput = 0.0 Mbps
75480 ms [UE 30040] UL Throughput = 0.04227 Mbps
75480 ms [UE 42234] UL Throughput = 0.0 Mbps
75484 ms [UE 30040] UL Throughput = 0.0 Mbps
75484 ms [UE 42234] UL Throughput = 0.02821 Mbps
75601 ms [UE 30040] UL Throughput = 0.09819 Mbps
75601 ms [UE 42234] UL Throughput = 0.06124 Mbps
75715 ms [UE 30040] UL Throughput = 0.0 Mbps
75715 ms [UE 42234] UL Throughput = 0.0 Mbps
75799 ms [UE 30040] UL Throughput = 0.11705 Mbps
75799 ms [UE 42234] UL Throughput = 0.0483 Mbps
75889 ms [UE 42234] UL Throughput = 0.0649 Mbps
75990 ms [UE 30040] UL Throughput = 0.0 Mbps
75990 ms [UE 42234] UL Throughput = 0.0 Mbps
76075 ms [UE 30040] UL Throughput = 0.0 Mbps
76075 ms [UE 42234] UL Throughput = 0.03798 Mbps
76081 ms [UE 30040] UL Throughput = 0.06637 Mbps
76081 ms [UE 42234] UL Throughput = 0.0 Mbps
76184 ms [UE 30040] UL Throughput = 0.0 Mbps
76184 ms [UE 42234] UL Throughput = 0.0 Mbps
76189 ms [UE 30040] UL Throughput = 0.06373 Mbps
76280 ms [UE 30040] UL Throughput = 0.0 Mbps
76280 ms [UE 42234] UL Throughput = 0.03441 Mbps
76383 ms [UE 30040] UL Throughput = 0.0 Mbps
76383 ms [UE 42234] UL Throughput = 0.0 Mbps
76480 ms [UE 30040] UL Throughput = 0.0 Mbps
76480 ms [UE 42234] UL Throughput = 0.09289 Mbps
76566 ms [UE 42234] UL Throughput = 0.0 Mbps
76647 ms [UE 30040] UL Throughput = 0.0217 Mbps
76746 ms [UE 30040] UL Throughput = 0.0 Mbps
76746 ms [UE 42234] UL Throughput = 0.0 Mbps
76846 ms [UE 30040] UL Throughput = 0.0 Mbps
76846 ms [UE 42234] UL Throughput = 0.11217 Mbps
76948 ms [UE 30040] UL Throughput = 0.0 Mbps
76948 ms [UE 42234] UL Throughput = 0.0 Mbps
77071 ms [UE 42234] UL Throughput = 0.04536 Mbps
77181 ms [UE 30040] UL Throughput = 0.0 Mbps
77185 ms [UE 30040] UL Throughput = 0.0 Mbps
77185 ms [UE 42234] UL Throughput = 0.0 Mbps
77285 ms [UE 30040] UL Throughput = 0.0 Mbps
77285 ms [UE 42234] UL Throughput = 0.05406 Mbps
77379 ms [UE 30040] UL Throughput = 0.0 Mbps
77379 ms [UE 42234] UL Throughput = 0.01858 Mbps
77465 ms [UE 30040] UL Throughput = 0.01382 Mbps
77465 ms [UE 42234] UL Throughput = 0.09104 Mbps
77552 ms [UE 30040] UL Throughput = 0.08957 Mbps
77552 ms [UE 42234] UL Throughput = 0.1311 Mbps
77652 ms [UE 30040] UL Throughput = 0.0 Mbps
77652 ms [UE 42234] UL Throughput = 0.03001 Mbps
77738 ms [UE 30040] UL Throughput = 0.02288 Mbps
77738 ms [UE 42234] UL Throughput = 0.0 Mbps
77831 ms [UE 30040] UL Throughput = 0.0 Mbps
77831 ms [UE 42234] UL Throughput = 0.03034 Mbps
77920 ms [UE 30040] UL Throughput = 0.06894 Mbps
77920 ms [UE 42234] UL Throughput = 0.0 Mbps
77926 ms [UE 42234] UL Throughput = 0.0732 Mbps
78055 ms [UE 30040] UL Throughput = 0.0 Mbps
78055 ms [UE 42234] UL Throughput = 0.0897 Mbps
78140 ms [UE 30040] UL Throughput = 0.0 Mbps
78140 ms [UE 42234] UL Throughput = 0.0572 Mbps
78248 ms [UE 30040] UL Throughput = 0.03896 Mbps
78248 ms [UE 42234] UL Throughput = 0.0 Mbps
78356 ms [UE 30040] UL Throughput = 0.01698 Mbps
78462 ms [UE 30040] UL Throughput = 0.02616 Mbps
78462 ms [UE 42234] UL Throughput = 0.05063 Mbps
78548 ms [UE 30040] UL Throughput = 0.0 Mbps
78548 ms [UE 42234] UL Throughput = 0.09515 Mbps
78645 ms [UE 30040] UL Throughput = 0.0 Mbps
78645 ms [UE 42234] UL Throughput = 0.04023 Mbps
78734 ms [UE 30040] UL Throughput = 0.05626 Mbps
78734 ms [UE 42234] UL Throughput = 0.09337 Mbps
78808 ms [UE 30040] UL Throughput = 0.0 Mbps
78898 ms [UE 30040] UL Throughput = 0.07698 Mbps
78902 ms [UE 30040] UL Throughput = 0.0 Mbps
78902 ms [UE 42234] UL Throughput = 0.07466 Mbps
78908 ms [UE 30040] UL Throughput = 0.07044 Mbps
78908 ms [UE 42234] UL Throughput = 0.03068 Mbps
78991 ms [UE 30040] UL Throughput = 0.01882 Mbps
78991 ms [UE 42234] UL Throughput = 0.0 Mbps
79096 ms [UE 30040] UL Throughput = 0.0 Mbps
79096 ms [UE 42234] UL Throughput = 0.09041 Mbps
79201 ms [UE 30040] UL Throughput = 0.0 Mbps
79201 ms [UE 42234] UL Throughput = 0.0 Mbps
79311 ms [UE 30040] UL Throughput = 0.0 Mbps
79311 ms [UE 42234] UL Throughput = 0.0 Mbps
79423 ms [UE 30040] UL Throughput = 0.0954 Mbps
79423 ms [UE 42234] UL Throughput = 0.03922 Mbps
79426 ms [UE 30040] UL Throughput = 0.03304 Mbps
79426 ms [UE 42234] UL Throughput = 0.07451 Mbps
79431 ms [UE 30040] UL Throughput = 0.07617 Mbps
79431 ms [UE 42234] UL Throughput = 0.11661 Mbps
79536 ms [UE 30040] UL Throughput = 0.0 Mbps
79536 ms [UE 42234] UL Throughput = 0.08634 Mbps
79616 ms [UE 30040] UL Throughput = 0.09403 Mbps
79616 ms [UE 42234] UL Throughput = 0.0 Mbps
79719 ms [UE 30040] UL Throughput = 0.13274 Mbps
79719 ms [UE 42234] UL Throughput = 0.10105 Mbps
79823 ms [UE 30040] UL Throughput = 0.03107 Mbps
79823 ms [UE 42234] UL Throughput = 0.0 Mbps
79910 ms [UE 30040] UL Throughput = 0.0 Mbps
79910 ms [UE 42234] UL Throughput = 0.0 Mbps
79992 ms [UE 30040] UL Throughput = 0.0 Mbps
79992 ms [UE 42234] UL Throughput = 0.0 Mbps
80116 ms [UE 42234] UL Throughput = 0.02529 Mbps
80223 ms [UE 30040] UL Throughput = 0.0 Mbps
80223 ms [UE 42234] UL Throughput = 0.08622 Mbps
80325 ms [UE 30040] UL Throughput = 0.07546 Mbps
80325 ms [UE 42234] UL Throughput = 0.0 Mbps
80414 ms [UE 30040] UL Throughput = 0.05409 Mbps
80414 ms [UE 42234] UL Throughput = 0.04209 Mbps
80500 ms [UE 30040] UL Throughput = 0.01209 Mbps
80500 ms [UE 42234] UL Throughput = 0.0 Mbps
80587 ms [UE 30040] UL Throughput = 0.0 Mbps
80587 ms [UE 42234] UL Throughput = 0.09662 Mbps
80593 ms [UE 30040] UL Throughput = 0.16506 Mbps
80593 ms [UE 42234] UL Throughput = 0.0 Mbps
80755 ms [UE 30040] UL Throughput = 0.0 Mbps
80755 ms [UE 42234] UL Throughput = 0.0 Mbps
80839 ms [UE 30040] UL Throughput = 0.0 Mbps
80839 ms [UE 42234] UL Throughput = 0.0 Mbps
80912 ms [UE 30040] UL Throughput = 0.06188 Mbps
80912 ms [UE 42234] UL Throughput = 0.0 Mbps
81016 ms [UE 42234] UL Throughput = 0.02434 Mbps
81017 ms [UE 30040] UL Throughput = 0.13777 Mbps
81017 ms [UE 42234] UL Throughput = 0.0 Mbps
81019 ms [UE 30040] UL Throughput = 0.0 Mbps
81019 ms [UE 42234] UL Throughput = 0.0 Mbps
81113 ms [UE 30040] UL Throughput = 0.0 Mbps
81113 ms [UE 42234] UL Throughput = 0.05899 Mbps
81211 ms [UE 30040] UL Throughput = 0.0915 Mbps
81211 ms [UE 42234] UL Throughput = 0.0 Mbps
81289 ms [UE 30040] UL Throughput = 0.0 Mbps
81289 ms [UE 42234] UL Throughput = 0.0277 Mbps
81386 ms [UE 30040] UL Throughput = 0.06649 Mbps
81386 ms [UE 42234] UL Throughput = 0.05715 Mbps
81484 ms [UE 30040] UL Throughput = 0.04043 Mbps
81484 ms [UE 42234] UL Throughput = 0.05934 Mbps
81565 ms [UE 30040] UL Throughput = 0.0 Mbps
81565 ms [UE 42234] UL Throughput = 0.0 Mbps
81665 ms [UE 30040] UL Throughput = 0.0 Mbps
81665 ms [UE 42234] UL Throughput = 0.0 Mbps
81667 ms [UE 30040] UL Throughput = 0.06662 Mbps
81783 ms [UE 30040] UL Throughput = 0.0 Mbps
81783 ms [UE 42234] UL Throughput = 0.0311 Mbps
81878 ms [UE 30040] UL Throughput = 0.0 Mbps
81878 ms [UE 42234] UL Throughput = 0.0 Mbps
81978 ms [UE 30040] UL Throughput = 0.02419 Mbps
81978 ms [UE 42234] UL Throughput = 0.01922 Mbps
81980 ms [UE 30040] UL Throughput = 0.0 Mbps
81980 ms [UE 42234] UL Throughput = 0.08847 Mbps
81981 ms [UE 30040] UL Throughput = 0.07626 Mbps
82102 ms [UE 30040] UL Throughput = 0.01185 Mbps
82102 ms [UE 42234] UL Throughput = 0.0 Mbps
82189 ms [UE 30040] UL Throughput = 0.0 Mbps
82189 ms [UE 42234] UL Throughput = 0.03198 Mbps
82282 ms [UE 30040] UL Throughput = 0.05708 Mbps
82282 ms [UE 42234] UL Throughput = 0.0 Mbps
82286 ms [UE 30040] UL Throughput = 0.09933 Mbps
82286 ms [UE 42234] UL Throughput = 0.0 Mbps
82369 ms [UE 42234] UL Throughput = 0.05775 Mbps
82482 ms [UE 30040] UL Throughput = 0.0 Mbps
82482 ms [UE 42234] UL Throughput = 0.0 Mbps
82612 ms [UE 30040] UL Throughput = 0.06471 Mbps
82612 ms [UE 42234] UL Throughput = 0.0 Mbps
82717 ms [UE 42234] UL Throughput = 0.0 Mbps
82809 ms [UE 30040] UL Throughput = 0.08434 Mbps
82809 ms [UE 42234] UL Throughput = 0.0 Mbps
82918 ms [UE 42234] UL Throughput = 0.0 Mbps
83032 ms [UE 30040] UL Throughput = 0.05919 Mbps
83032 ms [UE 42234] UL Throughput = 0.0 Mbps
83128 ms [UE 30040] UL Throughput = 0.03116 Mbps
83245 ms [UE 42234] UL Throughput = 0.0 Mbps
83326 ms [UE 42234] UL Throughput = 0.03662 Mbps
83332 ms [UE 30040] UL Throughput = 0.0 Mbps
83332 ms [UE 42234] UL Throughput = 0.06443 Mbps
83338 ms [UE 30040] UL Throughput = 0.07272 Mbps
83338 ms [UE 42234] UL Throughput = 0.01793 Mbps
83429 ms [UE 30040] UL Throughput = 0.0 Mbps
83429 ms [UE 42234] UL Throughput = 0.0 Mbps
83579 ms [UE 30040] UL Throughput = 0.0 Mbps
83579 ms [UE 42234] UL Throughput = 0.0 Mbps
83699 ms [UE 30040] UL Throughput = 0.03729 Mbps
83699 ms [UE 42234] UL Throughput = 0.09895 Mbps
83700 ms [UE 42234] UL Throughput = 0.0 Mbps
83811 ms [UE 30040] UL Throughput = 0.0 Mbps
83811 ms [UE 42234] UL Throughput = 0.0 Mbps
83884 ms [UE 30040] UL Throughput = 0.08928 Mbps
83884 ms [UE 42234] UL Throughput = 0.01887 Mbps
83985 ms [UE 30040] UL Throughput = 0.07949 Mbps
83985 ms [UE 42234] UL Throughput = 0.1386 Mbps
84091 ms [UE 30040] UL Throughput = 0.09011 Mbps
84091 ms [UE 42234] UL Throughput = 0.05738 Mbps
84177 ms [UE 30040] UL Throughput = 0.0 Mbps
84177 ms [UE 42234] UL Throughput = 0.0 Mbps
84287 ms [UE 30040] UL Throughput = 0.0 Mbps
84287 ms [UE 42234] UL Throughput = 0.0 Mbps
84412 ms [UE 30040] UL Throughput = 0.07225 Mbps
84412 ms [UE 42234] UL Throughput = 0.07638 Mbps
84413 ms [UE 30040] UL Throughput = 0.04261 Mbps
84413 ms [UE 42234] UL Throughput = 0.0 Mbps
84414 ms [UE 30040] UL Throughput = 0.0 Mbps
84414 ms [UE 42234] UL Throughput = 0.12913 Mbps
84420 ms [UE 30040] UL Throughput = 0.0 Mbps
84420 ms [UE 42234] UL Throughput = 0.04501 Mbps
84536 ms [UE 30040] UL Throughput = 0.0 Mbps
84536 ms [UE 42234] UL Throughput = 0.0 Mbps
84654 ms [UE 30040] UL Throughput = 0.0 Mbps
84654 ms [UE 42234] UL Throughput = 0.0 Mbps
84776 ms [UE 30040] UL Throughput = 0.0 Mbps
84776 ms [UE 42234] UL Throughput = 0.04761 Mbps
84879 ms [UE 30040] UL Throughput = 0.0 Mbps
84879 ms [UE 42234] UL Throughput = 0.07122 Mbps
84881 ms [UE 30040] UL Throughput = 0.0716 Mbps
84961 ms [UE 30040] UL Throughput = 0.0 Mbps
84961 ms [UE 42234] UL Throughput = 0.0 Mbps
85049 ms [UE 30040] UL Throughput = 0.0 Mbps
85052 ms [UE 30040] UL Throughput = 0.0 Mbps
85052 ms [UE 42234] UL Throughput = 0.0 Mbps
85158 ms [UE 30040] UL Throughput = 0.0 Mbps
85158 ms [UE 42234] UL Throughput = 0.04767 Mbps
85251 ms [UE 30040] UL Throughput = 0.10028 Mbps
85251 ms [UE 42234] UL Throughput = 0.0 Mbps
85255 ms [UE 30040] UL Throughput = 0.04656 Mbps
85255 ms [UE 42234] UL Throughput = 0.0 Mbps
85348 ms [UE 30040] UL Throughput = 0.0 Mbps
85348 ms [UE 42234] UL Throughput = 0.0 Mbps
85449 ms [UE 30040] UL Throughput = 0.0 Mbps
85449 ms [UE 42234] UL Throughput = 0.0 Mbps
85542 ms [UE 30040] UL Throughput = 0.0 Mbps
85542 ms [UE 42234] UL Throughput = 0.0 Mbps
85653 ms [UE 42234] UL Throughput = 0.02665 Mbps
85749 ms [UE 30040] UL Throughput = 0.0507 Mbps
85749 ms [UE 42234] UL Throughput = 0.0 Mbps
85823 ms [UE 30040] UL Throughput = 0.0 Mbps
85823 ms [UE 42234] UL Throughput = 0.03648 Mbps
85827 ms [UE 30040] UL Throughput = 0.0 Mbps
85827 ms [UE 42234] UL Throughput = 0.04612 Mbps
85943 ms [UE 30040] UL Throughput = 0.0 Mbps
85943 ms [UE 42234] UL Throughput = 0.04385 Mbps
86027 ms [UE 30040] UL Throughput = 0.0 Mbps
86173 ms [UE 30040] UL Throughput = 0.0 Mbps
86173 ms [UE 42234] UL Throughput = 0.01738 Mbps
86250 ms [UE 30040] UL Throughput = 0.0 Mbps
86250 ms [UE 42234] UL Throughput = 0.05541 Mbps
86352 ms [UE 30040] UL Throughput = 0.09203 Mbps
86352 ms [UE 42234] UL Throughput = 0.0 Mbps
86483 ms [UE 30040] UL Throughput = 0.0 Mbps
86486 ms [UE 30040] UL Throughput = 0.0108 Mbps
86486 ms [UE 42234] UL Throughput = 0.09119 Mbps
86577 ms [UE 30040] UL Throughput = 0.0 Mbps
86577 ms [UE 42234] UL Throughput = 0.0 Mbps
86671 ms [UE 30040] UL Throughput = 0.0 Mbps
86671 ms [UE 42234] UL Throughput = 0.03305 Mbps
86778 ms [UE 30040] UL Throughput = 0.0 Mbps
86778 ms [UE 42234] UL Throughput = 0.07681 Mbps
86781 ms [UE 30040] UL Throughput = 0.0 Mbps
86781 ms [UE 42234] UL Throughput = 0.06326 Mbps
86884 ms [UE 30040] UL Throughput = 0.03449 Mbps
86884 ms [UE 42234] UL Throughput = 0.0 Mbps
86976 ms [UE 30040] UL Throughput = 0.02007 Mbps
86976 ms [UE 42234] UL Throughput = 0.06168 Mbps
87072 ms [UE 30040] UL Throughput = 0.05496 Mbps
87072 ms [UE 42234] UL Throughput = 0.03062 Mbps
87174 ms [UE 30040] UL Throughput = 0.05029 Mbps
87174 ms [UE 42234] UL Throughput = 0.0 Mbps
87266 ms [UE 30040] UL Throughput = 0.0 Mbps
87266 ms [UE 42234] UL Throughput = 0.0 Mbps
87270 ms [UE 30040] UL Throughput = 0.05244 Mbps
87270 ms [UE 42234] UL Throughput = 0.04774 Mbps
87274 ms [UE 30040] UL Throughput = 0.0 Mbps
87274 ms [UE 42234] UL Throughput = 0.01016 Mbps
87279 ms [UE 30040] UL Throughput = 0.0 Mbps
87374 ms [UE 30040] UL Throughput = 0.03602 Mbps
87374 ms [UE 42234] UL Throughput = 0.03729 Mbps
87486 ms [UE 30040] UL Throughput = 0.0 Mbps
87486 ms [UE 42234] UL Throughput = 0.0 Mbps
87490 ms [UE 30040] UL Throughput = 0.0 Mbps
87490 ms [UE 42234] UL Throughput = 0.0 Mbps
87569 ms [UE 42234] UL Throughput = 0.0 Mbps
87656 ms [UE 30040] UL Throughput = 0.0 Mbps
87656 ms [UE 42234] UL Throughput = 0.0 Mbps
87783 ms [UE 30040] UL Throughput = 0.0 Mbps
87785 ms [UE 42234] UL Throughput = 0.0 Mbps
87911 ms [UE 30040] UL Throughput = 0.02381 Mbps
87911 ms [UE 42234] UL Throughput = 0.0 Mbps
88036 ms [UE 30040] UL Throughput = 0.0 Mbps
88036 ms [UE 42234] UL Throughput = 0.0 Mbps
88039 ms [UE 30040] UL Throughput = 0.01779 Mbps
88039 ms [UE 42234] UL Throughput = 0.0 Mbps
88125 ms [UE 30040] UL Throughput = 0.09448 Mbps
88225 ms [UE 30040] UL Throughput = 0.03653 Mbps
88225 ms [UE 42234] UL Throughput = 0.0 Mbps
88336 ms [UE 30040] UL Throughput = 0.0 Mbps
88336 ms [UE 42234] UL Throughput = 0.05346 Mbps
88462 ms [UE 30040] UL Throughput = 0.09043 Mbps
88462 ms [UE 42234] UL Throughput = 0.0 Mbps
88569 ms [UE 42234] UL Throughput = 0.0 Mbps
88674 ms [UE 30040] UL Throughput = 0.0614 Mbps
88674 ms [UE 42234] UL Throughput = 0.04108 Mbps
88680 ms [UE 30040] UL Throughput = 0.08152 Mbps
88682 ms [UE 30040] UL Throughput = 0.02301 Mbps
88682 ms [UE 42234] UL Throughput = 0.0 Mbps
88684 ms [UE 30040] UL Throughput = 0.0 Mbps
88684 ms [UE 42234] UL Throughput = 0.09145 Mbps
88758 ms [UE 30040] UL Throughput = 0.07833 Mbps
88758 ms [UE 42234] UL Throughput = 0.0 Mbps
88883 ms [UE 30040] UL Throughput = 0.03901 Mbps
88883 ms [UE 42234] UL Throughput = 0.0 Mbps
88967 ms [UE 30040] UL Throughput = 0.06842 Mbps
88967 ms [UE 42234] UL Throughput = 0.0 Mbps
88968 ms [UE 30040] UL Throughput = 0.0 Mbps
89062 ms [UE 30040] UL Throughput = 0.05819 Mbps
89062 ms [UE 42234] UL Throughput = 0.0 Mbps
89067 ms [UE 30040] UL Throughput = 0.0 Mbps
89067 ms [UE 42234] UL Throughput = 0.07661 Mbps
89187 ms [UE 30040] UL Throughput = 0.0 Mbps
89187 ms [UE 42234] UL Throughput = 0.03738 Mbps
89287 ms [UE 30040] UL Throughput = 0.06233 Mbps
89391 ms [UE 30040] UL Throughput = 0.0 Mbps
89391 ms [UE 42234] UL Throughput = 0.09208 Mbps
89520 ms [UE 30040] UL Throughput = 0.06309 Mbps
89520 ms [UE 42234] UL Throughput = 0.0 Mbps
89628 ms [UE 30040] UL Throughput = 0.0 Mbps
89628 ms [UE 42234] UL Throughput = 0.0 Mbps
89745 ms [UE 30040] UL Throughput = 0.0 Mbps
89745 ms [UE 42234] UL Throughput = 0.01653 Mbps
89859 ms [UE 30040] UL Throughput = 0.0 Mbps
89859 ms [UE 42234] UL Throughput = 0.0 Mbps
