[UTIL]: Setting the config -c file to /usr/local/etc/flexric/flexric.conf
[UTIL]: Setting path -p for the shared libraries to /usr/local/lib/flexric/
[xAapp]: Initializing ... 
[xApp]: nearRT-RIC IP Address = 192.168.70.150, PORT = 36422
[E2 AGENT]: Opening plugin from path = /usr/local/lib/flexric/libkpm_sm.so 
[E2 AGENT]: Opening plugin from path = /usr/local/lib/flexric/libmac_sm.so 
[E2 AGENT]: Opening plugin from path = /usr/local/lib/flexric/libpdcp_sm.so 
[E2 AGENT]: Opening plugin from path = /usr/local/lib/flexric/libgtp_sm.so 
[E2 AGENT]: Opening plugin from path = /usr/local/lib/flexric/librc_sm.so 
[E2 AGENT]: Opening plugin from path = /usr/local/lib/flexric/libtc_sm.so 
[E2 AGENT]: Opening plugin from path = /usr/local/lib/flexric/librlc_sm.so 
[E2 AGENT]: Opening plugin from path = /usr/local/lib/flexric/libslice_sm.so 
[NEAR-RIC]: Loading SM ID = 2 with def = ORAN-E2SM-KPM 
[NEAR-RIC]: Loading SM ID = 142 with def = MAC_STATS_V0 
[NEAR-RIC]: Loading SM ID = 144 with def = PDCP_STATS_V0 
[NEAR-RIC]: Loading SM ID = 148 with def = GTP_STATS_V0 
[NEAR-RIC]: Loading SM ID = 3 with def = ORAN-E2SM-RC 
[NEAR-RIC]: Loading SM ID = 146 with def = TC_STATS_V0 
[NEAR-RIC]: Loading SM ID = 143 with def = RLC_STATS_V0 
[NEAR-RIC]: Loading SM ID = 145 with def = SLICE_STATS_V0 
[xApp]: DB filename = /tmp/flexric/xapp_db 
 [xApp]: E42 SETUP-REQUEST tx
[xApp]: E42 SETUP-RESPONSE rx 
[xApp]: xApp ID = 22
[xApp]: Registered E2 Nodes = 4 
Connected E2 nodes = 4
[xAPP] Registered node 0 ran func id = 2
[xAPP] Registered node 0 ran func id = 3
[xAPP] Registered node 0 ran func id = 142
[xAPP] Registered node 0 ran func id = 143
[xAPP] Registered node 0 ran func id = 144
[xAPP] Registered node 0 ran func id = 145
[xAPP] Registered node 0 ran func id = 146
[xAPP] Registered node 0 ran func id = 148
[xApp]: E42 RIC SUBSCRIPTION REQUEST tx RAN_FUNC_ID 144 RIC_REQ_ID 1 
[xApp]: SUBSCRIPTION RESPONSE rx
[xApp]: Successfully subscribed to RAN_FUNC_ID 144 
[xAPP] Registered node 1 ran func id = 2
[xAPP] Registered node 1 ran func id = 3
[xAPP] Registered node 1 ran func id = 142
[xAPP] Registered node 1 ran func id = 143
[xAPP] Registered node 1 ran func id = 144
[xAPP] Registered node 1 ran func id = 145
[xAPP] Registered node 1 ran func id = 146
[xAPP] Registered node 1 ran func id = 148
[xAPP] Registered node 2 ran func id = 2
[xAPP] Registered node 2 ran func id = 3
[xAPP] Registered node 2 ran func id = 142
[xAPP] Registered node 2 ran func id = 143
[xAPP] Registered node 2 ran func id = 144
[xAPP] Registered node 2 ran func id = 145
[xAPP] Registered node 2 ran func id = 146
[xAPP] Registered node 2 ran func id = 148
[xApp]: E42 RIC SUBSCRIPTION REQUEST tx RAN_FUNC_ID 142 RIC_REQ_ID 2 
7 ms | now=1755815452085481 us | PDCP ind_msg latency=71856988 us
[xApp]: SUBSCRIPTION RESPONSE rx
[xApp]: Successfully subscribed to RAN_FUNC_ID 142 
[xAPP] Registered node 3 ran func id = 2
[xAPP] Registered node 3 ran func id = 3
[xAPP] Registered node 3 ran func id = 142
[xAPP] Registered node 3 ran func id = 143
[xAPP] Registered node 3 ran func id = 144
[xAPP] Registered node 3 ran func id = 145
[xAPP] Registered node 3 ran func id = 146
[xAPP] Registered node 3 ran func id = 148
[xApp]: E42 RIC SUBSCRIPTION REQUEST tx RAN_FUNC_ID 142 RIC_REQ_ID 3 
[xApp]: SUBSCRIPTION RESPONSE rx
[xApp]: Successfully subscribed to RAN_FUNC_ID 142 
344 ms [UE 30040] UL Throughput = 0.082 Mbps
344 ms [UE 42234] UL Throughput = 0.03038 Mbps
456 ms [UE 30040] UL Throughput = 0.0 Mbps
456 ms [UE 42234] UL Throughput = 0.07746 Mbps
536 ms [UE 30040] UL Throughput = 0.0 Mbps
536 ms [UE 42234] UL Throughput = 0.0 Mbps
668 ms [UE 30040] UL Throughput = 0.06147 Mbps
749 ms [UE 30040] UL Throughput = 0.0 Mbps
749 ms [UE 42234] UL Throughput = 0.13741 Mbps
842 ms [UE 42234] UL Throughput = 0.07426 Mbps
954 ms [UE 30040] UL Throughput = 0.0 Mbps
1049 ms [UE 30040] UL Throughput = 0.06599 Mbps
1144 ms [UE 30040] UL Throughput = 0.0 Mbps
1256 ms [UE 30040] UL Throughput = 0.0 Mbps
1256 ms [UE 42234] UL Throughput = 0.0 Mbps
1369 ms [UE 30040] UL Throughput = 0.04459 Mbps
1369 ms [UE 42234] UL Throughput = 0.0 Mbps
1492 ms [UE 42234] UL Throughput = 0.0 Mbps
1569 ms [UE 30040] UL Throughput = 0.08728 Mbps
1569 ms [UE 42234] UL Throughput = 0.09095 Mbps
1683 ms [UE 30040] UL Throughput = 0.04149 Mbps
1683 ms [UE 42234] UL Throughput = 0.02499 Mbps
1783 ms [UE 30040] UL Throughput = 0.0 Mbps
1783 ms [UE 42234] UL Throughput = 0.0 Mbps
1882 ms [UE 30040] UL Throughput = 0.06523 Mbps
1882 ms [UE 42234] UL Throughput = 0.08774 Mbps
1975 ms [UE 30040] UL Throughput = 0.0 Mbps
1975 ms [UE 42234] UL Throughput = 0.01203 Mbps
2116 ms [UE 30040] UL Throughput = 0.0 Mbps
2116 ms [UE 42234] UL Throughput = 0.03321 Mbps
2193 ms [UE 30040] UL Throughput = 0.05637 Mbps
2193 ms [UE 42234] UL Throughput = 0.0 Mbps
2199 ms [UE 30040] UL Throughput = 0.06849 Mbps
2199 ms [UE 42234] UL Throughput = 0.15622 Mbps
2321 ms [UE 30040] UL Throughput = 0.0 Mbps
2321 ms [UE 42234] UL Throughput = 0.03783 Mbps
2393 ms [UE 30040] UL Throughput = 0.0403 Mbps
2393 ms [UE 42234] UL Throughput = 0.0 Mbps
2465 ms [UE 30040] UL Throughput = 0.0 Mbps
2465 ms [UE 42234] UL Throughput = 0.0 Mbps
2591 ms [UE 30040] UL Throughput = 0.0 Mbps
2591 ms [UE 42234] UL Throughput = 0.02975 Mbps
2597 ms [UE 30040] UL Throughput = 0.0 Mbps
2597 ms [UE 42234] UL Throughput = 0.04166 Mbps
2695 ms [UE 42234] UL Throughput = 0.06451 Mbps
2802 ms [UE 30040] UL Throughput = 0.04642 Mbps
2804 ms [UE 30040] UL Throughput = 0.01928 Mbps
2804 ms [UE 42234] UL Throughput = 0.0 Mbps
2895 ms [UE 30040] UL Throughput = 0.0 Mbps
2895 ms [UE 42234] UL Throughput = 0.0 Mbps
2986 ms [UE 30040] UL Throughput = 0.0 Mbps
2986 ms [UE 42234] UL Throughput = 0.02262 Mbps
3081 ms [UE 30040] UL Throughput = 0.04773 Mbps
3081 ms [UE 42234] UL Throughput = 0.07013 Mbps
3170 ms [UE 30040] UL Throughput = 0.03879 Mbps
3170 ms [UE 42234] UL Throughput = 0.0 Mbps
3253 ms [UE 30040] UL Throughput = 0.02731 Mbps
3253 ms [UE 42234] UL Throughput = 0.0 Mbps
3353 ms [UE 30040] UL Throughput = 0.02868 Mbps
3353 ms [UE 42234] UL Throughput = 0.0 Mbps
3419 ms [UE 30040] UL Throughput = 0.01717 Mbps
3419 ms [UE 42234] UL Throughput = 0.09781 Mbps
3423 ms [UE 30040] UL Throughput = 0.05911 Mbps
3423 ms [UE 42234] UL Throughput = 0.01434 Mbps
3513 ms [UE 30040] UL Throughput = 0.05557 Mbps
3513 ms [UE 42234] UL Throughput = 0.0 Mbps
3519 ms [UE 30040] UL Throughput = 0.03179 Mbps
3519 ms [UE 42234] UL Throughput = 0.06214 Mbps
3605 ms [UE 30040] UL Throughput = 0.0 Mbps
3715 ms [UE 30040] UL Throughput = 0.03847 Mbps
3826 ms [UE 30040] UL Throughput = 0.0 Mbps
3826 ms [UE 42234] UL Throughput = 0.0 Mbps
3929 ms [UE 30040] UL Throughput = 0.0 Mbps
3929 ms [UE 42234] UL Throughput = 0.0 Mbps
4011 ms [UE 30040] UL Throughput = 0.09375 Mbps
4011 ms [UE 42234] UL Throughput = 0.07338 Mbps
4128 ms [UE 30040] UL Throughput = 0.0 Mbps
4128 ms [UE 42234] UL Throughput = 0.02837 Mbps
4130 ms [UE 30040] UL Throughput = 0.07769 Mbps
4208 ms [UE 30040] UL Throughput = 0.0 Mbps
4208 ms [UE 42234] UL Throughput = 0.04411 Mbps
4212 ms [UE 30040] UL Throughput = 0.05419 Mbps
4212 ms [UE 42234] UL Throughput = 0.08046 Mbps
4309 ms [UE 30040] UL Throughput = 0.03561 Mbps
4309 ms [UE 42234] UL Throughput = 0.0 Mbps
4397 ms [UE 30040] UL Throughput = 0.21321 Mbps
4397 ms [UE 42234] UL Throughput = 0.01094 Mbps
4530 ms [UE 30040] UL Throughput = 0.0488 Mbps
4530 ms [UE 42234] UL Throughput = 0.09123 Mbps
4631 ms [UE 30040] UL Throughput = 0.0 Mbps
4712 ms [UE 30040] UL Throughput = 0.0 Mbps
4712 ms [UE 42234] UL Throughput = 0.0 Mbps
4838 ms [UE 30040] UL Throughput = 0.0 Mbps
4937 ms [UE 30040] UL Throughput = 0.05591 Mbps
4937 ms [UE 42234] UL Throughput = 0.01144 Mbps
5025 ms [UE 30040] UL Throughput = 0.0 Mbps
5025 ms [UE 42234] UL Throughput = 0.0 Mbps
5029 ms [UE 30040] UL Throughput = 0.05619 Mbps
5029 ms [UE 42234] UL Throughput = 0.02922 Mbps
5135 ms [UE 30040] UL Throughput = 0.02827 Mbps
5226 ms [UE 30040] UL Throughput = 0.06583 Mbps
5335 ms [UE 30040] UL Throughput = 0.0814 Mbps
5335 ms [UE 42234] UL Throughput = 0.07255 Mbps
5418 ms [UE 30040] UL Throughput = 0.0 Mbps
5418 ms [UE 42234] UL Throughput = 0.07885 Mbps
5549 ms [UE 30040] UL Throughput = 0.0 Mbps
5549 ms [UE 42234] UL Throughput = 0.0 Mbps
5621 ms [UE 30040] UL Throughput = 0.0 Mbps
5621 ms [UE 42234] UL Throughput = 0.0 Mbps
5704 ms [UE 30040] UL Throughput = 0.0 Mbps
5704 ms [UE 42234] UL Throughput = 0.0 Mbps
5801 ms [UE 30040] UL Throughput = 0.09448 Mbps
5911 ms [UE 30040] UL Throughput = 0.0 Mbps
5911 ms [UE 42234] UL Throughput = 0.03607 Mbps
6015 ms [UE 30040] UL Throughput = 0.0 Mbps
6015 ms [UE 42234] UL Throughput = 0.0 Mbps
6131 ms [UE 30040] UL Throughput = 0.0 Mbps
6210 ms [UE 30040] UL Throughput = 0.0 Mbps
6210 ms [UE 42234] UL Throughput = 0.08552 Mbps
6213 ms [UE 30040] UL Throughput = 0.0 Mbps
6213 ms [UE 42234] UL Throughput = 0.08014 Mbps
6277 ms [UE 30040] UL Throughput = 0.06756 Mbps
6277 ms [UE 42234] UL Throughput = 0.08634 Mbps
6391 ms [UE 30040] UL Throughput = 0.0 Mbps
6391 ms [UE 42234] UL Throughput = 0.02325 Mbps
6397 ms [UE 30040] UL Throughput = 0.03637 Mbps
6397 ms [UE 42234] UL Throughput = 0.09995 Mbps
6477 ms [UE 30040] UL Throughput = 0.03305 Mbps
6477 ms [UE 42234] UL Throughput = 0.0703 Mbps
6482 ms [UE 30040] UL Throughput = 0.0 Mbps
6482 ms [UE 42234] UL Throughput = 0.0 Mbps
6585 ms [UE 30040] UL Throughput = 0.0 Mbps
6585 ms [UE 42234] UL Throughput = 0.0 Mbps
6681 ms [UE 42234] UL Throughput = 0.0 Mbps
6778 ms [UE 30040] UL Throughput = 0.04007 Mbps
6778 ms [UE 42234] UL Throughput = 0.0 Mbps
6781 ms [UE 30040] UL Throughput = 0.0 Mbps
6781 ms [UE 42234] UL Throughput = 0.0 Mbps
6892 ms [UE 30040] UL Throughput = 0.0 Mbps
6892 ms [UE 42234] UL Throughput = 0.04524 Mbps
7003 ms [UE 30040] UL Throughput = 0.04303 Mbps
7003 ms [UE 42234] UL Throughput = 0.0 Mbps
7103 ms [UE 30040] UL Throughput = 0.0 Mbps
7103 ms [UE 42234] UL Throughput = 0.09383 Mbps
7204 ms [UE 30040] UL Throughput = 0.0 Mbps
7204 ms [UE 42234] UL Throughput = 0.0 Mbps
7269 ms [UE 30040] UL Throughput = 0.12265 Mbps
7269 ms [UE 42234] UL Throughput = 0.09962 Mbps
7347 ms [UE 30040] UL Throughput = 0.0 Mbps
7347 ms [UE 42234] UL Throughput = 0.0 Mbps
7464 ms [UE 30040] UL Throughput = 0.04295 Mbps
7464 ms [UE 42234] UL Throughput = 0.06249 Mbps
7544 ms [UE 30040] UL Throughput = 0.0 Mbps
7544 ms [UE 42234] UL Throughput = 0.08583 Mbps
7659 ms [UE 30040] UL Throughput = 0.07838 Mbps
7659 ms [UE 42234] UL Throughput = 0.0 Mbps
7777 ms [UE 30040] UL Throughput = 0.0 Mbps
7777 ms [UE 42234] UL Throughput = 0.0 Mbps
7899 ms [UE 30040] UL Throughput = 0.0 Mbps
7899 ms [UE 42234] UL Throughput = 0.0 Mbps
7901 ms [UE 30040] UL Throughput = 0.05855 Mbps
7901 ms [UE 42234] UL Throughput = 0.09593 Mbps
8017 ms [UE 30040] UL Throughput = 0.0 Mbps
8017 ms [UE 42234] UL Throughput = 0.03691 Mbps
8076 ms [UE 30040] UL Throughput = 0.01803 Mbps
8076 ms [UE 42234] UL Throughput = 0.0 Mbps
8145 ms [UE 30040] UL Throughput = 0.11677 Mbps
8145 ms [UE 42234] UL Throughput = 0.0 Mbps
8244 ms [UE 30040] UL Throughput = 0.0 Mbps
8244 ms [UE 42234] UL Throughput = 0.07702 Mbps
8341 ms [UE 30040] UL Throughput = 0.0 Mbps
8341 ms [UE 42234] UL Throughput = 0.0 Mbps
8347 ms [UE 30040] UL Throughput = 0.04951 Mbps
8347 ms [UE 42234] UL Throughput = 0.0 Mbps
8438 ms [UE 30040] UL Throughput = 0.0 Mbps
8438 ms [UE 42234] UL Throughput = 0.0 Mbps
8521 ms [UE 30040] UL Throughput = 0.0 Mbps
8521 ms [UE 42234] UL Throughput = 0.0 Mbps
8593 ms [UE 30040] UL Throughput = 0.0 Mbps
8593 ms [UE 42234] UL Throughput = 0.02914 Mbps
8667 ms [UE 30040] UL Throughput = 0.0789 Mbps
8667 ms [UE 42234] UL Throughput = 0.03186 Mbps
8743 ms [UE 30040] UL Throughput = 0.09423 Mbps
8828 ms [UE 30040] UL Throughput = 0.04263 Mbps
8918 ms [UE 30040] UL Throughput = 0.06904 Mbps
8918 ms [UE 42234] UL Throughput = 0.0 Mbps
9021 ms [UE 30040] UL Throughput = 0.0 Mbps
9021 ms [UE 42234] UL Throughput = 0.09255 Mbps
9130 ms [UE 30040] UL Throughput = 0.06068 Mbps
9130 ms [UE 42234] UL Throughput = 0.0305 Mbps
9218 ms [UE 30040] UL Throughput = 0.16166 Mbps
9218 ms [UE 42234] UL Throughput = 0.0 Mbps
9298 ms [UE 42234] UL Throughput = 0.05735 Mbps
9396 ms [UE 30040] UL Throughput = 0.099 Mbps
9396 ms [UE 42234] UL Throughput = 0.0 Mbps
9490 ms [UE 42234] UL Throughput = 0.0365 Mbps
9605 ms [UE 30040] UL Throughput = 0.07168 Mbps
9701 ms [UE 30040] UL Throughput = 0.0701 Mbps
9701 ms [UE 42234] UL Throughput = 0.04721 Mbps
9775 ms [UE 42234] UL Throughput = 0.04954 Mbps
9853 ms [UE 30040] UL Throughput = 0.0578 Mbps
9853 ms [UE 42234] UL Throughput = 0.03512 Mbps
9954 ms [UE 42234] UL Throughput = 0.07352 Mbps
10047 ms [UE 30040] UL Throughput = 0.01598 Mbps
10174 ms [UE 30040] UL Throughput = 0.03366 Mbps
10273 ms [UE 42234] UL Throughput = 0.0 Mbps
10377 ms [UE 30040] UL Throughput = 0.07396 Mbps
10377 ms [UE 42234] UL Throughput = 0.07337 Mbps
10378 ms [UE 30040] UL Throughput = 0.0 Mbps
10378 ms [UE 42234] UL Throughput = 0.09121 Mbps
10482 ms [UE 30040] UL Throughput = 0.0 Mbps
10482 ms [UE 42234] UL Throughput = 0.12929 Mbps
10568 ms [UE 30040] UL Throughput = 0.0 Mbps
10568 ms [UE 42234] UL Throughput = 0.01781 Mbps
10685 ms [UE 42234] UL Throughput = 0.12481 Mbps
10797 ms [UE 30040] UL Throughput = 0.07803 Mbps
10797 ms [UE 42234] UL Throughput = 0.0 Mbps
10803 ms [UE 30040] UL Throughput = 0.0 Mbps
10803 ms [UE 42234] UL Throughput = 0.0 Mbps
10898 ms [UE 30040] UL Throughput = 0.02993 Mbps
10898 ms [UE 42234] UL Throughput = 0.08952 Mbps
10903 ms [UE 30040] UL Throughput = 0.02664 Mbps
10903 ms [UE 42234] UL Throughput = 0.0 Mbps
10906 ms [UE 30040] UL Throughput = 0.0 Mbps
10906 ms [UE 42234] UL Throughput = 0.0552 Mbps
11021 ms [UE 42234] UL Throughput = 0.0 Mbps
11137 ms [UE 30040] UL Throughput = 0.0 Mbps
11238 ms [UE 30040] UL Throughput = 0.01267 Mbps
11238 ms [UE 42234] UL Throughput = 0.0 Mbps
11326 ms [UE 30040] UL Throughput = 0.0 Mbps
11326 ms [UE 42234] UL Throughput = 0.06539 Mbps
11331 ms [UE 30040] UL Throughput = 0.0 Mbps
11331 ms [UE 42234] UL Throughput = 0.02941 Mbps
11425 ms [UE 42234] UL Throughput = 0.0 Mbps
11520 ms [UE 30040] UL Throughput = 0.02682 Mbps
11520 ms [UE 42234] UL Throughput = 0.0 Mbps
11612 ms [UE 30040] UL Throughput = 0.01091 Mbps
11612 ms [UE 42234] UL Throughput = 0.08305 Mbps
11735 ms [UE 30040] UL Throughput = 0.0 Mbps
11735 ms [UE 42234] UL Throughput = 0.02155 Mbps
11816 ms [UE 30040] UL Throughput = 0.03893 Mbps
11816 ms [UE 42234] UL Throughput = 0.08285 Mbps
11931 ms [UE 30040] UL Throughput = 0.0 Mbps
11931 ms [UE 42234] UL Throughput = 0.01574 Mbps
12040 ms [UE 30040] UL Throughput = 0.0 Mbps
12040 ms [UE 42234] UL Throughput = 0.0 Mbps
12140 ms [UE 30040] UL Throughput = 0.0 Mbps
12140 ms [UE 42234] UL Throughput = 0.05592 Mbps
12255 ms [UE 30040] UL Throughput = 0.0 Mbps
12255 ms [UE 42234] UL Throughput = 0.0 Mbps
12361 ms [UE 30040] UL Throughput = 0.09594 Mbps
12361 ms [UE 42234] UL Throughput = 0.0 Mbps
12366 ms [UE 30040] UL Throughput = 0.0 Mbps
12366 ms [UE 42234] UL Throughput = 0.09551 Mbps
12447 ms [UE 30040] UL Throughput = 0.05804 Mbps
12447 ms [UE 42234] UL Throughput = 0.0 Mbps
12451 ms [UE 30040] UL Throughput = 0.06069 Mbps
12451 ms [UE 42234] UL Throughput = 0.02631 Mbps
12543 ms [UE 42234] UL Throughput = 0.10345 Mbps
12622 ms [UE 30040] UL Throughput = 0.12251 Mbps
12622 ms [UE 42234] UL Throughput = 0.0 Mbps
12696 ms [UE 30040] UL Throughput = 0.0 Mbps
12795 ms [UE 30040] UL Throughput = 0.08125 Mbps
12795 ms [UE 42234] UL Throughput = 0.05107 Mbps
12899 ms [UE 30040] UL Throughput = 0.0 Mbps
12899 ms [UE 42234] UL Throughput = 0.0 Mbps
12986 ms [UE 30040] UL Throughput = 0.0275 Mbps
12986 ms [UE 42234] UL Throughput = 0.07109 Mbps
13079 ms [UE 30040] UL Throughput = 0.0 Mbps
13079 ms [UE 42234] UL Throughput = 0.0 Mbps
13190 ms [UE 30040] UL Throughput = 0.09021 Mbps
13190 ms [UE 42234] UL Throughput = 0.04541 Mbps
13290 ms [UE 30040] UL Throughput = 0.0 Mbps
13290 ms [UE 42234] UL Throughput = 0.0 Mbps
13404 ms [UE 30040] UL Throughput = 0.01922 Mbps
13404 ms [UE 42234] UL Throughput = 0.01043 Mbps
13493 ms [UE 42234] UL Throughput = 0.02763 Mbps
13593 ms [UE 30040] UL Throughput = 0.08101 Mbps
13593 ms [UE 42234] UL Throughput = 0.07368 Mbps
13686 ms [UE 30040] UL Throughput = 0.0 Mbps
13762 ms [UE 30040] UL Throughput = 0.06585 Mbps
13762 ms [UE 42234] UL Throughput = 0.04563 Mbps
13875 ms [UE 30040] UL Throughput = 0.01826 Mbps
13875 ms [UE 42234] UL Throughput = 0.03006 Mbps
13879 ms [UE 30040] UL Throughput = 0.06776 Mbps
13879 ms [UE 42234] UL Throughput = 0.07062 Mbps
13979 ms [UE 30040] UL Throughput = 0.0 Mbps
13979 ms [UE 42234] UL Throughput = 0.02599 Mbps
14097 ms [UE 30040] UL Throughput = 0.06401 Mbps
14097 ms [UE 42234] UL Throughput = 0.05901 Mbps
14207 ms [UE 30040] UL Throughput = 0.06832 Mbps
14207 ms [UE 42234] UL Throughput = 0.09561 Mbps
14210 ms [UE 30040] UL Throughput = 0.0 Mbps
14210 ms [UE 42234] UL Throughput = 0.0 Mbps
14302 ms [UE 30040] UL Throughput = 0.0 Mbps
14302 ms [UE 42234] UL Throughput = 0.01848 Mbps
14307 ms [UE 30040] UL Throughput = 0.11145 Mbps
14307 ms [UE 42234] UL Throughput = 0.0223 Mbps
14396 ms [UE 42234] UL Throughput = 0.09724 Mbps
14477 ms [UE 30040] UL Throughput = 0.06668 Mbps
14477 ms [UE 42234] UL Throughput = 0.04117 Mbps
14606 ms [UE 30040] UL Throughput = 0.0 Mbps
14606 ms [UE 42234] UL Throughput = 0.0 Mbps
14612 ms [UE 30040] UL Throughput = 0.02783 Mbps
14612 ms [UE 42234] UL Throughput = 0.0514 Mbps
14729 ms [UE 30040] UL Throughput = 0.06812 Mbps
14729 ms [UE 42234] UL Throughput = 0.09829 Mbps
14836 ms [UE 30040] UL Throughput = 0.09864 Mbps
14836 ms [UE 42234] UL Throughput = 0.0 Mbps
14932 ms [UE 30040] UL Throughput = 0.08687 Mbps
15013 ms [UE 30040] UL Throughput = 0.03564 Mbps
15013 ms [UE 42234] UL Throughput = 0.04941 Mbps
15126 ms [UE 30040] UL Throughput = 0.0 Mbps
15126 ms [UE 42234] UL Throughput = 0.13787 Mbps
15129 ms [UE 42234] UL Throughput = 0.0 Mbps
15209 ms [UE 30040] UL Throughput = 0.09651 Mbps
15209 ms [UE 42234] UL Throughput = 0.01437 Mbps
15310 ms [UE 30040] UL Throughput = 0.0 Mbps
15310 ms [UE 42234] UL Throughput = 0.0 Mbps
15404 ms [UE 30040] UL Throughput = 0.0 Mbps
15404 ms [UE 42234] UL Throughput = 0.03416 Mbps
15497 ms [UE 30040] UL Throughput = 0.0 Mbps
15497 ms [UE 42234] UL Throughput = 0.10205 Mbps
15592 ms [UE 30040] UL Throughput = 0.029 Mbps
15592 ms [UE 42234] UL Throughput = 0.0 Mbps
15685 ms [UE 30040] UL Throughput = 0.06559 Mbps
15685 ms [UE 42234] UL Throughput = 0.11814 Mbps
15687 ms [UE 30040] UL Throughput = 0.08865 Mbps
15687 ms [UE 42234] UL Throughput = 0.07815 Mbps
15688 ms [UE 30040] UL Throughput = 0.0 Mbps
15688 ms [UE 42234] UL Throughput = 0.06221 Mbps
15689 ms [UE 30040] UL Throughput = 0.0 Mbps
15689 ms [UE 42234] UL Throughput = 0.0 Mbps
15767 ms [UE 30040] UL Throughput = 0.0 Mbps
15767 ms [UE 42234] UL Throughput = 0.04627 Mbps
15769 ms [UE 30040] UL Throughput = 0.05734 Mbps
15870 ms [UE 30040] UL Throughput = 0.0539 Mbps
15965 ms [UE 30040] UL Throughput = 0.02847 Mbps
15965 ms [UE 42234] UL Throughput = 0.0 Mbps
16063 ms [UE 30040] UL Throughput = 0.01336 Mbps
16063 ms [UE 42234] UL Throughput = 0.06621 Mbps
16069 ms [UE 30040] UL Throughput = 0.0 Mbps
16069 ms [UE 42234] UL Throughput = 0.0 Mbps
16157 ms [UE 30040] UL Throughput = 0.0 Mbps
16157 ms [UE 42234] UL Throughput = 0.0 Mbps
16240 ms [UE 30040] UL Throughput = 0.0 Mbps
16334 ms [UE 30040] UL Throughput = 0.0 Mbps
16334 ms [UE 42234] UL Throughput = 0.03593 Mbps
16405 ms [UE 30040] UL Throughput = 0.08656 Mbps
16405 ms [UE 42234] UL Throughput = 0.0 Mbps
16517 ms [UE 42234] UL Throughput = 0.0 Mbps
16628 ms [UE 30040] UL Throughput = 0.0 Mbps
16628 ms [UE 42234] UL Throughput = 0.10162 Mbps
16719 ms [UE 30040] UL Throughput = 0.05248 Mbps
16719 ms [UE 42234] UL Throughput = 0.05811 Mbps
16848 ms [UE 30040] UL Throughput = 0.0343 Mbps
16964 ms [UE 30040] UL Throughput = 0.21003 Mbps
17061 ms [UE 30040] UL Throughput = 0.0 Mbps
17061 ms [UE 42234] UL Throughput = 0.04956 Mbps
17142 ms [UE 30040] UL Throughput = 0.0 Mbps
17142 ms [UE 42234] UL Throughput = 0.04195 Mbps
17232 ms [UE 30040] UL Throughput = 0.0 Mbps
17326 ms [UE 30040] UL Throughput = 0.0 Mbps
17326 ms [UE 42234] UL Throughput = 0.0 Mbps
17433 ms [UE 30040] UL Throughput = 0.0 Mbps
17433 ms [UE 42234] UL Throughput = 0.01868 Mbps
17507 ms [UE 30040] UL Throughput = 0.04498 Mbps
17507 ms [UE 42234] UL Throughput = 0.0 Mbps
17512 ms [UE 30040] UL Throughput = 0.02587 Mbps
17512 ms [UE 42234] UL Throughput = 0.07474 Mbps
17612 ms [UE 30040] UL Throughput = 0.07704 Mbps
17612 ms [UE 42234] UL Throughput = 0.03005 Mbps
17695 ms [UE 42234] UL Throughput = 0.102 Mbps
17779 ms [UE 30040] UL Throughput = 0.07247 Mbps
17780 ms [UE 30040] UL Throughput = 0.06405 Mbps
17780 ms [UE 42234] UL Throughput = 0.09681 Mbps
17896 ms [UE 30040] UL Throughput = 0.0 Mbps
17896 ms [UE 42234] UL Throughput = 0.0 Mbps
17994 ms [UE 30040] UL Throughput = 0.06991 Mbps
17994 ms [UE 42234] UL Throughput = 0.0 Mbps
18000 ms [UE 30040] UL Throughput = 0.0 Mbps
18084 ms [UE 30040] UL Throughput = 0.0 Mbps
18084 ms [UE 42234] UL Throughput = 0.06009 Mbps
18203 ms [UE 30040] UL Throughput = 0.04095 Mbps
18309 ms [UE 42234] UL Throughput = 0.05696 Mbps
18377 ms [UE 30040] UL Throughput = 0.09529 Mbps
18377 ms [UE 42234] UL Throughput = 0.0 Mbps
18505 ms [UE 30040] UL Throughput = 0.0 Mbps
18505 ms [UE 42234] UL Throughput = 0.04264 Mbps
18581 ms [UE 30040] UL Throughput = 0.04652 Mbps
18581 ms [UE 42234] UL Throughput = 0.0 Mbps
18697 ms [UE 30040] UL Throughput = 0.04795 Mbps
18697 ms [UE 42234] UL Throughput = 0.0227 Mbps
18790 ms [UE 30040] UL Throughput = 0.0 Mbps
18790 ms [UE 42234] UL Throughput = 0.05531 Mbps
18897 ms [UE 30040] UL Throughput = 0.0 Mbps
18897 ms [UE 42234] UL Throughput = 0.0 Mbps
18898 ms [UE 30040] UL Throughput = 0.09887 Mbps
18898 ms [UE 42234] UL Throughput = 0.0 Mbps
18903 ms [UE 30040] UL Throughput = 0.07706 Mbps
18903 ms [UE 42234] UL Throughput = 0.05784 Mbps
19013 ms [UE 30040] UL Throughput = 0.0 Mbps
19013 ms [UE 42234] UL Throughput = 0.0 Mbps
19111 ms [UE 30040] UL Throughput = 0.0 Mbps
19111 ms [UE 42234] UL Throughput = 0.05862 Mbps
19245 ms [UE 30040] UL Throughput = 0.07387 Mbps
19245 ms [UE 42234] UL Throughput = 0.0 Mbps
19250 ms [UE 30040] UL Throughput = 0.02057 Mbps
19250 ms [UE 42234] UL Throughput = 0.07483 Mbps
19353 ms [UE 30040] UL Throughput = 0.0 Mbps
19353 ms [UE 42234] UL Throughput = 0.0 Mbps
19453 ms [UE 30040] UL Throughput = 0.0 Mbps
19453 ms [UE 42234] UL Throughput = 0.02364 Mbps
19567 ms [UE 30040] UL Throughput = 0.0 Mbps
19567 ms [UE 42234] UL Throughput = 0.06997 Mbps
19569 ms [UE 30040] UL Throughput = 0.04719 Mbps
19569 ms [UE 42234] UL Throughput = 0.0 Mbps
19656 ms [UE 30040] UL Throughput = 0.0937 Mbps
19656 ms [UE 42234] UL Throughput = 0.05953 Mbps
19767 ms [UE 30040] UL Throughput = 0.0 Mbps
19767 ms [UE 42234] UL Throughput = 0.0 Mbps
19893 ms [UE 30040] UL Throughput = 0.06763 Mbps
19893 ms [UE 42234] UL Throughput = 0.0 Mbps
20015 ms [UE 30040] UL Throughput = 0.0 Mbps
20015 ms [UE 42234] UL Throughput = 0.02396 Mbps
20127 ms [UE 30040] UL Throughput = 0.0 Mbps
20127 ms [UE 42234] UL Throughput = 0.03532 Mbps
20241 ms [UE 30040] UL Throughput = 0.0 Mbps
20241 ms [UE 42234] UL Throughput = 0.0165 Mbps
20356 ms [UE 30040] UL Throughput = 0.0 Mbps
20356 ms [UE 42234] UL Throughput = 0.03501 Mbps
20358 ms [UE 30040] UL Throughput = 0.01431 Mbps
20358 ms [UE 42234] UL Throughput = 0.0 Mbps
20461 ms [UE 30040] UL Throughput = 0.0 Mbps
20461 ms [UE 42234] UL Throughput = 0.0 Mbps
20532 ms [UE 30040] UL Throughput = 0.0 Mbps
20532 ms [UE 42234] UL Throughput = 0.04759 Mbps
20536 ms [UE 30040] UL Throughput = 0.0 Mbps
20536 ms [UE 42234] UL Throughput = 0.0 Mbps
20640 ms [UE 42234] UL Throughput = 0.0 Mbps
20735 ms [UE 30040] UL Throughput = 0.0 Mbps
20735 ms [UE 42234] UL Throughput = 0.0 Mbps
20737 ms [UE 30040] UL Throughput = 0.0 Mbps
20737 ms [UE 42234] UL Throughput = 0.09045 Mbps
20810 ms [UE 30040] UL Throughput = 0.13205 Mbps
20810 ms [UE 42234] UL Throughput = 0.0 Mbps
20895 ms [UE 42234] UL Throughput = 0.06537 Mbps
20963 ms [UE 30040] UL Throughput = 0.0 Mbps
20963 ms [UE 42234] UL Throughput = 0.0 Mbps
21083 ms [UE 30040] UL Throughput = 0.05903 Mbps
21083 ms [UE 42234] UL Throughput = 0.0 Mbps
21088 ms [UE 30040] UL Throughput = 0.0 Mbps
21088 ms [UE 42234] UL Throughput = 0.0 Mbps
21199 ms [UE 30040] UL Throughput = 0.06862 Mbps
21199 ms [UE 42234] UL Throughput = 0.0 Mbps
21202 ms [UE 30040] UL Throughput = 0.0 Mbps
21202 ms [UE 42234] UL Throughput = 0.03354 Mbps
21295 ms [UE 30040] UL Throughput = 0.07677 Mbps
21420 ms [UE 30040] UL Throughput = 0.14165 Mbps
21420 ms [UE 42234] UL Throughput = 0.0 Mbps
21516 ms [UE 30040] UL Throughput = 0.05157 Mbps
21516 ms [UE 42234] UL Throughput = 0.07299 Mbps
21633 ms [UE 30040] UL Throughput = 0.0 Mbps
21633 ms [UE 42234] UL Throughput = 0.04215 Mbps
21748 ms [UE 30040] UL Throughput = 0.02773 Mbps
21748 ms [UE 42234] UL Throughput = 0.03017 Mbps
21752 ms [UE 30040] UL Throughput = 0.08725 Mbps
21752 ms [UE 42234] UL Throughput = 0.08711 Mbps
21833 ms [UE 42234] UL Throughput = 0.0 Mbps
21898 ms [UE 30040] UL Throughput = 0.05556 Mbps
21898 ms [UE 42234] UL Throughput = 0.06308 Mbps
21982 ms [UE 42234] UL Throughput = 0.0 Mbps
21983 ms [UE 30040] UL Throughput = 0.04846 Mbps
21983 ms [UE 42234] UL Throughput = 0.0 Mbps
22097 ms [UE 30040] UL Throughput = 0.09849 Mbps
22097 ms [UE 42234] UL Throughput = 0.0 Mbps
22101 ms [UE 30040] UL Throughput = 0.0 Mbps
22101 ms [UE 42234] UL Throughput = 0.0752 Mbps
22209 ms [UE 30040] UL Throughput = 0.12962 Mbps
22209 ms [UE 42234] UL Throughput = 0.01017 Mbps
22321 ms [UE 42234] UL Throughput = 0.0 Mbps
22427 ms [UE 30040] UL Throughput = 0.09213 Mbps
22427 ms [UE 42234] UL Throughput = 0.0 Mbps
22507 ms [UE 30040] UL Throughput = 0.0 Mbps
22507 ms [UE 42234] UL Throughput = 0.0286 Mbps
22609 ms [UE 30040] UL Throughput = 0.0 Mbps
22609 ms [UE 42234] UL Throughput = 0.0 Mbps
22719 ms [UE 30040] UL Throughput = 0.0 Mbps
22719 ms [UE 42234] UL Throughput = 0.08205 Mbps
22826 ms [UE 30040] UL Throughput = 0.05775 Mbps
22826 ms [UE 42234] UL Throughput = 0.0 Mbps
22831 ms [UE 30040] UL Throughput = 0.13814 Mbps
22831 ms [UE 42234] UL Throughput = 0.05245 Mbps
22931 ms [UE 30040] UL Throughput = 0.06763 Mbps
22931 ms [UE 42234] UL Throughput = 0.07376 Mbps
23033 ms [UE 30040] UL Throughput = 0.0 Mbps
23127 ms [UE 30040] UL Throughput = 0.13999 Mbps
23127 ms [UE 42234] UL Throughput = 0.01094 Mbps
23230 ms [UE 30040] UL Throughput = 0.06829 Mbps
23230 ms [UE 42234] UL Throughput = 0.05531 Mbps
23338 ms [UE 30040] UL Throughput = 0.05516 Mbps
23338 ms [UE 42234] UL Throughput = 0.05217 Mbps
23340 ms [UE 30040] UL Throughput = 0.02646 Mbps
23340 ms [UE 42234] UL Throughput = 0.06067 Mbps
23425 ms [UE 30040] UL Throughput = 0.06997 Mbps
23425 ms [UE 42234] UL Throughput = 0.0 Mbps
23505 ms [UE 30040] UL Throughput = 0.0 Mbps
23605 ms [UE 30040] UL Throughput = 0.0201 Mbps
23605 ms [UE 42234] UL Throughput = 0.02889 Mbps
23729 ms [UE 30040] UL Throughput = 0.0 Mbps
23729 ms [UE 42234] UL Throughput = 0.05361 Mbps
23835 ms [UE 30040] UL Throughput = 0.0 Mbps
23835 ms [UE 42234] UL Throughput = 0.0 Mbps
23955 ms [UE 30040] UL Throughput = 0.0 Mbps
23955 ms [UE 42234] UL Throughput = 0.0 Mbps
23961 ms [UE 30040] UL Throughput = 0.01008 Mbps
23961 ms [UE 42234] UL Throughput = 0.0 Mbps
24050 ms [UE 30040] UL Throughput = 0.0 Mbps
24163 ms [UE 30040] UL Throughput = 0.0 Mbps
24169 ms [UE 30040] UL Throughput = 0.09564 Mbps
24169 ms [UE 42234] UL Throughput = 0.0 Mbps
24258 ms [UE 30040] UL Throughput = 0.0 Mbps
24258 ms [UE 42234] UL Throughput = 0.06805 Mbps
24364 ms [UE 30040] UL Throughput = 0.07195 Mbps
24364 ms [UE 42234] UL Throughput = 0.02407 Mbps
24461 ms [UE 30040] UL Throughput = 0.0 Mbps
24461 ms [UE 42234] UL Throughput = 0.11993 Mbps
24560 ms [UE 30040] UL Throughput = 0.0 Mbps
24560 ms [UE 42234] UL Throughput = 0.20758 Mbps
24674 ms [UE 30040] UL Throughput = 0.0 Mbps
24674 ms [UE 42234] UL Throughput = 0.0 Mbps
24677 ms [UE 30040] UL Throughput = 0.03277 Mbps
24677 ms [UE 42234] UL Throughput = 0.05381 Mbps
24680 ms [UE 30040] UL Throughput = 0.09158 Mbps
24680 ms [UE 42234] UL Throughput = 0.0 Mbps
24765 ms [UE 30040] UL Throughput = 0.0 Mbps
24765 ms [UE 42234] UL Throughput = 0.0 Mbps
24871 ms [UE 30040] UL Throughput = 0.07434 Mbps
24871 ms [UE 42234] UL Throughput = 0.0 Mbps
24990 ms [UE 30040] UL Throughput = 0.06126 Mbps
25089 ms [UE 30040] UL Throughput = 0.0 Mbps
25089 ms [UE 42234] UL Throughput = 0.0 Mbps
25189 ms [UE 30040] UL Throughput = 0.06985 Mbps
25189 ms [UE 42234] UL Throughput = 0.0 Mbps
25299 ms [UE 30040] UL Throughput = 0.0 Mbps
25299 ms [UE 42234] UL Throughput = 0.0 Mbps
25390 ms [UE 30040] UL Throughput = 0.06937 Mbps
25495 ms [UE 30040] UL Throughput = 0.0 Mbps
25495 ms [UE 42234] UL Throughput = 0.0 Mbps
25559 ms [UE 30040] UL Throughput = 0.07343 Mbps
25559 ms [UE 42234] UL Throughput = 0.0 Mbps
25628 ms [UE 30040] UL Throughput = 0.09834 Mbps
25749 ms [UE 30040] UL Throughput = 0.06203 Mbps
25749 ms [UE 42234] UL Throughput = 0.0 Mbps
25751 ms [UE 30040] UL Throughput = 0.0 Mbps
25751 ms [UE 42234] UL Throughput = 0.0 Mbps
25851 ms [UE 30040] UL Throughput = 0.06949 Mbps
25949 ms [UE 30040] UL Throughput = 0.0 Mbps
25949 ms [UE 42234] UL Throughput = 0.0 Mbps
25950 ms [UE 30040] UL Throughput = 0.01483 Mbps
25950 ms [UE 42234] UL Throughput = 0.0 Mbps
26041 ms [UE 30040] UL Throughput = 0.05235 Mbps
26041 ms [UE 42234] UL Throughput = 0.0 Mbps
26168 ms [UE 30040] UL Throughput = 0.0 Mbps
26168 ms [UE 42234] UL Throughput = 0.0 Mbps
26245 ms [UE 30040] UL Throughput = 0.0 Mbps
26245 ms [UE 42234] UL Throughput = 0.0 Mbps
26357 ms [UE 30040] UL Throughput = 0.04172 Mbps
26467 ms [UE 30040] UL Throughput = 0.0 Mbps
26467 ms [UE 42234] UL Throughput = 0.0 Mbps
26582 ms [UE 30040] UL Throughput = 0.0 Mbps
26582 ms [UE 42234] UL Throughput = 0.03317 Mbps
26695 ms [UE 30040] UL Throughput = 0.09819 Mbps
26695 ms [UE 42234] UL Throughput = 0.01761 Mbps
26803 ms [UE 30040] UL Throughput = 0.04302 Mbps
26803 ms [UE 42234] UL Throughput = 0.03823 Mbps
26915 ms [UE 30040] UL Throughput = 0.17632 Mbps
26915 ms [UE 42234] UL Throughput = 0.0175 Mbps
27038 ms [UE 30040] UL Throughput = 0.0 Mbps
27038 ms [UE 42234] UL Throughput = 0.0247 Mbps
27143 ms [UE 30040] UL Throughput = 0.0 Mbps
27143 ms [UE 42234] UL Throughput = 0.0 Mbps
27226 ms [UE 30040] UL Throughput = 0.0 Mbps
27232 ms [UE 30040] UL Throughput = 0.06839 Mbps
27232 ms [UE 42234] UL Throughput = 0.0 Mbps
27233 ms [UE 30040] UL Throughput = 0.09892 Mbps
27233 ms [UE 42234] UL Throughput = 0.04408 Mbps
27296 ms [UE 30040] UL Throughput = 0.09866 Mbps
27296 ms [UE 42234] UL Throughput = 0.02699 Mbps
27376 ms [UE 30040] UL Throughput = 0.06136 Mbps
27376 ms [UE 42234] UL Throughput = 0.0662 Mbps
27509 ms [UE 30040] UL Throughput = 0.07162 Mbps
27509 ms [UE 42234] UL Throughput = 0.04742 Mbps
27634 ms [UE 42234] UL Throughput = 0.15422 Mbps
27728 ms [UE 30040] UL Throughput = 0.05207 Mbps
27728 ms [UE 42234] UL Throughput = 0.17548 Mbps
27815 ms [UE 30040] UL Throughput = 0.03754 Mbps
27815 ms [UE 42234] UL Throughput = 0.05236 Mbps
27911 ms [UE 30040] UL Throughput = 0.0568 Mbps
27911 ms [UE 42234] UL Throughput = 0.0 Mbps
28007 ms [UE 42234] UL Throughput = 0.0827 Mbps
28010 ms [UE 30040] UL Throughput = 0.03268 Mbps
28010 ms [UE 42234] UL Throughput = 0.0 Mbps
28126 ms [UE 42234] UL Throughput = 0.0 Mbps
28230 ms [UE 30040] UL Throughput = 0.06419 Mbps
28230 ms [UE 42234] UL Throughput = 0.0 Mbps
28308 ms [UE 30040] UL Throughput = 0.0 Mbps
28308 ms [UE 42234] UL Throughput = 0.0 Mbps
28401 ms [UE 30040] UL Throughput = 0.0 Mbps
28401 ms [UE 42234] UL Throughput = 0.05491 Mbps
28491 ms [UE 30040] UL Throughput = 0.02293 Mbps
28491 ms [UE 42234] UL Throughput = 0.01302 Mbps
28585 ms [UE 42234] UL Throughput = 0.0 Mbps
28694 ms [UE 30040] UL Throughput = 0.0 Mbps
28694 ms [UE 42234] UL Throughput = 0.08679 Mbps
28787 ms [UE 30040] UL Throughput = 0.04222 Mbps
28787 ms [UE 42234] UL Throughput = 0.09292 Mbps
28892 ms [UE 30040] UL Throughput = 0.04969 Mbps
28892 ms [UE 42234] UL Throughput = 0.0 Mbps
28978 ms [UE 30040] UL Throughput = 0.10137 Mbps
28978 ms [UE 42234] UL Throughput = 0.11096 Mbps
28984 ms [UE 30040] UL Throughput = 0.09903 Mbps
28984 ms [UE 42234] UL Throughput = 0.0 Mbps
29078 ms [UE 30040] UL Throughput = 0.08024 Mbps
29078 ms [UE 42234] UL Throughput = 0.0 Mbps
29148 ms [UE 30040] UL Throughput = 0.06897 Mbps
29148 ms [UE 42234] UL Throughput = 0.0 Mbps
29153 ms [UE 30040] UL Throughput = 0.09278 Mbps
29153 ms [UE 42234] UL Throughput = 0.07425 Mbps
29251 ms [UE 42234] UL Throughput = 0.0 Mbps
29356 ms [UE 30040] UL Throughput = 0.15354 Mbps
29356 ms [UE 42234] UL Throughput = 0.0 Mbps
29446 ms [UE 30040] UL Throughput = 0.06476 Mbps
29446 ms [UE 42234] UL Throughput = 0.01226 Mbps
29550 ms [UE 30040] UL Throughput = 0.0 Mbps
29550 ms [UE 42234] UL Throughput = 0.0 Mbps
29647 ms [UE 30040] UL Throughput = 0.0 Mbps
29647 ms [UE 42234] UL Throughput = 0.1227 Mbps
29729 ms [UE 30040] UL Throughput = 0.0 Mbps
29729 ms [UE 42234] UL Throughput = 0.0 Mbps
29840 ms [UE 30040] UL Throughput = 0.07663 Mbps
29840 ms [UE 42234] UL Throughput = 0.0 Mbps
29928 ms [UE 30040] UL Throughput = 0.0 Mbps
29928 ms [UE 42234] UL Throughput = 0.07039 Mbps
30054 ms [UE 30040] UL Throughput = 0.09604 Mbps
30054 ms [UE 42234] UL Throughput = 0.0 Mbps
30154 ms [UE 30040] UL Throughput = 0.03553 Mbps
30154 ms [UE 42234] UL Throughput = 0.09354 Mbps
30251 ms [UE 30040] UL Throughput = 0.0 Mbps
30251 ms [UE 42234] UL Throughput = 0.0 Mbps
30253 ms [UE 30040] UL Throughput = 0.06573 Mbps
30253 ms [UE 42234] UL Throughput = 0.02928 Mbps
30341 ms [UE 30040] UL Throughput = 0.09138 Mbps
30341 ms [UE 42234] UL Throughput = 0.06372 Mbps
30426 ms [UE 42234] UL Throughput = 0.0 Mbps
30537 ms [UE 30040] UL Throughput = 0.0 Mbps
30537 ms [UE 42234] UL Throughput = 0.0 Mbps
30629 ms [UE 30040] UL Throughput = 0.01599 Mbps
30629 ms [UE 42234] UL Throughput = 0.0762 Mbps
30716 ms [UE 30040] UL Throughput = 0.03366 Mbps
30722 ms [UE 30040] UL Throughput = 0.0 Mbps
30722 ms [UE 42234] UL Throughput = 0.0 Mbps
30808 ms [UE 30040] UL Throughput = 0.0 Mbps
30808 ms [UE 42234] UL Throughput = 0.09407 Mbps
30906 ms [UE 30040] UL Throughput = 0.0 Mbps
30906 ms [UE 42234] UL Throughput = 0.0 Mbps
31015 ms [UE 30040] UL Throughput = 0.0 Mbps
31015 ms [UE 42234] UL Throughput = 0.0 Mbps
31124 ms [UE 42234] UL Throughput = 0.01869 Mbps
31239 ms [UE 30040] UL Throughput = 0.01397 Mbps
31239 ms [UE 42234] UL Throughput = 0.0 Mbps
31243 ms [UE 30040] UL Throughput = 0.09281 Mbps
31243 ms [UE 42234] UL Throughput = 0.05251 Mbps
31345 ms [UE 30040] UL Throughput = 0.0 Mbps
31345 ms [UE 42234] UL Throughput = 0.07966 Mbps
31445 ms [UE 42234] UL Throughput = 0.0 Mbps
31451 ms [UE 30040] UL Throughput = 0.07526 Mbps
31451 ms [UE 42234] UL Throughput = 0.07745 Mbps
31562 ms [UE 30040] UL Throughput = 0.0 Mbps
31562 ms [UE 42234] UL Throughput = 0.10781 Mbps
31564 ms [UE 30040] UL Throughput = 0.01956 Mbps
31564 ms [UE 42234] UL Throughput = 0.0 Mbps
31661 ms [UE 30040] UL Throughput = 0.02741 Mbps
31661 ms [UE 42234] UL Throughput = 0.07921 Mbps
31665 ms [UE 30040] UL Throughput = 0.03457 Mbps
31665 ms [UE 42234] UL Throughput = 0.0 Mbps
31769 ms [UE 30040] UL Throughput = 0.05 Mbps
31769 ms [UE 42234] UL Throughput = 0.0909 Mbps
31770 ms [UE 30040] UL Throughput = 0.0 Mbps
31770 ms [UE 42234] UL Throughput = 0.08965 Mbps
31883 ms [UE 30040] UL Throughput = 0.0 Mbps
31883 ms [UE 42234] UL Throughput = 0.01968 Mbps
31989 ms [UE 30040] UL Throughput = 0.08715 Mbps
31989 ms [UE 42234] UL Throughput = 0.0 Mbps
31992 ms [UE 30040] UL Throughput = 0.0 Mbps
31992 ms [UE 42234] UL Throughput = 0.03845 Mbps
32086 ms [UE 30040] UL Throughput = 0.01621 Mbps
32086 ms [UE 42234] UL Throughput = 0.07931 Mbps
32172 ms [UE 30040] UL Throughput = 0.0 Mbps
32172 ms [UE 42234] UL Throughput = 0.01402 Mbps
32260 ms [UE 30040] UL Throughput = 0.0348 Mbps
32260 ms [UE 42234] UL Throughput = 0.0 Mbps
32263 ms [UE 30040] UL Throughput = 0.06172 Mbps
32263 ms [UE 42234] UL Throughput = 0.0 Mbps
32386 ms [UE 30040] UL Throughput = 0.09617 Mbps
32386 ms [UE 42234] UL Throughput = 0.05982 Mbps
32463 ms [UE 30040] UL Throughput = 0.07981 Mbps
32463 ms [UE 42234] UL Throughput = 0.06195 Mbps
32555 ms [UE 30040] UL Throughput = 0.0 Mbps
32555 ms [UE 42234] UL Throughput = 0.04703 Mbps
32557 ms [UE 30040] UL Throughput = 0.05865 Mbps
32557 ms [UE 42234] UL Throughput = 0.03534 Mbps
32660 ms [UE 30040] UL Throughput = 0.0 Mbps
32660 ms [UE 42234] UL Throughput = 0.0 Mbps
32752 ms [UE 30040] UL Throughput = 0.08697 Mbps
32752 ms [UE 42234] UL Throughput = 0.03129 Mbps
32867 ms [UE 30040] UL Throughput = 0.06986 Mbps
32867 ms [UE 42234] UL Throughput = 0.0 Mbps
32970 ms [UE 42234] UL Throughput = 0.0 Mbps
32975 ms [UE 30040] UL Throughput = 0.05913 Mbps
32975 ms [UE 42234] UL Throughput = 0.0 Mbps
33088 ms [UE 30040] UL Throughput = 0.0 Mbps
33088 ms [UE 42234] UL Throughput = 0.07721 Mbps
33175 ms [UE 30040] UL Throughput = 0.01684 Mbps
33175 ms [UE 42234] UL Throughput = 0.01188 Mbps
33255 ms [UE 30040] UL Throughput = 0.0 Mbps
33255 ms [UE 42234] UL Throughput = 0.0 Mbps
33359 ms [UE 30040] UL Throughput = 0.08399 Mbps
33359 ms [UE 42234] UL Throughput = 0.03513 Mbps
33446 ms [UE 30040] UL Throughput = 0.0 Mbps
33446 ms [UE 42234] UL Throughput = 0.0 Mbps
33452 ms [UE 42234] UL Throughput = 0.09079 Mbps
33552 ms [UE 30040] UL Throughput = 0.0565 Mbps
33552 ms [UE 42234] UL Throughput = 0.0 Mbps
33642 ms [UE 30040] UL Throughput = 0.07487 Mbps
33642 ms [UE 42234] UL Throughput = 0.0 Mbps
33776 ms [UE 30040] UL Throughput = 0.08685 Mbps
33776 ms [UE 42234] UL Throughput = 0.0 Mbps
33887 ms [UE 30040] UL Throughput = 0.0 Mbps
33980 ms [UE 30040] UL Throughput = 0.14501 Mbps
33980 ms [UE 42234] UL Throughput = 0.15929 Mbps
34096 ms [UE 30040] UL Throughput = 0.02119 Mbps
34096 ms [UE 42234] UL Throughput = 0.0 Mbps
34101 ms [UE 30040] UL Throughput = 0.02475 Mbps
34101 ms [UE 42234] UL Throughput = 0.09671 Mbps
34187 ms [UE 30040] UL Throughput = 0.0 Mbps
34192 ms [UE 30040] UL Throughput = 0.0 Mbps
34192 ms [UE 42234] UL Throughput = 0.0 Mbps
34287 ms [UE 30040] UL Throughput = 0.0 Mbps
34287 ms [UE 42234] UL Throughput = 0.06416 Mbps
34390 ms [UE 42234] UL Throughput = 0.08579 Mbps
34473 ms [UE 30040] UL Throughput = 0.0 Mbps
34474 ms [UE 30040] UL Throughput = 0.09737 Mbps
34474 ms [UE 42234] UL Throughput = 0.0 Mbps
34478 ms [UE 42234] UL Throughput = 0.0 Mbps
34582 ms [UE 30040] UL Throughput = 0.08248 Mbps
34582 ms [UE 42234] UL Throughput = 0.0 Mbps
34703 ms [UE 30040] UL Throughput = 0.0 Mbps
34703 ms [UE 42234] UL Throughput = 0.05134 Mbps
34706 ms [UE 42234] UL Throughput = 0.05817 Mbps
34807 ms [UE 30040] UL Throughput = 0.0 Mbps
34807 ms [UE 42234] UL Throughput = 0.01044 Mbps
34813 ms [UE 30040] UL Throughput = 0.07341 Mbps
34813 ms [UE 42234] UL Throughput = 0.0 Mbps
34911 ms [UE 30040] UL Throughput = 0.0 Mbps
35022 ms [UE 30040] UL Throughput = 0.0 Mbps
35022 ms [UE 42234] UL Throughput = 0.10718 Mbps
35025 ms [UE 30040] UL Throughput = 0.0 Mbps
35025 ms [UE 42234] UL Throughput = 0.02349 Mbps
35028 ms [UE 30040] UL Throughput = 0.02811 Mbps
35028 ms [UE 42234] UL Throughput = 0.0 Mbps
35135 ms [UE 30040] UL Throughput = 0.05685 Mbps
35135 ms [UE 42234] UL Throughput = 0.04341 Mbps
35245 ms [UE 30040] UL Throughput = 0.02039 Mbps
35245 ms [UE 42234] UL Throughput = 0.07607 Mbps
35349 ms [UE 30040] UL Throughput = 0.07696 Mbps
35349 ms [UE 42234] UL Throughput = 0.0126 Mbps
35350 ms [UE 30040] UL Throughput = 0.0 Mbps
35350 ms [UE 42234] UL Throughput = 0.07831 Mbps
35430 ms [UE 30040] UL Throughput = 0.0 Mbps
35430 ms [UE 42234] UL Throughput = 0.0 Mbps
35546 ms [UE 30040] UL Throughput = 0.07779 Mbps
35546 ms [UE 42234] UL Throughput = 0.0 Mbps
35646 ms [UE 30040] UL Throughput = 0.0277 Mbps
35646 ms [UE 42234] UL Throughput = 0.06321 Mbps
35774 ms [UE 30040] UL Throughput = 0.0 Mbps
35774 ms [UE 42234] UL Throughput = 0.05346 Mbps
35887 ms [UE 30040] UL Throughput = 0.0 Mbps
35887 ms [UE 42234] UL Throughput = 0.02214 Mbps
35996 ms [UE 30040] UL Throughput = 0.06078 Mbps
35996 ms [UE 42234] UL Throughput = 0.0 Mbps
36090 ms [UE 30040] UL Throughput = 0.027 Mbps
36090 ms [UE 42234] UL Throughput = 0.0 Mbps
36208 ms [UE 30040] UL Throughput = 0.0 Mbps
36208 ms [UE 42234] UL Throughput = 0.0 Mbps
36307 ms [UE 30040] UL Throughput = 0.0 Mbps
36307 ms [UE 42234] UL Throughput = 0.0 Mbps
36401 ms [UE 30040] UL Throughput = 0.15456 Mbps
36401 ms [UE 42234] UL Throughput = 0.04461 Mbps
36402 ms [UE 30040] UL Throughput = 0.05608 Mbps
36402 ms [UE 42234] UL Throughput = 0.0685 Mbps
36479 ms [UE 30040] UL Throughput = 0.0 Mbps
36479 ms [UE 42234] UL Throughput = 0.0 Mbps
36597 ms [UE 30040] UL Throughput = 0.0 Mbps
36597 ms [UE 42234] UL Throughput = 0.06096 Mbps
36687 ms [UE 30040] UL Throughput = 0.0 Mbps
36687 ms [UE 42234] UL Throughput = 0.0 Mbps
36690 ms [UE 30040] UL Throughput = 0.0 Mbps
36690 ms [UE 42234] UL Throughput = 0.08897 Mbps
36692 ms [UE 30040] UL Throughput = 0.05997 Mbps
36692 ms [UE 42234] UL Throughput = 0.08737 Mbps
36778 ms [UE 30040] UL Throughput = 0.05731 Mbps
36778 ms [UE 42234] UL Throughput = 0.01757 Mbps
36889 ms [UE 30040] UL Throughput = 0.16042 Mbps
36889 ms [UE 42234] UL Throughput = 0.0 Mbps
36965 ms [UE 30040] UL Throughput = 0.0 Mbps
36965 ms [UE 42234] UL Throughput = 0.07892 Mbps
37051 ms [UE 30040] UL Throughput = 0.01878 Mbps
37051 ms [UE 42234] UL Throughput = 0.077 Mbps
37177 ms [UE 30040] UL Throughput = 0.0 Mbps
37177 ms [UE 42234] UL Throughput = 0.05644 Mbps
37179 ms [UE 30040] UL Throughput = 0.08238 Mbps
37179 ms [UE 42234] UL Throughput = 0.07938 Mbps
37273 ms [UE 30040] UL Throughput = 0.0 Mbps
37273 ms [UE 42234] UL Throughput = 0.0 Mbps
37379 ms [UE 30040] UL Throughput = 0.0 Mbps
37379 ms [UE 42234] UL Throughput = 0.05416 Mbps
37472 ms [UE 30040] UL Throughput = 0.042 Mbps
37472 ms [UE 42234] UL Throughput = 0.0 Mbps
37556 ms [UE 30040] UL Throughput = 0.0433 Mbps
37556 ms [UE 42234] UL Throughput = 0.0 Mbps
37559 ms [UE 30040] UL Throughput = 0.0 Mbps
37559 ms [UE 42234] UL Throughput = 0.04878 Mbps
37666 ms [UE 42234] UL Throughput = 0.0 Mbps
37743 ms [UE 30040] UL Throughput = 0.07636 Mbps
37743 ms [UE 42234] UL Throughput = 0.09463 Mbps
37828 ms [UE 30040] UL Throughput = 0.08485 Mbps
37828 ms [UE 42234] UL Throughput = 0.01163 Mbps
37929 ms [UE 30040] UL Throughput = 0.0 Mbps
37929 ms [UE 42234] UL Throughput = 0.0 Mbps
38005 ms [UE 42234] UL Throughput = 0.11163 Mbps
38068 ms [UE 30040] UL Throughput = 0.0 Mbps
38068 ms [UE 42234] UL Throughput = 0.08628 Mbps
38175 ms [UE 30040] UL Throughput = 0.0 Mbps
38259 ms [UE 30040] UL Throughput = 0.0 Mbps
38259 ms [UE 42234] UL Throughput = 0.08336 Mbps
38261 ms [UE 30040] UL Throughput = 0.0 Mbps
38261 ms [UE 42234] UL Throughput = 0.14313 Mbps
38263 ms [UE 30040] UL Throughput = 0.01867 Mbps
38263 ms [UE 42234] UL Throughput = 0.07068 Mbps
38332 ms [UE 30040] UL Throughput = 0.08386 Mbps
38332 ms [UE 42234] UL Throughput = 0.01488 Mbps
38479 ms [UE 30040] UL Throughput = 0.02156 Mbps
38479 ms [UE 42234] UL Throughput = 0.0 Mbps
38482 ms [UE 30040] UL Throughput = 0.09198 Mbps
38482 ms [UE 42234] UL Throughput = 0.08637 Mbps
38572 ms [UE 30040] UL Throughput = 0.0 Mbps
38572 ms [UE 42234] UL Throughput = 0.0 Mbps
38573 ms [UE 30040] UL Throughput = 0.0 Mbps
38573 ms [UE 42234] UL Throughput = 0.06191 Mbps
38703 ms [UE 30040] UL Throughput = 0.04911 Mbps
38703 ms [UE 42234] UL Throughput = 0.03217 Mbps
38784 ms [UE 30040] UL Throughput = 0.0 Mbps
38784 ms [UE 42234] UL Throughput = 0.0586 Mbps
38888 ms [UE 30040] UL Throughput = 0.0 Mbps
38888 ms [UE 42234] UL Throughput = 0.0 Mbps
38999 ms [UE 30040] UL Throughput = 0.0 Mbps
38999 ms [UE 42234] UL Throughput = 0.0 Mbps
39098 ms [UE 30040] UL Throughput = 0.0 Mbps
39098 ms [UE 42234] UL Throughput = 0.03073 Mbps
39204 ms [UE 30040] UL Throughput = 0.0 Mbps
39204 ms [UE 42234] UL Throughput = 0.03094 Mbps
39332 ms [UE 30040] UL Throughput = 0.0 Mbps
39332 ms [UE 42234] UL Throughput = 0.0 Mbps
39434 ms [UE 30040] UL Throughput = 0.08845 Mbps
39434 ms [UE 42234] UL Throughput = 0.0 Mbps
39568 ms [UE 30040] UL Throughput = 0.0 Mbps
39568 ms [UE 42234] UL Throughput = 0.0 Mbps
39669 ms [UE 30040] UL Throughput = 0.0 Mbps
39669 ms [UE 42234] UL Throughput = 0.05401 Mbps
39788 ms [UE 30040] UL Throughput = 0.0 Mbps
39788 ms [UE 42234] UL Throughput = 0.0 Mbps
39930 ms [UE 30040] UL Throughput = 0.0993 Mbps
39930 ms [UE 42234] UL Throughput = 0.10883 Mbps
39931 ms [UE 30040] UL Throughput = 0.0 Mbps
40062 ms [UE 30040] UL Throughput = 0.0 Mbps
40062 ms [UE 42234] UL Throughput = 0.0 Mbps
40065 ms [UE 30040] UL Throughput = 0.0 Mbps
40065 ms [UE 42234] UL Throughput = 0.0 Mbps
40152 ms [UE 30040] UL Throughput = 0.0 Mbps
40152 ms [UE 42234] UL Throughput = 0.06781 Mbps
40256 ms [UE 30040] UL Throughput = 0.08106 Mbps
40256 ms [UE 42234] UL Throughput = 0.0 Mbps
40358 ms [UE 30040] UL Throughput = 0.06972 Mbps
40358 ms [UE 42234] UL Throughput = 0.07488 Mbps
40359 ms [UE 30040] UL Throughput = 0.0 Mbps
40359 ms [UE 42234] UL Throughput = 0.0 Mbps
40480 ms [UE 42234] UL Throughput = 0.0525 Mbps
40573 ms [UE 30040] UL Throughput = 0.02189 Mbps
40573 ms [UE 42234] UL Throughput = 0.0 Mbps
40685 ms [UE 30040] UL Throughput = 0.0 Mbps
40685 ms [UE 42234] UL Throughput = 0.0561 Mbps
40691 ms [UE 30040] UL Throughput = 0.07361 Mbps
40691 ms [UE 42234] UL Throughput = 0.0 Mbps
40788 ms [UE 30040] UL Throughput = 0.0169 Mbps
40788 ms [UE 42234] UL Throughput = 0.01327 Mbps
40878 ms [UE 30040] UL Throughput = 0.0 Mbps
40878 ms [UE 42234] UL Throughput = 0.04689 Mbps
40884 ms [UE 30040] UL Throughput = 0.0 Mbps
40884 ms [UE 42234] UL Throughput = 0.0 Mbps
40984 ms [UE 30040] UL Throughput = 0.0 Mbps
40984 ms [UE 42234] UL Throughput = 0.0 Mbps
41106 ms [UE 30040] UL Throughput = 0.0 Mbps
41106 ms [UE 42234] UL Throughput = 0.0 Mbps
41110 ms [UE 30040] UL Throughput = 0.0 Mbps
41110 ms [UE 42234] UL Throughput = 0.07467 Mbps
41192 ms [UE 30040] UL Throughput = 0.03145 Mbps
41192 ms [UE 42234] UL Throughput = 0.0 Mbps
41194 ms [UE 30040] UL Throughput = 0.0 Mbps
41194 ms [UE 42234] UL Throughput = 0.0 Mbps
41303 ms [UE 30040] UL Throughput = 0.0 Mbps
41303 ms [UE 42234] UL Throughput = 0.0 Mbps
41374 ms [UE 30040] UL Throughput = 0.0 Mbps
41374 ms [UE 42234] UL Throughput = 0.0 Mbps
41461 ms [UE 30040] UL Throughput = 0.09677 Mbps
41461 ms [UE 42234] UL Throughput = 0.0 Mbps
41556 ms [UE 30040] UL Throughput = 0.0 Mbps
41556 ms [UE 42234] UL Throughput = 0.06774 Mbps
41557 ms [UE 30040] UL Throughput = 0.0 Mbps
41557 ms [UE 42234] UL Throughput = 0.02879 Mbps
41641 ms [UE 30040] UL Throughput = 0.08979 Mbps
41641 ms [UE 42234] UL Throughput = 0.0 Mbps
41728 ms [UE 30040] UL Throughput = 0.0 Mbps
41728 ms [UE 42234] UL Throughput = 0.02381 Mbps
41820 ms [UE 30040] UL Throughput = 0.04222 Mbps
41820 ms [UE 42234] UL Throughput = 0.09582 Mbps
41917 ms [UE 30040] UL Throughput = 0.0 Mbps
41917 ms [UE 42234] UL Throughput = 0.08786 Mbps
42048 ms [UE 30040] UL Throughput = 0.07153 Mbps
42048 ms [UE 42234] UL Throughput = 0.01431 Mbps
42052 ms [UE 30040] UL Throughput = 0.0 Mbps
42052 ms [UE 42234] UL Throughput = 0.0 Mbps
42057 ms [UE 30040] UL Throughput = 0.09423 Mbps
42057 ms [UE 42234] UL Throughput = 0.09647 Mbps
42063 ms [UE 30040] UL Throughput = 0.02358 Mbps
42063 ms [UE 42234] UL Throughput = 0.0 Mbps
42165 ms [UE 30040] UL Throughput = 0.07053 Mbps
42165 ms [UE 42234] UL Throughput = 0.0 Mbps
42247 ms [UE 42234] UL Throughput = 0.07437 Mbps
42377 ms [UE 30040] UL Throughput = 0.06294 Mbps
42377 ms [UE 42234] UL Throughput = 0.07559 Mbps
42465 ms [UE 30040] UL Throughput = 0.01864 Mbps
42465 ms [UE 42234] UL Throughput = 0.08101 Mbps
42574 ms [UE 30040] UL Throughput = 0.04506 Mbps
42574 ms [UE 42234] UL Throughput = 0.0 Mbps
42664 ms [UE 30040] UL Throughput = 0.0 Mbps
42664 ms [UE 42234] UL Throughput = 0.04206 Mbps
42775 ms [UE 30040] UL Throughput = 0.0 Mbps
42775 ms [UE 42234] UL Throughput = 0.0 Mbps
42779 ms [UE 30040] UL Throughput = 0.02864 Mbps
42779 ms [UE 42234] UL Throughput = 0.02212 Mbps
42859 ms [UE 30040] UL Throughput = 0.01969 Mbps
42859 ms [UE 42234] UL Throughput = 0.0 Mbps
42953 ms [UE 30040] UL Throughput = 0.0 Mbps
42953 ms [UE 42234] UL Throughput = 0.03371 Mbps
43067 ms [UE 30040] UL Throughput = 0.0 Mbps
43067 ms [UE 42234] UL Throughput = 0.0 Mbps
43187 ms [UE 30040] UL Throughput = 0.0 Mbps
43187 ms [UE 42234] UL Throughput = 0.0 Mbps
43191 ms [UE 30040] UL Throughput = 0.05073 Mbps
43191 ms [UE 42234] UL Throughput = 0.10182 Mbps
43195 ms [UE 30040] UL Throughput = 0.06112 Mbps
43195 ms [UE 42234] UL Throughput = 0.04112 Mbps
43197 ms [UE 42234] UL Throughput = 0.0 Mbps
43306 ms [UE 30040] UL Throughput = 0.01261 Mbps
43309 ms [UE 30040] UL Throughput = 0.0 Mbps
43309 ms [UE 42234] UL Throughput = 0.09959 Mbps
43437 ms [UE 30040] UL Throughput = 0.09221 Mbps
43437 ms [UE 42234] UL Throughput = 0.08226 Mbps
43552 ms [UE 30040] UL Throughput = 0.0 Mbps
43662 ms [UE 30040] UL Throughput = 0.03495 Mbps
43662 ms [UE 42234] UL Throughput = 0.07408 Mbps
43771 ms [UE 30040] UL Throughput = 0.0 Mbps
43771 ms [UE 42234] UL Throughput = 0.0 Mbps
43861 ms [UE 30040] UL Throughput = 0.05572 Mbps
43861 ms [UE 42234] UL Throughput = 0.05127 Mbps
43934 ms [UE 30040] UL Throughput = 0.05445 Mbps
43934 ms [UE 42234] UL Throughput = 0.08748 Mbps
44034 ms [UE 42234] UL Throughput = 0.0 Mbps
44038 ms [UE 30040] UL Throughput = 0.0 Mbps
44038 ms [UE 42234] UL Throughput = 0.0 Mbps
44125 ms [UE 30040] UL Throughput = 0.03053 Mbps
44125 ms [UE 42234] UL Throughput = 0.0 Mbps
44220 ms [UE 30040] UL Throughput = 0.0 Mbps
44220 ms [UE 42234] UL Throughput = 0.0 Mbps
44315 ms [UE 30040] UL Throughput = 0.0 Mbps
44315 ms [UE 42234] UL Throughput = 0.0 Mbps
44403 ms [UE 42234] UL Throughput = 0.0 Mbps
44482 ms [UE 30040] UL Throughput = 0.0 Mbps
44616 ms [UE 30040] UL Throughput = 0.06912 Mbps
44616 ms [UE 42234] UL Throughput = 0.0 Mbps
44728 ms [UE 30040] UL Throughput = 0.07935 Mbps
44728 ms [UE 42234] UL Throughput = 0.0 Mbps
44826 ms [UE 30040] UL Throughput = 0.0 Mbps
44828 ms [UE 30040] UL Throughput = 0.0742 Mbps
44828 ms [UE 42234] UL Throughput = 0.02472 Mbps
44931 ms [UE 30040] UL Throughput = 0.09735 Mbps
44931 ms [UE 42234] UL Throughput = 0.03335 Mbps
45026 ms [UE 30040] UL Throughput = 0.0 Mbps
45026 ms [UE 42234] UL Throughput = 0.0 Mbps
45125 ms [UE 30040] UL Throughput = 0.02533 Mbps
45125 ms [UE 42234] UL Throughput = 0.09424 Mbps
45215 ms [UE 30040] UL Throughput = 0.07246 Mbps
45215 ms [UE 42234] UL Throughput = 0.10788 Mbps
45333 ms [UE 30040] UL Throughput = 0.0 Mbps
45333 ms [UE 42234] UL Throughput = 0.04356 Mbps
45420 ms [UE 42234] UL Throughput = 0.0 Mbps
45421 ms [UE 30040] UL Throughput = 0.04399 Mbps
45421 ms [UE 42234] UL Throughput = 0.02859 Mbps
45535 ms [UE 42234] UL Throughput = 0.0 Mbps
45633 ms [UE 30040] UL Throughput = 0.0 Mbps
45633 ms [UE 42234] UL Throughput = 0.09257 Mbps
45719 ms [UE 42234] UL Throughput = 0.09533 Mbps
45720 ms [UE 30040] UL Throughput = 0.09805 Mbps
45720 ms [UE 42234] UL Throughput = 0.06913 Mbps
45725 ms [UE 30040] UL Throughput = 0.0192 Mbps
45725 ms [UE 42234] UL Throughput = 0.0 Mbps
45854 ms [UE 30040] UL Throughput = 0.0 Mbps
45854 ms [UE 42234] UL Throughput = 0.07247 Mbps
45909 ms [UE 30040] UL Throughput = 0.0 Mbps
45909 ms [UE 42234] UL Throughput = 0.0 Mbps
45990 ms [UE 30040] UL Throughput = 0.0 Mbps
45990 ms [UE 42234] UL Throughput = 0.0 Mbps
45996 ms [UE 42234] UL Throughput = 0.0 Mbps
46097 ms [UE 30040] UL Throughput = 0.0 Mbps
46097 ms [UE 42234] UL Throughput = 0.0293 Mbps
46214 ms [UE 30040] UL Throughput = 0.0 Mbps
46214 ms [UE 42234] UL Throughput = 0.01349 Mbps
46337 ms [UE 30040] UL Throughput = 0.1067 Mbps
46337 ms [UE 42234] UL Throughput = 0.03892 Mbps
46441 ms [UE 42234] UL Throughput = 0.13782 Mbps
46539 ms [UE 30040] UL Throughput = 0.09977 Mbps
46539 ms [UE 42234] UL Throughput = 0.08038 Mbps
46615 ms [UE 30040] UL Throughput = 0.04847 Mbps
46615 ms [UE 42234] UL Throughput = 0.0 Mbps
46675 ms [UE 30040] UL Throughput = 0.0 Mbps
46675 ms [UE 42234] UL Throughput = 0.0 Mbps
46676 ms [UE 30040] UL Throughput = 0.0 Mbps
46676 ms [UE 42234] UL Throughput = 0.0731 Mbps
46765 ms [UE 30040] UL Throughput = 0.09107 Mbps
46765 ms [UE 42234] UL Throughput = 0.02894 Mbps
46865 ms [UE 30040] UL Throughput = 0.06217 Mbps
46865 ms [UE 42234] UL Throughput = 0.04842 Mbps
46995 ms [UE 30040] UL Throughput = 0.06552 Mbps
46995 ms [UE 42234] UL Throughput = 0.0 Mbps
47109 ms [UE 30040] UL Throughput = 0.04956 Mbps
47192 ms [UE 30040] UL Throughput = 0.09921 Mbps
47192 ms [UE 42234] UL Throughput = 0.0 Mbps
47197 ms [UE 42234] UL Throughput = 0.0 Mbps
47200 ms [UE 30040] UL Throughput = 0.06674 Mbps
47200 ms [UE 42234] UL Throughput = 0.0 Mbps
47338 ms [UE 30040] UL Throughput = 0.03493 Mbps
47338 ms [UE 42234] UL Throughput = 0.06641 Mbps
47418 ms [UE 42234] UL Throughput = 0.08368 Mbps
47530 ms [UE 30040] UL Throughput = 0.0 Mbps
47530 ms [UE 42234] UL Throughput = 0.0 Mbps
47636 ms [UE 42234] UL Throughput = 0.04188 Mbps
47743 ms [UE 30040] UL Throughput = 0.0 Mbps
47743 ms [UE 42234] UL Throughput = 0.03194 Mbps
47832 ms [UE 30040] UL Throughput = 0.0811 Mbps
47832 ms [UE 42234] UL Throughput = 0.0 Mbps
47919 ms [UE 30040] UL Throughput = 0.08183 Mbps
47919 ms [UE 42234] UL Throughput = 0.03982 Mbps
48011 ms [UE 30040] UL Throughput = 0.0 Mbps
48011 ms [UE 42234] UL Throughput = 0.0 Mbps
48108 ms [UE 30040] UL Throughput = 0.06136 Mbps
48108 ms [UE 42234] UL Throughput = 0.0 Mbps
48210 ms [UE 30040] UL Throughput = 0.05239 Mbps
48210 ms [UE 42234] UL Throughput = 0.0 Mbps
48214 ms [UE 30040] UL Throughput = 0.0 Mbps
48214 ms [UE 42234] UL Throughput = 0.0 Mbps
48292 ms [UE 30040] UL Throughput = 0.01711 Mbps
48292 ms [UE 42234] UL Throughput = 0.03561 Mbps
48403 ms [UE 30040] UL Throughput = 0.06754 Mbps
48403 ms [UE 42234] UL Throughput = 0.09739 Mbps
48487 ms [UE 30040] UL Throughput = 0.06806 Mbps
48490 ms [UE 30040] UL Throughput = 0.01423 Mbps
48598 ms [UE 30040] UL Throughput = 0.0 Mbps
48601 ms [UE 30040] UL Throughput = 0.02411 Mbps
48601 ms [UE 42234] UL Throughput = 0.0 Mbps
48699 ms [UE 30040] UL Throughput = 0.16502 Mbps
48699 ms [UE 42234] UL Throughput = 0.07571 Mbps
48814 ms [UE 30040] UL Throughput = 0.04968 Mbps
48814 ms [UE 42234] UL Throughput = 0.0 Mbps
48922 ms [UE 30040] UL Throughput = 0.07434 Mbps
49014 ms [UE 30040] UL Throughput = 0.0 Mbps
49132 ms [UE 30040] UL Throughput = 0.0992 Mbps
49132 ms [UE 42234] UL Throughput = 0.0 Mbps
49253 ms [UE 30040] UL Throughput = 0.04207 Mbps
49253 ms [UE 42234] UL Throughput = 0.0 Mbps
49345 ms [UE 30040] UL Throughput = 0.0 Mbps
49345 ms [UE 42234] UL Throughput = 0.0 Mbps
49434 ms [UE 30040] UL Throughput = 0.0 Mbps
49434 ms [UE 42234] UL Throughput = 0.0 Mbps
49532 ms [UE 30040] UL Throughput = 0.0 Mbps
49532 ms [UE 42234] UL Throughput = 0.0 Mbps
49648 ms [UE 30040] UL Throughput = 0.0 Mbps
49648 ms [UE 42234] UL Throughput = 0.0 Mbps
49756 ms [UE 30040] UL Throughput = 0.0 Mbps
49756 ms [UE 42234] UL Throughput = 0.0 Mbps
49850 ms [UE 30040] UL Throughput = 0.03227 Mbps
49850 ms [UE 42234] UL Throughput = 0.0 Mbps
49961 ms [UE 30040] UL Throughput = 0.0 Mbps
49961 ms [UE 42234] UL Throughput = 0.06027 Mbps
49967 ms [UE 30040] UL Throughput = 0.02712 Mbps
49967 ms [UE 42234] UL Throughput = 0.0 Mbps
50038 ms [UE 30040] UL Throughput = 0.05739 Mbps
50038 ms [UE 42234] UL Throughput = 0.07399 Mbps
50138 ms [UE 30040] UL Throughput = 0.06811 Mbps
50138 ms [UE 42234] UL Throughput = 0.03863 Mbps
50217 ms [UE 30040] UL Throughput = 0.0 Mbps
50217 ms [UE 42234] UL Throughput = 0.06395 Mbps
50329 ms [UE 30040] UL Throughput = 0.09857 Mbps
50329 ms [UE 42234] UL Throughput = 0.08129 Mbps
50439 ms [UE 30040] UL Throughput = 0.08485 Mbps
50439 ms [UE 42234] UL Throughput = 0.04378 Mbps
50524 ms [UE 30040] UL Throughput = 0.03026 Mbps
50638 ms [UE 30040] UL Throughput = 0.02989 Mbps
50638 ms [UE 42234] UL Throughput = 0.08949 Mbps
50722 ms [UE 30040] UL Throughput = 0.0 Mbps
50722 ms [UE 42234] UL Throughput = 0.02454 Mbps
50726 ms [UE 30040] UL Throughput = 0.0 Mbps
50726 ms [UE 42234] UL Throughput = 0.11711 Mbps
50813 ms [UE 30040] UL Throughput = 0.0 Mbps
50813 ms [UE 42234] UL Throughput = 0.09756 Mbps
50905 ms [UE 30040] UL Throughput = 0.0 Mbps
50905 ms [UE 42234] UL Throughput = 0.0 Mbps
50910 ms [UE 30040] UL Throughput = 0.0 Mbps
50910 ms [UE 42234] UL Throughput = 0.0 Mbps
51003 ms [UE 30040] UL Throughput = 0.0 Mbps
51003 ms [UE 42234] UL Throughput = 0.0 Mbps
51097 ms [UE 30040] UL Throughput = 0.05756 Mbps
51097 ms [UE 42234] UL Throughput = 0.0 Mbps
51205 ms [UE 30040] UL Throughput = 0.06102 Mbps
51327 ms [UE 30040] UL Throughput = 0.0 Mbps
51402 ms [UE 42234] UL Throughput = 0.07396 Mbps
51403 ms [UE 30040] UL Throughput = 0.03319 Mbps
51403 ms [UE 42234] UL Throughput = 0.04322 Mbps
51516 ms [UE 30040] UL Throughput = 0.05256 Mbps
51516 ms [UE 42234] UL Throughput = 0.04554 Mbps
51620 ms [UE 30040] UL Throughput = 0.0 Mbps
51620 ms [UE 42234] UL Throughput = 0.08001 Mbps
51724 ms [UE 30040] UL Throughput = 0.0 Mbps
51724 ms [UE 42234] UL Throughput = 0.0 Mbps
51728 ms [UE 30040] UL Throughput = 0.0952 Mbps
51728 ms [UE 42234] UL Throughput = 0.09891 Mbps
51843 ms [UE 42234] UL Throughput = 0.08398 Mbps
51950 ms [UE 42234] UL Throughput = 0.05081 Mbps
52043 ms [UE 30040] UL Throughput = 0.0 Mbps
52043 ms [UE 42234] UL Throughput = 0.06378 Mbps
52137 ms [UE 30040] UL Throughput = 0.01443 Mbps
52137 ms [UE 42234] UL Throughput = 0.0 Mbps
52224 ms [UE 30040] UL Throughput = 0.04485 Mbps
52224 ms [UE 42234] UL Throughput = 0.0 Mbps
52303 ms [UE 30040] UL Throughput = 0.04865 Mbps
52303 ms [UE 42234] UL Throughput = 0.03859 Mbps
52403 ms [UE 30040] UL Throughput = 0.07408 Mbps
52403 ms [UE 42234] UL Throughput = 0.03016 Mbps
52508 ms [UE 30040] UL Throughput = 0.06901 Mbps
52605 ms [UE 30040] UL Throughput = 0.09571 Mbps
52605 ms [UE 42234] UL Throughput = 0.02085 Mbps
52694 ms [UE 30040] UL Throughput = 0.08664 Mbps
52694 ms [UE 42234] UL Throughput = 0.08787 Mbps
52792 ms [UE 30040] UL Throughput = 0.0 Mbps
52792 ms [UE 42234] UL Throughput = 0.0 Mbps
52904 ms [UE 30040] UL Throughput = 0.08941 Mbps
52983 ms [UE 30040] UL Throughput = 0.0 Mbps
52983 ms [UE 42234] UL Throughput = 0.02219 Mbps
53058 ms [UE 30040] UL Throughput = 0.07051 Mbps
53061 ms [UE 30040] UL Throughput = 0.0 Mbps
53061 ms [UE 42234] UL Throughput = 0.14548 Mbps
53167 ms [UE 30040] UL Throughput = 0.13364 Mbps
53167 ms [UE 42234] UL Throughput = 0.0 Mbps
53170 ms [UE 30040] UL Throughput = 0.10644 Mbps
53170 ms [UE 42234] UL Throughput = 0.05605 Mbps
53271 ms [UE 30040] UL Throughput = 0.0 Mbps
53271 ms [UE 42234] UL Throughput = 0.0 Mbps
53274 ms [UE 30040] UL Throughput = 0.06015 Mbps
53274 ms [UE 42234] UL Throughput = 0.09679 Mbps
53380 ms [UE 30040] UL Throughput = 0.06056 Mbps
53380 ms [UE 42234] UL Throughput = 0.0 Mbps
53492 ms [UE 30040] UL Throughput = 0.0 Mbps
53492 ms [UE 42234] UL Throughput = 0.01075 Mbps
53593 ms [UE 30040] UL Throughput = 0.0 Mbps
53593 ms [UE 42234] UL Throughput = 0.02653 Mbps
53685 ms [UE 30040] UL Throughput = 0.03381 Mbps
53685 ms [UE 42234] UL Throughput = 0.02551 Mbps
53752 ms [UE 30040] UL Throughput = 0.02154 Mbps
53752 ms [UE 42234] UL Throughput = 0.09619 Mbps
53845 ms [UE 30040] UL Throughput = 0.0 Mbps
53845 ms [UE 42234] UL Throughput = 0.08517 Mbps
53949 ms [UE 30040] UL Throughput = 0.01302 Mbps
53949 ms [UE 42234] UL Throughput = 0.09447 Mbps
54060 ms [UE 42234] UL Throughput = 0.0712 Mbps
54143 ms [UE 30040] UL Throughput = 0.03364 Mbps
54221 ms [UE 30040] UL Throughput = 0.02664 Mbps
54221 ms [UE 42234] UL Throughput = 0.0 Mbps
54324 ms [UE 30040] UL Throughput = 0.0 Mbps
54324 ms [UE 42234] UL Throughput = 0.0228 Mbps
54330 ms [UE 42234] UL Throughput = 0.0 Mbps
54437 ms [UE 30040] UL Throughput = 0.0 Mbps
54528 ms [UE 30040] UL Throughput = 0.01618 Mbps
54528 ms [UE 42234] UL Throughput = 0.04696 Mbps
54630 ms [UE 30040] UL Throughput = 0.02517 Mbps
54734 ms [UE 42234] UL Throughput = 0.0 Mbps
54845 ms [UE 30040] UL Throughput = 0.02909 Mbps
54845 ms [UE 42234] UL Throughput = 0.18288 Mbps
54849 ms [UE 30040] UL Throughput = 0.0 Mbps
54849 ms [UE 42234] UL Throughput = 0.01865 Mbps
54953 ms [UE 30040] UL Throughput = 0.0 Mbps
54953 ms [UE 42234] UL Throughput = 0.0 Mbps
55060 ms [UE 30040] UL Throughput = 0.0 Mbps
55060 ms [UE 42234] UL Throughput = 0.05316 Mbps
55066 ms [UE 30040] UL Throughput = 0.0 Mbps
55066 ms [UE 42234] UL Throughput = 0.0 Mbps
55172 ms [UE 30040] UL Throughput = 0.0 Mbps
55172 ms [UE 42234] UL Throughput = 0.01598 Mbps
55270 ms [UE 30040] UL Throughput = 0.04776 Mbps
55270 ms [UE 42234] UL Throughput = 0.0 Mbps
55361 ms [UE 30040] UL Throughput = 0.04234 Mbps
55361 ms [UE 42234] UL Throughput = 0.02599 Mbps
55468 ms [UE 30040] UL Throughput = 0.0467 Mbps
55468 ms [UE 42234] UL Throughput = 0.08432 Mbps
55569 ms [UE 30040] UL Throughput = 0.06764 Mbps
55569 ms [UE 42234] UL Throughput = 0.04509 Mbps
55630 ms [UE 30040] UL Throughput = 0.0 Mbps
55630 ms [UE 42234] UL Throughput = 0.0 Mbps
55747 ms [UE 42234] UL Throughput = 0.02347 Mbps
55854 ms [UE 30040] UL Throughput = 0.0 Mbps
55854 ms [UE 42234] UL Throughput = 0.077 Mbps
55858 ms [UE 30040] UL Throughput = 0.05527 Mbps
55958 ms [UE 30040] UL Throughput = 0.0 Mbps
55958 ms [UE 42234] UL Throughput = 0.0 Mbps
56060 ms [UE 30040] UL Throughput = 0.0 Mbps
56060 ms [UE 42234] UL Throughput = 0.0 Mbps
56155 ms [UE 30040] UL Throughput = 0.05986 Mbps
56155 ms [UE 42234] UL Throughput = 0.0432 Mbps
56267 ms [UE 30040] UL Throughput = 0.0 Mbps
56267 ms [UE 42234] UL Throughput = 0.0 Mbps
56268 ms [UE 30040] UL Throughput = 0.03178 Mbps
56268 ms [UE 42234] UL Throughput = 0.0 Mbps
56358 ms [UE 30040] UL Throughput = 0.02776 Mbps
56358 ms [UE 42234] UL Throughput = 0.06325 Mbps
56473 ms [UE 30040] UL Throughput = 0.05206 Mbps
56473 ms [UE 42234] UL Throughput = 0.04673 Mbps
56575 ms [UE 30040] UL Throughput = 0.04933 Mbps
56575 ms [UE 42234] UL Throughput = 0.01966 Mbps
56661 ms [UE 30040] UL Throughput = 0.02348 Mbps
56661 ms [UE 42234] UL Throughput = 0.08563 Mbps
56765 ms [UE 30040] UL Throughput = 0.0 Mbps
56765 ms [UE 42234] UL Throughput = 0.07869 Mbps
56895 ms [UE 30040] UL Throughput = 0.02485 Mbps
56895 ms [UE 42234] UL Throughput = 0.0185 Mbps
56896 ms [UE 30040] UL Throughput = 0.0 Mbps
56896 ms [UE 42234] UL Throughput = 0.06143 Mbps
56898 ms [UE 30040] UL Throughput = 0.0855 Mbps
56898 ms [UE 42234] UL Throughput = 0.0 Mbps
56999 ms [UE 30040] UL Throughput = 0.0 Mbps
56999 ms [UE 42234] UL Throughput = 0.0 Mbps
57005 ms [UE 42234] UL Throughput = 0.06271 Mbps
57124 ms [UE 42234] UL Throughput = 0.0 Mbps
57208 ms [UE 30040] UL Throughput = 0.05621 Mbps
57301 ms [UE 30040] UL Throughput = 0.0 Mbps
57301 ms [UE 42234] UL Throughput = 0.01798 Mbps
57383 ms [UE 30040] UL Throughput = 0.04318 Mbps
57383 ms [UE 42234] UL Throughput = 0.0 Mbps
57469 ms [UE 42234] UL Throughput = 0.0 Mbps
57586 ms [UE 30040] UL Throughput = 0.05027 Mbps
57586 ms [UE 42234] UL Throughput = 0.07079 Mbps
57589 ms [UE 30040] UL Throughput = 0.09834 Mbps
57702 ms [UE 30040] UL Throughput = 0.06641 Mbps
57702 ms [UE 42234] UL Throughput = 0.0 Mbps
57802 ms [UE 42234] UL Throughput = 0.0 Mbps
57892 ms [UE 30040] UL Throughput = 0.06076 Mbps
57892 ms [UE 42234] UL Throughput = 0.03865 Mbps
57980 ms [UE 42234] UL Throughput = 0.0 Mbps
58103 ms [UE 30040] UL Throughput = 0.0 Mbps
58205 ms [UE 30040] UL Throughput = 0.0 Mbps
58205 ms [UE 42234] UL Throughput = 0.06808 Mbps
58308 ms [UE 30040] UL Throughput = 0.01136 Mbps
58308 ms [UE 42234] UL Throughput = 0.06131 Mbps
58314 ms [UE 30040] UL Throughput = 0.0 Mbps
58314 ms [UE 42234] UL Throughput = 0.0472 Mbps
58429 ms [UE 30040] UL Throughput = 0.0 Mbps
58531 ms [UE 30040] UL Throughput = 0.04454 Mbps
58531 ms [UE 42234] UL Throughput = 0.0 Mbps
58645 ms [UE 30040] UL Throughput = 0.0 Mbps
58645 ms [UE 42234] UL Throughput = 0.0 Mbps
58742 ms [UE 30040] UL Throughput = 0.09052 Mbps
58742 ms [UE 42234] UL Throughput = 0.0 Mbps
58871 ms [UE 30040] UL Throughput = 0.0 Mbps
58871 ms [UE 42234] UL Throughput = 0.0 Mbps
58994 ms [UE 42234] UL Throughput = 0.09447 Mbps
59103 ms [UE 30040] UL Throughput = 0.02984 Mbps
59103 ms [UE 42234] UL Throughput = 0.08374 Mbps
59224 ms [UE 30040] UL Throughput = 0.04352 Mbps
59224 ms [UE 42234] UL Throughput = 0.02022 Mbps
59336 ms [UE 30040] UL Throughput = 0.0 Mbps
59336 ms [UE 42234] UL Throughput = 0.0 Mbps
59448 ms [UE 30040] UL Throughput = 0.0 Mbps
59448 ms [UE 42234] UL Throughput = 0.0 Mbps
59572 ms [UE 30040] UL Throughput = 0.03783 Mbps
59572 ms [UE 42234] UL Throughput = 0.08754 Mbps
59573 ms [UE 30040] UL Throughput = 0.0 Mbps
59573 ms [UE 42234] UL Throughput = 0.0 Mbps
59658 ms [UE 30040] UL Throughput = 0.0 Mbps
59658 ms [UE 42234] UL Throughput = 0.08949 Mbps
59730 ms [UE 30040] UL Throughput = 0.0 Mbps
59730 ms [UE 42234] UL Throughput = 0.0 Mbps
59818 ms [UE 30040] UL Throughput = 0.0 Mbps
59905 ms [UE 30040] UL Throughput = 0.0 Mbps
59905 ms [UE 42234] UL Throughput = 0.08026 Mbps
59910 ms [UE 30040] UL Throughput = 0.07311 Mbps
60008 ms [UE 30040] UL Throughput = 0.04786 Mbps
60008 ms [UE 42234] UL Throughput = 0.01749 Mbps
60118 ms [UE 30040] UL Throughput = 0.0 Mbps
60202 ms [UE 30040] UL Throughput = 0.04812 Mbps
60258 ms [UE 30040] UL Throughput = 0.0 Mbps
60258 ms [UE 42234] UL Throughput = 0.0 Mbps
60368 ms [UE 30040] UL Throughput = 0.0 Mbps
60368 ms [UE 42234] UL Throughput = 0.0 Mbps
60460 ms [UE 30040] UL Throughput = 0.0 Mbps
60460 ms [UE 42234] UL Throughput = 0.04308 Mbps
60565 ms [UE 30040] UL Throughput = 0.0835 Mbps
60677 ms [UE 30040] UL Throughput = 0.02711 Mbps
60677 ms [UE 42234] UL Throughput = 0.0 Mbps
60680 ms [UE 30040] UL Throughput = 0.05543 Mbps
60680 ms [UE 42234] UL Throughput = 0.0 Mbps
60788 ms [UE 30040] UL Throughput = 0.0 Mbps
60788 ms [UE 42234] UL Throughput = 0.0 Mbps
60861 ms [UE 30040] UL Throughput = 0.0 Mbps
60861 ms [UE 42234] UL Throughput = 0.0 Mbps
60960 ms [UE 30040] UL Throughput = 0.0 Mbps
60960 ms [UE 42234] UL Throughput = 0.0 Mbps
61069 ms [UE 30040] UL Throughput = 0.08496 Mbps
61069 ms [UE 42234] UL Throughput = 0.0 Mbps
61153 ms [UE 30040] UL Throughput = 0.0 Mbps
61153 ms [UE 42234] UL Throughput = 0.09507 Mbps
61158 ms [UE 30040] UL Throughput = 0.01166 Mbps
61158 ms [UE 42234] UL Throughput = 0.0 Mbps
61249 ms [UE 30040] UL Throughput = 0.0 Mbps
61249 ms [UE 42234] UL Throughput = 0.02994 Mbps
61354 ms [UE 30040] UL Throughput = 0.0 Mbps
61354 ms [UE 42234] UL Throughput = 0.0552 Mbps
61457 ms [UE 42234] UL Throughput = 0.04204 Mbps
61553 ms [UE 30040] UL Throughput = 0.07972 Mbps
61661 ms [UE 30040] UL Throughput = 0.01928 Mbps
61661 ms [UE 42234] UL Throughput = 0.0 Mbps
61773 ms [UE 30040] UL Throughput = 0.0 Mbps
61773 ms [UE 42234] UL Throughput = 0.0125 Mbps
61871 ms [UE 30040] UL Throughput = 0.0 Mbps
61871 ms [UE 42234] UL Throughput = 0.0 Mbps
62009 ms [UE 30040] UL Throughput = 0.0 Mbps
62009 ms [UE 42234] UL Throughput = 0.0 Mbps
62115 ms [UE 30040] UL Throughput = 0.05457 Mbps
62115 ms [UE 42234] UL Throughput = 0.0 Mbps
62236 ms [UE 30040] UL Throughput = 0.0 Mbps
62236 ms [UE 42234] UL Throughput = 0.0 Mbps
62316 ms [UE 30040] UL Throughput = 0.09709 Mbps
62316 ms [UE 42234] UL Throughput = 0.04728 Mbps
62404 ms [UE 42234] UL Throughput = 0.0 Mbps
62492 ms [UE 30040] UL Throughput = 0.0 Mbps
62492 ms [UE 42234] UL Throughput = 0.0 Mbps
62604 ms [UE 42234] UL Throughput = 0.09443 Mbps
62682 ms [UE 30040] UL Throughput = 0.04142 Mbps
62682 ms [UE 42234] UL Throughput = 0.07827 Mbps
62794 ms [UE 30040] UL Throughput = 0.09013 Mbps
62794 ms [UE 42234] UL Throughput = 0.0 Mbps
62797 ms [UE 42234] UL Throughput = 0.08564 Mbps
62895 ms [UE 30040] UL Throughput = 0.05814 Mbps
62895 ms [UE 42234] UL Throughput = 0.0 Mbps
62986 ms [UE 30040] UL Throughput = 0.07579 Mbps
62986 ms [UE 42234] UL Throughput = 0.0 Mbps
63087 ms [UE 30040] UL Throughput = 0.01625 Mbps
63087 ms [UE 42234] UL Throughput = 0.02573 Mbps
63188 ms [UE 30040] UL Throughput = 0.03495 Mbps
63190 ms [UE 42234] UL Throughput = 0.04225 Mbps
63196 ms [UE 30040] UL Throughput = 0.0 Mbps
63198 ms [UE 42234] UL Throughput = 0.06498 Mbps
63266 ms [UE 30040] UL Throughput = 0.05223 Mbps
63266 ms [UE 42234] UL Throughput = 0.08739 Mbps
63349 ms [UE 30040] UL Throughput = 0.04746 Mbps
63349 ms [UE 42234] UL Throughput = 0.0 Mbps
63438 ms [UE 30040] UL Throughput = 0.0 Mbps
63438 ms [UE 42234] UL Throughput = 0.0 Mbps
63563 ms [UE 30040] UL Throughput = 0.13404 Mbps
63563 ms [UE 42234] UL Throughput = 0.0 Mbps
63641 ms [UE 30040] UL Throughput = 0.0 Mbps
63641 ms [UE 42234] UL Throughput = 0.01047 Mbps
63720 ms [UE 42234] UL Throughput = 0.0 Mbps
63837 ms [UE 30040] UL Throughput = 0.05485 Mbps
63837 ms [UE 42234] UL Throughput = 0.06693 Mbps
63949 ms [UE 30040] UL Throughput = 0.06393 Mbps
63949 ms [UE 42234] UL Throughput = 0.0 Mbps
64044 ms [UE 30040] UL Throughput = 0.07956 Mbps
64044 ms [UE 42234] UL Throughput = 0.08081 Mbps
64133 ms [UE 30040] UL Throughput = 0.0363 Mbps
64133 ms [UE 42234] UL Throughput = 0.0 Mbps
64210 ms [UE 30040] UL Throughput = 0.0 Mbps
64301 ms [UE 30040] UL Throughput = 0.0 Mbps
64301 ms [UE 42234] UL Throughput = 0.0 Mbps
64392 ms [UE 30040] UL Throughput = 0.0 Mbps
64392 ms [UE 42234] UL Throughput = 0.0 Mbps
64495 ms [UE 30040] UL Throughput = 0.08806 Mbps
64495 ms [UE 42234] UL Throughput = 0.06042 Mbps
64582 ms [UE 30040] UL Throughput = 0.0 Mbps
64582 ms [UE 42234] UL Throughput = 0.05548 Mbps
64583 ms [UE 30040] UL Throughput = 0.0 Mbps
64583 ms [UE 42234] UL Throughput = 0.0 Mbps
64686 ms [UE 30040] UL Throughput = 0.0 Mbps
64686 ms [UE 42234] UL Throughput = 0.01227 Mbps
64691 ms [UE 30040] UL Throughput = 0.07711 Mbps
64691 ms [UE 42234] UL Throughput = 0.07321 Mbps
64821 ms [UE 30040] UL Throughput = 0.02477 Mbps
64821 ms [UE 42234] UL Throughput = 0.0 Mbps
64827 ms [UE 30040] UL Throughput = 0.09607 Mbps
64827 ms [UE 42234] UL Throughput = 0.08122 Mbps
64926 ms [UE 30040] UL Throughput = 0.0 Mbps
64926 ms [UE 42234] UL Throughput = 0.0 Mbps
65048 ms [UE 30040] UL Throughput = 0.10196 Mbps
65048 ms [UE 42234] UL Throughput = 0.0 Mbps
65148 ms [UE 42234] UL Throughput = 0.0 Mbps
65230 ms [UE 30040] UL Throughput = 0.0 Mbps
65230 ms [UE 42234] UL Throughput = 0.05354 Mbps
65348 ms [UE 30040] UL Throughput = 0.01892 Mbps
65348 ms [UE 42234] UL Throughput = 0.09439 Mbps
65447 ms [UE 30040] UL Throughput = 0.03542 Mbps
65447 ms [UE 42234] UL Throughput = 0.0 Mbps
65551 ms [UE 30040] UL Throughput = 0.0 Mbps
65551 ms [UE 42234] UL Throughput = 0.01452 Mbps
65650 ms [UE 30040] UL Throughput = 0.0 Mbps
65650 ms [UE 42234] UL Throughput = 0.04941 Mbps
65656 ms [UE 30040] UL Throughput = 0.0 Mbps
65656 ms [UE 42234] UL Throughput = 0.0 Mbps
65731 ms [UE 30040] UL Throughput = 0.0 Mbps
65735 ms [UE 30040] UL Throughput = 0.04761 Mbps
65735 ms [UE 42234] UL Throughput = 0.0 Mbps
65741 ms [UE 30040] UL Throughput = 0.05687 Mbps
65741 ms [UE 42234] UL Throughput = 0.05804 Mbps
65844 ms [UE 42234] UL Throughput = 0.12499 Mbps
65850 ms [UE 30040] UL Throughput = 0.0 Mbps
65850 ms [UE 42234] UL Throughput = 0.0 Mbps
65954 ms [UE 42234] UL Throughput = 0.0 Mbps
66034 ms [UE 30040] UL Throughput = 0.0 Mbps
66034 ms [UE 42234] UL Throughput = 0.0 Mbps
66123 ms [UE 30040] UL Throughput = 0.0 Mbps
66123 ms [UE 42234] UL Throughput = 0.0 Mbps
66215 ms [UE 30040] UL Throughput = 0.05734 Mbps
66215 ms [UE 42234] UL Throughput = 0.0339 Mbps
66295 ms [UE 30040] UL Throughput = 0.0 Mbps
66295 ms [UE 42234] UL Throughput = 0.0 Mbps
66404 ms [UE 30040] UL Throughput = 0.0939 Mbps
66404 ms [UE 42234] UL Throughput = 0.0 Mbps
66520 ms [UE 30040] UL Throughput = 0.03935 Mbps
66520 ms [UE 42234] UL Throughput = 0.08509 Mbps
66616 ms [UE 30040] UL Throughput = 0.0 Mbps
66616 ms [UE 42234] UL Throughput = 0.0 Mbps
66708 ms [UE 30040] UL Throughput = 0.0 Mbps
66708 ms [UE 42234] UL Throughput = 0.0 Mbps
66808 ms [UE 30040] UL Throughput = 0.0 Mbps
66808 ms [UE 42234] UL Throughput = 0.0 Mbps
66904 ms [UE 30040] UL Throughput = 0.0 Mbps
66904 ms [UE 42234] UL Throughput = 0.01032 Mbps
67001 ms [UE 30040] UL Throughput = 0.06687 Mbps
67001 ms [UE 42234] UL Throughput = 0.0 Mbps
67099 ms [UE 30040] UL Throughput = 0.05885 Mbps
67099 ms [UE 42234] UL Throughput = 0.05672 Mbps
67101 ms [UE 30040] UL Throughput = 0.02568 Mbps
67101 ms [UE 42234] UL Throughput = 0.0 Mbps
67175 ms [UE 30040] UL Throughput = 0.05531 Mbps
67175 ms [UE 42234] UL Throughput = 0.0 Mbps
67286 ms [UE 42234] UL Throughput = 0.03005 Mbps
67386 ms [UE 30040] UL Throughput = 0.04917 Mbps
67386 ms [UE 42234] UL Throughput = 0.0 Mbps
67496 ms [UE 30040] UL Throughput = 0.0 Mbps
67496 ms [UE 42234] UL Throughput = 0.01394 Mbps
67593 ms [UE 30040] UL Throughput = 0.0189 Mbps
67593 ms [UE 42234] UL Throughput = 0.0305 Mbps
67686 ms [UE 30040] UL Throughput = 0.0 Mbps
67686 ms [UE 42234] UL Throughput = 0.08753 Mbps
67820 ms [UE 30040] UL Throughput = 0.0 Mbps
67820 ms [UE 42234] UL Throughput = 0.02429 Mbps
67822 ms [UE 42234] UL Throughput = 0.0222 Mbps
67914 ms [UE 30040] UL Throughput = 0.09838 Mbps
67914 ms [UE 42234] UL Throughput = 0.0 Mbps
68013 ms [UE 30040] UL Throughput = 0.07928 Mbps
68015 ms [UE 30040] UL Throughput = 0.02452 Mbps
68015 ms [UE 42234] UL Throughput = 0.09817 Mbps
68103 ms [UE 30040] UL Throughput = 0.0 Mbps
68103 ms [UE 42234] UL Throughput = 0.0 Mbps
68195 ms [UE 30040] UL Throughput = 0.02619 Mbps
68195 ms [UE 42234] UL Throughput = 0.0 Mbps
68287 ms [UE 30040] UL Throughput = 0.0 Mbps
68287 ms [UE 42234] UL Throughput = 0.0 Mbps
68374 ms [UE 30040] UL Throughput = 0.0 Mbps
68374 ms [UE 42234] UL Throughput = 0.0 Mbps
68473 ms [UE 30040] UL Throughput = 0.01619 Mbps
68473 ms [UE 42234] UL Throughput = 0.05538 Mbps
68567 ms [UE 30040] UL Throughput = 0.09306 Mbps
68567 ms [UE 42234] UL Throughput = 0.0 Mbps
68676 ms [UE 30040] UL Throughput = 0.0 Mbps
68676 ms [UE 42234] UL Throughput = 0.0 Mbps
68757 ms [UE 30040] UL Throughput = 0.0 Mbps
68757 ms [UE 42234] UL Throughput = 0.0 Mbps
68849 ms [UE 30040] UL Throughput = 0.02506 Mbps
68849 ms [UE 42234] UL Throughput = 0.0 Mbps
68954 ms [UE 30040] UL Throughput = 0.0 Mbps
68954 ms [UE 42234] UL Throughput = 0.0 Mbps
69043 ms [UE 30040] UL Throughput = 0.0 Mbps
69043 ms [UE 42234] UL Throughput = 0.0 Mbps
69147 ms [UE 42234] UL Throughput = 0.03488 Mbps
69231 ms [UE 30040] UL Throughput = 0.0 Mbps
69231 ms [UE 42234] UL Throughput = 0.0 Mbps
69232 ms [UE 30040] UL Throughput = 0.09491 Mbps
69232 ms [UE 42234] UL Throughput = 0.0 Mbps
69329 ms [UE 30040] UL Throughput = 0.0 Mbps
69329 ms [UE 42234] UL Throughput = 0.09976 Mbps
69431 ms [UE 30040] UL Throughput = 0.08313 Mbps
69431 ms [UE 42234] UL Throughput = 0.0 Mbps
69432 ms [UE 30040] UL Throughput = 0.0 Mbps
69432 ms [UE 42234] UL Throughput = 0.07942 Mbps
69433 ms [UE 30040] UL Throughput = 0.0 Mbps
69433 ms [UE 42234] UL Throughput = 0.01541 Mbps
69437 ms [UE 30040] UL Throughput = 0.0 Mbps
69437 ms [UE 42234] UL Throughput = 0.0 Mbps
69526 ms [UE 30040] UL Throughput = 0.01569 Mbps
69526 ms [UE 42234] UL Throughput = 0.05217 Mbps
69630 ms [UE 42234] UL Throughput = 0.11173 Mbps
69749 ms [UE 30040] UL Throughput = 0.05572 Mbps
69749 ms [UE 42234] UL Throughput = 0.03813 Mbps
69752 ms [UE 30040] UL Throughput = 0.01277 Mbps
69752 ms [UE 42234] UL Throughput = 0.03735 Mbps
69842 ms [UE 30040] UL Throughput = 0.07228 Mbps
69842 ms [UE 42234] UL Throughput = 0.0 Mbps
69946 ms [UE 30040] UL Throughput = 0.0 Mbps
69946 ms [UE 42234] UL Throughput = 0.0 Mbps
70045 ms [UE 30040] UL Throughput = 0.0 Mbps
70045 ms [UE 42234] UL Throughput = 0.0 Mbps
70050 ms [UE 30040] UL Throughput = 0.03941 Mbps
70167 ms [UE 30040] UL Throughput = 0.08009 Mbps
70167 ms [UE 42234] UL Throughput = 0.0597 Mbps
70245 ms [UE 30040] UL Throughput = 0.09623 Mbps
70245 ms [UE 42234] UL Throughput = 0.0 Mbps
70329 ms [UE 30040] UL Throughput = 0.05044 Mbps
70331 ms [UE 30040] UL Throughput = 0.03502 Mbps
70331 ms [UE 42234] UL Throughput = 0.04313 Mbps
70429 ms [UE 30040] UL Throughput = 0.08772 Mbps
70429 ms [UE 42234] UL Throughput = 0.09135 Mbps
70435 ms [UE 42234] UL Throughput = 0.0 Mbps
70519 ms [UE 30040] UL Throughput = 0.05423 Mbps
70519 ms [UE 42234] UL Throughput = 0.05422 Mbps
70607 ms [UE 30040] UL Throughput = 0.08993 Mbps
70706 ms [UE 30040] UL Throughput = 0.03658 Mbps
70706 ms [UE 42234] UL Throughput = 0.0 Mbps
70792 ms [UE 30040] UL Throughput = 0.0 Mbps
70792 ms [UE 42234] UL Throughput = 0.0 Mbps
70884 ms [UE 42234] UL Throughput = 0.02398 Mbps
70961 ms [UE 42234] UL Throughput = 0.05207 Mbps
71077 ms [UE 30040] UL Throughput = 0.02466 Mbps
71077 ms [UE 42234] UL Throughput = 0.02093 Mbps
71083 ms [UE 30040] UL Throughput = 0.0 Mbps
71083 ms [UE 42234] UL Throughput = 0.05481 Mbps
71204 ms [UE 30040] UL Throughput = 0.07401 Mbps
71204 ms [UE 42234] UL Throughput = 0.09618 Mbps
71308 ms [UE 30040] UL Throughput = 0.0205 Mbps
71308 ms [UE 42234] UL Throughput = 0.07832 Mbps
71391 ms [UE 30040] UL Throughput = 0.05117 Mbps
71391 ms [UE 42234] UL Throughput = 0.0 Mbps
71480 ms [UE 30040] UL Throughput = 0.0 Mbps
71480 ms [UE 42234] UL Throughput = 0.01073 Mbps
71565 ms [UE 30040] UL Throughput = 0.0 Mbps
71565 ms [UE 42234] UL Throughput = 0.13147 Mbps
71568 ms [UE 42234] UL Throughput = 0.0 Mbps
71656 ms [UE 30040] UL Throughput = 0.01778 Mbps
71656 ms [UE 42234] UL Throughput = 0.0 Mbps
71758 ms [UE 30040] UL Throughput = 0.09114 Mbps
71758 ms [UE 42234] UL Throughput = 0.0 Mbps
71762 ms [UE 30040] UL Throughput = 0.0 Mbps
71762 ms [UE 42234] UL Throughput = 0.0 Mbps
71867 ms [UE 30040] UL Throughput = 0.0 Mbps
71867 ms [UE 42234] UL Throughput = 0.0 Mbps
71976 ms [UE 30040] UL Throughput = 0.0 Mbps
71976 ms [UE 42234] UL Throughput = 0.04774 Mbps
72074 ms [UE 42234] UL Throughput = 0.03722 Mbps
72194 ms [UE 30040] UL Throughput = 0.0 Mbps
72199 ms [UE 30040] UL Throughput = 0.07978 Mbps
72199 ms [UE 42234] UL Throughput = 0.0 Mbps
72313 ms [UE 30040] UL Throughput = 0.08589 Mbps
72313 ms [UE 42234] UL Throughput = 0.0 Mbps
72417 ms [UE 30040] UL Throughput = 0.0 Mbps
72417 ms [UE 42234] UL Throughput = 0.06086 Mbps
72510 ms [UE 30040] UL Throughput = 0.07708 Mbps
72510 ms [UE 42234] UL Throughput = 0.0917 Mbps
72587 ms [UE 30040] UL Throughput = 0.01028 Mbps
72592 ms [UE 30040] UL Throughput = 0.05643 Mbps
72592 ms [UE 42234] UL Throughput = 0.0 Mbps
72594 ms [UE 30040] UL Throughput = 0.0 Mbps
72594 ms [UE 42234] UL Throughput = 0.0 Mbps
72693 ms [UE 30040] UL Throughput = 0.0 Mbps
72693 ms [UE 42234] UL Throughput = 0.01713 Mbps
72782 ms [UE 30040] UL Throughput = 0.04109 Mbps
72782 ms [UE 42234] UL Throughput = 0.01448 Mbps
72868 ms [UE 30040] UL Throughput = 0.0 Mbps
72868 ms [UE 42234] UL Throughput = 0.0 Mbps
72870 ms [UE 30040] UL Throughput = 0.0 Mbps
72870 ms [UE 42234] UL Throughput = 0.0379 Mbps
72965 ms [UE 42234] UL Throughput = 0.08102 Mbps
72969 ms [UE 30040] UL Throughput = 0.0931 Mbps
72969 ms [UE 42234] UL Throughput = 0.03792 Mbps
73069 ms [UE 30040] UL Throughput = 0.0 Mbps
73069 ms [UE 42234] UL Throughput = 0.07305 Mbps
73181 ms [UE 30040] UL Throughput = 0.0 Mbps
73181 ms [UE 42234] UL Throughput = 0.0 Mbps
73280 ms [UE 30040] UL Throughput = 0.0 Mbps
73280 ms [UE 42234] UL Throughput = 0.0192 Mbps
73372 ms [UE 30040] UL Throughput = 0.03726 Mbps
73372 ms [UE 42234] UL Throughput = 0.02994 Mbps
73469 ms [UE 30040] UL Throughput = 0.0 Mbps
73469 ms [UE 42234] UL Throughput = 0.04997 Mbps
73549 ms [UE 30040] UL Throughput = 0.0 Mbps
73549 ms [UE 42234] UL Throughput = 0.01543 Mbps
73554 ms [UE 30040] UL Throughput = 0.0 Mbps
73554 ms [UE 42234] UL Throughput = 0.05278 Mbps
73682 ms [UE 30040] UL Throughput = 0.0 Mbps
73682 ms [UE 42234] UL Throughput = 0.07489 Mbps
73802 ms [UE 30040] UL Throughput = 0.01106 Mbps
73802 ms [UE 42234] UL Throughput = 0.0 Mbps
73890 ms [UE 30040] UL Throughput = 0.04464 Mbps
73890 ms [UE 42234] UL Throughput = 0.0 Mbps
73983 ms [UE 30040] UL Throughput = 0.0924 Mbps
73983 ms [UE 42234] UL Throughput = 0.0 Mbps
74090 ms [UE 30040] UL Throughput = 0.0126 Mbps
74090 ms [UE 42234] UL Throughput = 0.02085 Mbps
74093 ms [UE 30040] UL Throughput = 0.0 Mbps
74093 ms [UE 42234] UL Throughput = 0.0 Mbps
74206 ms [UE 30040] UL Throughput = 0.05039 Mbps
74206 ms [UE 42234] UL Throughput = 0.01357 Mbps
74209 ms [UE 30040] UL Throughput = 0.0 Mbps
74312 ms [UE 42234] UL Throughput = 0.05808 Mbps
74314 ms [UE 30040] UL Throughput = 0.0 Mbps
74314 ms [UE 42234] UL Throughput = 0.16183 Mbps
74400 ms [UE 30040] UL Throughput = 0.0 Mbps
74400 ms [UE 42234] UL Throughput = 0.01105 Mbps
74403 ms [UE 30040] UL Throughput = 0.0 Mbps
74403 ms [UE 42234] UL Throughput = 0.0 Mbps
74510 ms [UE 30040] UL Throughput = 0.08411 Mbps
74510 ms [UE 42234] UL Throughput = 0.0 Mbps
74514 ms [UE 30040] UL Throughput = 0.08571 Mbps
74514 ms [UE 42234] UL Throughput = 0.0 Mbps
74637 ms [UE 30040] UL Throughput = 0.03607 Mbps
74637 ms [UE 42234] UL Throughput = 0.05085 Mbps
74739 ms [UE 30040] UL Throughput = 0.0 Mbps
74739 ms [UE 42234] UL Throughput = 0.04082 Mbps
74853 ms [UE 30040] UL Throughput = 0.08864 Mbps
74853 ms [UE 42234] UL Throughput = 0.01306 Mbps
74958 ms [UE 42234] UL Throughput = 0.03524 Mbps
75053 ms [UE 30040] UL Throughput = 0.0 Mbps
75053 ms [UE 42234] UL Throughput = 0.0 Mbps
75055 ms [UE 42234] UL Throughput = 0.02086 Mbps
75059 ms [UE 30040] UL Throughput = 0.0 Mbps
75059 ms [UE 42234] UL Throughput = 0.03853 Mbps
75140 ms [UE 30040] UL Throughput = 0.03828 Mbps
75140 ms [UE 42234] UL Throughput = 0.08536 Mbps
75219 ms [UE 30040] UL Throughput = 0.01333 Mbps
75219 ms [UE 42234] UL Throughput = 0.06729 Mbps
75221 ms [UE 30040] UL Throughput = 0.08215 Mbps
75221 ms [UE 42234] UL Throughput = 0.04421 Mbps
75328 ms [UE 30040] UL Throughput = 0.02618 Mbps
75328 ms [UE 42234] UL Throughput = 0.0 Mbps
75428 ms [UE 30040] UL Throughput = 0.0 Mbps
75428 ms [UE 42234] UL Throughput = 0.0 Mbps
75432 ms [UE 30040] UL Throughput = 0.02131 Mbps
75432 ms [UE 42234] UL Throughput = 0.0 Mbps
75530 ms [UE 30040] UL Throughput = 0.089 Mbps
75530 ms [UE 42234] UL Throughput = 0.0 Mbps
75616 ms [UE 30040] UL Throughput = 0.0 Mbps
75616 ms [UE 42234] UL Throughput = 0.04198 Mbps
75620 ms [UE 30040] UL Throughput = 0.08726 Mbps
75620 ms [UE 42234] UL Throughput = 0.0 Mbps
75751 ms [UE 30040] UL Throughput = 0.17518 Mbps
75751 ms [UE 42234] UL Throughput = 0.0817 Mbps
75852 ms [UE 30040] UL Throughput = 0.0957 Mbps
75852 ms [UE 42234] UL Throughput = 0.0 Mbps
75975 ms [UE 30040] UL Throughput = 0.09908 Mbps
75975 ms [UE 42234] UL Throughput = 0.04654 Mbps
76066 ms [UE 42234] UL Throughput = 0.0 Mbps
76147 ms [UE 30040] UL Throughput = 0.01252 Mbps
76229 ms [UE 30040] UL Throughput = 0.0 Mbps
76229 ms [UE 42234] UL Throughput = 0.0 Mbps
76321 ms [UE 30040] UL Throughput = 0.0 Mbps
76321 ms [UE 42234] UL Throughput = 0.0 Mbps
76413 ms [UE 30040] UL Throughput = 0.0 Mbps
76413 ms [UE 42234] UL Throughput = 0.0 Mbps
76488 ms [UE 30040] UL Throughput = 0.0 Mbps
76488 ms [UE 42234] UL Throughput = 0.02563 Mbps
76494 ms [UE 42234] UL Throughput = 0.03008 Mbps
76584 ms [UE 30040] UL Throughput = 0.0 Mbps
76584 ms [UE 42234] UL Throughput = 0.01064 Mbps
76692 ms [UE 30040] UL Throughput = 0.08414 Mbps
76692 ms [UE 42234] UL Throughput = 0.01025 Mbps
76790 ms [UE 30040] UL Throughput = 0.0 Mbps
76790 ms [UE 42234] UL Throughput = 0.0854 Mbps
76894 ms [UE 30040] UL Throughput = 0.0 Mbps
76894 ms [UE 42234] UL Throughput = 0.0 Mbps
77021 ms [UE 42234] UL Throughput = 0.0 Mbps
77025 ms [UE 30040] UL Throughput = 0.0 Mbps
77025 ms [UE 42234] UL Throughput = 0.0 Mbps
77135 ms [UE 30040] UL Throughput = 0.09301 Mbps
77141 ms [UE 30040] UL Throughput = 0.0 Mbps
77141 ms [UE 42234] UL Throughput = 0.12928 Mbps
77264 ms [UE 30040] UL Throughput = 0.0 Mbps
77264 ms [UE 42234] UL Throughput = 0.0 Mbps
77338 ms [UE 30040] UL Throughput = 0.04899 Mbps
77338 ms [UE 42234] UL Throughput = 0.0 Mbps
77434 ms [UE 30040] UL Throughput = 0.02685 Mbps
77434 ms [UE 42234] UL Throughput = 0.0 Mbps
77512 ms [UE 30040] UL Throughput = 0.0 Mbps
77512 ms [UE 42234] UL Throughput = 0.06039 Mbps
77639 ms [UE 30040] UL Throughput = 0.0 Mbps
77639 ms [UE 42234] UL Throughput = 0.06674 Mbps
77719 ms [UE 42234] UL Throughput = 0.0 Mbps
77722 ms [UE 30040] UL Throughput = 0.03881 Mbps
77722 ms [UE 42234] UL Throughput = 0.04202 Mbps
77825 ms [UE 30040] UL Throughput = 0.03859 Mbps
77825 ms [UE 42234] UL Throughput = 0.0 Mbps
77826 ms [UE 30040] UL Throughput = 0.06359 Mbps
77826 ms [UE 42234] UL Throughput = 0.0 Mbps
77909 ms [UE 30040] UL Throughput = 0.0 Mbps
77909 ms [UE 42234] UL Throughput = 0.0 Mbps
77913 ms [UE 30040] UL Throughput = 0.0 Mbps
77913 ms [UE 42234] UL Throughput = 0.08726 Mbps
78014 ms [UE 30040] UL Throughput = 0.06545 Mbps
78014 ms [UE 42234] UL Throughput = 0.0 Mbps
78117 ms [UE 42234] UL Throughput = 0.05304 Mbps
78121 ms [UE 30040] UL Throughput = 0.1072 Mbps
78121 ms [UE 42234] UL Throughput = 0.0 Mbps
78214 ms [UE 30040] UL Throughput = 0.0 Mbps
78214 ms [UE 42234] UL Throughput = 0.04455 Mbps
78305 ms [UE 30040] UL Throughput = 0.0 Mbps
78305 ms [UE 42234] UL Throughput = 0.06588 Mbps
78392 ms [UE 30040] UL Throughput = 0.05555 Mbps
78392 ms [UE 42234] UL Throughput = 0.0 Mbps
78464 ms [UE 30040] UL Throughput = 0.04234 Mbps
78464 ms [UE 42234] UL Throughput = 0.0 Mbps
78468 ms [UE 30040] UL Throughput = 0.0 Mbps
78554 ms [UE 30040] UL Throughput = 0.06123 Mbps
78554 ms [UE 42234] UL Throughput = 0.0 Mbps
78636 ms [UE 42234] UL Throughput = 0.11309 Mbps
78719 ms [UE 30040] UL Throughput = 0.02106 Mbps
78719 ms [UE 42234] UL Throughput = 0.07514 Mbps
78830 ms [UE 30040] UL Throughput = 0.12062 Mbps
78830 ms [UE 42234] UL Throughput = 0.0 Mbps
78923 ms [UE 30040] UL Throughput = 0.05496 Mbps
78923 ms [UE 42234] UL Throughput = 0.0 Mbps
78925 ms [UE 30040] UL Throughput = 0.0 Mbps
78925 ms [UE 42234] UL Throughput = 0.0 Mbps
79036 ms [UE 30040] UL Throughput = 0.07591 Mbps
79036 ms [UE 42234] UL Throughput = 0.0 Mbps
79149 ms [UE 30040] UL Throughput = 0.01064 Mbps
79149 ms [UE 42234] UL Throughput = 0.0 Mbps
79284 ms [UE 30040] UL Throughput = 0.08829 Mbps
79284 ms [UE 42234] UL Throughput = 0.09454 Mbps
79402 ms [UE 30040] UL Throughput = 0.03598 Mbps
79402 ms [UE 42234] UL Throughput = 0.09725 Mbps
79515 ms [UE 30040] UL Throughput = 0.0 Mbps
79515 ms [UE 42234] UL Throughput = 0.08753 Mbps
79635 ms [UE 30040] UL Throughput = 0.02427 Mbps
79635 ms [UE 42234] UL Throughput = 0.03803 Mbps
79753 ms [UE 30040] UL Throughput = 0.0643 Mbps
79753 ms [UE 42234] UL Throughput = 0.04882 Mbps
79839 ms [UE 42234] UL Throughput = 0.11853 Mbps
79952 ms [UE 30040] UL Throughput = 0.0 Mbps
79952 ms [UE 42234] UL Throughput = 0.0 Mbps
80051 ms [UE 30040] UL Throughput = 0.0 Mbps
80051 ms [UE 42234] UL Throughput = 0.0 Mbps
80155 ms [UE 30040] UL Throughput = 0.04933 Mbps
80155 ms [UE 42234] UL Throughput = 0.0 Mbps
80161 ms [UE 30040] UL Throughput = 0.07832 Mbps
80161 ms [UE 42234] UL Throughput = 0.0 Mbps
80267 ms [UE 42234] UL Throughput = 0.0 Mbps
80364 ms [UE 42234] UL Throughput = 0.03925 Mbps
80461 ms [UE 42234] UL Throughput = 0.08647 Mbps
80464 ms [UE 30040] UL Throughput = 0.0 Mbps
80464 ms [UE 42234] UL Throughput = 0.01351 Mbps
80574 ms [UE 30040] UL Throughput = 0.09279 Mbps
80665 ms [UE 30040] UL Throughput = 0.0 Mbps
80743 ms [UE 30040] UL Throughput = 0.0 Mbps
80743 ms [UE 42234] UL Throughput = 0.04331 Mbps
80851 ms [UE 30040] UL Throughput = 0.0 Mbps
80851 ms [UE 42234] UL Throughput = 0.0 Mbps
80854 ms [UE 30040] UL Throughput = 0.0 Mbps
80854 ms [UE 42234] UL Throughput = 0.0815 Mbps
80947 ms [UE 30040] UL Throughput = 0.0 Mbps
80947 ms [UE 42234] UL Throughput = 0.02833 Mbps
80948 ms [UE 30040] UL Throughput = 0.06456 Mbps
80948 ms [UE 42234] UL Throughput = 0.0 Mbps
81022 ms [UE 30040] UL Throughput = 0.05526 Mbps
81022 ms [UE 42234] UL Throughput = 0.0435 Mbps
81130 ms [UE 30040] UL Throughput = 0.0 Mbps
81130 ms [UE 42234] UL Throughput = 0.01194 Mbps
81227 ms [UE 30040] UL Throughput = 0.09931 Mbps
81227 ms [UE 42234] UL Throughput = 0.0 Mbps
81339 ms [UE 30040] UL Throughput = 0.05675 Mbps
81339 ms [UE 42234] UL Throughput = 0.0 Mbps
81439 ms [UE 30040] UL Throughput = 0.0 Mbps
81439 ms [UE 42234] UL Throughput = 0.0176 Mbps
81532 ms [UE 30040] UL Throughput = 0.0 Mbps
81532 ms [UE 42234] UL Throughput = 0.0 Mbps
81631 ms [UE 30040] UL Throughput = 0.02883 Mbps
81631 ms [UE 42234] UL Throughput = 0.05933 Mbps
81746 ms [UE 42234] UL Throughput = 0.02905 Mbps
81848 ms [UE 30040] UL Throughput = 0.0 Mbps
81848 ms [UE 42234] UL Throughput = 0.0 Mbps
81940 ms [UE 30040] UL Throughput = 0.0 Mbps
81942 ms [UE 30040] UL Throughput = 0.0 Mbps
81942 ms [UE 42234] UL Throughput = 0.07869 Mbps
81945 ms [UE 30040] UL Throughput = 0.05602 Mbps
82038 ms [UE 30040] UL Throughput = 0.01921 Mbps
82038 ms [UE 42234] UL Throughput = 0.04668 Mbps
82139 ms [UE 30040] UL Throughput = 0.0 Mbps
82139 ms [UE 42234] UL Throughput = 0.0 Mbps
82244 ms [UE 30040] UL Throughput = 0.0 Mbps
82244 ms [UE 42234] UL Throughput = 0.0 Mbps
82331 ms [UE 42234] UL Throughput = 0.0 Mbps
82436 ms [UE 30040] UL Throughput = 0.0 Mbps
82436 ms [UE 42234] UL Throughput = 0.01852 Mbps
82546 ms [UE 42234] UL Throughput = 0.02596 Mbps
82645 ms [UE 30040] UL Throughput = 0.0 Mbps
82645 ms [UE 42234] UL Throughput = 0.0 Mbps
82747 ms [UE 30040] UL Throughput = 0.0 Mbps
82747 ms [UE 42234] UL Throughput = 0.0 Mbps
82856 ms [UE 30040] UL Throughput = 0.0 Mbps
82856 ms [UE 42234] UL Throughput = 0.02096 Mbps
82862 ms [UE 30040] UL Throughput = 0.0469 Mbps
82862 ms [UE 42234] UL Throughput = 0.05444 Mbps
82965 ms [UE 30040] UL Throughput = 0.08797 Mbps
82965 ms [UE 42234] UL Throughput = 0.0 Mbps
83038 ms [UE 42234] UL Throughput = 0.0 Mbps
83138 ms [UE 30040] UL Throughput = 0.04131 Mbps
83138 ms [UE 42234] UL Throughput = 0.02753 Mbps
83140 ms [UE 30040] UL Throughput = 0.08342 Mbps
83245 ms [UE 30040] UL Throughput = 0.03859 Mbps
83245 ms [UE 42234] UL Throughput = 0.0 Mbps
83344 ms [UE 30040] UL Throughput = 0.0 Mbps
83344 ms [UE 42234] UL Throughput = 0.03664 Mbps
83443 ms [UE 42234] UL Throughput = 0.07229 Mbps
83538 ms [UE 30040] UL Throughput = 0.08476 Mbps
83538 ms [UE 42234] UL Throughput = 0.05366 Mbps
83543 ms [UE 30040] UL Throughput = 0.09125 Mbps
83543 ms [UE 42234] UL Throughput = 0.04186 Mbps
83640 ms [UE 30040] UL Throughput = 0.0605 Mbps
83640 ms [UE 42234] UL Throughput = 0.0 Mbps
83643 ms [UE 30040] UL Throughput = 0.11758 Mbps
83643 ms [UE 42234] UL Throughput = 0.0 Mbps
83719 ms [UE 30040] UL Throughput = 0.0 Mbps
83719 ms [UE 42234] UL Throughput = 0.0 Mbps
83822 ms [UE 30040] UL Throughput = 0.0 Mbps
83822 ms [UE 42234] UL Throughput = 0.0 Mbps
83893 ms [UE 30040] UL Throughput = 0.0 Mbps
83995 ms [UE 30040] UL Throughput = 0.18009 Mbps
83995 ms [UE 42234] UL Throughput = 0.04999 Mbps
84080 ms [UE 30040] UL Throughput = 0.06065 Mbps
84080 ms [UE 42234] UL Throughput = 0.07438 Mbps
84084 ms [UE 30040] UL Throughput = 0.0 Mbps
84190 ms [UE 30040] UL Throughput = 0.09413 Mbps
84190 ms [UE 42234] UL Throughput = 0.0808 Mbps
84305 ms [UE 30040] UL Throughput = 0.0 Mbps
84305 ms [UE 42234] UL Throughput = 0.0 Mbps
84408 ms [UE 42234] UL Throughput = 0.09555 Mbps
84513 ms [UE 30040] UL Throughput = 0.0 Mbps
84513 ms [UE 42234] UL Throughput = 0.0 Mbps
84516 ms [UE 30040] UL Throughput = 0.06611 Mbps
84516 ms [UE 42234] UL Throughput = 0.0725 Mbps
84617 ms [UE 30040] UL Throughput = 0.09048 Mbps
84708 ms [UE 30040] UL Throughput = 0.0 Mbps
84708 ms [UE 42234] UL Throughput = 0.17546 Mbps
84808 ms [UE 30040] UL Throughput = 0.0 Mbps
84808 ms [UE 42234] UL Throughput = 0.0 Mbps
84889 ms [UE 42234] UL Throughput = 0.0 Mbps
84980 ms [UE 30040] UL Throughput = 0.06895 Mbps
84980 ms [UE 42234] UL Throughput = 0.0 Mbps
85048 ms [UE 30040] UL Throughput = 0.0 Mbps
85048 ms [UE 42234] UL Throughput = 0.01214 Mbps
85049 ms [UE 30040] UL Throughput = 0.08137 Mbps
85049 ms [UE 42234] UL Throughput = 0.08229 Mbps
85159 ms [UE 30040] UL Throughput = 0.09455 Mbps
85165 ms [UE 30040] UL Throughput = 0.0557 Mbps
85165 ms [UE 42234] UL Throughput = 0.04277 Mbps
85216 ms [UE 30040] UL Throughput = 0.06762 Mbps
85216 ms [UE 42234] UL Throughput = 0.02636 Mbps
85328 ms [UE 30040] UL Throughput = 0.04367 Mbps
85328 ms [UE 42234] UL Throughput = 0.0 Mbps
85333 ms [UE 42234] UL Throughput = 0.0 Mbps
85439 ms [UE 30040] UL Throughput = 0.0 Mbps
85439 ms [UE 42234] UL Throughput = 0.0 Mbps
85558 ms [UE 30040] UL Throughput = 0.0 Mbps
85558 ms [UE 42234] UL Throughput = 0.0 Mbps
85654 ms [UE 30040] UL Throughput = 0.09068 Mbps
85654 ms [UE 42234] UL Throughput = 0.0 Mbps
85768 ms [UE 30040] UL Throughput = 0.02765 Mbps
85768 ms [UE 42234] UL Throughput = 0.0 Mbps
85872 ms [UE 30040] UL Throughput = 0.02081 Mbps
85872 ms [UE 42234] UL Throughput = 0.08258 Mbps
85999 ms [UE 30040] UL Throughput = 0.0 Mbps
85999 ms [UE 42234] UL Throughput = 0.06087 Mbps
86005 ms [UE 30040] UL Throughput = 0.08061 Mbps
86005 ms [UE 42234] UL Throughput = 0.06901 Mbps
86096 ms [UE 42234] UL Throughput = 0.0 Mbps
86192 ms [UE 30040] UL Throughput = 0.0907 Mbps
86192 ms [UE 42234] UL Throughput = 0.0 Mbps
86273 ms [UE 30040] UL Throughput = 0.06376 Mbps
86273 ms [UE 42234] UL Throughput = 0.0 Mbps
86376 ms [UE 30040] UL Throughput = 0.0 Mbps
86376 ms [UE 42234] UL Throughput = 0.0 Mbps
86484 ms [UE 30040] UL Throughput = 0.0 Mbps
86484 ms [UE 42234] UL Throughput = 0.0 Mbps
86575 ms [UE 42234] UL Throughput = 0.0 Mbps
86577 ms [UE 30040] UL Throughput = 0.0432 Mbps
86577 ms [UE 42234] UL Throughput = 0.06136 Mbps
86677 ms [UE 30040] UL Throughput = 0.0 Mbps
86677 ms [UE 42234] UL Throughput = 0.05036 Mbps
86781 ms [UE 30040] UL Throughput = 0.02227 Mbps
86781 ms [UE 42234] UL Throughput = 0.0 Mbps
86926 ms [UE 42234] UL Throughput = 0.0 Mbps
87016 ms [UE 30040] UL Throughput = 0.0 Mbps
87017 ms [UE 30040] UL Throughput = 0.02276 Mbps
87017 ms [UE 42234] UL Throughput = 0.0 Mbps
87120 ms [UE 30040] UL Throughput = 0.0 Mbps
87120 ms [UE 42234] UL Throughput = 0.0358 Mbps
87207 ms [UE 30040] UL Throughput = 0.0 Mbps
87207 ms [UE 42234] UL Throughput = 0.0 Mbps
87305 ms [UE 30040] UL Throughput = 0.0 Mbps
87305 ms [UE 42234] UL Throughput = 0.0 Mbps
87422 ms [UE 30040] UL Throughput = 0.0 Mbps
87422 ms [UE 42234] UL Throughput = 0.0 Mbps
87508 ms [UE 30040] UL Throughput = 0.0 Mbps
87508 ms [UE 42234] UL Throughput = 0.07739 Mbps
87619 ms [UE 30040] UL Throughput = 0.03045 Mbps
87619 ms [UE 42234] UL Throughput = 0.0 Mbps
87703 ms [UE 30040] UL Throughput = 0.0 Mbps
87703 ms [UE 42234] UL Throughput = 0.0 Mbps
87706 ms [UE 30040] UL Throughput = 0.03871 Mbps
87706 ms [UE 42234] UL Throughput = 0.0 Mbps
87709 ms [UE 30040] UL Throughput = 0.0 Mbps
87709 ms [UE 42234] UL Throughput = 0.0 Mbps
87833 ms [UE 30040] UL Throughput = 0.0 Mbps
87833 ms [UE 42234] UL Throughput = 0.0 Mbps
87922 ms [UE 42234] UL Throughput = 0.04549 Mbps
88014 ms [UE 30040] UL Throughput = 0.0 Mbps
88020 ms [UE 30040] UL Throughput = 0.0 Mbps
88020 ms [UE 42234] UL Throughput = 0.09632 Mbps
88108 ms [UE 30040] UL Throughput = 0.029 Mbps
88108 ms [UE 42234] UL Throughput = 0.02876 Mbps
88183 ms [UE 30040] UL Throughput = 0.0 Mbps
88183 ms [UE 42234] UL Throughput = 0.02067 Mbps
88242 ms [UE 30040] UL Throughput = 0.0 Mbps
88242 ms [UE 42234] UL Throughput = 0.08749 Mbps
88345 ms [UE 30040] UL Throughput = 0.06758 Mbps
88345 ms [UE 42234] UL Throughput = 0.066 Mbps
88456 ms [UE 30040] UL Throughput = 0.06325 Mbps
88456 ms [UE 42234] UL Throughput = 0.04082 Mbps
88458 ms [UE 30040] UL Throughput = 0.05048 Mbps
88458 ms [UE 42234] UL Throughput = 0.06272 Mbps
88543 ms [UE 30040] UL Throughput = 0.0 Mbps
88543 ms [UE 42234] UL Throughput = 0.0 Mbps
88653 ms [UE 30040] UL Throughput = 0.0 Mbps
88653 ms [UE 42234] UL Throughput = 0.06287 Mbps
88654 ms [UE 30040] UL Throughput = 0.0 Mbps
88654 ms [UE 42234] UL Throughput = 0.0 Mbps
88728 ms [UE 30040] UL Throughput = 0.06172 Mbps
88819 ms [UE 30040] UL Throughput = 0.05334 Mbps
88819 ms [UE 42234] UL Throughput = 0.03885 Mbps
88820 ms [UE 30040] UL Throughput = 0.04328 Mbps
88950 ms [UE 30040] UL Throughput = 0.08296 Mbps
88950 ms [UE 42234] UL Throughput = 0.02308 Mbps
89040 ms [UE 42234] UL Throughput = 0.05906 Mbps
89161 ms [UE 30040] UL Throughput = 0.0 Mbps
89161 ms [UE 42234] UL Throughput = 0.0 Mbps
89257 ms [UE 30040] UL Throughput = 0.0 Mbps
89257 ms [UE 42234] UL Throughput = 0.0 Mbps
89378 ms [UE 30040] UL Throughput = 0.0 Mbps
89378 ms [UE 42234] UL Throughput = 0.0 Mbps
89481 ms [UE 30040] UL Throughput = 0.0 Mbps
89481 ms [UE 42234] UL Throughput = 0.07953 Mbps
89580 ms [UE 30040] UL Throughput = 0.08555 Mbps
89580 ms [UE 42234] UL Throughput = 0.02514 Mbps
89678 ms [UE 30040] UL Throughput = 0.06949 Mbps
89678 ms [UE 42234] UL Throughput = 0.0 Mbps
89788 ms [UE 42234] UL Throughput = 0.03994 Mbps
89899 ms [UE 30040] UL Throughput = 0.02338 Mbps
89899 ms [UE 42234] UL Throughput = 0.0659 Mbps
