[UTIL]: Setting the config -c file to /usr/local/etc/flexric/flexric.conf
[UTIL]: Setting path -p for the shared libraries to /usr/local/lib/flexric/
[xAapp]: Initializing ... 
[xApp]: nearRT-RIC IP Address = 192.168.70.150, PORT = 36422
[E2 AGENT]: Opening plugin from path = /usr/local/lib/flexric/libkpm_sm.so 
[E2 AGENT]: Opening plugin from path = /usr/local/lib/flexric/libmac_sm.so 
[E2 AGENT]: Opening plugin from path = /usr/local/lib/flexric/libpdcp_sm.so 
[E2 AGENT]: Opening plugin from path = /usr/local/lib/flexric/libgtp_sm.so 
[E2 AGENT]: Opening plugin from path = /usr/local/lib/flexric/librc_sm.so 
[E2 AGENT]: Opening plugin from path = /usr/local/lib/flexric/libtc_sm.so 
[E2 AGENT]: Opening plugin from path = /usr/local/lib/flexric/librlc_sm.so 
[E2 AGENT]: Opening plugin from path = /usr/local/lib/flexric/libslice_sm.so 
[NEAR-RIC]: Loading SM ID = 2 with def = ORAN-E2SM-KPM 
[NEAR-RIC]: Loading SM ID = 142 with def = MAC_STATS_V0 
[NEAR-RIC]: Loading SM ID = 144 with def = PDCP_STATS_V0 
[NEAR-RIC]: Loading SM ID = 148 with def = GTP_STATS_V0 
[NEAR-RIC]: Loading SM ID = 3 with def = ORAN-E2SM-RC 
[NEAR-RIC]: Loading SM ID = 146 with def = TC_STATS_V0 
[NEAR-RIC]: Loading SM ID = 143 with def = RLC_STATS_V0 
[NEAR-RIC]: Loading SM ID = 145 with def = SLICE_STATS_V0 
[xApp]: DB filename = /tmp/flexric/xapp_db 
 [xApp]: E42 SETUP-REQUEST tx
[xApp]: E42 SETUP-RESPONSE rx 
[xApp]: xApp ID = 25
[xApp]: Registered E2 Nodes = 4 
Connected E2 nodes = 4
[xAPP] Registered node 0 ran func id = 2
[xAPP] Registered node 0 ran func id = 3
[xAPP] Registered node 0 ran func id = 142
[xAPP] Registered node 0 ran func id = 143
[xAPP] Registered node 0 ran func id = 144
[xAPP] Registered node 0 ran func id = 145
[xAPP] Registered node 0 ran func id = 146
[xAPP] Registered node 0 ran func id = 148
[xApp]: E42 RIC SUBSCRIPTION REQUEST tx RAN_FUNC_ID 144 RIC_REQ_ID 1 
[xApp]: SUBSCRIPTION RESPONSE rx
[xApp]: Successfully subscribed to RAN_FUNC_ID 144 
[xAPP] Registered node 1 ran func id = 2
[xAPP] Registered node 1 ran func id = 3
[xAPP] Registered node 1 ran func id = 142
[xAPP] Registered node 1 ran func id = 143
[xAPP] Registered node 1 ran func id = 144
[xAPP] Registered node 1 ran func id = 145
[xAPP] Registered node 1 ran func id = 146
[xAPP] Registered node 1 ran func id = 148
[xAPP] Registered node 2 ran func id = 2
[xAPP] Registered node 2 ran func id = 3
[xAPP] Registered node 2 ran func id = 142
[xAPP] Registered node 2 ran func id = 143
[xAPP] Registered node 2 ran func id = 144
[xAPP] Registered node 2 ran func id = 145
[xAPP] Registered node 2 ran func id = 146
[xAPP] Registered node 2 ran func id = 148
[xApp]: E42 RIC SUBSCRIPTION REQUEST tx RAN_FUNC_ID 142 RIC_REQ_ID 2 
7 ms | now=1755815452085481 us | PDCP ind_msg latency=71856988 us
[xApp]: SUBSCRIPTION RESPONSE rx
[xApp]: Successfully subscribed to RAN_FUNC_ID 142 
[xAPP] Registered node 3 ran func id = 2
[xAPP] Registered node 3 ran func id = 3
[xAPP] Registered node 3 ran func id = 142
[xAPP] Registered node 3 ran func id = 143
[xAPP] Registered node 3 ran func id = 144
[xAPP] Registered node 3 ran func id = 145
[xAPP] Registered node 3 ran func id = 146
[xAPP] Registered node 3 ran func id = 148
[xApp]: E42 RIC SUBSCRIPTION REQUEST tx RAN_FUNC_ID 142 RIC_REQ_ID 3 
[xApp]: SUBSCRIPTION RESPONSE rx
[xApp]: Successfully subscribed to RAN_FUNC_ID 142 
560 ms [UE 30040] UL Throughput = 0.0 Mbps
564 ms [UE 30040] UL Throughput = 0.08989 Mbps
564 ms [UE 42234] UL Throughput = 0.0 Mbps
703 ms [UE 30040] UL Throughput = 0.05154 Mbps
820 ms [UE 30040] UL Throughput = 0.07911 Mbps
820 ms [UE 42234] UL Throughput = 0.0 Mbps
903 ms [UE 30040] UL Throughput = 0.09576 Mbps
903 ms [UE 42234] UL Throughput = 0.09146 Mbps
1027 ms [UE 30040] UL Throughput = 0.01602 Mbps
1027 ms [UE 42234] UL Throughput = 0.0 Mbps
1127 ms [UE 30040] UL Throughput = 0.08368 Mbps
1127 ms [UE 42234] UL Throughput = 0.0 Mbps
1212 ms [UE 30040] UL Throughput = 0.0 Mbps
1212 ms [UE 42234] UL Throughput = 0.07841 Mbps
1215 ms [UE 30040] UL Throughput = 0.0 Mbps
1215 ms [UE 42234] UL Throughput = 0.09938 Mbps
1319 ms [UE 42234] UL Throughput = 0.0 Mbps
1415 ms [UE 42234] UL Throughput = 0.0978 Mbps
1549 ms [UE 42234] UL Throughput = 0.01167 Mbps
1650 ms [UE 30040] UL Throughput = 0.03307 Mbps
1650 ms [UE 42234] UL Throughput = 0.0 Mbps
1763 ms [UE 42234] UL Throughput = 0.0 Mbps
1845 ms [UE 30040] UL Throughput = 0.0 Mbps
1845 ms [UE 42234] UL Throughput = 0.0 Mbps
1939 ms [UE 30040] UL Throughput = 0.01148 Mbps
1939 ms [UE 42234] UL Throughput = 0.0 Mbps
2022 ms [UE 30040] UL Throughput = 0.08684 Mbps
2022 ms [UE 42234] UL Throughput = 0.0 Mbps
2104 ms [UE 30040] UL Throughput = 0.0 Mbps
2202 ms [UE 30040] UL Throughput = 0.07842 Mbps
2202 ms [UE 42234] UL Throughput = 0.0 Mbps
2298 ms [UE 42234] UL Throughput = 0.0 Mbps
2391 ms [UE 30040] UL Throughput = 0.0852 Mbps
2391 ms [UE 42234] UL Throughput = 0.0 Mbps
2394 ms [UE 30040] UL Throughput = 0.06083 Mbps
2394 ms [UE 42234] UL Throughput = 0.0 Mbps
2507 ms [UE 30040] UL Throughput = 0.0 Mbps
2507 ms [UE 42234] UL Throughput = 0.07633 Mbps
2512 ms [UE 30040] UL Throughput = 0.0 Mbps
2512 ms [UE 42234] UL Throughput = 0.0 Mbps
2608 ms [UE 30040] UL Throughput = 0.0 Mbps
2608 ms [UE 42234] UL Throughput = 0.0 Mbps
2722 ms [UE 42234] UL Throughput = 0.07254 Mbps
2810 ms [UE 30040] UL Throughput = 0.07289 Mbps
2810 ms [UE 42234] UL Throughput = 0.0 Mbps
2920 ms [UE 30040] UL Throughput = 0.0 Mbps
2920 ms [UE 42234] UL Throughput = 0.07033 Mbps
3037 ms [UE 30040] UL Throughput = 0.0 Mbps
3037 ms [UE 42234] UL Throughput = 0.0737 Mbps
3147 ms [UE 30040] UL Throughput = 0.0 Mbps
3147 ms [UE 42234] UL Throughput = 0.03026 Mbps
3149 ms [UE 30040] UL Throughput = 0.0 Mbps
3149 ms [UE 42234] UL Throughput = 0.0 Mbps
3249 ms [UE 30040] UL Throughput = 0.07878 Mbps
3249 ms [UE 42234] UL Throughput = 0.0 Mbps
3361 ms [UE 30040] UL Throughput = 0.0 Mbps
3361 ms [UE 42234] UL Throughput = 0.0 Mbps
3462 ms [UE 30040] UL Throughput = 0.0 Mbps
3462 ms [UE 42234] UL Throughput = 0.02854 Mbps
3568 ms [UE 30040] UL Throughput = 0.0 Mbps
3568 ms [UE 42234] UL Throughput = 0.0 Mbps
3649 ms [UE 30040] UL Throughput = 0.0 Mbps
3649 ms [UE 42234] UL Throughput = 0.0 Mbps
3743 ms [UE 30040] UL Throughput = 0.0 Mbps
3743 ms [UE 42234] UL Throughput = 0.05165 Mbps
3824 ms [UE 30040] UL Throughput = 0.0 Mbps
3824 ms [UE 42234] UL Throughput = 0.06134 Mbps
3914 ms [UE 42234] UL Throughput = 0.0 Mbps
3915 ms [UE 30040] UL Throughput = 0.06556 Mbps
3915 ms [UE 42234] UL Throughput = 0.0 Mbps
3986 ms [UE 30040] UL Throughput = 0.0 Mbps
3986 ms [UE 42234] UL Throughput = 0.0 Mbps
4083 ms [UE 42234] UL Throughput = 0.0 Mbps
4086 ms [UE 30040] UL Throughput = 0.0 Mbps
4086 ms [UE 42234] UL Throughput = 0.05345 Mbps
4090 ms [UE 30040] UL Throughput = 0.0 Mbps
4090 ms [UE 42234] UL Throughput = 0.0 Mbps
4094 ms [UE 30040] UL Throughput = 0.0 Mbps
4094 ms [UE 42234] UL Throughput = 0.0 Mbps
4098 ms [UE 30040] UL Throughput = 0.08858 Mbps
4098 ms [UE 42234] UL Throughput = 0.09215 Mbps
4199 ms [UE 30040] UL Throughput = 0.08974 Mbps
4282 ms [UE 30040] UL Throughput = 0.03638 Mbps
4282 ms [UE 42234] UL Throughput = 0.11029 Mbps
4394 ms [UE 30040] UL Throughput = 0.0 Mbps
4394 ms [UE 42234] UL Throughput = 0.08754 Mbps
4398 ms [UE 30040] UL Throughput = 0.0 Mbps
4398 ms [UE 42234] UL Throughput = 0.0 Mbps
4492 ms [UE 30040] UL Throughput = 0.0 Mbps
4492 ms [UE 42234] UL Throughput = 0.05537 Mbps
4588 ms [UE 30040] UL Throughput = 0.06628 Mbps
4588 ms [UE 42234] UL Throughput = 0.02758 Mbps
4589 ms [UE 30040] UL Throughput = 0.06925 Mbps
4589 ms [UE 42234] UL Throughput = 0.09634 Mbps
4697 ms [UE 42234] UL Throughput = 0.0 Mbps
4806 ms [UE 30040] UL Throughput = 0.148 Mbps
4806 ms [UE 42234] UL Throughput = 0.03052 Mbps
4904 ms [UE 30040] UL Throughput = 0.07656 Mbps
4904 ms [UE 42234] UL Throughput = 0.05083 Mbps
4995 ms [UE 30040] UL Throughput = 0.06212 Mbps
4995 ms [UE 42234] UL Throughput = 0.0 Mbps
5085 ms [UE 30040] UL Throughput = 0.0 Mbps
5085 ms [UE 42234] UL Throughput = 0.15534 Mbps
5161 ms [UE 42234] UL Throughput = 0.04275 Mbps
5237 ms [UE 30040] UL Throughput = 0.0 Mbps
5237 ms [UE 42234] UL Throughput = 0.01318 Mbps
5319 ms [UE 30040] UL Throughput = 0.09603 Mbps
5319 ms [UE 42234] UL Throughput = 0.03053 Mbps
5402 ms [UE 30040] UL Throughput = 0.0 Mbps
5402 ms [UE 42234] UL Throughput = 0.01192 Mbps
5407 ms [UE 30040] UL Throughput = 0.0771 Mbps
5513 ms [UE 30040] UL Throughput = 0.0 Mbps
5513 ms [UE 42234] UL Throughput = 0.08603 Mbps
5519 ms [UE 30040] UL Throughput = 0.08674 Mbps
5519 ms [UE 42234] UL Throughput = 0.0 Mbps
5624 ms [UE 30040] UL Throughput = 0.0 Mbps
5624 ms [UE 42234] UL Throughput = 0.07626 Mbps
5708 ms [UE 30040] UL Throughput = 0.08816 Mbps
5712 ms [UE 30040] UL Throughput = 0.05033 Mbps
5712 ms [UE 42234] UL Throughput = 0.05889 Mbps
5810 ms [UE 30040] UL Throughput = 0.0 Mbps
5904 ms [UE 30040] UL Throughput = 0.0 Mbps
5904 ms [UE 42234] UL Throughput = 0.0 Mbps
5987 ms [UE 30040] UL Throughput = 0.0 Mbps
5987 ms [UE 42234] UL Throughput = 0.0 Mbps
6098 ms [UE 30040] UL Throughput = 0.0 Mbps
6098 ms [UE 42234] UL Throughput = 0.0 Mbps
6188 ms [UE 30040] UL Throughput = 0.09891 Mbps
6188 ms [UE 42234] UL Throughput = 0.09234 Mbps
6281 ms [UE 30040] UL Throughput = 0.0 Mbps
6281 ms [UE 42234] UL Throughput = 0.0 Mbps
6369 ms [UE 30040] UL Throughput = 0.09325 Mbps
6369 ms [UE 42234] UL Throughput = 0.0 Mbps
6372 ms [UE 30040] UL Throughput = 0.0 Mbps
6372 ms [UE 42234] UL Throughput = 0.06817 Mbps
6475 ms [UE 30040] UL Throughput = 0.0 Mbps
6552 ms [UE 30040] UL Throughput = 0.0 Mbps
6552 ms [UE 42234] UL Throughput = 0.09501 Mbps
6649 ms [UE 30040] UL Throughput = 0.0 Mbps
6649 ms [UE 42234] UL Throughput = 0.08242 Mbps
6747 ms [UE 30040] UL Throughput = 0.09891 Mbps
6827 ms [UE 30040] UL Throughput = 0.01768 Mbps
6827 ms [UE 42234] UL Throughput = 0.0 Mbps
6831 ms [UE 30040] UL Throughput = 0.0 Mbps
6831 ms [UE 42234] UL Throughput = 0.0 Mbps
6930 ms [UE 30040] UL Throughput = 0.0 Mbps
7009 ms [UE 30040] UL Throughput = 0.05523 Mbps
7009 ms [UE 42234] UL Throughput = 0.07438 Mbps
7133 ms [UE 30040] UL Throughput = 0.02631 Mbps
7137 ms [UE 30040] UL Throughput = 0.07671 Mbps
7137 ms [UE 42234] UL Throughput = 0.03201 Mbps
7187 ms [UE 42234] UL Throughput = 0.06976 Mbps
7279 ms [UE 30040] UL Throughput = 0.01679 Mbps
7279 ms [UE 42234] UL Throughput = 0.06107 Mbps
7281 ms [UE 30040] UL Throughput = 0.0 Mbps
7364 ms [UE 30040] UL Throughput = 0.06736 Mbps
7364 ms [UE 42234] UL Throughput = 0.07592 Mbps
7471 ms [UE 30040] UL Throughput = 0.0 Mbps
7471 ms [UE 42234] UL Throughput = 0.03823 Mbps
7587 ms [UE 30040] UL Throughput = 0.0 Mbps
7717 ms [UE 30040] UL Throughput = 0.01895 Mbps
7717 ms [UE 42234] UL Throughput = 0.0 Mbps
7831 ms [UE 30040] UL Throughput = 0.0 Mbps
7929 ms [UE 30040] UL Throughput = 0.0 Mbps
7929 ms [UE 42234] UL Throughput = 0.04809 Mbps
7932 ms [UE 30040] UL Throughput = 0.0 Mbps
7932 ms [UE 42234] UL Throughput = 0.0 Mbps
8052 ms [UE 30040] UL Throughput = 0.09252 Mbps
8137 ms [UE 30040] UL Throughput = 0.0 Mbps
8137 ms [UE 42234] UL Throughput = 0.04074 Mbps
8139 ms [UE 30040] UL Throughput = 0.10157 Mbps
8239 ms [UE 30040] UL Throughput = 0.0 Mbps
8239 ms [UE 42234] UL Throughput = 0.05343 Mbps
8338 ms [UE 30040] UL Throughput = 0.0731 Mbps
8338 ms [UE 42234] UL Throughput = 0.0 Mbps
8439 ms [UE 30040] UL Throughput = 0.09666 Mbps
8439 ms [UE 42234] UL Throughput = 0.0 Mbps
8442 ms [UE 30040] UL Throughput = 0.01591 Mbps
8442 ms [UE 42234] UL Throughput = 0.04481 Mbps
8541 ms [UE 30040] UL Throughput = 0.0 Mbps
8541 ms [UE 42234] UL Throughput = 0.0 Mbps
8644 ms [UE 30040] UL Throughput = 0.02685 Mbps
8644 ms [UE 42234] UL Throughput = 0.05593 Mbps
8781 ms [UE 30040] UL Throughput = 0.09191 Mbps
8781 ms [UE 42234] UL Throughput = 0.0872 Mbps
8787 ms [UE 30040] UL Throughput = 0.02446 Mbps
8787 ms [UE 42234] UL Throughput = 0.07741 Mbps
8895 ms [UE 30040] UL Throughput = 0.0 Mbps
8895 ms [UE 42234] UL Throughput = 0.0 Mbps
9007 ms [UE 30040] UL Throughput = 0.08454 Mbps
9007 ms [UE 42234] UL Throughput = 0.0 Mbps
9104 ms [UE 30040] UL Throughput = 0.0 Mbps
9104 ms [UE 42234] UL Throughput = 0.08875 Mbps
9217 ms [UE 30040] UL Throughput = 0.06308 Mbps
9217 ms [UE 42234] UL Throughput = 0.0724 Mbps
9322 ms [UE 42234] UL Throughput = 0.08248 Mbps
9399 ms [UE 42234] UL Throughput = 0.06645 Mbps
9401 ms [UE 30040] UL Throughput = 0.04984 Mbps
9401 ms [UE 42234] UL Throughput = 0.0 Mbps
9503 ms [UE 30040] UL Throughput = 0.0256 Mbps
9503 ms [UE 42234] UL Throughput = 0.04968 Mbps
9506 ms [UE 30040] UL Throughput = 0.0 Mbps
9594 ms [UE 30040] UL Throughput = 0.09913 Mbps
9594 ms [UE 42234] UL Throughput = 0.02216 Mbps
9686 ms [UE 30040] UL Throughput = 0.0 Mbps
9686 ms [UE 42234] UL Throughput = 0.06535 Mbps
9794 ms [UE 30040] UL Throughput = 0.02898 Mbps
9794 ms [UE 42234] UL Throughput = 0.0 Mbps
9798 ms [UE 42234] UL Throughput = 0.06505 Mbps
9800 ms [UE 30040] UL Throughput = 0.0 Mbps
9800 ms [UE 42234] UL Throughput = 0.0361 Mbps
9887 ms [UE 30040] UL Throughput = 0.05473 Mbps
9887 ms [UE 42234] UL Throughput = 0.0 Mbps
9971 ms [UE 30040] UL Throughput = 0.08726 Mbps
9971 ms [UE 42234] UL Throughput = 0.0 Mbps
9973 ms [UE 30040] UL Throughput = 0.01285 Mbps
9973 ms [UE 42234] UL Throughput = 0.0 Mbps
10094 ms [UE 30040] UL Throughput = 0.0 Mbps
10094 ms [UE 42234] UL Throughput = 0.09134 Mbps
10095 ms [UE 30040] UL Throughput = 0.0 Mbps
10095 ms [UE 42234] UL Throughput = 0.0 Mbps
10186 ms [UE 30040] UL Throughput = 0.0 Mbps
10186 ms [UE 42234] UL Throughput = 0.0 Mbps
10288 ms [UE 30040] UL Throughput = 0.0 Mbps
10288 ms [UE 42234] UL Throughput = 0.0151 Mbps
10415 ms [UE 30040] UL Throughput = 0.05968 Mbps
10415 ms [UE 42234] UL Throughput = 0.0 Mbps
10485 ms [UE 42234] UL Throughput = 0.0 Mbps
10490 ms [UE 30040] UL Throughput = 0.0173 Mbps
10596 ms [UE 30040] UL Throughput = 0.02526 Mbps
10596 ms [UE 42234] UL Throughput = 0.0 Mbps
10701 ms [UE 30040] UL Throughput = 0.0 Mbps
10701 ms [UE 42234] UL Throughput = 0.03944 Mbps
10802 ms [UE 42234] UL Throughput = 0.0 Mbps
10911 ms [UE 30040] UL Throughput = 0.0 Mbps
10911 ms [UE 42234] UL Throughput = 0.0 Mbps
10913 ms [UE 30040] UL Throughput = 0.0 Mbps
10913 ms [UE 42234] UL Throughput = 0.08185 Mbps
11011 ms [UE 30040] UL Throughput = 0.0 Mbps
11011 ms [UE 42234] UL Throughput = 0.0 Mbps
11107 ms [UE 30040] UL Throughput = 0.0 Mbps
11107 ms [UE 42234] UL Throughput = 0.07174 Mbps
11198 ms [UE 30040] UL Throughput = 0.0 Mbps
11201 ms [UE 30040] UL Throughput = 0.08402 Mbps
11201 ms [UE 42234] UL Throughput = 0.0 Mbps
11207 ms [UE 30040] UL Throughput = 0.07407 Mbps
11207 ms [UE 42234] UL Throughput = 0.06233 Mbps
11213 ms [UE 30040] UL Throughput = 0.15587 Mbps
11213 ms [UE 42234] UL Throughput = 0.07489 Mbps
11286 ms [UE 30040] UL Throughput = 0.0 Mbps
11286 ms [UE 42234] UL Throughput = 0.0 Mbps
11379 ms [UE 30040] UL Throughput = 0.0 Mbps
11379 ms [UE 42234] UL Throughput = 0.02197 Mbps
11506 ms [UE 30040] UL Throughput = 0.0 Mbps
11506 ms [UE 42234] UL Throughput = 0.0 Mbps
11508 ms [UE 30040] UL Throughput = 0.09726 Mbps
11508 ms [UE 42234] UL Throughput = 0.07259 Mbps
11614 ms [UE 30040] UL Throughput = 0.0 Mbps
11614 ms [UE 42234] UL Throughput = 0.01805 Mbps
11708 ms [UE 30040] UL Throughput = 0.0 Mbps
11708 ms [UE 42234] UL Throughput = 0.08283 Mbps
11834 ms [UE 30040] UL Throughput = 0.0 Mbps
11834 ms [UE 42234] UL Throughput = 0.06988 Mbps
11951 ms [UE 30040] UL Throughput = 0.0 Mbps
11951 ms [UE 42234] UL Throughput = 0.0 Mbps
12087 ms [UE 30040] UL Throughput = 0.0 Mbps
12087 ms [UE 42234] UL Throughput = 0.08675 Mbps
12214 ms [UE 30040] UL Throughput = 0.04732 Mbps
12214 ms [UE 42234] UL Throughput = 0.03783 Mbps
12333 ms [UE 30040] UL Throughput = 0.0 Mbps
12333 ms [UE 42234] UL Throughput = 0.0 Mbps
12334 ms [UE 30040] UL Throughput = 0.0 Mbps
12334 ms [UE 42234] UL Throughput = 0.0 Mbps
12405 ms [UE 30040] UL Throughput = 0.04282 Mbps
12405 ms [UE 42234] UL Throughput = 0.0 Mbps
12410 ms [UE 30040] UL Throughput = 0.09518 Mbps
12410 ms [UE 42234] UL Throughput = 0.06182 Mbps
12496 ms [UE 30040] UL Throughput = 0.0 Mbps
12496 ms [UE 42234] UL Throughput = 0.09314 Mbps
12590 ms [UE 30040] UL Throughput = 0.0 Mbps
12722 ms [UE 42234] UL Throughput = 0.0439 Mbps
12723 ms [UE 30040] UL Throughput = 0.07747 Mbps
12723 ms [UE 42234] UL Throughput = 0.1112 Mbps
12833 ms [UE 30040] UL Throughput = 0.04783 Mbps
12833 ms [UE 42234] UL Throughput = 0.0 Mbps
12930 ms [UE 30040] UL Throughput = 0.03193 Mbps
12930 ms [UE 42234] UL Throughput = 0.0 Mbps
13060 ms [UE 30040] UL Throughput = 0.0 Mbps
13154 ms [UE 30040] UL Throughput = 0.0 Mbps
13154 ms [UE 42234] UL Throughput = 0.0 Mbps
13244 ms [UE 30040] UL Throughput = 0.0 Mbps
13244 ms [UE 42234] UL Throughput = 0.05623 Mbps
13366 ms [UE 30040] UL Throughput = 0.02344 Mbps
13366 ms [UE 42234] UL Throughput = 0.0 Mbps
13472 ms [UE 30040] UL Throughput = 0.0 Mbps
13472 ms [UE 42234] UL Throughput = 0.0 Mbps
13563 ms [UE 30040] UL Throughput = 0.0 Mbps
13563 ms [UE 42234] UL Throughput = 0.0 Mbps
13653 ms [UE 30040] UL Throughput = 0.0 Mbps
13653 ms [UE 42234] UL Throughput = 0.0 Mbps
13658 ms [UE 30040] UL Throughput = 0.02759 Mbps
13658 ms [UE 42234] UL Throughput = 0.0 Mbps
13745 ms [UE 42234] UL Throughput = 0.09885 Mbps
13840 ms [UE 30040] UL Throughput = 0.0 Mbps
13840 ms [UE 42234] UL Throughput = 0.07071 Mbps
13842 ms [UE 30040] UL Throughput = 0.0 Mbps
13842 ms [UE 42234] UL Throughput = 0.04243 Mbps
13940 ms [UE 30040] UL Throughput = 0.09135 Mbps
13940 ms [UE 42234] UL Throughput = 0.07783 Mbps
14032 ms [UE 30040] UL Throughput = 0.0 Mbps
14032 ms [UE 42234] UL Throughput = 0.0 Mbps
14132 ms [UE 30040] UL Throughput = 0.09145 Mbps
14132 ms [UE 42234] UL Throughput = 0.05092 Mbps
14237 ms [UE 30040] UL Throughput = 0.03467 Mbps
14237 ms [UE 42234] UL Throughput = 0.04626 Mbps
14320 ms [UE 30040] UL Throughput = 0.0 Mbps
14320 ms [UE 42234] UL Throughput = 0.02821 Mbps
14425 ms [UE 30040] UL Throughput = 0.08841 Mbps
14425 ms [UE 42234] UL Throughput = 0.0 Mbps
14555 ms [UE 30040] UL Throughput = 0.01786 Mbps
14555 ms [UE 42234] UL Throughput = 0.0 Mbps
14661 ms [UE 30040] UL Throughput = 0.0 Mbps
14756 ms [UE 30040] UL Throughput = 0.06031 Mbps
14756 ms [UE 42234] UL Throughput = 0.06501 Mbps
14762 ms [UE 42234] UL Throughput = 0.04058 Mbps
14873 ms [UE 30040] UL Throughput = 0.0 Mbps
14965 ms [UE 30040] UL Throughput = 0.0 Mbps
14965 ms [UE 42234] UL Throughput = 0.06758 Mbps
14969 ms [UE 30040] UL Throughput = 0.07337 Mbps
14969 ms [UE 42234] UL Throughput = 0.0 Mbps
15063 ms [UE 30040] UL Throughput = 0.0 Mbps
15063 ms [UE 42234] UL Throughput = 0.06015 Mbps
15168 ms [UE 30040] UL Throughput = 0.0313 Mbps
15168 ms [UE 42234] UL Throughput = 0.0 Mbps
15262 ms [UE 30040] UL Throughput = 0.0 Mbps
15262 ms [UE 42234] UL Throughput = 0.06354 Mbps
15356 ms [UE 30040] UL Throughput = 0.07369 Mbps
15356 ms [UE 42234] UL Throughput = 0.0 Mbps
15451 ms [UE 30040] UL Throughput = 0.0 Mbps
15451 ms [UE 42234] UL Throughput = 0.06387 Mbps
15527 ms [UE 30040] UL Throughput = 0.09181 Mbps
15527 ms [UE 42234] UL Throughput = 0.0 Mbps
15620 ms [UE 42234] UL Throughput = 0.04634 Mbps
15624 ms [UE 30040] UL Throughput = 0.07603 Mbps
15624 ms [UE 42234] UL Throughput = 0.06739 Mbps
15726 ms [UE 30040] UL Throughput = 0.02542 Mbps
15726 ms [UE 42234] UL Throughput = 0.0 Mbps
15856 ms [UE 30040] UL Throughput = 0.0 Mbps
15856 ms [UE 42234] UL Throughput = 0.0 Mbps
15953 ms [UE 30040] UL Throughput = 0.07109 Mbps
15953 ms [UE 42234] UL Throughput = 0.07987 Mbps
15957 ms [UE 30040] UL Throughput = 0.0 Mbps
15957 ms [UE 42234] UL Throughput = 0.04156 Mbps
16058 ms [UE 30040] UL Throughput = 0.06919 Mbps
16058 ms [UE 42234] UL Throughput = 0.0 Mbps
16151 ms [UE 30040] UL Throughput = 0.07632 Mbps
16151 ms [UE 42234] UL Throughput = 0.0 Mbps
16260 ms [UE 30040] UL Throughput = 0.0699 Mbps
16260 ms [UE 42234] UL Throughput = 0.05 Mbps
16262 ms [UE 30040] UL Throughput = 0.0 Mbps
16262 ms [UE 42234] UL Throughput = 0.0 Mbps
16394 ms [UE 30040] UL Throughput = 0.0 Mbps
16394 ms [UE 42234] UL Throughput = 0.06251 Mbps
16500 ms [UE 30040] UL Throughput = 0.0666 Mbps
16500 ms [UE 42234] UL Throughput = 0.0 Mbps
16503 ms [UE 30040] UL Throughput = 0.0 Mbps
16503 ms [UE 42234] UL Throughput = 0.0 Mbps
16612 ms [UE 42234] UL Throughput = 0.09569 Mbps
16710 ms [UE 30040] UL Throughput = 0.0615 Mbps
16710 ms [UE 42234] UL Throughput = 0.04985 Mbps
16795 ms [UE 42234] UL Throughput = 0.0 Mbps
16895 ms [UE 30040] UL Throughput = 0.06231 Mbps
16998 ms [UE 30040] UL Throughput = 0.05641 Mbps
16998 ms [UE 42234] UL Throughput = 0.12911 Mbps
17088 ms [UE 30040] UL Throughput = 0.0 Mbps
17088 ms [UE 42234] UL Throughput = 0.0 Mbps
17187 ms [UE 30040] UL Throughput = 0.0311 Mbps
17265 ms [UE 30040] UL Throughput = 0.0 Mbps
17265 ms [UE 42234] UL Throughput = 0.07571 Mbps
17267 ms [UE 30040] UL Throughput = 0.05497 Mbps
17267 ms [UE 42234] UL Throughput = 0.0 Mbps
17375 ms [UE 30040] UL Throughput = 0.03844 Mbps
17375 ms [UE 42234] UL Throughput = 0.13813 Mbps
17473 ms [UE 30040] UL Throughput = 0.0 Mbps
17473 ms [UE 42234] UL Throughput = 0.09502 Mbps
17547 ms [UE 30040] UL Throughput = 0.0 Mbps
17547 ms [UE 42234] UL Throughput = 0.01761 Mbps
17638 ms [UE 30040] UL Throughput = 0.0 Mbps
17638 ms [UE 42234] UL Throughput = 0.0 Mbps
17639 ms [UE 30040] UL Throughput = 0.0 Mbps
17639 ms [UE 42234] UL Throughput = 0.08269 Mbps
17727 ms [UE 30040] UL Throughput = 0.04022 Mbps
17820 ms [UE 30040] UL Throughput = 0.0 Mbps
17820 ms [UE 42234] UL Throughput = 0.03117 Mbps
17939 ms [UE 30040] UL Throughput = 0.05581 Mbps
17939 ms [UE 42234] UL Throughput = 0.11209 Mbps
18035 ms [UE 30040] UL Throughput = 0.08694 Mbps
18035 ms [UE 42234] UL Throughput = 0.08943 Mbps
18037 ms [UE 30040] UL Throughput = 0.08515 Mbps
18037 ms [UE 42234] UL Throughput = 0.06658 Mbps
18118 ms [UE 30040] UL Throughput = 0.02842 Mbps
18118 ms [UE 42234] UL Throughput = 0.0 Mbps
18205 ms [UE 30040] UL Throughput = 0.0 Mbps
18205 ms [UE 42234] UL Throughput = 0.0 Mbps
18312 ms [UE 30040] UL Throughput = 0.05184 Mbps
18312 ms [UE 42234] UL Throughput = 0.07278 Mbps
18399 ms [UE 30040] UL Throughput = 0.01816 Mbps
18399 ms [UE 42234] UL Throughput = 0.01572 Mbps
18515 ms [UE 30040] UL Throughput = 0.06235 Mbps
18515 ms [UE 42234] UL Throughput = 0.0 Mbps
18519 ms [UE 30040] UL Throughput = 0.0 Mbps
18519 ms [UE 42234] UL Throughput = 0.07503 Mbps
18630 ms [UE 30040] UL Throughput = 0.0 Mbps
18630 ms [UE 42234] UL Throughput = 0.0 Mbps
18720 ms [UE 30040] UL Throughput = 0.06888 Mbps
18720 ms [UE 42234] UL Throughput = 0.01875 Mbps
18823 ms [UE 30040] UL Throughput = 0.02186 Mbps
18920 ms [UE 30040] UL Throughput = 0.0 Mbps
18920 ms [UE 42234] UL Throughput = 0.05145 Mbps
19024 ms [UE 30040] UL Throughput = 0.06703 Mbps
19139 ms [UE 30040] UL Throughput = 0.09636 Mbps
19139 ms [UE 42234] UL Throughput = 0.06509 Mbps
19236 ms [UE 30040] UL Throughput = 0.0 Mbps
19341 ms [UE 30040] UL Throughput = 0.03284 Mbps
19341 ms [UE 42234] UL Throughput = 0.0 Mbps
19450 ms [UE 30040] UL Throughput = 0.11722 Mbps
19450 ms [UE 42234] UL Throughput = 0.0 Mbps
19566 ms [UE 30040] UL Throughput = 0.09091 Mbps
19566 ms [UE 42234] UL Throughput = 0.07454 Mbps
19676 ms [UE 30040] UL Throughput = 0.0 Mbps
19676 ms [UE 42234] UL Throughput = 0.0 Mbps
19682 ms [UE 30040] UL Throughput = 0.0 Mbps
19682 ms [UE 42234] UL Throughput = 0.01473 Mbps
19772 ms [UE 42234] UL Throughput = 0.0 Mbps
19845 ms [UE 30040] UL Throughput = 0.0 Mbps
19845 ms [UE 42234] UL Throughput = 0.05632 Mbps
19923 ms [UE 30040] UL Throughput = 0.0518 Mbps
19923 ms [UE 42234] UL Throughput = 0.0 Mbps
19927 ms [UE 30040] UL Throughput = 0.0 Mbps
19927 ms [UE 42234] UL Throughput = 0.0 Mbps
20050 ms [UE 30040] UL Throughput = 0.0 Mbps
20050 ms [UE 42234] UL Throughput = 0.0 Mbps
20172 ms [UE 42234] UL Throughput = 0.0 Mbps
20278 ms [UE 42234] UL Throughput = 0.07667 Mbps
20356 ms [UE 30040] UL Throughput = 0.07492 Mbps
20356 ms [UE 42234] UL Throughput = 0.06174 Mbps
20443 ms [UE 30040] UL Throughput = 0.0 Mbps
20515 ms [UE 30040] UL Throughput = 0.0 Mbps
20515 ms [UE 42234] UL Throughput = 0.0 Mbps
20603 ms [UE 30040] UL Throughput = 0.0874 Mbps
20679 ms [UE 30040] UL Throughput = 0.0 Mbps
20760 ms [UE 30040] UL Throughput = 0.0 Mbps
20760 ms [UE 42234] UL Throughput = 0.0885 Mbps
20765 ms [UE 30040] UL Throughput = 0.01411 Mbps
20765 ms [UE 42234] UL Throughput = 0.0 Mbps
20869 ms [UE 30040] UL Throughput = 0.0 Mbps
20869 ms [UE 42234] UL Throughput = 0.0 Mbps
20873 ms [UE 30040] UL Throughput = 0.0 Mbps
20873 ms [UE 42234] UL Throughput = 0.08449 Mbps
20876 ms [UE 30040] UL Throughput = 0.0 Mbps
20876 ms [UE 42234] UL Throughput = 0.0 Mbps
20987 ms [UE 30040] UL Throughput = 0.02654 Mbps
20987 ms [UE 42234] UL Throughput = 0.0 Mbps
21070 ms [UE 30040] UL Throughput = 0.05828 Mbps
21070 ms [UE 42234] UL Throughput = 0.0 Mbps
21161 ms [UE 30040] UL Throughput = 0.0 Mbps
21161 ms [UE 42234] UL Throughput = 0.0 Mbps
21290 ms [UE 42234] UL Throughput = 0.0 Mbps
21392 ms [UE 30040] UL Throughput = 0.0542 Mbps
21392 ms [UE 42234] UL Throughput = 0.0 Mbps
21490 ms [UE 30040] UL Throughput = 0.0 Mbps
21490 ms [UE 42234] UL Throughput = 0.02431 Mbps
21589 ms [UE 30040] UL Throughput = 0.07354 Mbps
21589 ms [UE 42234] UL Throughput = 0.01324 Mbps
21681 ms [UE 30040] UL Throughput = 0.04552 Mbps
21681 ms [UE 42234] UL Throughput = 0.04329 Mbps
21798 ms [UE 30040] UL Throughput = 0.0 Mbps
21798 ms [UE 42234] UL Throughput = 0.02471 Mbps
21907 ms [UE 30040] UL Throughput = 0.0 Mbps
21907 ms [UE 42234] UL Throughput = 0.0 Mbps
22011 ms [UE 30040] UL Throughput = 0.0 Mbps
22011 ms [UE 42234] UL Throughput = 0.0 Mbps
22014 ms [UE 30040] UL Throughput = 0.15529 Mbps
22014 ms [UE 42234] UL Throughput = 0.0 Mbps
22088 ms [UE 30040] UL Throughput = 0.01335 Mbps
22088 ms [UE 42234] UL Throughput = 0.09154 Mbps
22218 ms [UE 30040] UL Throughput = 0.0 Mbps
22218 ms [UE 42234] UL Throughput = 0.05185 Mbps
22309 ms [UE 30040] UL Throughput = 0.08313 Mbps
22312 ms [UE 30040] UL Throughput = 0.0 Mbps
22312 ms [UE 42234] UL Throughput = 0.09286 Mbps
22428 ms [UE 42234] UL Throughput = 0.0 Mbps
22533 ms [UE 30040] UL Throughput = 0.0 Mbps
22533 ms [UE 42234] UL Throughput = 0.0 Mbps
22612 ms [UE 30040] UL Throughput = 0.0732 Mbps
22612 ms [UE 42234] UL Throughput = 0.0 Mbps
22718 ms [UE 30040] UL Throughput = 0.0558 Mbps
22718 ms [UE 42234] UL Throughput = 0.0 Mbps
22723 ms [UE 30040] UL Throughput = 0.0 Mbps
22723 ms [UE 42234] UL Throughput = 0.0635 Mbps
22819 ms [UE 30040] UL Throughput = 0.0 Mbps
22819 ms [UE 42234] UL Throughput = 0.0 Mbps
22942 ms [UE 30040] UL Throughput = 0.08784 Mbps
22942 ms [UE 42234] UL Throughput = 0.07688 Mbps
23051 ms [UE 30040] UL Throughput = 0.0 Mbps
23139 ms [UE 30040] UL Throughput = 0.0 Mbps
23139 ms [UE 42234] UL Throughput = 0.01907 Mbps
23220 ms [UE 30040] UL Throughput = 0.04548 Mbps
23220 ms [UE 42234] UL Throughput = 0.0 Mbps
23317 ms [UE 30040] UL Throughput = 0.03506 Mbps
23317 ms [UE 42234] UL Throughput = 0.04061 Mbps
23422 ms [UE 42234] UL Throughput = 0.09163 Mbps
23553 ms [UE 42234] UL Throughput = 0.03613 Mbps
23637 ms [UE 30040] UL Throughput = 0.09168 Mbps
23637 ms [UE 42234] UL Throughput = 0.0 Mbps
23736 ms [UE 30040] UL Throughput = 0.05561 Mbps
23736 ms [UE 42234] UL Throughput = 0.0 Mbps
23842 ms [UE 30040] UL Throughput = 0.04966 Mbps
23842 ms [UE 42234] UL Throughput = 0.0 Mbps
23947 ms [UE 30040] UL Throughput = 0.05441 Mbps
23947 ms [UE 42234] UL Throughput = 0.02848 Mbps
24050 ms [UE 30040] UL Throughput = 0.0 Mbps
24050 ms [UE 42234] UL Throughput = 0.0 Mbps
24051 ms [UE 30040] UL Throughput = 0.0 Mbps
24051 ms [UE 42234] UL Throughput = 0.05985 Mbps
24167 ms [UE 30040] UL Throughput = 0.0 Mbps
24167 ms [UE 42234] UL Throughput = 0.02145 Mbps
24173 ms [UE 30040] UL Throughput = 0.04129 Mbps
24173 ms [UE 42234] UL Throughput = 0.03463 Mbps
24290 ms [UE 42234] UL Throughput = 0.11806 Mbps
24410 ms [UE 30040] UL Throughput = 0.0 Mbps
24410 ms [UE 42234] UL Throughput = 0.07578 Mbps
24507 ms [UE 30040] UL Throughput = 0.06345 Mbps
24507 ms [UE 42234] UL Throughput = 0.07132 Mbps
24600 ms [UE 30040] UL Throughput = 0.07567 Mbps
24600 ms [UE 42234] UL Throughput = 0.0 Mbps
24602 ms [UE 42234] UL Throughput = 0.08507 Mbps
24722 ms [UE 42234] UL Throughput = 0.07581 Mbps
24834 ms [UE 30040] UL Throughput = 0.0 Mbps
24834 ms [UE 42234] UL Throughput = 0.08423 Mbps
24930 ms [UE 30040] UL Throughput = 0.0 Mbps
24930 ms [UE 42234] UL Throughput = 0.0 Mbps
25031 ms [UE 30040] UL Throughput = 0.0 Mbps
25031 ms [UE 42234] UL Throughput = 0.0 Mbps
25033 ms [UE 30040] UL Throughput = 0.01407 Mbps
25033 ms [UE 42234] UL Throughput = 0.0 Mbps
25132 ms [UE 30040] UL Throughput = 0.0 Mbps
25230 ms [UE 42234] UL Throughput = 0.03046 Mbps
25363 ms [UE 30040] UL Throughput = 0.0 Mbps
25492 ms [UE 30040] UL Throughput = 0.09393 Mbps
25582 ms [UE 30040] UL Throughput = 0.0 Mbps
25582 ms [UE 42234] UL Throughput = 0.02394 Mbps
25583 ms [UE 30040] UL Throughput = 0.096 Mbps
25583 ms [UE 42234] UL Throughput = 0.0 Mbps
25693 ms [UE 30040] UL Throughput = 0.0 Mbps
25693 ms [UE 42234] UL Throughput = 0.0 Mbps
25778 ms [UE 42234] UL Throughput = 0.0 Mbps
25861 ms [UE 30040] UL Throughput = 0.05865 Mbps
25861 ms [UE 42234] UL Throughput = 0.0 Mbps
25988 ms [UE 30040] UL Throughput = 0.05065 Mbps
25988 ms [UE 42234] UL Throughput = 0.0 Mbps
26070 ms [UE 30040] UL Throughput = 0.0 Mbps
26070 ms [UE 42234] UL Throughput = 0.0 Mbps
26164 ms [UE 30040] UL Throughput = 0.0 Mbps
26164 ms [UE 42234] UL Throughput = 0.0 Mbps
26264 ms [UE 30040] UL Throughput = 0.02591 Mbps
26264 ms [UE 42234] UL Throughput = 0.09656 Mbps
26346 ms [UE 30040] UL Throughput = 0.08851 Mbps
26451 ms [UE 30040] UL Throughput = 0.02469 Mbps
26451 ms [UE 42234] UL Throughput = 0.05904 Mbps
26540 ms [UE 30040] UL Throughput = 0.06496 Mbps
26540 ms [UE 42234] UL Throughput = 0.04187 Mbps
26632 ms [UE 30040] UL Throughput = 0.05649 Mbps
26632 ms [UE 42234] UL Throughput = 0.08226 Mbps
26741 ms [UE 30040] UL Throughput = 0.0 Mbps
26741 ms [UE 42234] UL Throughput = 0.12257 Mbps
26887 ms [UE 30040] UL Throughput = 0.04121 Mbps
26887 ms [UE 42234] UL Throughput = 0.09536 Mbps
26892 ms [UE 30040] UL Throughput = 0.0 Mbps
26892 ms [UE 42234] UL Throughput = 0.01588 Mbps
26974 ms [UE 42234] UL Throughput = 0.0 Mbps
26978 ms [UE 30040] UL Throughput = 0.04257 Mbps
26978 ms [UE 42234] UL Throughput = 0.0 Mbps
26984 ms [UE 30040] UL Throughput = 0.0 Mbps
26984 ms [UE 42234] UL Throughput = 0.02305 Mbps
27096 ms [UE 30040] UL Throughput = 0.0 Mbps
27096 ms [UE 42234] UL Throughput = 0.09063 Mbps
27194 ms [UE 42234] UL Throughput = 0.0 Mbps
27292 ms [UE 30040] UL Throughput = 0.09293 Mbps
27292 ms [UE 42234] UL Throughput = 0.09959 Mbps
27296 ms [UE 30040] UL Throughput = 0.03995 Mbps
27296 ms [UE 42234] UL Throughput = 0.12482 Mbps
27388 ms [UE 42234] UL Throughput = 0.0825 Mbps
27482 ms [UE 42234] UL Throughput = 0.06168 Mbps
27571 ms [UE 30040] UL Throughput = 0.0 Mbps
27571 ms [UE 42234] UL Throughput = 0.01639 Mbps
27672 ms [UE 30040] UL Throughput = 0.0 Mbps
27672 ms [UE 42234] UL Throughput = 0.19514 Mbps
27783 ms [UE 30040] UL Throughput = 0.0 Mbps
27783 ms [UE 42234] UL Throughput = 0.02505 Mbps
27856 ms [UE 30040] UL Throughput = 0.0 Mbps
27857 ms [UE 30040] UL Throughput = 0.0 Mbps
27857 ms [UE 42234] UL Throughput = 0.03065 Mbps
27859 ms [UE 30040] UL Throughput = 0.0 Mbps
27859 ms [UE 42234] UL Throughput = 0.09857 Mbps
27945 ms [UE 30040] UL Throughput = 0.04499 Mbps
27945 ms [UE 42234] UL Throughput = 0.0 Mbps
28039 ms [UE 30040] UL Throughput = 0.0 Mbps
28039 ms [UE 42234] UL Throughput = 0.0 Mbps
28131 ms [UE 30040] UL Throughput = 0.0 Mbps
28131 ms [UE 42234] UL Throughput = 0.08293 Mbps
28137 ms [UE 30040] UL Throughput = 0.01728 Mbps
28137 ms [UE 42234] UL Throughput = 0.0 Mbps
28222 ms [UE 30040] UL Throughput = 0.03354 Mbps
28222 ms [UE 42234] UL Throughput = 0.0 Mbps
28321 ms [UE 30040] UL Throughput = 0.09062 Mbps
28321 ms [UE 42234] UL Throughput = 0.05024 Mbps
28435 ms [UE 30040] UL Throughput = 0.0 Mbps
28435 ms [UE 42234] UL Throughput = 0.0 Mbps
28545 ms [UE 30040] UL Throughput = 0.08 Mbps
28545 ms [UE 42234] UL Throughput = 0.0 Mbps
28656 ms [UE 30040] UL Throughput = 0.06417 Mbps
28656 ms [UE 42234] UL Throughput = 0.07519 Mbps
28749 ms [UE 30040] UL Throughput = 0.0 Mbps
28749 ms [UE 42234] UL Throughput = 0.11433 Mbps
28854 ms [UE 30040] UL Throughput = 0.01741 Mbps
28854 ms [UE 42234] UL Throughput = 0.09005 Mbps
28949 ms [UE 30040] UL Throughput = 0.12672 Mbps
28949 ms [UE 42234] UL Throughput = 0.0 Mbps
29047 ms [UE 30040] UL Throughput = 0.0 Mbps
29047 ms [UE 42234] UL Throughput = 0.08327 Mbps
29158 ms [UE 42234] UL Throughput = 0.02667 Mbps
29273 ms [UE 30040] UL Throughput = 0.05231 Mbps
29273 ms [UE 42234] UL Throughput = 0.02631 Mbps
29381 ms [UE 30040] UL Throughput = 0.07791 Mbps
29381 ms [UE 42234] UL Throughput = 0.0 Mbps
29481 ms [UE 30040] UL Throughput = 0.0 Mbps
29481 ms [UE 42234] UL Throughput = 0.0 Mbps
29578 ms [UE 30040] UL Throughput = 0.0 Mbps
29578 ms [UE 42234] UL Throughput = 0.0 Mbps
29695 ms [UE 42234] UL Throughput = 0.17043 Mbps
29782 ms [UE 30040] UL Throughput = 0.08738 Mbps
29782 ms [UE 42234] UL Throughput = 0.0 Mbps
29860 ms [UE 30040] UL Throughput = 0.08895 Mbps
29860 ms [UE 42234] UL Throughput = 0.0 Mbps
29866 ms [UE 30040] UL Throughput = 0.0 Mbps
29866 ms [UE 42234] UL Throughput = 0.0 Mbps
29958 ms [UE 30040] UL Throughput = 0.0 Mbps
29958 ms [UE 42234] UL Throughput = 0.05766 Mbps
30053 ms [UE 30040] UL Throughput = 0.0 Mbps
30053 ms [UE 42234] UL Throughput = 0.0 Mbps
30158 ms [UE 42234] UL Throughput = 0.0 Mbps
30243 ms [UE 30040] UL Throughput = 0.06663 Mbps
30243 ms [UE 42234] UL Throughput = 0.0 Mbps
30356 ms [UE 42234] UL Throughput = 0.01477 Mbps
30456 ms [UE 30040] UL Throughput = 0.0 Mbps
30456 ms [UE 42234] UL Throughput = 0.01283 Mbps
30460 ms [UE 42234] UL Throughput = 0.0 Mbps
30570 ms [UE 30040] UL Throughput = 0.0 Mbps
30570 ms [UE 42234] UL Throughput = 0.0 Mbps
30679 ms [UE 30040] UL Throughput = 0.0 Mbps
30753 ms [UE 30040] UL Throughput = 0.06928 Mbps
30753 ms [UE 42234] UL Throughput = 0.0 Mbps
30756 ms [UE 30040] UL Throughput = 0.01344 Mbps
30756 ms [UE 42234] UL Throughput = 0.0 Mbps
30876 ms [UE 30040] UL Throughput = 0.0717 Mbps
30876 ms [UE 42234] UL Throughput = 0.03864 Mbps
30968 ms [UE 30040] UL Throughput = 0.08639 Mbps
30968 ms [UE 42234] UL Throughput = 0.05116 Mbps
31072 ms [UE 30040] UL Throughput = 0.0 Mbps
31072 ms [UE 42234] UL Throughput = 0.01456 Mbps
31075 ms [UE 30040] UL Throughput = 0.0 Mbps
31075 ms [UE 42234] UL Throughput = 0.03584 Mbps
31173 ms [UE 30040] UL Throughput = 0.08198 Mbps
31173 ms [UE 42234] UL Throughput = 0.0 Mbps
31268 ms [UE 30040] UL Throughput = 0.0 Mbps
31268 ms [UE 42234] UL Throughput = 0.0 Mbps
31347 ms [UE 30040] UL Throughput = 0.09654 Mbps
31347 ms [UE 42234] UL Throughput = 0.01382 Mbps
31353 ms [UE 30040] UL Throughput = 0.07692 Mbps
31353 ms [UE 42234] UL Throughput = 0.01752 Mbps
31439 ms [UE 30040] UL Throughput = 0.05407 Mbps
31439 ms [UE 42234] UL Throughput = 0.09656 Mbps
31442 ms [UE 30040] UL Throughput = 0.0 Mbps
31442 ms [UE 42234] UL Throughput = 0.08322 Mbps
31544 ms [UE 30040] UL Throughput = 0.0 Mbps
31544 ms [UE 42234] UL Throughput = 0.16396 Mbps
31647 ms [UE 30040] UL Throughput = 0.0 Mbps
31647 ms [UE 42234] UL Throughput = 0.0 Mbps
31649 ms [UE 30040] UL Throughput = 0.06109 Mbps
31649 ms [UE 42234] UL Throughput = 0.07854 Mbps
31737 ms [UE 30040] UL Throughput = 0.0 Mbps
31842 ms [UE 30040] UL Throughput = 0.0 Mbps
31842 ms [UE 42234] UL Throughput = 0.0 Mbps
31964 ms [UE 30040] UL Throughput = 0.0 Mbps
31968 ms [UE 30040] UL Throughput = 0.0 Mbps
31968 ms [UE 42234] UL Throughput = 0.0 Mbps
32091 ms [UE 30040] UL Throughput = 0.06871 Mbps
32097 ms [UE 30040] UL Throughput = 0.0 Mbps
32097 ms [UE 42234] UL Throughput = 0.04781 Mbps
32188 ms [UE 30040] UL Throughput = 0.0 Mbps
32188 ms [UE 42234] UL Throughput = 0.09269 Mbps
32280 ms [UE 30040] UL Throughput = 0.03576 Mbps
32280 ms [UE 42234] UL Throughput = 0.0 Mbps
32392 ms [UE 30040] UL Throughput = 0.0 Mbps
32392 ms [UE 42234] UL Throughput = 0.0 Mbps
32509 ms [UE 30040] UL Throughput = 0.0485 Mbps
32631 ms [UE 30040] UL Throughput = 0.0 Mbps
32631 ms [UE 42234] UL Throughput = 0.0 Mbps
32637 ms [UE 42234] UL Throughput = 0.15696 Mbps
32738 ms [UE 30040] UL Throughput = 0.0 Mbps
32738 ms [UE 42234] UL Throughput = 0.01373 Mbps
32826 ms [UE 30040] UL Throughput = 0.03034 Mbps
32826 ms [UE 42234] UL Throughput = 0.0 Mbps
32963 ms [UE 30040] UL Throughput = 0.09019 Mbps
32963 ms [UE 42234] UL Throughput = 0.0867 Mbps
32968 ms [UE 30040] UL Throughput = 0.04997 Mbps
32968 ms [UE 42234] UL Throughput = 0.0 Mbps
33050 ms [UE 30040] UL Throughput = 0.0 Mbps
33050 ms [UE 42234] UL Throughput = 0.0 Mbps
33146 ms [UE 30040] UL Throughput = 0.0 Mbps
33146 ms [UE 42234] UL Throughput = 0.05309 Mbps
33239 ms [UE 42234] UL Throughput = 0.09131 Mbps
33345 ms [UE 30040] UL Throughput = 0.0 Mbps
33345 ms [UE 42234] UL Throughput = 0.0 Mbps
33454 ms [UE 30040] UL Throughput = 0.09902 Mbps
33458 ms [UE 30040] UL Throughput = 0.07277 Mbps
33589 ms [UE 30040] UL Throughput = 0.09232 Mbps
33658 ms [UE 30040] UL Throughput = 0.0 Mbps
33658 ms [UE 42234] UL Throughput = 0.07874 Mbps
33752 ms [UE 30040] UL Throughput = 0.03894 Mbps
33752 ms [UE 42234] UL Throughput = 0.04115 Mbps
33855 ms [UE 30040] UL Throughput = 0.0 Mbps
33855 ms [UE 42234] UL Throughput = 0.06143 Mbps
33956 ms [UE 42234] UL Throughput = 0.0 Mbps
34046 ms [UE 30040] UL Throughput = 0.09818 Mbps
34046 ms [UE 42234] UL Throughput = 0.0 Mbps
34135 ms [UE 30040] UL Throughput = 0.09184 Mbps
34231 ms [UE 30040] UL Throughput = 0.06857 Mbps
34231 ms [UE 42234] UL Throughput = 0.0 Mbps
34330 ms [UE 30040] UL Throughput = 0.0 Mbps
34330 ms [UE 42234] UL Throughput = 0.0 Mbps
34418 ms [UE 30040] UL Throughput = 0.0 Mbps
34418 ms [UE 42234] UL Throughput = 0.06455 Mbps
34523 ms [UE 42234] UL Throughput = 0.0 Mbps
34621 ms [UE 30040] UL Throughput = 0.0 Mbps
34621 ms [UE 42234] UL Throughput = 0.0 Mbps
34719 ms [UE 30040] UL Throughput = 0.0 Mbps
34719 ms [UE 42234] UL Throughput = 0.0 Mbps
34724 ms [UE 30040] UL Throughput = 0.06611 Mbps
34724 ms [UE 42234] UL Throughput = 0.0 Mbps
34802 ms [UE 30040] UL Throughput = 0.0 Mbps
34802 ms [UE 42234] UL Throughput = 0.0 Mbps
34805 ms [UE 30040] UL Throughput = 0.0 Mbps
34805 ms [UE 42234] UL Throughput = 0.0 Mbps
34900 ms [UE 30040] UL Throughput = 0.0 Mbps
34900 ms [UE 42234] UL Throughput = 0.0 Mbps
34903 ms [UE 30040] UL Throughput = 0.0 Mbps
34903 ms [UE 42234] UL Throughput = 0.0317 Mbps
35002 ms [UE 30040] UL Throughput = 0.01855 Mbps
35002 ms [UE 42234] UL Throughput = 0.0 Mbps
35132 ms [UE 42234] UL Throughput = 0.0 Mbps
35240 ms [UE 30040] UL Throughput = 0.0 Mbps
35240 ms [UE 42234] UL Throughput = 0.06448 Mbps
35329 ms [UE 30040] UL Throughput = 0.06967 Mbps
35329 ms [UE 42234] UL Throughput = 0.0662 Mbps
35460 ms [UE 30040] UL Throughput = 0.01061 Mbps
35460 ms [UE 42234] UL Throughput = 0.0 Mbps
35568 ms [UE 30040] UL Throughput = 0.01681 Mbps
35568 ms [UE 42234] UL Throughput = 0.0 Mbps
35675 ms [UE 30040] UL Throughput = 0.0 Mbps
35675 ms [UE 42234] UL Throughput = 0.07967 Mbps
35764 ms [UE 30040] UL Throughput = 0.06178 Mbps
35764 ms [UE 42234] UL Throughput = 0.0 Mbps
35768 ms [UE 30040] UL Throughput = 0.08873 Mbps
35857 ms [UE 30040] UL Throughput = 0.07634 Mbps
35966 ms [UE 30040] UL Throughput = 0.06854 Mbps
35966 ms [UE 42234] UL Throughput = 0.08453 Mbps
36067 ms [UE 30040] UL Throughput = 0.0677 Mbps
36067 ms [UE 42234] UL Throughput = 0.0 Mbps
36182 ms [UE 30040] UL Throughput = 0.05859 Mbps
36182 ms [UE 42234] UL Throughput = 0.04818 Mbps
36183 ms [UE 30040] UL Throughput = 0.08337 Mbps
36183 ms [UE 42234] UL Throughput = 0.0 Mbps
36189 ms [UE 30040] UL Throughput = 0.02935 Mbps
36189 ms [UE 42234] UL Throughput = 0.08224 Mbps
36277 ms [UE 30040] UL Throughput = 0.0 Mbps
36277 ms [UE 42234] UL Throughput = 0.0 Mbps
36346 ms [UE 30040] UL Throughput = 0.0 Mbps
36346 ms [UE 42234] UL Throughput = 0.0 Mbps
36444 ms [UE 30040] UL Throughput = 0.0 Mbps
36444 ms [UE 42234] UL Throughput = 0.07918 Mbps
36547 ms [UE 30040] UL Throughput = 0.0 Mbps
36547 ms [UE 42234] UL Throughput = 0.0 Mbps
36623 ms [UE 30040] UL Throughput = 0.08113 Mbps
36623 ms [UE 42234] UL Throughput = 0.08716 Mbps
36716 ms [UE 42234] UL Throughput = 0.0 Mbps
36836 ms [UE 30040] UL Throughput = 0.01792 Mbps
36836 ms [UE 42234] UL Throughput = 0.0 Mbps
36932 ms [UE 30040] UL Throughput = 0.0 Mbps
36933 ms [UE 30040] UL Throughput = 0.02247 Mbps
36933 ms [UE 42234] UL Throughput = 0.0 Mbps
37039 ms [UE 30040] UL Throughput = 0.12916 Mbps
37039 ms [UE 42234] UL Throughput = 0.0 Mbps
37135 ms [UE 30040] UL Throughput = 0.0 Mbps
37135 ms [UE 42234] UL Throughput = 0.084 Mbps
37136 ms [UE 30040] UL Throughput = 0.0 Mbps
37136 ms [UE 42234] UL Throughput = 0.0 Mbps
37249 ms [UE 30040] UL Throughput = 0.0 Mbps
37249 ms [UE 42234] UL Throughput = 0.0 Mbps
37372 ms [UE 30040] UL Throughput = 0.03336 Mbps
37372 ms [UE 42234] UL Throughput = 0.0 Mbps
37469 ms [UE 30040] UL Throughput = 0.04625 Mbps
37469 ms [UE 42234] UL Throughput = 0.0 Mbps
37571 ms [UE 30040] UL Throughput = 0.08499 Mbps
37689 ms [UE 30040] UL Throughput = 0.08775 Mbps
37689 ms [UE 42234] UL Throughput = 0.06907 Mbps
37764 ms [UE 42234] UL Throughput = 0.0 Mbps
37767 ms [UE 30040] UL Throughput = 0.0 Mbps
37767 ms [UE 42234] UL Throughput = 0.0 Mbps
37860 ms [UE 30040] UL Throughput = 0.02534 Mbps
37860 ms [UE 42234] UL Throughput = 0.16122 Mbps
37932 ms [UE 30040] UL Throughput = 0.0 Mbps
37935 ms [UE 30040] UL Throughput = 0.09077 Mbps
38051 ms [UE 30040] UL Throughput = 0.0 Mbps
38051 ms [UE 42234] UL Throughput = 0.02889 Mbps
38162 ms [UE 30040] UL Throughput = 0.0 Mbps
38162 ms [UE 42234] UL Throughput = 0.05351 Mbps
38240 ms [UE 30040] UL Throughput = 0.01207 Mbps
38240 ms [UE 42234] UL Throughput = 0.0 Mbps
38246 ms [UE 30040] UL Throughput = 0.0 Mbps
38246 ms [UE 42234] UL Throughput = 0.0 Mbps
38374 ms [UE 30040] UL Throughput = 0.0 Mbps
38374 ms [UE 42234] UL Throughput = 0.0 Mbps
38492 ms [UE 30040] UL Throughput = 0.0 Mbps
38492 ms [UE 42234] UL Throughput = 0.0 Mbps
38586 ms [UE 30040] UL Throughput = 0.0 Mbps
38586 ms [UE 42234] UL Throughput = 0.0 Mbps
38658 ms [UE 30040] UL Throughput = 0.0 Mbps
38658 ms [UE 42234] UL Throughput = 0.0 Mbps
38740 ms [UE 30040] UL Throughput = 0.0 Mbps
38836 ms [UE 30040] UL Throughput = 0.0 Mbps
38836 ms [UE 42234] UL Throughput = 0.0 Mbps
38946 ms [UE 30040] UL Throughput = 0.09233 Mbps
38946 ms [UE 42234] UL Throughput = 0.0 Mbps
39048 ms [UE 30040] UL Throughput = 0.06808 Mbps
39048 ms [UE 42234] UL Throughput = 0.05141 Mbps
39155 ms [UE 30040] UL Throughput = 0.0 Mbps
39232 ms [UE 30040] UL Throughput = 0.09314 Mbps
39232 ms [UE 42234] UL Throughput = 0.0 Mbps
39339 ms [UE 30040] UL Throughput = 0.0 Mbps
39339 ms [UE 42234] UL Throughput = 0.0 Mbps
39464 ms [UE 30040] UL Throughput = 0.08483 Mbps
39464 ms [UE 42234] UL Throughput = 0.0 Mbps
39465 ms [UE 30040] UL Throughput = 0.0 Mbps
39465 ms [UE 42234] UL Throughput = 0.0 Mbps
39553 ms [UE 30040] UL Throughput = 0.05983 Mbps
39553 ms [UE 42234] UL Throughput = 0.08894 Mbps
39555 ms [UE 42234] UL Throughput = 0.0 Mbps
39633 ms [UE 42234] UL Throughput = 0.0 Mbps
39701 ms [UE 30040] UL Throughput = 0.0 Mbps
39701 ms [UE 42234] UL Throughput = 0.05484 Mbps
39796 ms [UE 30040] UL Throughput = 0.04189 Mbps
39907 ms [UE 30040] UL Throughput = 0.0 Mbps
39907 ms [UE 42234] UL Throughput = 0.03929 Mbps
40002 ms [UE 30040] UL Throughput = 0.0 Mbps
40002 ms [UE 42234] UL Throughput = 0.02867 Mbps
40109 ms [UE 30040] UL Throughput = 0.08923 Mbps
40109 ms [UE 42234] UL Throughput = 0.06632 Mbps
40207 ms [UE 30040] UL Throughput = 0.08478 Mbps
40207 ms [UE 42234] UL Throughput = 0.0 Mbps
40211 ms [UE 30040] UL Throughput = 0.07778 Mbps
40211 ms [UE 42234] UL Throughput = 0.0 Mbps
40214 ms [UE 30040] UL Throughput = 0.07426 Mbps
40214 ms [UE 42234] UL Throughput = 0.03178 Mbps
40215 ms [UE 30040] UL Throughput = 0.0 Mbps
40215 ms [UE 42234] UL Throughput = 0.05002 Mbps
40218 ms [UE 30040] UL Throughput = 0.09662 Mbps
40334 ms [UE 30040] UL Throughput = 0.02028 Mbps
40334 ms [UE 42234] UL Throughput = 0.0 Mbps
40336 ms [UE 30040] UL Throughput = 0.03557 Mbps
40336 ms [UE 42234] UL Throughput = 0.09627 Mbps
40424 ms [UE 42234] UL Throughput = 0.08623 Mbps
40538 ms [UE 30040] UL Throughput = 0.0 Mbps
40538 ms [UE 42234] UL Throughput = 0.0 Mbps
40543 ms [UE 30040] UL Throughput = 0.0 Mbps
40543 ms [UE 42234] UL Throughput = 0.0569 Mbps
40549 ms [UE 42234] UL Throughput = 0.01592 Mbps
40668 ms [UE 30040] UL Throughput = 0.0 Mbps
40668 ms [UE 42234] UL Throughput = 0.05947 Mbps
40786 ms [UE 30040] UL Throughput = 0.0 Mbps
40786 ms [UE 42234] UL Throughput = 0.0 Mbps
40886 ms [UE 30040] UL Throughput = 0.0 Mbps
40890 ms [UE 30040] UL Throughput = 0.0 Mbps
41008 ms [UE 30040] UL Throughput = 0.02895 Mbps
41111 ms [UE 30040] UL Throughput = 0.0 Mbps
41111 ms [UE 42234] UL Throughput = 0.0 Mbps
41115 ms [UE 30040] UL Throughput = 0.0 Mbps
41115 ms [UE 42234] UL Throughput = 0.09537 Mbps
41211 ms [UE 30040] UL Throughput = 0.0 Mbps
41211 ms [UE 42234] UL Throughput = 0.0 Mbps
41305 ms [UE 30040] UL Throughput = 0.03027 Mbps
41305 ms [UE 42234] UL Throughput = 0.0 Mbps
41391 ms [UE 30040] UL Throughput = 0.04547 Mbps
41490 ms [UE 30040] UL Throughput = 0.0 Mbps
41490 ms [UE 42234] UL Throughput = 0.0 Mbps
41612 ms [UE 30040] UL Throughput = 0.07324 Mbps
41612 ms [UE 42234] UL Throughput = 0.04273 Mbps
41691 ms [UE 30040] UL Throughput = 0.0 Mbps
41691 ms [UE 42234] UL Throughput = 0.0 Mbps
41692 ms [UE 30040] UL Throughput = 0.0113 Mbps
41692 ms [UE 42234] UL Throughput = 0.0 Mbps
41755 ms [UE 42234] UL Throughput = 0.0 Mbps
41873 ms [UE 30040] UL Throughput = 0.02651 Mbps
41873 ms [UE 42234] UL Throughput = 0.09337 Mbps
41965 ms [UE 30040] UL Throughput = 0.04087 Mbps
41965 ms [UE 42234] UL Throughput = 0.10701 Mbps
42080 ms [UE 30040] UL Throughput = 0.0 Mbps
42080 ms [UE 42234] UL Throughput = 0.0 Mbps
42171 ms [UE 30040] UL Throughput = 0.02078 Mbps
42171 ms [UE 42234] UL Throughput = 0.0 Mbps
42241 ms [UE 30040] UL Throughput = 0.0833 Mbps
42241 ms [UE 42234] UL Throughput = 0.13253 Mbps
42335 ms [UE 30040] UL Throughput = 0.09828 Mbps
42335 ms [UE 42234] UL Throughput = 0.03308 Mbps
42441 ms [UE 42234] UL Throughput = 0.07401 Mbps
42442 ms [UE 30040] UL Throughput = 0.11172 Mbps
42511 ms [UE 30040] UL Throughput = 0.04423 Mbps
42607 ms [UE 30040] UL Throughput = 0.01364 Mbps
42607 ms [UE 42234] UL Throughput = 0.08757 Mbps
42721 ms [UE 30040] UL Throughput = 0.05924 Mbps
42721 ms [UE 42234] UL Throughput = 0.0 Mbps
42826 ms [UE 30040] UL Throughput = 0.0 Mbps
42826 ms [UE 42234] UL Throughput = 0.0 Mbps
42907 ms [UE 30040] UL Throughput = 0.03564 Mbps
42907 ms [UE 42234] UL Throughput = 0.0884 Mbps
43011 ms [UE 30040] UL Throughput = 0.02131 Mbps
43011 ms [UE 42234] UL Throughput = 0.03255 Mbps
43115 ms [UE 30040] UL Throughput = 0.0 Mbps
43115 ms [UE 42234] UL Throughput = 0.01026 Mbps
43120 ms [UE 30040] UL Throughput = 0.0 Mbps
43120 ms [UE 42234] UL Throughput = 0.05777 Mbps
43236 ms [UE 30040] UL Throughput = 0.0 Mbps
43236 ms [UE 42234] UL Throughput = 0.0 Mbps
43239 ms [UE 30040] UL Throughput = 0.0 Mbps
43239 ms [UE 42234] UL Throughput = 0.0 Mbps
43327 ms [UE 30040] UL Throughput = 0.0 Mbps
43327 ms [UE 42234] UL Throughput = 0.08309 Mbps
43409 ms [UE 30040] UL Throughput = 0.0 Mbps
43409 ms [UE 42234] UL Throughput = 0.0 Mbps
43494 ms [UE 30040] UL Throughput = 0.02089 Mbps
43494 ms [UE 42234] UL Throughput = 0.0 Mbps
43604 ms [UE 30040] UL Throughput = 0.0 Mbps
43604 ms [UE 42234] UL Throughput = 0.0 Mbps
43725 ms [UE 30040] UL Throughput = 0.09454 Mbps
43725 ms [UE 42234] UL Throughput = 0.0 Mbps
43845 ms [UE 30040] UL Throughput = 0.09771 Mbps
43845 ms [UE 42234] UL Throughput = 0.0 Mbps
43959 ms [UE 30040] UL Throughput = 0.0 Mbps
43959 ms [UE 42234] UL Throughput = 0.02861 Mbps
44050 ms [UE 30040] UL Throughput = 0.1224 Mbps
44050 ms [UE 42234] UL Throughput = 0.11286 Mbps
44054 ms [UE 30040] UL Throughput = 0.01633 Mbps
44054 ms [UE 42234] UL Throughput = 0.02441 Mbps
44161 ms [UE 30040] UL Throughput = 0.0 Mbps
44267 ms [UE 30040] UL Throughput = 0.0 Mbps
44267 ms [UE 42234] UL Throughput = 0.0 Mbps
44337 ms [UE 30040] UL Throughput = 0.02558 Mbps
44337 ms [UE 42234] UL Throughput = 0.08977 Mbps
44418 ms [UE 30040] UL Throughput = 0.08511 Mbps
44418 ms [UE 42234] UL Throughput = 0.0 Mbps
44505 ms [UE 30040] UL Throughput = 0.05599 Mbps
44505 ms [UE 42234] UL Throughput = 0.0 Mbps
44620 ms [UE 30040] UL Throughput = 0.06543 Mbps
44620 ms [UE 42234] UL Throughput = 0.0 Mbps
44729 ms [UE 30040] UL Throughput = 0.01459 Mbps
44729 ms [UE 42234] UL Throughput = 0.0 Mbps
44812 ms [UE 42234] UL Throughput = 0.08122 Mbps
44910 ms [UE 30040] UL Throughput = 0.01096 Mbps
44910 ms [UE 42234] UL Throughput = 0.0 Mbps
44986 ms [UE 30040] UL Throughput = 0.05727 Mbps
44986 ms [UE 42234] UL Throughput = 0.0 Mbps
45076 ms [UE 30040] UL Throughput = 0.0 Mbps
45076 ms [UE 42234] UL Throughput = 0.02048 Mbps
45179 ms [UE 30040] UL Throughput = 0.08285 Mbps
45179 ms [UE 42234] UL Throughput = 0.05431 Mbps
45270 ms [UE 30040] UL Throughput = 0.07888 Mbps
45270 ms [UE 42234] UL Throughput = 0.08652 Mbps
45276 ms [UE 42234] UL Throughput = 0.11274 Mbps
45333 ms [UE 30040] UL Throughput = 0.09845 Mbps
45333 ms [UE 42234] UL Throughput = 0.0 Mbps
45446 ms [UE 30040] UL Throughput = 0.0 Mbps
45450 ms [UE 30040] UL Throughput = 0.01502 Mbps
45450 ms [UE 42234] UL Throughput = 0.04085 Mbps
45551 ms [UE 42234] UL Throughput = 0.03511 Mbps
45554 ms [UE 30040] UL Throughput = 0.01744 Mbps
45554 ms [UE 42234] UL Throughput = 0.0 Mbps
45659 ms [UE 30040] UL Throughput = 0.11411 Mbps
45659 ms [UE 42234] UL Throughput = 0.0 Mbps
45662 ms [UE 30040] UL Throughput = 0.03865 Mbps
45662 ms [UE 42234] UL Throughput = 0.1585 Mbps
45753 ms [UE 30040] UL Throughput = 0.0 Mbps
45753 ms [UE 42234] UL Throughput = 0.0 Mbps
45865 ms [UE 30040] UL Throughput = 0.0 Mbps
45865 ms [UE 42234] UL Throughput = 0.05293 Mbps
45992 ms [UE 30040] UL Throughput = 0.06286 Mbps
45992 ms [UE 42234] UL Throughput = 0.0 Mbps
46108 ms [UE 30040] UL Throughput = 0.0 Mbps
46108 ms [UE 42234] UL Throughput = 0.0 Mbps
46203 ms [UE 30040] UL Throughput = 0.06797 Mbps
46203 ms [UE 42234] UL Throughput = 0.0 Mbps
46273 ms [UE 30040] UL Throughput = 0.01434 Mbps
46273 ms [UE 42234] UL Throughput = 0.08545 Mbps
46361 ms [UE 30040] UL Throughput = 0.0 Mbps
46361 ms [UE 42234] UL Throughput = 0.0 Mbps
46459 ms [UE 30040] UL Throughput = 0.0 Mbps
46459 ms [UE 42234] UL Throughput = 0.0 Mbps
46465 ms [UE 30040] UL Throughput = 0.05637 Mbps
46465 ms [UE 42234] UL Throughput = 0.0 Mbps
46572 ms [UE 30040] UL Throughput = 0.01441 Mbps
46572 ms [UE 42234] UL Throughput = 0.0 Mbps
46692 ms [UE 30040] UL Throughput = 0.0 Mbps
46692 ms [UE 42234] UL Throughput = 0.03658 Mbps
46808 ms [UE 30040] UL Throughput = 0.0 Mbps
46894 ms [UE 30040] UL Throughput = 0.0 Mbps
46894 ms [UE 42234] UL Throughput = 0.01727 Mbps
46983 ms [UE 30040] UL Throughput = 0.1381 Mbps
46983 ms [UE 42234] UL Throughput = 0.0 Mbps
46985 ms [UE 30040] UL Throughput = 0.0 Mbps
46985 ms [UE 42234] UL Throughput = 0.0 Mbps
46987 ms [UE 30040] UL Throughput = 0.03895 Mbps
46987 ms [UE 42234] UL Throughput = 0.02685 Mbps
47105 ms [UE 30040] UL Throughput = 0.0 Mbps
47105 ms [UE 42234] UL Throughput = 0.0 Mbps
47219 ms [UE 30040] UL Throughput = 0.0 Mbps
47219 ms [UE 42234] UL Throughput = 0.0 Mbps
47330 ms [UE 30040] UL Throughput = 0.05168 Mbps
47422 ms [UE 30040] UL Throughput = 0.0 Mbps
47422 ms [UE 42234] UL Throughput = 0.0 Mbps
47536 ms [UE 30040] UL Throughput = 0.0 Mbps
47536 ms [UE 42234] UL Throughput = 0.09375 Mbps
47645 ms [UE 30040] UL Throughput = 0.0 Mbps
47753 ms [UE 30040] UL Throughput = 0.0 Mbps
47753 ms [UE 42234] UL Throughput = 0.0 Mbps
47874 ms [UE 30040] UL Throughput = 0.01451 Mbps
47874 ms [UE 42234] UL Throughput = 0.0 Mbps
47975 ms [UE 30040] UL Throughput = 0.04252 Mbps
47975 ms [UE 42234] UL Throughput = 0.0 Mbps
47980 ms [UE 30040] UL Throughput = 0.1327 Mbps
47980 ms [UE 42234] UL Throughput = 0.03005 Mbps
48051 ms [UE 42234] UL Throughput = 0.0 Mbps
48157 ms [UE 30040] UL Throughput = 0.0 Mbps
48157 ms [UE 42234] UL Throughput = 0.08293 Mbps
48241 ms [UE 30040] UL Throughput = 0.0 Mbps
48241 ms [UE 42234] UL Throughput = 0.0 Mbps
48331 ms [UE 30040] UL Throughput = 0.0 Mbps
48331 ms [UE 42234] UL Throughput = 0.0 Mbps
48333 ms [UE 30040] UL Throughput = 0.0 Mbps
48333 ms [UE 42234] UL Throughput = 0.0 Mbps
48425 ms [UE 30040] UL Throughput = 0.12964 Mbps
48425 ms [UE 42234] UL Throughput = 0.0 Mbps
48529 ms [UE 30040] UL Throughput = 0.0 Mbps
48529 ms [UE 42234] UL Throughput = 0.06663 Mbps
48531 ms [UE 30040] UL Throughput = 0.04494 Mbps
48637 ms [UE 30040] UL Throughput = 0.08736 Mbps
48637 ms [UE 42234] UL Throughput = 0.08458 Mbps
48728 ms [UE 30040] UL Throughput = 0.0 Mbps
48733 ms [UE 30040] UL Throughput = 0.01605 Mbps
48733 ms [UE 42234] UL Throughput = 0.0 Mbps
48826 ms [UE 30040] UL Throughput = 0.03295 Mbps
48826 ms [UE 42234] UL Throughput = 0.0 Mbps
48923 ms [UE 30040] UL Throughput = 0.01058 Mbps
48923 ms [UE 42234] UL Throughput = 0.05269 Mbps
49018 ms [UE 30040] UL Throughput = 0.0896 Mbps
49018 ms [UE 42234] UL Throughput = 0.0 Mbps
49142 ms [UE 30040] UL Throughput = 0.0 Mbps
49142 ms [UE 42234] UL Throughput = 0.0 Mbps
49145 ms [UE 42234] UL Throughput = 0.0 Mbps
49234 ms [UE 30040] UL Throughput = 0.03466 Mbps
49234 ms [UE 42234] UL Throughput = 0.02558 Mbps
49356 ms [UE 30040] UL Throughput = 0.01377 Mbps
49356 ms [UE 42234] UL Throughput = 0.0 Mbps
49425 ms [UE 30040] UL Throughput = 0.02353 Mbps
49425 ms [UE 42234] UL Throughput = 0.0376 Mbps
49522 ms [UE 30040] UL Throughput = 0.0 Mbps
49639 ms [UE 30040] UL Throughput = 0.07169 Mbps
49639 ms [UE 42234] UL Throughput = 0.0 Mbps
49714 ms [UE 30040] UL Throughput = 0.0 Mbps
49806 ms [UE 30040] UL Throughput = 0.0 Mbps
49806 ms [UE 42234] UL Throughput = 0.06732 Mbps
49882 ms [UE 30040] UL Throughput = 0.08507 Mbps
49882 ms [UE 42234] UL Throughput = 0.0 Mbps
49886 ms [UE 30040] UL Throughput = 0.0 Mbps
49886 ms [UE 42234] UL Throughput = 0.0 Mbps
50003 ms [UE 30040] UL Throughput = 0.0 Mbps
50003 ms [UE 42234] UL Throughput = 0.01611 Mbps
50007 ms [UE 30040] UL Throughput = 0.0 Mbps
50007 ms [UE 42234] UL Throughput = 0.06217 Mbps
50013 ms [UE 30040] UL Throughput = 0.0 Mbps
50082 ms [UE 30040] UL Throughput = 0.08688 Mbps
50082 ms [UE 42234] UL Throughput = 0.0 Mbps
50178 ms [UE 30040] UL Throughput = 0.0 Mbps
50178 ms [UE 42234] UL Throughput = 0.07852 Mbps
50263 ms [UE 30040] UL Throughput = 0.03904 Mbps
50263 ms [UE 42234] UL Throughput = 0.08164 Mbps
50264 ms [UE 30040] UL Throughput = 0.0 Mbps
50264 ms [UE 42234] UL Throughput = 0.0 Mbps
50371 ms [UE 30040] UL Throughput = 0.05998 Mbps
50371 ms [UE 42234] UL Throughput = 0.02032 Mbps
50474 ms [UE 30040] UL Throughput = 0.02782 Mbps
50474 ms [UE 42234] UL Throughput = 0.0 Mbps
50548 ms [UE 30040] UL Throughput = 0.0 Mbps
50548 ms [UE 42234] UL Throughput = 0.01144 Mbps
50626 ms [UE 30040] UL Throughput = 0.0 Mbps
50626 ms [UE 42234] UL Throughput = 0.0 Mbps
50734 ms [UE 30040] UL Throughput = 0.0 Mbps
50734 ms [UE 42234] UL Throughput = 0.0 Mbps
50739 ms [UE 42234] UL Throughput = 0.0 Mbps
50850 ms [UE 30040] UL Throughput = 0.01935 Mbps
50850 ms [UE 42234] UL Throughput = 0.0 Mbps
50852 ms [UE 30040] UL Throughput = 0.01284 Mbps
50852 ms [UE 42234] UL Throughput = 0.0 Mbps
50942 ms [UE 30040] UL Throughput = 0.0 Mbps
50942 ms [UE 42234] UL Throughput = 0.05406 Mbps
51039 ms [UE 30040] UL Throughput = 0.04386 Mbps
51039 ms [UE 42234] UL Throughput = 0.04195 Mbps
51121 ms [UE 30040] UL Throughput = 0.0 Mbps
51121 ms [UE 42234] UL Throughput = 0.03335 Mbps
51196 ms [UE 30040] UL Throughput = 0.0 Mbps
51196 ms [UE 42234] UL Throughput = 0.06392 Mbps
51292 ms [UE 30040] UL Throughput = 0.08876 Mbps
51292 ms [UE 42234] UL Throughput = 0.0 Mbps
51397 ms [UE 42234] UL Throughput = 0.0 Mbps
51500 ms [UE 30040] UL Throughput = 0.0 Mbps
51500 ms [UE 42234] UL Throughput = 0.07361 Mbps
51607 ms [UE 30040] UL Throughput = 0.06262 Mbps
51607 ms [UE 42234] UL Throughput = 0.05258 Mbps
51694 ms [UE 42234] UL Throughput = 0.05884 Mbps
51699 ms [UE 30040] UL Throughput = 0.0 Mbps
51699 ms [UE 42234] UL Throughput = 0.0 Mbps
51791 ms [UE 30040] UL Throughput = 0.0 Mbps
51919 ms [UE 30040] UL Throughput = 0.08264 Mbps
51919 ms [UE 42234] UL Throughput = 0.0 Mbps
51923 ms [UE 30040] UL Throughput = 0.09171 Mbps
51923 ms [UE 42234] UL Throughput = 0.07726 Mbps
52007 ms [UE 30040] UL Throughput = 0.01126 Mbps
52007 ms [UE 42234] UL Throughput = 0.0 Mbps
52116 ms [UE 30040] UL Throughput = 0.0 Mbps
52116 ms [UE 42234] UL Throughput = 0.0 Mbps
52226 ms [UE 30040] UL Throughput = 0.04958 Mbps
52226 ms [UE 42234] UL Throughput = 0.05618 Mbps
52325 ms [UE 42234] UL Throughput = 0.06399 Mbps
52415 ms [UE 30040] UL Throughput = 0.0 Mbps
52415 ms [UE 42234] UL Throughput = 0.02857 Mbps
52525 ms [UE 30040] UL Throughput = 0.07242 Mbps
52525 ms [UE 42234] UL Throughput = 0.0 Mbps
52588 ms [UE 30040] UL Throughput = 0.0 Mbps
52588 ms [UE 42234] UL Throughput = 0.08053 Mbps
52594 ms [UE 30040] UL Throughput = 0.0 Mbps
52594 ms [UE 42234] UL Throughput = 0.02807 Mbps
52600 ms [UE 30040] UL Throughput = 0.17758 Mbps
52600 ms [UE 42234] UL Throughput = 0.0 Mbps
52731 ms [UE 30040] UL Throughput = 0.0 Mbps
52835 ms [UE 30040] UL Throughput = 0.0 Mbps
52835 ms [UE 42234] UL Throughput = 0.05181 Mbps
52921 ms [UE 42234] UL Throughput = 0.0 Mbps
53047 ms [UE 30040] UL Throughput = 0.0 Mbps
53047 ms [UE 42234] UL Throughput = 0.01313 Mbps
53122 ms [UE 30040] UL Throughput = 0.09528 Mbps
53122 ms [UE 42234] UL Throughput = 0.10199 Mbps
53220 ms [UE 30040] UL Throughput = 0.08718 Mbps
53220 ms [UE 42234] UL Throughput = 0.0 Mbps
53314 ms [UE 30040] UL Throughput = 0.0 Mbps
53314 ms [UE 42234] UL Throughput = 0.05876 Mbps
53417 ms [UE 30040] UL Throughput = 0.0 Mbps
53417 ms [UE 42234] UL Throughput = 0.06358 Mbps
53419 ms [UE 30040] UL Throughput = 0.0 Mbps
53419 ms [UE 42234] UL Throughput = 0.0 Mbps
53421 ms [UE 30040] UL Throughput = 0.05746 Mbps
53421 ms [UE 42234] UL Throughput = 0.06455 Mbps
53513 ms [UE 30040] UL Throughput = 0.0 Mbps
53513 ms [UE 42234] UL Throughput = 0.0 Mbps
53620 ms [UE 42234] UL Throughput = 0.01305 Mbps
53717 ms [UE 30040] UL Throughput = 0.0 Mbps
53717 ms [UE 42234] UL Throughput = 0.0 Mbps
53809 ms [UE 30040] UL Throughput = 0.05321 Mbps
53809 ms [UE 42234] UL Throughput = 0.06937 Mbps
53891 ms [UE 30040] UL Throughput = 0.02401 Mbps
53891 ms [UE 42234] UL Throughput = 0.0 Mbps
53985 ms [UE 30040] UL Throughput = 0.0177 Mbps
53985 ms [UE 42234] UL Throughput = 0.09319 Mbps
54068 ms [UE 30040] UL Throughput = 0.0 Mbps
54068 ms [UE 42234] UL Throughput = 0.06065 Mbps
54180 ms [UE 30040] UL Throughput = 0.084 Mbps
54180 ms [UE 42234] UL Throughput = 0.0 Mbps
54182 ms [UE 30040] UL Throughput = 0.0 Mbps
54182 ms [UE 42234] UL Throughput = 0.01302 Mbps
54278 ms [UE 30040] UL Throughput = 0.0 Mbps
54278 ms [UE 42234] UL Throughput = 0.0 Mbps
54284 ms [UE 30040] UL Throughput = 0.03204 Mbps
54284 ms [UE 42234] UL Throughput = 0.03376 Mbps
54290 ms [UE 30040] UL Throughput = 0.08571 Mbps
54290 ms [UE 42234] UL Throughput = 0.08402 Mbps
54366 ms [UE 30040] UL Throughput = 0.08165 Mbps
54366 ms [UE 42234] UL Throughput = 0.0 Mbps
54367 ms [UE 30040] UL Throughput = 0.10052 Mbps
54367 ms [UE 42234] UL Throughput = 0.0 Mbps
54479 ms [UE 30040] UL Throughput = 0.08803 Mbps
54479 ms [UE 42234] UL Throughput = 0.0505 Mbps
54587 ms [UE 30040] UL Throughput = 0.01663 Mbps
54587 ms [UE 42234] UL Throughput = 0.04127 Mbps
54674 ms [UE 42234] UL Throughput = 0.0 Mbps
54779 ms [UE 30040] UL Throughput = 0.0 Mbps
54779 ms [UE 42234] UL Throughput = 0.05341 Mbps
54883 ms [UE 30040] UL Throughput = 0.0 Mbps
54883 ms [UE 42234] UL Throughput = 0.08329 Mbps
54971 ms [UE 30040] UL Throughput = 0.0 Mbps
55096 ms [UE 30040] UL Throughput = 0.0 Mbps
55096 ms [UE 42234] UL Throughput = 0.17823 Mbps
55201 ms [UE 30040] UL Throughput = 0.0 Mbps
55201 ms [UE 42234] UL Throughput = 0.0 Mbps
55274 ms [UE 30040] UL Throughput = 0.0 Mbps
55274 ms [UE 42234] UL Throughput = 0.07528 Mbps
55280 ms [UE 30040] UL Throughput = 0.01987 Mbps
55280 ms [UE 42234] UL Throughput = 0.06653 Mbps
55286 ms [UE 42234] UL Throughput = 0.0 Mbps
55292 ms [UE 30040] UL Throughput = 0.07409 Mbps
55292 ms [UE 42234] UL Throughput = 0.0 Mbps
55425 ms [UE 30040] UL Throughput = 0.07196 Mbps
55425 ms [UE 42234] UL Throughput = 0.0 Mbps
55521 ms [UE 30040] UL Throughput = 0.09241 Mbps
55521 ms [UE 42234] UL Throughput = 0.0 Mbps
55608 ms [UE 42234] UL Throughput = 0.05654 Mbps
55716 ms [UE 30040] UL Throughput = 0.0 Mbps
55716 ms [UE 42234] UL Throughput = 0.0 Mbps
55812 ms [UE 30040] UL Throughput = 0.01548 Mbps
55812 ms [UE 42234] UL Throughput = 0.09157 Mbps
55876 ms [UE 30040] UL Throughput = 0.0 Mbps
55876 ms [UE 42234] UL Throughput = 0.09492 Mbps
55881 ms [UE 30040] UL Throughput = 0.0 Mbps
55881 ms [UE 42234] UL Throughput = 0.0 Mbps
56007 ms [UE 30040] UL Throughput = 0.04538 Mbps
56007 ms [UE 42234] UL Throughput = 0.0958 Mbps
56108 ms [UE 30040] UL Throughput = 0.0 Mbps
56108 ms [UE 42234] UL Throughput = 0.02208 Mbps
56191 ms [UE 30040] UL Throughput = 0.02961 Mbps
56191 ms [UE 42234] UL Throughput = 0.04617 Mbps
56305 ms [UE 30040] UL Throughput = 0.14361 Mbps
56305 ms [UE 42234] UL Throughput = 0.0 Mbps
56410 ms [UE 30040] UL Throughput = 0.09114 Mbps
56410 ms [UE 42234] UL Throughput = 0.08066 Mbps
56502 ms [UE 30040] UL Throughput = 0.0875 Mbps
56502 ms [UE 42234] UL Throughput = 0.0 Mbps
56576 ms [UE 30040] UL Throughput = 0.0 Mbps
56576 ms [UE 42234] UL Throughput = 0.05727 Mbps
56687 ms [UE 42234] UL Throughput = 0.05267 Mbps
56691 ms [UE 30040] UL Throughput = 0.0 Mbps
56691 ms [UE 42234] UL Throughput = 0.13032 Mbps
56775 ms [UE 30040] UL Throughput = 0.08477 Mbps
56775 ms [UE 42234] UL Throughput = 0.09204 Mbps
56781 ms [UE 30040] UL Throughput = 0.0 Mbps
56781 ms [UE 42234] UL Throughput = 0.08 Mbps
56881 ms [UE 30040] UL Throughput = 0.14096 Mbps
56881 ms [UE 42234] UL Throughput = 0.0 Mbps
56986 ms [UE 30040] UL Throughput = 0.0 Mbps
56986 ms [UE 42234] UL Throughput = 0.0 Mbps
57095 ms [UE 42234] UL Throughput = 0.0 Mbps
57209 ms [UE 30040] UL Throughput = 0.0741 Mbps
57209 ms [UE 42234] UL Throughput = 0.0 Mbps
57318 ms [UE 30040] UL Throughput = 0.07155 Mbps
57318 ms [UE 42234] UL Throughput = 0.05557 Mbps
57322 ms [UE 30040] UL Throughput = 0.0 Mbps
57322 ms [UE 42234] UL Throughput = 0.0 Mbps
57412 ms [UE 42234] UL Throughput = 0.03515 Mbps
57485 ms [UE 30040] UL Throughput = 0.07609 Mbps
57485 ms [UE 42234] UL Throughput = 0.0 Mbps
57601 ms [UE 30040] UL Throughput = 0.07 Mbps
57601 ms [UE 42234] UL Throughput = 0.09032 Mbps
57683 ms [UE 30040] UL Throughput = 0.09818 Mbps
57683 ms [UE 42234] UL Throughput = 0.01772 Mbps
57798 ms [UE 30040] UL Throughput = 0.0 Mbps
57930 ms [UE 30040] UL Throughput = 0.0 Mbps
57930 ms [UE 42234] UL Throughput = 0.0 Mbps
58026 ms [UE 30040] UL Throughput = 0.08783 Mbps
58026 ms [UE 42234] UL Throughput = 0.03054 Mbps
58114 ms [UE 30040] UL Throughput = 0.0 Mbps
58114 ms [UE 42234] UL Throughput = 0.0 Mbps
58206 ms [UE 30040] UL Throughput = 0.0 Mbps
58206 ms [UE 42234] UL Throughput = 0.01051 Mbps
58306 ms [UE 30040] UL Throughput = 0.0607 Mbps
58306 ms [UE 42234] UL Throughput = 0.09073 Mbps
58394 ms [UE 30040] UL Throughput = 0.0 Mbps
58394 ms [UE 42234] UL Throughput = 0.0994 Mbps
58397 ms [UE 30040] UL Throughput = 0.0 Mbps
58397 ms [UE 42234] UL Throughput = 0.02053 Mbps
58461 ms [UE 30040] UL Throughput = 0.05888 Mbps
58461 ms [UE 42234] UL Throughput = 0.02801 Mbps
58551 ms [UE 30040] UL Throughput = 0.0 Mbps
58551 ms [UE 42234] UL Throughput = 0.0 Mbps
58659 ms [UE 30040] UL Throughput = 0.0 Mbps
58659 ms [UE 42234] UL Throughput = 0.0 Mbps
58754 ms [UE 30040] UL Throughput = 0.09275 Mbps
58754 ms [UE 42234] UL Throughput = 0.01009 Mbps
58836 ms [UE 30040] UL Throughput = 0.04142 Mbps
58836 ms [UE 42234] UL Throughput = 0.01701 Mbps
58937 ms [UE 30040] UL Throughput = 0.0 Mbps
58937 ms [UE 42234] UL Throughput = 0.0797 Mbps
59049 ms [UE 30040] UL Throughput = 0.01477 Mbps
59049 ms [UE 42234] UL Throughput = 0.03296 Mbps
59052 ms [UE 30040] UL Throughput = 0.05267 Mbps
59052 ms [UE 42234] UL Throughput = 0.0 Mbps
59156 ms [UE 30040] UL Throughput = 0.08128 Mbps
59156 ms [UE 42234] UL Throughput = 0.0 Mbps
59255 ms [UE 30040] UL Throughput = 0.0 Mbps
59354 ms [UE 30040] UL Throughput = 0.09078 Mbps
59354 ms [UE 42234] UL Throughput = 0.05271 Mbps
59470 ms [UE 30040] UL Throughput = 0.02729 Mbps
59470 ms [UE 42234] UL Throughput = 0.0 Mbps
59471 ms [UE 30040] UL Throughput = 0.0 Mbps
59471 ms [UE 42234] UL Throughput = 0.03248 Mbps
59477 ms [UE 30040] UL Throughput = 0.0 Mbps
59477 ms [UE 42234] UL Throughput = 0.0 Mbps
59569 ms [UE 30040] UL Throughput = 0.0 Mbps
59569 ms [UE 42234] UL Throughput = 0.0 Mbps
59674 ms [UE 30040] UL Throughput = 0.0 Mbps
59674 ms [UE 42234] UL Throughput = 0.09975 Mbps
59768 ms [UE 30040] UL Throughput = 0.10416 Mbps
59875 ms [UE 30040] UL Throughput = 0.0 Mbps
59875 ms [UE 42234] UL Throughput = 0.08371 Mbps
59973 ms [UE 30040] UL Throughput = 0.0 Mbps
59973 ms [UE 42234] UL Throughput = 0.0 Mbps
59976 ms [UE 30040] UL Throughput = 0.0 Mbps
59976 ms [UE 42234] UL Throughput = 0.07925 Mbps
60087 ms [UE 30040] UL Throughput = 0.0 Mbps
60178 ms [UE 30040] UL Throughput = 0.0 Mbps
60178 ms [UE 42234] UL Throughput = 0.0 Mbps
60280 ms [UE 30040] UL Throughput = 0.0 Mbps
60280 ms [UE 42234] UL Throughput = 0.0 Mbps
60387 ms [UE 30040] UL Throughput = 0.0 Mbps
60387 ms [UE 42234] UL Throughput = 0.0 Mbps
60493 ms [UE 30040] UL Throughput = 0.02068 Mbps
60493 ms [UE 42234] UL Throughput = 0.03823 Mbps
60562 ms [UE 30040] UL Throughput = 0.05281 Mbps
60562 ms [UE 42234] UL Throughput = 0.0 Mbps
60689 ms [UE 30040] UL Throughput = 0.08976 Mbps
60689 ms [UE 42234] UL Throughput = 0.09065 Mbps
60690 ms [UE 42234] UL Throughput = 0.03535 Mbps
60696 ms [UE 30040] UL Throughput = 0.12781 Mbps
60696 ms [UE 42234] UL Throughput = 0.06335 Mbps
60702 ms [UE 30040] UL Throughput = 0.0 Mbps
60702 ms [UE 42234] UL Throughput = 0.06465 Mbps
60807 ms [UE 30040] UL Throughput = 0.0 Mbps
60807 ms [UE 42234] UL Throughput = 0.06929 Mbps
60911 ms [UE 30040] UL Throughput = 0.04036 Mbps
60911 ms [UE 42234] UL Throughput = 0.06027 Mbps
60917 ms [UE 30040] UL Throughput = 0.0 Mbps
60917 ms [UE 42234] UL Throughput = 0.07231 Mbps
61024 ms [UE 30040] UL Throughput = 0.0 Mbps
61024 ms [UE 42234] UL Throughput = 0.0 Mbps
61135 ms [UE 30040] UL Throughput = 0.0 Mbps
61240 ms [UE 30040] UL Throughput = 0.0 Mbps
61240 ms [UE 42234] UL Throughput = 0.07556 Mbps
61338 ms [UE 30040] UL Throughput = 0.0 Mbps
61338 ms [UE 42234] UL Throughput = 0.04724 Mbps
61342 ms [UE 30040] UL Throughput = 0.0 Mbps
61343 ms [UE 42234] UL Throughput = 0.0 Mbps
61345 ms [UE 30040] UL Throughput = 0.0 Mbps
61345 ms [UE 42234] UL Throughput = 0.0 Mbps
61351 ms [UE 30040] UL Throughput = 0.0 Mbps
61351 ms [UE 42234] UL Throughput = 0.09641 Mbps
61433 ms [UE 30040] UL Throughput = 0.07548 Mbps
61433 ms [UE 42234] UL Throughput = 0.0 Mbps
61544 ms [UE 30040] UL Throughput = 0.0 Mbps
61544 ms [UE 42234] UL Throughput = 0.08002 Mbps
61668 ms [UE 30040] UL Throughput = 0.04811 Mbps
61668 ms [UE 42234] UL Throughput = 0.08538 Mbps
61784 ms [UE 30040] UL Throughput = 0.0 Mbps
61784 ms [UE 42234] UL Throughput = 0.0 Mbps
61785 ms [UE 30040] UL Throughput = 0.0 Mbps
61785 ms [UE 42234] UL Throughput = 0.02706 Mbps
61873 ms [UE 42234] UL Throughput = 0.01655 Mbps
61958 ms [UE 30040] UL Throughput = 0.03471 Mbps
61958 ms [UE 42234] UL Throughput = 0.05745 Mbps
62048 ms [UE 30040] UL Throughput = 0.0 Mbps
62126 ms [UE 42234] UL Throughput = 0.05103 Mbps
62206 ms [UE 30040] UL Throughput = 0.06855 Mbps
62206 ms [UE 42234] UL Throughput = 0.04255 Mbps
62303 ms [UE 30040] UL Throughput = 0.0 Mbps
62303 ms [UE 42234] UL Throughput = 0.04147 Mbps
62409 ms [UE 30040] UL Throughput = 0.08602 Mbps
62409 ms [UE 42234] UL Throughput = 0.06329 Mbps
62499 ms [UE 30040] UL Throughput = 0.0 Mbps
62499 ms [UE 42234] UL Throughput = 0.0 Mbps
62583 ms [UE 30040] UL Throughput = 0.0 Mbps
62583 ms [UE 42234] UL Throughput = 0.05403 Mbps
62676 ms [UE 30040] UL Throughput = 0.0 Mbps
62676 ms [UE 42234] UL Throughput = 0.0 Mbps
62774 ms [UE 30040] UL Throughput = 0.06621 Mbps
62774 ms [UE 42234] UL Throughput = 0.041 Mbps
62867 ms [UE 30040] UL Throughput = 0.08345 Mbps
62867 ms [UE 42234] UL Throughput = 0.07674 Mbps
62952 ms [UE 30040] UL Throughput = 0.0 Mbps
62952 ms [UE 42234] UL Throughput = 0.02677 Mbps
63058 ms [UE 42234] UL Throughput = 0.09536 Mbps
63166 ms [UE 30040] UL Throughput = 0.0 Mbps
63166 ms [UE 42234] UL Throughput = 0.0 Mbps
63220 ms [UE 30040] UL Throughput = 0.0 Mbps
63220 ms [UE 42234] UL Throughput = 0.0 Mbps
63341 ms [UE 30040] UL Throughput = 0.07917 Mbps
63341 ms [UE 42234] UL Throughput = 0.07325 Mbps
63346 ms [UE 30040] UL Throughput = 0.0 Mbps
63346 ms [UE 42234] UL Throughput = 0.0 Mbps
63443 ms [UE 30040] UL Throughput = 0.05933 Mbps
63553 ms [UE 30040] UL Throughput = 0.0 Mbps
63635 ms [UE 30040] UL Throughput = 0.06587 Mbps
63635 ms [UE 42234] UL Throughput = 0.07231 Mbps
63743 ms [UE 30040] UL Throughput = 0.09819 Mbps
63743 ms [UE 42234] UL Throughput = 0.02287 Mbps
63834 ms [UE 30040] UL Throughput = 0.0 Mbps
63968 ms [UE 30040] UL Throughput = 0.0 Mbps
64059 ms [UE 30040] UL Throughput = 0.03364 Mbps
64059 ms [UE 42234] UL Throughput = 0.0 Mbps
64156 ms [UE 30040] UL Throughput = 0.06018 Mbps
64265 ms [UE 30040] UL Throughput = 0.0101 Mbps
64265 ms [UE 42234] UL Throughput = 0.05649 Mbps
64269 ms [UE 30040] UL Throughput = 0.05434 Mbps
64269 ms [UE 42234] UL Throughput = 0.13607 Mbps
64379 ms [UE 30040] UL Throughput = 0.01192 Mbps
64379 ms [UE 42234] UL Throughput = 0.0 Mbps
64470 ms [UE 30040] UL Throughput = 0.07548 Mbps
64470 ms [UE 42234] UL Throughput = 0.0 Mbps
64573 ms [UE 30040] UL Throughput = 0.0 Mbps
64573 ms [UE 42234] UL Throughput = 0.0 Mbps
64685 ms [UE 30040] UL Throughput = 0.0 Mbps
64685 ms [UE 42234] UL Throughput = 0.0 Mbps
64688 ms [UE 30040] UL Throughput = 0.0525 Mbps
64784 ms [UE 30040] UL Throughput = 0.01864 Mbps
64889 ms [UE 30040] UL Throughput = 0.06499 Mbps
64889 ms [UE 42234] UL Throughput = 0.0 Mbps
65007 ms [UE 30040] UL Throughput = 0.0 Mbps
65007 ms [UE 42234] UL Throughput = 0.08219 Mbps
65110 ms [UE 30040] UL Throughput = 0.09534 Mbps
65110 ms [UE 42234] UL Throughput = 0.08021 Mbps
65207 ms [UE 30040] UL Throughput = 0.09475 Mbps
65207 ms [UE 42234] UL Throughput = 0.0 Mbps
65317 ms [UE 30040] UL Throughput = 0.0 Mbps
65322 ms [UE 30040] UL Throughput = 0.0 Mbps
65425 ms [UE 30040] UL Throughput = 0.0 Mbps
65425 ms [UE 42234] UL Throughput = 0.07726 Mbps
65541 ms [UE 30040] UL Throughput = 0.05279 Mbps
65541 ms [UE 42234] UL Throughput = 0.0283 Mbps
65545 ms [UE 30040] UL Throughput = 0.06959 Mbps
65545 ms [UE 42234] UL Throughput = 0.05802 Mbps
65647 ms [UE 30040] UL Throughput = 0.06044 Mbps
65647 ms [UE 42234] UL Throughput = 0.0 Mbps
65742 ms [UE 30040] UL Throughput = 0.02673 Mbps
65742 ms [UE 42234] UL Throughput = 0.02997 Mbps
65864 ms [UE 30040] UL Throughput = 0.0 Mbps
65957 ms [UE 30040] UL Throughput = 0.07411 Mbps
65957 ms [UE 42234] UL Throughput = 0.06364 Mbps
65958 ms [UE 30040] UL Throughput = 0.0 Mbps
65958 ms [UE 42234] UL Throughput = 0.0 Mbps
66030 ms [UE 30040] UL Throughput = 0.08 Mbps
66030 ms [UE 42234] UL Throughput = 0.08344 Mbps
66140 ms [UE 30040] UL Throughput = 0.025 Mbps
66250 ms [UE 30040] UL Throughput = 0.0 Mbps
66250 ms [UE 42234] UL Throughput = 0.0 Mbps
66345 ms [UE 42234] UL Throughput = 0.08968 Mbps
66453 ms [UE 30040] UL Throughput = 0.0 Mbps
66453 ms [UE 42234] UL Throughput = 0.0 Mbps
66457 ms [UE 30040] UL Throughput = 0.0 Mbps
66562 ms [UE 42234] UL Throughput = 0.0 Mbps
66659 ms [UE 42234] UL Throughput = 0.0 Mbps
66663 ms [UE 30040] UL Throughput = 0.04655 Mbps
66772 ms [UE 30040] UL Throughput = 0.01797 Mbps
66881 ms [UE 30040] UL Throughput = 0.0 Mbps
66881 ms [UE 42234] UL Throughput = 0.0 Mbps
66936 ms [UE 30040] UL Throughput = 0.03473 Mbps
67012 ms [UE 30040] UL Throughput = 0.0 Mbps
67012 ms [UE 42234] UL Throughput = 0.0 Mbps
67096 ms [UE 30040] UL Throughput = 0.09778 Mbps
67096 ms [UE 42234] UL Throughput = 0.05538 Mbps
67234 ms [UE 30040] UL Throughput = 0.0 Mbps
67234 ms [UE 42234] UL Throughput = 0.0 Mbps
67347 ms [UE 30040] UL Throughput = 0.0 Mbps
67347 ms [UE 42234] UL Throughput = 0.07381 Mbps
67425 ms [UE 30040] UL Throughput = 0.11097 Mbps
67538 ms [UE 30040] UL Throughput = 0.04693 Mbps
67538 ms [UE 42234] UL Throughput = 0.0 Mbps
67620 ms [UE 30040] UL Throughput = 0.0 Mbps
67620 ms [UE 42234] UL Throughput = 0.0 Mbps
67689 ms [UE 30040] UL Throughput = 0.04045 Mbps
67689 ms [UE 42234] UL Throughput = 0.09455 Mbps
67809 ms [UE 30040] UL Throughput = 0.05419 Mbps
67809 ms [UE 42234] UL Throughput = 0.03333 Mbps
67813 ms [UE 30040] UL Throughput = 0.02751 Mbps
67819 ms [UE 30040] UL Throughput = 0.0 Mbps
67819 ms [UE 42234] UL Throughput = 0.0 Mbps
67906 ms [UE 30040] UL Throughput = 0.06062 Mbps
67906 ms [UE 42234] UL Throughput = 0.0 Mbps
68005 ms [UE 30040] UL Throughput = 0.0 Mbps
68005 ms [UE 42234] UL Throughput = 0.11884 Mbps
68134 ms [UE 30040] UL Throughput = 0.03515 Mbps
68134 ms [UE 42234] UL Throughput = 0.0 Mbps
68232 ms [UE 30040] UL Throughput = 0.05271 Mbps
68232 ms [UE 42234] UL Throughput = 0.0 Mbps
68354 ms [UE 30040] UL Throughput = 0.0 Mbps
68354 ms [UE 42234] UL Throughput = 0.02351 Mbps
68453 ms [UE 30040] UL Throughput = 0.0 Mbps
68453 ms [UE 42234] UL Throughput = 0.06814 Mbps
68541 ms [UE 30040] UL Throughput = 0.04837 Mbps
68625 ms [UE 30040] UL Throughput = 0.0 Mbps
68625 ms [UE 42234] UL Throughput = 0.0 Mbps
68631 ms [UE 30040] UL Throughput = 0.0173 Mbps
68631 ms [UE 42234] UL Throughput = 0.08973 Mbps
68724 ms [UE 30040] UL Throughput = 0.03054 Mbps
68724 ms [UE 42234] UL Throughput = 0.0 Mbps
68820 ms [UE 30040] UL Throughput = 0.0 Mbps
68820 ms [UE 42234] UL Throughput = 0.04554 Mbps
68925 ms [UE 30040] UL Throughput = 0.03224 Mbps
68979 ms [UE 30040] UL Throughput = 0.09756 Mbps
68979 ms [UE 42234] UL Throughput = 0.0 Mbps
69111 ms [UE 30040] UL Throughput = 0.08487 Mbps
69111 ms [UE 42234] UL Throughput = 0.0 Mbps
69227 ms [UE 30040] UL Throughput = 0.0 Mbps
69227 ms [UE 42234] UL Throughput = 0.0 Mbps
69230 ms [UE 30040] UL Throughput = 0.0698 Mbps
69230 ms [UE 42234] UL Throughput = 0.0 Mbps
69313 ms [UE 30040] UL Throughput = 0.0 Mbps
69313 ms [UE 42234] UL Throughput = 0.04752 Mbps
69317 ms [UE 30040] UL Throughput = 0.0 Mbps
69430 ms [UE 30040] UL Throughput = 0.08294 Mbps
69430 ms [UE 42234] UL Throughput = 0.09054 Mbps
69534 ms [UE 30040] UL Throughput = 0.01404 Mbps
69643 ms [UE 30040] UL Throughput = 0.0 Mbps
69643 ms [UE 42234] UL Throughput = 0.0 Mbps
69722 ms [UE 30040] UL Throughput = 0.0413 Mbps
69722 ms [UE 42234] UL Throughput = 0.0 Mbps
69854 ms [UE 30040] UL Throughput = 0.0 Mbps
69854 ms [UE 42234] UL Throughput = 0.12707 Mbps
69860 ms [UE 30040] UL Throughput = 0.03449 Mbps
69860 ms [UE 42234] UL Throughput = 0.07632 Mbps
69965 ms [UE 30040] UL Throughput = 0.0 Mbps
69965 ms [UE 42234] UL Throughput = 0.0 Mbps
70064 ms [UE 42234] UL Throughput = 0.0 Mbps
70186 ms [UE 30040] UL Throughput = 0.01464 Mbps
70186 ms [UE 42234] UL Throughput = 0.13237 Mbps
70271 ms [UE 42234] UL Throughput = 0.02434 Mbps
70362 ms [UE 30040] UL Throughput = 0.05883 Mbps
70362 ms [UE 42234] UL Throughput = 0.0 Mbps
70478 ms [UE 30040] UL Throughput = 0.08754 Mbps
70478 ms [UE 42234] UL Throughput = 0.0 Mbps
70561 ms [UE 42234] UL Throughput = 0.01231 Mbps
70649 ms [UE 30040] UL Throughput = 0.05356 Mbps
70649 ms [UE 42234] UL Throughput = 0.0 Mbps
70652 ms [UE 30040] UL Throughput = 0.14178 Mbps
70652 ms [UE 42234] UL Throughput = 0.0601 Mbps
70654 ms [UE 30040] UL Throughput = 0.0 Mbps
70654 ms [UE 42234] UL Throughput = 0.0 Mbps
70780 ms [UE 30040] UL Throughput = 0.0 Mbps
70886 ms [UE 30040] UL Throughput = 0.04775 Mbps
70886 ms [UE 42234] UL Throughput = 0.04489 Mbps
70949 ms [UE 42234] UL Throughput = 0.08463 Mbps
70952 ms [UE 30040] UL Throughput = 0.12516 Mbps
70952 ms [UE 42234] UL Throughput = 0.03175 Mbps
71064 ms [UE 42234] UL Throughput = 0.0 Mbps
71137 ms [UE 30040] UL Throughput = 0.0 Mbps
71137 ms [UE 42234] UL Throughput = 0.05897 Mbps
71212 ms [UE 30040] UL Throughput = 0.07301 Mbps
71212 ms [UE 42234] UL Throughput = 0.09388 Mbps
71319 ms [UE 30040] UL Throughput = 0.03924 Mbps
71319 ms [UE 42234] UL Throughput = 0.0 Mbps
71402 ms [UE 30040] UL Throughput = 0.09295 Mbps
71402 ms [UE 42234] UL Throughput = 0.09176 Mbps
71488 ms [UE 30040] UL Throughput = 0.06975 Mbps
71488 ms [UE 42234] UL Throughput = 0.0 Mbps
71591 ms [UE 30040] UL Throughput = 0.09962 Mbps
71591 ms [UE 42234] UL Throughput = 0.0 Mbps
71655 ms [UE 30040] UL Throughput = 0.02452 Mbps
71655 ms [UE 42234] UL Throughput = 0.0 Mbps
71769 ms [UE 30040] UL Throughput = 0.01765 Mbps
71769 ms [UE 42234] UL Throughput = 0.0 Mbps
71771 ms [UE 42234] UL Throughput = 0.07978 Mbps
71878 ms [UE 30040] UL Throughput = 0.0 Mbps
71878 ms [UE 42234] UL Throughput = 0.09916 Mbps
71954 ms [UE 30040] UL Throughput = 0.02975 Mbps
71954 ms [UE 42234] UL Throughput = 0.0 Mbps
72054 ms [UE 30040] UL Throughput = 0.0 Mbps
72054 ms [UE 42234] UL Throughput = 0.15374 Mbps
72166 ms [UE 30040] UL Throughput = 0.10562 Mbps
72166 ms [UE 42234] UL Throughput = 0.02038 Mbps
72169 ms [UE 30040] UL Throughput = 0.0 Mbps
72296 ms [UE 30040] UL Throughput = 0.01514 Mbps
72296 ms [UE 42234] UL Throughput = 0.07105 Mbps
72302 ms [UE 30040] UL Throughput = 0.12898 Mbps
72302 ms [UE 42234] UL Throughput = 0.0 Mbps
72405 ms [UE 30040] UL Throughput = 0.05475 Mbps
72405 ms [UE 42234] UL Throughput = 0.03322 Mbps
72501 ms [UE 30040] UL Throughput = 0.09019 Mbps
72501 ms [UE 42234] UL Throughput = 0.0 Mbps
72587 ms [UE 30040] UL Throughput = 0.0 Mbps
72685 ms [UE 30040] UL Throughput = 0.0 Mbps
72685 ms [UE 42234] UL Throughput = 0.04174 Mbps
72790 ms [UE 30040] UL Throughput = 0.01127 Mbps
72790 ms [UE 42234] UL Throughput = 0.02095 Mbps
72866 ms [UE 42234] UL Throughput = 0.01191 Mbps
72963 ms [UE 30040] UL Throughput = 0.03834 Mbps
72963 ms [UE 42234] UL Throughput = 0.0 Mbps
73054 ms [UE 30040] UL Throughput = 0.0 Mbps
73147 ms [UE 30040] UL Throughput = 0.08766 Mbps
73147 ms [UE 42234] UL Throughput = 0.0 Mbps
73266 ms [UE 30040] UL Throughput = 0.07977 Mbps
73383 ms [UE 30040] UL Throughput = 0.0 Mbps
73383 ms [UE 42234] UL Throughput = 0.0 Mbps
73474 ms [UE 30040] UL Throughput = 0.0 Mbps
73474 ms [UE 42234] UL Throughput = 0.1487 Mbps
73586 ms [UE 30040] UL Throughput = 0.0 Mbps
73713 ms [UE 30040] UL Throughput = 0.09033 Mbps
73713 ms [UE 42234] UL Throughput = 0.01343 Mbps
73806 ms [UE 30040] UL Throughput = 0.0 Mbps
73806 ms [UE 42234] UL Throughput = 0.0 Mbps
73807 ms [UE 30040] UL Throughput = 0.0 Mbps
73807 ms [UE 42234] UL Throughput = 0.02826 Mbps
73925 ms [UE 30040] UL Throughput = 0.11155 Mbps
73925 ms [UE 42234] UL Throughput = 0.03344 Mbps
73999 ms [UE 30040] UL Throughput = 0.07965 Mbps
73999 ms [UE 42234] UL Throughput = 0.0 Mbps
74001 ms [UE 30040] UL Throughput = 0.0 Mbps
74001 ms [UE 42234] UL Throughput = 0.0 Mbps
74082 ms [UE 30040] UL Throughput = 0.0 Mbps
74082 ms [UE 42234] UL Throughput = 0.05601 Mbps
74084 ms [UE 30040] UL Throughput = 0.0 Mbps
74084 ms [UE 42234] UL Throughput = 0.0 Mbps
74195 ms [UE 30040] UL Throughput = 0.03545 Mbps
74195 ms [UE 42234] UL Throughput = 0.02679 Mbps
74267 ms [UE 30040] UL Throughput = 0.0 Mbps
74267 ms [UE 42234] UL Throughput = 0.0 Mbps
74377 ms [UE 30040] UL Throughput = 0.0 Mbps
74377 ms [UE 42234] UL Throughput = 0.0 Mbps
74470 ms [UE 30040] UL Throughput = 0.03331 Mbps
74470 ms [UE 42234] UL Throughput = 0.0 Mbps
74475 ms [UE 42234] UL Throughput = 0.0551 Mbps
74554 ms [UE 30040] UL Throughput = 0.08429 Mbps
74658 ms [UE 30040] UL Throughput = 0.05417 Mbps
74658 ms [UE 42234] UL Throughput = 0.02977 Mbps
74735 ms [UE 30040] UL Throughput = 0.09415 Mbps
74826 ms [UE 30040] UL Throughput = 0.0 Mbps
74826 ms [UE 42234] UL Throughput = 0.08141 Mbps
74829 ms [UE 30040] UL Throughput = 0.09544 Mbps
74829 ms [UE 42234] UL Throughput = 0.01992 Mbps
74919 ms [UE 30040] UL Throughput = 0.0 Mbps
74919 ms [UE 42234] UL Throughput = 0.04673 Mbps
74921 ms [UE 30040] UL Throughput = 0.0 Mbps
74921 ms [UE 42234] UL Throughput = 0.01672 Mbps
75003 ms [UE 30040] UL Throughput = 0.0 Mbps
75003 ms [UE 42234] UL Throughput = 0.09248 Mbps
75100 ms [UE 30040] UL Throughput = 0.0 Mbps
75100 ms [UE 42234] UL Throughput = 0.0 Mbps
75187 ms [UE 30040] UL Throughput = 0.0 Mbps
75187 ms [UE 42234] UL Throughput = 0.0 Mbps
75297 ms [UE 30040] UL Throughput = 0.03991 Mbps
75297 ms [UE 42234] UL Throughput = 0.06974 Mbps
75299 ms [UE 30040] UL Throughput = 0.05614 Mbps
75299 ms [UE 42234] UL Throughput = 0.0 Mbps
75409 ms [UE 30040] UL Throughput = 0.0 Mbps
75409 ms [UE 42234] UL Throughput = 0.01827 Mbps
75518 ms [UE 30040] UL Throughput = 0.0 Mbps
75518 ms [UE 42234] UL Throughput = 0.08556 Mbps
75523 ms [UE 42234] UL Throughput = 0.06113 Mbps
75643 ms [UE 30040] UL Throughput = 0.0 Mbps
75643 ms [UE 42234] UL Throughput = 0.09442 Mbps
75745 ms [UE 30040] UL Throughput = 0.09226 Mbps
75745 ms [UE 42234] UL Throughput = 0.05689 Mbps
75868 ms [UE 30040] UL Throughput = 0.06719 Mbps
75868 ms [UE 42234] UL Throughput = 0.0 Mbps
75874 ms [UE 30040] UL Throughput = 0.0 Mbps
75874 ms [UE 42234] UL Throughput = 0.0 Mbps
75878 ms [UE 30040] UL Throughput = 0.06735 Mbps
75878 ms [UE 42234] UL Throughput = 0.0414 Mbps
75967 ms [UE 30040] UL Throughput = 0.0 Mbps
75967 ms [UE 42234] UL Throughput = 0.11692 Mbps
76040 ms [UE 30040] UL Throughput = 0.0 Mbps
76040 ms [UE 42234] UL Throughput = 0.0642 Mbps
76129 ms [UE 30040] UL Throughput = 0.0 Mbps
76129 ms [UE 42234] UL Throughput = 0.0 Mbps
76134 ms [UE 30040] UL Throughput = 0.0 Mbps
76134 ms [UE 42234] UL Throughput = 0.0 Mbps
76229 ms [UE 30040] UL Throughput = 0.0 Mbps
76229 ms [UE 42234] UL Throughput = 0.0357 Mbps
76338 ms [UE 30040] UL Throughput = 0.01944 Mbps
76338 ms [UE 42234] UL Throughput = 0.0 Mbps
76435 ms [UE 30040] UL Throughput = 0.09857 Mbps
76435 ms [UE 42234] UL Throughput = 0.02389 Mbps
76525 ms [UE 42234] UL Throughput = 0.0 Mbps
76644 ms [UE 30040] UL Throughput = 0.0 Mbps
76644 ms [UE 42234] UL Throughput = 0.0 Mbps
76731 ms [UE 30040] UL Throughput = 0.07495 Mbps
76731 ms [UE 42234] UL Throughput = 0.0 Mbps
76733 ms [UE 30040] UL Throughput = 0.08506 Mbps
76733 ms [UE 42234] UL Throughput = 0.08566 Mbps
76839 ms [UE 30040] UL Throughput = 0.10967 Mbps
76839 ms [UE 42234] UL Throughput = 0.0795 Mbps
76951 ms [UE 30040] UL Throughput = 0.08136 Mbps
76951 ms [UE 42234] UL Throughput = 0.0 Mbps
77060 ms [UE 30040] UL Throughput = 0.08231 Mbps
77060 ms [UE 42234] UL Throughput = 0.08523 Mbps
77143 ms [UE 30040] UL Throughput = 0.06058 Mbps
77143 ms [UE 42234] UL Throughput = 0.04514 Mbps
77228 ms [UE 30040] UL Throughput = 0.0 Mbps
77228 ms [UE 42234] UL Throughput = 0.0203 Mbps
77335 ms [UE 30040] UL Throughput = 0.0 Mbps
77335 ms [UE 42234] UL Throughput = 0.03083 Mbps
77336 ms [UE 30040] UL Throughput = 0.0 Mbps
77336 ms [UE 42234] UL Throughput = 0.07656 Mbps
77446 ms [UE 30040] UL Throughput = 0.0 Mbps
77446 ms [UE 42234] UL Throughput = 0.0 Mbps
77574 ms [UE 30040] UL Throughput = 0.0252 Mbps
77574 ms [UE 42234] UL Throughput = 0.0 Mbps
77680 ms [UE 30040] UL Throughput = 0.07373 Mbps
77680 ms [UE 42234] UL Throughput = 0.0 Mbps
77779 ms [UE 30040] UL Throughput = 0.03655 Mbps
77779 ms [UE 42234] UL Throughput = 0.0 Mbps
77896 ms [UE 30040] UL Throughput = 0.02718 Mbps
77991 ms [UE 30040] UL Throughput = 0.0 Mbps
77991 ms [UE 42234] UL Throughput = 0.05317 Mbps
78110 ms [UE 30040] UL Throughput = 0.07051 Mbps
78110 ms [UE 42234] UL Throughput = 0.0 Mbps
78116 ms [UE 42234] UL Throughput = 0.05519 Mbps
78214 ms [UE 30040] UL Throughput = 0.0 Mbps
78214 ms [UE 42234] UL Throughput = 0.09043 Mbps
78296 ms [UE 30040] UL Throughput = 0.04427 Mbps
78296 ms [UE 42234] UL Throughput = 0.0 Mbps
78395 ms [UE 30040] UL Throughput = 0.09746 Mbps
78395 ms [UE 42234] UL Throughput = 0.0 Mbps
78507 ms [UE 30040] UL Throughput = 0.04061 Mbps
78507 ms [UE 42234] UL Throughput = 0.0 Mbps
78509 ms [UE 30040] UL Throughput = 0.0 Mbps
78509 ms [UE 42234] UL Throughput = 0.06566 Mbps
78602 ms [UE 30040] UL Throughput = 0.09651 Mbps
78602 ms [UE 42234] UL Throughput = 0.03374 Mbps
78690 ms [UE 30040] UL Throughput = 0.08707 Mbps
78690 ms [UE 42234] UL Throughput = 0.07867 Mbps
78807 ms [UE 30040] UL Throughput = 0.0 Mbps
78807 ms [UE 42234] UL Throughput = 0.0331 Mbps
78879 ms [UE 42234] UL Throughput = 0.0 Mbps
78972 ms [UE 30040] UL Throughput = 0.09903 Mbps
78974 ms [UE 30040] UL Throughput = 0.0 Mbps
78974 ms [UE 42234] UL Throughput = 0.0 Mbps
78975 ms [UE 42234] UL Throughput = 0.0 Mbps
79084 ms [UE 30040] UL Throughput = 0.06703 Mbps
79084 ms [UE 42234] UL Throughput = 0.0 Mbps
79193 ms [UE 30040] UL Throughput = 0.0 Mbps
79316 ms [UE 30040] UL Throughput = 0.0 Mbps
79316 ms [UE 42234] UL Throughput = 0.03202 Mbps
79406 ms [UE 30040] UL Throughput = 0.08653 Mbps
79406 ms [UE 42234] UL Throughput = 0.08694 Mbps
79410 ms [UE 30040] UL Throughput = 0.0 Mbps
79410 ms [UE 42234] UL Throughput = 0.05887 Mbps
79509 ms [UE 30040] UL Throughput = 0.0 Mbps
79509 ms [UE 42234] UL Throughput = 0.02787 Mbps
79605 ms [UE 30040] UL Throughput = 0.0 Mbps
79605 ms [UE 42234] UL Throughput = 0.0 Mbps
79606 ms [UE 30040] UL Throughput = 0.0 Mbps
79606 ms [UE 42234] UL Throughput = 0.0 Mbps
79682 ms [UE 30040] UL Throughput = 0.05836 Mbps
79682 ms [UE 42234] UL Throughput = 0.11725 Mbps
79768 ms [UE 30040] UL Throughput = 0.06616 Mbps
79768 ms [UE 42234] UL Throughput = 0.06424 Mbps
79871 ms [UE 30040] UL Throughput = 0.0 Mbps
79871 ms [UE 42234] UL Throughput = 0.0 Mbps
79967 ms [UE 30040] UL Throughput = 0.0 Mbps
79967 ms [UE 42234] UL Throughput = 0.0 Mbps
80043 ms [UE 30040] UL Throughput = 0.0 Mbps
80043 ms [UE 42234] UL Throughput = 0.0 Mbps
80143 ms [UE 30040] UL Throughput = 0.0 Mbps
80143 ms [UE 42234] UL Throughput = 0.0 Mbps
80223 ms [UE 30040] UL Throughput = 0.0 Mbps
80223 ms [UE 42234] UL Throughput = 0.05524 Mbps
80228 ms [UE 30040] UL Throughput = 0.02057 Mbps
80333 ms [UE 30040] UL Throughput = 0.0 Mbps
80333 ms [UE 42234] UL Throughput = 0.02117 Mbps
80438 ms [UE 30040] UL Throughput = 0.10699 Mbps
80438 ms [UE 42234] UL Throughput = 0.0 Mbps
80547 ms [UE 30040] UL Throughput = 0.0 Mbps
80657 ms [UE 30040] UL Throughput = 0.0 Mbps
80657 ms [UE 42234] UL Throughput = 0.05281 Mbps
80765 ms [UE 30040] UL Throughput = 0.03344 Mbps
80765 ms [UE 42234] UL Throughput = 0.0 Mbps
80894 ms [UE 30040] UL Throughput = 0.05888 Mbps
80894 ms [UE 42234] UL Throughput = 0.07864 Mbps
80984 ms [UE 30040] UL Throughput = 0.03606 Mbps
80984 ms [UE 42234] UL Throughput = 0.0 Mbps
80985 ms [UE 30040] UL Throughput = 0.07746 Mbps
80985 ms [UE 42234] UL Throughput = 0.0 Mbps
81083 ms [UE 30040] UL Throughput = 0.05619 Mbps
81083 ms [UE 42234] UL Throughput = 0.0 Mbps
81178 ms [UE 42234] UL Throughput = 0.06994 Mbps
81293 ms [UE 42234] UL Throughput = 0.06479 Mbps
81387 ms [UE 42234] UL Throughput = 0.06271 Mbps
81469 ms [UE 42234] UL Throughput = 0.0 Mbps
81594 ms [UE 30040] UL Throughput = 0.02436 Mbps
81594 ms [UE 42234] UL Throughput = 0.07733 Mbps
81671 ms [UE 30040] UL Throughput = 0.0 Mbps
81671 ms [UE 42234] UL Throughput = 0.0 Mbps
81775 ms [UE 30040] UL Throughput = 0.07726 Mbps
81775 ms [UE 42234] UL Throughput = 0.0 Mbps
81855 ms [UE 30040] UL Throughput = 0.0 Mbps
81855 ms [UE 42234] UL Throughput = 0.0121 Mbps
81931 ms [UE 30040] UL Throughput = 0.04062 Mbps
81932 ms [UE 42234] UL Throughput = 0.07116 Mbps
82022 ms [UE 30040] UL Throughput = 0.0 Mbps
82022 ms [UE 42234] UL Throughput = 0.01473 Mbps
82115 ms [UE 42234] UL Throughput = 0.01094 Mbps
82214 ms [UE 30040] UL Throughput = 0.11781 Mbps
82214 ms [UE 42234] UL Throughput = 0.0 Mbps
82320 ms [UE 30040] UL Throughput = 0.0 Mbps
82320 ms [UE 42234] UL Throughput = 0.18443 Mbps
82433 ms [UE 30040] UL Throughput = 0.02182 Mbps
82433 ms [UE 42234] UL Throughput = 0.0 Mbps
82540 ms [UE 30040] UL Throughput = 0.0 Mbps
82639 ms [UE 30040] UL Throughput = 0.0429 Mbps
82639 ms [UE 42234] UL Throughput = 0.0 Mbps
82725 ms [UE 30040] UL Throughput = 0.07773 Mbps
82731 ms [UE 30040] UL Throughput = 0.07435 Mbps
82731 ms [UE 42234] UL Throughput = 0.0321 Mbps
82817 ms [UE 30040] UL Throughput = 0.0 Mbps
82817 ms [UE 42234] UL Throughput = 0.01396 Mbps
82903 ms [UE 30040] UL Throughput = 0.09173 Mbps
82903 ms [UE 42234] UL Throughput = 0.08029 Mbps
83006 ms [UE 30040] UL Throughput = 0.0142 Mbps
83009 ms [UE 30040] UL Throughput = 0.08515 Mbps
83009 ms [UE 42234] UL Throughput = 0.05962 Mbps
83100 ms [UE 30040] UL Throughput = 0.0 Mbps
83100 ms [UE 42234] UL Throughput = 0.0 Mbps
83197 ms [UE 30040] UL Throughput = 0.0 Mbps
83308 ms [UE 30040] UL Throughput = 0.0412 Mbps
83308 ms [UE 42234] UL Throughput = 0.03488 Mbps
83408 ms [UE 30040] UL Throughput = 0.06484 Mbps
83408 ms [UE 42234] UL Throughput = 0.0 Mbps
83505 ms [UE 30040] UL Throughput = 0.0 Mbps
83505 ms [UE 42234] UL Throughput = 0.02981 Mbps
83507 ms [UE 30040] UL Throughput = 0.1662 Mbps
83507 ms [UE 42234] UL Throughput = 0.07129 Mbps
83609 ms [UE 30040] UL Throughput = 0.0339 Mbps
83614 ms [UE 30040] UL Throughput = 0.0 Mbps
83614 ms [UE 42234] UL Throughput = 0.08798 Mbps
83701 ms [UE 30040] UL Throughput = 0.07764 Mbps
83701 ms [UE 42234] UL Throughput = 0.0 Mbps
83801 ms [UE 30040] UL Throughput = 0.0 Mbps
83801 ms [UE 42234] UL Throughput = 0.09946 Mbps
83885 ms [UE 42234] UL Throughput = 0.0 Mbps
83964 ms [UE 30040] UL Throughput = 0.0 Mbps
83964 ms [UE 42234] UL Throughput = 0.02067 Mbps
83966 ms [UE 30040] UL Throughput = 0.06656 Mbps
83966 ms [UE 42234] UL Throughput = 0.0 Mbps
84057 ms [UE 30040] UL Throughput = 0.05788 Mbps
84057 ms [UE 42234] UL Throughput = 0.01006 Mbps
84178 ms [UE 30040] UL Throughput = 0.08564 Mbps
84178 ms [UE 42234] UL Throughput = 0.0 Mbps
84180 ms [UE 42234] UL Throughput = 0.07553 Mbps
84265 ms [UE 30040] UL Throughput = 0.0 Mbps
84366 ms [UE 30040] UL Throughput = 0.0 Mbps
84366 ms [UE 42234] UL Throughput = 0.0 Mbps
84370 ms [UE 30040] UL Throughput = 0.07353 Mbps
84370 ms [UE 42234] UL Throughput = 0.0 Mbps
84373 ms [UE 42234] UL Throughput = 0.0 Mbps
84442 ms [UE 30040] UL Throughput = 0.05265 Mbps
84528 ms [UE 30040] UL Throughput = 0.13245 Mbps
84528 ms [UE 42234] UL Throughput = 0.08806 Mbps
84636 ms [UE 30040] UL Throughput = 0.0 Mbps
84636 ms [UE 42234] UL Throughput = 0.0146 Mbps
84754 ms [UE 30040] UL Throughput = 0.04023 Mbps
84754 ms [UE 42234] UL Throughput = 0.04246 Mbps
84848 ms [UE 30040] UL Throughput = 0.0 Mbps
84853 ms [UE 30040] UL Throughput = 0.0 Mbps
84853 ms [UE 42234] UL Throughput = 0.01142 Mbps
84933 ms [UE 30040] UL Throughput = 0.07433 Mbps
85034 ms [UE 30040] UL Throughput = 0.05905 Mbps
85034 ms [UE 42234] UL Throughput = 0.0 Mbps
85134 ms [UE 30040] UL Throughput = 0.05663 Mbps
85134 ms [UE 42234] UL Throughput = 0.06367 Mbps
85242 ms [UE 30040] UL Throughput = 0.13812 Mbps
85242 ms [UE 42234] UL Throughput = 0.04821 Mbps
85336 ms [UE 30040] UL Throughput = 0.0 Mbps
85336 ms [UE 42234] UL Throughput = 0.06755 Mbps
85419 ms [UE 30040] UL Throughput = 0.0 Mbps
85515 ms [UE 42234] UL Throughput = 0.0 Mbps
85638 ms [UE 30040] UL Throughput = 0.0 Mbps
85638 ms [UE 42234] UL Throughput = 0.026 Mbps
85737 ms [UE 30040] UL Throughput = 0.0 Mbps
85737 ms [UE 42234] UL Throughput = 0.0 Mbps
85811 ms [UE 42234] UL Throughput = 0.06229 Mbps
85936 ms [UE 30040] UL Throughput = 0.02255 Mbps
85936 ms [UE 42234] UL Throughput = 0.09118 Mbps
86053 ms [UE 42234] UL Throughput = 0.05827 Mbps
86055 ms [UE 30040] UL Throughput = 0.0 Mbps
86055 ms [UE 42234] UL Throughput = 0.09676 Mbps
86058 ms [UE 30040] UL Throughput = 0.05491 Mbps
86058 ms [UE 42234] UL Throughput = 0.0 Mbps
86165 ms [UE 30040] UL Throughput = 0.0 Mbps
86165 ms [UE 42234] UL Throughput = 0.0 Mbps
86260 ms [UE 30040] UL Throughput = 0.0 Mbps
86356 ms [UE 30040] UL Throughput = 0.0 Mbps
86356 ms [UE 42234] UL Throughput = 0.08912 Mbps
86438 ms [UE 30040] UL Throughput = 0.0 Mbps
86438 ms [UE 42234] UL Throughput = 0.0 Mbps
86528 ms [UE 30040] UL Throughput = 0.03885 Mbps
86528 ms [UE 42234] UL Throughput = 0.01457 Mbps
86653 ms [UE 30040] UL Throughput = 0.0 Mbps
86653 ms [UE 42234] UL Throughput = 0.0 Mbps
86756 ms [UE 30040] UL Throughput = 0.0 Mbps
86756 ms [UE 42234] UL Throughput = 0.02528 Mbps
86833 ms [UE 30040] UL Throughput = 0.04719 Mbps
86833 ms [UE 42234] UL Throughput = 0.05614 Mbps
86839 ms [UE 30040] UL Throughput = 0.02946 Mbps
86839 ms [UE 42234] UL Throughput = 0.11434 Mbps
86841 ms [UE 30040] UL Throughput = 0.04309 Mbps
86841 ms [UE 42234] UL Throughput = 0.0 Mbps
86936 ms [UE 30040] UL Throughput = 0.0 Mbps
86936 ms [UE 42234] UL Throughput = 0.09111 Mbps
86942 ms [UE 30040] UL Throughput = 0.01444 Mbps
86942 ms [UE 42234] UL Throughput = 0.0484 Mbps
87029 ms [UE 42234] UL Throughput = 0.0 Mbps
87035 ms [UE 30040] UL Throughput = 0.05447 Mbps
87035 ms [UE 42234] UL Throughput = 0.0 Mbps
87122 ms [UE 30040] UL Throughput = 0.0 Mbps
87122 ms [UE 42234] UL Throughput = 0.08453 Mbps
87215 ms [UE 30040] UL Throughput = 0.0 Mbps
87215 ms [UE 42234] UL Throughput = 0.0 Mbps
87302 ms [UE 30040] UL Throughput = 0.05608 Mbps
87302 ms [UE 42234] UL Throughput = 0.11622 Mbps
87305 ms [UE 30040] UL Throughput = 0.04863 Mbps
87305 ms [UE 42234] UL Throughput = 0.03968 Mbps
87307 ms [UE 30040] UL Throughput = 0.0 Mbps
87307 ms [UE 42234] UL Throughput = 0.0 Mbps
87400 ms [UE 30040] UL Throughput = 0.0 Mbps
87472 ms [UE 42234] UL Throughput = 0.0 Mbps
87474 ms [UE 42234] UL Throughput = 0.10669 Mbps
87476 ms [UE 30040] UL Throughput = 0.0 Mbps
87476 ms [UE 42234] UL Throughput = 0.0 Mbps
87574 ms [UE 30040] UL Throughput = 0.0 Mbps
87574 ms [UE 42234] UL Throughput = 0.0 Mbps
87683 ms [UE 30040] UL Throughput = 0.0 Mbps
87798 ms [UE 42234] UL Throughput = 0.07085 Mbps
87896 ms [UE 30040] UL Throughput = 0.0 Mbps
87896 ms [UE 42234] UL Throughput = 0.0 Mbps
87996 ms [UE 30040] UL Throughput = 0.09457 Mbps
87996 ms [UE 42234] UL Throughput = 0.0 Mbps
88094 ms [UE 30040] UL Throughput = 0.0 Mbps
88094 ms [UE 42234] UL Throughput = 0.06816 Mbps
88190 ms [UE 30040] UL Throughput = 0.07714 Mbps
88190 ms [UE 42234] UL Throughput = 0.02567 Mbps
88286 ms [UE 30040] UL Throughput = 0.0 Mbps
88371 ms [UE 42234] UL Throughput = 0.0 Mbps
88466 ms [UE 30040] UL Throughput = 0.02778 Mbps
88466 ms [UE 42234] UL Throughput = 0.05121 Mbps
88572 ms [UE 30040] UL Throughput = 0.07053 Mbps
88572 ms [UE 42234] UL Throughput = 0.0 Mbps
88693 ms [UE 30040] UL Throughput = 0.0 Mbps
88693 ms [UE 42234] UL Throughput = 0.0 Mbps
88781 ms [UE 30040] UL Throughput = 0.08408 Mbps
88781 ms [UE 42234] UL Throughput = 0.01803 Mbps
88909 ms [UE 30040] UL Throughput = 0.01647 Mbps
88909 ms [UE 42234] UL Throughput = 0.0 Mbps
88914 ms [UE 30040] UL Throughput = 0.0 Mbps
88914 ms [UE 42234] UL Throughput = 0.0 Mbps
89017 ms [UE 30040] UL Throughput = 0.0 Mbps
89023 ms [UE 30040] UL Throughput = 0.03495 Mbps
89123 ms [UE 30040] UL Throughput = 0.0 Mbps
89123 ms [UE 42234] UL Throughput = 0.05725 Mbps
89124 ms [UE 30040] UL Throughput = 0.18514 Mbps
89124 ms [UE 42234] UL Throughput = 0.0 Mbps
89210 ms [UE 30040] UL Throughput = 0.09845 Mbps
89210 ms [UE 42234] UL Throughput = 0.0 Mbps
89211 ms [UE 30040] UL Throughput = 0.01058 Mbps
89211 ms [UE 42234] UL Throughput = 0.08599 Mbps
89215 ms [UE 30040] UL Throughput = 0.01425 Mbps
89215 ms [UE 42234] UL Throughput = 0.03614 Mbps
89302 ms [UE 30040] UL Throughput = 0.0 Mbps
89302 ms [UE 42234] UL Throughput = 0.03776 Mbps
89377 ms [UE 30040] UL Throughput = 0.0 Mbps
89377 ms [UE 42234] UL Throughput = 0.0 Mbps
89446 ms [UE 42234] UL Throughput = 0.0115 Mbps
89535 ms [UE 30040] UL Throughput = 0.0 Mbps
89535 ms [UE 42234] UL Throughput = 0.01823 Mbps
89642 ms [UE 30040] UL Throughput = 0.10104 Mbps
89642 ms [UE 42234] UL Throughput = 0.01539 Mbps
89738 ms [UE 30040] UL Throughput = 0.03504 Mbps
89738 ms [UE 42234] UL Throughput = 0.0 Mbps
89841 ms [UE 30040] UL Throughput = 0.10934 Mbps
89841 ms [UE 42234] UL Throughput = 0.0 Mbps
89844 ms [UE 30040] UL Throughput = 0.06413 Mbps
89844 ms [UE 42234] UL Throughput = 0.0 Mbps
