[UTIL]: Setting the config -c file to /usr/local/etc/flexric/flexric.conf
[UTIL]: Setting path -p for the shared libraries to /usr/local/lib/flexric/
[xAapp]: Initializing ... 
[xApp]: nearRT-RIC IP Address = 192.168.70.150, PORT = 36422
[E2 AGENT]: Opening plugin from path = /usr/local/lib/flexric/libkpm_sm.so 
[E2 AGENT]: Opening plugin from path = /usr/local/lib/flexric/libmac_sm.so 
[E2 AGENT]: Opening plugin from path = /usr/local/lib/flexric/libpdcp_sm.so 
[E2 AGENT]: Opening plugin from path = /usr/local/lib/flexric/libgtp_sm.so 
[E2 AGENT]: Opening plugin from path = /usr/local/lib/flexric/librc_sm.so 
[E2 AGENT]: Opening plugin from path = /usr/local/lib/flexric/libtc_sm.so 
[E2 AGENT]: Opening plugin from path = /usr/local/lib/flexric/librlc_sm.so 
[E2 AGENT]: Opening plugin from path = /usr/local/lib/flexric/libslice_sm.so 
[NEAR-RIC]: Loading SM ID = 2 with def = ORAN-E2SM-KPM 
[NEAR-RIC]: Loading SM ID = 142 with def = MAC_STATS_V0 
[NEAR-RIC]: Loading SM ID = 144 with def = PDCP_STATS_V0 
[NEAR-RIC]: Loading SM ID = 148 with def = GTP_STATS_V0 
[NEAR-RIC]: Loading SM ID = 3 with def = ORAN-E2SM-RC 
[NEAR-RIC]: Loading SM ID = 146 with def = TC_STATS_V0 
[NEAR-RIC]: Loading SM ID = 143 with def = RLC_STATS_V0 
[NEAR-RIC]: Loading SM ID = 145 with def = SLICE_STATS_V0 
[xApp]: DB filename = /tmp/flexric/xapp_db 
 [xApp]: E42 SETUP-REQUEST tx
[xApp]: E42 SETUP-RESPONSE rx 
[xApp]: xApp ID = 7
[xApp]: Registered E2 Nodes = 4 
Connected E2 nodes = 4
[xAPP] Registered node 0 ran func id = 2
[xAPP] Registered node 0 ran func id = 3
[xAPP] Registered node 0 ran func id = 142
[xAPP] Registered node 0 ran func id = 143
[xAPP] Registered node 0 ran func id = 144
[xAPP] Registered node 0 ran func id = 145
[xAPP] Registered node 0 ran func id = 146
[xAPP] Registered node 0 ran func id = 148
[xApp]: E42 RIC SUBSCRIPTION REQUEST tx RAN_FUNC_ID 144 RIC_REQ_ID 1 
[xApp]: SUBSCRIPTION RESPONSE rx
[xApp]: Successfully subscribed to RAN_FUNC_ID 144 
[xAPP] Registered node 1 ran func id = 2
[xAPP] Registered node 1 ran func id = 3
[xAPP] Registered node 1 ran func id = 142
[xAPP] Registered node 1 ran func id = 143
[xAPP] Registered node 1 ran func id = 144
[xAPP] Registered node 1 ran func id = 145
[xAPP] Registered node 1 ran func id = 146
[xAPP] Registered node 1 ran func id = 148
[xAPP] Registered node 2 ran func id = 2
[xAPP] Registered node 2 ran func id = 3
[xAPP] Registered node 2 ran func id = 142
[xAPP] Registered node 2 ran func id = 143
[xAPP] Registered node 2 ran func id = 144
[xAPP] Registered node 2 ran func id = 145
[xAPP] Registered node 2 ran func id = 146
[xAPP] Registered node 2 ran func id = 148
[xApp]: E42 RIC SUBSCRIPTION REQUEST tx RAN_FUNC_ID 142 RIC_REQ_ID 2 
7 ms | now=1755815452085481 us | PDCP ind_msg latency=71856988 us
[xApp]: SUBSCRIPTION RESPONSE rx
[xApp]: Successfully subscribed to RAN_FUNC_ID 142 
[xAPP] Registered node 3 ran func id = 2
[xAPP] Registered node 3 ran func id = 3
[xAPP] Registered node 3 ran func id = 142
[xAPP] Registered node 3 ran func id = 143
[xAPP] Registered node 3 ran func id = 144
[xAPP] Registered node 3 ran func id = 145
[xAPP] Registered node 3 ran func id = 146
[xAPP] Registered node 3 ran func id = 148
[xApp]: E42 RIC SUBSCRIPTION REQUEST tx RAN_FUNC_ID 142 RIC_REQ_ID 3 
[xApp]: SUBSCRIPTION RESPONSE rx
[xApp]: Successfully subscribed to RAN_FUNC_ID 142 
475 ms [UE 30040] UL Throughput = 0.06493 Mbps
475 ms [UE 42234] UL Throughput = 0.05634 Mbps
574 ms [UE 30040] UL Throughput = 0.07619 Mbps
574 ms [UE 42234] UL Throughput = 0.02728 Mbps
669 ms [UE 30040] UL Throughput = 0.0 Mbps
669 ms [UE 42234] UL Throughput = 0.0 Mbps
674 ms [UE 30040] UL Throughput = 0.06175 Mbps
674 ms [UE 42234] UL Throughput = 0.03853 Mbps
797 ms [UE 30040] UL Throughput = 0.10945 Mbps
797 ms [UE 42234] UL Throughput = 0.0 Mbps
874 ms [UE 30040] UL Throughput = 0.09 Mbps
987 ms [UE 30040] UL Throughput = 0.0 Mbps
993 ms [UE 30040] UL Throughput = 0.0 Mbps
993 ms [UE 42234] UL Throughput = 0.0 Mbps
1101 ms [UE 30040] UL Throughput = 0.0 Mbps
1101 ms [UE 42234] UL Throughput = 0.1002 Mbps
1168 ms [UE 30040] UL Throughput = 0.02112 Mbps
1168 ms [UE 42234] UL Throughput = 0.12915 Mbps
1251 ms [UE 42234] UL Throughput = 0.0 Mbps
1375 ms [UE 30040] UL Throughput = 0.06148 Mbps
1375 ms [UE 42234] UL Throughput = 0.06901 Mbps
1477 ms [UE 30040] UL Throughput = 0.08937 Mbps
1477 ms [UE 42234] UL Throughput = 0.0 Mbps
1581 ms [UE 30040] UL Throughput = 0.0797 Mbps
1581 ms [UE 42234] UL Throughput = 0.07896 Mbps
1682 ms [UE 30040] UL Throughput = 0.0 Mbps
1795 ms [UE 30040] UL Throughput = 0.0 Mbps
1795 ms [UE 42234] UL Throughput = 0.0 Mbps
1900 ms [UE 30040] UL Throughput = 0.05446 Mbps
1900 ms [UE 42234] UL Throughput = 0.01603 Mbps
1991 ms [UE 42234] UL Throughput = 0.0 Mbps
2078 ms [UE 30040] UL Throughput = 0.0 Mbps
2078 ms [UE 42234] UL Throughput = 0.04374 Mbps
2158 ms [UE 30040] UL Throughput = 0.0 Mbps
2158 ms [UE 42234] UL Throughput = 0.0 Mbps
2256 ms [UE 30040] UL Throughput = 0.0 Mbps
2256 ms [UE 42234] UL Throughput = 0.0299 Mbps
2363 ms [UE 30040] UL Throughput = 0.11906 Mbps
2365 ms [UE 30040] UL Throughput = 0.0 Mbps
2365 ms [UE 42234] UL Throughput = 0.08774 Mbps
2452 ms [UE 30040] UL Throughput = 0.0 Mbps
2452 ms [UE 42234] UL Throughput = 0.0 Mbps
2566 ms [UE 30040] UL Throughput = 0.0 Mbps
2566 ms [UE 42234] UL Throughput = 0.0 Mbps
2655 ms [UE 30040] UL Throughput = 0.0 Mbps
2655 ms [UE 42234] UL Throughput = 0.05517 Mbps
2740 ms [UE 30040] UL Throughput = 0.0 Mbps
2740 ms [UE 42234] UL Throughput = 0.01203 Mbps
2836 ms [UE 30040] UL Throughput = 0.06028 Mbps
2840 ms [UE 30040] UL Throughput = 0.0 Mbps
2840 ms [UE 42234] UL Throughput = 0.02508 Mbps
2955 ms [UE 30040] UL Throughput = 0.0 Mbps
2955 ms [UE 42234] UL Throughput = 0.0 Mbps
3041 ms [UE 30040] UL Throughput = 0.0 Mbps
3041 ms [UE 42234] UL Throughput = 0.04242 Mbps
3142 ms [UE 30040] UL Throughput = 0.0665 Mbps
3142 ms [UE 42234] UL Throughput = 0.0584 Mbps
3229 ms [UE 30040] UL Throughput = 0.0 Mbps
3229 ms [UE 42234] UL Throughput = 0.06927 Mbps
3233 ms [UE 30040] UL Throughput = 0.0 Mbps
3233 ms [UE 42234] UL Throughput = 0.0 Mbps
3333 ms [UE 42234] UL Throughput = 0.08546 Mbps
3425 ms [UE 30040] UL Throughput = 0.05765 Mbps
3425 ms [UE 42234] UL Throughput = 0.07413 Mbps
3526 ms [UE 30040] UL Throughput = 0.02496 Mbps
3526 ms [UE 42234] UL Throughput = 0.0 Mbps
3625 ms [UE 30040] UL Throughput = 0.01906 Mbps
3716 ms [UE 30040] UL Throughput = 0.07916 Mbps
3716 ms [UE 42234] UL Throughput = 0.0 Mbps
3804 ms [UE 30040] UL Throughput = 0.09881 Mbps
3804 ms [UE 42234] UL Throughput = 0.0684 Mbps
3894 ms [UE 30040] UL Throughput = 0.02717 Mbps
3894 ms [UE 42234] UL Throughput = 0.0 Mbps
4022 ms [UE 30040] UL Throughput = 0.0 Mbps
4022 ms [UE 42234] UL Throughput = 0.0 Mbps
4116 ms [UE 30040] UL Throughput = 0.08688 Mbps
4116 ms [UE 42234] UL Throughput = 0.09874 Mbps
4206 ms [UE 30040] UL Throughput = 0.08755 Mbps
4206 ms [UE 42234] UL Throughput = 0.0 Mbps
4297 ms [UE 30040] UL Throughput = 0.07073 Mbps
4297 ms [UE 42234] UL Throughput = 0.09567 Mbps
4393 ms [UE 30040] UL Throughput = 0.0 Mbps
4393 ms [UE 42234] UL Throughput = 0.0 Mbps
4472 ms [UE 30040] UL Throughput = 0.07266 Mbps
4472 ms [UE 42234] UL Throughput = 0.04193 Mbps
4474 ms [UE 30040] UL Throughput = 0.09662 Mbps
4474 ms [UE 42234] UL Throughput = 0.08816 Mbps
4582 ms [UE 30040] UL Throughput = 0.0 Mbps
4582 ms [UE 42234] UL Throughput = 0.0 Mbps
4694 ms [UE 30040] UL Throughput = 0.09373 Mbps
4694 ms [UE 42234] UL Throughput = 0.0 Mbps
4829 ms [UE 30040] UL Throughput = 0.0 Mbps
4829 ms [UE 42234] UL Throughput = 0.09552 Mbps
4945 ms [UE 42234] UL Throughput = 0.0 Mbps
5039 ms [UE 30040] UL Throughput = 0.0 Mbps
5039 ms [UE 42234] UL Throughput = 0.0 Mbps
5145 ms [UE 30040] UL Throughput = 0.05622 Mbps
5145 ms [UE 42234] UL Throughput = 0.0 Mbps
5253 ms [UE 30040] UL Throughput = 0.0 Mbps
5365 ms [UE 30040] UL Throughput = 0.0 Mbps
5451 ms [UE 30040] UL Throughput = 0.0 Mbps
5451 ms [UE 42234] UL Throughput = 0.0 Mbps
5559 ms [UE 30040] UL Throughput = 0.0 Mbps
5559 ms [UE 42234] UL Throughput = 0.0 Mbps
5562 ms [UE 30040] UL Throughput = 0.0801 Mbps
5562 ms [UE 42234] UL Throughput = 0.12482 Mbps
5568 ms [UE 30040] UL Throughput = 0.0 Mbps
5568 ms [UE 42234] UL Throughput = 0.04913 Mbps
5667 ms [UE 30040] UL Throughput = 0.07582 Mbps
5667 ms [UE 42234] UL Throughput = 0.0 Mbps
5756 ms [UE 30040] UL Throughput = 0.12879 Mbps
5756 ms [UE 42234] UL Throughput = 0.05857 Mbps
5852 ms [UE 30040] UL Throughput = 0.05321 Mbps
5852 ms [UE 42234] UL Throughput = 0.02021 Mbps
5959 ms [UE 30040] UL Throughput = 0.0 Mbps
5959 ms [UE 42234] UL Throughput = 0.0 Mbps
6055 ms [UE 30040] UL Throughput = 0.01407 Mbps
6177 ms [UE 30040] UL Throughput = 0.0 Mbps
6177 ms [UE 42234] UL Throughput = 0.0786 Mbps
6287 ms [UE 30040] UL Throughput = 0.0112 Mbps
6287 ms [UE 42234] UL Throughput = 0.0 Mbps
6394 ms [UE 30040] UL Throughput = 0.0 Mbps
6395 ms [UE 42234] UL Throughput = 0.06273 Mbps
6510 ms [UE 30040] UL Throughput = 0.0 Mbps
6510 ms [UE 42234] UL Throughput = 0.07981 Mbps
6610 ms [UE 30040] UL Throughput = 0.0 Mbps
6610 ms [UE 42234] UL Throughput = 0.02716 Mbps
6614 ms [UE 30040] UL Throughput = 0.0 Mbps
6614 ms [UE 42234] UL Throughput = 0.0 Mbps
6691 ms [UE 30040] UL Throughput = 0.0 Mbps
6691 ms [UE 42234] UL Throughput = 0.0 Mbps
6811 ms [UE 30040] UL Throughput = 0.01058 Mbps
6811 ms [UE 42234] UL Throughput = 0.0 Mbps
6936 ms [UE 30040] UL Throughput = 0.02729 Mbps
6936 ms [UE 42234] UL Throughput = 0.0 Mbps
7018 ms [UE 30040] UL Throughput = 0.09224 Mbps
7019 ms [UE 30040] UL Throughput = 0.05556 Mbps
7019 ms [UE 42234] UL Throughput = 0.02146 Mbps
7122 ms [UE 30040] UL Throughput = 0.03575 Mbps
7122 ms [UE 42234] UL Throughput = 0.09262 Mbps
7127 ms [UE 30040] UL Throughput = 0.04074 Mbps
7127 ms [UE 42234] UL Throughput = 0.0 Mbps
7230 ms [UE 30040] UL Throughput = 0.06984 Mbps
7230 ms [UE 42234] UL Throughput = 0.0 Mbps
7324 ms [UE 30040] UL Throughput = 0.05155 Mbps
7325 ms [UE 30040] UL Throughput = 0.04045 Mbps
7325 ms [UE 42234] UL Throughput = 0.01296 Mbps
7329 ms [UE 30040] UL Throughput = 0.01615 Mbps
7329 ms [UE 42234] UL Throughput = 0.03634 Mbps
7428 ms [UE 30040] UL Throughput = 0.0 Mbps
7428 ms [UE 42234] UL Throughput = 0.04663 Mbps
7541 ms [UE 30040] UL Throughput = 0.0708 Mbps
7541 ms [UE 42234] UL Throughput = 0.0 Mbps
7618 ms [UE 30040] UL Throughput = 0.0 Mbps
7618 ms [UE 42234] UL Throughput = 0.04939 Mbps
7624 ms [UE 42234] UL Throughput = 0.14997 Mbps
7716 ms [UE 30040] UL Throughput = 0.0 Mbps
7716 ms [UE 42234] UL Throughput = 0.0 Mbps
7788 ms [UE 30040] UL Throughput = 0.05513 Mbps
7788 ms [UE 42234] UL Throughput = 0.06726 Mbps
7868 ms [UE 30040] UL Throughput = 0.0 Mbps
7868 ms [UE 42234] UL Throughput = 0.0 Mbps
8001 ms [UE 30040] UL Throughput = 0.01127 Mbps
8001 ms [UE 42234] UL Throughput = 0.0 Mbps
8081 ms [UE 30040] UL Throughput = 0.0199 Mbps
8081 ms [UE 42234] UL Throughput = 0.0 Mbps
8188 ms [UE 30040] UL Throughput = 0.0 Mbps
8188 ms [UE 42234] UL Throughput = 0.0 Mbps
8279 ms [UE 30040] UL Throughput = 0.08574 Mbps
8279 ms [UE 42234] UL Throughput = 0.0 Mbps
8402 ms [UE 30040] UL Throughput = 0.0 Mbps
8402 ms [UE 42234] UL Throughput = 0.0 Mbps
8489 ms [UE 30040] UL Throughput = 0.0 Mbps
8489 ms [UE 42234] UL Throughput = 0.045 Mbps
8587 ms [UE 30040] UL Throughput = 0.0 Mbps
8587 ms [UE 42234] UL Throughput = 0.05666 Mbps
8590 ms [UE 30040] UL Throughput = 0.04404 Mbps
8590 ms [UE 42234] UL Throughput = 0.07667 Mbps
8689 ms [UE 30040] UL Throughput = 0.0 Mbps
8689 ms [UE 42234] UL Throughput = 0.0 Mbps
8789 ms [UE 30040] UL Throughput = 0.08967 Mbps
8789 ms [UE 42234] UL Throughput = 0.0 Mbps
8865 ms [UE 42234] UL Throughput = 0.15481 Mbps
8951 ms [UE 30040] UL Throughput = 0.0 Mbps
8951 ms [UE 42234] UL Throughput = 0.06933 Mbps
9057 ms [UE 30040] UL Throughput = 0.08803 Mbps
9057 ms [UE 42234] UL Throughput = 0.06331 Mbps
9059 ms [UE 30040] UL Throughput = 0.03901 Mbps
9059 ms [UE 42234] UL Throughput = 0.06476 Mbps
9155 ms [UE 30040] UL Throughput = 0.0 Mbps
9155 ms [UE 42234] UL Throughput = 0.09325 Mbps
9259 ms [UE 30040] UL Throughput = 0.0 Mbps
9262 ms [UE 42234] UL Throughput = 0.0 Mbps
9364 ms [UE 30040] UL Throughput = 0.0 Mbps
9364 ms [UE 42234] UL Throughput = 0.0155 Mbps
9487 ms [UE 30040] UL Throughput = 0.0 Mbps
9487 ms [UE 42234] UL Throughput = 0.0 Mbps
9576 ms [UE 42234] UL Throughput = 0.0 Mbps
9697 ms [UE 30040] UL Throughput = 0.03579 Mbps
9697 ms [UE 42234] UL Throughput = 0.08654 Mbps
9793 ms [UE 30040] UL Throughput = 0.05051 Mbps
9793 ms [UE 42234] UL Throughput = 0.08671 Mbps
9899 ms [UE 30040] UL Throughput = 0.02689 Mbps
9899 ms [UE 42234] UL Throughput = 0.0 Mbps
9991 ms [UE 30040] UL Throughput = 0.05833 Mbps
9991 ms [UE 42234] UL Throughput = 0.06054 Mbps
10063 ms [UE 42234] UL Throughput = 0.06271 Mbps
10166 ms [UE 30040] UL Throughput = 0.0 Mbps
10166 ms [UE 42234] UL Throughput = 0.06289 Mbps
10252 ms [UE 30040] UL Throughput = 0.0 Mbps
10252 ms [UE 42234] UL Throughput = 0.04102 Mbps
10343 ms [UE 30040] UL Throughput = 0.0479 Mbps
10343 ms [UE 42234] UL Throughput = 0.0 Mbps
10428 ms [UE 30040] UL Throughput = 0.0 Mbps
10538 ms [UE 30040] UL Throughput = 0.0 Mbps
10544 ms [UE 30040] UL Throughput = 0.0 Mbps
10544 ms [UE 42234] UL Throughput = 0.0 Mbps
10623 ms [UE 30040] UL Throughput = 0.0647 Mbps
10683 ms [UE 30040] UL Throughput = 0.02062 Mbps
10683 ms [UE 42234] UL Throughput = 0.0 Mbps
10777 ms [UE 30040] UL Throughput = 0.0 Mbps
10777 ms [UE 42234] UL Throughput = 0.0 Mbps
10890 ms [UE 30040] UL Throughput = 0.07087 Mbps
10890 ms [UE 42234] UL Throughput = 0.03079 Mbps
10992 ms [UE 42234] UL Throughput = 0.06871 Mbps
11103 ms [UE 30040] UL Throughput = 0.02283 Mbps
11103 ms [UE 42234] UL Throughput = 0.0 Mbps
11105 ms [UE 30040] UL Throughput = 0.02464 Mbps
11188 ms [UE 30040] UL Throughput = 0.0 Mbps
11188 ms [UE 42234] UL Throughput = 0.0 Mbps
11288 ms [UE 30040] UL Throughput = 0.0 Mbps
11288 ms [UE 42234] UL Throughput = 0.01075 Mbps
11368 ms [UE 30040] UL Throughput = 0.0 Mbps
11368 ms [UE 42234] UL Throughput = 0.08061 Mbps
11449 ms [UE 30040] UL Throughput = 0.0563 Mbps
11449 ms [UE 42234] UL Throughput = 0.0 Mbps
11551 ms [UE 30040] UL Throughput = 0.0 Mbps
11551 ms [UE 42234] UL Throughput = 0.07247 Mbps
11644 ms [UE 30040] UL Throughput = 0.0 Mbps
11772 ms [UE 30040] UL Throughput = 0.0 Mbps
11772 ms [UE 42234] UL Throughput = 0.05721 Mbps
11778 ms [UE 30040] UL Throughput = 0.05055 Mbps
11778 ms [UE 42234] UL Throughput = 0.02478 Mbps
11864 ms [UE 30040] UL Throughput = 0.0 Mbps
11864 ms [UE 42234] UL Throughput = 0.0 Mbps
11970 ms [UE 30040] UL Throughput = 0.02594 Mbps
12054 ms [UE 30040] UL Throughput = 0.06705 Mbps
12054 ms [UE 42234] UL Throughput = 0.0 Mbps
12146 ms [UE 30040] UL Throughput = 0.09764 Mbps
12146 ms [UE 42234] UL Throughput = 0.03365 Mbps
12225 ms [UE 30040] UL Throughput = 0.0 Mbps
12225 ms [UE 42234] UL Throughput = 0.09798 Mbps
12317 ms [UE 30040] UL Throughput = 0.01592 Mbps
12317 ms [UE 42234] UL Throughput = 0.094 Mbps
12323 ms [UE 30040] UL Throughput = 0.07772 Mbps
12323 ms [UE 42234] UL Throughput = 0.01548 Mbps
12449 ms [UE 30040] UL Throughput = 0.0 Mbps
12449 ms [UE 42234] UL Throughput = 0.01428 Mbps
12569 ms [UE 42234] UL Throughput = 0.0645 Mbps
12651 ms [UE 30040] UL Throughput = 0.0271 Mbps
12651 ms [UE 42234] UL Throughput = 0.07904 Mbps
12652 ms [UE 30040] UL Throughput = 0.0 Mbps
12652 ms [UE 42234] UL Throughput = 0.02831 Mbps
12658 ms [UE 30040] UL Throughput = 0.07799 Mbps
12658 ms [UE 42234] UL Throughput = 0.0 Mbps
12788 ms [UE 30040] UL Throughput = 0.06005 Mbps
12788 ms [UE 42234] UL Throughput = 0.11324 Mbps
12896 ms [UE 30040] UL Throughput = 0.0331 Mbps
12896 ms [UE 42234] UL Throughput = 0.0 Mbps
12985 ms [UE 30040] UL Throughput = 0.0 Mbps
12991 ms [UE 30040] UL Throughput = 0.0 Mbps
12991 ms [UE 42234] UL Throughput = 0.0 Mbps
12992 ms [UE 30040] UL Throughput = 0.02107 Mbps
12992 ms [UE 42234] UL Throughput = 0.08065 Mbps
13060 ms [UE 30040] UL Throughput = 0.0 Mbps
13060 ms [UE 42234] UL Throughput = 0.0 Mbps
13168 ms [UE 42234] UL Throughput = 0.05984 Mbps
13273 ms [UE 42234] UL Throughput = 0.0 Mbps
13278 ms [UE 30040] UL Throughput = 0.06746 Mbps
13278 ms [UE 42234] UL Throughput = 0.0 Mbps
13386 ms [UE 30040] UL Throughput = 0.0 Mbps
13477 ms [UE 30040] UL Throughput = 0.0 Mbps
13477 ms [UE 42234] UL Throughput = 0.0 Mbps
13589 ms [UE 30040] UL Throughput = 0.0 Mbps
13589 ms [UE 42234] UL Throughput = 0.04257 Mbps
13683 ms [UE 30040] UL Throughput = 0.0 Mbps
13683 ms [UE 42234] UL Throughput = 0.0 Mbps
13795 ms [UE 30040] UL Throughput = 0.04816 Mbps
13911 ms [UE 30040] UL Throughput = 0.0 Mbps
13911 ms [UE 42234] UL Throughput = 0.0742 Mbps
14022 ms [UE 30040] UL Throughput = 0.0582 Mbps
14022 ms [UE 42234] UL Throughput = 0.09571 Mbps
14102 ms [UE 42234] UL Throughput = 0.09512 Mbps
14197 ms [UE 30040] UL Throughput = 0.0 Mbps
14197 ms [UE 42234] UL Throughput = 0.0 Mbps
14201 ms [UE 30040] UL Throughput = 0.0889 Mbps
14201 ms [UE 42234] UL Throughput = 0.0 Mbps
14205 ms [UE 30040] UL Throughput = 0.07651 Mbps
14205 ms [UE 42234] UL Throughput = 0.0 Mbps
14297 ms [UE 30040] UL Throughput = 0.0782 Mbps
14297 ms [UE 42234] UL Throughput = 0.12146 Mbps
14393 ms [UE 30040] UL Throughput = 0.09992 Mbps
14393 ms [UE 42234] UL Throughput = 0.0 Mbps
14458 ms [UE 30040] UL Throughput = 0.0 Mbps
14458 ms [UE 42234] UL Throughput = 0.07735 Mbps
14570 ms [UE 30040] UL Throughput = 0.01258 Mbps
14570 ms [UE 42234] UL Throughput = 0.0 Mbps
14659 ms [UE 30040] UL Throughput = 0.0 Mbps
14659 ms [UE 42234] UL Throughput = 0.06351 Mbps
14733 ms [UE 30040] UL Throughput = 0.05685 Mbps
14832 ms [UE 30040] UL Throughput = 0.06369 Mbps
14923 ms [UE 30040] UL Throughput = 0.0 Mbps
14923 ms [UE 42234] UL Throughput = 0.0 Mbps
15023 ms [UE 42234] UL Throughput = 0.07858 Mbps
15028 ms [UE 42234] UL Throughput = 0.04915 Mbps
15029 ms [UE 30040] UL Throughput = 0.0 Mbps
15029 ms [UE 42234] UL Throughput = 0.11118 Mbps
15140 ms [UE 42234] UL Throughput = 0.0 Mbps
15206 ms [UE 30040] UL Throughput = 0.0 Mbps
15206 ms [UE 42234] UL Throughput = 0.04902 Mbps
15308 ms [UE 30040] UL Throughput = 0.16425 Mbps
15308 ms [UE 42234] UL Throughput = 0.0 Mbps
15400 ms [UE 30040] UL Throughput = 0.0 Mbps
15470 ms [UE 30040] UL Throughput = 0.02851 Mbps
15470 ms [UE 42234] UL Throughput = 0.0 Mbps
15569 ms [UE 30040] UL Throughput = 0.02134 Mbps
15569 ms [UE 42234] UL Throughput = 0.0 Mbps
15670 ms [UE 30040] UL Throughput = 0.0 Mbps
15670 ms [UE 42234] UL Throughput = 0.08618 Mbps
15759 ms [UE 30040] UL Throughput = 0.06743 Mbps
15759 ms [UE 42234] UL Throughput = 0.04542 Mbps
15858 ms [UE 30040] UL Throughput = 0.01498 Mbps
15858 ms [UE 42234] UL Throughput = 0.0 Mbps
15938 ms [UE 30040] UL Throughput = 0.05333 Mbps
16028 ms [UE 30040] UL Throughput = 0.0285 Mbps
16028 ms [UE 42234] UL Throughput = 0.0 Mbps
16034 ms [UE 42234] UL Throughput = 0.04176 Mbps
16123 ms [UE 30040] UL Throughput = 0.0 Mbps
16123 ms [UE 42234] UL Throughput = 0.07414 Mbps
16214 ms [UE 30040] UL Throughput = 0.0928 Mbps
16214 ms [UE 42234] UL Throughput = 0.0973 Mbps
16332 ms [UE 30040] UL Throughput = 0.0 Mbps
16332 ms [UE 42234] UL Throughput = 0.07573 Mbps
16424 ms [UE 30040] UL Throughput = 0.0 Mbps
16424 ms [UE 42234] UL Throughput = 0.0172 Mbps
16507 ms [UE 30040] UL Throughput = 0.07737 Mbps
16507 ms [UE 42234] UL Throughput = 0.03911 Mbps
16628 ms [UE 30040] UL Throughput = 0.0626 Mbps
16628 ms [UE 42234] UL Throughput = 0.0 Mbps
16731 ms [UE 30040] UL Throughput = 0.0421 Mbps
16731 ms [UE 42234] UL Throughput = 0.09922 Mbps
16834 ms [UE 30040] UL Throughput = 0.0 Mbps
16834 ms [UE 42234] UL Throughput = 0.0 Mbps
16943 ms [UE 30040] UL Throughput = 0.0 Mbps
16943 ms [UE 42234] UL Throughput = 0.0 Mbps
17022 ms [UE 30040] UL Throughput = 0.0 Mbps
17022 ms [UE 42234] UL Throughput = 0.0 Mbps
17119 ms [UE 30040] UL Throughput = 0.0 Mbps
17119 ms [UE 42234] UL Throughput = 0.08332 Mbps
17125 ms [UE 30040] UL Throughput = 0.09062 Mbps
17125 ms [UE 42234] UL Throughput = 0.12452 Mbps
17223 ms [UE 30040] UL Throughput = 0.0 Mbps
17223 ms [UE 42234] UL Throughput = 0.0 Mbps
17227 ms [UE 30040] UL Throughput = 0.0394 Mbps
17227 ms [UE 42234] UL Throughput = 0.03128 Mbps
17229 ms [UE 30040] UL Throughput = 0.05052 Mbps
17234 ms [UE 30040] UL Throughput = 0.09969 Mbps
17234 ms [UE 42234] UL Throughput = 0.0 Mbps
17360 ms [UE 42234] UL Throughput = 0.07575 Mbps
17456 ms [UE 30040] UL Throughput = 0.0 Mbps
17456 ms [UE 42234] UL Throughput = 0.0 Mbps
17521 ms [UE 30040] UL Throughput = 0.05005 Mbps
17521 ms [UE 42234] UL Throughput = 0.0 Mbps
17602 ms [UE 30040] UL Throughput = 0.0 Mbps
17602 ms [UE 42234] UL Throughput = 0.08646 Mbps
17604 ms [UE 42234] UL Throughput = 0.01668 Mbps
17702 ms [UE 30040] UL Throughput = 0.02618 Mbps
17702 ms [UE 42234] UL Throughput = 0.06285 Mbps
17797 ms [UE 30040] UL Throughput = 0.0 Mbps
17797 ms [UE 42234] UL Throughput = 0.075 Mbps
17803 ms [UE 30040] UL Throughput = 0.0 Mbps
17803 ms [UE 42234] UL Throughput = 0.06429 Mbps
17891 ms [UE 42234] UL Throughput = 0.01654 Mbps
17997 ms [UE 30040] UL Throughput = 0.0272 Mbps
17997 ms [UE 42234] UL Throughput = 0.09959 Mbps
18001 ms [UE 30040] UL Throughput = 0.0 Mbps
18001 ms [UE 42234] UL Throughput = 0.08148 Mbps
18106 ms [UE 30040] UL Throughput = 0.0955 Mbps
18106 ms [UE 42234] UL Throughput = 0.04922 Mbps
18230 ms [UE 30040] UL Throughput = 0.04494 Mbps
18230 ms [UE 42234] UL Throughput = 0.04101 Mbps
18340 ms [UE 30040] UL Throughput = 0.0 Mbps
18340 ms [UE 42234] UL Throughput = 0.02896 Mbps
18438 ms [UE 30040] UL Throughput = 0.0 Mbps
18438 ms [UE 42234] UL Throughput = 0.0 Mbps
18553 ms [UE 30040] UL Throughput = 0.07755 Mbps
18553 ms [UE 42234] UL Throughput = 0.08088 Mbps
18669 ms [UE 30040] UL Throughput = 0.0 Mbps
18669 ms [UE 42234] UL Throughput = 0.0865 Mbps
18761 ms [UE 30040] UL Throughput = 0.0 Mbps
18761 ms [UE 42234] UL Throughput = 0.11407 Mbps
18883 ms [UE 30040] UL Throughput = 0.06971 Mbps
18883 ms [UE 42234] UL Throughput = 0.10358 Mbps
18981 ms [UE 30040] UL Throughput = 0.0 Mbps
18981 ms [UE 42234] UL Throughput = 0.0 Mbps
18985 ms [UE 30040] UL Throughput = 0.0 Mbps
18985 ms [UE 42234] UL Throughput = 0.0 Mbps
19089 ms [UE 30040] UL Throughput = 0.11683 Mbps
19089 ms [UE 42234] UL Throughput = 0.0 Mbps
19191 ms [UE 42234] UL Throughput = 0.0 Mbps
19296 ms [UE 30040] UL Throughput = 0.0 Mbps
19296 ms [UE 42234] UL Throughput = 0.06813 Mbps
19413 ms [UE 30040] UL Throughput = 0.0 Mbps
19501 ms [UE 30040] UL Throughput = 0.0 Mbps
19501 ms [UE 42234] UL Throughput = 0.0 Mbps
19607 ms [UE 30040] UL Throughput = 0.0 Mbps
19607 ms [UE 42234] UL Throughput = 0.07405 Mbps
19609 ms [UE 30040] UL Throughput = 0.0 Mbps
19609 ms [UE 42234] UL Throughput = 0.0 Mbps
19611 ms [UE 30040] UL Throughput = 0.0 Mbps
19611 ms [UE 42234] UL Throughput = 0.02455 Mbps
19719 ms [UE 30040] UL Throughput = 0.0 Mbps
19719 ms [UE 42234] UL Throughput = 0.0 Mbps
19819 ms [UE 30040] UL Throughput = 0.0 Mbps
19819 ms [UE 42234] UL Throughput = 0.07186 Mbps
19925 ms [UE 30040] UL Throughput = 0.0 Mbps
19925 ms [UE 42234] UL Throughput = 0.04089 Mbps
20049 ms [UE 30040] UL Throughput = 0.05606 Mbps
20049 ms [UE 42234] UL Throughput = 0.0677 Mbps
20153 ms [UE 30040] UL Throughput = 0.0 Mbps
20153 ms [UE 42234] UL Throughput = 0.01539 Mbps
20290 ms [UE 30040] UL Throughput = 0.0 Mbps
20290 ms [UE 42234] UL Throughput = 0.08776 Mbps
20296 ms [UE 30040] UL Throughput = 0.03746 Mbps
20296 ms [UE 42234] UL Throughput = 0.0 Mbps
20369 ms [UE 30040] UL Throughput = 0.03076 Mbps
20369 ms [UE 42234] UL Throughput = 0.03338 Mbps
20372 ms [UE 30040] UL Throughput = 0.0 Mbps
20372 ms [UE 42234] UL Throughput = 0.0 Mbps
20457 ms [UE 30040] UL Throughput = 0.06674 Mbps
20457 ms [UE 42234] UL Throughput = 0.0 Mbps
20560 ms [UE 30040] UL Throughput = 0.0 Mbps
20560 ms [UE 42234] UL Throughput = 0.03362 Mbps
20643 ms [UE 30040] UL Throughput = 0.0 Mbps
20643 ms [UE 42234] UL Throughput = 0.0 Mbps
20649 ms [UE 30040] UL Throughput = 0.0 Mbps
20649 ms [UE 42234] UL Throughput = 0.0 Mbps
20720 ms [UE 30040] UL Throughput = 0.0 Mbps
20720 ms [UE 42234] UL Throughput = 0.07254 Mbps
20793 ms [UE 30040] UL Throughput = 0.0 Mbps
20793 ms [UE 42234] UL Throughput = 0.0 Mbps
20906 ms [UE 30040] UL Throughput = 0.0 Mbps
20906 ms [UE 42234] UL Throughput = 0.12414 Mbps
21019 ms [UE 42234] UL Throughput = 0.05308 Mbps
21025 ms [UE 30040] UL Throughput = 0.01807 Mbps
21025 ms [UE 42234] UL Throughput = 0.08758 Mbps
21096 ms [UE 30040] UL Throughput = 0.07068 Mbps
21096 ms [UE 42234] UL Throughput = 0.0123 Mbps
21102 ms [UE 42234] UL Throughput = 0.0 Mbps
21211 ms [UE 30040] UL Throughput = 0.0 Mbps
21211 ms [UE 42234] UL Throughput = 0.08336 Mbps
21304 ms [UE 30040] UL Throughput = 0.03332 Mbps
21304 ms [UE 42234] UL Throughput = 0.08962 Mbps
21308 ms [UE 30040] UL Throughput = 0.0 Mbps
21308 ms [UE 42234] UL Throughput = 0.02997 Mbps
21411 ms [UE 42234] UL Throughput = 0.0 Mbps
21484 ms [UE 30040] UL Throughput = 0.0 Mbps
21484 ms [UE 42234] UL Throughput = 0.0 Mbps
21563 ms [UE 30040] UL Throughput = 0.0 Mbps
21563 ms [UE 42234] UL Throughput = 0.10576 Mbps
21648 ms [UE 30040] UL Throughput = 0.0 Mbps
21648 ms [UE 42234] UL Throughput = 0.03522 Mbps
21760 ms [UE 30040] UL Throughput = 0.11486 Mbps
21760 ms [UE 42234] UL Throughput = 0.0 Mbps
21763 ms [UE 30040] UL Throughput = 0.06756 Mbps
21763 ms [UE 42234] UL Throughput = 0.0 Mbps
21854 ms [UE 30040] UL Throughput = 0.09709 Mbps
21854 ms [UE 42234] UL Throughput = 0.09752 Mbps
21943 ms [UE 30040] UL Throughput = 0.0 Mbps
21943 ms [UE 42234] UL Throughput = 0.15836 Mbps
22038 ms [UE 30040] UL Throughput = 0.0 Mbps
22137 ms [UE 30040] UL Throughput = 0.01418 Mbps
22137 ms [UE 42234] UL Throughput = 0.09831 Mbps
22242 ms [UE 30040] UL Throughput = 0.0 Mbps
22242 ms [UE 42234] UL Throughput = 0.07373 Mbps
22347 ms [UE 30040] UL Throughput = 0.0 Mbps
22347 ms [UE 42234] UL Throughput = 0.0 Mbps
22483 ms [UE 30040] UL Throughput = 0.09064 Mbps
22483 ms [UE 42234] UL Throughput = 0.0 Mbps
22580 ms [UE 30040] UL Throughput = 0.04956 Mbps
22580 ms [UE 42234] UL Throughput = 0.07759 Mbps
22666 ms [UE 30040] UL Throughput = 0.0 Mbps
22666 ms [UE 42234] UL Throughput = 0.01796 Mbps
22764 ms [UE 30040] UL Throughput = 0.0 Mbps
22764 ms [UE 42234] UL Throughput = 0.0 Mbps
22852 ms [UE 30040] UL Throughput = 0.09179 Mbps
22852 ms [UE 42234] UL Throughput = 0.0 Mbps
22858 ms [UE 30040] UL Throughput = 0.01646 Mbps
22858 ms [UE 42234] UL Throughput = 0.18215 Mbps
22956 ms [UE 30040] UL Throughput = 0.06291 Mbps
22956 ms [UE 42234] UL Throughput = 0.0 Mbps
22960 ms [UE 30040] UL Throughput = 0.0 Mbps
22960 ms [UE 42234] UL Throughput = 0.07408 Mbps
23090 ms [UE 30040] UL Throughput = 0.0 Mbps
23090 ms [UE 42234] UL Throughput = 0.0 Mbps
23190 ms [UE 30040] UL Throughput = 0.04445 Mbps
23190 ms [UE 42234] UL Throughput = 0.05569 Mbps
23298 ms [UE 30040] UL Throughput = 0.03596 Mbps
23298 ms [UE 42234] UL Throughput = 0.0 Mbps
23367 ms [UE 30040] UL Throughput = 0.02787 Mbps
23445 ms [UE 30040] UL Throughput = 0.0 Mbps
23445 ms [UE 42234] UL Throughput = 0.0 Mbps
23565 ms [UE 30040] UL Throughput = 0.04729 Mbps
23565 ms [UE 42234] UL Throughput = 0.05169 Mbps
23687 ms [UE 30040] UL Throughput = 0.0 Mbps
23687 ms [UE 42234] UL Throughput = 0.04944 Mbps
23779 ms [UE 30040] UL Throughput = 0.0 Mbps
23880 ms [UE 30040] UL Throughput = 0.0 Mbps
23880 ms [UE 42234] UL Throughput = 0.09918 Mbps
23985 ms [UE 30040] UL Throughput = 0.0 Mbps
23985 ms [UE 42234] UL Throughput = 0.0 Mbps
24091 ms [UE 42234] UL Throughput = 0.0 Mbps
24185 ms [UE 30040] UL Throughput = 0.0765 Mbps
24185 ms [UE 42234] UL Throughput = 0.0 Mbps
24293 ms [UE 30040] UL Throughput = 0.0 Mbps
24293 ms [UE 42234] UL Throughput = 0.04949 Mbps
24392 ms [UE 42234] UL Throughput = 0.01968 Mbps
24475 ms [UE 30040] UL Throughput = 0.07655 Mbps
24578 ms [UE 30040] UL Throughput = 0.0 Mbps
24578 ms [UE 42234] UL Throughput = 0.0 Mbps
24674 ms [UE 30040] UL Throughput = 0.06119 Mbps
24674 ms [UE 42234] UL Throughput = 0.0 Mbps
24768 ms [UE 30040] UL Throughput = 0.0 Mbps
24768 ms [UE 42234] UL Throughput = 0.09849 Mbps
24886 ms [UE 30040] UL Throughput = 0.0 Mbps
24886 ms [UE 42234] UL Throughput = 0.05695 Mbps
25004 ms [UE 30040] UL Throughput = 0.0 Mbps
25129 ms [UE 30040] UL Throughput = 0.09767 Mbps
25129 ms [UE 42234] UL Throughput = 0.0 Mbps
25135 ms [UE 30040] UL Throughput = 0.0 Mbps
25135 ms [UE 42234] UL Throughput = 0.02478 Mbps
25228 ms [UE 30040] UL Throughput = 0.05865 Mbps
25228 ms [UE 42234] UL Throughput = 0.0 Mbps
25324 ms [UE 30040] UL Throughput = 0.0 Mbps
25324 ms [UE 42234] UL Throughput = 0.13258 Mbps
25413 ms [UE 30040] UL Throughput = 0.0 Mbps
25413 ms [UE 42234] UL Throughput = 0.04136 Mbps
25416 ms [UE 42234] UL Throughput = 0.0 Mbps
25526 ms [UE 30040] UL Throughput = 0.0333 Mbps
25526 ms [UE 42234] UL Throughput = 0.01517 Mbps
25631 ms [UE 30040] UL Throughput = 0.04273 Mbps
25631 ms [UE 42234] UL Throughput = 0.08317 Mbps
25736 ms [UE 42234] UL Throughput = 0.07854 Mbps
25825 ms [UE 30040] UL Throughput = 0.0 Mbps
25825 ms [UE 42234] UL Throughput = 0.0 Mbps
25908 ms [UE 30040] UL Throughput = 0.0 Mbps
25908 ms [UE 42234] UL Throughput = 0.08559 Mbps
26013 ms [UE 30040] UL Throughput = 0.0 Mbps
26013 ms [UE 42234] UL Throughput = 0.05839 Mbps
26087 ms [UE 30040] UL Throughput = 0.05428 Mbps
26087 ms [UE 42234] UL Throughput = 0.0 Mbps
26175 ms [UE 42234] UL Throughput = 0.0335 Mbps
26260 ms [UE 30040] UL Throughput = 0.0 Mbps
26260 ms [UE 42234] UL Throughput = 0.07376 Mbps
26365 ms [UE 30040] UL Throughput = 0.0 Mbps
26365 ms [UE 42234] UL Throughput = 0.0 Mbps
26367 ms [UE 42234] UL Throughput = 0.03878 Mbps
26480 ms [UE 30040] UL Throughput = 0.08536 Mbps
26480 ms [UE 42234] UL Throughput = 0.06357 Mbps
26546 ms [UE 30040] UL Throughput = 0.0 Mbps
26658 ms [UE 30040] UL Throughput = 0.01663 Mbps
26658 ms [UE 42234] UL Throughput = 0.0 Mbps
26787 ms [UE 30040] UL Throughput = 0.03272 Mbps
26787 ms [UE 42234] UL Throughput = 0.0 Mbps
26896 ms [UE 30040] UL Throughput = 0.0 Mbps
26896 ms [UE 42234] UL Throughput = 0.08556 Mbps
27004 ms [UE 30040] UL Throughput = 0.0 Mbps
27004 ms [UE 42234] UL Throughput = 0.04403 Mbps
27007 ms [UE 30040] UL Throughput = 0.07812 Mbps
27096 ms [UE 30040] UL Throughput = 0.09753 Mbps
27096 ms [UE 42234] UL Throughput = 0.0 Mbps
27195 ms [UE 30040] UL Throughput = 0.08317 Mbps
27195 ms [UE 42234] UL Throughput = 0.0 Mbps
27323 ms [UE 30040] UL Throughput = 0.02141 Mbps
27323 ms [UE 42234] UL Throughput = 0.0 Mbps
27434 ms [UE 30040] UL Throughput = 0.0 Mbps
27434 ms [UE 42234] UL Throughput = 0.03995 Mbps
27540 ms [UE 30040] UL Throughput = 0.0583 Mbps
27663 ms [UE 30040] UL Throughput = 0.01108 Mbps
27663 ms [UE 42234] UL Throughput = 0.0227 Mbps
27666 ms [UE 30040] UL Throughput = 0.0 Mbps
27666 ms [UE 42234] UL Throughput = 0.01803 Mbps
27672 ms [UE 30040] UL Throughput = 0.0 Mbps
27672 ms [UE 42234] UL Throughput = 0.0 Mbps
27761 ms [UE 30040] UL Throughput = 0.05837 Mbps
27854 ms [UE 30040] UL Throughput = 0.05471 Mbps
27854 ms [UE 42234] UL Throughput = 0.0 Mbps
27953 ms [UE 30040] UL Throughput = 0.07706 Mbps
27953 ms [UE 42234] UL Throughput = 0.05591 Mbps
28043 ms [UE 30040] UL Throughput = 0.0 Mbps
28043 ms [UE 42234] UL Throughput = 0.06134 Mbps
28049 ms [UE 30040] UL Throughput = 0.07915 Mbps
28148 ms [UE 30040] UL Throughput = 0.0 Mbps
28148 ms [UE 42234] UL Throughput = 0.13092 Mbps
28243 ms [UE 30040] UL Throughput = 0.08514 Mbps
28243 ms [UE 42234] UL Throughput = 0.01881 Mbps
28244 ms [UE 30040] UL Throughput = 0.07987 Mbps
28244 ms [UE 42234] UL Throughput = 0.10338 Mbps
28326 ms [UE 30040] UL Throughput = 0.05183 Mbps
28326 ms [UE 42234] UL Throughput = 0.04274 Mbps
28401 ms [UE 30040] UL Throughput = 0.09428 Mbps
28401 ms [UE 42234] UL Throughput = 0.0 Mbps
28403 ms [UE 30040] UL Throughput = 0.0 Mbps
28403 ms [UE 42234] UL Throughput = 0.0 Mbps
28515 ms [UE 30040] UL Throughput = 0.061 Mbps
28515 ms [UE 42234] UL Throughput = 0.06428 Mbps
28618 ms [UE 30040] UL Throughput = 0.0 Mbps
28714 ms [UE 30040] UL Throughput = 0.08376 Mbps
28714 ms [UE 42234] UL Throughput = 0.07012 Mbps
28720 ms [UE 30040] UL Throughput = 0.03384 Mbps
28720 ms [UE 42234] UL Throughput = 0.0 Mbps
28841 ms [UE 30040] UL Throughput = 0.05645 Mbps
28841 ms [UE 42234] UL Throughput = 0.0 Mbps
28920 ms [UE 30040] UL Throughput = 0.07254 Mbps
28920 ms [UE 42234] UL Throughput = 0.0 Mbps
29027 ms [UE 30040] UL Throughput = 0.04486 Mbps
29138 ms [UE 30040] UL Throughput = 0.0 Mbps
29234 ms [UE 30040] UL Throughput = 0.0 Mbps
29234 ms [UE 42234] UL Throughput = 0.0 Mbps
29356 ms [UE 42234] UL Throughput = 0.05458 Mbps
29451 ms [UE 30040] UL Throughput = 0.0 Mbps
29451 ms [UE 42234] UL Throughput = 0.0 Mbps
29549 ms [UE 30040] UL Throughput = 0.08055 Mbps
29549 ms [UE 42234] UL Throughput = 0.01507 Mbps
29554 ms [UE 30040] UL Throughput = 0.09731 Mbps
29554 ms [UE 42234] UL Throughput = 0.02927 Mbps
29655 ms [UE 30040] UL Throughput = 0.0 Mbps
29655 ms [UE 42234] UL Throughput = 0.0 Mbps
29659 ms [UE 30040] UL Throughput = 0.0 Mbps
29659 ms [UE 42234] UL Throughput = 0.0 Mbps
29660 ms [UE 30040] UL Throughput = 0.0 Mbps
29660 ms [UE 42234] UL Throughput = 0.0 Mbps
29755 ms [UE 30040] UL Throughput = 0.07316 Mbps
29847 ms [UE 30040] UL Throughput = 0.05753 Mbps
29847 ms [UE 42234] UL Throughput = 0.02799 Mbps
29955 ms [UE 30040] UL Throughput = 0.09304 Mbps
29955 ms [UE 42234] UL Throughput = 0.0256 Mbps
29958 ms [UE 42234] UL Throughput = 0.09851 Mbps
30082 ms [UE 30040] UL Throughput = 0.0 Mbps
30199 ms [UE 30040] UL Throughput = 0.01404 Mbps
30199 ms [UE 42234] UL Throughput = 0.10585 Mbps
30304 ms [UE 30040] UL Throughput = 0.18062 Mbps
30304 ms [UE 42234] UL Throughput = 0.02014 Mbps
30305 ms [UE 30040] UL Throughput = 0.08722 Mbps
30311 ms [UE 30040] UL Throughput = 0.07865 Mbps
30311 ms [UE 42234] UL Throughput = 0.0 Mbps
30317 ms [UE 30040] UL Throughput = 0.0 Mbps
30317 ms [UE 42234] UL Throughput = 0.0 Mbps
30418 ms [UE 30040] UL Throughput = 0.0 Mbps
30503 ms [UE 30040] UL Throughput = 0.0 Mbps
30503 ms [UE 42234] UL Throughput = 0.03906 Mbps
30509 ms [UE 30040] UL Throughput = 0.0 Mbps
30509 ms [UE 42234] UL Throughput = 0.0 Mbps
30606 ms [UE 30040] UL Throughput = 0.0 Mbps
30606 ms [UE 42234] UL Throughput = 0.0 Mbps
30744 ms [UE 30040] UL Throughput = 0.0 Mbps
30744 ms [UE 42234] UL Throughput = 0.0 Mbps
30844 ms [UE 30040] UL Throughput = 0.07049 Mbps
30844 ms [UE 42234] UL Throughput = 0.04833 Mbps
30845 ms [UE 30040] UL Throughput = 0.0 Mbps
30845 ms [UE 42234] UL Throughput = 0.0854 Mbps
30846 ms [UE 30040] UL Throughput = 0.0 Mbps
30846 ms [UE 42234] UL Throughput = 0.07499 Mbps
30939 ms [UE 42234] UL Throughput = 0.0 Mbps
30940 ms [UE 30040] UL Throughput = 0.0 Mbps
30940 ms [UE 42234] UL Throughput = 0.0 Mbps
31046 ms [UE 30040] UL Throughput = 0.0 Mbps
31046 ms [UE 42234] UL Throughput = 0.0 Mbps
31152 ms [UE 30040] UL Throughput = 0.07404 Mbps
31152 ms [UE 42234] UL Throughput = 0.0 Mbps
31246 ms [UE 30040] UL Throughput = 0.08279 Mbps
31246 ms [UE 42234] UL Throughput = 0.08865 Mbps
31362 ms [UE 30040] UL Throughput = 0.0 Mbps
31362 ms [UE 42234] UL Throughput = 0.07674 Mbps
31473 ms [UE 30040] UL Throughput = 0.07293 Mbps
31473 ms [UE 42234] UL Throughput = 0.05137 Mbps
31572 ms [UE 30040] UL Throughput = 0.05492 Mbps
31572 ms [UE 42234] UL Throughput = 0.0865 Mbps
31663 ms [UE 30040] UL Throughput = 0.06334 Mbps
31757 ms [UE 30040] UL Throughput = 0.0 Mbps
31757 ms [UE 42234] UL Throughput = 0.0 Mbps
31856 ms [UE 30040] UL Throughput = 0.0 Mbps
31856 ms [UE 42234] UL Throughput = 0.0 Mbps
31860 ms [UE 30040] UL Throughput = 0.07774 Mbps
31860 ms [UE 42234] UL Throughput = 0.09634 Mbps
31951 ms [UE 30040] UL Throughput = 0.05727 Mbps
31951 ms [UE 42234] UL Throughput = 0.07057 Mbps
32079 ms [UE 30040] UL Throughput = 0.05568 Mbps
32079 ms [UE 42234] UL Throughput = 0.01252 Mbps
32158 ms [UE 30040] UL Throughput = 0.03885 Mbps
32158 ms [UE 42234] UL Throughput = 0.09518 Mbps
32276 ms [UE 30040] UL Throughput = 0.08138 Mbps
32276 ms [UE 42234] UL Throughput = 0.07896 Mbps
32401 ms [UE 30040] UL Throughput = 0.09472 Mbps
32401 ms [UE 42234] UL Throughput = 0.05503 Mbps
32403 ms [UE 30040] UL Throughput = 0.05455 Mbps
32403 ms [UE 42234] UL Throughput = 0.0 Mbps
32468 ms [UE 30040] UL Throughput = 0.0 Mbps
32468 ms [UE 42234] UL Throughput = 0.0 Mbps
32553 ms [UE 30040] UL Throughput = 0.0 Mbps
32553 ms [UE 42234] UL Throughput = 0.03273 Mbps
32633 ms [UE 30040] UL Throughput = 0.08474 Mbps
32633 ms [UE 42234] UL Throughput = 0.0 Mbps
32719 ms [UE 42234] UL Throughput = 0.01139 Mbps
32806 ms [UE 30040] UL Throughput = 0.0 Mbps
32806 ms [UE 42234] UL Throughput = 0.0619 Mbps
32932 ms [UE 30040] UL Throughput = 0.08195 Mbps
32932 ms [UE 42234] UL Throughput = 0.0 Mbps
33019 ms [UE 30040] UL Throughput = 0.03986 Mbps
33019 ms [UE 42234] UL Throughput = 0.0 Mbps
33093 ms [UE 30040] UL Throughput = 0.0 Mbps
33095 ms [UE 30040] UL Throughput = 0.0 Mbps
33095 ms [UE 42234] UL Throughput = 0.0 Mbps
33190 ms [UE 30040] UL Throughput = 0.0 Mbps
33190 ms [UE 42234] UL Throughput = 0.0 Mbps
33269 ms [UE 30040] UL Throughput = 0.08862 Mbps
33269 ms [UE 42234] UL Throughput = 0.05264 Mbps
33369 ms [UE 30040] UL Throughput = 0.01309 Mbps
33369 ms [UE 42234] UL Throughput = 0.08508 Mbps
33444 ms [UE 30040] UL Throughput = 0.01104 Mbps
33444 ms [UE 42234] UL Throughput = 0.0 Mbps
33534 ms [UE 30040] UL Throughput = 0.0 Mbps
33534 ms [UE 42234] UL Throughput = 0.0 Mbps
33627 ms [UE 30040] UL Throughput = 0.05871 Mbps
33734 ms [UE 30040] UL Throughput = 0.0 Mbps
33734 ms [UE 42234] UL Throughput = 0.05417 Mbps
33856 ms [UE 30040] UL Throughput = 0.07804 Mbps
33856 ms [UE 42234] UL Throughput = 0.0 Mbps
33938 ms [UE 30040] UL Throughput = 0.0437 Mbps
33938 ms [UE 42234] UL Throughput = 0.0 Mbps
34051 ms [UE 30040] UL Throughput = 0.08663 Mbps
34126 ms [UE 42234] UL Throughput = 0.0 Mbps
34241 ms [UE 30040] UL Throughput = 0.0 Mbps
34241 ms [UE 42234] UL Throughput = 0.01132 Mbps
34351 ms [UE 30040] UL Throughput = 0.03106 Mbps
34351 ms [UE 42234] UL Throughput = 0.09719 Mbps
34424 ms [UE 42234] UL Throughput = 0.06398 Mbps
34516 ms [UE 30040] UL Throughput = 0.06769 Mbps
34516 ms [UE 42234] UL Throughput = 0.0 Mbps
34638 ms [UE 30040] UL Throughput = 0.0 Mbps
34638 ms [UE 42234] UL Throughput = 0.09487 Mbps
34756 ms [UE 30040] UL Throughput = 0.01237 Mbps
34756 ms [UE 42234] UL Throughput = 0.0 Mbps
34843 ms [UE 30040] UL Throughput = 0.0156 Mbps
34843 ms [UE 42234] UL Throughput = 0.06566 Mbps
34952 ms [UE 30040] UL Throughput = 0.08894 Mbps
34952 ms [UE 42234] UL Throughput = 0.0 Mbps
34953 ms [UE 30040] UL Throughput = 0.04371 Mbps
34953 ms [UE 42234] UL Throughput = 0.02158 Mbps
35052 ms [UE 30040] UL Throughput = 0.03129 Mbps
35052 ms [UE 42234] UL Throughput = 0.08687 Mbps
35154 ms [UE 30040] UL Throughput = 0.09425 Mbps
35154 ms [UE 42234] UL Throughput = 0.09987 Mbps
35257 ms [UE 30040] UL Throughput = 0.0467 Mbps
35257 ms [UE 42234] UL Throughput = 0.03449 Mbps
35343 ms [UE 30040] UL Throughput = 0.03309 Mbps
35343 ms [UE 42234] UL Throughput = 0.08745 Mbps
35348 ms [UE 30040] UL Throughput = 0.0 Mbps
35348 ms [UE 42234] UL Throughput = 0.08296 Mbps
35435 ms [UE 30040] UL Throughput = 0.0 Mbps
35435 ms [UE 42234] UL Throughput = 0.04806 Mbps
35526 ms [UE 30040] UL Throughput = 0.0 Mbps
35526 ms [UE 42234] UL Throughput = 0.0 Mbps
35620 ms [UE 42234] UL Throughput = 0.04835 Mbps
35723 ms [UE 30040] UL Throughput = 0.09945 Mbps
35723 ms [UE 42234] UL Throughput = 0.0386 Mbps
35838 ms [UE 30040] UL Throughput = 0.06295 Mbps
35838 ms [UE 42234] UL Throughput = 0.01386 Mbps
35917 ms [UE 30040] UL Throughput = 0.02516 Mbps
35917 ms [UE 42234] UL Throughput = 0.09557 Mbps
35999 ms [UE 42234] UL Throughput = 0.0 Mbps
36000 ms [UE 30040] UL Throughput = 0.0 Mbps
36000 ms [UE 42234] UL Throughput = 0.0 Mbps
36110 ms [UE 30040] UL Throughput = 0.06084 Mbps
36110 ms [UE 42234] UL Throughput = 0.06591 Mbps
36217 ms [UE 30040] UL Throughput = 0.05528 Mbps
36217 ms [UE 42234] UL Throughput = 0.02747 Mbps
36325 ms [UE 30040] UL Throughput = 0.0 Mbps
36326 ms [UE 42234] UL Throughput = 0.0 Mbps
36411 ms [UE 30040] UL Throughput = 0.0 Mbps
36411 ms [UE 42234] UL Throughput = 0.0 Mbps
36519 ms [UE 30040] UL Throughput = 0.0 Mbps
36519 ms [UE 42234] UL Throughput = 0.08941 Mbps
36627 ms [UE 30040] UL Throughput = 0.0 Mbps
36627 ms [UE 42234] UL Throughput = 0.0 Mbps
36727 ms [UE 42234] UL Throughput = 0.0 Mbps
36828 ms [UE 30040] UL Throughput = 0.05929 Mbps
36927 ms [UE 30040] UL Throughput = 0.06076 Mbps
36927 ms [UE 42234] UL Throughput = 0.07147 Mbps
37019 ms [UE 30040] UL Throughput = 0.0 Mbps
37102 ms [UE 30040] UL Throughput = 0.05464 Mbps
37193 ms [UE 30040] UL Throughput = 0.0 Mbps
37193 ms [UE 42234] UL Throughput = 0.0 Mbps
37194 ms [UE 30040] UL Throughput = 0.12128 Mbps
37194 ms [UE 42234] UL Throughput = 0.0 Mbps
37277 ms [UE 30040] UL Throughput = 0.01024 Mbps
37277 ms [UE 42234] UL Throughput = 0.03933 Mbps
37278 ms [UE 30040] UL Throughput = 0.0 Mbps
37278 ms [UE 42234] UL Throughput = 0.02353 Mbps
37363 ms [UE 42234] UL Throughput = 0.09239 Mbps
37480 ms [UE 30040] UL Throughput = 0.07315 Mbps
37480 ms [UE 42234] UL Throughput = 0.0 Mbps
37606 ms [UE 30040] UL Throughput = 0.0 Mbps
37606 ms [UE 42234] UL Throughput = 0.04625 Mbps
37715 ms [UE 30040] UL Throughput = 0.0 Mbps
37715 ms [UE 42234] UL Throughput = 0.02081 Mbps
37717 ms [UE 30040] UL Throughput = 0.0 Mbps
37717 ms [UE 42234] UL Throughput = 0.07416 Mbps
37831 ms [UE 30040] UL Throughput = 0.0 Mbps
37831 ms [UE 42234] UL Throughput = 0.0 Mbps
37944 ms [UE 42234] UL Throughput = 0.0 Mbps
37950 ms [UE 42234] UL Throughput = 0.0 Mbps
38071 ms [UE 30040] UL Throughput = 0.01172 Mbps
38071 ms [UE 42234] UL Throughput = 0.03363 Mbps
38141 ms [UE 30040] UL Throughput = 0.07904 Mbps
38141 ms [UE 42234] UL Throughput = 0.01907 Mbps
38227 ms [UE 30040] UL Throughput = 0.03426 Mbps
38227 ms [UE 42234] UL Throughput = 0.06852 Mbps
38355 ms [UE 30040] UL Throughput = 0.0 Mbps
38355 ms [UE 42234] UL Throughput = 0.0 Mbps
38356 ms [UE 30040] UL Throughput = 0.0 Mbps
38356 ms [UE 42234] UL Throughput = 0.02968 Mbps
38458 ms [UE 30040] UL Throughput = 0.02928 Mbps
38458 ms [UE 42234] UL Throughput = 0.0 Mbps
38579 ms [UE 30040] UL Throughput = 0.0 Mbps
38579 ms [UE 42234] UL Throughput = 0.0 Mbps
38677 ms [UE 30040] UL Throughput = 0.01488 Mbps
38677 ms [UE 42234] UL Throughput = 0.0 Mbps
38782 ms [UE 30040] UL Throughput = 0.0 Mbps
38782 ms [UE 42234] UL Throughput = 0.0 Mbps
38857 ms [UE 30040] UL Throughput = 0.07676 Mbps
38857 ms [UE 42234] UL Throughput = 0.05948 Mbps
38952 ms [UE 30040] UL Throughput = 0.09002 Mbps
38952 ms [UE 42234] UL Throughput = 0.0 Mbps
39073 ms [UE 30040] UL Throughput = 0.04108 Mbps
39073 ms [UE 42234] UL Throughput = 0.0 Mbps
39162 ms [UE 30040] UL Throughput = 0.0 Mbps
39162 ms [UE 42234] UL Throughput = 0.08737 Mbps
39255 ms [UE 42234] UL Throughput = 0.0 Mbps
39351 ms [UE 30040] UL Throughput = 0.03813 Mbps
39351 ms [UE 42234] UL Throughput = 0.05505 Mbps
39457 ms [UE 30040] UL Throughput = 0.0 Mbps
39457 ms [UE 42234] UL Throughput = 0.0 Mbps
39552 ms [UE 42234] UL Throughput = 0.0 Mbps
39639 ms [UE 30040] UL Throughput = 0.01056 Mbps
39639 ms [UE 42234] UL Throughput = 0.0 Mbps
39642 ms [UE 30040] UL Throughput = 0.07759 Mbps
39642 ms [UE 42234] UL Throughput = 0.04508 Mbps
39731 ms [UE 30040] UL Throughput = 0.0 Mbps
39731 ms [UE 42234] UL Throughput = 0.01845 Mbps
39810 ms [UE 30040] UL Throughput = 0.09709 Mbps
39810 ms [UE 42234] UL Throughput = 0.04845 Mbps
39881 ms [UE 30040] UL Throughput = 0.04918 Mbps
39881 ms [UE 42234] UL Throughput = 0.0 Mbps
39887 ms [UE 30040] UL Throughput = 0.0 Mbps
39887 ms [UE 42234] UL Throughput = 0.07887 Mbps
39989 ms [UE 30040] UL Throughput = 0.03733 Mbps
39989 ms [UE 42234] UL Throughput = 0.0214 Mbps
40087 ms [UE 30040] UL Throughput = 0.0 Mbps
40087 ms [UE 42234] UL Throughput = 0.0 Mbps
40183 ms [UE 30040] UL Throughput = 0.06186 Mbps
40183 ms [UE 42234] UL Throughput = 0.08192 Mbps
40298 ms [UE 30040] UL Throughput = 0.03251 Mbps
40298 ms [UE 42234] UL Throughput = 0.0 Mbps
40369 ms [UE 42234] UL Throughput = 0.0 Mbps
40373 ms [UE 30040] UL Throughput = 0.0 Mbps
40373 ms [UE 42234] UL Throughput = 0.0 Mbps
40378 ms [UE 30040] UL Throughput = 0.0 Mbps
40378 ms [UE 42234] UL Throughput = 0.01523 Mbps
40447 ms [UE 30040] UL Throughput = 0.09538 Mbps
40447 ms [UE 42234] UL Throughput = 0.0 Mbps
40514 ms [UE 30040] UL Throughput = 0.0 Mbps
40514 ms [UE 42234] UL Throughput = 0.02289 Mbps
40520 ms [UE 30040] UL Throughput = 0.0 Mbps
40520 ms [UE 42234] UL Throughput = 0.0 Mbps
40618 ms [UE 42234] UL Throughput = 0.06596 Mbps
40747 ms [UE 30040] UL Throughput = 0.03997 Mbps
40747 ms [UE 42234] UL Throughput = 0.0 Mbps
40844 ms [UE 30040] UL Throughput = 0.0 Mbps
40844 ms [UE 42234] UL Throughput = 0.02906 Mbps
40948 ms [UE 30040] UL Throughput = 0.02816 Mbps
40948 ms [UE 42234] UL Throughput = 0.05939 Mbps
41026 ms [UE 30040] UL Throughput = 0.0804 Mbps
41026 ms [UE 42234] UL Throughput = 0.05938 Mbps
41128 ms [UE 30040] UL Throughput = 0.0 Mbps
41128 ms [UE 42234] UL Throughput = 0.04735 Mbps
41224 ms [UE 30040] UL Throughput = 0.0 Mbps
41224 ms [UE 42234] UL Throughput = 0.0 Mbps
41230 ms [UE 30040] UL Throughput = 0.01921 Mbps
41230 ms [UE 42234] UL Throughput = 0.0 Mbps
41328 ms [UE 30040] UL Throughput = 0.0 Mbps
41328 ms [UE 42234] UL Throughput = 0.05909 Mbps
41458 ms [UE 30040] UL Throughput = 0.0 Mbps
41458 ms [UE 42234] UL Throughput = 0.02679 Mbps
41460 ms [UE 30040] UL Throughput = 0.05601 Mbps
41460 ms [UE 42234] UL Throughput = 0.0 Mbps
41557 ms [UE 30040] UL Throughput = 0.0 Mbps
41557 ms [UE 42234] UL Throughput = 0.08505 Mbps
41654 ms [UE 30040] UL Throughput = 0.0 Mbps
41654 ms [UE 42234] UL Throughput = 0.08485 Mbps
41760 ms [UE 30040] UL Throughput = 0.07171 Mbps
41760 ms [UE 42234] UL Throughput = 0.03552 Mbps
41862 ms [UE 42234] UL Throughput = 0.01639 Mbps
41949 ms [UE 30040] UL Throughput = 0.0 Mbps
41949 ms [UE 42234] UL Throughput = 0.09828 Mbps
42029 ms [UE 30040] UL Throughput = 0.0 Mbps
42029 ms [UE 42234] UL Throughput = 0.07587 Mbps
42145 ms [UE 30040] UL Throughput = 0.08319 Mbps
42145 ms [UE 42234] UL Throughput = 0.0 Mbps
42255 ms [UE 30040] UL Throughput = 0.0 Mbps
42255 ms [UE 42234] UL Throughput = 0.0 Mbps
42375 ms [UE 30040] UL Throughput = 0.0 Mbps
42375 ms [UE 42234] UL Throughput = 0.0 Mbps
42481 ms [UE 30040] UL Throughput = 0.0 Mbps
42583 ms [UE 30040] UL Throughput = 0.0 Mbps
42583 ms [UE 42234] UL Throughput = 0.0 Mbps
42586 ms [UE 30040] UL Throughput = 0.06496 Mbps
42586 ms [UE 42234] UL Throughput = 0.0 Mbps
42682 ms [UE 42234] UL Throughput = 0.05919 Mbps
42779 ms [UE 30040] UL Throughput = 0.0 Mbps
42779 ms [UE 42234] UL Throughput = 0.0 Mbps
42872 ms [UE 30040] UL Throughput = 0.0 Mbps
42872 ms [UE 42234] UL Throughput = 0.0 Mbps
42873 ms [UE 30040] UL Throughput = 0.0 Mbps
42873 ms [UE 42234] UL Throughput = 0.09887 Mbps
42878 ms [UE 30040] UL Throughput = 0.0131 Mbps
42878 ms [UE 42234] UL Throughput = 0.06591 Mbps
42967 ms [UE 30040] UL Throughput = 0.0 Mbps
42967 ms [UE 42234] UL Throughput = 0.0 Mbps
43057 ms [UE 30040] UL Throughput = 0.0 Mbps
43057 ms [UE 42234] UL Throughput = 0.0 Mbps
43122 ms [UE 30040] UL Throughput = 0.0486 Mbps
43122 ms [UE 42234] UL Throughput = 0.0 Mbps
43232 ms [UE 42234] UL Throughput = 0.05143 Mbps
43302 ms [UE 30040] UL Throughput = 0.07845 Mbps
43302 ms [UE 42234] UL Throughput = 0.0 Mbps
43390 ms [UE 30040] UL Throughput = 0.03545 Mbps
43390 ms [UE 42234] UL Throughput = 0.0 Mbps
43456 ms [UE 30040] UL Throughput = 0.0 Mbps
43569 ms [UE 30040] UL Throughput = 0.0 Mbps
43569 ms [UE 42234] UL Throughput = 0.0 Mbps
43681 ms [UE 30040] UL Throughput = 0.05413 Mbps
43681 ms [UE 42234] UL Throughput = 0.09899 Mbps
43765 ms [UE 42234] UL Throughput = 0.17087 Mbps
43877 ms [UE 30040] UL Throughput = 0.12654 Mbps
43877 ms [UE 42234] UL Throughput = 0.0 Mbps
43999 ms [UE 30040] UL Throughput = 0.0 Mbps
43999 ms [UE 42234] UL Throughput = 0.0 Mbps
44101 ms [UE 30040] UL Throughput = 0.0 Mbps
44101 ms [UE 42234] UL Throughput = 0.07269 Mbps
44103 ms [UE 30040] UL Throughput = 0.13958 Mbps
44103 ms [UE 42234] UL Throughput = 0.07781 Mbps
44104 ms [UE 30040] UL Throughput = 0.0 Mbps
44104 ms [UE 42234] UL Throughput = 0.0 Mbps
44106 ms [UE 30040] UL Throughput = 0.0 Mbps
44106 ms [UE 42234] UL Throughput = 0.05952 Mbps
44219 ms [UE 42234] UL Throughput = 0.0 Mbps
44332 ms [UE 30040] UL Throughput = 0.0 Mbps
44332 ms [UE 42234] UL Throughput = 0.0131 Mbps
44448 ms [UE 30040] UL Throughput = 0.0 Mbps
44448 ms [UE 42234] UL Throughput = 0.05714 Mbps
44547 ms [UE 30040] UL Throughput = 0.04745 Mbps
44547 ms [UE 42234] UL Throughput = 0.0 Mbps
44653 ms [UE 30040] UL Throughput = 0.08816 Mbps
44653 ms [UE 42234] UL Throughput = 0.0 Mbps
44656 ms [UE 42234] UL Throughput = 0.0 Mbps
44762 ms [UE 30040] UL Throughput = 0.0 Mbps
44762 ms [UE 42234] UL Throughput = 0.03945 Mbps
44763 ms [UE 30040] UL Throughput = 0.0 Mbps
44763 ms [UE 42234] UL Throughput = 0.0 Mbps
44848 ms [UE 30040] UL Throughput = 0.0 Mbps
44953 ms [UE 30040] UL Throughput = 0.0 Mbps
44953 ms [UE 42234] UL Throughput = 0.04288 Mbps
45076 ms [UE 30040] UL Throughput = 0.0 Mbps
45076 ms [UE 42234] UL Throughput = 0.0 Mbps
45173 ms [UE 30040] UL Throughput = 0.03596 Mbps
45173 ms [UE 42234] UL Throughput = 0.0 Mbps
45242 ms [UE 42234] UL Throughput = 0.01406 Mbps
45246 ms [UE 30040] UL Throughput = 0.11067 Mbps
45332 ms [UE 30040] UL Throughput = 0.08128 Mbps
45450 ms [UE 30040] UL Throughput = 0.0 Mbps
45450 ms [UE 42234] UL Throughput = 0.07641 Mbps
45451 ms [UE 30040] UL Throughput = 0.0 Mbps
45451 ms [UE 42234] UL Throughput = 0.05066 Mbps
45455 ms [UE 30040] UL Throughput = 0.09988 Mbps
45455 ms [UE 42234] UL Throughput = 0.041 Mbps
45578 ms [UE 42234] UL Throughput = 0.0 Mbps
45681 ms [UE 30040] UL Throughput = 0.0 Mbps
45681 ms [UE 42234] UL Throughput = 0.0 Mbps
45743 ms [UE 30040] UL Throughput = 0.0 Mbps
45850 ms [UE 30040] UL Throughput = 0.02036 Mbps
45850 ms [UE 42234] UL Throughput = 0.0 Mbps
45855 ms [UE 30040] UL Throughput = 0.01934 Mbps
45855 ms [UE 42234] UL Throughput = 0.0 Mbps
45859 ms [UE 30040] UL Throughput = 0.0 Mbps
45859 ms [UE 42234] UL Throughput = 0.0 Mbps
45975 ms [UE 30040] UL Throughput = 0.0 Mbps
45975 ms [UE 42234] UL Throughput = 0.03185 Mbps
45980 ms [UE 30040] UL Throughput = 0.0 Mbps
45980 ms [UE 42234] UL Throughput = 0.02617 Mbps
46090 ms [UE 30040] UL Throughput = 0.07451 Mbps
46090 ms [UE 42234] UL Throughput = 0.0549 Mbps
46170 ms [UE 30040] UL Throughput = 0.0 Mbps
46170 ms [UE 42234] UL Throughput = 0.06732 Mbps
46280 ms [UE 30040] UL Throughput = 0.0 Mbps
46280 ms [UE 42234] UL Throughput = 0.0 Mbps
46283 ms [UE 30040] UL Throughput = 0.06592 Mbps
46283 ms [UE 42234] UL Throughput = 0.09027 Mbps
46379 ms [UE 30040] UL Throughput = 0.0 Mbps
46485 ms [UE 30040] UL Throughput = 0.09134 Mbps
46485 ms [UE 42234] UL Throughput = 0.04426 Mbps
46615 ms [UE 30040] UL Throughput = 0.04056 Mbps
46615 ms [UE 42234] UL Throughput = 0.0 Mbps
46713 ms [UE 30040] UL Throughput = 0.01047 Mbps
46713 ms [UE 42234] UL Throughput = 0.07155 Mbps
46805 ms [UE 30040] UL Throughput = 0.08116 Mbps
46805 ms [UE 42234] UL Throughput = 0.0 Mbps
46882 ms [UE 30040] UL Throughput = 0.0 Mbps
46882 ms [UE 42234] UL Throughput = 0.04373 Mbps
46970 ms [UE 42234] UL Throughput = 0.0 Mbps
46975 ms [UE 30040] UL Throughput = 0.0 Mbps
46975 ms [UE 42234] UL Throughput = 0.0 Mbps
47043 ms [UE 30040] UL Throughput = 0.0 Mbps
47043 ms [UE 42234] UL Throughput = 0.0 Mbps
47151 ms [UE 42234] UL Throughput = 0.07158 Mbps
47264 ms [UE 30040] UL Throughput = 0.02504 Mbps
47264 ms [UE 42234] UL Throughput = 0.0 Mbps
47351 ms [UE 30040] UL Throughput = 0.0 Mbps
47351 ms [UE 42234] UL Throughput = 0.05838 Mbps
47464 ms [UE 30040] UL Throughput = 0.0 Mbps
47464 ms [UE 42234] UL Throughput = 0.0 Mbps
47572 ms [UE 30040] UL Throughput = 0.0 Mbps
47572 ms [UE 42234] UL Throughput = 0.09743 Mbps
47653 ms [UE 30040] UL Throughput = 0.02522 Mbps
47784 ms [UE 30040] UL Throughput = 0.04186 Mbps
47784 ms [UE 42234] UL Throughput = 0.0 Mbps
47890 ms [UE 30040] UL Throughput = 0.0 Mbps
47890 ms [UE 42234] UL Throughput = 0.04742 Mbps
48018 ms [UE 30040] UL Throughput = 0.0 Mbps
48018 ms [UE 42234] UL Throughput = 0.06077 Mbps
48123 ms [UE 30040] UL Throughput = 0.04764 Mbps
48123 ms [UE 42234] UL Throughput = 0.01168 Mbps
48201 ms [UE 30040] UL Throughput = 0.06591 Mbps
48201 ms [UE 42234] UL Throughput = 0.06166 Mbps
48296 ms [UE 42234] UL Throughput = 0.0 Mbps
48404 ms [UE 30040] UL Throughput = 0.05399 Mbps
48404 ms [UE 42234] UL Throughput = 0.0 Mbps
48405 ms [UE 30040] UL Throughput = 0.0 Mbps
48405 ms [UE 42234] UL Throughput = 0.1297 Mbps
48484 ms [UE 30040] UL Throughput = 0.0 Mbps
48484 ms [UE 42234] UL Throughput = 0.15222 Mbps
48489 ms [UE 30040] UL Throughput = 0.0 Mbps
48489 ms [UE 42234] UL Throughput = 0.22 Mbps
48605 ms [UE 30040] UL Throughput = 0.0 Mbps
48605 ms [UE 42234] UL Throughput = 0.0 Mbps
48726 ms [UE 30040] UL Throughput = 0.0 Mbps
48726 ms [UE 42234] UL Throughput = 0.0 Mbps
48820 ms [UE 30040] UL Throughput = 0.04001 Mbps
48820 ms [UE 42234] UL Throughput = 0.05679 Mbps
48909 ms [UE 30040] UL Throughput = 0.03681 Mbps
48909 ms [UE 42234] UL Throughput = 0.057 Mbps
49029 ms [UE 30040] UL Throughput = 0.0 Mbps
49029 ms [UE 42234] UL Throughput = 0.08396 Mbps
49096 ms [UE 30040] UL Throughput = 0.0 Mbps
49096 ms [UE 42234] UL Throughput = 0.02977 Mbps
49185 ms [UE 42234] UL Throughput = 0.0 Mbps
49279 ms [UE 30040] UL Throughput = 0.0283 Mbps
49279 ms [UE 42234] UL Throughput = 0.02724 Mbps
49282 ms [UE 30040] UL Throughput = 0.0 Mbps
49282 ms [UE 42234] UL Throughput = 0.06095 Mbps
49284 ms [UE 42234] UL Throughput = 0.05817 Mbps
49391 ms [UE 30040] UL Throughput = 0.0 Mbps
49391 ms [UE 42234] UL Throughput = 0.05358 Mbps
49535 ms [UE 30040] UL Throughput = 0.0 Mbps
49635 ms [UE 30040] UL Throughput = 0.0 Mbps
49635 ms [UE 42234] UL Throughput = 0.02879 Mbps
49752 ms [UE 30040] UL Throughput = 0.09412 Mbps
49752 ms [UE 42234] UL Throughput = 0.0 Mbps
49842 ms [UE 30040] UL Throughput = 0.059 Mbps
49842 ms [UE 42234] UL Throughput = 0.0 Mbps
49927 ms [UE 30040] UL Throughput = 0.05802 Mbps
49927 ms [UE 42234] UL Throughput = 0.0 Mbps
50033 ms [UE 30040] UL Throughput = 0.0 Mbps
50033 ms [UE 42234] UL Throughput = 0.0 Mbps
50137 ms [UE 30040] UL Throughput = 0.09511 Mbps
50137 ms [UE 42234] UL Throughput = 0.01833 Mbps
50221 ms [UE 30040] UL Throughput = 0.0 Mbps
50221 ms [UE 42234] UL Throughput = 0.06233 Mbps
50328 ms [UE 30040] UL Throughput = 0.06762 Mbps
50423 ms [UE 30040] UL Throughput = 0.07573 Mbps
50423 ms [UE 42234] UL Throughput = 0.08914 Mbps
50500 ms [UE 30040] UL Throughput = 0.0 Mbps
50500 ms [UE 42234] UL Throughput = 0.09676 Mbps
50604 ms [UE 30040] UL Throughput = 0.01755 Mbps
50709 ms [UE 30040] UL Throughput = 0.11592 Mbps
50709 ms [UE 42234] UL Throughput = 0.0 Mbps
50800 ms [UE 30040] UL Throughput = 0.0 Mbps
50800 ms [UE 42234] UL Throughput = 0.0 Mbps
50899 ms [UE 30040] UL Throughput = 0.0915 Mbps
50899 ms [UE 42234] UL Throughput = 0.0802 Mbps
50903 ms [UE 30040] UL Throughput = 0.0 Mbps
50903 ms [UE 42234] UL Throughput = 0.0 Mbps
50992 ms [UE 42234] UL Throughput = 0.0 Mbps
51103 ms [UE 30040] UL Throughput = 0.02344 Mbps
51103 ms [UE 42234] UL Throughput = 0.08052 Mbps
51106 ms [UE 30040] UL Throughput = 0.0 Mbps
51106 ms [UE 42234] UL Throughput = 0.12051 Mbps
51216 ms [UE 30040] UL Throughput = 0.05291 Mbps
51216 ms [UE 42234] UL Throughput = 0.0 Mbps
51292 ms [UE 30040] UL Throughput = 0.0 Mbps
51292 ms [UE 42234] UL Throughput = 0.08089 Mbps
51294 ms [UE 30040] UL Throughput = 0.07601 Mbps
51294 ms [UE 42234] UL Throughput = 0.04993 Mbps
51395 ms [UE 30040] UL Throughput = 0.0 Mbps
51395 ms [UE 42234] UL Throughput = 0.0 Mbps
51481 ms [UE 30040] UL Throughput = 0.0 Mbps
51481 ms [UE 42234] UL Throughput = 0.0 Mbps
51487 ms [UE 30040] UL Throughput = 0.09265 Mbps
51491 ms [UE 30040] UL Throughput = 0.0 Mbps
51491 ms [UE 42234] UL Throughput = 0.04622 Mbps
51601 ms [UE 30040] UL Throughput = 0.11595 Mbps
51601 ms [UE 42234] UL Throughput = 0.07829 Mbps
51704 ms [UE 30040] UL Throughput = 0.0 Mbps
51704 ms [UE 42234] UL Throughput = 0.06839 Mbps
51797 ms [UE 42234] UL Throughput = 0.0 Mbps
51876 ms [UE 30040] UL Throughput = 0.15844 Mbps
51876 ms [UE 42234] UL Throughput = 0.1084 Mbps
51976 ms [UE 30040] UL Throughput = 0.08975 Mbps
51976 ms [UE 42234] UL Throughput = 0.02683 Mbps
52064 ms [UE 42234] UL Throughput = 0.0 Mbps
52153 ms [UE 30040] UL Throughput = 0.053 Mbps
52158 ms [UE 30040] UL Throughput = 0.0 Mbps
52249 ms [UE 30040] UL Throughput = 0.07359 Mbps
52249 ms [UE 42234] UL Throughput = 0.0 Mbps
52375 ms [UE 30040] UL Throughput = 0.02338 Mbps
52375 ms [UE 42234] UL Throughput = 0.01485 Mbps
52467 ms [UE 30040] UL Throughput = 0.08121 Mbps
52467 ms [UE 42234] UL Throughput = 0.02267 Mbps
52472 ms [UE 30040] UL Throughput = 0.07371 Mbps
52473 ms [UE 30040] UL Throughput = 0.11717 Mbps
52473 ms [UE 42234] UL Throughput = 0.0 Mbps
52538 ms [UE 30040] UL Throughput = 0.03829 Mbps
52538 ms [UE 42234] UL Throughput = 0.09856 Mbps
52628 ms [UE 30040] UL Throughput = 0.04828 Mbps
52628 ms [UE 42234] UL Throughput = 0.08998 Mbps
52716 ms [UE 30040] UL Throughput = 0.0 Mbps
52716 ms [UE 42234] UL Throughput = 0.07529 Mbps
52830 ms [UE 30040] UL Throughput = 0.0911 Mbps
52830 ms [UE 42234] UL Throughput = 0.01671 Mbps
52914 ms [UE 30040] UL Throughput = 0.0 Mbps
52914 ms [UE 42234] UL Throughput = 0.0 Mbps
53003 ms [UE 30040] UL Throughput = 0.07704 Mbps
53119 ms [UE 30040] UL Throughput = 0.0 Mbps
53119 ms [UE 42234] UL Throughput = 0.04617 Mbps
53209 ms [UE 30040] UL Throughput = 0.0 Mbps
53209 ms [UE 42234] UL Throughput = 0.04066 Mbps
53320 ms [UE 30040] UL Throughput = 0.06847 Mbps
53320 ms [UE 42234] UL Throughput = 0.06074 Mbps
53321 ms [UE 30040] UL Throughput = 0.08426 Mbps
53321 ms [UE 42234] UL Throughput = 0.05598 Mbps
53434 ms [UE 30040] UL Throughput = 0.09367 Mbps
53434 ms [UE 42234] UL Throughput = 0.0 Mbps
53530 ms [UE 30040] UL Throughput = 0.02694 Mbps
53530 ms [UE 42234] UL Throughput = 0.0 Mbps
53640 ms [UE 30040] UL Throughput = 0.0 Mbps
53640 ms [UE 42234] UL Throughput = 0.0 Mbps
53758 ms [UE 30040] UL Throughput = 0.0 Mbps
53853 ms [UE 30040] UL Throughput = 0.0 Mbps
53853 ms [UE 42234] UL Throughput = 0.03011 Mbps
53933 ms [UE 30040] UL Throughput = 0.0 Mbps
53933 ms [UE 42234] UL Throughput = 0.0 Mbps
53939 ms [UE 30040] UL Throughput = 0.0 Mbps
53939 ms [UE 42234] UL Throughput = 0.06647 Mbps
53940 ms [UE 30040] UL Throughput = 0.0 Mbps
54032 ms [UE 30040] UL Throughput = 0.0 Mbps
54032 ms [UE 42234] UL Throughput = 0.04784 Mbps
54140 ms [UE 30040] UL Throughput = 0.0 Mbps
54140 ms [UE 42234] UL Throughput = 0.0 Mbps
54245 ms [UE 30040] UL Throughput = 0.08509 Mbps
54245 ms [UE 42234] UL Throughput = 0.0487 Mbps
54331 ms [UE 30040] UL Throughput = 0.0 Mbps
54331 ms [UE 42234] UL Throughput = 0.0148 Mbps
54407 ms [UE 30040] UL Throughput = 0.0 Mbps
54407 ms [UE 42234] UL Throughput = 0.0 Mbps
54509 ms [UE 30040] UL Throughput = 0.04871 Mbps
54509 ms [UE 42234] UL Throughput = 0.05434 Mbps
54629 ms [UE 30040] UL Throughput = 0.0 Mbps
54629 ms [UE 42234] UL Throughput = 0.06064 Mbps
54687 ms [UE 30040] UL Throughput = 0.09785 Mbps
54687 ms [UE 42234] UL Throughput = 0.07009 Mbps
54815 ms [UE 30040] UL Throughput = 0.02189 Mbps
54815 ms [UE 42234] UL Throughput = 0.0501 Mbps
54816 ms [UE 30040] UL Throughput = 0.0 Mbps
54816 ms [UE 42234] UL Throughput = 0.04722 Mbps
54914 ms [UE 30040] UL Throughput = 0.12545 Mbps
54914 ms [UE 42234] UL Throughput = 0.05393 Mbps
55012 ms [UE 30040] UL Throughput = 0.0 Mbps
55012 ms [UE 42234] UL Throughput = 0.03855 Mbps
55092 ms [UE 30040] UL Throughput = 0.05765 Mbps
55092 ms [UE 42234] UL Throughput = 0.01802 Mbps
55159 ms [UE 30040] UL Throughput = 0.0 Mbps
55159 ms [UE 42234] UL Throughput = 0.08984 Mbps
55249 ms [UE 30040] UL Throughput = 0.03108 Mbps
55249 ms [UE 42234] UL Throughput = 0.07122 Mbps
55346 ms [UE 30040] UL Throughput = 0.09361 Mbps
55346 ms [UE 42234] UL Throughput = 0.09924 Mbps
55459 ms [UE 30040] UL Throughput = 0.01737 Mbps
55459 ms [UE 42234] UL Throughput = 0.0 Mbps
55460 ms [UE 42234] UL Throughput = 0.0 Mbps
55574 ms [UE 30040] UL Throughput = 0.0 Mbps
55574 ms [UE 42234] UL Throughput = 0.06009 Mbps
55645 ms [UE 30040] UL Throughput = 0.08895 Mbps
55645 ms [UE 42234] UL Throughput = 0.08291 Mbps
55750 ms [UE 30040] UL Throughput = 0.0 Mbps
55750 ms [UE 42234] UL Throughput = 0.0 Mbps
55861 ms [UE 30040] UL Throughput = 0.0 Mbps
55861 ms [UE 42234] UL Throughput = 0.0 Mbps
55949 ms [UE 30040] UL Throughput = 0.0 Mbps
55949 ms [UE 42234] UL Throughput = 0.02288 Mbps
56078 ms [UE 30040] UL Throughput = 0.05291 Mbps
56078 ms [UE 42234] UL Throughput = 0.0 Mbps
56084 ms [UE 30040] UL Throughput = 0.0891 Mbps
56084 ms [UE 42234] UL Throughput = 0.0 Mbps
56202 ms [UE 42234] UL Throughput = 0.07423 Mbps
56310 ms [UE 30040] UL Throughput = 0.11598 Mbps
56315 ms [UE 30040] UL Throughput = 0.03845 Mbps
56315 ms [UE 42234] UL Throughput = 0.03727 Mbps
56405 ms [UE 30040] UL Throughput = 0.0 Mbps
56530 ms [UE 30040] UL Throughput = 0.03252 Mbps
56530 ms [UE 42234] UL Throughput = 0.02668 Mbps
56533 ms [UE 30040] UL Throughput = 0.0 Mbps
56533 ms [UE 42234] UL Throughput = 0.02807 Mbps
56609 ms [UE 30040] UL Throughput = 0.02238 Mbps
56609 ms [UE 42234] UL Throughput = 0.0 Mbps
56709 ms [UE 30040] UL Throughput = 0.04322 Mbps
56709 ms [UE 42234] UL Throughput = 0.02124 Mbps
56831 ms [UE 30040] UL Throughput = 0.04527 Mbps
56831 ms [UE 42234] UL Throughput = 0.0 Mbps
56834 ms [UE 30040] UL Throughput = 0.0 Mbps
56834 ms [UE 42234] UL Throughput = 0.09287 Mbps
56954 ms [UE 42234] UL Throughput = 0.05274 Mbps
57078 ms [UE 30040] UL Throughput = 0.04231 Mbps
57078 ms [UE 42234] UL Throughput = 0.0 Mbps
57083 ms [UE 42234] UL Throughput = 0.09252 Mbps
57087 ms [UE 30040] UL Throughput = 0.03068 Mbps
57087 ms [UE 42234] UL Throughput = 0.0 Mbps
57189 ms [UE 30040] UL Throughput = 0.0471 Mbps
57189 ms [UE 42234] UL Throughput = 0.09942 Mbps
57277 ms [UE 30040] UL Throughput = 0.0 Mbps
57281 ms [UE 30040] UL Throughput = 0.0785 Mbps
57281 ms [UE 42234] UL Throughput = 0.0 Mbps
57388 ms [UE 30040] UL Throughput = 0.02079 Mbps
57388 ms [UE 42234] UL Throughput = 0.0 Mbps
57491 ms [UE 30040] UL Throughput = 0.0 Mbps
57491 ms [UE 42234] UL Throughput = 0.04474 Mbps
57590 ms [UE 42234] UL Throughput = 0.05755 Mbps
57708 ms [UE 30040] UL Throughput = 0.0 Mbps
57708 ms [UE 42234] UL Throughput = 0.09792 Mbps
57804 ms [UE 30040] UL Throughput = 0.06255 Mbps
57900 ms [UE 30040] UL Throughput = 0.0 Mbps
57900 ms [UE 42234] UL Throughput = 0.09133 Mbps
57902 ms [UE 30040] UL Throughput = 0.0 Mbps
57902 ms [UE 42234] UL Throughput = 0.08907 Mbps
57977 ms [UE 30040] UL Throughput = 0.10891 Mbps
57977 ms [UE 42234] UL Throughput = 0.0 Mbps
57983 ms [UE 30040] UL Throughput = 0.08368 Mbps
57983 ms [UE 42234] UL Throughput = 0.08906 Mbps
57989 ms [UE 30040] UL Throughput = 0.13165 Mbps
57989 ms [UE 42234] UL Throughput = 0.0 Mbps
57990 ms [UE 30040] UL Throughput = 0.0399 Mbps
57990 ms [UE 42234] UL Throughput = 0.02864 Mbps
58074 ms [UE 30040] UL Throughput = 0.03907 Mbps
58190 ms [UE 30040] UL Throughput = 0.0 Mbps
58276 ms [UE 30040] UL Throughput = 0.01967 Mbps
58276 ms [UE 42234] UL Throughput = 0.0 Mbps
58383 ms [UE 30040] UL Throughput = 0.0 Mbps
58383 ms [UE 42234] UL Throughput = 0.03893 Mbps
58503 ms [UE 30040] UL Throughput = 0.07448 Mbps
58503 ms [UE 42234] UL Throughput = 0.0 Mbps
58597 ms [UE 30040] UL Throughput = 0.04956 Mbps
58597 ms [UE 42234] UL Throughput = 0.07747 Mbps
58693 ms [UE 30040] UL Throughput = 0.021 Mbps
58693 ms [UE 42234] UL Throughput = 0.04708 Mbps
58795 ms [UE 30040] UL Throughput = 0.0 Mbps
58795 ms [UE 42234] UL Throughput = 0.0 Mbps
58872 ms [UE 30040] UL Throughput = 0.03307 Mbps
58872 ms [UE 42234] UL Throughput = 0.0 Mbps
58979 ms [UE 30040] UL Throughput = 0.02273 Mbps
58979 ms [UE 42234] UL Throughput = 0.0 Mbps
59097 ms [UE 30040] UL Throughput = 0.0 Mbps
59097 ms [UE 42234] UL Throughput = 0.08406 Mbps
59198 ms [UE 30040] UL Throughput = 0.0 Mbps
59198 ms [UE 42234] UL Throughput = 0.0 Mbps
59314 ms [UE 30040] UL Throughput = 0.08845 Mbps
59314 ms [UE 42234] UL Throughput = 0.04668 Mbps
59414 ms [UE 30040] UL Throughput = 0.0 Mbps
59414 ms [UE 42234] UL Throughput = 0.1109 Mbps
59509 ms [UE 30040] UL Throughput = 0.09343 Mbps
59509 ms [UE 42234] UL Throughput = 0.09988 Mbps
59595 ms [UE 30040] UL Throughput = 0.0 Mbps
59595 ms [UE 42234] UL Throughput = 0.07102 Mbps
59725 ms [UE 30040] UL Throughput = 0.0 Mbps
59725 ms [UE 42234] UL Throughput = 0.0 Mbps
59845 ms [UE 30040] UL Throughput = 0.07443 Mbps
59845 ms [UE 42234] UL Throughput = 0.09114 Mbps
59949 ms [UE 42234] UL Throughput = 0.0 Mbps
60048 ms [UE 30040] UL Throughput = 0.0 Mbps
60048 ms [UE 42234] UL Throughput = 0.0 Mbps
60052 ms [UE 30040] UL Throughput = 0.0 Mbps
60057 ms [UE 30040] UL Throughput = 0.03542 Mbps
60060 ms [UE 42234] UL Throughput = 0.0 Mbps
60061 ms [UE 42234] UL Throughput = 0.04942 Mbps
60156 ms [UE 30040] UL Throughput = 0.0 Mbps
60156 ms [UE 42234] UL Throughput = 0.0 Mbps
60161 ms [UE 30040] UL Throughput = 0.08985 Mbps
60161 ms [UE 42234] UL Throughput = 0.09741 Mbps
60259 ms [UE 30040] UL Throughput = 0.0 Mbps
60259 ms [UE 42234] UL Throughput = 0.06885 Mbps
60361 ms [UE 30040] UL Throughput = 0.0 Mbps
60361 ms [UE 42234] UL Throughput = 0.0968 Mbps
60480 ms [UE 30040] UL Throughput = 0.09947 Mbps
60480 ms [UE 42234] UL Throughput = 0.0 Mbps
60597 ms [UE 30040] UL Throughput = 0.01344 Mbps
60597 ms [UE 42234] UL Throughput = 0.0 Mbps
60713 ms [UE 30040] UL Throughput = 0.03817 Mbps
60713 ms [UE 42234] UL Throughput = 0.0 Mbps
60717 ms [UE 30040] UL Throughput = 0.03137 Mbps
60717 ms [UE 42234] UL Throughput = 0.0 Mbps
60814 ms [UE 30040] UL Throughput = 0.17846 Mbps
60814 ms [UE 42234] UL Throughput = 0.0 Mbps
60926 ms [UE 30040] UL Throughput = 0.09497 Mbps
60926 ms [UE 42234] UL Throughput = 0.06334 Mbps
61022 ms [UE 30040] UL Throughput = 0.0 Mbps
61022 ms [UE 42234] UL Throughput = 0.0 Mbps
61117 ms [UE 30040] UL Throughput = 0.03844 Mbps
61117 ms [UE 42234] UL Throughput = 0.04633 Mbps
61222 ms [UE 30040] UL Throughput = 0.0162 Mbps
61222 ms [UE 42234] UL Throughput = 0.0 Mbps
61317 ms [UE 30040] UL Throughput = 0.0 Mbps
61317 ms [UE 42234] UL Throughput = 0.0 Mbps
61388 ms [UE 30040] UL Throughput = 0.0 Mbps
61388 ms [UE 42234] UL Throughput = 0.12998 Mbps
61484 ms [UE 30040] UL Throughput = 0.0 Mbps
61484 ms [UE 42234] UL Throughput = 0.07879 Mbps
61580 ms [UE 30040] UL Throughput = 0.0 Mbps
61580 ms [UE 42234] UL Throughput = 0.06463 Mbps
61723 ms [UE 30040] UL Throughput = 0.07516 Mbps
61723 ms [UE 42234] UL Throughput = 0.0 Mbps
61840 ms [UE 30040] UL Throughput = 0.0939 Mbps
61840 ms [UE 42234] UL Throughput = 0.0 Mbps
61947 ms [UE 30040] UL Throughput = 0.0 Mbps
61947 ms [UE 42234] UL Throughput = 0.0 Mbps
62067 ms [UE 30040] UL Throughput = 0.11884 Mbps
62067 ms [UE 42234] UL Throughput = 0.07787 Mbps
62149 ms [UE 30040] UL Throughput = 0.05669 Mbps
62149 ms [UE 42234] UL Throughput = 0.0 Mbps
62233 ms [UE 42234] UL Throughput = 0.0 Mbps
62325 ms [UE 30040] UL Throughput = 0.0 Mbps
62325 ms [UE 42234] UL Throughput = 0.0 Mbps
62419 ms [UE 30040] UL Throughput = 0.0 Mbps
62419 ms [UE 42234] UL Throughput = 0.01743 Mbps
62425 ms [UE 30040] UL Throughput = 0.0 Mbps
62425 ms [UE 42234] UL Throughput = 0.0 Mbps
62530 ms [UE 30040] UL Throughput = 0.04448 Mbps
62530 ms [UE 42234] UL Throughput = 0.0617 Mbps
62606 ms [UE 30040] UL Throughput = 0.0747 Mbps
62606 ms [UE 42234] UL Throughput = 0.0 Mbps
62714 ms [UE 30040] UL Throughput = 0.11931 Mbps
62714 ms [UE 42234] UL Throughput = 0.08032 Mbps
62832 ms [UE 30040] UL Throughput = 0.05553 Mbps
62832 ms [UE 42234] UL Throughput = 0.03334 Mbps
62934 ms [UE 30040] UL Throughput = 0.0 Mbps
63046 ms [UE 30040] UL Throughput = 0.0 Mbps
63046 ms [UE 42234] UL Throughput = 0.08026 Mbps
63163 ms [UE 30040] UL Throughput = 0.0 Mbps
63262 ms [UE 30040] UL Throughput = 0.0 Mbps
63262 ms [UE 42234] UL Throughput = 0.0 Mbps
63337 ms [UE 30040] UL Throughput = 0.01769 Mbps
63337 ms [UE 42234] UL Throughput = 0.0 Mbps
63343 ms [UE 30040] UL Throughput = 0.0 Mbps
63453 ms [UE 30040] UL Throughput = 0.0 Mbps
63453 ms [UE 42234] UL Throughput = 0.0 Mbps
63520 ms [UE 30040] UL Throughput = 0.0361 Mbps
63520 ms [UE 42234] UL Throughput = 0.0 Mbps
63640 ms [UE 30040] UL Throughput = 0.0 Mbps
63640 ms [UE 42234] UL Throughput = 0.08938 Mbps
63741 ms [UE 42234] UL Throughput = 0.02351 Mbps
63839 ms [UE 30040] UL Throughput = 0.04527 Mbps
63839 ms [UE 42234] UL Throughput = 0.02418 Mbps
63923 ms [UE 42234] UL Throughput = 0.0 Mbps
63927 ms [UE 30040] UL Throughput = 0.08791 Mbps
63927 ms [UE 42234] UL Throughput = 0.01453 Mbps
64023 ms [UE 30040] UL Throughput = 0.0 Mbps
64025 ms [UE 30040] UL Throughput = 0.0 Mbps
64025 ms [UE 42234] UL Throughput = 0.04482 Mbps
64136 ms [UE 30040] UL Throughput = 0.14316 Mbps
64136 ms [UE 42234] UL Throughput = 0.03408 Mbps
64215 ms [UE 30040] UL Throughput = 0.01639 Mbps
64215 ms [UE 42234] UL Throughput = 0.07697 Mbps
64309 ms [UE 30040] UL Throughput = 0.0 Mbps
64309 ms [UE 42234] UL Throughput = 0.05313 Mbps
64414 ms [UE 30040] UL Throughput = 0.08671 Mbps
64414 ms [UE 42234] UL Throughput = 0.0 Mbps
64498 ms [UE 30040] UL Throughput = 0.0 Mbps
64498 ms [UE 42234] UL Throughput = 0.04852 Mbps
64587 ms [UE 30040] UL Throughput = 0.05126 Mbps
64587 ms [UE 42234] UL Throughput = 0.0334 Mbps
64670 ms [UE 42234] UL Throughput = 0.10183 Mbps
64754 ms [UE 30040] UL Throughput = 0.0 Mbps
64754 ms [UE 42234] UL Throughput = 0.07482 Mbps
64860 ms [UE 30040] UL Throughput = 0.0 Mbps
64860 ms [UE 42234] UL Throughput = 0.0 Mbps
64862 ms [UE 30040] UL Throughput = 0.0 Mbps
64862 ms [UE 42234] UL Throughput = 0.09596 Mbps
64971 ms [UE 30040] UL Throughput = 0.09035 Mbps
64971 ms [UE 42234] UL Throughput = 0.0 Mbps
65092 ms [UE 30040] UL Throughput = 0.04232 Mbps
65092 ms [UE 42234] UL Throughput = 0.03107 Mbps
65187 ms [UE 30040] UL Throughput = 0.0 Mbps
65187 ms [UE 42234] UL Throughput = 0.0 Mbps
65273 ms [UE 30040] UL Throughput = 0.07078 Mbps
65273 ms [UE 42234] UL Throughput = 0.03683 Mbps
65390 ms [UE 30040] UL Throughput = 0.0 Mbps
65390 ms [UE 42234] UL Throughput = 0.0 Mbps
65486 ms [UE 30040] UL Throughput = 0.02678 Mbps
65486 ms [UE 42234] UL Throughput = 0.0 Mbps
65599 ms [UE 30040] UL Throughput = 0.0 Mbps
65599 ms [UE 42234] UL Throughput = 0.0 Mbps
65697 ms [UE 30040] UL Throughput = 0.06535 Mbps
65779 ms [UE 30040] UL Throughput = 0.05084 Mbps
65779 ms [UE 42234] UL Throughput = 0.0 Mbps
65782 ms [UE 30040] UL Throughput = 0.08908 Mbps
65785 ms [UE 30040] UL Throughput = 0.0 Mbps
65785 ms [UE 42234] UL Throughput = 0.02387 Mbps
65888 ms [UE 30040] UL Throughput = 0.0 Mbps
65970 ms [UE 30040] UL Throughput = 0.0 Mbps
65970 ms [UE 42234] UL Throughput = 0.0405 Mbps
66070 ms [UE 42234] UL Throughput = 0.04714 Mbps
66154 ms [UE 30040] UL Throughput = 0.0 Mbps
66157 ms [UE 30040] UL Throughput = 0.0813 Mbps
66157 ms [UE 42234] UL Throughput = 0.05272 Mbps
66161 ms [UE 30040] UL Throughput = 0.0 Mbps
66161 ms [UE 42234] UL Throughput = 0.0 Mbps
66259 ms [UE 30040] UL Throughput = 0.0 Mbps
66259 ms [UE 42234] UL Throughput = 0.0 Mbps
66264 ms [UE 30040] UL Throughput = 0.05803 Mbps
66388 ms [UE 30040] UL Throughput = 0.01197 Mbps
66388 ms [UE 42234] UL Throughput = 0.0 Mbps
66474 ms [UE 30040] UL Throughput = 0.04692 Mbps
66474 ms [UE 42234] UL Throughput = 0.0 Mbps
66540 ms [UE 42234] UL Throughput = 0.01324 Mbps
66644 ms [UE 30040] UL Throughput = 0.0 Mbps
66735 ms [UE 30040] UL Throughput = 0.0897 Mbps
66735 ms [UE 42234] UL Throughput = 0.01805 Mbps
66837 ms [UE 30040] UL Throughput = 0.03394 Mbps
66837 ms [UE 42234] UL Throughput = 0.07508 Mbps
66937 ms [UE 30040] UL Throughput = 0.05385 Mbps
66937 ms [UE 42234] UL Throughput = 0.0 Mbps
67059 ms [UE 30040] UL Throughput = 0.0 Mbps
67059 ms [UE 42234] UL Throughput = 0.0 Mbps
67152 ms [UE 30040] UL Throughput = 0.0 Mbps
67152 ms [UE 42234] UL Throughput = 0.0515 Mbps
67252 ms [UE 30040] UL Throughput = 0.0 Mbps
67252 ms [UE 42234] UL Throughput = 0.0 Mbps
67339 ms [UE 30040] UL Throughput = 0.07587 Mbps
67339 ms [UE 42234] UL Throughput = 0.03728 Mbps
67431 ms [UE 30040] UL Throughput = 0.0 Mbps
67515 ms [UE 30040] UL Throughput = 0.12301 Mbps
67627 ms [UE 30040] UL Throughput = 0.02816 Mbps
67627 ms [UE 42234] UL Throughput = 0.0 Mbps
67744 ms [UE 30040] UL Throughput = 0.0 Mbps
67744 ms [UE 42234] UL Throughput = 0.03234 Mbps
67859 ms [UE 30040] UL Throughput = 0.09381 Mbps
67859 ms [UE 42234] UL Throughput = 0.0 Mbps
67965 ms [UE 30040] UL Throughput = 0.0 Mbps
67965 ms [UE 42234] UL Throughput = 0.02814 Mbps
68058 ms [UE 30040] UL Throughput = 0.08162 Mbps
68058 ms [UE 42234] UL Throughput = 0.0 Mbps
68160 ms [UE 30040] UL Throughput = 0.0 Mbps
68163 ms [UE 30040] UL Throughput = 0.0 Mbps
68163 ms [UE 42234] UL Throughput = 0.06369 Mbps
68268 ms [UE 30040] UL Throughput = 0.01673 Mbps
68386 ms [UE 30040] UL Throughput = 0.05419 Mbps
68386 ms [UE 42234] UL Throughput = 0.0377 Mbps
68445 ms [UE 30040] UL Throughput = 0.0 Mbps
68445 ms [UE 42234] UL Throughput = 0.08779 Mbps
68551 ms [UE 30040] UL Throughput = 0.0295 Mbps
68551 ms [UE 42234] UL Throughput = 0.0 Mbps
68555 ms [UE 30040] UL Throughput = 0.08783 Mbps
68555 ms [UE 42234] UL Throughput = 0.08854 Mbps
68662 ms [UE 30040] UL Throughput = 0.0 Mbps
68662 ms [UE 42234] UL Throughput = 0.08534 Mbps
68741 ms [UE 30040] UL Throughput = 0.0 Mbps
68741 ms [UE 42234] UL Throughput = 0.04031 Mbps
68823 ms [UE 30040] UL Throughput = 0.08803 Mbps
68823 ms [UE 42234] UL Throughput = 0.0 Mbps
68828 ms [UE 30040] UL Throughput = 0.0 Mbps
68828 ms [UE 42234] UL Throughput = 0.05286 Mbps
68933 ms [UE 30040] UL Throughput = 0.0144 Mbps
68933 ms [UE 42234] UL Throughput = 0.06013 Mbps
68934 ms [UE 42234] UL Throughput = 0.0 Mbps
69055 ms [UE 30040] UL Throughput = 0.08641 Mbps
69055 ms [UE 42234] UL Throughput = 0.0 Mbps
69165 ms [UE 30040] UL Throughput = 0.03778 Mbps
69165 ms [UE 42234] UL Throughput = 0.0 Mbps
69270 ms [UE 42234] UL Throughput = 0.02122 Mbps
69406 ms [UE 30040] UL Throughput = 0.0 Mbps
69406 ms [UE 42234] UL Throughput = 0.09467 Mbps
69504 ms [UE 30040] UL Throughput = 0.0 Mbps
69504 ms [UE 42234] UL Throughput = 0.0 Mbps
69590 ms [UE 30040] UL Throughput = 0.0 Mbps
69590 ms [UE 42234] UL Throughput = 0.08763 Mbps
69592 ms [UE 30040] UL Throughput = 0.07207 Mbps
69592 ms [UE 42234] UL Throughput = 0.02388 Mbps
69699 ms [UE 30040] UL Throughput = 0.0 Mbps
69798 ms [UE 30040] UL Throughput = 0.0 Mbps
69798 ms [UE 42234] UL Throughput = 0.0 Mbps
69895 ms [UE 30040] UL Throughput = 0.0 Mbps
69895 ms [UE 42234] UL Throughput = 0.04397 Mbps
69983 ms [UE 30040] UL Throughput = 0.0 Mbps
69983 ms [UE 42234] UL Throughput = 0.0 Mbps
70106 ms [UE 30040] UL Throughput = 0.0 Mbps
70111 ms [UE 30040] UL Throughput = 0.0 Mbps
70111 ms [UE 42234] UL Throughput = 0.05932 Mbps
70250 ms [UE 30040] UL Throughput = 0.0 Mbps
70250 ms [UE 42234] UL Throughput = 0.044 Mbps
70386 ms [UE 30040] UL Throughput = 0.0 Mbps
70386 ms [UE 42234] UL Throughput = 0.0 Mbps
70388 ms [UE 30040] UL Throughput = 0.0 Mbps
70388 ms [UE 42234] UL Throughput = 0.0 Mbps
70480 ms [UE 42234] UL Throughput = 0.0 Mbps
70601 ms [UE 30040] UL Throughput = 0.0 Mbps
70601 ms [UE 42234] UL Throughput = 0.05506 Mbps
70701 ms [UE 30040] UL Throughput = 0.0 Mbps
70701 ms [UE 42234] UL Throughput = 0.07278 Mbps
70799 ms [UE 42234] UL Throughput = 0.0 Mbps
70901 ms [UE 30040] UL Throughput = 0.0 Mbps
70901 ms [UE 42234] UL Throughput = 0.02482 Mbps
70999 ms [UE 30040] UL Throughput = 0.04243 Mbps
70999 ms [UE 42234] UL Throughput = 0.08391 Mbps
71004 ms [UE 42234] UL Throughput = 0.0 Mbps
71127 ms [UE 30040] UL Throughput = 0.03952 Mbps
71127 ms [UE 42234] UL Throughput = 0.07296 Mbps
71198 ms [UE 30040] UL Throughput = 0.0 Mbps
71198 ms [UE 42234] UL Throughput = 0.0 Mbps
71202 ms [UE 30040] UL Throughput = 0.06347 Mbps
71205 ms [UE 30040] UL Throughput = 0.0 Mbps
71205 ms [UE 42234] UL Throughput = 0.09186 Mbps
71301 ms [UE 30040] UL Throughput = 0.06593 Mbps
71301 ms [UE 42234] UL Throughput = 0.07506 Mbps
71413 ms [UE 30040] UL Throughput = 0.05191 Mbps
71484 ms [UE 30040] UL Throughput = 0.05716 Mbps
71484 ms [UE 42234] UL Throughput = 0.0 Mbps
71586 ms [UE 42234] UL Throughput = 0.0 Mbps
71656 ms [UE 30040] UL Throughput = 0.0 Mbps
71656 ms [UE 42234] UL Throughput = 0.02636 Mbps
71755 ms [UE 30040] UL Throughput = 0.0 Mbps
71755 ms [UE 42234] UL Throughput = 0.02307 Mbps
71872 ms [UE 30040] UL Throughput = 0.06847 Mbps
71872 ms [UE 42234] UL Throughput = 0.0 Mbps
71986 ms [UE 30040] UL Throughput = 0.0 Mbps
71986 ms [UE 42234] UL Throughput = 0.07424 Mbps
72094 ms [UE 30040] UL Throughput = 0.08886 Mbps
72094 ms [UE 42234] UL Throughput = 0.0 Mbps
72192 ms [UE 30040] UL Throughput = 0.0 Mbps
72192 ms [UE 42234] UL Throughput = 0.04665 Mbps
72302 ms [UE 30040] UL Throughput = 0.11687 Mbps
72302 ms [UE 42234] UL Throughput = 0.0 Mbps
72391 ms [UE 30040] UL Throughput = 0.16193 Mbps
72391 ms [UE 42234] UL Throughput = 0.0 Mbps
72501 ms [UE 30040] UL Throughput = 0.0 Mbps
72501 ms [UE 42234] UL Throughput = 0.0727 Mbps
72599 ms [UE 42234] UL Throughput = 0.0 Mbps
72715 ms [UE 30040] UL Throughput = 0.04869 Mbps
72715 ms [UE 42234] UL Throughput = 0.0 Mbps
72827 ms [UE 30040] UL Throughput = 0.0683 Mbps
72827 ms [UE 42234] UL Throughput = 0.0 Mbps
72830 ms [UE 30040] UL Throughput = 0.0 Mbps
72950 ms [UE 30040] UL Throughput = 0.03259 Mbps
72950 ms [UE 42234] UL Throughput = 0.15218 Mbps
73049 ms [UE 42234] UL Throughput = 0.0 Mbps
73147 ms [UE 30040] UL Throughput = 0.0 Mbps
73147 ms [UE 42234] UL Throughput = 0.03835 Mbps
73151 ms [UE 30040] UL Throughput = 0.11967 Mbps
73151 ms [UE 42234] UL Throughput = 0.0 Mbps
73273 ms [UE 30040] UL Throughput = 0.0851 Mbps
73273 ms [UE 42234] UL Throughput = 0.04017 Mbps
73363 ms [UE 42234] UL Throughput = 0.06834 Mbps
73368 ms [UE 42234] UL Throughput = 0.07576 Mbps
73462 ms [UE 30040] UL Throughput = 0.0 Mbps
73462 ms [UE 42234] UL Throughput = 0.0 Mbps
73551 ms [UE 30040] UL Throughput = 0.03927 Mbps
73551 ms [UE 42234] UL Throughput = 0.0 Mbps
73656 ms [UE 30040] UL Throughput = 0.02665 Mbps
73656 ms [UE 42234] UL Throughput = 0.0 Mbps
73745 ms [UE 30040] UL Throughput = 0.0 Mbps
73745 ms [UE 42234] UL Throughput = 0.0 Mbps
73855 ms [UE 30040] UL Throughput = 0.0 Mbps
73855 ms [UE 42234] UL Throughput = 0.0 Mbps
73947 ms [UE 30040] UL Throughput = 0.07612 Mbps
73947 ms [UE 42234] UL Throughput = 0.0 Mbps
73951 ms [UE 30040] UL Throughput = 0.0 Mbps
74043 ms [UE 30040] UL Throughput = 0.0 Mbps
74043 ms [UE 42234] UL Throughput = 0.09658 Mbps
74111 ms [UE 30040] UL Throughput = 0.08612 Mbps
74111 ms [UE 42234] UL Throughput = 0.0 Mbps
74210 ms [UE 42234] UL Throughput = 0.0253 Mbps
74308 ms [UE 30040] UL Throughput = 0.02232 Mbps
74428 ms [UE 30040] UL Throughput = 0.07838 Mbps
74428 ms [UE 42234] UL Throughput = 0.02735 Mbps
74516 ms [UE 30040] UL Throughput = 0.0 Mbps
74516 ms [UE 42234] UL Throughput = 0.0 Mbps
74628 ms [UE 30040] UL Throughput = 0.01135 Mbps
74628 ms [UE 42234] UL Throughput = 0.0 Mbps
74720 ms [UE 42234] UL Throughput = 0.03367 Mbps
74724 ms [UE 30040] UL Throughput = 0.06319 Mbps
74724 ms [UE 42234] UL Throughput = 0.01982 Mbps
74816 ms [UE 42234] UL Throughput = 0.0 Mbps
74897 ms [UE 30040] UL Throughput = 0.15636 Mbps
74900 ms [UE 30040] UL Throughput = 0.0255 Mbps
74900 ms [UE 42234] UL Throughput = 0.0 Mbps
75023 ms [UE 30040] UL Throughput = 0.02918 Mbps
75023 ms [UE 42234] UL Throughput = 0.05948 Mbps
75127 ms [UE 30040] UL Throughput = 0.08269 Mbps
75127 ms [UE 42234] UL Throughput = 0.05942 Mbps
75259 ms [UE 30040] UL Throughput = 0.0 Mbps
75259 ms [UE 42234] UL Throughput = 0.02871 Mbps
75376 ms [UE 30040] UL Throughput = 0.0 Mbps
75376 ms [UE 42234] UL Throughput = 0.08154 Mbps
75470 ms [UE 30040] UL Throughput = 0.0 Mbps
75470 ms [UE 42234] UL Throughput = 0.0 Mbps
75569 ms [UE 30040] UL Throughput = 0.0 Mbps
75569 ms [UE 42234] UL Throughput = 0.0 Mbps
75668 ms [UE 30040] UL Throughput = 0.0 Mbps
75668 ms [UE 42234] UL Throughput = 0.03194 Mbps
75673 ms [UE 30040] UL Throughput = 0.01227 Mbps
75673 ms [UE 42234] UL Throughput = 0.0 Mbps
75674 ms [UE 30040] UL Throughput = 0.01946 Mbps
75674 ms [UE 42234] UL Throughput = 0.15088 Mbps
75765 ms [UE 30040] UL Throughput = 0.0 Mbps
75765 ms [UE 42234] UL Throughput = 0.08088 Mbps
75847 ms [UE 30040] UL Throughput = 0.0 Mbps
75847 ms [UE 42234] UL Throughput = 0.06451 Mbps
75968 ms [UE 30040] UL Throughput = 0.0 Mbps
75968 ms [UE 42234] UL Throughput = 0.04527 Mbps
75969 ms [UE 30040] UL Throughput = 0.0 Mbps
75969 ms [UE 42234] UL Throughput = 0.01947 Mbps
76107 ms [UE 30040] UL Throughput = 0.01862 Mbps
76107 ms [UE 42234] UL Throughput = 0.02107 Mbps
76209 ms [UE 30040] UL Throughput = 0.04481 Mbps
76209 ms [UE 42234] UL Throughput = 0.06503 Mbps
76212 ms [UE 30040] UL Throughput = 0.07827 Mbps
76212 ms [UE 42234] UL Throughput = 0.08386 Mbps
76307 ms [UE 30040] UL Throughput = 0.04401 Mbps
76307 ms [UE 42234] UL Throughput = 0.08805 Mbps
76414 ms [UE 30040] UL Throughput = 0.02831 Mbps
76414 ms [UE 42234] UL Throughput = 0.01866 Mbps
76491 ms [UE 30040] UL Throughput = 0.07403 Mbps
76491 ms [UE 42234] UL Throughput = 0.0 Mbps
76592 ms [UE 42234] UL Throughput = 0.03564 Mbps
76686 ms [UE 30040] UL Throughput = 0.04094 Mbps
76686 ms [UE 42234] UL Throughput = 0.0 Mbps
76687 ms [UE 30040] UL Throughput = 0.09511 Mbps
76687 ms [UE 42234] UL Throughput = 0.0 Mbps
76791 ms [UE 30040] UL Throughput = 0.0 Mbps
76791 ms [UE 42234] UL Throughput = 0.01563 Mbps
76865 ms [UE 42234] UL Throughput = 0.0 Mbps
76966 ms [UE 42234] UL Throughput = 0.0 Mbps
77055 ms [UE 30040] UL Throughput = 0.0 Mbps
77055 ms [UE 42234] UL Throughput = 0.0 Mbps
77144 ms [UE 30040] UL Throughput = 0.0 Mbps
77276 ms [UE 30040] UL Throughput = 0.06236 Mbps
77375 ms [UE 30040] UL Throughput = 0.01802 Mbps
77375 ms [UE 42234] UL Throughput = 0.07029 Mbps
77377 ms [UE 30040] UL Throughput = 0.0 Mbps
77377 ms [UE 42234] UL Throughput = 0.0 Mbps
77448 ms [UE 30040] UL Throughput = 0.0 Mbps
77563 ms [UE 30040] UL Throughput = 0.04524 Mbps
77647 ms [UE 30040] UL Throughput = 0.05768 Mbps
77647 ms [UE 42234] UL Throughput = 0.05601 Mbps
77719 ms [UE 30040] UL Throughput = 0.0 Mbps
77800 ms [UE 42234] UL Throughput = 0.0 Mbps
77903 ms [UE 30040] UL Throughput = 0.07826 Mbps
77903 ms [UE 42234] UL Throughput = 0.09087 Mbps
77906 ms [UE 30040] UL Throughput = 0.0 Mbps
77906 ms [UE 42234] UL Throughput = 0.02287 Mbps
77911 ms [UE 30040] UL Throughput = 0.0655 Mbps
77911 ms [UE 42234] UL Throughput = 0.0487 Mbps
78038 ms [UE 30040] UL Throughput = 0.0 Mbps
78038 ms [UE 42234] UL Throughput = 0.0 Mbps
78131 ms [UE 42234] UL Throughput = 0.0 Mbps
78223 ms [UE 30040] UL Throughput = 0.07311 Mbps
78223 ms [UE 42234] UL Throughput = 0.06501 Mbps
78308 ms [UE 30040] UL Throughput = 0.0 Mbps
78308 ms [UE 42234] UL Throughput = 0.02988 Mbps
78311 ms [UE 30040] UL Throughput = 0.09331 Mbps
78386 ms [UE 30040] UL Throughput = 0.09097 Mbps
78386 ms [UE 42234] UL Throughput = 0.0671 Mbps
78451 ms [UE 30040] UL Throughput = 0.0 Mbps
78451 ms [UE 42234] UL Throughput = 0.0 Mbps
78549 ms [UE 30040] UL Throughput = 0.0 Mbps
78549 ms [UE 42234] UL Throughput = 0.04818 Mbps
78653 ms [UE 30040] UL Throughput = 0.0406 Mbps
78653 ms [UE 42234] UL Throughput = 0.06016 Mbps
78769 ms [UE 42234] UL Throughput = 0.01894 Mbps
78838 ms [UE 30040] UL Throughput = 0.0 Mbps
78838 ms [UE 42234] UL Throughput = 0.0 Mbps
78934 ms [UE 30040] UL Throughput = 0.09495 Mbps
78934 ms [UE 42234] UL Throughput = 0.0 Mbps
79032 ms [UE 30040] UL Throughput = 0.0 Mbps
79032 ms [UE 42234] UL Throughput = 0.0 Mbps
79147 ms [UE 30040] UL Throughput = 0.0 Mbps
79147 ms [UE 42234] UL Throughput = 0.0 Mbps
79239 ms [UE 30040] UL Throughput = 0.0 Mbps
79239 ms [UE 42234] UL Throughput = 0.0 Mbps
79244 ms [UE 30040] UL Throughput = 0.03373 Mbps
79244 ms [UE 42234] UL Throughput = 0.09006 Mbps
79249 ms [UE 42234] UL Throughput = 0.08217 Mbps
79341 ms [UE 30040] UL Throughput = 0.0 Mbps
79341 ms [UE 42234] UL Throughput = 0.0 Mbps
79440 ms [UE 30040] UL Throughput = 0.05893 Mbps
79440 ms [UE 42234] UL Throughput = 0.0 Mbps
79551 ms [UE 30040] UL Throughput = 0.09179 Mbps
79551 ms [UE 42234] UL Throughput = 0.09562 Mbps
79553 ms [UE 30040] UL Throughput = 0.0 Mbps
79553 ms [UE 42234] UL Throughput = 0.0 Mbps
79655 ms [UE 30040] UL Throughput = 0.07275 Mbps
79655 ms [UE 42234] UL Throughput = 0.0 Mbps
79658 ms [UE 30040] UL Throughput = 0.0 Mbps
79658 ms [UE 42234] UL Throughput = 0.05318 Mbps
79738 ms [UE 30040] UL Throughput = 0.0 Mbps
79738 ms [UE 42234] UL Throughput = 0.04971 Mbps
79850 ms [UE 30040] UL Throughput = 0.04447 Mbps
79850 ms [UE 42234] UL Throughput = 0.04784 Mbps
79965 ms [UE 30040] UL Throughput = 0.0 Mbps
79965 ms [UE 42234] UL Throughput = 0.0 Mbps
80082 ms [UE 30040] UL Throughput = 0.02309 Mbps
80082 ms [UE 42234] UL Throughput = 0.04602 Mbps
80087 ms [UE 30040] UL Throughput = 0.05182 Mbps
80087 ms [UE 42234] UL Throughput = 0.0 Mbps
80197 ms [UE 30040] UL Throughput = 0.05796 Mbps
80197 ms [UE 42234] UL Throughput = 0.0 Mbps
80294 ms [UE 42234] UL Throughput = 0.0 Mbps
80407 ms [UE 30040] UL Throughput = 0.0 Mbps
80407 ms [UE 42234] UL Throughput = 0.0 Mbps
80490 ms [UE 30040] UL Throughput = 0.06684 Mbps
80490 ms [UE 42234] UL Throughput = 0.0 Mbps
80580 ms [UE 30040] UL Throughput = 0.09846 Mbps
80580 ms [UE 42234] UL Throughput = 0.04724 Mbps
80584 ms [UE 30040] UL Throughput = 0.08122 Mbps
80584 ms [UE 42234] UL Throughput = 0.08274 Mbps
80587 ms [UE 30040] UL Throughput = 0.05013 Mbps
80688 ms [UE 30040] UL Throughput = 0.06295 Mbps
80688 ms [UE 42234] UL Throughput = 0.0 Mbps
80766 ms [UE 30040] UL Throughput = 0.0 Mbps
80851 ms [UE 30040] UL Throughput = 0.0 Mbps
80851 ms [UE 42234] UL Throughput = 0.02288 Mbps
80857 ms [UE 30040] UL Throughput = 0.0 Mbps
80857 ms [UE 42234] UL Throughput = 0.0 Mbps
80943 ms [UE 30040] UL Throughput = 0.0 Mbps
80943 ms [UE 42234] UL Throughput = 0.0 Mbps
80944 ms [UE 30040] UL Throughput = 0.09753 Mbps
80944 ms [UE 42234] UL Throughput = 0.09395 Mbps
81046 ms [UE 30040] UL Throughput = 0.0 Mbps
81046 ms [UE 42234] UL Throughput = 0.0 Mbps
81162 ms [UE 30040] UL Throughput = 0.0 Mbps
81162 ms [UE 42234] UL Throughput = 0.0 Mbps
81165 ms [UE 42234] UL Throughput = 0.0 Mbps
81270 ms [UE 30040] UL Throughput = 0.0 Mbps
81270 ms [UE 42234] UL Throughput = 0.02743 Mbps
81275 ms [UE 30040] UL Throughput = 0.0 Mbps
81275 ms [UE 42234] UL Throughput = 0.02549 Mbps
81343 ms [UE 30040] UL Throughput = 0.04954 Mbps
81343 ms [UE 42234] UL Throughput = 0.0 Mbps
81344 ms [UE 30040] UL Throughput = 0.03802 Mbps
81344 ms [UE 42234] UL Throughput = 0.11509 Mbps
81438 ms [UE 30040] UL Throughput = 0.03488 Mbps
81543 ms [UE 30040] UL Throughput = 0.07071 Mbps
81543 ms [UE 42234] UL Throughput = 0.08892 Mbps
81660 ms [UE 30040] UL Throughput = 0.0 Mbps
81660 ms [UE 42234] UL Throughput = 0.06137 Mbps
81765 ms [UE 30040] UL Throughput = 0.06023 Mbps
81769 ms [UE 30040] UL Throughput = 0.09736 Mbps
81769 ms [UE 42234] UL Throughput = 0.01962 Mbps
81774 ms [UE 30040] UL Throughput = 0.0 Mbps
81774 ms [UE 42234] UL Throughput = 0.0 Mbps
81879 ms [UE 30040] UL Throughput = 0.06288 Mbps
81879 ms [UE 42234] UL Throughput = 0.1269 Mbps
81993 ms [UE 30040] UL Throughput = 0.08461 Mbps
81993 ms [UE 42234] UL Throughput = 0.0289 Mbps
81994 ms [UE 42234] UL Throughput = 0.0 Mbps
82083 ms [UE 30040] UL Throughput = 0.01937 Mbps
82083 ms [UE 42234] UL Throughput = 0.14256 Mbps
82086 ms [UE 30040] UL Throughput = 0.08617 Mbps
82086 ms [UE 42234] UL Throughput = 0.0 Mbps
82189 ms [UE 30040] UL Throughput = 0.03052 Mbps
82189 ms [UE 42234] UL Throughput = 0.0 Mbps
82299 ms [UE 30040] UL Throughput = 0.08635 Mbps
82299 ms [UE 42234] UL Throughput = 0.03906 Mbps
82414 ms [UE 30040] UL Throughput = 0.02658 Mbps
82414 ms [UE 42234] UL Throughput = 0.0 Mbps
82507 ms [UE 30040] UL Throughput = 0.0881 Mbps
82507 ms [UE 42234] UL Throughput = 0.03447 Mbps
82617 ms [UE 30040] UL Throughput = 0.0 Mbps
82617 ms [UE 42234] UL Throughput = 0.08863 Mbps
82694 ms [UE 30040] UL Throughput = 0.0 Mbps
82694 ms [UE 42234] UL Throughput = 0.07182 Mbps
82804 ms [UE 30040] UL Throughput = 0.02308 Mbps
82804 ms [UE 42234] UL Throughput = 0.04278 Mbps
82807 ms [UE 30040] UL Throughput = 0.0 Mbps
82807 ms [UE 42234] UL Throughput = 0.07964 Mbps
82809 ms [UE 42234] UL Throughput = 0.0351 Mbps
82894 ms [UE 30040] UL Throughput = 0.0 Mbps
82894 ms [UE 42234] UL Throughput = 0.0 Mbps
82972 ms [UE 30040] UL Throughput = 0.0 Mbps
82972 ms [UE 42234] UL Throughput = 0.0 Mbps
83086 ms [UE 30040] UL Throughput = 0.02551 Mbps
83086 ms [UE 42234] UL Throughput = 0.0125 Mbps
83177 ms [UE 30040] UL Throughput = 0.0 Mbps
83177 ms [UE 42234] UL Throughput = 0.09022 Mbps
83266 ms [UE 30040] UL Throughput = 0.0 Mbps
83266 ms [UE 42234] UL Throughput = 0.0 Mbps
83374 ms [UE 30040] UL Throughput = 0.0 Mbps
83374 ms [UE 42234] UL Throughput = 0.0 Mbps
83492 ms [UE 30040] UL Throughput = 0.09707 Mbps
83492 ms [UE 42234] UL Throughput = 0.01134 Mbps
83576 ms [UE 30040] UL Throughput = 0.0 Mbps
83576 ms [UE 42234] UL Throughput = 0.0 Mbps
83647 ms [UE 42234] UL Throughput = 0.0554 Mbps
83737 ms [UE 30040] UL Throughput = 0.04464 Mbps
83855 ms [UE 30040] UL Throughput = 0.08922 Mbps
83855 ms [UE 42234] UL Throughput = 0.0992 Mbps
83952 ms [UE 30040] UL Throughput = 0.04586 Mbps
83952 ms [UE 42234] UL Throughput = 0.0 Mbps
84070 ms [UE 30040] UL Throughput = 0.07406 Mbps
84070 ms [UE 42234] UL Throughput = 0.0 Mbps
84178 ms [UE 30040] UL Throughput = 0.0 Mbps
84178 ms [UE 42234] UL Throughput = 0.0 Mbps
84276 ms [UE 30040] UL Throughput = 0.08899 Mbps
84276 ms [UE 42234] UL Throughput = 0.0 Mbps
84365 ms [UE 30040] UL Throughput = 0.02991 Mbps
84365 ms [UE 42234] UL Throughput = 0.0 Mbps
84444 ms [UE 30040] UL Throughput = 0.0 Mbps
84444 ms [UE 42234] UL Throughput = 0.01046 Mbps
84450 ms [UE 42234] UL Throughput = 0.0 Mbps
84543 ms [UE 30040] UL Throughput = 0.0953 Mbps
84543 ms [UE 42234] UL Throughput = 0.0 Mbps
84628 ms [UE 30040] UL Throughput = 0.06049 Mbps
84746 ms [UE 30040] UL Throughput = 0.01059 Mbps
84746 ms [UE 42234] UL Throughput = 0.0 Mbps
84749 ms [UE 30040] UL Throughput = 0.0 Mbps
84749 ms [UE 42234] UL Throughput = 0.0 Mbps
84834 ms [UE 30040] UL Throughput = 0.08643 Mbps
84834 ms [UE 42234] UL Throughput = 0.0 Mbps
84920 ms [UE 30040] UL Throughput = 0.04474 Mbps
84920 ms [UE 42234] UL Throughput = 0.03468 Mbps
84923 ms [UE 42234] UL Throughput = 0.09036 Mbps
85020 ms [UE 30040] UL Throughput = 0.0 Mbps
85020 ms [UE 42234] UL Throughput = 0.0 Mbps
85142 ms [UE 30040] UL Throughput = 0.01888 Mbps
85142 ms [UE 42234] UL Throughput = 0.0 Mbps
85255 ms [UE 30040] UL Throughput = 0.10639 Mbps
85255 ms [UE 42234] UL Throughput = 0.0 Mbps
85361 ms [UE 30040] UL Throughput = 0.0 Mbps
85361 ms [UE 42234] UL Throughput = 0.0 Mbps
85459 ms [UE 30040] UL Throughput = 0.05884 Mbps
85459 ms [UE 42234] UL Throughput = 0.03142 Mbps
85460 ms [UE 30040] UL Throughput = 0.10185 Mbps
85460 ms [UE 42234] UL Throughput = 0.05829 Mbps
85465 ms [UE 30040] UL Throughput = 0.05764 Mbps
85471 ms [UE 30040] UL Throughput = 0.08418 Mbps
85471 ms [UE 42234] UL Throughput = 0.0 Mbps
85555 ms [UE 30040] UL Throughput = 0.0 Mbps
85555 ms [UE 42234] UL Throughput = 0.03914 Mbps
85656 ms [UE 30040] UL Throughput = 0.0 Mbps
85656 ms [UE 42234] UL Throughput = 0.08471 Mbps
85759 ms [UE 30040] UL Throughput = 0.01214 Mbps
85759 ms [UE 42234] UL Throughput = 0.02044 Mbps
85816 ms [UE 30040] UL Throughput = 0.0 Mbps
85816 ms [UE 42234] UL Throughput = 0.05859 Mbps
85915 ms [UE 30040] UL Throughput = 0.0986 Mbps
85915 ms [UE 42234] UL Throughput = 0.11093 Mbps
86003 ms [UE 30040] UL Throughput = 0.06969 Mbps
86003 ms [UE 42234] UL Throughput = 0.08906 Mbps
86114 ms [UE 30040] UL Throughput = 0.07599 Mbps
86114 ms [UE 42234] UL Throughput = 0.0 Mbps
86222 ms [UE 30040] UL Throughput = 0.0651 Mbps
86371 ms [UE 30040] UL Throughput = 0.0 Mbps
86371 ms [UE 42234] UL Throughput = 0.0986 Mbps
86460 ms [UE 30040] UL Throughput = 0.0 Mbps
86464 ms [UE 30040] UL Throughput = 0.026 Mbps
86464 ms [UE 42234] UL Throughput = 0.0 Mbps
86564 ms [UE 30040] UL Throughput = 0.0 Mbps
86564 ms [UE 42234] UL Throughput = 0.06606 Mbps
86672 ms [UE 30040] UL Throughput = 0.01482 Mbps
86672 ms [UE 42234] UL Throughput = 0.0747 Mbps
86782 ms [UE 30040] UL Throughput = 0.09984 Mbps
86782 ms [UE 42234] UL Throughput = 0.0 Mbps
86852 ms [UE 30040] UL Throughput = 0.04056 Mbps
86852 ms [UE 42234] UL Throughput = 0.03424 Mbps
86936 ms [UE 30040] UL Throughput = 0.0 Mbps
86936 ms [UE 42234] UL Throughput = 0.0 Mbps
87058 ms [UE 30040] UL Throughput = 0.0 Mbps
87058 ms [UE 42234] UL Throughput = 0.04219 Mbps
87064 ms [UE 30040] UL Throughput = 0.0 Mbps
87064 ms [UE 42234] UL Throughput = 0.0 Mbps
87204 ms [UE 30040] UL Throughput = 0.0 Mbps
87204 ms [UE 42234] UL Throughput = 0.0 Mbps
87337 ms [UE 30040] UL Throughput = 0.02037 Mbps
87337 ms [UE 42234] UL Throughput = 0.08318 Mbps
87417 ms [UE 30040] UL Throughput = 0.0973 Mbps
87417 ms [UE 42234] UL Throughput = 0.05094 Mbps
87521 ms [UE 30040] UL Throughput = 0.02271 Mbps
87521 ms [UE 42234] UL Throughput = 0.07171 Mbps
87617 ms [UE 30040] UL Throughput = 0.08456 Mbps
87617 ms [UE 42234] UL Throughput = 0.08206 Mbps
87720 ms [UE 30040] UL Throughput = 0.0 Mbps
87720 ms [UE 42234] UL Throughput = 0.0 Mbps
87829 ms [UE 30040] UL Throughput = 0.0 Mbps
87829 ms [UE 42234] UL Throughput = 0.03925 Mbps
87834 ms [UE 30040] UL Throughput = 0.03587 Mbps
87834 ms [UE 42234] UL Throughput = 0.0 Mbps
87958 ms [UE 30040] UL Throughput = 0.0 Mbps
87958 ms [UE 42234] UL Throughput = 0.0 Mbps
88056 ms [UE 30040] UL Throughput = 0.0 Mbps
88056 ms [UE 42234] UL Throughput = 0.16011 Mbps
88178 ms [UE 30040] UL Throughput = 0.08252 Mbps
88178 ms [UE 42234] UL Throughput = 0.05591 Mbps
88262 ms [UE 30040] UL Throughput = 0.08059 Mbps
88262 ms [UE 42234] UL Throughput = 0.0 Mbps
88268 ms [UE 30040] UL Throughput = 0.0 Mbps
88268 ms [UE 42234] UL Throughput = 0.0 Mbps
88365 ms [UE 30040] UL Throughput = 0.01376 Mbps
88477 ms [UE 30040] UL Throughput = 0.0 Mbps
88477 ms [UE 42234] UL Throughput = 0.07956 Mbps
88481 ms [UE 30040] UL Throughput = 0.0 Mbps
88481 ms [UE 42234] UL Throughput = 0.0 Mbps
88606 ms [UE 30040] UL Throughput = 0.02087 Mbps
88606 ms [UE 42234] UL Throughput = 0.0 Mbps
88693 ms [UE 30040] UL Throughput = 0.05253 Mbps
88693 ms [UE 42234] UL Throughput = 0.0 Mbps
88808 ms [UE 30040] UL Throughput = 0.04668 Mbps
88808 ms [UE 42234] UL Throughput = 0.0 Mbps
88907 ms [UE 30040] UL Throughput = 0.04054 Mbps
88907 ms [UE 42234] UL Throughput = 0.0 Mbps
88994 ms [UE 30040] UL Throughput = 0.0 Mbps
88994 ms [UE 42234] UL Throughput = 0.0 Mbps
89080 ms [UE 30040] UL Throughput = 0.0 Mbps
89080 ms [UE 42234] UL Throughput = 0.07587 Mbps
89181 ms [UE 30040] UL Throughput = 0.03987 Mbps
89181 ms [UE 42234] UL Throughput = 0.03366 Mbps
89281 ms [UE 30040] UL Throughput = 0.01068 Mbps
89281 ms [UE 42234] UL Throughput = 0.0672 Mbps
89379 ms [UE 30040] UL Throughput = 0.02261 Mbps
89379 ms [UE 42234] UL Throughput = 0.0 Mbps
89498 ms [UE 30040] UL Throughput = 0.046 Mbps
89498 ms [UE 42234] UL Throughput = 0.0 Mbps
89595 ms [UE 42234] UL Throughput = 0.03034 Mbps
89723 ms [UE 42234] UL Throughput = 0.0131 Mbps
89809 ms [UE 30040] UL Throughput = 0.0 Mbps
89809 ms [UE 42234] UL Throughput = 0.03905 Mbps
89897 ms [UE 30040] UL Throughput = 0.03845 Mbps
89897 ms [UE 42234] UL Throughput = 0.0 Mbps
